[2020-08-05T14:32:11.477-0300] Using Parallel
[2020-08-05T14:32:11.477-0300] Heap address: 0x0000000080000000, size: 2048 MB, Compressed Oops mode: 32-bit
[2020-08-05T14:32:12.192-0300] GC(0) Pause Young (Allocation Failure)
[2020-08-05T14:32:12.200-0300] GC(0) PSYoungGen: 32768K->5113K(37888K)
[2020-08-05T14:32:12.200-0300] GC(0) ParOldGen: 0K->1376K(86016K)
[2020-08-05T14:32:12.200-0300] GC(0) Metaspace: 19327K->19327K(1067008K)
[2020-08-05T14:32:12.200-0300] GC(0) Pause Young (Allocation Failure) 32M->6M(121M) 8.373ms
[2020-08-05T14:32:12.200-0300] GC(0) User=0.02s Sys=0.01s Real=0.01s
[2020-08-05T14:32:12.278-0300] GC(1) Pause Young (Metadata GC Threshold)
[2020-08-05T14:32:12.284-0300] GC(1) PSYoungGen: 8944K->5113K(70656K)
[2020-08-05T14:32:12.285-0300] GC(1) ParOldGen: 1376K->1996K(86016K)
[2020-08-05T14:32:12.285-0300] GC(1) Metaspace: 20706K->20706K(1069056K)
[2020-08-05T14:32:12.285-0300] GC(1) Pause Young (Metadata GC Threshold) 10M->6M(153M) 6.459ms
[2020-08-05T14:32:12.285-0300] GC(1) User=0.01s Sys=0.00s Real=0.01s
[2020-08-05T14:32:12.285-0300] GC(2) Pause Full (Metadata GC Threshold)
[2020-08-05T14:32:12.285-0300] GC(2) Marking Phase
[2020-08-05T14:32:12.295-0300] GC(2) Marking Phase 9.976ms
[2020-08-05T14:32:12.295-0300] GC(2) Summary Phase
[2020-08-05T14:32:12.295-0300] GC(2) Summary Phase 0.009ms
[2020-08-05T14:32:12.295-0300] GC(2) Adjust Roots
[2020-08-05T14:32:12.301-0300] GC(2) Adjust Roots 5.987ms
[2020-08-05T14:32:12.301-0300] GC(2) Compaction Phase
[2020-08-05T14:32:12.313-0300] GC(2) Compaction Phase 12.328ms
[2020-08-05T14:32:12.313-0300] GC(2) Post Compact
[2020-08-05T14:32:12.313-0300] GC(2) Post Compact 0.192ms
[2020-08-05T14:32:12.313-0300] GC(2) PSYoungGen: 5113K->0K(70656K)
[2020-08-05T14:32:12.313-0300] GC(2) ParOldGen: 1996K->7028K(86016K)
[2020-08-05T14:32:12.313-0300] GC(2) Metaspace: 20706K->20706K(1069056K)
[2020-08-05T14:32:12.313-0300] GC(2) Pause Full (Metadata GC Threshold) 6M->6M(153M) 28.641ms
[2020-08-05T14:32:12.313-0300] GC(2) User=0.06s Sys=0.01s Real=0.02s
[2020-08-05T14:32:13.084-0300] GC(3) Pause Young (Allocation Failure)
[2020-08-05T14:32:13.093-0300] GC(3) PSYoungGen: 65536K->5090K(70656K)
[2020-08-05T14:32:13.093-0300] GC(3) ParOldGen: 7028K->10569K(86016K)
[2020-08-05T14:32:13.093-0300] GC(3) Metaspace: 27367K->27367K(1075200K)
[2020-08-05T14:32:13.093-0300] GC(3) Pause Young (Allocation Failure) 70M->15M(153M) 9.692ms
[2020-08-05T14:32:13.093-0300] GC(3) User=0.02s Sys=0.01s Real=0.01s
[2020-08-05T14:32:13.470-0300] GC(4) Pause Young (Metadata GC Threshold)
[2020-08-05T14:32:13.479-0300] GC(4) PSYoungGen: 30808K->5111K(136192K)
[2020-08-05T14:32:13.479-0300] GC(4) ParOldGen: 10569K->13307K(86016K)
[2020-08-05T14:32:13.479-0300] GC(4) Metaspace: 33688K->33688K(1081344K)
[2020-08-05T14:32:13.479-0300] GC(4) Pause Young (Metadata GC Threshold) 40M->17M(217M) 8.774ms
[2020-08-05T14:32:13.479-0300] GC(4) User=0.03s Sys=0.01s Real=0.01s
[2020-08-05T14:32:13.479-0300] GC(5) Pause Full (Metadata GC Threshold)
[2020-08-05T14:32:13.479-0300] GC(5) Marking Phase
[2020-08-05T14:32:13.492-0300] GC(5) Marking Phase 13.285ms
[2020-08-05T14:32:13.492-0300] GC(5) Summary Phase
[2020-08-05T14:32:13.492-0300] GC(5) Summary Phase 0.014ms
[2020-08-05T14:32:13.492-0300] GC(5) Adjust Roots
[2020-08-05T14:32:13.499-0300] GC(5) Adjust Roots 6.751ms
[2020-08-05T14:32:13.499-0300] GC(5) Compaction Phase
[2020-08-05T14:32:13.508-0300] GC(5) Compaction Phase 9.124ms
[2020-08-05T14:32:13.508-0300] GC(5) Post Compact
[2020-08-05T14:32:13.508-0300] GC(5) Post Compact 0.302ms
[2020-08-05T14:32:13.508-0300] GC(5) PSYoungGen: 5111K->0K(136192K)
[2020-08-05T14:32:13.508-0300] GC(5) ParOldGen: 13307K->12844K(86016K)
[2020-08-05T14:32:13.508-0300] GC(5) Metaspace: 33688K->33688K(1081344K)
[2020-08-05T14:32:13.508-0300] GC(5) Pause Full (Metadata GC Threshold) 17M->12M(217M) 29.626ms
[2020-08-05T14:32:13.508-0300] GC(5) User=0.08s Sys=0.00s Real=0.03s
[2020-08-05T14:32:15.011-0300] GC(6) Pause Young (Metadata GC Threshold)
[2020-08-05T14:32:15.029-0300] GC(6) PSYoungGen: 115513K->5116K(136192K)
[2020-08-05T14:32:15.029-0300] GC(6) ParOldGen: 12844K->28845K(86016K)
[2020-08-05T14:32:15.029-0300] GC(6) Metaspace: 55460K->55460K(1101824K)
[2020-08-05T14:32:15.029-0300] GC(6) Pause Young (Metadata GC Threshold) 125M->33M(217M) 18.342ms
[2020-08-05T14:32:15.029-0300] GC(6) User=0.05s Sys=0.01s Real=0.02s
[2020-08-05T14:32:15.029-0300] GC(7) Pause Full (Metadata GC Threshold)
[2020-08-05T14:32:15.029-0300] GC(7) Marking Phase
[2020-08-05T14:32:15.051-0300] GC(7) Marking Phase 22.199ms
[2020-08-05T14:32:15.051-0300] GC(7) Summary Phase
[2020-08-05T14:32:15.051-0300] GC(7) Summary Phase 0.008ms
[2020-08-05T14:32:15.051-0300] GC(7) Adjust Roots
[2020-08-05T14:32:15.069-0300] GC(7) Adjust Roots 18.151ms
[2020-08-05T14:32:15.070-0300] GC(7) Compaction Phase
[2020-08-05T14:32:15.152-0300] GC(7) Compaction Phase 82.453ms
[2020-08-05T14:32:15.152-0300] GC(7) Post Compact
[2020-08-05T14:32:15.152-0300] GC(7) Post Compact 0.231ms
[2020-08-05T14:32:15.152-0300] GC(7) PSYoungGen: 5116K->0K(136192K)
[2020-08-05T14:32:15.152-0300] GC(7) ParOldGen: 28845K->32844K(86016K)
[2020-08-05T14:32:15.152-0300] GC(7) Metaspace: 55460K->55460K(1101824K)
[2020-08-05T14:32:15.152-0300] GC(7) Pause Full (Metadata GC Threshold) 33M->32M(217M) 123.234ms
[2020-08-05T14:32:15.152-0300] GC(7) User=0.39s Sys=0.01s Real=0.12s
[2020-08-05T14:32:18.145-0300] GC(8) Pause Young (Allocation Failure)
[2020-08-05T14:32:18.155-0300] GC(8) PSYoungGen: 131072K->10774K(150016K)
[2020-08-05T14:32:18.155-0300] GC(8) ParOldGen: 32844K->32852K(86016K)
[2020-08-05T14:32:18.155-0300] GC(8) Metaspace: 72266K->72266K(1116160K)
[2020-08-05T14:32:18.155-0300] GC(8) Pause Young (Allocation Failure) 160M->42M(230M) 10.304ms
[2020-08-05T14:32:18.155-0300] GC(8) User=0.03s Sys=0.00s Real=0.01s
[2020-08-05T14:32:18.716-0300] GC(9) Pause Young (Allocation Failure)
[2020-08-05T14:32:18.726-0300] GC(9) PSYoungGen: 142358K->17149K(149504K)
[2020-08-05T14:32:18.726-0300] GC(9) ParOldGen: 32852K->32860K(86016K)
[2020-08-05T14:32:18.726-0300] GC(9) Metaspace: 76554K->76554K(1122304K)
[2020-08-05T14:32:18.726-0300] GC(9) Pause Young (Allocation Failure) 171M->48M(230M) 10.573ms
[2020-08-05T14:32:18.726-0300] GC(9) User=0.03s Sys=0.00s Real=0.01s
[2020-08-05T14:32:19.254-0300] GC(10) Pause Young (Allocation Failure)
[2020-08-05T14:32:19.269-0300] GC(10) PSYoungGen: 148733K->19136K(280576K)
[2020-08-05T14:32:19.269-0300] GC(10) ParOldGen: 32860K->32868K(86016K)
[2020-08-05T14:32:19.269-0300] GC(10) Metaspace: 80801K->80801K(1126400K)
[2020-08-05T14:32:19.269-0300] GC(10) Pause Young (Allocation Failure) 177M->50M(358M) 14.721ms
[2020-08-05T14:32:19.269-0300] GC(10) User=0.02s Sys=0.02s Real=0.01s
[2020-08-05T14:35:34.846-0300] GC(11) Pause Young (Allocation Failure)
[2020-08-05T14:35:34.862-0300] GC(11) PSYoungGen: 279744K->13271K(283136K)
[2020-08-05T14:35:34.862-0300] GC(11) ParOldGen: 32868K->41767K(86016K)
[2020-08-05T14:35:34.862-0300] GC(11) Metaspace: 84275K->84275K(1128448K)
[2020-08-05T14:35:34.862-0300] GC(11) Pause Young (Allocation Failure) 305M->53M(360M) 16.599ms
[2020-08-05T14:35:34.862-0300] GC(11) User=0.04s Sys=0.01s Real=0.01s
[2020-08-05T14:39:14.846-0300] GC(12) Pause Young (Allocation Failure)
[2020-08-05T14:39:14.861-0300] GC(12) PSYoungGen: 273879K->5382K(439296K)
[2020-08-05T14:39:14.861-0300] GC(12) ParOldGen: 41767K->51564K(86016K)
[2020-08-05T14:39:14.861-0300] GC(12) Metaspace: 85151K->85151K(1130496K)
[2020-08-05T14:39:14.861-0300] GC(12) Pause Young (Allocation Failure) 308M->55M(513M) 14.711ms
[2020-08-05T14:39:14.861-0300] GC(12) User=0.04s Sys=0.01s Real=0.01s
[2020-08-05T14:40:31.089-0300] GC(13) Pause Young (Metadata GC Threshold)
[2020-08-05T14:40:31.097-0300] GC(13) PSYoungGen: 215511K->5001K(439296K)
[2020-08-05T14:40:31.097-0300] GC(13) ParOldGen: 51564K->56052K(86016K)
[2020-08-05T14:40:31.097-0300] GC(13) Metaspace: 90388K->90388K(1134592K)
[2020-08-05T14:40:31.097-0300] GC(13) Pause Young (Metadata GC Threshold) 260M->59M(513M) 8.156ms
[2020-08-05T14:40:31.097-0300] GC(13) User=0.03s Sys=0.00s Real=0.01s
[2020-08-05T14:40:31.097-0300] GC(14) Pause Full (Metadata GC Threshold)
[2020-08-05T14:40:31.097-0300] GC(14) Marking Phase
[2020-08-05T14:40:31.145-0300] GC(14) Marking Phase 48.140ms
[2020-08-05T14:40:31.146-0300] GC(14) Summary Phase
[2020-08-05T14:40:31.146-0300] GC(14) Summary Phase 0.012ms
[2020-08-05T14:40:31.146-0300] GC(14) Adjust Roots
[2020-08-05T14:40:31.177-0300] GC(14) Adjust Roots 31.746ms
[2020-08-05T14:40:31.177-0300] GC(14) Compaction Phase
[2020-08-05T14:40:31.276-0300] GC(14) Compaction Phase 98.474ms
[2020-08-05T14:40:31.276-0300] GC(14) Post Compact
[2020-08-05T14:40:31.276-0300] GC(14) Post Compact 0.408ms
[2020-08-05T14:40:31.276-0300] GC(14) PSYoungGen: 5001K->0K(439296K)
[2020-08-05T14:40:31.276-0300] GC(14) ParOldGen: 56052K->57411K(86016K)
[2020-08-05T14:40:31.276-0300] GC(14) Metaspace: 90388K->90388K(1134592K)
[2020-08-05T14:40:31.276-0300] GC(14) Pause Full (Metadata GC Threshold) 59M->56M(513M) 179.047ms
[2020-08-05T14:40:31.276-0300] GC(14) User=0.53s Sys=0.00s Real=0.18s
[2020-08-05T14:42:24.979-0300] GC(15) Pause Young (Allocation Failure)
[2020-08-05T14:42:24.986-0300] GC(15) PSYoungGen: 417280K->8438K(407040K)
[2020-08-05T14:42:24.986-0300] GC(15) ParOldGen: 57411K->57419K(86016K)
[2020-08-05T14:42:24.986-0300] GC(15) Metaspace: 94716K->94716K(1138688K)
[2020-08-05T14:42:24.986-0300] GC(15) Pause Young (Allocation Failure) 463M->64M(481M) 7.041ms
[2020-08-05T14:42:24.986-0300] GC(15) User=0.02s Sys=0.01s Real=0.01s
[2020-08-05T14:47:53.986-0300] GC(16) Pause Young (Allocation Failure)
[2020-08-05T14:47:53.996-0300] GC(16) PSYoungGen: 406774K->4354K(385024K)
[2020-08-05T14:47:53.996-0300] GC(16) ParOldGen: 57419K->65276K(86016K)
[2020-08-05T14:47:53.996-0300] GC(16) Metaspace: 94922K->94922K(1138688K)
[2020-08-05T14:47:53.996-0300] GC(16) Pause Young (Allocation Failure) 453M->67M(460M) 9.769ms
[2020-08-05T14:47:53.996-0300] GC(16) User=0.02s Sys=0.00s Real=0.01s
[2020-08-05T14:53:07.929-0300] GC(17) Pause Young (Allocation Failure)
[2020-08-05T14:53:07.934-0300] GC(17) PSYoungGen: 384770K->4338K(367616K)
[2020-08-05T14:53:07.934-0300] GC(17) ParOldGen: 65276K->68529K(86016K)
[2020-08-05T14:53:07.934-0300] GC(17) Metaspace: 95209K->95209K(1138688K)
[2020-08-05T14:53:07.934-0300] GC(17) Pause Young (Allocation Failure) 439M->71M(443M) 5.741ms
[2020-08-05T14:53:07.934-0300] GC(17) User=0.02s Sys=0.00s Real=0.01s
[2020-08-05T14:58:05.555-0300] GC(18) Pause Young (Allocation Failure)
[2020-08-05T14:58:05.562-0300] GC(18) PSYoungGen: 367346K->4145K(351232K)
[2020-08-05T14:58:05.563-0300] GC(18) ParOldGen: 68529K->71726K(86016K)
[2020-08-05T14:58:05.563-0300] GC(18) Metaspace: 95424K->95424K(1138688K)
[2020-08-05T14:58:05.563-0300] GC(18) Pause Young (Allocation Failure) 425M->74M(427M) 7.379ms
[2020-08-05T14:58:05.563-0300] GC(18) User=0.02s Sys=0.00s Real=0.00s
[2020-08-05T15:02:28.858-0300] GC(19) Pause Young (Allocation Failure)
[2020-08-05T15:02:28.863-0300] GC(19) PSYoungGen: 350769K->4633K(336384K)
[2020-08-05T15:02:28.863-0300] GC(19) ParOldGen: 71726K->74875K(86016K)
[2020-08-05T15:02:28.863-0300] GC(19) Metaspace: 95801K->95801K(1140736K)
[2020-08-05T15:02:28.863-0300] GC(19) Pause Young (Allocation Failure) 412M->77M(412M) 5.651ms
[2020-08-05T15:02:28.864-0300] GC(19) User=0.02s Sys=0.00s Real=0.00s
[2020-08-05T15:02:28.864-0300] GC(20) Pause Full (Ergonomics)
[2020-08-05T15:02:28.864-0300] GC(20) Marking Phase
[2020-08-05T15:02:28.918-0300] GC(20) Marking Phase 54.443ms
[2020-08-05T15:02:28.918-0300] GC(20) Summary Phase
[2020-08-05T15:02:28.918-0300] GC(20) Summary Phase 0.013ms
[2020-08-05T15:02:28.918-0300] GC(20) Adjust Roots
[2020-08-05T15:02:28.939-0300] GC(20) Adjust Roots 21.244ms
[2020-08-05T15:02:28.939-0300] GC(20) Compaction Phase
[2020-08-05T15:02:28.969-0300] GC(20) Compaction Phase 29.812ms
[2020-08-05T15:02:28.969-0300] GC(20) Post Compact
[2020-08-05T15:02:28.970-0300] GC(20) Post Compact 0.367ms
[2020-08-05T15:02:28.970-0300] GC(20) PSYoungGen: 4633K->0K(316928K)
[2020-08-05T15:02:28.970-0300] GC(20) ParOldGen: 74875K->65033K(110080K)
[2020-08-05T15:02:28.970-0300] GC(20) Metaspace: 95801K->95801K(1140736K)
[2020-08-05T15:02:28.970-0300] GC(20) Pause Full (Ergonomics) 77M->63M(417M) 106.467ms
[2020-08-05T15:02:28.970-0300] GC(20) User=0.33s Sys=0.00s Real=0.11s
[2020-08-05T15:06:07.822-0300] GC(21) Pause Young (Allocation Failure)
[2020-08-05T15:06:07.826-0300] GC(21) PSYoungGen: 316416K->3523K(305664K)
[2020-08-05T15:06:07.826-0300] GC(21) ParOldGen: 65033K->65033K(110080K)
[2020-08-05T15:06:07.826-0300] GC(21) Metaspace: 96169K->96169K(1140736K)
[2020-08-05T15:06:07.826-0300] GC(21) Pause Young (Allocation Failure) 372M->66M(406M) 3.997ms
[2020-08-05T15:06:07.826-0300] GC(21) User=0.01s Sys=0.00s Real=0.01s
[2020-08-05T15:10:18.425-0300] GC(22) Pause Young (Allocation Failure)
[2020-08-05T15:10:18.430-0300] GC(22) PSYoungGen: 305603K->3422K(292352K)
[2020-08-05T15:10:18.430-0300] GC(22) ParOldGen: 65033K->67995K(110080K)
[2020-08-05T15:10:18.430-0300] GC(22) Metaspace: 96262K->96262K(1140736K)
[2020-08-05T15:10:18.430-0300] GC(22) Pause Young (Allocation Failure) 361M->69M(393M) 5.211ms
[2020-08-05T15:10:18.431-0300] GC(22) User=0.01s Sys=0.00s Real=0.00s
[2020-08-05T15:14:15.818-0300] GC(23) Pause Young (Allocation Failure)
[2020-08-05T15:14:15.823-0300] GC(23) PSYoungGen: 292190K->3197K(279552K)
[2020-08-05T15:14:15.823-0300] GC(23) ParOldGen: 67995K->70572K(110080K)
[2020-08-05T15:14:15.823-0300] GC(23) Metaspace: 96288K->96288K(1140736K)
[2020-08-05T15:14:15.823-0300] GC(23) Pause Young (Allocation Failure) 351M->72M(380M) 5.131ms
[2020-08-05T15:14:15.823-0300] GC(23) User=0.02s Sys=0.00s Real=0.00s
[2020-08-05T15:18:02.041-0300] GC(24) Pause Young (Allocation Failure)
[2020-08-05T15:18:02.046-0300] GC(24) PSYoungGen: 279165K->3069K(266752K)
[2020-08-05T15:18:02.046-0300] GC(24) ParOldGen: 70572K->72996K(110080K)
[2020-08-05T15:18:02.046-0300] GC(24) Metaspace: 96784K->96784K(1140736K)
[2020-08-05T15:18:02.046-0300] GC(24) Pause Young (Allocation Failure) 341M->74M(368M) 4.770ms
[2020-08-05T15:18:02.046-0300] GC(24) User=0.02s Sys=0.00s Real=0.01s
[2020-08-05T15:21:37.636-0300] GC(25) Pause Young (Allocation Failure)
[2020-08-05T15:21:37.641-0300] GC(25) PSYoungGen: 266749K->2860K(255488K)
[2020-08-05T15:21:37.641-0300] GC(25) ParOldGen: 72996K->75332K(110080K)
[2020-08-05T15:21:37.641-0300] GC(25) Metaspace: 96808K->96808K(1140736K)
[2020-08-05T15:21:37.641-0300] GC(25) Pause Young (Allocation Failure) 331M->76M(357M) 4.824ms
[2020-08-05T15:21:37.641-0300] GC(25) User=0.01s Sys=0.00s Real=0.00s
[2020-08-05T15:24:39.018-0300] GC(26) Pause Young (Allocation Failure)
[2020-08-05T15:24:39.023-0300] GC(26) PSYoungGen: 255276K->2651K(244736K)
[2020-08-05T15:24:39.023-0300] GC(26) ParOldGen: 75332K->77619K(110080K)
[2020-08-05T15:24:39.023-0300] GC(26) Metaspace: 96868K->96868K(1140736K)
[2020-08-05T15:24:39.023-0300] GC(26) Pause Young (Allocation Failure) 322M->78M(346M) 5.092ms
[2020-08-05T15:24:39.023-0300] GC(26) User=0.00s Sys=0.01s Real=0.00s
[2020-08-05T15:27:43.282-0300] GC(27) Pause Young (Allocation Failure)
[2020-08-05T15:27:43.286-0300] GC(27) PSYoungGen: 244315K->2842K(234496K)
[2020-08-05T15:27:43.286-0300] GC(27) ParOldGen: 77619K->79624K(110080K)
[2020-08-05T15:27:43.286-0300] GC(27) Metaspace: 96965K->96965K(1140736K)
[2020-08-05T15:27:43.287-0300] GC(27) Pause Young (Allocation Failure) 314M->80M(336M) 4.733ms
[2020-08-05T15:27:43.287-0300] GC(27) User=0.01s Sys=0.00s Real=0.01s
[2020-08-05T15:30:43.249-0300] GC(28) Pause Young (Allocation Failure)
[2020-08-05T15:30:43.254-0300] GC(28) PSYoungGen: 234266K->2346K(224256K)
[2020-08-05T15:30:43.254-0300] GC(28) ParOldGen: 79624K->81669K(110080K)
[2020-08-05T15:30:43.254-0300] GC(28) Metaspace: 97002K->97002K(1140736K)
[2020-08-05T15:30:43.254-0300] GC(28) Pause Young (Allocation Failure) 306M->82M(326M) 5.205ms
[2020-08-05T15:30:43.255-0300] GC(28) User=0.01s Sys=0.00s Real=0.01s
[2020-08-05T15:33:44.041-0300] GC(29) Pause Young (Allocation Failure)
[2020-08-05T15:33:44.047-0300] GC(29) PSYoungGen: 224042K->3481K(216064K)
[2020-08-05T15:33:44.047-0300] GC(29) ParOldGen: 81669K->83506K(110080K)
[2020-08-05T15:33:44.047-0300] GC(29) Metaspace: 97032K->97032K(1140736K)
[2020-08-05T15:33:44.047-0300] GC(29) Pause Young (Allocation Failure) 298M->84M(318M) 5.345ms
[2020-08-05T15:33:44.047-0300] GC(29) User=0.02s Sys=0.00s Real=0.01s
[2020-08-05T15:35:41.316-0300] GC(30) Pause Young (Allocation Failure)
[2020-08-05T15:35:41.324-0300] GC(30) PSYoungGen: 215961K->2902K(206848K)
[2020-08-05T15:35:41.324-0300] GC(30) ParOldGen: 83506K->86229K(110080K)
[2020-08-05T15:35:41.324-0300] GC(30) Metaspace: 97752K->97752K(1142784K)
[2020-08-05T15:35:41.324-0300] GC(30) Pause Young (Allocation Failure) 292M->87M(309M) 7.996ms
[2020-08-05T15:35:41.324-0300] GC(30) User=0.02s Sys=0.00s Real=0.01s
[2020-08-05T15:38:29.846-0300] GC(31) Pause Young (Allocation Failure)
[2020-08-05T15:38:29.851-0300] GC(31) PSYoungGen: 206678K->2393K(197632K)
[2020-08-05T15:38:29.851-0300] GC(31) ParOldGen: 86229K->88636K(110080K)
[2020-08-05T15:38:29.851-0300] GC(31) Metaspace: 97797K->97797K(1142784K)
[2020-08-05T15:38:29.851-0300] GC(31) Pause Young (Allocation Failure) 286M->88M(300M) 5.767ms
[2020-08-05T15:38:29.851-0300] GC(31) User=0.02s Sys=0.00s Real=0.00s
[2020-08-05T15:41:05.140-0300] GC(32) Pause Young (Allocation Failure)
[2020-08-05T15:41:05.147-0300] GC(32) PSYoungGen: 197465K->2168K(189440K)
[2020-08-05T15:41:05.147-0300] GC(32) ParOldGen: 88636K->90432K(110080K)
[2020-08-05T15:41:05.147-0300] GC(32) Metaspace: 97797K->97797K(1142784K)
[2020-08-05T15:41:05.147-0300] GC(32) Pause Young (Allocation Failure) 279M->90M(292M) 7.795ms
[2020-08-05T15:41:05.148-0300] GC(32) User=0.02s Sys=0.00s Real=0.01s
[2020-08-05T15:43:38.942-0300] GC(33) Pause Young (Allocation Failure)
[2020-08-05T15:43:38.948-0300] GC(33) PSYoungGen: 189048K->2297K(181760K)
[2020-08-05T15:43:38.948-0300] GC(33) ParOldGen: 90432K->92123K(110080K)
[2020-08-05T15:43:38.948-0300] GC(33) Metaspace: 97809K->97809K(1142784K)
[2020-08-05T15:43:38.948-0300] GC(33) Pause Young (Allocation Failure) 272M->92M(285M) 5.918ms
[2020-08-05T15:43:38.948-0300] GC(33) User=0.01s Sys=0.00s Real=0.01s
[2020-08-05T15:46:07.335-0300] GC(34) Pause Young (Allocation Failure)
[2020-08-05T15:46:07.338-0300] GC(34) PSYoungGen: 181497K->1975K(174080K)
[2020-08-05T15:46:07.338-0300] GC(34) ParOldGen: 92123K->93790K(110080K)
[2020-08-05T15:46:07.338-0300] GC(34) Metaspace: 97817K->97817K(1142784K)
[2020-08-05T15:46:07.339-0300] GC(34) Pause Young (Allocation Failure) 267M->93M(277M) 3.674ms
[2020-08-05T15:46:07.339-0300] GC(34) User=0.01s Sys=0.00s Real=0.00s
[2020-08-05T15:48:20.431-0300] GC(35) Pause Young (Allocation Failure)
[2020-08-05T15:48:20.435-0300] GC(35) PSYoungGen: 173999K->3841K(168960K)
[2020-08-05T15:48:20.435-0300] GC(35) ParOldGen: 93790K->93790K(110080K)
[2020-08-05T15:48:20.435-0300] GC(35) Metaspace: 97829K->97829K(1142784K)
[2020-08-05T15:48:20.435-0300] GC(35) Pause Young (Allocation Failure) 261M->95M(272M) 4.392ms
[2020-08-05T15:48:20.435-0300] GC(35) User=0.01s Sys=0.00s Real=0.01s
[2020-08-05T15:50:38.534-0300] GC(36) Pause Young (Allocation Failure)
[2020-08-05T15:50:38.538-0300] GC(36) PSYoungGen: 168705K->3922K(162304K)
[2020-08-05T15:50:38.538-0300] GC(36) ParOldGen: 93790K->93790K(110080K)
[2020-08-05T15:50:38.538-0300] GC(36) Metaspace: 97829K->97829K(1142784K)
[2020-08-05T15:50:38.538-0300] GC(36) Pause Young (Allocation Failure) 256M->95M(266M) 4.155ms
[2020-08-05T15:50:38.538-0300] GC(36) User=0.01s Sys=0.00s Real=0.01s
[2020-08-05T15:52:45.988-0300] GC(37) Pause Young (Allocation Failure)
[2020-08-05T15:52:45.993-0300] GC(37) PSYoungGen: 162130K->4369K(156672K)
[2020-08-05T15:52:45.994-0300] GC(37) ParOldGen: 93790K->93798K(110080K)
[2020-08-05T15:52:45.994-0300] GC(37) Metaspace: 97836K->97836K(1142784K)
[2020-08-05T15:52:45.994-0300] GC(37) Pause Young (Allocation Failure) 249M->95M(260M) 5.508ms
[2020-08-05T15:52:45.994-0300] GC(37) User=0.01s Sys=0.00s Real=0.00s
[2020-08-05T15:54:53.986-0300] GC(38) Pause Young (Allocation Failure)
[2020-08-05T15:54:53.992-0300] GC(38) PSYoungGen: 156433K->4161K(150528K)
[2020-08-05T15:54:53.992-0300] GC(38) ParOldGen: 93798K->93798K(110080K)
[2020-08-05T15:54:53.992-0300] GC(38) Metaspace: 97845K->97845K(1142784K)
[2020-08-05T15:54:53.992-0300] GC(38) Pause Young (Allocation Failure) 244M->95M(254M) 6.333ms
[2020-08-05T15:54:53.992-0300] GC(38) User=0.00s Sys=0.00s Real=0.00s
[2020-08-05T15:56:51.981-0300] GC(39) Pause Young (Allocation Failure)
[2020-08-05T15:56:51.987-0300] GC(39) PSYoungGen: 150081K->4368K(144896K)
[2020-08-05T15:56:51.987-0300] GC(39) ParOldGen: 93798K->93798K(110080K)
[2020-08-05T15:56:51.987-0300] GC(39) Metaspace: 97845K->97845K(1142784K)
[2020-08-05T15:56:51.987-0300] GC(39) Pause Young (Allocation Failure) 238M->95M(249M) 5.514ms
[2020-08-05T15:56:51.987-0300] GC(39) User=0.01s Sys=0.00s Real=0.01s
[2020-08-05T15:58:47.433-0300] GC(40) Pause Young (Allocation Failure)
[2020-08-05T15:58:47.438-0300] GC(40) PSYoungGen: 144656K->4689K(139776K)
[2020-08-05T15:58:47.438-0300] GC(40) ParOldGen: 93798K->93798K(110080K)
[2020-08-05T15:58:47.438-0300] GC(40) Metaspace: 97905K->97905K(1142784K)
[2020-08-05T15:58:47.438-0300] GC(40) Pause Young (Allocation Failure) 232M->96M(244M) 5.702ms
[2020-08-05T15:58:47.438-0300] GC(40) User=0.01s Sys=0.00s Real=0.01s
[2020-08-05T16:00:34.850-0300] GC(41) Pause Young (Allocation Failure)
[2020-08-05T16:00:34.854-0300] GC(41) PSYoungGen: 139345K->4597K(134144K)
[2020-08-05T16:00:34.854-0300] GC(41) ParOldGen: 93798K->93798K(110080K)
[2020-08-05T16:00:34.854-0300] GC(41) Metaspace: 97911K->97911K(1142784K)
[2020-08-05T16:00:34.854-0300] GC(41) Pause Young (Allocation Failure) 227M->96M(238M) 4.684ms
[2020-08-05T16:00:34.854-0300] GC(41) User=0.01s Sys=0.00s Real=0.01s
[2020-08-05T16:01:46.288-0300] GC(42) Pause Young (Allocation Failure)
[2020-08-05T16:01:46.293-0300] GC(42) PSYoungGen: 134068K->5605K(130048K)
[2020-08-05T16:01:46.293-0300] GC(42) ParOldGen: 93798K->93798K(110080K)
[2020-08-05T16:01:46.293-0300] GC(42) Metaspace: 97962K->97962K(1142784K)
[2020-08-05T16:01:46.293-0300] GC(42) Pause Young (Allocation Failure) 222M->97M(234M) 5.033ms
[2020-08-05T16:01:46.293-0300] GC(42) User=0.01s Sys=0.00s Real=0.00s
[2020-08-05T16:02:07.382-0300] GC(43) Pause Young (Allocation Failure)
[2020-08-05T16:02:07.386-0300] GC(43) PSYoungGen: 130021K->5282K(125440K)
[2020-08-05T16:02:07.386-0300] GC(43) ParOldGen: 93798K->93798K(110080K)
[2020-08-05T16:02:07.386-0300] GC(43) Metaspace: 98145K->98145K(1142784K)
[2020-08-05T16:02:07.386-0300] GC(43) Pause Young (Allocation Failure) 218M->96M(230M) 3.940ms
[2020-08-05T16:02:07.386-0300] GC(43) User=0.01s Sys=0.00s Real=0.01s
[2020-08-05T16:02:28.970-0300] GC(44) Pause Young (System.gc())
[2020-08-05T16:02:28.974-0300] GC(44) PSYoungGen: 33584K->5232K(125440K)
[2020-08-05T16:02:28.974-0300] GC(44) ParOldGen: 93798K->94110K(110080K)
[2020-08-05T16:02:28.974-0300] GC(44) Metaspace: 98158K->98158K(1142784K)
[2020-08-05T16:02:28.974-0300] GC(44) Pause Young (System.gc()) 124M->97M(230M) 4.360ms
[2020-08-05T16:02:28.974-0300] GC(44) User=0.01s Sys=0.00s Real=0.01s
[2020-08-05T16:02:28.974-0300] GC(45) Pause Full (System.gc())
[2020-08-05T16:02:28.974-0300] GC(45) Marking Phase
[2020-08-05T16:02:29.022-0300] GC(45) Marking Phase 47.758ms
[2020-08-05T16:02:29.022-0300] GC(45) Summary Phase
[2020-08-05T16:02:29.022-0300] GC(45) Summary Phase 0.010ms
[2020-08-05T16:02:29.022-0300] GC(45) Adjust Roots
[2020-08-05T16:02:29.066-0300] GC(45) Adjust Roots 43.929ms
[2020-08-05T16:02:29.066-0300] GC(45) Compaction Phase
[2020-08-05T16:02:29.173-0300] GC(45) Compaction Phase 106.709ms
[2020-08-05T16:02:29.173-0300] GC(45) Post Compact
[2020-08-05T16:02:29.174-0300] GC(45) Post Compact 0.556ms
[2020-08-05T16:02:29.174-0300] GC(45) PSYoungGen: 5232K->0K(125440K)
[2020-08-05T16:02:29.174-0300] GC(45) ParOldGen: 94110K->63607K(110080K)
[2020-08-05T16:02:29.174-0300] GC(45) Metaspace: 98158K->98158K(1142784K)
[2020-08-05T16:02:29.174-0300] GC(45) Pause Full (System.gc()) 97M->62M(230M) 199.209ms
[2020-08-05T16:02:29.174-0300] GC(45) User=0.60s Sys=0.00s Real=0.19s
[2020-08-05T16:03:31.456-0300] GC(46) Pause Young (Allocation Failure)
[2020-08-05T16:03:31.458-0300] GC(46) PSYoungGen: 119808K->1282K(116736K)
[2020-08-05T16:03:31.458-0300] GC(46) ParOldGen: 63607K->63607K(110080K)
[2020-08-05T16:03:31.458-0300] GC(46) Metaspace: 98189K->98189K(1142784K)
[2020-08-05T16:03:31.458-0300] GC(46) Pause Young (Allocation Failure) 179M->63M(221M) 2.759ms
[2020-08-05T16:03:31.459-0300] GC(46) User=0.01s Sys=0.00s Real=0.00s
[2020-08-05T16:03:39.845-0300] GC(47) Pause Young (Allocation Failure)
[2020-08-05T16:03:39.848-0300] GC(47) PSYoungGen: 116482K->3024K(114176K)
[2020-08-05T16:03:39.848-0300] GC(47) ParOldGen: 63607K->63615K(110080K)
[2020-08-05T16:03:39.848-0300] GC(47) Metaspace: 103374K->103374K(1146880K)
[2020-08-05T16:03:39.848-0300] GC(47) Pause Young (Allocation Failure) 175M->65M(219M) 3.283ms
[2020-08-05T16:03:39.848-0300] GC(47) User=0.01s Sys=0.00s Real=0.00s
[2020-08-05T16:05:07.723-0300] GC(48) Pause Young (Allocation Failure)
[2020-08-05T16:05:07.728-0300] GC(48) PSYoungGen: 114128K->3733K(111104K)
[2020-08-05T16:05:07.728-0300] GC(48) ParOldGen: 63615K->63615K(110080K)
[2020-08-05T16:05:07.728-0300] GC(48) Metaspace: 103375K->103375K(1146880K)
[2020-08-05T16:05:07.728-0300] GC(48) Pause Young (Allocation Failure) 173M->65M(216M) 5.125ms
[2020-08-05T16:05:07.728-0300] GC(48) User=0.01s Sys=0.00s Real=0.01s
[2020-08-05T16:06:38.484-0300] GC(49) Pause Young (Allocation Failure)
[2020-08-05T16:06:38.489-0300] GC(49) PSYoungGen: 110741K->4711K(108032K)
[2020-08-05T16:06:38.489-0300] GC(49) ParOldGen: 63615K->63615K(110080K)
[2020-08-05T16:06:38.489-0300] GC(49) Metaspace: 103376K->103376K(1146880K)
[2020-08-05T16:06:38.489-0300] GC(49) Pause Young (Allocation Failure) 170M->66M(213M) 4.551ms
[2020-08-05T16:06:38.489-0300] GC(49) User=0.01s Sys=0.00s Real=0.00s
[2020-08-05T16:07:58.991-0300] GC(50) Pause Young (Allocation Failure)
[2020-08-05T16:07:58.997-0300] GC(50) PSYoungGen: 107623K->5660K(105472K)
[2020-08-05T16:07:58.997-0300] GC(50) ParOldGen: 63615K->63615K(110080K)
[2020-08-05T16:07:58.997-0300] GC(50) Metaspace: 103392K->103392K(1146880K)
[2020-08-05T16:07:58.997-0300] GC(50) Pause Young (Allocation Failure) 167M->67M(210M) 5.787ms
[2020-08-05T16:07:58.997-0300] GC(50) User=0.01s Sys=0.00s Real=0.01s
[2020-08-05T16:09:15.448-0300] GC(51) Pause Young (Allocation Failure)
[2020-08-05T16:09:15.453-0300] GC(51) PSYoungGen: 104988K->5577K(101376K)
[2020-08-05T16:09:15.453-0300] GC(51) ParOldGen: 63615K->63623K(110080K)
[2020-08-05T16:09:15.453-0300] GC(51) Metaspace: 103401K->103401K(1146880K)
[2020-08-05T16:09:15.453-0300] GC(51) Pause Young (Allocation Failure) 164M->67M(206M) 5.721ms
[2020-08-05T16:09:15.453-0300] GC(51) User=0.02s Sys=0.00s Real=0.00s
[2020-08-05T16:10:33.264-0300] GC(52) Pause Young (Allocation Failure)
[2020-08-05T16:10:33.269-0300] GC(52) PSYoungGen: 101321K->5118K(97792K)
[2020-08-05T16:10:33.269-0300] GC(52) ParOldGen: 63623K->64048K(110080K)
[2020-08-05T16:10:33.269-0300] GC(52) Metaspace: 103401K->103401K(1146880K)
[2020-08-05T16:10:33.269-0300] GC(52) Pause Young (Allocation Failure) 161M->67M(203M) 5.113ms
[2020-08-05T16:10:33.269-0300] GC(52) User=0.01s Sys=0.00s Real=0.01s
[2020-08-05T16:11:49.847-0300] GC(53) Pause Young (Allocation Failure)
[2020-08-05T16:11:49.851-0300] GC(53) PSYoungGen: 97790K->3857K(93696K)
[2020-08-05T16:11:49.851-0300] GC(53) ParOldGen: 64048K->65827K(110080K)
[2020-08-05T16:11:49.851-0300] GC(53) Metaspace: 103402K->103402K(1146880K)
[2020-08-05T16:11:49.851-0300] GC(53) Pause Young (Allocation Failure) 158M->68M(199M) 4.857ms
[2020-08-05T16:11:49.851-0300] GC(53) User=0.01s Sys=0.00s Real=0.00s
[2020-08-05T16:12:59.845-0300] GC(54) Pause Young (Allocation Failure)
[2020-08-05T16:12:59.851-0300] GC(54) PSYoungGen: 93457K->3842K(90624K)
[2020-08-05T16:12:59.851-0300] GC(54) ParOldGen: 65827K->65971K(110080K)
[2020-08-05T16:12:59.851-0300] GC(54) Metaspace: 103419K->103419K(1146880K)
[2020-08-05T16:12:59.851-0300] GC(54) Pause Young (Allocation Failure) 155M->68M(196M) 5.443ms
[2020-08-05T16:12:59.851-0300] GC(54) User=0.01s Sys=0.00s Real=0.00s
[2020-08-05T16:14:05.579-0300] GC(55) Pause Young (Allocation Failure)
[2020-08-05T16:14:05.582-0300] GC(55) PSYoungGen: 90370K->3697K(87552K)
[2020-08-05T16:14:05.582-0300] GC(55) ParOldGen: 65971K->66148K(110080K)
[2020-08-05T16:14:05.583-0300] GC(55) Metaspace: 103425K->103425K(1146880K)
[2020-08-05T16:14:05.583-0300] GC(55) Pause Young (Allocation Failure) 152M->68M(193M) 3.843ms
[2020-08-05T16:14:05.583-0300] GC(55) User=0.01s Sys=0.00s Real=0.00s
[2020-08-05T16:15:18.426-0300] GC(56) Pause Young (Allocation Failure)
[2020-08-05T16:15:18.429-0300] GC(56) PSYoungGen: 87153K->3554K(84480K)
[2020-08-05T16:15:18.429-0300] GC(56) ParOldGen: 66148K->66148K(110080K)
[2020-08-05T16:15:18.429-0300] GC(56) Metaspace: 103425K->103425K(1146880K)
[2020-08-05T16:15:18.429-0300] GC(56) Pause Young (Allocation Failure) 149M->68M(190M) 3.701ms
[2020-08-05T16:15:18.430-0300] GC(56) User=0.01s Sys=0.00s Real=0.00s
[2020-08-05T16:16:19.959-0300] GC(57) Pause Young (Allocation Failure)
[2020-08-05T16:16:19.963-0300] GC(57) PSYoungGen: 84450K->3633K(82432K)
[2020-08-05T16:16:19.963-0300] GC(57) ParOldGen: 66148K->66148K(110080K)
[2020-08-05T16:16:19.963-0300] GC(57) Metaspace: 103425K->103425K(1146880K)
[2020-08-05T16:16:19.963-0300] GC(57) Pause Young (Allocation Failure) 147M->68M(188M) 4.276ms
[2020-08-05T16:16:19.963-0300] GC(57) User=0.01s Sys=0.00s Real=0.00s
[2020-08-05T16:17:26.787-0300] GC(58) Pause Young (Allocation Failure)
[2020-08-05T16:17:26.793-0300] GC(58) PSYoungGen: 81969K->3808K(79872K)
[2020-08-05T16:17:26.793-0300] GC(58) ParOldGen: 66148K->66148K(110080K)
[2020-08-05T16:17:26.793-0300] GC(58) Metaspace: 103432K->103432K(1146880K)
[2020-08-05T16:17:26.794-0300] GC(58) Pause Young (Allocation Failure) 144M->68M(185M) 6.492ms
[2020-08-05T16:17:26.794-0300] GC(58) User=0.01s Sys=0.00s Real=0.00s
[2020-08-05T16:18:20.077-0300] GC(59) Pause Young (Allocation Failure)
[2020-08-05T16:18:20.082-0300] GC(59) PSYoungGen: 79584K->4082K(77312K)
[2020-08-05T16:18:20.082-0300] GC(59) ParOldGen: 66148K->66148K(110080K)
[2020-08-05T16:18:20.082-0300] GC(59) Metaspace: 103456K->103456K(1146880K)
[2020-08-05T16:18:20.082-0300] GC(59) Pause Young (Allocation Failure) 142M->68M(183M) 5.241ms
[2020-08-05T16:18:20.082-0300] GC(59) User=0.01s Sys=0.00s Real=0.00s
[2020-08-05T16:18:45.495-0300] GC(60) Pause Young (Allocation Failure)
[2020-08-05T16:18:45.500-0300] GC(60) PSYoungGen: 77298K->4082K(75264K)
[2020-08-05T16:18:45.500-0300] GC(60) ParOldGen: 66148K->66260K(110080K)
[2020-08-05T16:18:45.500-0300] GC(60) Metaspace: 103539K->103539K(1146880K)
[2020-08-05T16:18:45.500-0300] GC(60) Pause Young (Allocation Failure) 140M->68M(181M) 4.932ms
[2020-08-05T16:18:45.500-0300] GC(60) User=0.02s Sys=0.00s Real=0.00s
[2020-08-05T16:19:05.915-0300] GC(61) Pause Young (Allocation Failure)
[2020-08-05T16:19:05.920-0300] GC(61) PSYoungGen: 75250K->4002K(73216K)
[2020-08-05T16:19:05.920-0300] GC(61) ParOldGen: 66260K->66404K(110080K)
[2020-08-05T16:19:05.920-0300] GC(61) Metaspace: 103645K->103645K(1146880K)
[2020-08-05T16:19:05.920-0300] GC(61) Pause Young (Allocation Failure) 138M->68M(179M) 5.426ms
[2020-08-05T16:19:05.920-0300] GC(61) User=0.01s Sys=0.00s Real=0.00s
[2020-08-05T16:19:26.722-0300] GC(62) Pause Young (Allocation Failure)
[2020-08-05T16:19:26.726-0300] GC(62) PSYoungGen: 73122K->4034K(71168K)
[2020-08-05T16:19:26.726-0300] GC(62) ParOldGen: 66404K->66556K(110080K)
[2020-08-05T16:19:26.726-0300] GC(62) Metaspace: 103690K->103690K(1146880K)
[2020-08-05T16:19:26.726-0300] GC(62) Pause Young (Allocation Failure) 136M->68M(177M) 3.972ms
[2020-08-05T16:19:26.726-0300] GC(62) User=0.01s Sys=0.00s Real=0.01s
[2020-08-05T16:19:27.703-0300] GC(63) Pause Young (Allocation Failure)
[2020-08-05T16:19:27.707-0300] GC(63) PSYoungGen: 71106K->3294K(68608K)
[2020-08-05T16:19:27.707-0300] GC(63) ParOldGen: 66556K->67216K(110080K)
[2020-08-05T16:19:27.707-0300] GC(63) Metaspace: 103745K->103745K(1146880K)
[2020-08-05T16:19:27.707-0300] GC(63) Pause Young (Allocation Failure) 134M->68M(174M) 3.256ms
[2020-08-05T16:19:27.707-0300] GC(63) User=0.00s Sys=0.00s Real=0.01s
[2020-08-05T16:20:14.768-0300] GC(64) Pause Young (Allocation Failure)
[2020-08-05T16:20:14.773-0300] GC(64) PSYoungGen: 68318K->2569K(66048K)
[2020-08-05T16:20:14.773-0300] GC(64) ParOldGen: 67216K->68432K(110080K)
[2020-08-05T16:20:14.773-0300] GC(64) Metaspace: 103791K->103791K(1146880K)
[2020-08-05T16:20:14.773-0300] GC(64) Pause Young (Allocation Failure) 132M->69M(172M) 5.216ms
[2020-08-05T16:20:14.773-0300] GC(64) User=0.01s Sys=0.00s Real=0.00s
[2020-08-05T16:21:07.749-0300] GC(65) Pause Young (Allocation Failure)
[2020-08-05T16:21:07.754-0300] GC(65) PSYoungGen: 65545K->1894K(62976K)
[2020-08-05T16:21:07.754-0300] GC(65) ParOldGen: 68432K->69317K(110080K)
[2020-08-05T16:21:07.754-0300] GC(65) Metaspace: 103791K->103791K(1146880K)
[2020-08-05T16:21:07.754-0300] GC(65) Pause Young (Allocation Failure) 130M->69M(169M) 4.696ms
[2020-08-05T16:21:07.754-0300] GC(65) User=0.01s Sys=0.01s Real=0.01s
[2020-08-05T16:21:54.900-0300] GC(66) Pause Young (Allocation Failure)
[2020-08-05T16:21:54.903-0300] GC(66) PSYoungGen: 62822K->1944K(61440K)
[2020-08-05T16:21:54.903-0300] GC(66) ParOldGen: 69317K->69823K(110080K)
[2020-08-05T16:21:54.903-0300] GC(66) Metaspace: 103791K->103791K(1146880K)
[2020-08-05T16:21:54.903-0300] GC(66) Pause Young (Allocation Failure) 129M->70M(167M) 3.383ms
[2020-08-05T16:21:54.903-0300] GC(66) User=0.01s Sys=0.00s Real=0.00s
[2020-08-05T16:22:43.240-0300] GC(67) Pause Young (Allocation Failure)
[2020-08-05T16:22:43.243-0300] GC(67) PSYoungGen: 61336K->1943K(59904K)
[2020-08-05T16:22:43.243-0300] GC(67) ParOldGen: 69823K->70479K(110080K)
[2020-08-05T16:22:43.243-0300] GC(67) Metaspace: 103815K->103815K(1146880K)
[2020-08-05T16:22:43.243-0300] GC(67) Pause Young (Allocation Failure) 128M->70M(166M) 3.036ms
[2020-08-05T16:22:43.243-0300] GC(67) User=0.01s Sys=0.00s Real=0.00s
[2020-08-05T16:23:25.791-0300] GC(68) Pause Young (Allocation Failure)
[2020-08-05T16:23:25.795-0300] GC(68) PSYoungGen: 59799K->1205K(57856K)
[2020-08-05T16:23:25.795-0300] GC(68) ParOldGen: 70479K->71453K(110080K)
[2020-08-05T16:23:25.795-0300] GC(68) Metaspace: 103815K->103815K(1146880K)
[2020-08-05T16:23:25.795-0300] GC(68) Pause Young (Allocation Failure) 127M->70M(164M) 3.883ms
[2020-08-05T16:23:25.795-0300] GC(68) User=0.01s Sys=0.00s Real=0.01s
[2020-08-05T16:24:13.483-0300] GC(69) Pause Young (Allocation Failure)
[2020-08-05T16:24:13.487-0300] GC(69) PSYoungGen: 57525K->690K(55808K)
[2020-08-05T16:24:13.487-0300] GC(69) ParOldGen: 71453K->72463K(110080K)
[2020-08-05T16:24:13.487-0300] GC(69) Metaspace: 103815K->103815K(1146880K)
[2020-08-05T16:24:13.487-0300] GC(69) Pause Young (Allocation Failure) 125M->71M(162M) 3.853ms
[2020-08-05T16:24:13.487-0300] GC(69) User=0.00s Sys=0.00s Real=0.01s
[2020-08-05T16:25:00.922-0300] GC(70) Pause Young (Allocation Failure)
[2020-08-05T16:25:00.926-0300] GC(70) PSYoungGen: 55474K->642K(54272K)
[2020-08-05T16:25:00.926-0300] GC(70) ParOldGen: 72463K->72995K(110080K)
[2020-08-05T16:25:00.926-0300] GC(70) Metaspace: 103817K->103817K(1146880K)
[2020-08-05T16:25:00.926-0300] GC(70) Pause Young (Allocation Failure) 124M->71M(160M) 3.250ms
[2020-08-05T16:25:00.926-0300] GC(70) User=0.00s Sys=0.00s Real=0.01s
[2020-08-05T16:25:38.363-0300] GC(71) Pause Young (Allocation Failure)
[2020-08-05T16:25:38.366-0300] GC(71) PSYoungGen: 53890K->754K(52736K)
[2020-08-05T16:25:38.366-0300] GC(71) ParOldGen: 72995K->73510K(110080K)
[2020-08-05T16:25:38.366-0300] GC(71) Metaspace: 103818K->103818K(1146880K)
[2020-08-05T16:25:38.366-0300] GC(71) Pause Young (Allocation Failure) 123M->72M(159M) 3.106ms
[2020-08-05T16:25:38.366-0300] GC(71) User=0.01s Sys=0.01s Real=0.01s
[2020-08-05T16:26:22.303-0300] GC(72) Pause Young (Allocation Failure)
[2020-08-05T16:26:22.307-0300] GC(72) PSYoungGen: 52466K->674K(51200K)
[2020-08-05T16:26:22.307-0300] GC(72) ParOldGen: 73510K->74029K(110080K)
[2020-08-05T16:26:22.307-0300] GC(72) Metaspace: 103818K->103818K(1146880K)
[2020-08-05T16:26:22.307-0300] GC(72) Pause Young (Allocation Failure) 123M->72M(157M) 3.655ms
[2020-08-05T16:26:22.307-0300] GC(72) User=0.00s Sys=0.00s Real=0.01s
[2020-08-05T16:26:59.846-0300] GC(73) Pause Young (Allocation Failure)
[2020-08-05T16:26:59.849-0300] GC(73) PSYoungGen: 50850K->674K(55808K)
[2020-08-05T16:26:59.849-0300] GC(73) ParOldGen: 74029K->74520K(110080K)
[2020-08-05T16:26:59.849-0300] GC(73) Metaspace: 103818K->103818K(1146880K)
[2020-08-05T16:26:59.849-0300] GC(73) Pause Young (Allocation Failure) 121M->73M(162M) 2.687ms
[2020-08-05T16:26:59.849-0300] GC(73) User=0.01s Sys=0.00s Real=0.00s
[2020-08-05T16:27:39.851-0300] GC(74) Pause Young (Allocation Failure)
[2020-08-05T16:27:39.854-0300] GC(74) PSYoungGen: 49826K->1004K(49152K)
[2020-08-05T16:27:39.854-0300] GC(74) ParOldGen: 74520K->75007K(110080K)
[2020-08-05T16:27:39.854-0300] GC(74) Metaspace: 103819K->103819K(1146880K)
[2020-08-05T16:27:39.854-0300] GC(74) Pause Young (Allocation Failure) 121M->74M(155M) 3.132ms
[2020-08-05T16:27:39.854-0300] GC(74) User=0.01s Sys=0.00s Real=0.01s
[2020-08-05T16:28:19.846-0300] GC(75) Pause Young (Allocation Failure)
[2020-08-05T16:28:19.848-0300] GC(75) PSYoungGen: 49132K->642K(48128K)
[2020-08-05T16:28:19.848-0300] GC(75) ParOldGen: 75007K->75597K(110080K)
[2020-08-05T16:28:19.848-0300] GC(75) Metaspace: 103819K->103819K(1146880K)
[2020-08-05T16:28:19.848-0300] GC(75) Pause Young (Allocation Failure) 121M->74M(154M) 2.886ms
[2020-08-05T16:28:19.848-0300] GC(75) User=0.01s Sys=0.00s Real=0.00s
[2020-08-05T16:28:54.627-0300] GC(76) Pause Young (Allocation Failure)
[2020-08-05T16:28:54.630-0300] GC(76) PSYoungGen: 47746K->609K(47104K)
[2020-08-05T16:28:54.630-0300] GC(76) ParOldGen: 75597K->76088K(110080K)
[2020-08-05T16:28:54.630-0300] GC(76) Metaspace: 103819K->103819K(1146880K)
[2020-08-05T16:28:54.630-0300] GC(76) Pause Young (Allocation Failure) 120M->74M(153M) 2.528ms
[2020-08-05T16:28:54.630-0300] GC(76) User=0.01s Sys=0.00s Real=0.00s
[2020-08-05T16:29:31.898-0300] GC(77) Pause Young (Allocation Failure)
[2020-08-05T16:29:31.902-0300] GC(77) PSYoungGen: 46689K->642K(46080K)
[2020-08-05T16:29:31.902-0300] GC(77) ParOldGen: 76088K->76562K(110080K)
[2020-08-05T16:29:31.902-0300] GC(77) Metaspace: 103819K->103819K(1146880K)
[2020-08-05T16:29:31.902-0300] GC(77) Pause Young (Allocation Failure) 119M->75M(152M) 3.173ms
[2020-08-05T16:29:31.902-0300] GC(77) User=0.01s Sys=0.00s Real=0.00s
[2020-08-05T16:30:09.910-0300] GC(78) Pause Young (Allocation Failure)
[2020-08-05T16:30:09.914-0300] GC(78) PSYoungGen: 45697K->593K(45056K)
[2020-08-05T16:30:09.914-0300] GC(78) ParOldGen: 76562K->77033K(110080K)
[2020-08-05T16:30:09.914-0300] GC(78) Metaspace: 103820K->103820K(1146880K)
[2020-08-05T16:30:09.914-0300] GC(78) Pause Young (Allocation Failure) 119M->75M(151M) 3.750ms
[2020-08-05T16:30:09.914-0300] GC(78) User=0.01s Sys=0.01s Real=0.00s
[2020-08-05T16:30:42.221-0300] GC(79) Pause Young (Allocation Failure)
[2020-08-05T16:30:42.224-0300] GC(79) PSYoungGen: 44625K->593K(48640K)
[2020-08-05T16:30:42.224-0300] GC(79) ParOldGen: 77033K->77487K(110080K)
[2020-08-05T16:30:42.224-0300] GC(79) Metaspace: 103822K->103822K(1146880K)
[2020-08-05T16:30:42.224-0300] GC(79) Pause Young (Allocation Failure) 118M->76M(155M) 2.472ms
[2020-08-05T16:30:42.224-0300] GC(79) User=0.01s Sys=0.00s Real=0.00s
[2020-08-05T16:31:18.053-0300] GC(80) Pause Young (Allocation Failure)
[2020-08-05T16:31:18.056-0300] GC(80) PSYoungGen: 43601K->610K(43008K)
[2020-08-05T16:31:18.056-0300] GC(80) ParOldGen: 77487K->77934K(110080K)
[2020-08-05T16:31:18.056-0300] GC(80) Metaspace: 103822K->103822K(1146880K)
[2020-08-05T16:31:18.056-0300] GC(80) Pause Young (Allocation Failure) 118M->76M(149M) 2.898ms
[2020-08-05T16:31:18.056-0300] GC(80) User=0.01s Sys=0.00s Real=0.01s
[2020-08-05T16:31:54.847-0300] GC(81) Pause Young (Allocation Failure)
[2020-08-05T16:31:54.849-0300] GC(81) PSYoungGen: 42594K->656K(46080K)
[2020-08-05T16:31:54.849-0300] GC(81) ParOldGen: 77934K->78369K(110080K)
[2020-08-05T16:31:54.849-0300] GC(81) Metaspace: 103825K->103825K(1146880K)
[2020-08-05T16:31:54.849-0300] GC(81) Pause Young (Allocation Failure) 117M->77M(152M) 2.684ms
[2020-08-05T16:31:54.849-0300] GC(81) User=0.01s Sys=0.00s Real=0.00s
[2020-08-05T16:32:26.288-0300] GC(82) Pause Young (Allocation Failure)
[2020-08-05T16:32:26.291-0300] GC(82) PSYoungGen: 41616K->1601K(41984K)
[2020-08-05T16:32:26.292-0300] GC(82) ParOldGen: 78369K->78862K(110080K)
[2020-08-05T16:32:26.292-0300] GC(82) Metaspace: 103832K->103832K(1146880K)
[2020-08-05T16:32:26.292-0300] GC(82) Pause Young (Allocation Failure) 117M->78M(148M) 3.109ms
[2020-08-05T16:32:26.292-0300] GC(82) User=0.01s Sys=0.00s Real=0.00s
[2020-08-05T16:32:53.430-0300] GC(83) Pause Young (Allocation Failure)
[2020-08-05T16:32:53.433-0300] GC(83) PSYoungGen: 41537K->593K(39936K)
[2020-08-05T16:32:53.433-0300] GC(83) ParOldGen: 78862K->80080K(110080K)
[2020-08-05T16:32:53.433-0300] GC(83) Metaspace: 103835K->103835K(1146880K)
[2020-08-05T16:32:53.433-0300] GC(83) Pause Young (Allocation Failure) 117M->78M(146M) 2.998ms
[2020-08-05T16:32:53.433-0300] GC(83) User=0.01s Sys=0.00s Real=0.00s
[2020-08-05T16:33:25.381-0300] GC(84) Pause Young (Allocation Failure)
[2020-08-05T16:33:25.383-0300] GC(84) PSYoungGen: 39505K->497K(38400K)
[2020-08-05T16:33:25.383-0300] GC(84) ParOldGen: 80080K->80551K(110080K)
[2020-08-05T16:33:25.383-0300] GC(84) Metaspace: 103835K->103835K(1146880K)
[2020-08-05T16:33:25.383-0300] GC(84) Pause Young (Allocation Failure) 116M->79M(145M) 2.444ms
[2020-08-05T16:33:25.383-0300] GC(84) User=0.00s Sys=0.00s Real=0.00s
[2020-08-05T16:33:57.168-0300] GC(85) Pause Young (Allocation Failure)
[2020-08-05T16:33:57.170-0300] GC(85) PSYoungGen: 38385K->546K(41472K)
[2020-08-05T16:33:57.170-0300] GC(85) ParOldGen: 80551K->80925K(110080K)
[2020-08-05T16:33:57.170-0300] GC(85) Metaspace: 103835K->103835K(1146880K)
[2020-08-05T16:33:57.170-0300] GC(85) Pause Young (Allocation Failure) 116M->79M(148M) 2.120ms
[2020-08-05T16:33:57.170-0300] GC(85) User=0.00s Sys=0.00s Real=0.00s
[2020-08-05T16:34:23.884-0300] GC(86) Pause Young (Allocation Failure)
[2020-08-05T16:34:23.887-0300] GC(86) PSYoungGen: 37908K->481K(37376K)
[2020-08-05T16:34:23.887-0300] GC(86) ParOldGen: 80925K->81319K(110080K)
[2020-08-05T16:34:23.887-0300] GC(86) Metaspace: 103835K->103835K(1146880K)
[2020-08-05T16:34:23.887-0300] GC(86) Pause Young (Allocation Failure) 116M->79M(144M) 2.702ms
[2020-08-05T16:34:23.887-0300] GC(86) User=0.00s Sys=0.00s Real=0.00s
[2020-08-05T16:34:55.550-0300] GC(87) Pause Young (Allocation Failure)
[2020-08-05T16:34:55.553-0300] GC(87) PSYoungGen: 37345K->465K(40448K)
[2020-08-05T16:34:55.553-0300] GC(87) ParOldGen: 81319K->81693K(110080K)
[2020-08-05T16:34:55.553-0300] GC(87) Metaspace: 103835K->103835K(1146880K)
[2020-08-05T16:34:55.553-0300] GC(87) Pause Young (Allocation Failure) 115M->80M(147M) 2.317ms
[2020-08-05T16:34:55.553-0300] GC(87) User=0.00s Sys=0.00s Real=0.00s
[2020-08-05T16:35:15.810-0300] GC(88) Pause Young (Allocation Failure)
[2020-08-05T16:35:15.813-0300] GC(88) PSYoungGen: 36817K->641K(36864K)
[2020-08-05T16:35:15.813-0300] GC(88) ParOldGen: 81693K->82051K(110080K)
[2020-08-05T16:35:15.813-0300] GC(88) Metaspace: 103890K->103890K(1146880K)
[2020-08-05T16:35:15.813-0300] GC(88) Pause Young (Allocation Failure) 115M->80M(143M) 2.841ms
[2020-08-05T16:35:15.813-0300] GC(88) User=0.00s Sys=0.00s Real=0.00s
[2020-08-05T16:35:15.919-0300] GC(89) Pause Young (Allocation Failure)
[2020-08-05T16:35:15.921-0300] GC(89) PSYoungGen: 36381K->824K(36352K)
[2020-08-05T16:35:15.921-0300] GC(89) ParOldGen: 82051K->82552K(110080K)
[2020-08-05T16:35:15.921-0300] GC(89) Metaspace: 103903K->103903K(1146880K)
[2020-08-05T16:35:15.921-0300] GC(89) Pause Young (Allocation Failure) 115M->81M(143M) 2.728ms
[2020-08-05T16:35:15.921-0300] GC(89) User=0.01s Sys=0.00s Real=0.00s
[2020-08-05T16:35:16.081-0300] GC(90) Pause Young (Allocation Failure)
[2020-08-05T16:35:16.083-0300] GC(90) PSYoungGen: 36152K->438K(35328K)
[2020-08-05T16:35:16.083-0300] GC(90) ParOldGen: 82552K->83095K(110080K)
[2020-08-05T16:35:16.083-0300] GC(90) Metaspace: 103992K->103992K(1148928K)
[2020-08-05T16:35:16.083-0300] GC(90) Pause Young (Allocation Failure) 115M->81M(142M) 2.293ms
[2020-08-05T16:35:16.083-0300] GC(90) User=0.00s Sys=0.00s Real=0.00s
[2020-08-05T16:35:37.035-0300] GC(91) Pause Young (Allocation Failure)
[2020-08-05T16:35:37.037-0300] GC(91) PSYoungGen: 35254K->705K(37376K)
[2020-08-05T16:35:37.037-0300] GC(91) ParOldGen: 83095K->83394K(110080K)
[2020-08-05T16:35:37.037-0300] GC(91) Metaspace: 104033K->104033K(1148928K)
[2020-08-05T16:35:37.037-0300] GC(91) Pause Young (Allocation Failure) 115M->82M(144M) 2.188ms
[2020-08-05T16:35:37.038-0300] GC(91) User=0.01s Sys=0.00s Real=0.00s
[2020-08-05T16:36:08.693-0300] GC(92) Pause Young (Allocation Failure)
[2020-08-05T16:36:08.697-0300] GC(92) PSYoungGen: 35009K->401K(34304K)
[2020-08-05T16:36:08.697-0300] GC(92) ParOldGen: 83394K->83787K(110080K)
[2020-08-05T16:36:08.697-0300] GC(92) Metaspace: 104035K->104035K(1148928K)
[2020-08-05T16:36:08.697-0300] GC(92) Pause Young (Allocation Failure) 115M->82M(141M) 4.005ms
[2020-08-05T16:36:08.697-0300] GC(92) User=0.01s Sys=0.00s Real=0.01s
[2020-08-05T16:36:30.171-0300] GC(93) Pause Young (Allocation Failure)
[2020-08-05T16:36:30.174-0300] GC(93) PSYoungGen: 34193K->385K(36352K)
[2020-08-05T16:36:30.174-0300] GC(93) ParOldGen: 83787K->84109K(110080K)
[2020-08-05T16:36:30.174-0300] GC(93) Metaspace: 104035K->104035K(1148928K)
[2020-08-05T16:36:30.174-0300] GC(93) Pause Young (Allocation Failure) 115M->82M(143M) 2.797ms
[2020-08-05T16:36:30.174-0300] GC(93) User=0.01s Sys=0.00s Real=0.01s
[2020-08-05T16:36:56.688-0300] GC(94) Pause Young (Allocation Failure)
[2020-08-05T16:36:56.691-0300] GC(94) PSYoungGen: 33665K->641K(33792K)
[2020-08-05T16:36:56.691-0300] GC(94) ParOldGen: 84109K->84427K(110080K)
[2020-08-05T16:36:56.691-0300] GC(94) Metaspace: 104035K->104035K(1148928K)
[2020-08-05T16:36:56.691-0300] GC(94) Pause Young (Allocation Failure) 115M->83M(140M) 2.819ms
[2020-08-05T16:36:56.691-0300] GC(94) User=0.01s Sys=0.00s Real=0.00s
[2020-08-05T16:37:23.125-0300] GC(95) Pause Young (Allocation Failure)
[2020-08-05T16:37:23.128-0300] GC(95) PSYoungGen: 33409K->608K(33280K)
[2020-08-05T16:37:23.128-0300] GC(95) ParOldGen: 84427K->84893K(110080K)
[2020-08-05T16:37:23.128-0300] GC(95) Metaspace: 104054K->104054K(1148928K)
[2020-08-05T16:37:23.128-0300] GC(95) Pause Young (Allocation Failure) 115M->83M(140M) 2.771ms
[2020-08-05T16:37:23.128-0300] GC(95) User=0.00s Sys=0.01s Real=0.00s
[2020-08-05T16:37:49.845-0300] GC(96) Pause Young (Allocation Failure)
[2020-08-05T16:37:49.847-0300] GC(96) PSYoungGen: 32864K->497K(32256K)
[2020-08-05T16:37:49.847-0300] GC(96) ParOldGen: 84893K->85198K(110080K)
[2020-08-05T16:37:49.847-0300] GC(96) Metaspace: 104054K->104054K(1148928K)
[2020-08-05T16:37:49.847-0300] GC(96) Pause Young (Allocation Failure) 114M->83M(139M) 2.291ms
[2020-08-05T16:37:49.847-0300] GC(96) User=0.00s Sys=0.00s Real=0.00s
[2020-08-05T16:38:10.975-0300] GC(97) Pause Young (Allocation Failure)
[2020-08-05T16:38:10.977-0300] GC(97) PSYoungGen: 32241K->481K(33792K)
[2020-08-05T16:38:10.977-0300] GC(97) ParOldGen: 85198K->85548K(110080K)
[2020-08-05T16:38:10.977-0300] GC(97) Metaspace: 104060K->104060K(1148928K)
[2020-08-05T16:38:10.977-0300] GC(97) Pause Young (Allocation Failure) 114M->84M(140M) 2.038ms
[2020-08-05T16:38:10.977-0300] GC(97) User=0.00s Sys=0.00s Real=0.00s
[2020-08-05T16:38:29.280-0300] GC(98) Pause Young (Allocation Failure)
[2020-08-05T16:38:29.283-0300] GC(98) PSYoungGen: 31713K->448K(31232K)
[2020-08-05T16:38:29.283-0300] GC(98) ParOldGen: 85548K->85886K(110080K)
[2020-08-05T16:38:29.283-0300] GC(98) Metaspace: 104079K->104079K(1148928K)
[2020-08-05T16:38:29.283-0300] GC(98) Pause Young (Allocation Failure) 114M->84M(138M) 2.447ms
[2020-08-05T16:38:29.283-0300] GC(98) User=0.01s Sys=0.00s Real=0.00s
[2020-08-05T16:38:29.414-0300] GC(99) Pause Young (Allocation Failure)
[2020-08-05T16:38:29.417-0300] GC(99) PSYoungGen: 31168K->352K(32256K)
[2020-08-05T16:38:29.417-0300] GC(99) ParOldGen: 85886K->86135K(110080K)
[2020-08-05T16:38:29.417-0300] GC(99) Metaspace: 104082K->104082K(1148928K)
[2020-08-05T16:38:29.417-0300] GC(99) Pause Young (Allocation Failure) 114M->84M(139M) 2.786ms
[2020-08-05T16:38:29.417-0300] GC(99) User=0.01s Sys=0.00s Real=0.00s
[2020-08-05T16:38:30.647-0300] GC(100) Pause Young (Allocation Failure)
[2020-08-05T16:38:30.649-0300] GC(100) PSYoungGen: 30560K->192K(30208K)
[2020-08-05T16:38:30.649-0300] GC(100) ParOldGen: 86135K->86379K(110080K)
[2020-08-05T16:38:30.649-0300] GC(100) Metaspace: 104092K->104092K(1148928K)
[2020-08-05T16:38:30.649-0300] GC(100) Pause Young (Allocation Failure) 113M->84M(137M) 2.039ms
[2020-08-05T16:38:30.649-0300] GC(100) User=0.01s Sys=0.00s Real=0.00s
[2020-08-05T16:38:34.640-0300] GC(101) Pause Young (Allocation Failure)
[2020-08-05T16:38:34.641-0300] GC(101) PSYoungGen: 29888K->240K(31232K)
[2020-08-05T16:38:34.641-0300] GC(101) ParOldGen: 86379K->86445K(110080K)
[2020-08-05T16:38:34.641-0300] GC(101) Metaspace: 104112K->104112K(1148928K)
[2020-08-05T16:38:34.641-0300] GC(101) Pause Young (Allocation Failure) 113M->84M(138M) 1.914ms
[2020-08-05T16:38:34.642-0300] GC(101) User=0.00s Sys=0.00s Real=0.00s
[2020-08-05T16:38:41.981-0300] GC(102) Pause Young (Allocation Failure)
[2020-08-05T16:38:41.983-0300] GC(102) PSYoungGen: 29424K->384K(29184K)
[2020-08-05T16:38:41.983-0300] GC(102) ParOldGen: 86445K->86577K(110080K)
[2020-08-05T16:38:41.983-0300] GC(102) Metaspace: 104115K->104115K(1148928K)
[2020-08-05T16:38:41.983-0300] GC(102) Pause Young (Allocation Failure) 113M->84M(136M) 2.504ms
[2020-08-05T16:38:41.983-0300] GC(102) User=0.01s Sys=0.00s Real=0.00s
[2020-08-05T16:38:50.119-0300] GC(103) Pause Young (Allocation Failure)
[2020-08-05T16:38:50.121-0300] GC(103) PSYoungGen: 29056K->336K(30208K)
[2020-08-05T16:38:50.121-0300] GC(103) ParOldGen: 86577K->86758K(110080K)
[2020-08-05T16:38:50.121-0300] GC(103) Metaspace: 104130K->104130K(1148928K)
[2020-08-05T16:38:50.121-0300] GC(103) Pause Young (Allocation Failure) 112M->85M(137M) 2.330ms
[2020-08-05T16:38:50.121-0300] GC(103) User=0.01s Sys=0.00s Real=0.00s
[2020-08-05T16:38:59.554-0300] GC(104) Pause Young (Allocation Failure)
[2020-08-05T16:38:59.558-0300] GC(104) PSYoungGen: 28496K->320K(28160K)
[2020-08-05T16:38:59.558-0300] GC(104) ParOldGen: 86758K->86858K(110080K)
[2020-08-05T16:38:59.558-0300] GC(104) Metaspace: 104174K->104174K(1148928K)
[2020-08-05T16:38:59.558-0300] GC(104) Pause Young (Allocation Failure) 112M->85M(135M) 3.759ms
[2020-08-05T16:38:59.558-0300] GC(104) User=0.01s Sys=0.00s Real=0.00s
[2020-08-05T16:39:02.663-0300] GC(105) Pause Young (Allocation Failure)
[2020-08-05T16:39:02.666-0300] GC(105) PSYoungGen: 27967K->449K(29184K)
[2020-08-05T16:39:02.666-0300] GC(105) ParOldGen: 86858K->87039K(110080K)
[2020-08-05T16:39:02.666-0300] GC(105) Metaspace: 104204K->104204K(1148928K)
[2020-08-05T16:39:02.666-0300] GC(105) Pause Young (Allocation Failure) 112M->85M(136M) 2.937ms
[2020-08-05T16:39:02.666-0300] GC(105) User=0.01s Sys=0.00s Real=0.01s
[2020-08-05T16:39:13.167-0300] GC(106) Pause Young (Allocation Failure)
[2020-08-05T16:39:13.170-0300] GC(106) PSYoungGen: 27585K->288K(27136K)
[2020-08-05T16:39:13.170-0300] GC(106) ParOldGen: 87039K->87344K(110080K)
[2020-08-05T16:39:13.170-0300] GC(106) Metaspace: 104229K->104229K(1148928K)
[2020-08-05T16:39:13.170-0300] GC(106) Pause Young (Allocation Failure) 111M->85M(134M) 3.260ms
[2020-08-05T16:39:13.170-0300] GC(106) User=0.00s Sys=0.00s Real=0.00s
[2020-08-05T16:39:23.008-0300] GC(107) Pause Young (Allocation Failure)
[2020-08-05T16:39:23.010-0300] GC(107) PSYoungGen: 26911K->352K(27648K)
[2020-08-05T16:39:23.010-0300] GC(107) ParOldGen: 87344K->87497K(110080K)
[2020-08-05T16:39:23.010-0300] GC(107) Metaspace: 104266K->104266K(1148928K)
[2020-08-05T16:39:23.010-0300] GC(107) Pause Young (Allocation Failure) 111M->85M(134M) 1.974ms
[2020-08-05T16:39:23.010-0300] GC(107) User=0.00s Sys=0.00s Real=0.00s
[2020-08-05T16:39:23.240-0300] GC(108) Pause Young (Allocation Failure)
[2020-08-05T16:39:23.243-0300] GC(108) PSYoungGen: 26464K->385K(26112K)
[2020-08-05T16:39:23.243-0300] GC(108) ParOldGen: 87497K->87722K(110080K)
[2020-08-05T16:39:23.243-0300] GC(108) Metaspace: 104294K->104294K(1148928K)
[2020-08-05T16:39:23.243-0300] GC(108) Pause Young (Allocation Failure) 111M->86M(133M) 2.304ms
[2020-08-05T16:39:23.243-0300] GC(108) User=0.00s Sys=0.01s Real=0.00s
[2020-08-05T16:39:23.434-0300] GC(109) Pause Young (Allocation Failure)
[2020-08-05T16:39:23.436-0300] GC(109) PSYoungGen: 25985K->160K(26624K)
[2020-08-05T16:39:23.436-0300] GC(109) ParOldGen: 87722K->87939K(110080K)
[2020-08-05T16:39:23.436-0300] GC(109) Metaspace: 104308K->104308K(1148928K)
[2020-08-05T16:39:23.436-0300] GC(109) Pause Young (Allocation Failure) 111M->86M(133M) 1.829ms
[2020-08-05T16:39:23.436-0300] GC(109) User=0.01s Sys=0.00s Real=0.01s
[2020-08-05T16:39:23.526-0300] GC(110) Pause Young (Allocation Failure)
[2020-08-05T16:39:23.528-0300] GC(110) PSYoungGen: 25248K->224K(25088K)
[2020-08-05T16:39:23.528-0300] GC(110) ParOldGen: 87939K->88043K(110080K)
[2020-08-05T16:39:23.528-0300] GC(110) Metaspace: 104309K->104309K(1148928K)
[2020-08-05T16:39:23.528-0300] GC(110) Pause Young (Allocation Failure) 110M->86M(132M) 2.289ms
[2020-08-05T16:39:23.528-0300] GC(110) User=0.00s Sys=0.00s Real=0.00s
[2020-08-05T16:39:23.721-0300] GC(111) Pause Young (Allocation Failure)
[2020-08-05T16:39:23.723-0300] GC(111) PSYoungGen: 24800K->288K(25600K)
[2020-08-05T16:39:23.723-0300] GC(111) ParOldGen: 88043K->88075K(110080K)
[2020-08-05T16:39:23.723-0300] GC(111) Metaspace: 104324K->104324K(1148928K)
[2020-08-05T16:39:23.723-0300] GC(111) Pause Young (Allocation Failure) 110M->86M(132M) 2.315ms
[2020-08-05T16:39:23.723-0300] GC(111) User=0.00s Sys=0.00s Real=0.00s
[2020-08-05T16:39:23.779-0300] GC(112) Pause Young (Allocation Failure)
[2020-08-05T16:39:23.784-0300] GC(112) PSYoungGen: 24351K->304K(29696K)
[2020-08-05T16:39:23.784-0300] GC(112) ParOldGen: 88075K->88139K(110080K)
[2020-08-05T16:39:23.784-0300] GC(112) Metaspace: 104338K->104338K(1148928K)
[2020-08-05T16:39:23.784-0300] GC(112) Pause Young (Allocation Failure) 109M->86M(136M) 4.470ms
[2020-08-05T16:39:23.784-0300] GC(112) User=0.01s Sys=0.00s Real=0.01s
[2020-08-05T16:39:23.952-0300] GC(113) Pause Young (Allocation Failure)
[2020-08-05T16:39:23.955-0300] GC(113) PSYoungGen: 29488K->432K(36864K)
[2020-08-05T16:39:23.955-0300] GC(113) ParOldGen: 88139K->88251K(110080K)
[2020-08-05T16:39:23.955-0300] GC(113) Metaspace: 104423K->104423K(1148928K)
[2020-08-05T16:39:23.955-0300] GC(113) Pause Young (Allocation Failure) 114M->86M(143M) 2.318ms
[2020-08-05T16:39:23.955-0300] GC(113) User=0.01s Sys=0.00s Real=0.01s
[2020-08-05T16:39:24.188-0300] GC(114) Pause Young (Allocation Failure)
[2020-08-05T16:39:24.191-0300] GC(114) PSYoungGen: 35760K->288K(43008K)
[2020-08-05T16:39:24.191-0300] GC(114) ParOldGen: 88251K->88455K(110080K)
[2020-08-05T16:39:24.191-0300] GC(114) Metaspace: 104428K->104428K(1148928K)
[2020-08-05T16:39:24.191-0300] GC(114) Pause Young (Allocation Failure) 121M->86M(149M) 2.689ms
[2020-08-05T16:39:24.191-0300] GC(114) User=0.01s Sys=0.00s Real=0.00s
[2020-08-05T16:39:24.296-0300] GC(115) Pause Young (Allocation Failure)
[2020-08-05T16:39:24.298-0300] GC(115) PSYoungGen: 42784K->288K(52224K)
[2020-08-05T16:39:24.298-0300] GC(115) ParOldGen: 88455K->88511K(110080K)
[2020-08-05T16:39:24.298-0300] GC(115) Metaspace: 104451K->104451K(1148928K)
[2020-08-05T16:39:24.298-0300] GC(115) Pause Young (Allocation Failure) 128M->86M(158M) 2.157ms
[2020-08-05T16:39:24.298-0300] GC(115) User=0.00s Sys=0.00s Real=0.00s
[2020-08-05T16:39:24.514-0300] GC(116) Pause Young (Allocation Failure)
[2020-08-05T16:39:24.517-0300] GC(116) PSYoungGen: 51488K->610K(62464K)
[2020-08-05T16:39:24.517-0300] GC(116) ParOldGen: 88511K->88603K(110080K)
[2020-08-05T16:39:24.517-0300] GC(116) Metaspace: 104505K->104505K(1148928K)
[2020-08-05T16:39:24.517-0300] GC(116) Pause Young (Allocation Failure) 136M->87M(168M) 3.058ms
[2020-08-05T16:39:24.518-0300] GC(116) User=0.01s Sys=0.00s Real=0.00s
[2020-08-05T16:39:24.964-0300] GC(117) Pause Young (Allocation Failure)
[2020-08-05T16:39:24.967-0300] GC(117) PSYoungGen: 62050K->272K(74240K)
[2020-08-05T16:39:24.967-0300] GC(117) ParOldGen: 88603K->88964K(110080K)
[2020-08-05T16:39:24.967-0300] GC(117) Metaspace: 104538K->104538K(1148928K)
[2020-08-05T16:39:24.967-0300] GC(117) Pause Young (Allocation Failure) 147M->87M(180M) 2.505ms
[2020-08-05T16:39:24.967-0300] GC(117) User=0.01s Sys=0.00s Real=0.00s
[2020-08-05T16:39:30.935-0300] GC(118) Pause Young (Allocation Failure)
[2020-08-05T16:39:30.937-0300] GC(118) PSYoungGen: 74000K->466K(81920K)
[2020-08-05T16:39:30.937-0300] GC(118) ParOldGen: 88964K->89093K(110080K)
[2020-08-05T16:39:30.937-0300] GC(118) Metaspace: 104611K->104611K(1148928K)
[2020-08-05T16:39:30.937-0300] GC(118) Pause Young (Allocation Failure) 159M->87M(187M) 2.376ms
[2020-08-05T16:39:30.937-0300] GC(118) User=0.01s Sys=0.00s Real=0.00s
[2020-08-05T16:40:39.731-0300] GC(119) Pause Young (Allocation Failure)
[2020-08-05T16:40:39.734-0300] GC(119) PSYoungGen: 81362K->994K(79360K)
[2020-08-05T16:40:39.734-0300] GC(119) ParOldGen: 89093K->89435K(110080K)
[2020-08-05T16:40:39.734-0300] GC(119) Metaspace: 104618K->104618K(1148928K)
[2020-08-05T16:40:39.734-0300] GC(119) Pause Young (Allocation Failure) 166M->88M(185M) 2.715ms
[2020-08-05T16:40:39.734-0300] GC(119) User=0.01s Sys=0.00s Real=0.01s
[2020-08-05T16:41:38.388-0300] GC(120) Pause Young (Allocation Failure)
[2020-08-05T16:41:38.392-0300] GC(120) PSYoungGen: 79330K->497K(76288K)
[2020-08-05T16:41:38.392-0300] GC(120) ParOldGen: 89435K->90691K(110080K)
[2020-08-05T16:41:38.392-0300] GC(120) Metaspace: 104620K->104620K(1148928K)
[2020-08-05T16:41:38.392-0300] GC(120) Pause Young (Allocation Failure) 164M->89M(182M) 4.004ms
[2020-08-05T16:41:38.392-0300] GC(120) User=0.01s Sys=0.00s Real=0.00s
[2020-08-05T16:42:19.845-0300] GC(121) Pause Young (Allocation Failure)
[2020-08-05T16:42:19.848-0300] GC(121) PSYoungGen: 76273K->1090K(74752K)
[2020-08-05T16:42:19.848-0300] GC(121) ParOldGen: 90691K->91156K(110080K)
[2020-08-05T16:42:19.848-0300] GC(121) Metaspace: 104674K->104674K(1148928K)
[2020-08-05T16:42:19.848-0300] GC(121) Pause Young (Allocation Failure) 163M->90M(180M) 2.952ms
[2020-08-05T16:42:19.848-0300] GC(121) User=0.01s Sys=0.00s Real=0.00s
[2020-08-05T16:42:33.681-0300] GC(122) Pause Young (Allocation Failure)
[2020-08-05T16:42:33.686-0300] GC(122) PSYoungGen: 74306K->720K(72192K)
[2020-08-05T16:42:33.686-0300] GC(122) ParOldGen: 91156K->91871K(110080K)
[2020-08-05T16:42:33.686-0300] GC(122) Metaspace: 104855K->104855K(1148928K)
[2020-08-05T16:42:33.686-0300] GC(122) Pause Young (Allocation Failure) 161M->90M(178M) 4.980ms
[2020-08-05T16:42:33.686-0300] GC(122) User=0.01s Sys=0.00s Real=0.01s
[2020-08-05T16:42:34.070-0300] GC(123) Pause Young (Allocation Failure)
[2020-08-05T16:42:34.073-0300] GC(123) PSYoungGen: 71888K->448K(69632K)
[2020-08-05T16:42:34.073-0300] GC(123) ParOldGen: 91871K->92316K(110080K)
[2020-08-05T16:42:34.073-0300] GC(123) Metaspace: 104880K->104880K(1148928K)
[2020-08-05T16:42:34.073-0300] GC(123) Pause Young (Allocation Failure) 159M->90M(175M) 2.848ms
[2020-08-05T16:42:34.073-0300] GC(123) User=0.01s Sys=0.00s Real=0.00s
[2020-08-05T16:42:34.442-0300] GC(124) Pause Young (Allocation Failure)
[2020-08-05T16:42:34.445-0300] GC(124) PSYoungGen: 69568K->560K(68096K)
[2020-08-05T16:42:34.445-0300] GC(124) ParOldGen: 92316K->92525K(110080K)
[2020-08-05T16:42:34.445-0300] GC(124) Metaspace: 104913K->104913K(1148928K)
[2020-08-05T16:42:34.445-0300] GC(124) Pause Young (Allocation Failure) 158M->90M(174M) 3.035ms
[2020-08-05T16:42:34.445-0300] GC(124) User=0.00s Sys=0.00s Real=0.01s
[2020-08-05T16:42:34.629-0300] GC(125) Pause Young (Allocation Failure)
[2020-08-05T16:42:34.632-0300] GC(125) PSYoungGen: 67632K->720K(66048K)
[2020-08-05T16:42:34.632-0300] GC(125) ParOldGen: 92525K->92949K(110080K)
[2020-08-05T16:42:34.632-0300] GC(125) Metaspace: 105036K->105036K(1148928K)
[2020-08-05T16:42:34.633-0300] GC(125) Pause Young (Allocation Failure) 156M->91M(172M) 3.881ms
[2020-08-05T16:42:34.633-0300] GC(125) User=0.01s Sys=0.00s Real=0.00s
[2020-08-05T16:42:34.850-0300] GC(126) Pause Young (Allocation Failure)
[2020-08-05T16:42:34.853-0300] GC(126) PSYoungGen: 65744K->582K(64000K)
[2020-08-05T16:42:34.853-0300] GC(126) ParOldGen: 92949K->93465K(110080K)
[2020-08-05T16:42:34.853-0300] GC(126) Metaspace: 105119K->105119K(1148928K)
[2020-08-05T16:42:34.853-0300] GC(126) Pause Young (Allocation Failure) 154M->91M(170M) 2.801ms
[2020-08-05T16:42:34.853-0300] GC(126) User=0.01s Sys=0.00s Real=0.00s
[2020-08-05T16:43:22.624-0300] GC(127) Pause Young (Allocation Failure)
[2020-08-05T16:43:22.627-0300] GC(127) PSYoungGen: 63558K->736K(61952K)
[2020-08-05T16:43:22.627-0300] GC(127) ParOldGen: 93465K->93873K(110080K)
[2020-08-05T16:43:22.627-0300] GC(127) Metaspace: 105120K->105120K(1148928K)
[2020-08-05T16:43:22.627-0300] GC(127) Pause Young (Allocation Failure) 153M->92M(168M) 2.697ms
[2020-08-05T16:43:22.627-0300] GC(127) User=0.01s Sys=0.00s Real=0.00s
[2020-08-05T16:44:14.846-0300] GC(128) Pause Young (Allocation Failure)
[2020-08-05T16:44:14.849-0300] GC(128) PSYoungGen: 61664K->722K(60416K)
[2020-08-05T16:44:14.849-0300] GC(128) ParOldGen: 93873K->94425K(110080K)
[2020-08-05T16:44:14.849-0300] GC(128) Metaspace: 105120K->105120K(1148928K)
[2020-08-05T16:44:14.849-0300] GC(128) Pause Young (Allocation Failure) 151M->92M(166M) 2.966ms
[2020-08-05T16:44:14.849-0300] GC(128) User=0.00s Sys=0.01s Real=0.00s
[2020-08-05T16:44:58.354-0300] GC(129) Pause Young (Allocation Failure)
[2020-08-05T16:44:58.363-0300] GC(129) PSYoungGen: 60114K->690K(58880K)
[2020-08-05T16:44:58.363-0300] GC(129) ParOldGen: 94425K->94968K(110080K)
[2020-08-05T16:44:58.363-0300] GC(129) Metaspace: 105122K->105122K(1148928K)
[2020-08-05T16:44:58.363-0300] GC(129) Pause Young (Allocation Failure) 150M->93M(165M) 8.659ms
[2020-08-05T16:44:58.363-0300] GC(129) User=0.01s Sys=0.00s Real=0.00s
[2020-08-05T16:45:46.030-0300] GC(130) Pause Young (Allocation Failure)
[2020-08-05T16:45:46.035-0300] GC(130) PSYoungGen: 58546K->642K(57344K)
[2020-08-05T16:45:46.035-0300] GC(130) ParOldGen: 94968K->95483K(110080K)
[2020-08-05T16:45:46.035-0300] GC(130) Metaspace: 105122K->105122K(1148928K)
[2020-08-05T16:45:46.035-0300] GC(130) Pause Young (Allocation Failure) 149M->93M(163M) 5.424ms
[2020-08-05T16:45:46.035-0300] GC(130) User=0.01s Sys=0.00s Real=0.01s
[2020-08-05T16:46:29.168-0300] GC(131) Pause Young (Allocation Failure)
[2020-08-05T16:46:29.173-0300] GC(131) PSYoungGen: 56961K->1170K(56320K)
[2020-08-05T16:46:29.173-0300] GC(131) ParOldGen: 95483K->95994K(110080K)
[2020-08-05T16:46:29.173-0300] GC(131) Metaspace: 106058K->106058K(1150976K)
[2020-08-05T16:46:29.173-0300] GC(131) Pause Young (Allocation Failure) 148M->94M(162M) 4.255ms
[2020-08-05T16:46:29.173-0300] GC(131) User=0.02s Sys=0.00s Real=0.00s
[2020-08-05T16:46:54.847-0300] GC(132) Pause Young (Allocation Failure)
[2020-08-05T16:46:54.850-0300] GC(132) PSYoungGen: 55954K->945K(54272K)
[2020-08-05T16:46:54.850-0300] GC(132) ParOldGen: 95994K->96998K(110080K)
[2020-08-05T16:46:54.850-0300] GC(132) Metaspace: 106745K->106745K(1150976K)
[2020-08-05T16:46:54.850-0300] GC(132) Pause Young (Allocation Failure) 148M->95M(160M) 3.821ms
[2020-08-05T16:46:54.850-0300] GC(132) User=0.01s Sys=0.00s Real=0.00s
[2020-08-05T16:46:55.213-0300] GC(133) Pause Young (Allocation Failure)
[2020-08-05T16:46:55.217-0300] GC(133) PSYoungGen: 54193K->352K(52224K)
[2020-08-05T16:46:55.217-0300] GC(133) ParOldGen: 96998K->97795K(110080K)
[2020-08-05T16:46:55.217-0300] GC(133) Metaspace: 106767K->106767K(1150976K)
[2020-08-05T16:46:55.217-0300] GC(133) Pause Young (Allocation Failure) 147M->95M(158M) 3.795ms
[2020-08-05T16:46:55.217-0300] GC(133) User=0.01s Sys=0.00s Real=0.01s
[2020-08-05T16:46:56.548-0300] GC(134) Pause Young (Allocation Failure)
[2020-08-05T16:46:56.551-0300] GC(134) PSYoungGen: 52064K->1142K(51712K)
[2020-08-05T16:46:56.551-0300] GC(134) ParOldGen: 97795K->97924K(110080K)
[2020-08-05T16:46:56.551-0300] GC(134) Metaspace: 107659K->107659K(1150976K)
[2020-08-05T16:46:56.551-0300] GC(134) Pause Young (Allocation Failure) 146M->96M(158M) 2.855ms
[2020-08-05T16:46:56.551-0300] GC(134) User=0.01s Sys=0.00s Real=0.00s
[2020-08-05T16:47:09.491-0300] GC(135) Pause Young (Allocation Failure)
[2020-08-05T16:47:09.494-0300] GC(135) PSYoungGen: 51318K->448K(49664K)
[2020-08-05T16:47:09.494-0300] GC(135) ParOldGen: 97924K->98859K(110080K)
[2020-08-05T16:47:09.494-0300] GC(135) Metaspace: 108204K->108204K(1153024K)
[2020-08-05T16:47:09.494-0300] GC(135) Pause Young (Allocation Failure) 145M->96M(156M) 3.199ms
[2020-08-05T16:47:09.494-0300] GC(135) User=0.01s Sys=0.00s Real=0.00s
[2020-08-05T16:47:29.908-0300] GC(136) Pause Young (Allocation Failure)
[2020-08-05T16:47:29.912-0300] GC(136) PSYoungGen: 49600K->1270K(49664K)
[2020-08-05T16:47:29.912-0300] GC(136) ParOldGen: 98859K->99204K(110080K)
[2020-08-05T16:47:29.912-0300] GC(136) Metaspace: 108783K->108783K(1153024K)
[2020-08-05T16:47:29.912-0300] GC(136) Pause Young (Allocation Failure) 144M->98M(156M) 3.964ms
[2020-08-05T16:47:29.912-0300] GC(136) User=0.01s Sys=0.00s Real=0.00s
[2020-08-05T16:47:59.369-0300] GC(137) Pause Young (Allocation Failure)
[2020-08-05T16:47:59.372-0300] GC(137) PSYoungGen: 49398K->673K(48128K)
[2020-08-05T16:47:59.372-0300] GC(137) ParOldGen: 99204K->99941K(110080K)
[2020-08-05T16:47:59.372-0300] GC(137) Metaspace: 108806K->108806K(1153024K)
[2020-08-05T16:47:59.372-0300] GC(137) Pause Young (Allocation Failure) 145M->98M(154M) 3.140ms
[2020-08-05T16:47:59.372-0300] GC(137) User=0.01s Sys=0.00s Real=0.00s
[2020-08-05T16:48:25.989-0300] GC(138) Pause Young (Allocation Failure)
[2020-08-05T16:48:25.991-0300] GC(138) PSYoungGen: 47777K->417K(46592K)
[2020-08-05T16:48:25.992-0300] GC(138) ParOldGen: 99941K->100535K(110080K)
[2020-08-05T16:48:25.992-0300] GC(138) Metaspace: 108809K->108809K(1153024K)
[2020-08-05T16:48:25.992-0300] GC(138) Pause Young (Allocation Failure) 144M->98M(153M) 2.945ms
[2020-08-05T16:48:25.992-0300] GC(138) User=0.00s Sys=0.01s Real=0.00s
[2020-08-05T16:48:48.733-0300] GC(139) Pause Young (Allocation Failure)
[2020-08-05T16:48:48.737-0300] GC(139) PSYoungGen: 46497K->465K(46592K)
[2020-08-05T16:48:48.737-0300] GC(139) ParOldGen: 100535K->100881K(110080K)
[2020-08-05T16:48:48.737-0300] GC(139) Metaspace: 108841K->108841K(1153024K)
[2020-08-05T16:48:48.737-0300] GC(139) Pause Young (Allocation Failure) 143M->98M(153M) 3.556ms
[2020-08-05T16:48:48.737-0300] GC(139) User=0.01s Sys=0.00s Real=0.01s
[2020-08-05T16:49:15.229-0300] GC(140) Pause Young (Allocation Failure)
[2020-08-05T16:49:15.233-0300] GC(140) PSYoungGen: 45521K->465K(44544K)
[2020-08-05T16:49:15.233-0300] GC(140) ParOldGen: 100881K->101214K(110080K)
[2020-08-05T16:49:15.233-0300] GC(140) Metaspace: 108850K->108850K(1153024K)
[2020-08-05T16:49:15.233-0300] GC(140) Pause Young (Allocation Failure) 142M->99M(151M) 4.185ms
[2020-08-05T16:49:15.233-0300] GC(140) User=0.01s Sys=0.00s Real=0.00s
[2020-08-05T16:49:40.674-0300] GC(141) Pause Young (Allocation Failure)
[2020-08-05T16:49:40.678-0300] GC(141) PSYoungGen: 44497K->433K(44544K)
[2020-08-05T16:49:40.678-0300] GC(141) ParOldGen: 101214K->101532K(110080K)
[2020-08-05T16:49:40.678-0300] GC(141) Metaspace: 108852K->108852K(1153024K)
[2020-08-05T16:49:40.678-0300] GC(141) Pause Young (Allocation Failure) 142M->99M(151M) 3.956ms
[2020-08-05T16:49:40.678-0300] GC(141) User=0.00s Sys=0.00s Real=0.01s
[2020-08-05T16:50:01.566-0300] GC(142) Pause Young (Allocation Failure)
[2020-08-05T16:50:01.571-0300] GC(142) PSYoungGen: 43440K->576K(43008K)
[2020-08-05T16:50:01.571-0300] GC(142) ParOldGen: 101532K->101870K(110080K)
[2020-08-05T16:50:01.571-0300] GC(142) Metaspace: 108862K->108862K(1153024K)
[2020-08-05T16:50:01.571-0300] GC(142) Pause Young (Allocation Failure) 141M->100M(149M) 4.565ms
[2020-08-05T16:50:01.571-0300] GC(142) User=0.01s Sys=0.00s Real=0.00s
[2020-08-05T16:50:01.841-0300] GC(143) Pause Young (Allocation Failure)
[2020-08-05T16:50:01.844-0300] GC(143) PSYoungGen: 42560K->256K(41472K)
[2020-08-05T16:50:01.844-0300] GC(143) ParOldGen: 101870K->102316K(110080K)
[2020-08-05T16:50:01.844-0300] GC(143) Metaspace: 108862K->108862K(1153024K)
[2020-08-05T16:50:01.844-0300] GC(143) Pause Young (Allocation Failure) 141M->100M(148M) 3.072ms
[2020-08-05T16:50:01.844-0300] GC(143) User=0.01s Sys=0.00s Real=0.00s
[2020-08-05T16:50:02.613-0300] GC(144) Pause Young (Allocation Failure)
[2020-08-05T16:50:02.617-0300] GC(144) PSYoungGen: 41216K->256K(40448K)
[2020-08-05T16:50:02.617-0300] GC(144) ParOldGen: 102316K->102419K(110080K)
[2020-08-05T16:50:02.617-0300] GC(144) Metaspace: 108960K->108960K(1153024K)
[2020-08-05T16:50:02.617-0300] GC(144) Pause Young (Allocation Failure) 140M->100M(147M) 4.146ms
[2020-08-05T16:50:02.617-0300] GC(144) User=0.01s Sys=0.00s Real=0.01s
[2020-08-05T16:50:02.892-0300] GC(145) Pause Young (Allocation Failure)
[2020-08-05T16:50:02.895-0300] GC(145) PSYoungGen: 40192K->368K(40448K)
[2020-08-05T16:50:02.895-0300] GC(145) ParOldGen: 102419K->102499K(110080K)
[2020-08-05T16:50:02.895-0300] GC(145) Metaspace: 108978K->108978K(1153024K)
[2020-08-05T16:50:02.895-0300] GC(145) Pause Young (Allocation Failure) 139M->100M(147M) 2.767ms
[2020-08-05T16:50:02.895-0300] GC(145) User=0.00s Sys=0.00s Real=0.01s
[2020-08-05T16:50:03.003-0300] GC(146) Pause Young (Allocation Failure)
[2020-08-05T16:50:03.007-0300] GC(146) PSYoungGen: 39280K->368K(47616K)
[2020-08-05T16:50:03.007-0300] GC(146) ParOldGen: 102499K->102679K(110080K)
[2020-08-05T16:50:03.007-0300] GC(146) Metaspace: 108985K->108985K(1153024K)
[2020-08-05T16:50:03.007-0300] GC(146) Pause Young (Allocation Failure) 138M->100M(154M) 4.140ms
[2020-08-05T16:50:03.008-0300] GC(146) User=0.01s Sys=0.00s Real=0.01s
[2020-08-05T16:50:03.149-0300] GC(147) Pause Young (Allocation Failure)
[2020-08-05T16:50:03.152-0300] GC(147) PSYoungGen: 47472K->384K(58368K)
[2020-08-05T16:50:03.152-0300] GC(147) ParOldGen: 102679K->102799K(110080K)
[2020-08-05T16:50:03.152-0300] GC(147) Metaspace: 109012K->109012K(1153024K)
[2020-08-05T16:50:03.152-0300] GC(147) Pause Young (Allocation Failure) 146M->100M(164M) 3.042ms
[2020-08-05T16:50:03.152-0300] GC(147) User=0.01s Sys=0.00s Real=0.00s
[2020-08-05T16:50:03.361-0300] GC(148) Pause Young (Allocation Failure)
[2020-08-05T16:50:03.364-0300] GC(148) PSYoungGen: 57216K->352K(68096K)
[2020-08-05T16:50:03.364-0300] GC(148) ParOldGen: 102799K->102879K(110080K)
[2020-08-05T16:50:03.364-0300] GC(148) Metaspace: 109027K->109027K(1153024K)
[2020-08-05T16:50:03.364-0300] GC(148) Pause Young (Allocation Failure) 156M->100M(174M) 3.093ms
[2020-08-05T16:50:03.365-0300] GC(148) User=0.01s Sys=0.00s Real=0.01s
[2020-08-05T16:50:03.522-0300] GC(149) Pause Young (Allocation Failure)
[2020-08-05T16:50:03.525-0300] GC(149) PSYoungGen: 66912K->352K(68096K)
[2020-08-05T16:50:03.525-0300] GC(149) ParOldGen: 102879K->102951K(110080K)
[2020-08-05T16:50:03.525-0300] GC(149) Metaspace: 109055K->109055K(1153024K)
[2020-08-05T16:50:03.525-0300] GC(149) Pause Young (Allocation Failure) 165M->100M(174M) 2.594ms
[2020-08-05T16:50:03.525-0300] GC(149) User=0.01s Sys=0.00s Real=0.01s
[2020-08-05T16:50:03.678-0300] GC(150) Pause Young (Allocation Failure)
[2020-08-05T16:50:03.681-0300] GC(150) PSYoungGen: 66912K->496K(81408K)
[2020-08-05T16:50:03.681-0300] GC(150) ParOldGen: 102951K->103015K(110080K)
[2020-08-05T16:50:03.681-0300] GC(150) Metaspace: 109084K->109084K(1153024K)
[2020-08-05T16:50:03.681-0300] GC(150) Pause Young (Allocation Failure) 165M->101M(187M) 2.530ms
[2020-08-05T16:50:03.681-0300] GC(150) User=0.00s Sys=0.00s Real=0.00s
[2020-08-05T16:50:03.849-0300] GC(151) Pause Young (Allocation Failure)
[2020-08-05T16:50:03.851-0300] GC(151) PSYoungGen: 80368K->448K(81408K)
[2020-08-05T16:50:03.851-0300] GC(151) ParOldGen: 103015K->103279K(110080K)
[2020-08-05T16:50:03.851-0300] GC(151) Metaspace: 109095K->109095K(1153024K)
[2020-08-05T16:50:03.851-0300] GC(151) Pause Young (Allocation Failure) 179M->101M(187M) 2.433ms
[2020-08-05T16:50:03.851-0300] GC(151) User=0.01s Sys=0.00s Real=0.00s
[2020-08-05T16:50:04.028-0300] GC(152) Pause Young (Allocation Failure)
[2020-08-05T16:50:04.031-0300] GC(152) PSYoungGen: 80320K->528K(97280K)
[2020-08-05T16:50:04.031-0300] GC(152) ParOldGen: 103279K->103375K(110080K)
[2020-08-05T16:50:04.031-0300] GC(152) Metaspace: 109109K->109109K(1153024K)
[2020-08-05T16:50:04.031-0300] GC(152) Pause Young (Allocation Failure) 179M->101M(202M) 2.972ms
[2020-08-05T16:50:04.031-0300] GC(152) User=0.01s Sys=0.00s Real=0.00s
[2020-08-05T16:50:04.235-0300] GC(153) Pause Young (Allocation Failure)
[2020-08-05T16:50:04.238-0300] GC(153) PSYoungGen: 96784K->512K(97280K)
[2020-08-05T16:50:04.238-0300] GC(153) ParOldGen: 103375K->103463K(110080K)
[2020-08-05T16:50:04.238-0300] GC(153) Metaspace: 109153K->109153K(1153024K)
[2020-08-05T16:50:04.238-0300] GC(153) Pause Young (Allocation Failure) 195M->101M(202M) 2.724ms
[2020-08-05T16:50:04.238-0300] GC(153) User=0.01s Sys=0.00s Real=0.00s
[2020-08-05T16:50:04.452-0300] GC(154) Pause Young (Allocation Failure)
[2020-08-05T16:50:04.455-0300] GC(154) PSYoungGen: 96768K->512K(116736K)
[2020-08-05T16:50:04.455-0300] GC(154) ParOldGen: 103463K->103591K(110080K)
[2020-08-05T16:50:04.455-0300] GC(154) Metaspace: 109168K->109168K(1153024K)
[2020-08-05T16:50:04.455-0300] GC(154) Pause Young (Allocation Failure) 195M->101M(221M) 3.218ms
[2020-08-05T16:50:04.455-0300] GC(154) User=0.01s Sys=0.00s Real=0.01s
[2020-08-05T16:50:04.696-0300] GC(155) Pause Young (Allocation Failure)
[2020-08-05T16:50:04.700-0300] GC(155) PSYoungGen: 116224K->544K(116736K)
[2020-08-05T16:50:04.700-0300] GC(155) ParOldGen: 103591K->103703K(110080K)
[2020-08-05T16:50:04.700-0300] GC(155) Metaspace: 109186K->109186K(1153024K)
[2020-08-05T16:50:04.700-0300] GC(155) Pause Young (Allocation Failure) 214M->101M(221M) 3.334ms
[2020-08-05T16:50:04.700-0300] GC(155) User=0.01s Sys=0.00s Real=0.00s
[2020-08-05T16:50:04.914-0300] GC(156) Pause Young (Allocation Failure)
[2020-08-05T16:50:04.918-0300] GC(156) PSYoungGen: 116256K->592K(140288K)
[2020-08-05T16:50:04.918-0300] GC(156) ParOldGen: 103703K->103839K(110080K)
[2020-08-05T16:50:04.918-0300] GC(156) Metaspace: 109189K->109189K(1153024K)
[2020-08-05T16:50:04.918-0300] GC(156) Pause Young (Allocation Failure) 214M->101M(244M) 3.549ms
[2020-08-05T16:50:04.918-0300] GC(156) User=0.01s Sys=0.00s Real=0.00s
[2020-08-05T16:50:05.151-0300] GC(157) Pause Young (Allocation Failure)
[2020-08-05T16:50:05.154-0300] GC(157) PSYoungGen: 139856K->560K(140288K)
[2020-08-05T16:50:05.154-0300] GC(157) ParOldGen: 103839K->104055K(110080K)
[2020-08-05T16:50:05.154-0300] GC(157) Metaspace: 109217K->109217K(1153024K)
[2020-08-05T16:50:05.154-0300] GC(157) Pause Young (Allocation Failure) 237M->102M(244M) 2.895ms
[2020-08-05T16:50:05.154-0300] GC(157) User=0.01s Sys=0.00s Real=0.00s
[2020-08-05T16:50:05.378-0300] GC(158) Pause Young (Allocation Failure)
[2020-08-05T16:50:05.381-0300] GC(158) PSYoungGen: 139824K->368K(168448K)
[2020-08-05T16:50:05.381-0300] GC(158) ParOldGen: 104055K->104199K(110080K)
[2020-08-05T16:50:05.381-0300] GC(158) Metaspace: 109244K->109244K(1153024K)
[2020-08-05T16:50:05.381-0300] GC(158) Pause Young (Allocation Failure) 238M->102M(272M) 3.500ms
[2020-08-05T16:50:05.381-0300] GC(158) User=0.00s Sys=0.00s Real=0.00s
[2020-08-05T16:50:05.663-0300] GC(159) Pause Young (Allocation Failure)
[2020-08-05T16:50:05.665-0300] GC(159) PSYoungGen: 167792K->480K(168448K)
[2020-08-05T16:50:05.665-0300] GC(159) ParOldGen: 104199K->104343K(110080K)
[2020-08-05T16:50:05.665-0300] GC(159) Metaspace: 109264K->109264K(1153024K)
[2020-08-05T16:50:05.665-0300] GC(159) Pause Young (Allocation Failure) 265M->102M(272M) 2.680ms
[2020-08-05T16:50:05.665-0300] GC(159) User=0.01s Sys=0.00s Real=0.01s
[2020-08-05T16:50:05.991-0300] GC(160) Pause Young (Allocation Failure)
[2020-08-05T16:50:05.995-0300] GC(160) PSYoungGen: 167904K->544K(202240K)
[2020-08-05T16:50:05.995-0300] GC(160) ParOldGen: 104343K->104543K(110080K)
[2020-08-05T16:50:05.995-0300] GC(160) Metaspace: 109289K->109289K(1153024K)
[2020-08-05T16:50:05.995-0300] GC(160) Pause Young (Allocation Failure) 265M->102M(305M) 3.826ms
[2020-08-05T16:50:05.995-0300] GC(160) User=0.01s Sys=0.00s Real=0.01s
[2020-08-05T16:50:06.332-0300] GC(161) Pause Young (Allocation Failure)
[2020-08-05T16:50:06.335-0300] GC(161) PSYoungGen: 201760K->640K(202240K)
[2020-08-05T16:50:06.335-0300] GC(161) ParOldGen: 104543K->104679K(110080K)
[2020-08-05T16:50:06.335-0300] GC(161) Metaspace: 109325K->109325K(1153024K)
[2020-08-05T16:50:06.335-0300] GC(161) Pause Young (Allocation Failure) 299M->102M(305M) 2.976ms
[2020-08-05T16:50:06.335-0300] GC(161) User=0.01s Sys=0.00s Real=0.01s
[2020-08-05T16:50:06.631-0300] GC(162) Pause Young (Allocation Failure)
[2020-08-05T16:50:06.634-0300] GC(162) PSYoungGen: 201856K->512K(242688K)
[2020-08-05T16:50:06.634-0300] GC(162) ParOldGen: 104679K->104807K(110080K)
[2020-08-05T16:50:06.634-0300] GC(162) Metaspace: 109343K->109343K(1153024K)
[2020-08-05T16:50:06.634-0300] GC(162) Pause Young (Allocation Failure) 299M->102M(344M) 2.928ms
[2020-08-05T16:50:06.634-0300] GC(162) User=0.00s Sys=0.00s Real=0.01s
[2020-08-05T16:50:07.001-0300] GC(163) Pause Young (Allocation Failure)
[2020-08-05T16:50:07.004-0300] GC(163) PSYoungGen: 242176K->688K(242688K)
[2020-08-05T16:50:07.004-0300] GC(163) ParOldGen: 104807K->104935K(110080K)
[2020-08-05T16:50:07.004-0300] GC(163) Metaspace: 109370K->109370K(1153024K)
[2020-08-05T16:50:07.004-0300] GC(163) Pause Young (Allocation Failure) 338M->103M(344M) 3.928ms
[2020-08-05T16:50:07.005-0300] GC(163) User=0.01s Sys=0.00s Real=0.01s
[2020-08-05T16:50:07.314-0300] GC(164) Pause Young (Allocation Failure)
[2020-08-05T16:50:07.319-0300] GC(164) PSYoungGen: 242352K->816K(291328K)
[2020-08-05T16:50:07.319-0300] GC(164) ParOldGen: 104935K->105087K(110080K)
[2020-08-05T16:50:07.319-0300] GC(164) Metaspace: 109387K->109387K(1153024K)
[2020-08-05T16:50:07.319-0300] GC(164) Pause Young (Allocation Failure) 339M->103M(392M) 4.827ms
[2020-08-05T16:50:07.319-0300] GC(164) User=0.00s Sys=0.00s Real=0.00s
[2020-08-05T16:50:07.719-0300] GC(165) Pause Young (Allocation Failure)
[2020-08-05T16:50:07.723-0300] GC(165) PSYoungGen: 291120K->992K(291328K)
[2020-08-05T16:50:07.723-0300] GC(165) ParOldGen: 105087K->105239K(110080K)
[2020-08-05T16:50:07.723-0300] GC(165) Metaspace: 109449K->109449K(1153024K)
[2020-08-05T16:50:07.723-0300] GC(165) Pause Young (Allocation Failure) 386M->103M(392M) 3.376ms
[2020-08-05T16:50:07.723-0300] GC(165) User=0.01s Sys=0.00s Real=0.00s
[2020-08-05T16:50:08.055-0300] GC(166) Pause Young (Allocation Failure)
[2020-08-05T16:50:08.060-0300] GC(166) PSYoungGen: 291296K->944K(350208K)
[2020-08-05T16:50:08.060-0300] GC(166) ParOldGen: 105239K->105686K(110080K)
[2020-08-05T16:50:08.060-0300] GC(166) Metaspace: 109473K->109473K(1153024K)
[2020-08-05T16:50:08.060-0300] GC(166) Pause Young (Allocation Failure) 387M->104M(449M) 4.686ms
[2020-08-05T16:50:08.060-0300] GC(166) User=0.00s Sys=0.00s Real=0.00s
[2020-08-05T16:50:08.505-0300] GC(167) Pause Young (Allocation Failure)
[2020-08-05T16:50:08.507-0300] GC(167) PSYoungGen: 349616K->864K(350208K)
[2020-08-05T16:50:08.507-0300] GC(167) ParOldGen: 105686K->105846K(110080K)
[2020-08-05T16:50:08.507-0300] GC(167) Metaspace: 109487K->109487K(1153024K)
[2020-08-05T16:50:08.508-0300] GC(167) Pause Young (Allocation Failure) 444M->104M(449M) 2.930ms
[2020-08-05T16:50:08.508-0300] GC(167) User=0.01s Sys=0.00s Real=0.00s
[2020-08-05T16:50:08.996-0300] GC(168) Pause Young (Allocation Failure)
[2020-08-05T16:50:09.001-0300] GC(168) PSYoungGen: 349536K->848K(419840K)
[2020-08-05T16:50:09.001-0300] GC(168) ParOldGen: 105846K->106202K(110080K)
[2020-08-05T16:50:09.001-0300] GC(168) Metaspace: 109556K->109556K(1153024K)
[2020-08-05T16:50:09.001-0300] GC(168) Pause Young (Allocation Failure) 444M->104M(517M) 5.472ms
[2020-08-05T16:50:09.001-0300] GC(168) User=0.01s Sys=0.00s Real=0.00s
[2020-08-05T16:50:09.561-0300] GC(169) Pause Young (Allocation Failure)
[2020-08-05T16:50:09.565-0300] GC(169) PSYoungGen: 419152K->800K(400384K)
[2020-08-05T16:50:09.565-0300] GC(169) ParOldGen: 106202K->106370K(110080K)
[2020-08-05T16:50:09.565-0300] GC(169) Metaspace: 109613K->109613K(1153024K)
[2020-08-05T16:50:09.565-0300] GC(169) Pause Young (Allocation Failure) 513M->104M(498M) 4.853ms
[2020-08-05T16:50:09.565-0300] GC(169) User=0.01s Sys=0.00s Real=0.01s
[2020-08-05T16:50:10.143-0300] GC(170) Pause Young (Allocation Failure)
[2020-08-05T16:50:10.146-0300] GC(170) PSYoungGen: 400160K->992K(381952K)
[2020-08-05T16:50:10.146-0300] GC(170) ParOldGen: 106370K->106594K(110080K)
[2020-08-05T16:50:10.146-0300] GC(170) Metaspace: 109692K->109692K(1153024K)
[2020-08-05T16:50:10.146-0300] GC(170) Pause Young (Allocation Failure) 494M->105M(480M) 3.218ms
[2020-08-05T16:50:10.146-0300] GC(170) User=0.01s Sys=0.00s Real=0.01s
[2020-08-05T16:50:10.736-0300] GC(171) Pause Young (Allocation Failure)
[2020-08-05T16:50:10.739-0300] GC(171) PSYoungGen: 381920K->992K(364544K)
[2020-08-05T16:50:10.739-0300] GC(171) ParOldGen: 106594K->106962K(110080K)
[2020-08-05T16:50:10.739-0300] GC(171) Metaspace: 109717K->109717K(1153024K)
[2020-08-05T16:50:10.739-0300] GC(171) Pause Young (Allocation Failure) 477M->105M(463M) 3.343ms
[2020-08-05T16:50:10.739-0300] GC(171) User=0.01s Sys=0.00s Real=0.00s
[2020-08-05T16:50:11.195-0300] GC(172) Pause Young (Allocation Failure)
[2020-08-05T16:50:11.198-0300] GC(172) PSYoungGen: 364512K->592K(348160K)
[2020-08-05T16:50:11.198-0300] GC(172) ParOldGen: 106962K->107130K(110080K)
[2020-08-05T16:50:11.198-0300] GC(172) Metaspace: 109745K->109745K(1153024K)
[2020-08-05T16:50:11.198-0300] GC(172) Pause Young (Allocation Failure) 460M->105M(447M) 3.778ms
[2020-08-05T16:50:11.198-0300] GC(172) User=0.01s Sys=0.00s Real=0.00s
[2020-08-05T16:50:11.740-0300] GC(173) Pause Young (Allocation Failure)
[2020-08-05T16:50:11.745-0300] GC(173) PSYoungGen: 347728K->848K(332800K)
[2020-08-05T16:50:11.745-0300] GC(173) ParOldGen: 107130K->107274K(110080K)
[2020-08-05T16:50:11.745-0300] GC(173) Metaspace: 109754K->109754K(1153024K)
[2020-08-05T16:50:11.745-0300] GC(173) Pause Young (Allocation Failure) 444M->105M(432M) 4.419ms
[2020-08-05T16:50:11.745-0300] GC(173) User=0.01s Sys=0.00s Real=0.01s
[2020-08-05T16:50:12.184-0300] GC(174) Pause Young (Allocation Failure)
[2020-08-05T16:50:12.189-0300] GC(174) PSYoungGen: 332624K->993K(317952K)
[2020-08-05T16:50:12.189-0300] GC(174) ParOldGen: 107274K->107526K(110080K)
[2020-08-05T16:50:12.189-0300] GC(174) Metaspace: 109763K->109763K(1153024K)
[2020-08-05T16:50:12.189-0300] GC(174) Pause Young (Allocation Failure) 429M->105M(418M) 4.589ms
[2020-08-05T16:50:12.189-0300] GC(174) User=0.01s Sys=0.00s Real=0.00s
[2020-08-05T16:50:12.600-0300] GC(175) Pause Young (Allocation Failure)
[2020-08-05T16:50:12.605-0300] GC(175) PSYoungGen: 317921K->1024K(304128K)
[2020-08-05T16:50:12.605-0300] GC(175) ParOldGen: 107526K->107849K(110080K)
[2020-08-05T16:50:12.605-0300] GC(175) Metaspace: 109773K->109773K(1153024K)
[2020-08-05T16:50:12.605-0300] GC(175) Pause Young (Allocation Failure) 415M->106M(404M) 4.794ms
[2020-08-05T16:50:12.605-0300] GC(175) User=0.01s Sys=0.00s Real=0.01s
[2020-08-05T16:50:12.970-0300] GC(176) Pause Young (Allocation Failure)
[2020-08-05T16:50:12.974-0300] GC(176) PSYoungGen: 303616K->560K(290304K)
[2020-08-05T16:50:12.974-0300] GC(176) ParOldGen: 107849K->108041K(110080K)
[2020-08-05T16:50:12.974-0300] GC(176) Metaspace: 109779K->109779K(1153024K)
[2020-08-05T16:50:12.975-0300] GC(176) Pause Young (Allocation Failure) 401M->106M(391M) 4.308ms
[2020-08-05T16:50:12.975-0300] GC(176) User=0.01s Sys=0.00s Real=0.01s
[2020-08-05T16:50:13.570-0300] GC(177) Pause Young (Allocation Failure)
[2020-08-05T16:50:13.575-0300] GC(177) PSYoungGen: 289840K->560K(277504K)
[2020-08-05T16:50:13.575-0300] GC(177) ParOldGen: 108041K->108217K(110080K)
[2020-08-05T16:50:13.575-0300] GC(177) Metaspace: 109852K->109852K(1153024K)
[2020-08-05T16:50:13.575-0300] GC(177) Pause Young (Allocation Failure) 388M->106M(378M) 4.145ms
[2020-08-05T16:50:13.575-0300] GC(177) User=0.00s Sys=0.00s Real=0.01s
[2020-08-05T16:50:13.956-0300] GC(178) Pause Young (Allocation Failure)
[2020-08-05T16:50:13.959-0300] GC(178) PSYoungGen: 277040K->736K(265216K)
[2020-08-05T16:50:13.959-0300] GC(178) ParOldGen: 108217K->108345K(110080K)
[2020-08-05T16:50:13.959-0300] GC(178) Metaspace: 109869K->109869K(1153024K)
[2020-08-05T16:50:13.959-0300] GC(178) Pause Young (Allocation Failure) 376M->106M(366M) 3.345ms
[2020-08-05T16:50:13.959-0300] GC(178) User=0.00s Sys=0.00s Real=0.00s
[2020-08-05T16:50:14.289-0300] GC(179) Pause Young (Allocation Failure)
[2020-08-05T16:50:14.292-0300] GC(179) PSYoungGen: 264928K->560K(253952K)
[2020-08-05T16:50:14.292-0300] GC(179) ParOldGen: 108345K->108529K(110080K)
[2020-08-05T16:50:14.292-0300] GC(179) Metaspace: 109891K->109891K(1153024K)
[2020-08-05T16:50:14.292-0300] GC(179) Pause Young (Allocation Failure) 364M->106M(355M) 3.002ms
[2020-08-05T16:50:14.292-0300] GC(179) User=0.00s Sys=0.00s Real=0.00s
[2020-08-05T16:50:14.605-0300] GC(180) Pause Young (Allocation Failure)
[2020-08-05T16:50:14.609-0300] GC(180) PSYoungGen: 253488K->384K(242688K)
[2020-08-05T16:50:14.609-0300] GC(180) ParOldGen: 108529K->108641K(110080K)
[2020-08-05T16:50:14.609-0300] GC(180) Metaspace: 109919K->109919K(1153024K)
[2020-08-05T16:50:14.609-0300] GC(180) Pause Young (Allocation Failure) 353M->106M(344M) 4.121ms
[2020-08-05T16:50:14.609-0300] GC(180) User=0.00s Sys=0.00s Real=0.00s
[2020-08-05T16:50:14.932-0300] GC(181) Pause Young (Allocation Failure)
[2020-08-05T16:50:14.937-0300] GC(181) PSYoungGen: 242560K->416K(292352K)
[2020-08-05T16:50:14.937-0300] GC(181) ParOldGen: 108641K->108761K(110080K)
[2020-08-05T16:50:14.937-0300] GC(181) Metaspace: 109935K->109935K(1153024K)
[2020-08-05T16:50:14.937-0300] GC(181) Pause Young (Allocation Failure) 342M->106M(393M) 4.576ms
[2020-08-05T16:50:14.937-0300] GC(181) User=0.01s Sys=0.00s Real=0.01s
[2020-08-05T16:50:15.273-0300] GC(182) Pause Young (Allocation Failure)
[2020-08-05T16:50:15.276-0300] GC(182) PSYoungGen: 291232K->752K(350208K)
[2020-08-05T16:50:15.276-0300] GC(182) ParOldGen: 108761K->108881K(110080K)
[2020-08-05T16:50:15.276-0300] GC(182) Metaspace: 109942K->109942K(1153024K)
[2020-08-05T16:50:15.276-0300] GC(182) Pause Young (Allocation Failure) 390M->107M(449M) 3.121ms
[2020-08-05T16:50:15.277-0300] GC(182) User=0.00s Sys=0.00s Real=0.01s
[2020-08-05T16:50:15.702-0300] GC(183) Pause Young (Allocation Failure)
[2020-08-05T16:50:15.705-0300] GC(183) PSYoungGen: 349936K->736K(334336K)
[2020-08-05T16:50:15.705-0300] GC(183) ParOldGen: 108881K->109001K(110080K)
[2020-08-05T16:50:15.705-0300] GC(183) Metaspace: 109954K->109954K(1153024K)
[2020-08-05T16:50:15.705-0300] GC(183) Pause Young (Allocation Failure) 448M->107M(434M) 3.113ms
[2020-08-05T16:50:15.705-0300] GC(183) User=0.01s Sys=0.00s Real=0.01s
[2020-08-05T16:50:16.066-0300] GC(184) Pause Young (Allocation Failure)
[2020-08-05T16:50:16.070-0300] GC(184) PSYoungGen: 334048K->720K(319488K)
[2020-08-05T16:50:16.070-0300] GC(184) ParOldGen: 109001K->109201K(110080K)
[2020-08-05T16:50:16.070-0300] GC(184) Metaspace: 109967K->109967K(1153024K)
[2020-08-05T16:50:16.070-0300] GC(184) Pause Young (Allocation Failure) 432M->107M(419M) 3.617ms
[2020-08-05T16:50:16.070-0300] GC(184) User=0.01s Sys=0.00s Real=0.00s
[2020-08-05T16:50:16.446-0300] GC(185) Pause Young (Allocation Failure)
[2020-08-05T16:50:16.450-0300] GC(185) PSYoungGen: 319184K->512K(305152K)
[2020-08-05T16:50:16.450-0300] GC(185) ParOldGen: 109201K->109329K(110080K)
[2020-08-05T16:50:16.450-0300] GC(185) Metaspace: 110041K->110041K(1153024K)
[2020-08-05T16:50:16.450-0300] GC(185) Pause Young (Allocation Failure) 418M->107M(405M) 3.549ms
[2020-08-05T16:50:16.450-0300] GC(185) User=0.00s Sys=0.00s Real=0.00s
[2020-08-05T16:50:16.790-0300] GC(186) Pause Young (Allocation Failure)
[2020-08-05T16:50:16.793-0300] GC(186) PSYoungGen: 304640K->768K(291840K)
[2020-08-05T16:50:16.793-0300] GC(186) ParOldGen: 109329K->109465K(110080K)
[2020-08-05T16:50:16.793-0300] GC(186) Metaspace: 110105K->110105K(1153024K)
[2020-08-05T16:50:16.793-0300] GC(186) Pause Young (Allocation Failure) 404M->107M(392M) 3.677ms
[2020-08-05T16:50:16.793-0300] GC(186) User=0.01s Sys=0.00s Real=0.00s
[2020-08-05T16:50:17.088-0300] GC(187) Pause Young (Allocation Failure)
[2020-08-05T16:50:17.092-0300] GC(187) PSYoungGen: 291584K->1008K(279040K)
[2020-08-05T16:50:17.092-0300] GC(187) ParOldGen: 109465K->109633K(110080K)
[2020-08-05T16:50:17.092-0300] GC(187) Metaspace: 110132K->110132K(1153024K)
[2020-08-05T16:50:17.092-0300] GC(187) Pause Young (Allocation Failure) 391M->108M(380M) 3.470ms
[2020-08-05T16:50:17.092-0300] GC(187) User=0.01s Sys=0.01s Real=0.00s
[2020-08-05T16:50:17.400-0300] GC(188) Pause Young (Allocation Failure)
[2020-08-05T16:50:17.403-0300] GC(188) PSYoungGen: 279024K->608K(334848K)
[2020-08-05T16:50:17.403-0300] GC(188) ParOldGen: 109633K->109781K(110080K)
[2020-08-05T16:50:17.403-0300] GC(188) Metaspace: 110151K->110151K(1153024K)
[2020-08-05T16:50:17.403-0300] GC(188) Pause Young (Allocation Failure) 379M->107M(434M) 3.545ms
[2020-08-05T16:50:17.404-0300] GC(188) User=0.01s Sys=0.00s Real=0.00s
[2020-08-05T16:50:17.404-0300] GC(189) Pause Full (Ergonomics)
[2020-08-05T16:50:17.404-0300] GC(189) Marking Phase
[2020-08-05T16:50:17.528-0300] GC(189) Marking Phase 124.728ms
[2020-08-05T16:50:17.528-0300] GC(189) Summary Phase
[2020-08-05T16:50:17.528-0300] GC(189) Summary Phase 0.013ms
[2020-08-05T16:50:17.528-0300] GC(189) Adjust Roots
[2020-08-05T16:50:17.568-0300] GC(189) Adjust Roots 39.848ms
[2020-08-05T16:50:17.568-0300] GC(189) Compaction Phase
[2020-08-05T16:50:17.597-0300] GC(189) Compaction Phase 28.762ms
[2020-08-05T16:50:17.597-0300] GC(189) Post Compact
[2020-08-05T16:50:17.598-0300] GC(189) Post Compact 0.551ms
[2020-08-05T16:50:17.598-0300] GC(189) PSYoungGen: 608K->0K(401408K)
[2020-08-05T16:50:17.598-0300] GC(189) ParOldGen: 109781K->72002K(105984K)
[2020-08-05T16:50:17.598-0300] GC(189) Metaspace: 110151K->110151K(1153024K)
[2020-08-05T16:50:17.598-0300] GC(189) Pause Full (Ergonomics) 107M->70M(495M) 194.494ms
[2020-08-05T16:50:17.598-0300] GC(189) User=0.37s Sys=0.00s Real=0.20s
[2020-08-05T16:50:17.990-0300] GC(190) Pause Young (Allocation Failure)
[2020-08-05T16:50:17.994-0300] GC(190) PSYoungGen: 400896K->1280K(384000K)
[2020-08-05T16:50:17.994-0300] GC(190) ParOldGen: 72002K->72002K(105984K)
[2020-08-05T16:50:17.994-0300] GC(190) Metaspace: 110171K->110171K(1153024K)
[2020-08-05T16:50:17.994-0300] GC(190) Pause Young (Allocation Failure) 461M->71M(478M) 4.492ms
[2020-08-05T16:50:17.994-0300] GC(190) User=0.01s Sys=0.00s Real=0.01s
[2020-08-05T16:50:18.378-0300] GC(191) Pause Young (Allocation Failure)
[2020-08-05T16:50:18.381-0300] GC(191) PSYoungGen: 383744K->608K(366080K)
[2020-08-05T16:50:18.381-0300] GC(191) ParOldGen: 72002K->72705K(105984K)
[2020-08-05T16:50:18.381-0300] GC(191) Metaspace: 110174K->110174K(1153024K)
[2020-08-05T16:50:18.381-0300] GC(191) Pause Young (Allocation Failure) 445M->71M(461M) 2.953ms
[2020-08-05T16:50:18.381-0300] GC(191) User=0.00s Sys=0.00s Real=0.00s
[2020-08-05T16:50:18.728-0300] GC(192) Pause Young (Allocation Failure)
[2020-08-05T16:50:18.731-0300] GC(192) PSYoungGen: 365664K->928K(349696K)
[2020-08-05T16:50:18.731-0300] GC(192) ParOldGen: 72705K->72841K(105984K)
[2020-08-05T16:50:18.731-0300] GC(192) Metaspace: 110175K->110175K(1153024K)
[2020-08-05T16:50:18.731-0300] GC(192) Pause Young (Allocation Failure) 428M->72M(445M) 2.664ms
[2020-08-05T16:50:18.731-0300] GC(192) User=0.01s Sys=0.00s Real=0.00s
[2020-08-05T16:50:19.092-0300] GC(193) Pause Young (Allocation Failure)
[2020-08-05T16:50:19.095-0300] GC(193) PSYoungGen: 349600K->720K(333824K)
[2020-08-05T16:50:19.095-0300] GC(193) ParOldGen: 72841K->73025K(105984K)
[2020-08-05T16:50:19.095-0300] GC(193) Metaspace: 110175K->110175K(1153024K)
[2020-08-05T16:50:19.095-0300] GC(193) Pause Young (Allocation Failure) 412M->72M(429M) 2.648ms
[2020-08-05T16:50:19.095-0300] GC(193) User=0.01s Sys=0.00s Real=0.01s
[2020-08-05T16:50:19.449-0300] GC(194) Pause Young (Allocation Failure)
[2020-08-05T16:50:19.453-0300] GC(194) PSYoungGen: 333520K->944K(318976K)
[2020-08-05T16:50:19.453-0300] GC(194) ParOldGen: 73025K->73169K(105984K)
[2020-08-05T16:50:19.453-0300] GC(194) Metaspace: 110175K->110175K(1153024K)
[2020-08-05T16:50:19.453-0300] GC(194) Pause Young (Allocation Failure) 397M->72M(415M) 4.326ms
[2020-08-05T16:50:19.453-0300] GC(194) User=0.01s Sys=0.00s Real=0.00s
[2020-08-05T16:50:19.771-0300] GC(195) Pause Young (Allocation Failure)
[2020-08-05T16:50:19.774-0300] GC(195) PSYoungGen: 318896K->928K(304640K)
[2020-08-05T16:50:19.774-0300] GC(195) ParOldGen: 73169K->73313K(105984K)
[2020-08-05T16:50:19.774-0300] GC(195) Metaspace: 110175K->110175K(1153024K)
[2020-08-05T16:50:19.775-0300] GC(195) Pause Young (Allocation Failure) 382M->72M(401M) 3.931ms
[2020-08-05T16:50:19.775-0300] GC(195) User=0.00s Sys=0.00s Real=0.01s
[2020-08-05T16:50:20.161-0300] GC(196) Pause Young (Allocation Failure)
[2020-08-05T16:50:20.164-0300] GC(196) PSYoungGen: 304544K->576K(291328K)
[2020-08-05T16:50:20.164-0300] GC(196) ParOldGen: 73313K->73537K(105984K)
[2020-08-05T16:50:20.164-0300] GC(196) Metaspace: 110175K->110175K(1153024K)
[2020-08-05T16:50:20.164-0300] GC(196) Pause Young (Allocation Failure) 369M->72M(388M) 3.104ms
[2020-08-05T16:50:20.164-0300] GC(196) User=0.01s Sys=0.00s Real=0.01s
[2020-08-05T16:50:20.525-0300] GC(197) Pause Young (Allocation Failure)
[2020-08-05T16:50:20.529-0300] GC(197) PSYoungGen: 290880K->832K(278528K)
[2020-08-05T16:50:20.529-0300] GC(197) ParOldGen: 73537K->73657K(105984K)
[2020-08-05T16:50:20.529-0300] GC(197) Metaspace: 110175K->110175K(1153024K)
[2020-08-05T16:50:20.529-0300] GC(197) Pause Young (Allocation Failure) 355M->72M(375M) 3.767ms
[2020-08-05T16:50:20.529-0300] GC(197) User=0.00s Sys=0.00s Real=0.00s
[2020-08-05T16:50:20.803-0300] GC(198) Pause Young (Allocation Failure)
[2020-08-05T16:50:20.806-0300] GC(198) PSYoungGen: 278336K->1056K(266752K)
[2020-08-05T16:50:20.806-0300] GC(198) ParOldGen: 73657K->73801K(105984K)
[2020-08-05T16:50:20.806-0300] GC(198) Metaspace: 110190K->110190K(1153024K)
[2020-08-05T16:50:20.806-0300] GC(198) Pause Young (Allocation Failure) 343M->73M(364M) 2.475ms
[2020-08-05T16:50:20.806-0300] GC(198) User=0.01s Sys=0.00s Real=0.01s
[2020-08-05T16:50:21.098-0300] GC(199) Pause Young (Allocation Failure)
[2020-08-05T16:50:21.101-0300] GC(199) PSYoungGen: 266272K->928K(254464K)
[2020-08-05T16:50:21.101-0300] GC(199) ParOldGen: 73801K->73905K(105984K)
[2020-08-05T16:50:21.101-0300] GC(199) Metaspace: 110193K->110193K(1153024K)
[2020-08-05T16:50:21.101-0300] GC(199) Pause Young (Allocation Failure) 332M->73M(352M) 2.889ms
[2020-08-05T16:50:21.101-0300] GC(199) User=0.01s Sys=0.00s Real=0.00s
[2020-08-05T16:50:21.374-0300] GC(200) Pause Young (Allocation Failure)
[2020-08-05T16:50:21.377-0300] GC(200) PSYoungGen: 254368K->480K(243200K)
[2020-08-05T16:50:21.377-0300] GC(200) ParOldGen: 73905K->74113K(105984K)
[2020-08-05T16:50:21.377-0300] GC(200) Metaspace: 110193K->110193K(1153024K)
[2020-08-05T16:50:21.377-0300] GC(200) Pause Young (Allocation Failure) 320M->72M(341M) 3.213ms
[2020-08-05T16:50:21.377-0300] GC(200) User=0.01s Sys=0.00s Real=0.00s
[2020-08-05T16:50:21.675-0300] GC(201) Pause Young (Allocation Failure)
[2020-08-05T16:50:21.679-0300] GC(201) PSYoungGen: 243168K->464K(292864K)
[2020-08-05T16:50:21.679-0300] GC(201) ParOldGen: 74113K->74241K(105984K)
[2020-08-05T16:50:21.679-0300] GC(201) Metaspace: 110194K->110194K(1153024K)
[2020-08-05T16:50:21.679-0300] GC(201) Pause Young (Allocation Failure) 309M->72M(389M) 4.395ms
[2020-08-05T16:50:21.679-0300] GC(201) User=0.00s Sys=0.00s Real=0.00s
[2020-08-05T16:50:21.950-0300] GC(202) Pause Young (Allocation Failure)
[2020-08-05T16:50:21.955-0300] GC(202) PSYoungGen: 291792K->800K(350720K)
[2020-08-05T16:50:21.955-0300] GC(202) ParOldGen: 74241K->74337K(105984K)
[2020-08-05T16:50:21.955-0300] GC(202) Metaspace: 110206K->110206K(1153024K)
[2020-08-05T16:50:21.955-0300] GC(202) Pause Young (Allocation Failure) 357M->73M(446M) 4.424ms
[2020-08-05T16:50:21.955-0300] GC(202) User=0.00s Sys=0.00s Real=0.01s
[2020-08-05T16:50:22.298-0300] GC(203) Pause Young (Allocation Failure)
[2020-08-05T16:50:22.302-0300] GC(203) PSYoungGen: 350496K->752K(403968K)
[2020-08-05T16:50:22.302-0300] GC(203) ParOldGen: 74337K->74609K(105984K)
[2020-08-05T16:50:22.302-0300] GC(203) Metaspace: 110224K->110224K(1153024K)
[2020-08-05T16:50:22.302-0300] GC(203) Pause Young (Allocation Failure) 414M->73M(498M) 3.404ms
[2020-08-05T16:50:22.302-0300] GC(203) User=0.01s Sys=0.00s Real=0.00s
[2020-08-05T16:50:22.710-0300] GC(204) Pause Young (Allocation Failure)
[2020-08-05T16:50:22.713-0300] GC(204) PSYoungGen: 403184K->1120K(421376K)
[2020-08-05T16:50:22.713-0300] GC(204) ParOldGen: 74609K->74786K(105984K)
[2020-08-05T16:50:22.713-0300] GC(204) Metaspace: 110226K->110226K(1153024K)
[2020-08-05T16:50:22.713-0300] GC(204) Pause Young (Allocation Failure) 466M->74M(515M) 3.095ms
[2020-08-05T16:50:22.713-0300] GC(204) User=0.01s Sys=0.00s Real=0.00s
[2020-08-05T16:50:23.120-0300] GC(205) Pause Young (Allocation Failure)
[2020-08-05T16:50:23.124-0300] GC(205) PSYoungGen: 420960K->768K(401920K)
[2020-08-05T16:50:23.124-0300] GC(205) ParOldGen: 74786K->75098K(105984K)
[2020-08-05T16:50:23.124-0300] GC(205) Metaspace: 110237K->110237K(1153024K)
[2020-08-05T16:50:23.124-0300] GC(205) Pause Young (Allocation Failure) 484M->74M(496M) 3.858ms
[2020-08-05T16:50:23.124-0300] GC(205) User=0.00s Sys=0.00s Real=0.01s
[2020-08-05T16:50:23.488-0300] GC(206) Pause Young (Allocation Failure)
[2020-08-05T16:50:23.492-0300] GC(206) PSYoungGen: 401664K->992K(383488K)
[2020-08-05T16:50:23.492-0300] GC(206) ParOldGen: 75098K->75314K(105984K)
[2020-08-05T16:50:23.492-0300] GC(206) Metaspace: 110238K->110238K(1153024K)
[2020-08-05T16:50:23.492-0300] GC(206) Pause Young (Allocation Failure) 465M->74M(478M) 3.091ms
[2020-08-05T16:50:23.492-0300] GC(206) User=0.01s Sys=0.00s Real=0.00s
[2020-08-05T16:50:23.845-0300] GC(207) Pause Young (Allocation Failure)
[2020-08-05T16:50:23.848-0300] GC(207) PSYoungGen: 383456K->432K(365568K)
[2020-08-05T16:50:23.848-0300] GC(207) ParOldGen: 75314K->75506K(105984K)
[2020-08-05T16:50:23.848-0300] GC(207) Metaspace: 110238K->110238K(1153024K)
[2020-08-05T16:50:23.848-0300] GC(207) Pause Young (Allocation Failure) 448M->74M(460M) 2.835ms
[2020-08-05T16:50:23.848-0300] GC(207) User=0.00s Sys=0.00s Real=0.00s
[2020-08-05T16:50:24.197-0300] GC(208) Pause Young (Allocation Failure)
[2020-08-05T16:50:24.201-0300] GC(208) PSYoungGen: 365488K->880K(349696K)
[2020-08-05T16:50:24.201-0300] GC(208) ParOldGen: 75506K->75658K(105984K)
[2020-08-05T16:50:24.201-0300] GC(208) Metaspace: 110238K->110238K(1153024K)
[2020-08-05T16:50:24.201-0300] GC(208) Pause Young (Allocation Failure) 430M->74M(445M) 3.535ms
[2020-08-05T16:50:24.201-0300] GC(208) User=0.01s Sys=0.00s Real=0.00s
[2020-08-05T16:50:24.514-0300] GC(209) Pause Young (Allocation Failure)
[2020-08-05T16:50:24.516-0300] GC(209) PSYoungGen: 349552K->528K(333824K)
[2020-08-05T16:50:24.516-0300] GC(209) ParOldGen: 75658K->75794K(105984K)
[2020-08-05T16:50:24.516-0300] GC(209) Metaspace: 110238K->110238K(1153024K)
[2020-08-05T16:50:24.516-0300] GC(209) Pause Young (Allocation Failure) 415M->74M(429M) 2.313ms
[2020-08-05T16:50:24.516-0300] GC(209) User=0.01s Sys=0.00s Real=0.01s
[2020-08-05T16:50:24.898-0300] GC(210) Pause Young (Allocation Failure)
[2020-08-05T16:50:24.901-0300] GC(210) PSYoungGen: 333328K->912K(318976K)
[2020-08-05T16:50:24.901-0300] GC(210) ParOldGen: 75794K->75922K(105984K)
[2020-08-05T16:50:24.901-0300] GC(210) Metaspace: 110238K->110238K(1153024K)
[2020-08-05T16:50:24.901-0300] GC(210) Pause Young (Allocation Failure) 399M->75M(415M) 2.881ms
[2020-08-05T16:50:24.901-0300] GC(210) User=0.01s Sys=0.00s Real=0.00s
[2020-08-05T16:50:25.221-0300] GC(211) Pause Young (Allocation Failure)
[2020-08-05T16:50:25.224-0300] GC(211) PSYoungGen: 318864K->928K(304640K)
[2020-08-05T16:50:25.224-0300] GC(211) ParOldGen: 75922K->76050K(105984K)
[2020-08-05T16:50:25.224-0300] GC(211) Metaspace: 110239K->110239K(1153024K)
[2020-08-05T16:50:25.224-0300] GC(211) Pause Young (Allocation Failure) 385M->75M(401M) 3.154ms
[2020-08-05T16:50:25.224-0300] GC(211) User=0.01s Sys=0.00s Real=0.00s
[2020-08-05T16:50:25.669-0300] GC(212) Pause Young (Allocation Failure)
[2020-08-05T16:50:25.672-0300] GC(212) PSYoungGen: 304544K->496K(290816K)
[2020-08-05T16:50:25.672-0300] GC(212) ParOldGen: 76050K->76138K(105984K)
[2020-08-05T16:50:25.672-0300] GC(212) Metaspace: 110241K->110241K(1153024K)
[2020-08-05T16:50:25.672-0300] GC(212) Pause Young (Allocation Failure) 371M->74M(387M) 2.651ms
[2020-08-05T16:50:25.672-0300] GC(212) User=0.00s Sys=0.00s Real=0.00s
[2020-08-05T16:50:26.008-0300] GC(213) Pause Young (Allocation Failure)
[2020-08-05T16:50:26.011-0300] GC(213) PSYoungGen: 290800K->640K(279040K)
[2020-08-05T16:50:26.011-0300] GC(213) ParOldGen: 76138K->76306K(105984K)
[2020-08-05T16:50:26.011-0300] GC(213) Metaspace: 110242K->110242K(1153024K)
[2020-08-05T16:50:26.011-0300] GC(213) Pause Young (Allocation Failure) 358M->75M(376M) 2.786ms
[2020-08-05T16:50:26.011-0300] GC(213) User=0.00s Sys=0.00s Real=0.00s
[2020-08-05T16:50:26.318-0300] GC(214) Pause Young (Allocation Failure)
[2020-08-05T16:50:26.321-0300] GC(214) PSYoungGen: 278144K->912K(266240K)
[2020-08-05T16:50:26.321-0300] GC(214) ParOldGen: 76306K->76434K(105984K)
[2020-08-05T16:50:26.321-0300] GC(214) Metaspace: 110242K->110242K(1153024K)
[2020-08-05T16:50:26.321-0300] GC(214) Pause Young (Allocation Failure) 346M->75M(363M) 3.045ms
[2020-08-05T16:50:26.321-0300] GC(214) User=0.01s Sys=0.00s Real=0.00s
[2020-08-05T16:50:26.575-0300] GC(215) Pause Young (Allocation Failure)
[2020-08-05T16:50:26.578-0300] GC(215) PSYoungGen: 266128K->864K(254464K)
[2020-08-05T16:50:26.578-0300] GC(215) ParOldGen: 76434K->76554K(105984K)
[2020-08-05T16:50:26.578-0300] GC(215) Metaspace: 110242K->110242K(1153024K)
[2020-08-05T16:50:26.578-0300] GC(215) Pause Young (Allocation Failure) 334M->75M(352M) 2.703ms
[2020-08-05T16:50:26.578-0300] GC(215) User=0.01s Sys=0.00s Real=0.00s
[2020-08-05T16:50:26.814-0300] GC(216) Pause Young (Allocation Failure)
[2020-08-05T16:50:26.816-0300] GC(216) PSYoungGen: 254304K->992K(243712K)
[2020-08-05T16:50:26.816-0300] GC(216) ParOldGen: 76554K->76674K(105984K)
[2020-08-05T16:50:26.816-0300] GC(216) Metaspace: 110242K->110242K(1153024K)
[2020-08-05T16:50:26.816-0300] GC(216) Pause Young (Allocation Failure) 323M->75M(341M) 2.441ms
[2020-08-05T16:50:26.817-0300] GC(216) User=0.01s Sys=0.01s Real=0.00s
[2020-08-05T16:50:27.029-0300] GC(217) Pause Young (Allocation Failure)
[2020-08-05T16:50:27.034-0300] GC(217) PSYoungGen: 243680K->672K(292352K)
[2020-08-05T16:50:27.034-0300] GC(217) ParOldGen: 76674K->76762K(105984K)
[2020-08-05T16:50:27.034-0300] GC(217) Metaspace: 110242K->110242K(1153024K)
[2020-08-05T16:50:27.034-0300] GC(217) Pause Young (Allocation Failure) 312M->75M(389M) 5.127ms
[2020-08-05T16:50:27.034-0300] GC(217) User=0.00s Sys=0.00s Real=0.01s
[2020-08-05T16:50:27.348-0300] GC(218) Pause Young (Allocation Failure)
[2020-08-05T16:50:27.351-0300] GC(218) PSYoungGen: 292000K->768K(350720K)
[2020-08-05T16:50:27.351-0300] GC(218) ParOldGen: 76762K->76858K(105984K)
[2020-08-05T16:50:27.351-0300] GC(218) Metaspace: 110242K->110242K(1153024K)
[2020-08-05T16:50:27.351-0300] GC(218) Pause Young (Allocation Failure) 360M->75M(446M) 2.988ms
[2020-08-05T16:50:27.351-0300] GC(218) User=0.00s Sys=0.00s Real=0.00s
[2020-08-05T16:50:27.769-0300] GC(219) Pause Young (Allocation Failure)
[2020-08-05T16:50:27.771-0300] GC(219) PSYoungGen: 350464K->480K(414208K)
[2020-08-05T16:50:27.771-0300] GC(219) ParOldGen: 76858K->76962K(105984K)
[2020-08-05T16:50:27.771-0300] GC(219) Metaspace: 110274K->110274K(1153024K)
[2020-08-05T16:50:27.771-0300] GC(219) Pause Young (Allocation Failure) 417M->75M(508M) 2.875ms
[2020-08-05T16:50:27.771-0300] GC(219) User=0.00s Sys=0.00s Real=0.00s
[2020-08-05T16:50:28.222-0300] GC(220) Pause Young (Allocation Failure)
[2020-08-05T16:50:28.226-0300] GC(220) PSYoungGen: 413152K->784K(394752K)
[2020-08-05T16:50:28.226-0300] GC(220) ParOldGen: 76962K->77122K(105984K)
[2020-08-05T16:50:28.226-0300] GC(220) Metaspace: 110277K->110277K(1153024K)
[2020-08-05T16:50:28.226-0300] GC(220) Pause Young (Allocation Failure) 478M->76M(489M) 3.759ms
[2020-08-05T16:50:28.226-0300] GC(220) User=0.01s Sys=0.00s Real=0.01s
[2020-08-05T16:50:28.606-0300] GC(221) Pause Young (Allocation Failure)
[2020-08-05T16:50:28.609-0300] GC(221) PSYoungGen: 394512K->1024K(377344K)
[2020-08-05T16:50:28.609-0300] GC(221) ParOldGen: 77122K->77359K(105984K)
[2020-08-05T16:50:28.609-0300] GC(221) Metaspace: 110277K->110277K(1153024K)
[2020-08-05T16:50:28.609-0300] GC(221) Pause Young (Allocation Failure) 460M->76M(472M) 3.403ms
[2020-08-05T16:50:28.609-0300] GC(221) User=0.01s Sys=0.00s Real=0.00s
[2020-08-05T16:50:29.014-0300] GC(222) Pause Young (Allocation Failure)
[2020-08-05T16:50:29.017-0300] GC(222) PSYoungGen: 376832K->816K(359936K)
[2020-08-05T16:50:29.017-0300] GC(222) ParOldGen: 77359K->77495K(105984K)
[2020-08-05T16:50:29.017-0300] GC(222) Metaspace: 110277K->110277K(1153024K)
[2020-08-05T16:50:29.017-0300] GC(222) Pause Young (Allocation Failure) 443M->76M(455M) 3.052ms
[2020-08-05T16:50:29.017-0300] GC(222) User=0.01s Sys=0.00s Real=0.00s
[2020-08-05T16:50:29.352-0300] GC(223) Pause Young (Allocation Failure)
[2020-08-05T16:50:29.355-0300] GC(223) PSYoungGen: 359728K->816K(343552K)
[2020-08-05T16:50:29.355-0300] GC(223) ParOldGen: 77495K->77631K(105984K)
[2020-08-05T16:50:29.355-0300] GC(223) Metaspace: 110277K->110277K(1153024K)
[2020-08-05T16:50:29.355-0300] GC(223) Pause Young (Allocation Failure) 426M->76M(439M) 3.033ms
[2020-08-05T16:50:29.355-0300] GC(223) User=0.01s Sys=0.00s Real=0.01s
[2020-08-05T16:50:29.654-0300] GC(224) Pause Young (Allocation Failure)
[2020-08-05T16:50:29.657-0300] GC(224) PSYoungGen: 343344K->464K(327680K)
[2020-08-05T16:50:29.657-0300] GC(224) ParOldGen: 77631K->77743K(105984K)
[2020-08-05T16:50:29.657-0300] GC(224) Metaspace: 110277K->110277K(1153024K)
[2020-08-05T16:50:29.657-0300] GC(224) Pause Young (Allocation Failure) 411M->76M(423M) 3.149ms
[2020-08-05T16:50:29.657-0300] GC(224) User=0.01s Sys=0.00s Real=0.01s
[2020-08-05T16:50:29.994-0300] GC(225) Pause Young (Allocation Failure)
[2020-08-05T16:50:29.998-0300] GC(225) PSYoungGen: 327632K->816K(313856K)
[2020-08-05T16:50:29.998-0300] GC(225) ParOldGen: 77743K->77855K(105984K)
[2020-08-05T16:50:29.998-0300] GC(225) Metaspace: 110277K->110277K(1153024K)
[2020-08-05T16:50:29.998-0300] GC(225) Pause Young (Allocation Failure) 395M->76M(410M) 3.672ms
[2020-08-05T16:50:29.998-0300] GC(225) User=0.01s Sys=0.00s Real=0.00s
[2020-08-05T16:50:30.409-0300] GC(226) Pause Young (Allocation Failure)
[2020-08-05T16:50:30.412-0300] GC(226) PSYoungGen: 313136K->672K(299520K)
[2020-08-05T16:50:30.412-0300] GC(226) ParOldGen: 77855K->77991K(105984K)
[2020-08-05T16:50:30.412-0300] GC(226) Metaspace: 110277K->110277K(1153024K)
[2020-08-05T16:50:30.412-0300] GC(226) Pause Young (Allocation Failure) 381M->76M(396M) 2.425ms
[2020-08-05T16:50:30.412-0300] GC(226) User=0.01s Sys=0.00s Real=0.00s
[2020-08-05T16:50:30.703-0300] GC(227) Pause Young (Allocation Failure)
[2020-08-05T16:50:30.706-0300] GC(227) PSYoungGen: 299168K->464K(285696K)
[2020-08-05T16:50:30.706-0300] GC(227) ParOldGen: 77991K->78095K(105984K)
[2020-08-05T16:50:30.706-0300] GC(227) Metaspace: 110277K->110277K(1153024K)
[2020-08-05T16:50:30.706-0300] GC(227) Pause Young (Allocation Failure) 368M->76M(382M) 3.207ms
[2020-08-05T16:50:30.706-0300] GC(227) User=0.01s Sys=0.00s Real=0.01s
[2020-08-05T16:50:30.993-0300] GC(228) Pause Young (Allocation Failure)
[2020-08-05T16:50:30.996-0300] GC(228) PSYoungGen: 285648K->800K(273920K)
[2020-08-05T16:50:30.996-0300] GC(228) ParOldGen: 78095K->78207K(105984K)
[2020-08-05T16:50:30.996-0300] GC(228) Metaspace: 110277K->110277K(1153024K)
[2020-08-05T16:50:30.996-0300] GC(228) Pause Young (Allocation Failure) 355M->77M(371M) 2.963ms
[2020-08-05T16:50:30.996-0300] GC(228) User=0.01s Sys=0.00s Real=0.01s
[2020-08-05T16:50:31.302-0300] GC(229) Pause Young (Allocation Failure)
[2020-08-05T16:50:31.304-0300] GC(229) PSYoungGen: 273696K->432K(261632K)
[2020-08-05T16:50:31.304-0300] GC(229) ParOldGen: 78207K->78303K(105984K)
[2020-08-05T16:50:31.304-0300] GC(229) Metaspace: 110277K->110277K(1153024K)
[2020-08-05T16:50:31.304-0300] GC(229) Pause Young (Allocation Failure) 343M->76M(359M) 2.642ms
[2020-08-05T16:50:31.304-0300] GC(229) User=0.00s Sys=0.00s Real=0.01s
[2020-08-05T16:50:31.584-0300] GC(230) Pause Young (Allocation Failure)
[2020-08-05T16:50:31.588-0300] GC(230) PSYoungGen: 261552K->848K(250880K)
[2020-08-05T16:50:31.588-0300] GC(230) ParOldGen: 78303K->78399K(105984K)
[2020-08-05T16:50:31.588-0300] GC(230) Metaspace: 110277K->110277K(1153024K)
[2020-08-05T16:50:31.588-0300] GC(230) Pause Young (Allocation Failure) 331M->77M(348M) 3.743ms
[2020-08-05T16:50:31.588-0300] GC(230) User=0.01s Sys=0.00s Real=0.00s
[2020-08-05T16:50:31.829-0300] GC(231) Pause Young (Allocation Failure)
[2020-08-05T16:50:31.831-0300] GC(231) PSYoungGen: 250704K->736K(240128K)
[2020-08-05T16:50:31.831-0300] GC(231) ParOldGen: 78399K->78495K(105984K)
[2020-08-05T16:50:31.831-0300] GC(231) Metaspace: 110277K->110277K(1153024K)
[2020-08-05T16:50:31.831-0300] GC(231) Pause Young (Allocation Failure) 321M->77M(338M) 2.405ms
[2020-08-05T16:50:31.831-0300] GC(231) User=0.00s Sys=0.00s Real=0.00s
[2020-08-05T16:50:32.050-0300] GC(232) Pause Young (Allocation Failure)
[2020-08-05T16:50:32.053-0300] GC(232) PSYoungGen: 239840K->800K(229888K)
[2020-08-05T16:50:32.053-0300] GC(232) ParOldGen: 78495K->78663K(105984K)
[2020-08-05T16:50:32.053-0300] GC(232) Metaspace: 110277K->110277K(1153024K)
[2020-08-05T16:50:32.053-0300] GC(232) Pause Young (Allocation Failure) 310M->77M(328M) 2.614ms
[2020-08-05T16:50:32.053-0300] GC(232) User=0.01s Sys=0.00s Real=0.00s
[2020-08-05T16:50:32.279-0300] GC(233) Pause Young (Allocation Failure)
[2020-08-05T16:50:32.281-0300] GC(233) PSYoungGen: 229664K->544K(275968K)
[2020-08-05T16:50:32.281-0300] GC(233) ParOldGen: 78663K->78759K(105984K)
[2020-08-05T16:50:32.281-0300] GC(233) Metaspace: 110277K->110277K(1153024K)
[2020-08-05T16:50:32.281-0300] GC(233) Pause Young (Allocation Failure) 301M->77M(373M) 2.717ms
[2020-08-05T16:50:32.281-0300] GC(233) User=0.01s Sys=0.00s Real=0.00s
[2020-08-05T16:50:32.551-0300] GC(234) Pause Young (Allocation Failure)
[2020-08-05T16:50:32.555-0300] GC(234) PSYoungGen: 275488K->496K(330752K)
[2020-08-05T16:50:32.555-0300] GC(234) ParOldGen: 78759K->78847K(105984K)
[2020-08-05T16:50:32.555-0300] GC(234) Metaspace: 110277K->110277K(1153024K)
[2020-08-05T16:50:32.555-0300] GC(234) Pause Young (Allocation Failure) 345M->77M(426M) 3.551ms
[2020-08-05T16:50:32.555-0300] GC(234) User=0.01s Sys=0.01s Real=0.01s
[2020-08-05T16:50:32.856-0300] GC(235) Pause Young (Allocation Failure)
[2020-08-05T16:50:32.860-0300] GC(235) PSYoungGen: 330736K->896K(397824K)
[2020-08-05T16:50:32.860-0300] GC(235) ParOldGen: 78847K->78943K(105984K)
[2020-08-05T16:50:32.860-0300] GC(235) Metaspace: 110277K->110277K(1153024K)
[2020-08-05T16:50:32.860-0300] GC(235) Pause Young (Allocation Failure) 399M->77M(492M) 3.246ms
[2020-08-05T16:50:32.860-0300] GC(235) User=0.00s Sys=0.00s Real=0.00s
[2020-08-05T16:50:33.258-0300] GC(236) Pause Young (Allocation Failure)
[2020-08-05T16:50:33.263-0300] GC(236) PSYoungGen: 397184K->784K(413696K)
[2020-08-05T16:50:33.263-0300] GC(236) ParOldGen: 78943K->79055K(105984K)
[2020-08-05T16:50:33.263-0300] GC(236) Metaspace: 110277K->110277K(1153024K)
[2020-08-05T16:50:33.263-0300] GC(236) Pause Young (Allocation Failure) 464M->77M(507M) 5.309ms
[2020-08-05T16:50:33.263-0300] GC(236) User=0.01s Sys=0.00s Real=0.00s
[2020-08-05T16:50:33.640-0300] GC(237) Pause Young (Allocation Failure)
[2020-08-05T16:50:33.644-0300] GC(237) PSYoungGen: 412944K->816K(413696K)
[2020-08-05T16:50:33.644-0300] GC(237) ParOldGen: 79055K->79239K(105984K)
[2020-08-05T16:50:33.644-0300] GC(237) Metaspace: 110277K->110277K(1153024K)
[2020-08-05T16:50:33.644-0300] GC(237) Pause Young (Allocation Failure) 480M->78M(507M) 3.104ms
[2020-08-05T16:50:33.644-0300] GC(237) User=0.01s Sys=0.00s Real=0.00s
[2020-08-05T16:50:34.022-0300] GC(238) Pause Young (Allocation Failure)
[2020-08-05T16:50:34.026-0300] GC(238) PSYoungGen: 412976K->1152K(394752K)
[2020-08-05T16:50:34.026-0300] GC(238) ParOldGen: 79239K->79463K(105984K)
[2020-08-05T16:50:34.026-0300] GC(238) Metaspace: 110277K->110277K(1153024K)
[2020-08-05T16:50:34.026-0300] GC(238) Pause Young (Allocation Failure) 480M->78M(489M) 3.265ms
[2020-08-05T16:50:34.026-0300] GC(238) User=0.01s Sys=0.00s Real=0.01s
[2020-08-05T16:50:34.398-0300] GC(239) Pause Young (Allocation Failure)
[2020-08-05T16:50:34.400-0300] GC(239) PSYoungGen: 394368K->512K(376320K)
[2020-08-05T16:50:34.400-0300] GC(239) ParOldGen: 79463K->79607K(105984K)
[2020-08-05T16:50:34.400-0300] GC(239) Metaspace: 110277K->110277K(1153024K)
[2020-08-05T16:50:34.400-0300] GC(239) Pause Young (Allocation Failure) 462M->78M(471M) 2.541ms
[2020-08-05T16:50:34.400-0300] GC(239) User=0.00s Sys=0.00s Real=0.00s
[2020-08-05T16:50:34.750-0300] GC(240) Pause Young (Allocation Failure)
[2020-08-05T16:50:34.753-0300] GC(240) PSYoungGen: 375808K->848K(359424K)
[2020-08-05T16:50:34.753-0300] GC(240) ParOldGen: 79607K->79743K(105984K)
[2020-08-05T16:50:34.753-0300] GC(240) Metaspace: 110277K->110277K(1153024K)
[2020-08-05T16:50:34.753-0300] GC(240) Pause Young (Allocation Failure) 444M->78M(454M) 2.840ms
[2020-08-05T16:50:34.753-0300] GC(240) User=0.00s Sys=0.00s Real=0.00s
[2020-08-05T16:50:35.131-0300] GC(241) Pause Young (Allocation Failure)
[2020-08-05T16:50:35.135-0300] GC(241) PSYoungGen: 359248K->640K(343040K)
[2020-08-05T16:50:35.135-0300] GC(241) ParOldGen: 79743K->79895K(105984K)
[2020-08-05T16:50:35.135-0300] GC(241) Metaspace: 110277K->110277K(1153024K)
[2020-08-05T16:50:35.135-0300] GC(241) Pause Young (Allocation Failure) 428M->78M(438M) 3.730ms
[2020-08-05T16:50:35.135-0300] GC(241) User=0.01s Sys=0.00s Real=0.01s
[2020-08-05T16:50:35.591-0300] GC(242) Pause Young (Allocation Failure)
[2020-08-05T16:50:35.594-0300] GC(242) PSYoungGen: 342656K->736K(327680K)
[2020-08-05T16:50:35.594-0300] GC(242) ParOldGen: 79895K->80015K(105984K)
[2020-08-05T16:50:35.594-0300] GC(242) Metaspace: 110277K->110277K(1153024K)
[2020-08-05T16:50:35.594-0300] GC(242) Pause Young (Allocation Failure) 412M->78M(423M) 3.205ms
[2020-08-05T16:50:35.594-0300] GC(242) User=0.00s Sys=0.00s Real=0.00s
[2020-08-05T16:50:35.968-0300] GC(243) Pause Young (Allocation Failure)
[2020-08-05T16:50:35.971-0300] GC(243) PSYoungGen: 327392K->848K(313344K)
[2020-08-05T16:50:35.971-0300] GC(243) ParOldGen: 80015K->80135K(105984K)
[2020-08-05T16:50:35.971-0300] GC(243) Metaspace: 110277K->110277K(1153024K)
[2020-08-05T16:50:35.971-0300] GC(243) Pause Young (Allocation Failure) 397M->79M(409M) 2.849ms
[2020-08-05T16:50:35.971-0300] GC(243) User=0.00s Sys=0.00s Real=0.00s
[2020-08-05T16:50:36.267-0300] GC(244) Pause Young (Allocation Failure)
[2020-08-05T16:50:36.270-0300] GC(244) PSYoungGen: 313168K->640K(299520K)
[2020-08-05T16:50:36.270-0300] GC(244) ParOldGen: 80135K->80311K(105984K)
[2020-08-05T16:50:36.270-0300] GC(244) Metaspace: 110278K->110278K(1153024K)
[2020-08-05T16:50:36.270-0300] GC(244) Pause Young (Allocation Failure) 384M->79M(396M) 3.207ms
[2020-08-05T16:50:36.270-0300] GC(244) User=0.00s Sys=0.00s Real=0.00s
[2020-08-05T16:50:36.585-0300] GC(245) Pause Young (Allocation Failure)
[2020-08-05T16:50:36.589-0300] GC(245) PSYoungGen: 299136K->752K(286208K)
[2020-08-05T16:50:36.589-0300] GC(245) ParOldGen: 80311K->80423K(105984K)
[2020-08-05T16:50:36.589-0300] GC(245) Metaspace: 110278K->110278K(1153024K)
[2020-08-05T16:50:36.589-0300] GC(245) Pause Young (Allocation Failure) 370M->79M(383M) 3.065ms
[2020-08-05T16:50:36.589-0300] GC(245) User=0.01s Sys=0.00s Real=0.00s
[2020-08-05T16:50:36.854-0300] GC(246) Pause Young (Allocation Failure)
[2020-08-05T16:50:36.858-0300] GC(246) PSYoungGen: 285936K->544K(273920K)
[2020-08-05T16:50:36.858-0300] GC(246) ParOldGen: 80423K->80535K(105984K)
[2020-08-05T16:50:36.858-0300] GC(246) Metaspace: 110278K->110278K(1153024K)
[2020-08-05T16:50:36.858-0300] GC(246) Pause Young (Allocation Failure) 357M->79M(371M) 3.457ms
[2020-08-05T16:50:36.858-0300] GC(246) User=0.00s Sys=0.00s Real=0.00s
[2020-08-05T16:50:37.189-0300] GC(247) Pause Young (Allocation Failure)
[2020-08-05T16:50:37.191-0300] GC(247) PSYoungGen: 273440K->768K(262144K)
[2020-08-05T16:50:37.191-0300] GC(247) ParOldGen: 80535K->80703K(105984K)
[2020-08-05T16:50:37.192-0300] GC(247) Metaspace: 110278K->110278K(1153024K)
[2020-08-05T16:50:37.192-0300] GC(247) Pause Young (Allocation Failure) 345M->79M(359M) 2.388ms
[2020-08-05T16:50:37.192-0300] GC(247) User=0.01s Sys=0.00s Real=0.00s
[2020-08-05T16:50:37.464-0300] GC(248) Pause Young (Allocation Failure)
[2020-08-05T16:50:37.467-0300] GC(248) PSYoungGen: 261888K->1104K(251392K)
[2020-08-05T16:50:37.467-0300] GC(248) ParOldGen: 80703K->80807K(105984K)
[2020-08-05T16:50:37.467-0300] GC(248) Metaspace: 110278K->110278K(1153024K)
[2020-08-05T16:50:37.467-0300] GC(248) Pause Young (Allocation Failure) 334M->79M(349M) 2.793ms
[2020-08-05T16:50:37.467-0300] GC(248) User=0.01s Sys=0.00s Real=0.00s
[2020-08-05T16:50:37.709-0300] GC(249) Pause Young (Allocation Failure)
[2020-08-05T16:50:37.712-0300] GC(249) PSYoungGen: 250960K->752K(240128K)
[2020-08-05T16:50:37.712-0300] GC(249) ParOldGen: 80807K->81055K(105984K)
[2020-08-05T16:50:37.712-0300] GC(249) Metaspace: 110278K->110278K(1153024K)
[2020-08-05T16:50:37.712-0300] GC(249) Pause Young (Allocation Failure) 323M->79M(338M) 3.309ms
[2020-08-05T16:50:37.712-0300] GC(249) User=0.00s Sys=0.00s Real=0.00s
[2020-08-05T16:50:37.926-0300] GC(250) Pause Young (Allocation Failure)
[2020-08-05T16:50:37.931-0300] GC(250) PSYoungGen: 239856K->976K(288256K)
[2020-08-05T16:50:37.931-0300] GC(250) ParOldGen: 81055K->81175K(105984K)
[2020-08-05T16:50:37.931-0300] GC(250) Metaspace: 110278K->110278K(1153024K)
[2020-08-05T16:50:37.931-0300] GC(250) Pause Young (Allocation Failure) 313M->80M(385M) 4.142ms
[2020-08-05T16:50:37.931-0300] GC(250) User=0.01s Sys=0.00s Real=0.00s
[2020-08-05T16:50:38.190-0300] GC(251) Pause Young (Allocation Failure)
[2020-08-05T16:50:38.193-0300] GC(251) PSYoungGen: 288208K->736K(346112K)
[2020-08-05T16:50:38.193-0300] GC(251) ParOldGen: 81175K->81263K(105984K)
[2020-08-05T16:50:38.193-0300] GC(251) Metaspace: 110278K->110278K(1153024K)
[2020-08-05T16:50:38.193-0300] GC(251) Pause Young (Allocation Failure) 360M->80M(441M) 3.104ms
[2020-08-05T16:50:38.193-0300] GC(251) User=0.00s Sys=0.00s Real=0.00s
[2020-08-05T16:50:38.540-0300] GC(252) Pause Young (Allocation Failure)
[2020-08-05T16:50:38.543-0300] GC(252) PSYoungGen: 345824K->544K(415232K)
[2020-08-05T16:50:38.543-0300] GC(252) ParOldGen: 81263K->81367K(105984K)
[2020-08-05T16:50:38.543-0300] GC(252) Metaspace: 110278K->110278K(1153024K)
[2020-08-05T16:50:38.543-0300] GC(252) Pause Young (Allocation Failure) 417M->79M(509M) 3.208ms
[2020-08-05T16:50:38.543-0300] GC(252) User=0.00s Sys=0.00s Real=0.00s
[2020-08-05T16:50:38.934-0300] GC(253) Pause Young (Allocation Failure)
[2020-08-05T16:50:38.936-0300] GC(253) PSYoungGen: 414752K->576K(488960K)
[2020-08-05T16:50:38.936-0300] GC(253) ParOldGen: 81367K->81547K(105984K)
[2020-08-05T16:50:38.936-0300] GC(253) Metaspace: 110278K->110278K(1153024K)
[2020-08-05T16:50:38.936-0300] GC(253) Pause Young (Allocation Failure) 484M->80M(581M) 2.949ms
[2020-08-05T16:50:38.937-0300] GC(253) User=0.00s Sys=0.00s Real=0.01s
[2020-08-05T16:50:39.519-0300] GC(254) Pause Young (Allocation Failure)
[2020-08-05T16:50:39.526-0300] GC(254) PSYoungGen: 488000K->816K(498176K)
[2020-08-05T16:50:39.526-0300] GC(254) ParOldGen: 81547K->81667K(105984K)
[2020-08-05T16:50:39.526-0300] GC(254) Metaspace: 110278K->110278K(1153024K)
[2020-08-05T16:50:39.526-0300] GC(254) Pause Young (Allocation Failure) 556M->80M(590M) 6.752ms
[2020-08-05T16:50:39.526-0300] GC(254) User=0.01s Sys=0.00s Real=0.01s
[2020-08-05T16:50:39.972-0300] GC(255) Pause Young (Allocation Failure)
[2020-08-05T16:50:39.976-0300] GC(255) PSYoungGen: 497456K->1008K(474624K)
[2020-08-05T16:50:39.976-0300] GC(255) ParOldGen: 81667K->81827K(105984K)
[2020-08-05T16:50:39.976-0300] GC(255) Metaspace: 110278K->110278K(1153024K)
[2020-08-05T16:50:39.976-0300] GC(255) Pause Young (Allocation Failure) 565M->80M(567M) 3.437ms
[2020-08-05T16:50:39.976-0300] GC(255) User=0.01s Sys=0.00s Real=0.01s
[2020-08-05T16:50:40.512-0300] GC(256) Pause Young (Allocation Failure)
[2020-08-05T16:50:40.516-0300] GC(256) PSYoungGen: 474608K->992K(452608K)
[2020-08-05T16:50:40.516-0300] GC(256) ParOldGen: 81827K->82155K(105984K)
[2020-08-05T16:50:40.516-0300] GC(256) Metaspace: 110278K->110278K(1153024K)
[2020-08-05T16:50:40.516-0300] GC(256) Pause Young (Allocation Failure) 543M->81M(545M) 3.397ms
[2020-08-05T16:50:40.516-0300] GC(256) User=0.01s Sys=0.00s Real=0.01s
[2020-08-05T16:50:40.954-0300] GC(257) Pause Young (Allocation Failure)
[2020-08-05T16:50:40.956-0300] GC(257) PSYoungGen: 452576K->960K(431616K)
[2020-08-05T16:50:40.956-0300] GC(257) ParOldGen: 82155K->82339K(105984K)
[2020-08-05T16:50:40.956-0300] GC(257) Metaspace: 110278K->110278K(1153024K)
[2020-08-05T16:50:40.956-0300] GC(257) Pause Young (Allocation Failure) 522M->81M(525M) 2.760ms
[2020-08-05T16:50:40.957-0300] GC(257) User=0.01s Sys=0.00s Real=0.01s
[2020-08-05T16:50:41.396-0300] GC(258) Pause Young (Allocation Failure)
[2020-08-05T16:50:41.399-0300] GC(258) PSYoungGen: 431552K->944K(411648K)
[2020-08-05T16:50:41.451-0300] GC(258) ParOldGen: 82339K->82499K(105984K)
[2020-08-05T16:50:41.451-0300] GC(258) Metaspace: 110278K->110278K(1153024K)
[2020-08-05T16:50:41.451-0300] GC(258) Pause Young (Allocation Failure) 501M->81M(505M) 55.564ms
[2020-08-05T16:50:41.451-0300] GC(258) User=0.01s Sys=0.00s Real=0.05s
[2020-08-05T16:50:41.837-0300] GC(259) Pause Young (Allocation Failure)
[2020-08-05T16:50:41.842-0300] GC(259) PSYoungGen: 411568K->592K(392704K)
[2020-08-05T16:50:41.842-0300] GC(259) ParOldGen: 82499K->82627K(105984K)
[2020-08-05T16:50:41.842-0300] GC(259) Metaspace: 110278K->110278K(1153024K)
[2020-08-05T16:50:41.842-0300] GC(259) Pause Young (Allocation Failure) 482M->81M(487M) 5.333ms
[2020-08-05T16:50:41.842-0300] GC(259) User=0.00s Sys=0.00s Real=0.00s
[2020-08-05T16:50:42.210-0300] GC(260) Pause Young (Allocation Failure)
[2020-08-05T16:50:42.214-0300] GC(260) PSYoungGen: 392272K->832K(374784K)
[2020-08-05T16:50:42.214-0300] GC(260) ParOldGen: 82627K->82844K(105984K)
[2020-08-05T16:50:42.214-0300] GC(260) Metaspace: 110278K->110278K(1153024K)
[2020-08-05T16:50:42.214-0300] GC(260) Pause Young (Allocation Failure) 463M->81M(469M) 3.183ms
[2020-08-05T16:50:42.214-0300] GC(260) User=0.00s Sys=0.00s Real=0.00s
[2020-08-05T16:50:42.611-0300] GC(261) Pause Young (Allocation Failure)
[2020-08-05T16:50:42.614-0300] GC(261) PSYoungGen: 374592K->800K(357888K)
[2020-08-05T16:50:42.614-0300] GC(261) ParOldGen: 82844K->82964K(105984K)
[2020-08-05T16:50:42.614-0300] GC(261) Metaspace: 110278K->110278K(1153024K)
[2020-08-05T16:50:42.614-0300] GC(261) Pause Young (Allocation Failure) 446M->81M(453M) 2.547ms
[2020-08-05T16:50:42.614-0300] GC(261) User=0.01s Sys=0.00s Real=0.00s
[2020-08-05T16:50:42.926-0300] GC(262) Pause Young (Allocation Failure)
[2020-08-05T16:50:42.929-0300] GC(262) PSYoungGen: 357664K->1120K(342528K)
[2020-08-05T16:50:42.929-0300] GC(262) ParOldGen: 82964K->83124K(105984K)
[2020-08-05T16:50:42.929-0300] GC(262) Metaspace: 110278K->110278K(1153024K)
[2020-08-05T16:50:42.929-0300] GC(262) Pause Young (Allocation Failure) 430M->82M(438M) 2.938ms
[2020-08-05T16:50:42.929-0300] GC(262) User=0.01s Sys=0.00s Real=0.00s
[2020-08-05T16:50:43.235-0300] GC(263) Pause Young (Allocation Failure)
[2020-08-05T16:50:43.238-0300] GC(263) PSYoungGen: 342112K->544K(326656K)
[2020-08-05T16:50:43.238-0300] GC(263) ParOldGen: 83124K->83292K(105984K)
[2020-08-05T16:50:43.238-0300] GC(263) Metaspace: 110278K->110278K(1153024K)
[2020-08-05T16:50:43.238-0300] GC(263) Pause Young (Allocation Failure) 415M->81M(422M) 2.544ms
[2020-08-05T16:50:43.238-0300] GC(263) User=0.00s Sys=0.00s Real=0.00s
[2020-08-05T16:50:43.565-0300] GC(264) Pause Young (Allocation Failure)
[2020-08-05T16:50:43.568-0300] GC(264) PSYoungGen: 326176K->576K(312320K)
[2020-08-05T16:50:43.568-0300] GC(264) ParOldGen: 83292K->83412K(105984K)
[2020-08-05T16:50:43.568-0300] GC(264) Metaspace: 110278K->110278K(1153024K)
[2020-08-05T16:50:43.568-0300] GC(264) Pause Young (Allocation Failure) 399M->82M(408M) 3.010ms
[2020-08-05T16:50:43.569-0300] GC(264) User=0.00s Sys=0.00s Real=0.00s
[2020-08-05T16:50:43.900-0300] GC(265) Pause Young (Allocation Failure)
[2020-08-05T16:50:43.904-0300] GC(265) PSYoungGen: 311872K->864K(298496K)
[2020-08-05T16:50:43.904-0300] GC(265) ParOldGen: 83412K->83540K(105984K)
[2020-08-05T16:50:43.904-0300] GC(265) Metaspace: 110278K->110278K(1153024K)
[2020-08-05T16:50:43.904-0300] GC(265) Pause Young (Allocation Failure) 386M->82M(395M) 3.763ms
[2020-08-05T16:50:43.904-0300] GC(265) User=0.00s Sys=0.00s Real=0.01s
[2020-08-05T16:50:44.187-0300] GC(266) Pause Young (Allocation Failure)
[2020-08-05T16:50:44.192-0300] GC(266) PSYoungGen: 298336K->880K(358400K)
[2020-08-05T16:50:44.192-0300] GC(266) ParOldGen: 83540K->83708K(105984K)
[2020-08-05T16:50:44.192-0300] GC(266) Metaspace: 110278K->110278K(1153024K)
[2020-08-05T16:50:44.192-0300] GC(266) Pause Young (Allocation Failure) 372M->82M(453M) 4.988ms
[2020-08-05T16:50:44.192-0300] GC(266) User=0.01s Sys=0.00s Real=0.00s
[2020-08-05T16:50:44.508-0300] GC(267) Pause Young (Allocation Failure)
[2020-08-05T16:50:44.511-0300] GC(267) PSYoungGen: 358256K->736K(429568K)
[2020-08-05T16:50:44.511-0300] GC(267) ParOldGen: 83708K->83860K(105984K)
[2020-08-05T16:50:44.511-0300] GC(267) Metaspace: 110278K->110278K(1153024K)
[2020-08-05T16:50:44.511-0300] GC(267) Pause Young (Allocation Failure) 431M->82M(523M) 2.935ms
[2020-08-05T16:50:44.511-0300] GC(267) User=0.00s Sys=0.00s Real=0.00s
[2020-08-05T16:50:44.966-0300] GC(268) Pause Young (Allocation Failure)
[2020-08-05T16:50:44.969-0300] GC(268) PSYoungGen: 429280K->544K(410112K)
[2020-08-05T16:50:44.969-0300] GC(268) ParOldGen: 83860K->83972K(105984K)
[2020-08-05T16:50:44.969-0300] GC(268) Metaspace: 110278K->110278K(1153024K)
[2020-08-05T16:50:44.969-0300] GC(268) Pause Young (Allocation Failure) 501M->82M(504M) 3.463ms
[2020-08-05T16:50:44.969-0300] GC(268) User=0.01s Sys=0.00s Real=0.00s
[2020-08-05T16:50:45.493-0300] GC(269) Pause Young (Allocation Failure)
[2020-08-05T16:50:45.496-0300] GC(269) PSYoungGen: 409632K->1008K(391680K)
[2020-08-05T16:50:45.496-0300] GC(269) ParOldGen: 83972K->84228K(105984K)
[2020-08-05T16:50:45.496-0300] GC(269) Metaspace: 110278K->110278K(1153024K)
[2020-08-05T16:50:45.496-0300] GC(269) Pause Young (Allocation Failure) 482M->83M(486M) 3.402ms
[2020-08-05T16:50:45.496-0300] GC(269) User=0.00s Sys=0.00s Real=0.01s
[2020-08-05T16:50:45.906-0300] GC(270) Pause Young (Allocation Failure)
[2020-08-05T16:50:45.908-0300] GC(270) PSYoungGen: 391664K->960K(373760K)
[2020-08-05T16:50:45.909-0300] GC(270) ParOldGen: 84228K->84348K(105984K)
[2020-08-05T16:50:45.909-0300] GC(270) Metaspace: 110278K->110278K(1153024K)
[2020-08-05T16:50:45.909-0300] GC(270) Pause Young (Allocation Failure) 464M->83M(468M) 3.006ms
[2020-08-05T16:50:45.909-0300] GC(270) User=0.01s Sys=0.00s Real=0.00s
[2020-08-05T16:50:46.312-0300] GC(271) Pause Young (Allocation Failure)
[2020-08-05T16:50:46.316-0300] GC(271) PSYoungGen: 373696K->672K(356864K)
[2020-08-05T16:50:46.316-0300] GC(271) ParOldGen: 84348K->84628K(105984K)
[2020-08-05T16:50:46.316-0300] GC(271) Metaspace: 110278K->110278K(1153024K)
[2020-08-05T16:50:46.316-0300] GC(271) Pause Young (Allocation Failure) 447M->83M(452M) 3.492ms
[2020-08-05T16:50:46.316-0300] GC(271) User=0.01s Sys=0.00s Real=0.01s
[2020-08-05T16:50:46.737-0300] GC(272) Pause Young (Allocation Failure)
[2020-08-05T16:50:46.740-0300] GC(272) PSYoungGen: 356512K->464K(340480K)
[2020-08-05T16:50:46.740-0300] GC(272) ParOldGen: 84628K->84756K(105984K)
[2020-08-05T16:50:46.740-0300] GC(272) Metaspace: 110278K->110278K(1153024K)
[2020-08-05T16:50:46.740-0300] GC(272) Pause Young (Allocation Failure) 430M->83M(436M) 2.844ms
[2020-08-05T16:50:46.740-0300] GC(272) User=0.00s Sys=0.00s Real=0.00s
[2020-08-05T16:50:47.135-0300] GC(273) Pause Young (Allocation Failure)
[2020-08-05T16:50:47.140-0300] GC(273) PSYoungGen: 340432K->720K(326144K)
[2020-08-05T16:50:47.140-0300] GC(273) ParOldGen: 84756K->84860K(105984K)
[2020-08-05T16:50:47.140-0300] GC(273) Metaspace: 110278K->110278K(1153024K)
[2020-08-05T16:50:47.140-0300] GC(273) Pause Young (Allocation Failure) 415M->83M(422M) 4.898ms
[2020-08-05T16:50:47.140-0300] GC(273) User=0.01s Sys=0.00s Real=0.00s
[2020-08-05T16:50:47.457-0300] GC(274) Pause Young (Allocation Failure)
[2020-08-05T16:50:47.462-0300] GC(274) PSYoungGen: 325328K->720K(390656K)
[2020-08-05T16:50:47.462-0300] GC(274) ParOldGen: 84860K->85004K(105984K)
[2020-08-05T16:50:47.462-0300] GC(274) Metaspace: 110278K->110278K(1153024K)
[2020-08-05T16:50:47.462-0300] GC(274) Pause Young (Allocation Failure) 400M->83M(485M) 4.856ms
[2020-08-05T16:50:47.462-0300] GC(274) User=0.00s Sys=0.00s Real=0.00s
[2020-08-05T16:50:47.861-0300] GC(275) Pause Young (Allocation Failure)
[2020-08-05T16:50:47.864-0300] GC(275) PSYoungGen: 390352K->912K(372736K)
[2020-08-05T16:50:47.864-0300] GC(275) ParOldGen: 85004K->85164K(105984K)
[2020-08-05T16:50:47.864-0300] GC(275) Metaspace: 110278K->110278K(1153024K)
[2020-08-05T16:50:47.864-0300] GC(275) Pause Young (Allocation Failure) 464M->84M(467M) 3.159ms
[2020-08-05T16:50:47.864-0300] GC(275) User=0.01s Sys=0.00s Real=0.01s
[2020-08-05T16:50:48.195-0300] GC(276) Pause Young (Allocation Failure)
[2020-08-05T16:50:48.199-0300] GC(276) PSYoungGen: 372624K->928K(355840K)
[2020-08-05T16:50:48.199-0300] GC(276) ParOldGen: 85164K->85284K(105984K)
[2020-08-05T16:50:48.199-0300] GC(276) Metaspace: 110278K->110278K(1153024K)
[2020-08-05T16:50:48.199-0300] GC(276) Pause Young (Allocation Failure) 447M->84M(451M) 3.285ms
[2020-08-05T16:50:48.199-0300] GC(276) User=0.01s Sys=0.00s Real=0.00s
[2020-08-05T16:50:48.494-0300] GC(277) Pause Young (Allocation Failure)
[2020-08-05T16:50:48.497-0300] GC(277) PSYoungGen: 355744K->912K(339968K)
[2020-08-05T16:50:48.497-0300] GC(277) ParOldGen: 85284K->85444K(105984K)
[2020-08-05T16:50:48.497-0300] GC(277) Metaspace: 110278K->110278K(1153024K)
[2020-08-05T16:50:48.497-0300] GC(277) Pause Young (Allocation Failure) 430M->84M(435M) 3.407ms
[2020-08-05T16:50:48.497-0300] GC(277) User=0.01s Sys=0.00s Real=0.00s
[2020-08-05T16:50:48.800-0300] GC(278) Pause Young (Allocation Failure)
[2020-08-05T16:50:48.803-0300] GC(278) PSYoungGen: 339856K->896K(324608K)
[2020-08-05T16:50:48.803-0300] GC(278) ParOldGen: 85444K->85604K(105984K)
[2020-08-05T16:50:48.803-0300] GC(278) Metaspace: 110278K->110278K(1153024K)
[2020-08-05T16:50:48.803-0300] GC(278) Pause Young (Allocation Failure) 415M->84M(420M) 3.215ms
[2020-08-05T16:50:48.803-0300] GC(278) User=0.00s Sys=0.00s Real=0.00s
[2020-08-05T16:50:49.092-0300] GC(279) Pause Young (Allocation Failure)
[2020-08-05T16:50:49.098-0300] GC(279) PSYoungGen: 324480K->736K(389632K)
[2020-08-05T16:50:49.098-0300] GC(279) ParOldGen: 85604K->85724K(105984K)
[2020-08-05T16:50:49.098-0300] GC(279) Metaspace: 110278K->110278K(1153024K)
[2020-08-05T16:50:49.098-0300] GC(279) Pause Young (Allocation Failure) 400M->84M(484M) 5.831ms
[2020-08-05T16:50:49.098-0300] GC(279) User=0.01s Sys=0.00s Real=0.01s
[2020-08-05T16:50:49.504-0300] GC(280) Pause Young (Allocation Failure)
[2020-08-05T16:50:49.507-0300] GC(280) PSYoungGen: 389344K->1120K(467456K)
[2020-08-05T16:50:49.507-0300] GC(280) ParOldGen: 85724K->85864K(105984K)
[2020-08-05T16:50:49.507-0300] GC(280) Metaspace: 110278K->110278K(1153024K)
[2020-08-05T16:50:49.507-0300] GC(280) Pause Young (Allocation Failure) 463M->84M(560M) 3.240ms
[2020-08-05T16:50:49.507-0300] GC(280) User=0.00s Sys=0.00s Real=0.01s
[2020-08-05T16:50:49.929-0300] GC(281) Pause Young (Allocation Failure)
[2020-08-05T16:50:49.933-0300] GC(281) PSYoungGen: 467026K->897K(485888K)
[2020-08-05T16:50:49.933-0300] GC(281) ParOldGen: 85864K->86016K(105984K)
[2020-08-05T16:50:49.933-0300] GC(281) Metaspace: 110278K->110278K(1153024K)
[2020-08-05T16:50:49.933-0300] GC(281) Pause Young (Allocation Failure) 539M->84M(578M) 3.204ms
[2020-08-05T16:50:49.933-0300] GC(281) User=0.01s Sys=0.00s Real=0.00s
[2020-08-05T16:50:50.516-0300] GC(282) Pause Young (Allocation Failure)
[2020-08-05T16:50:50.519-0300] GC(282) PSYoungGen: 485249K->880K(462848K)
[2020-08-05T16:50:50.519-0300] GC(282) ParOldGen: 86016K->86232K(105984K)
[2020-08-05T16:50:50.519-0300] GC(282) Metaspace: 110278K->110278K(1153024K)
[2020-08-05T16:50:50.519-0300] GC(282) Pause Young (Allocation Failure) 557M->85M(555M) 3.152ms
[2020-08-05T16:50:50.519-0300] GC(282) User=0.01s Sys=0.00s Real=0.00s
[2020-08-05T16:50:50.971-0300] GC(283) Pause Young (Allocation Failure)
[2020-08-05T16:50:50.975-0300] GC(283) PSYoungGen: 462704K->896K(441344K)
[2020-08-05T16:50:50.975-0300] GC(283) ParOldGen: 86232K->86376K(105984K)
[2020-08-05T16:50:50.975-0300] GC(283) Metaspace: 110278K->110278K(1153024K)
[2020-08-05T16:50:50.975-0300] GC(283) Pause Young (Allocation Failure) 536M->85M(534M) 4.128ms
[2020-08-05T16:50:50.975-0300] GC(283) User=0.01s Sys=0.00s Real=0.01s
[2020-08-05T16:50:51.386-0300] GC(284) Pause Young (Allocation Failure)
[2020-08-05T16:50:51.388-0300] GC(284) PSYoungGen: 441216K->656K(421376K)
[2020-08-05T16:50:51.388-0300] GC(284) ParOldGen: 86376K->86512K(105984K)
[2020-08-05T16:50:51.388-0300] GC(284) Metaspace: 110278K->110278K(1153024K)
[2020-08-05T16:50:51.388-0300] GC(284) Pause Young (Allocation Failure) 515M->85M(515M) 2.480ms
[2020-08-05T16:50:51.388-0300] GC(284) User=0.00s Sys=0.00s Real=0.00s
[2020-08-05T16:50:51.821-0300] GC(285) Pause Young (Allocation Failure)
[2020-08-05T16:50:51.826-0300] GC(285) PSYoungGen: 421008K->928K(401920K)
[2020-08-05T16:50:51.826-0300] GC(285) ParOldGen: 86512K->86688K(105984K)
[2020-08-05T16:50:51.826-0300] GC(285) Metaspace: 110278K->110278K(1153024K)
[2020-08-05T16:50:51.826-0300] GC(285) Pause Young (Allocation Failure) 495M->85M(496M) 4.697ms
[2020-08-05T16:50:51.826-0300] GC(285) User=0.01s Sys=0.01s Real=0.01s
[2020-08-05T16:50:52.171-0300] GC(286) Pause Young (Allocation Failure)
[2020-08-05T16:50:52.174-0300] GC(286) PSYoungGen: 401824K->880K(383488K)
[2020-08-05T16:50:52.174-0300] GC(286) ParOldGen: 86688K->86808K(105984K)
[2020-08-05T16:50:52.174-0300] GC(286) Metaspace: 110278K->110278K(1153024K)
[2020-08-05T16:50:52.174-0300] GC(286) Pause Young (Allocation Failure) 477M->85M(478M) 2.884ms
[2020-08-05T16:50:52.174-0300] GC(286) User=0.01s Sys=0.00s Real=0.01s
[2020-08-05T16:50:52.559-0300] GC(287) Pause Young (Allocation Failure)
[2020-08-05T16:50:52.564-0300] GC(287) PSYoungGen: 383344K->864K(366080K)
[2020-08-05T16:50:52.564-0300] GC(287) ParOldGen: 86808K->86944K(105984K)
[2020-08-05T16:50:52.564-0300] GC(287) Metaspace: 110278K->110278K(1153024K)
[2020-08-05T16:50:52.564-0300] GC(287) Pause Young (Allocation Failure) 459M->85M(461M) 4.216ms
[2020-08-05T16:50:52.564-0300] GC(287) User=0.01s Sys=0.00s Real=0.00s
[2020-08-05T16:50:52.901-0300] GC(288) Pause Young (Allocation Failure)
[2020-08-05T16:50:52.904-0300] GC(288) PSYoungGen: 365920K->616K(349696K)
[2020-08-05T16:50:52.904-0300] GC(288) ParOldGen: 86944K->87064K(105984K)
[2020-08-05T16:50:52.904-0300] GC(288) Metaspace: 110278K->110278K(1153024K)
[2020-08-05T16:50:52.904-0300] GC(288) Pause Young (Allocation Failure) 442M->85M(445M) 3.428ms
[2020-08-05T16:50:52.904-0300] GC(288) User=0.01s Sys=0.00s Real=0.01s
[2020-08-05T16:50:53.230-0300] GC(289) Pause Young (Allocation Failure)
[2020-08-05T16:50:53.233-0300] GC(289) PSYoungGen: 349288K->864K(333824K)
[2020-08-05T16:50:53.233-0300] GC(289) ParOldGen: 87064K->87240K(105984K)
[2020-08-05T16:50:53.233-0300] GC(289) Metaspace: 110278K->110278K(1153024K)
[2020-08-05T16:50:53.233-0300] GC(289) Pause Young (Allocation Failure) 426M->86M(429M) 2.981ms
[2020-08-05T16:50:53.233-0300] GC(289) User=0.01s Sys=0.01s Real=0.00s
[2020-08-05T16:50:53.540-0300] GC(290) Pause Young (Allocation Failure)
[2020-08-05T16:50:53.543-0300] GC(290) PSYoungGen: 333664K->736K(318976K)
[2020-08-05T16:50:53.543-0300] GC(290) ParOldGen: 87240K->87360K(105984K)
[2020-08-05T16:50:53.543-0300] GC(290) Metaspace: 110278K->110278K(1153024K)
[2020-08-05T16:50:53.543-0300] GC(290) Pause Young (Allocation Failure) 411M->86M(415M) 3.216ms
[2020-08-05T16:50:53.543-0300] GC(290) User=0.01s Sys=0.00s Real=0.00s
[2020-08-05T16:50:53.885-0300] GC(291) Pause Young (Allocation Failure)
[2020-08-05T16:50:53.888-0300] GC(291) PSYoungGen: 318688K->544K(304640K)
[2020-08-05T16:50:53.888-0300] GC(291) ParOldGen: 87360K->87488K(105984K)
[2020-08-05T16:50:53.888-0300] GC(291) Metaspace: 110278K->110278K(1153024K)
[2020-08-05T16:50:53.888-0300] GC(291) Pause Young (Allocation Failure) 396M->85M(401M) 2.359ms
[2020-08-05T16:50:53.888-0300] GC(291) User=0.01s Sys=0.00s Real=0.00s
[2020-08-05T16:50:54.167-0300] GC(292) Pause Young (Allocation Failure)
[2020-08-05T16:50:54.171-0300] GC(292) PSYoungGen: 304160K->880K(291328K)
[2020-08-05T16:50:54.171-0300] GC(292) ParOldGen: 87488K->87592K(105984K)
[2020-08-05T16:50:54.171-0300] GC(292) Metaspace: 110278K->110278K(1153024K)
[2020-08-05T16:50:54.171-0300] GC(292) Pause Young (Allocation Failure) 382M->86M(388M) 3.516ms
[2020-08-05T16:50:54.171-0300] GC(292) User=0.01s Sys=0.00s Real=0.00s
[2020-08-05T16:50:54.432-0300] GC(293) Pause Young (Allocation Failure)
[2020-08-05T16:50:54.435-0300] GC(293) PSYoungGen: 291184K->832K(278528K)
[2020-08-05T16:50:54.435-0300] GC(293) ParOldGen: 87592K->87792K(105984K)
[2020-08-05T16:50:54.435-0300] GC(293) Metaspace: 110278K->110278K(1153024K)
[2020-08-05T16:50:54.435-0300] GC(293) Pause Young (Allocation Failure) 369M->86M(375M) 2.913ms
[2020-08-05T16:50:54.435-0300] GC(293) User=0.01s Sys=0.01s Real=0.01s
[2020-08-05T16:50:54.692-0300] GC(294) Pause Young (Allocation Failure)
[2020-08-05T16:50:54.695-0300] GC(294) PSYoungGen: 278336K->544K(266240K)
[2020-08-05T16:50:54.695-0300] GC(294) ParOldGen: 87792K->88009K(105984K)
[2020-08-05T16:50:54.695-0300] GC(294) Metaspace: 110278K->110278K(1153024K)
[2020-08-05T16:50:54.695-0300] GC(294) Pause Young (Allocation Failure) 357M->86M(363M) 2.655ms
[2020-08-05T16:50:54.695-0300] GC(294) User=0.01s Sys=0.00s Real=0.01s
[2020-08-05T16:50:54.971-0300] GC(295) Pause Young (Allocation Failure)
[2020-08-05T16:50:54.973-0300] GC(295) PSYoungGen: 265760K->304K(253952K)
[2020-08-05T16:50:54.973-0300] GC(295) ParOldGen: 88009K->88129K(105984K)
[2020-08-05T16:50:54.973-0300] GC(295) Metaspace: 110278K->110278K(1153024K)
[2020-08-05T16:50:54.973-0300] GC(295) Pause Young (Allocation Failure) 345M->86M(351M) 2.649ms
[2020-08-05T16:50:54.973-0300] GC(295) User=0.01s Sys=0.00s Real=0.00s
[2020-08-05T16:50:55.245-0300] GC(296) Pause Young (Allocation Failure)
[2020-08-05T16:50:55.248-0300] GC(296) PSYoungGen: 253744K->656K(305152K)
[2020-08-05T16:50:55.248-0300] GC(296) ParOldGen: 88129K->88217K(105984K)
[2020-08-05T16:50:55.248-0300] GC(296) Metaspace: 110278K->110278K(1153024K)
[2020-08-05T16:50:55.249-0300] GC(296) Pause Young (Allocation Failure) 333M->86M(401M) 3.524ms
[2020-08-05T16:50:55.249-0300] GC(296) User=0.01s Sys=0.00s Real=0.00s
[2020-08-05T16:50:55.631-0300] GC(297) Pause Young (Allocation Failure)
[2020-08-05T16:50:55.634-0300] GC(297) PSYoungGen: 304784K->416K(291328K)
[2020-08-05T16:50:55.634-0300] GC(297) ParOldGen: 88217K->88297K(105984K)
[2020-08-05T16:50:55.634-0300] GC(297) Metaspace: 110278K->110278K(1153024K)
[2020-08-05T16:50:55.634-0300] GC(297) Pause Young (Allocation Failure) 383M->86M(388M) 3.247ms
[2020-08-05T16:50:55.634-0300] GC(297) User=0.01s Sys=0.00s Real=0.01s
[2020-08-05T16:50:55.939-0300] GC(298) Pause Young (Allocation Failure)
[2020-08-05T16:50:55.942-0300] GC(298) PSYoungGen: 291232K->560K(279040K)
[2020-08-05T16:50:55.942-0300] GC(298) ParOldGen: 88297K->88457K(105984K)
[2020-08-05T16:50:55.942-0300] GC(298) Metaspace: 110278K->110278K(1153024K)
[2020-08-05T16:50:55.942-0300] GC(298) Pause Young (Allocation Failure) 370M->86M(376M) 2.999ms
[2020-08-05T16:50:55.942-0300] GC(298) User=0.01s Sys=0.00s Real=0.00s
[2020-08-05T16:50:56.212-0300] GC(299) Pause Young (Allocation Failure)
[2020-08-05T16:50:56.217-0300] GC(299) PSYoungGen: 278576K->960K(334848K)
[2020-08-05T16:50:56.217-0300] GC(299) ParOldGen: 88457K->88553K(105984K)
[2020-08-05T16:50:56.217-0300] GC(299) Metaspace: 110278K->110278K(1153024K)
[2020-08-05T16:50:56.217-0300] GC(299) Pause Young (Allocation Failure) 358M->87M(430M) 4.811ms
[2020-08-05T16:50:56.217-0300] GC(299) User=0.01s Sys=0.00s Real=0.01s
[2020-08-05T16:50:56.520-0300] GC(300) Pause Young (Allocation Failure)
[2020-08-05T16:50:56.523-0300] GC(300) PSYoungGen: 334784K->688K(401920K)
[2020-08-05T16:50:56.523-0300] GC(300) ParOldGen: 88553K->88681K(105984K)
[2020-08-05T16:50:56.523-0300] GC(300) Metaspace: 110279K->110279K(1153024K)
[2020-08-05T16:50:56.523-0300] GC(300) Pause Young (Allocation Failure) 413M->87M(496M) 3.616ms
[2020-08-05T16:50:56.523-0300] GC(300) User=0.01s Sys=0.00s Real=0.00s
[2020-08-05T16:50:56.885-0300] GC(301) Pause Young (Allocation Failure)
[2020-08-05T16:50:56.889-0300] GC(301) PSYoungGen: 401584K->848K(481792K)
[2020-08-05T16:50:56.889-0300] GC(301) ParOldGen: 88681K->88801K(105984K)
[2020-08-05T16:50:56.889-0300] GC(301) Metaspace: 110279K->110279K(1153024K)
[2020-08-05T16:50:56.889-0300] GC(301) Pause Young (Allocation Failure) 478M->87M(574M) 3.166ms
[2020-08-05T16:50:56.889-0300] GC(301) User=0.01s Sys=0.00s Real=0.00s
[2020-08-05T16:50:57.354-0300] GC(302) Pause Young (Allocation Failure)
[2020-08-05T16:50:57.358-0300] GC(302) PSYoungGen: 481616K->864K(459776K)
[2020-08-05T16:50:57.358-0300] GC(302) ParOldGen: 88801K->88921K(105984K)
[2020-08-05T16:50:57.358-0300] GC(302) Metaspace: 110279K->110279K(1153024K)
[2020-08-05T16:50:57.358-0300] GC(302) Pause Young (Allocation Failure) 557M->87M(552M) 3.644ms
[2020-08-05T16:50:57.358-0300] GC(302) User=0.01s Sys=0.00s Real=0.00s
[2020-08-05T16:50:57.885-0300] GC(303) Pause Young (Allocation Failure)
[2020-08-05T16:50:57.890-0300] GC(303) PSYoungGen: 459616K->592K(438784K)
[2020-08-05T16:50:57.890-0300] GC(303) ParOldGen: 88921K->89073K(105984K)
[2020-08-05T16:50:57.890-0300] GC(303) Metaspace: 110279K->110279K(1153024K)
[2020-08-05T16:50:57.890-0300] GC(303) Pause Young (Allocation Failure) 535M->87M(532M) 4.858ms
[2020-08-05T16:50:57.890-0300] GC(303) User=0.00s Sys=0.00s Real=0.00s
[2020-08-05T16:50:58.315-0300] GC(304) Pause Young (Allocation Failure)
[2020-08-05T16:50:58.318-0300] GC(304) PSYoungGen: 438352K->576K(418816K)
[2020-08-05T16:50:58.318-0300] GC(304) ParOldGen: 89073K->89217K(105984K)
[2020-08-05T16:50:58.318-0300] GC(304) Metaspace: 110280K->110280K(1153024K)
[2020-08-05T16:50:58.318-0300] GC(304) Pause Young (Allocation Failure) 515M->87M(512M) 3.227ms
[2020-08-05T16:50:58.318-0300] GC(304) User=0.01s Sys=0.00s Real=0.00s
[2020-08-05T16:50:58.751-0300] GC(305) Pause Young (Allocation Failure)
[2020-08-05T16:50:58.757-0300] GC(305) PSYoungGen: 418368K->768K(399872K)
[2020-08-05T16:50:58.757-0300] GC(305) ParOldGen: 89217K->89345K(105984K)
[2020-08-05T16:50:58.757-0300] GC(305) Metaspace: 110280K->110280K(1153024K)
[2020-08-05T16:50:58.757-0300] GC(305) Pause Young (Allocation Failure) 495M->88M(494M) 5.218ms
[2020-08-05T16:50:58.757-0300] GC(305) User=0.01s Sys=0.01s Real=0.01s
[2020-08-05T16:50:59.175-0300] GC(306) Pause Young (Allocation Failure)
[2020-08-05T16:50:59.178-0300] GC(306) PSYoungGen: 399616K->1088K(382464K)
[2020-08-05T16:50:59.178-0300] GC(306) ParOldGen: 89345K->89481K(105984K)
[2020-08-05T16:50:59.178-0300] GC(306) Metaspace: 110283K->110283K(1153024K)
[2020-08-05T16:50:59.178-0300] GC(306) Pause Young (Allocation Failure) 477M->88M(477M) 2.917ms
[2020-08-05T16:50:59.178-0300] GC(306) User=0.01s Sys=0.00s Real=0.00s
[2020-08-05T16:50:59.521-0300] GC(307) Pause Young (Allocation Failure)
[2020-08-05T16:50:59.524-0300] GC(307) PSYoungGen: 382016K->848K(364544K)
[2020-08-05T16:50:59.524-0300] GC(307) ParOldGen: 89481K->89725K(105984K)
[2020-08-05T16:50:59.524-0300] GC(307) Metaspace: 110284K->110284K(1153024K)
[2020-08-05T16:50:59.524-0300] GC(307) Pause Young (Allocation Failure) 460M->88M(459M) 3.687ms
[2020-08-05T16:50:59.524-0300] GC(307) User=0.01s Sys=0.00s Real=0.01s
[2020-08-05T16:50:59.897-0300] GC(308) Pause Young (Allocation Failure)
[2020-08-05T16:50:59.900-0300] GC(308) PSYoungGen: 364368K->790K(348160K)
[2020-08-05T16:50:59.900-0300] GC(308) ParOldGen: 89725K->89829K(105984K)
[2020-08-05T16:50:59.900-0300] GC(308) Metaspace: 110284K->110284K(1153024K)
[2020-08-05T16:50:59.900-0300] GC(308) Pause Young (Allocation Failure) 443M->88M(443M) 3.098ms
[2020-08-05T16:50:59.900-0300] GC(308) User=0.01s Sys=0.00s Real=0.00s
[2020-08-05T16:51:00.277-0300] GC(309) Pause Young (Allocation Failure)
[2020-08-05T16:51:00.281-0300] GC(309) PSYoungGen: 347926K->656K(332800K)
[2020-08-05T16:51:00.281-0300] GC(309) ParOldGen: 89829K->90045K(105984K)
[2020-08-05T16:51:00.281-0300] GC(309) Metaspace: 110285K->110285K(1153024K)
[2020-08-05T16:51:00.281-0300] GC(309) Pause Young (Allocation Failure) 427M->88M(428M) 3.706ms
[2020-08-05T16:51:00.281-0300] GC(309) User=0.00s Sys=0.00s Real=0.00s
[2020-08-05T16:51:00.763-0300] GC(310) Pause Young (Allocation Failure)
[2020-08-05T16:51:00.767-0300] GC(310) PSYoungGen: 332432K->1056K(318464K)
[2020-08-05T16:51:00.767-0300] GC(310) ParOldGen: 90045K->90141K(105984K)
[2020-08-05T16:51:00.767-0300] GC(310) Metaspace: 110285K->110285K(1153024K)
[2020-08-05T16:51:00.767-0300] GC(310) Pause Young (Allocation Failure) 412M->89M(414M) 3.942ms
[2020-08-05T16:51:00.767-0300] GC(310) User=0.01s Sys=0.00s Real=0.01s
[2020-08-05T16:51:01.052-0300] GC(311) Pause Young (Allocation Failure)
[2020-08-05T16:51:01.056-0300] GC(311) PSYoungGen: 317984K->992K(303616K)
[2020-08-05T16:51:01.056-0300] GC(311) ParOldGen: 90141K->90365K(105984K)
[2020-08-05T16:51:01.056-0300] GC(311) Metaspace: 110285K->110285K(1153024K)
[2020-08-05T16:51:01.056-0300] GC(311) Pause Young (Allocation Failure) 398M->89M(400M) 3.880ms
[2020-08-05T16:51:01.056-0300] GC(311) User=0.01s Sys=0.01s Real=0.01s
[2020-08-05T16:51:01.348-0300] GC(312) Pause Young (Allocation Failure)
[2020-08-05T16:51:01.351-0300] GC(312) PSYoungGen: 303584K->736K(364544K)
[2020-08-05T16:51:01.351-0300] GC(312) ParOldGen: 90365K->90485K(105984K)
[2020-08-05T16:51:01.351-0300] GC(312) Metaspace: 110285K->110285K(1153024K)
[2020-08-05T16:51:01.351-0300] GC(312) Pause Young (Allocation Failure) 384M->89M(459M) 3.509ms
[2020-08-05T16:51:01.351-0300] GC(312) User=0.01s Sys=0.00s Real=0.00s
[2020-08-05T16:51:02.465-0300] GC(313) Pause Young (Allocation Failure)
[2020-08-05T16:51:02.472-0300] GC(313) PSYoungGen: 364256K->1040K(348672K)
[2020-08-05T16:51:02.472-0300] GC(313) ParOldGen: 90485K->90589K(105984K)
[2020-08-05T16:51:02.472-0300] GC(313) Metaspace: 110285K->110285K(1153024K)
[2020-08-05T16:51:02.472-0300] GC(313) Pause Young (Allocation Failure) 444M->89M(444M) 7.033ms
[2020-08-05T16:51:02.473-0300] GC(313) User=0.01s Sys=0.00s Real=0.00s
[2020-08-05T16:51:03.009-0300] GC(314) Pause Young (Allocation Failure)
[2020-08-05T16:51:03.013-0300] GC(314) PSYoungGen: 348176K->656K(332800K)
[2020-08-05T16:51:03.013-0300] GC(314) ParOldGen: 90589K->90749K(105984K)
[2020-08-05T16:51:03.013-0300] GC(314) Metaspace: 110289K->110289K(1153024K)
[2020-08-05T16:51:03.013-0300] GC(314) Pause Young (Allocation Failure) 428M->89M(428M) 3.730ms
[2020-08-05T16:51:03.013-0300] GC(314) User=0.01s Sys=0.00s Real=0.00s
[2020-08-05T16:51:03.317-0300] GC(315) Pause Young (Allocation Failure)
[2020-08-05T16:51:03.321-0300] GC(315) PSYoungGen: 332432K->832K(317952K)
[2020-08-05T16:51:03.321-0300] GC(315) ParOldGen: 90749K->90937K(105984K)
[2020-08-05T16:51:03.321-0300] GC(315) Metaspace: 110289K->110289K(1153024K)
[2020-08-05T16:51:03.321-0300] GC(315) Pause Young (Allocation Failure) 413M->89M(414M) 3.772ms
[2020-08-05T16:51:03.321-0300] GC(315) User=0.00s Sys=0.00s Real=0.00s
[2020-08-05T16:51:03.621-0300] GC(316) Pause Young (Allocation Failure)
[2020-08-05T16:51:03.625-0300] GC(316) PSYoungGen: 317760K->624K(303616K)
[2020-08-05T16:51:03.625-0300] GC(316) ParOldGen: 90937K->91033K(105984K)
[2020-08-05T16:51:03.625-0300] GC(316) Metaspace: 110289K->110289K(1153024K)
[2020-08-05T16:51:03.625-0300] GC(316) Pause Young (Allocation Failure) 399M->89M(400M) 3.504ms
[2020-08-05T16:51:03.625-0300] GC(316) User=0.01s Sys=0.00s Real=0.01s
[2020-08-05T16:51:03.935-0300] GC(317) Pause Young (Allocation Failure)
[2020-08-05T16:51:03.938-0300] GC(317) PSYoungGen: 303216K->608K(364544K)
[2020-08-05T16:51:03.938-0300] GC(317) ParOldGen: 91033K->91145K(105984K)
[2020-08-05T16:51:03.938-0300] GC(317) Metaspace: 110289K->110289K(1153024K)
[2020-08-05T16:51:03.938-0300] GC(317) Pause Young (Allocation Failure) 385M->89M(459M) 3.730ms
[2020-08-05T16:51:03.938-0300] GC(317) User=0.01s Sys=0.00s Real=0.00s
[2020-08-05T16:51:04.289-0300] GC(318) Pause Young (Allocation Failure)
[2020-08-05T16:51:04.292-0300] GC(318) PSYoungGen: 364128K->720K(348160K)
[2020-08-05T16:51:04.292-0300] GC(318) ParOldGen: 91145K->91249K(105984K)
[2020-08-05T16:51:04.292-0300] GC(318) Metaspace: 110289K->110289K(1153024K)
[2020-08-05T16:51:04.292-0300] GC(318) Pause Young (Allocation Failure) 444M->89M(443M) 2.960ms
[2020-08-05T16:51:04.292-0300] GC(318) User=0.01s Sys=0.00s Real=0.00s
[2020-08-05T16:51:04.597-0300] GC(319) Pause Young (Allocation Failure)
[2020-08-05T16:51:04.600-0300] GC(319) PSYoungGen: 347856K->752K(332800K)
[2020-08-05T16:51:04.600-0300] GC(319) ParOldGen: 91249K->91401K(105984K)
[2020-08-05T16:51:04.600-0300] GC(319) Metaspace: 110289K->110289K(1153024K)
[2020-08-05T16:51:04.600-0300] GC(319) Pause Young (Allocation Failure) 428M->89M(428M) 2.879ms
[2020-08-05T16:51:04.600-0300] GC(319) User=0.01s Sys=0.00s Real=0.00s
[2020-08-05T16:51:04.886-0300] GC(320) Pause Young (Allocation Failure)
[2020-08-05T16:51:04.890-0300] GC(320) PSYoungGen: 332528K->1126K(318464K)
[2020-08-05T16:51:04.890-0300] GC(320) ParOldGen: 91401K->91529K(105984K)
[2020-08-05T16:51:04.890-0300] GC(320) Metaspace: 110289K->110289K(1153024K)
[2020-08-05T16:51:04.890-0300] GC(320) Pause Young (Allocation Failure) 413M->90M(414M) 3.440ms
[2020-08-05T16:51:04.890-0300] GC(320) User=0.01s Sys=0.00s Real=0.00s
[2020-08-05T16:51:05.170-0300] GC(321) Pause Young (Allocation Failure)
[2020-08-05T16:51:05.173-0300] GC(321) PSYoungGen: 318054K->816K(381440K)
[2020-08-05T16:51:05.174-0300] GC(321) ParOldGen: 91529K->91649K(105984K)
[2020-08-05T16:51:05.174-0300] GC(321) Metaspace: 110289K->110289K(1153024K)
[2020-08-05T16:51:05.174-0300] GC(321) Pause Young (Allocation Failure) 399M->90M(476M) 3.608ms
[2020-08-05T16:51:05.174-0300] GC(321) User=0.00s Sys=0.00s Real=0.00s
[2020-08-05T16:51:05.621-0300] GC(322) Pause Young (Allocation Failure)
[2020-08-05T16:51:05.624-0300] GC(322) PSYoungGen: 381232K->688K(364032K)
[2020-08-05T16:51:05.624-0300] GC(322) ParOldGen: 91649K->91854K(105984K)
[2020-08-05T16:51:05.624-0300] GC(322) Metaspace: 110289K->110289K(1153024K)
[2020-08-05T16:51:05.624-0300] GC(322) Pause Young (Allocation Failure) 461M->90M(459M) 3.431ms
[2020-08-05T16:51:05.624-0300] GC(322) User=0.01s Sys=0.00s Real=0.01s
[2020-08-05T16:51:06.024-0300] GC(323) Pause Young (Allocation Failure)
[2020-08-05T16:51:06.029-0300] GC(323) PSYoungGen: 363696K->768K(347648K)
[2020-08-05T16:51:06.029-0300] GC(323) ParOldGen: 91854K->91998K(105984K)
[2020-08-05T16:51:06.029-0300] GC(323) Metaspace: 110289K->110289K(1153024K)
[2020-08-05T16:51:06.029-0300] GC(323) Pause Young (Allocation Failure) 444M->90M(443M) 4.293ms
[2020-08-05T16:51:06.029-0300] GC(323) User=0.01s Sys=0.00s Real=0.00s
[2020-08-05T16:51:06.461-0300] GC(324) Pause Young (Allocation Failure)
[2020-08-05T16:51:06.470-0300] GC(324) PSYoungGen: 347392K->1184K(332800K)
[2020-08-05T16:51:06.470-0300] GC(324) ParOldGen: 91998K->92110K(105984K)
[2020-08-05T16:51:06.470-0300] GC(324) Metaspace: 110289K->110289K(1153024K)
[2020-08-05T16:51:06.470-0300] GC(324) Pause Young (Allocation Failure) 429M->91M(428M) 8.460ms
[2020-08-05T16:51:06.470-0300] GC(324) User=0.01s Sys=0.00s Real=0.01s
[2020-08-05T16:51:06.811-0300] GC(325) Pause Young (Allocation Failure)
[2020-08-05T16:51:06.815-0300] GC(325) PSYoungGen: 332448K->960K(317440K)
[2020-08-05T16:51:06.815-0300] GC(325) ParOldGen: 92110K->92262K(105984K)
[2020-08-05T16:51:06.815-0300] GC(325) Metaspace: 110289K->110289K(1153024K)
[2020-08-05T16:51:06.815-0300] GC(325) Pause Young (Allocation Failure) 414M->91M(413M) 3.661ms
[2020-08-05T16:51:06.815-0300] GC(325) User=0.01s Sys=0.00s Real=0.01s
[2020-08-05T16:51:07.108-0300] GC(326) Pause Young (Allocation Failure)
[2020-08-05T16:51:07.112-0300] GC(326) PSYoungGen: 317376K->640K(380928K)
[2020-08-05T16:51:07.112-0300] GC(326) ParOldGen: 92262K->92470K(105984K)
[2020-08-05T16:51:07.112-0300] GC(326) Metaspace: 110289K->110289K(1153024K)
[2020-08-05T16:51:07.112-0300] GC(326) Pause Young (Allocation Failure) 400M->90M(475M) 3.793ms
[2020-08-05T16:51:07.112-0300] GC(326) User=0.01s Sys=0.00s Real=0.00s
[2020-08-05T16:51:07.501-0300] GC(327) Pause Young (Allocation Failure)
[2020-08-05T16:51:07.505-0300] GC(327) PSYoungGen: 380544K->992K(363520K)
[2020-08-05T16:51:07.505-0300] GC(327) ParOldGen: 92470K->92606K(105984K)
[2020-08-05T16:51:07.505-0300] GC(327) Metaspace: 110289K->110289K(1153024K)
[2020-08-05T16:51:07.505-0300] GC(327) Pause Young (Allocation Failure) 461M->91M(458M) 3.178ms
[2020-08-05T16:51:07.505-0300] GC(327) User=0.00s Sys=0.01s Real=0.01s
[2020-08-05T16:51:07.891-0300] GC(328) Pause Young (Allocation Failure)
[2020-08-05T16:51:07.895-0300] GC(328) PSYoungGen: 363488K->848K(347136K)
[2020-08-05T16:51:07.895-0300] GC(328) ParOldGen: 92606K->92726K(105984K)
[2020-08-05T16:51:07.895-0300] GC(328) Metaspace: 110289K->110289K(1153024K)
[2020-08-05T16:51:07.895-0300] GC(328) Pause Young (Allocation Failure) 445M->91M(442M) 3.289ms
[2020-08-05T16:51:07.895-0300] GC(328) User=0.00s Sys=0.00s Real=0.01s
[2020-08-05T16:51:08.335-0300] GC(329) Pause Young (Allocation Failure)
[2020-08-05T16:51:08.338-0300] GC(329) PSYoungGen: 346960K->608K(331776K)
[2020-08-05T16:51:08.338-0300] GC(329) ParOldGen: 92726K->92942K(105984K)
[2020-08-05T16:51:08.338-0300] GC(329) Metaspace: 110289K->110289K(1153024K)
[2020-08-05T16:51:08.338-0300] GC(329) Pause Young (Allocation Failure) 429M->91M(427M) 3.115ms
[2020-08-05T16:51:08.338-0300] GC(329) User=0.01s Sys=0.00s Real=0.00s
[2020-08-05T16:51:08.742-0300] GC(330) Pause Young (Allocation Failure)
[2020-08-05T16:51:08.748-0300] GC(330) PSYoungGen: 331360K->560K(398336K)
[2020-08-05T16:51:08.748-0300] GC(330) ParOldGen: 92942K->93062K(105984K)
[2020-08-05T16:51:08.748-0300] GC(330) Metaspace: 110289K->110289K(1153024K)
[2020-08-05T16:51:08.748-0300] GC(330) Pause Young (Allocation Failure) 414M->91M(492M) 6.071ms
[2020-08-05T16:51:08.748-0300] GC(330) User=0.01s Sys=0.00s Real=0.01s
[2020-08-05T16:51:09.173-0300] GC(331) Pause Young (Allocation Failure)
[2020-08-05T16:51:09.177-0300] GC(331) PSYoungGen: 397872K->896K(477696K)
[2020-08-05T16:51:09.177-0300] GC(331) ParOldGen: 93062K->93158K(105984K)
[2020-08-05T16:51:09.177-0300] GC(331) Metaspace: 110289K->110289K(1153024K)
[2020-08-05T16:51:09.177-0300] GC(331) Pause Young (Allocation Failure) 479M->91M(570M) 4.707ms
[2020-08-05T16:51:09.178-0300] GC(331) User=0.01s Sys=0.00s Real=0.01s
[2020-08-05T16:51:09.685-0300] GC(332) Pause Young (Allocation Failure)
[2020-08-05T16:51:09.689-0300] GC(332) PSYoungGen: 477568K->608K(455680K)
[2020-08-05T16:51:09.689-0300] GC(332) ParOldGen: 93158K->93454K(105984K)
[2020-08-05T16:51:09.689-0300] GC(332) Metaspace: 110289K->110289K(1153024K)
[2020-08-05T16:51:09.689-0300] GC(332) Pause Young (Allocation Failure) 557M->91M(548M) 3.812ms
[2020-08-05T16:51:09.689-0300] GC(332) User=0.01s Sys=0.00s Real=0.00s
[2020-08-05T16:51:10.186-0300] GC(333) Pause Young (Allocation Failure)
[2020-08-05T16:51:10.190-0300] GC(333) PSYoungGen: 455264K->752K(434688K)
[2020-08-05T16:51:10.190-0300] GC(333) ParOldGen: 93454K->93598K(105984K)
[2020-08-05T16:51:10.190-0300] GC(333) Metaspace: 110289K->110289K(1153024K)
[2020-08-05T16:51:10.190-0300] GC(333) Pause Young (Allocation Failure) 535M->92M(528M) 3.789ms
[2020-08-05T16:51:10.190-0300] GC(333) User=0.00s Sys=0.00s Real=0.00s
[2020-08-05T16:51:10.738-0300] GC(334) Pause Young (Allocation Failure)
[2020-08-05T16:51:10.742-0300] GC(334) PSYoungGen: 434416K->976K(414720K)
[2020-08-05T16:51:10.742-0300] GC(334) ParOldGen: 93598K->93790K(105984K)
[2020-08-05T16:51:10.742-0300] GC(334) Metaspace: 110289K->110289K(1153024K)
[2020-08-05T16:51:10.742-0300] GC(334) Pause Young (Allocation Failure) 515M->92M(508M) 3.623ms
[2020-08-05T16:51:10.742-0300] GC(334) User=0.01s Sys=0.00s Real=0.00s
[2020-08-05T16:51:11.133-0300] GC(335) Pause Young (Allocation Failure)
[2020-08-05T16:51:11.136-0300] GC(335) PSYoungGen: 414672K->576K(395776K)
[2020-08-05T16:51:11.136-0300] GC(335) ParOldGen: 93790K->93970K(105984K)
[2020-08-05T16:51:11.136-0300] GC(335) Metaspace: 110289K->110289K(1153024K)
[2020-08-05T16:51:11.136-0300] GC(335) Pause Young (Allocation Failure) 496M->92M(490M) 3.035ms
[2020-08-05T16:51:11.136-0300] GC(335) User=0.01s Sys=0.00s Real=0.01s
[2020-08-05T16:51:11.501-0300] GC(336) Pause Young (Allocation Failure)
[2020-08-05T16:51:11.504-0300] GC(336) PSYoungGen: 395328K->960K(377856K)
[2020-08-05T16:51:11.504-0300] GC(336) ParOldGen: 93970K->94138K(105984K)
[2020-08-05T16:51:11.504-0300] GC(336) Metaspace: 110289K->110289K(1153024K)
[2020-08-05T16:51:11.504-0300] GC(336) Pause Young (Allocation Failure) 477M->92M(472M) 3.107ms
[2020-08-05T16:51:11.504-0300] GC(336) User=0.01s Sys=0.00s Real=0.01s
[2020-08-05T16:51:11.891-0300] GC(337) Pause Young (Allocation Failure)
[2020-08-05T16:51:11.894-0300] GC(337) PSYoungGen: 377792K->560K(360960K)
[2020-08-05T16:51:11.894-0300] GC(337) ParOldGen: 94138K->94386K(105984K)
[2020-08-05T16:51:11.894-0300] GC(337) Metaspace: 110289K->110289K(1153024K)
[2020-08-05T16:51:11.894-0300] GC(337) Pause Young (Allocation Failure) 460M->92M(456M) 3.005ms
[2020-08-05T16:51:11.894-0300] GC(337) User=0.00s Sys=0.00s Real=0.01s
[2020-08-05T16:51:12.265-0300] GC(338) Pause Young (Allocation Failure)
[2020-08-05T16:51:12.269-0300] GC(338) PSYoungGen: 360496K->832K(344576K)
[2020-08-05T16:51:12.269-0300] GC(338) ParOldGen: 94386K->94498K(105984K)
[2020-08-05T16:51:12.269-0300] GC(338) Metaspace: 110289K->110289K(1153024K)
[2020-08-05T16:51:12.269-0300] GC(338) Pause Young (Allocation Failure) 444M->93M(440M) 3.826ms
[2020-08-05T16:51:12.269-0300] GC(338) User=0.01s Sys=0.00s Real=0.00s
[2020-08-05T16:51:12.586-0300] GC(339) Pause Young (Allocation Failure)
[2020-08-05T16:51:12.589-0300] GC(339) PSYoungGen: 344384K->832K(329216K)
[2020-08-05T16:51:12.589-0300] GC(339) ParOldGen: 94498K->94650K(105984K)
[2020-08-05T16:51:12.589-0300] GC(339) Metaspace: 110289K->110289K(1153024K)
[2020-08-05T16:51:12.589-0300] GC(339) Pause Young (Allocation Failure) 428M->93M(425M) 3.678ms
[2020-08-05T16:51:12.589-0300] GC(339) User=0.01s Sys=0.00s Real=0.00s
[2020-08-05T16:51:12.902-0300] GC(340) Pause Young (Allocation Failure)
[2020-08-05T16:51:12.908-0300] GC(340) PSYoungGen: 329024K->736K(395264K)
[2020-08-05T16:51:12.908-0300] GC(340) ParOldGen: 94650K->94810K(105984K)
[2020-08-05T16:51:12.908-0300] GC(340) Metaspace: 110289K->110289K(1153024K)
[2020-08-05T16:51:12.908-0300] GC(340) Pause Young (Allocation Failure) 413M->93M(489M) 5.583ms
[2020-08-05T16:51:12.908-0300] GC(340) User=0.01s Sys=0.00s Real=0.01s
[2020-08-05T16:51:13.297-0300] GC(341) Pause Young (Allocation Failure)
[2020-08-05T16:51:13.304-0300] GC(341) PSYoungGen: 394976K->704K(474112K)
[2020-08-05T16:51:13.304-0300] GC(341) ParOldGen: 94810K->94898K(105984K)
[2020-08-05T16:51:13.304-0300] GC(341) Metaspace: 110289K->110289K(1153024K)
[2020-08-05T16:51:13.304-0300] GC(341) Pause Young (Allocation Failure) 478M->93M(566M) 6.867ms
[2020-08-05T16:51:13.304-0300] GC(341) User=0.01s Sys=0.00s Real=0.01s
[2020-08-05T16:51:13.734-0300] GC(342) Pause Young (Allocation Failure)
[2020-08-05T16:51:13.738-0300] GC(342) PSYoungGen: 473792K->1008K(531968K)
[2020-08-05T16:51:13.738-0300] GC(342) ParOldGen: 94898K->95058K(105984K)
[2020-08-05T16:51:13.738-0300] GC(342) Metaspace: 110289K->110289K(1153024K)
[2020-08-05T16:51:13.738-0300] GC(342) Pause Young (Allocation Failure) 555M->93M(623M) 4.000ms
[2020-08-05T16:51:13.738-0300] GC(342) User=0.01s Sys=0.00s Real=0.00s
[2020-08-05T16:51:14.258-0300] GC(343) Pause Young (Allocation Failure)
[2020-08-05T16:51:14.262-0300] GC(343) PSYoungGen: 531440K->672K(531968K)
[2020-08-05T16:51:14.262-0300] GC(343) ParOldGen: 95058K->95258K(105984K)
[2020-08-05T16:51:14.262-0300] GC(343) Metaspace: 110289K->110289K(1153024K)
[2020-08-05T16:51:14.262-0300] GC(343) Pause Young (Allocation Failure) 611M->93M(623M) 3.502ms
[2020-08-05T16:51:14.262-0300] GC(343) User=0.01s Sys=0.00s Real=0.00s
[2020-08-05T16:51:14.797-0300] GC(344) Pause Young (Allocation Failure)
[2020-08-05T16:51:14.801-0300] GC(344) PSYoungGen: 531104K->832K(506880K)
[2020-08-05T16:51:14.801-0300] GC(344) ParOldGen: 95258K->95394K(105984K)
[2020-08-05T16:51:14.801-0300] GC(344) Metaspace: 110289K->110289K(1153024K)
[2020-08-05T16:51:14.801-0300] GC(344) Pause Young (Allocation Failure) 611M->93M(598M) 4.085ms
[2020-08-05T16:51:14.801-0300] GC(344) User=0.01s Sys=0.01s Real=0.00s
[2020-08-05T16:51:15.414-0300] GC(345) Pause Young (Allocation Failure)
[2020-08-05T16:51:15.418-0300] GC(345) PSYoungGen: 506688K->576K(483328K)
[2020-08-05T16:51:15.418-0300] GC(345) ParOldGen: 95394K->95562K(105984K)
[2020-08-05T16:51:15.418-0300] GC(345) Metaspace: 110289K->110289K(1153024K)
[2020-08-05T16:51:15.418-0300] GC(345) Pause Young (Allocation Failure) 587M->93M(575M) 4.243ms
[2020-08-05T16:51:15.418-0300] GC(345) User=0.01s Sys=0.01s Real=0.01s
[2020-08-05T16:51:15.927-0300] GC(346) Pause Young (Allocation Failure)
[2020-08-05T16:51:15.933-0300] GC(346) PSYoungGen: 482880K->688K(460800K)
[2020-08-05T16:51:15.933-0300] GC(346) ParOldGen: 95562K->95706K(105984K)
[2020-08-05T16:51:15.933-0300] GC(346) Metaspace: 110289K->110289K(1153024K)
[2020-08-05T16:51:15.933-0300] GC(346) Pause Young (Allocation Failure) 564M->94M(553M) 5.561ms
[2020-08-05T16:51:15.933-0300] GC(346) User=0.01s Sys=0.01s Real=0.00s
[2020-08-05T16:51:16.410-0300] GC(347) Pause Young (Allocation Failure)
[2020-08-05T16:51:16.414-0300] GC(347) PSYoungGen: 460464K->480K(439296K)
[2020-08-05T16:51:16.414-0300] GC(347) ParOldGen: 95706K->95939K(105984K)
[2020-08-05T16:51:16.414-0300] GC(347) Metaspace: 110289K->110289K(1153024K)
[2020-08-05T16:51:16.414-0300] GC(347) Pause Young (Allocation Failure) 543M->94M(532M) 3.525ms
[2020-08-05T16:51:16.414-0300] GC(347) User=0.00s Sys=0.01s Real=0.01s
[2020-08-05T16:51:16.866-0300] GC(348) Pause Young (Allocation Failure)
[2020-08-05T16:51:16.869-0300] GC(348) PSYoungGen: 439264K->640K(419840K)
[2020-08-05T16:51:16.869-0300] GC(348) ParOldGen: 95939K->96075K(105984K)
[2020-08-05T16:51:16.869-0300] GC(348) Metaspace: 110289K->110289K(1153024K)
[2020-08-05T16:51:16.869-0300] GC(348) Pause Young (Allocation Failure) 522M->94M(513M) 3.278ms
[2020-08-05T16:51:16.869-0300] GC(348) User=0.00s Sys=0.00s Real=0.00s
[2020-08-05T16:51:17.268-0300] GC(349) Pause Young (Allocation Failure)
[2020-08-05T16:51:17.272-0300] GC(349) PSYoungGen: 419456K->1072K(401408K)
[2020-08-05T16:51:17.272-0300] GC(349) ParOldGen: 96075K->96195K(105984K)
[2020-08-05T16:51:17.272-0300] GC(349) Metaspace: 110289K->110289K(1153024K)
[2020-08-05T16:51:17.272-0300] GC(349) Pause Young (Allocation Failure) 503M->94M(495M) 4.192ms
[2020-08-05T16:51:17.272-0300] GC(349) User=0.00s Sys=0.00s Real=0.00s
[2020-08-05T16:51:17.698-0300] GC(350) Pause Young (Allocation Failure)
[2020-08-05T16:51:17.701-0300] GC(350) PSYoungGen: 400944K->848K(382464K)
[2020-08-05T16:51:17.701-0300] GC(350) ParOldGen: 96195K->96379K(105984K)
[2020-08-05T16:51:17.701-0300] GC(350) Metaspace: 110289K->110289K(1153024K)
[2020-08-05T16:51:17.701-0300] GC(350) Pause Young (Allocation Failure) 485M->94M(477M) 3.030ms
[2020-08-05T16:51:17.701-0300] GC(350) User=0.00s Sys=0.01s Real=0.00s
[2020-08-05T16:51:18.055-0300] GC(351) Pause Young (Allocation Failure)
[2020-08-05T16:51:18.059-0300] GC(351) PSYoungGen: 382288K->640K(365056K)
[2020-08-05T16:51:18.059-0300] GC(351) ParOldGen: 96379K->96515K(105984K)
[2020-08-05T16:51:18.059-0300] GC(351) Metaspace: 110289K->110289K(1153024K)
[2020-08-05T16:51:18.059-0300] GC(351) Pause Young (Allocation Failure) 467M->94M(460M) 4.086ms
[2020-08-05T16:51:18.059-0300] GC(351) User=0.01s Sys=0.00s Real=0.00s
[2020-08-05T16:51:18.419-0300] GC(352) Pause Young (Allocation Failure)
[2020-08-05T16:51:18.423-0300] GC(352) PSYoungGen: 364672K->784K(348672K)
[2020-08-05T16:51:18.423-0300] GC(352) ParOldGen: 96515K->96667K(105984K)
[2020-08-05T16:51:18.423-0300] GC(352) Metaspace: 110289K->110289K(1153024K)
[2020-08-05T16:51:18.423-0300] GC(352) Pause Young (Allocation Failure) 450M->95M(444M) 3.802ms
[2020-08-05T16:51:18.423-0300] GC(352) User=0.01s Sys=0.00s Real=0.00s
[2020-08-05T16:51:18.727-0300] GC(353) Pause Young (Allocation Failure)
[2020-08-05T16:51:18.730-0300] GC(353) PSYoungGen: 348432K->816K(333312K)
[2020-08-05T16:51:18.730-0300] GC(353) ParOldGen: 96667K->96787K(105984K)
[2020-08-05T16:51:18.730-0300] GC(353) Metaspace: 110289K->110289K(1153024K)
[2020-08-05T16:51:18.730-0300] GC(353) Pause Young (Allocation Failure) 434M->95M(429M) 3.532ms
[2020-08-05T16:51:18.730-0300] GC(353) User=0.01s Sys=0.00s Real=0.00s
[2020-08-05T16:51:18.991-0300] GC(354) Pause Young (Allocation Failure)
[2020-08-05T16:51:18.994-0300] GC(354) PSYoungGen: 333104K->600K(318464K)
[2020-08-05T16:51:18.994-0300] GC(354) ParOldGen: 96787K->96987K(105984K)
[2020-08-05T16:51:18.994-0300] GC(354) Metaspace: 110289K->110289K(1153024K)
[2020-08-05T16:51:18.994-0300] GC(354) Pause Young (Allocation Failure) 419M->95M(414M) 2.410ms
[2020-08-05T16:51:18.994-0300] GC(354) User=0.00s Sys=0.00s Real=0.00s
[2020-08-05T16:51:19.347-0300] GC(355) Pause Young (Allocation Failure)
[2020-08-05T16:51:19.351-0300] GC(355) PSYoungGen: 318040K->608K(304128K)
[2020-08-05T16:51:19.351-0300] GC(355) ParOldGen: 96987K->97171K(105984K)
[2020-08-05T16:51:19.351-0300] GC(355) Metaspace: 110289K->110289K(1153024K)
[2020-08-05T16:51:19.351-0300] GC(355) Pause Young (Allocation Failure) 405M->95M(400M) 3.845ms
[2020-08-05T16:51:19.351-0300] GC(355) User=0.00s Sys=0.00s Real=0.00s
[2020-08-05T16:51:19.643-0300] GC(356) Pause Young (Allocation Failure)
[2020-08-05T16:51:19.646-0300] GC(356) PSYoungGen: 303712K->672K(290816K)
[2020-08-05T16:51:19.646-0300] GC(356) ParOldGen: 97171K->97283K(105984K)
[2020-08-05T16:51:19.646-0300] GC(356) Metaspace: 110289K->110289K(1153024K)
[2020-08-05T16:51:19.646-0300] GC(356) Pause Young (Allocation Failure) 391M->95M(387M) 2.700ms
[2020-08-05T16:51:19.646-0300] GC(356) User=0.01s Sys=0.00s Real=0.01s
[2020-08-05T16:51:19.942-0300] GC(357) Pause Young (Allocation Failure)
[2020-08-05T16:51:19.946-0300] GC(357) PSYoungGen: 290464K->720K(278016K)
[2020-08-05T16:51:19.946-0300] GC(357) ParOldGen: 97283K->97443K(105984K)
[2020-08-05T16:51:19.946-0300] GC(357) Metaspace: 110289K->110289K(1153024K)
[2020-08-05T16:51:19.946-0300] GC(357) Pause Young (Allocation Failure) 378M->95M(375M) 3.442ms
[2020-08-05T16:51:19.946-0300] GC(357) User=0.00s Sys=0.00s Real=0.01s
[2020-08-05T16:51:20.187-0300] GC(358) Pause Young (Allocation Failure)
[2020-08-05T16:51:20.190-0300] GC(358) PSYoungGen: 277712K->528K(333824K)
[2020-08-05T16:51:20.190-0300] GC(358) ParOldGen: 97443K->97539K(105984K)
[2020-08-05T16:51:20.190-0300] GC(358) Metaspace: 110289K->110289K(1153024K)
[2020-08-05T16:51:20.190-0300] GC(358) Pause Young (Allocation Failure) 366M->95M(429M) 3.249ms
[2020-08-05T16:51:20.190-0300] GC(358) User=0.01s Sys=0.00s Real=0.00s
[2020-08-05T16:51:20.693-0300] GC(359) Pause Young (Allocation Failure)
[2020-08-05T16:51:20.697-0300] GC(359) PSYoungGen: 333328K->640K(319488K)
[2020-08-05T16:51:20.697-0300] GC(359) ParOldGen: 97539K->97643K(105984K)
[2020-08-05T16:51:20.697-0300] GC(359) Metaspace: 110289K->110289K(1153024K)
[2020-08-05T16:51:20.697-0300] GC(359) Pause Young (Allocation Failure) 420M->95M(415M) 4.306ms
[2020-08-05T16:51:20.697-0300] GC(359) User=0.00s Sys=0.00s Real=0.01s
[2020-08-05T16:51:20.984-0300] GC(360) Pause Young (Allocation Failure)
[2020-08-05T16:51:20.987-0300] GC(360) PSYoungGen: 318592K->832K(382976K)
[2020-08-05T16:51:20.987-0300] GC(360) ParOldGen: 97643K->97747K(105984K)
[2020-08-05T16:51:20.987-0300] GC(360) Metaspace: 110289K->110289K(1153024K)
[2020-08-05T16:51:20.987-0300] GC(360) Pause Young (Allocation Failure) 406M->96M(477M) 3.294ms
[2020-08-05T16:51:20.987-0300] GC(360) User=0.00s Sys=0.00s Real=0.00s
[2020-08-05T16:51:21.324-0300] GC(361) Pause Young (Allocation Failure)
[2020-08-05T16:51:21.327-0300] GC(361) PSYoungGen: 382784K->608K(366080K)
[2020-08-05T16:51:21.327-0300] GC(361) ParOldGen: 97747K->97907K(105984K)
[2020-08-05T16:51:21.327-0300] GC(361) Metaspace: 110289K->110289K(1153024K)
[2020-08-05T16:51:21.327-0300] GC(361) Pause Young (Allocation Failure) 469M->96M(461M) 3.334ms
[2020-08-05T16:51:21.327-0300] GC(361) User=0.00s Sys=0.00s Real=0.01s
[2020-08-05T16:51:21.692-0300] GC(362) Pause Young (Allocation Failure)
[2020-08-05T16:51:21.695-0300] GC(362) PSYoungGen: 365152K->656K(349184K)
[2020-08-05T16:51:21.695-0300] GC(362) ParOldGen: 97907K->98075K(105984K)
[2020-08-05T16:51:21.695-0300] GC(362) Metaspace: 110289K->110289K(1153024K)
[2020-08-05T16:51:21.695-0300] GC(362) Pause Young (Allocation Failure) 452M->96M(444M) 3.530ms
[2020-08-05T16:51:21.695-0300] GC(362) User=0.01s Sys=0.00s Real=0.01s
[2020-08-05T16:51:22.028-0300] GC(363) Pause Young (Allocation Failure)
[2020-08-05T16:51:22.030-0300] GC(363) PSYoungGen: 348816K->416K(332800K)
[2020-08-05T16:51:22.030-0300] GC(363) ParOldGen: 98075K->98187K(105984K)
[2020-08-05T16:51:22.030-0300] GC(363) Metaspace: 110291K->110291K(1153024K)
[2020-08-05T16:51:22.030-0300] GC(363) Pause Young (Allocation Failure) 436M->96M(428M) 2.641ms
[2020-08-05T16:51:22.030-0300] GC(363) User=0.00s Sys=0.00s Real=0.00s
[2020-08-05T16:51:22.324-0300] GC(364) Pause Young (Allocation Failure)
[2020-08-05T16:51:22.328-0300] GC(364) PSYoungGen: 332704K->672K(318464K)
[2020-08-05T16:51:22.328-0300] GC(364) ParOldGen: 98187K->98291K(105984K)
[2020-08-05T16:51:22.328-0300] GC(364) Metaspace: 110291K->110291K(1153024K)
[2020-08-05T16:51:22.328-0300] GC(364) Pause Young (Allocation Failure) 420M->96M(414M) 3.736ms
[2020-08-05T16:51:22.328-0300] GC(364) User=0.01s Sys=0.00s Real=0.01s
[2020-08-05T16:51:22.614-0300] GC(365) Pause Young (Allocation Failure)
[2020-08-05T16:51:22.618-0300] GC(365) PSYoungGen: 318112K->768K(381952K)
[2020-08-05T16:51:22.618-0300] GC(365) ParOldGen: 98291K->98555K(105984K)
[2020-08-05T16:51:22.618-0300] GC(365) Metaspace: 110291K->110291K(1153024K)
[2020-08-05T16:51:22.618-0300] GC(365) Pause Young (Allocation Failure) 406M->96M(476M) 3.676ms
[2020-08-05T16:51:22.618-0300] GC(365) User=0.01s Sys=0.00s Real=0.00s
[2020-08-05T16:51:22.986-0300] GC(366) Pause Young (Allocation Failure)
[2020-08-05T16:51:22.989-0300] GC(366) PSYoungGen: 381696K->496K(364032K)
[2020-08-05T16:51:22.989-0300] GC(366) ParOldGen: 98555K->98747K(105984K)
[2020-08-05T16:51:22.989-0300] GC(366) Metaspace: 110304K->110304K(1153024K)
[2020-08-05T16:51:22.989-0300] GC(366) Pause Young (Allocation Failure) 468M->96M(459M) 3.120ms
[2020-08-05T16:51:22.989-0300] GC(366) User=0.00s Sys=0.00s Real=0.00s
[2020-08-05T16:51:23.361-0300] GC(367) Pause Young (Allocation Failure)
[2020-08-05T16:51:23.364-0300] GC(367) PSYoungGen: 364016K->560K(348160K)
[2020-08-05T16:51:23.364-0300] GC(367) ParOldGen: 98747K->98883K(105984K)
[2020-08-05T16:51:23.364-0300] GC(367) Metaspace: 110304K->110304K(1153024K)
[2020-08-05T16:51:23.364-0300] GC(367) Pause Young (Allocation Failure) 451M->97M(443M) 3.108ms
[2020-08-05T16:51:23.364-0300] GC(367) User=0.01s Sys=0.00s Real=0.01s
[2020-08-05T16:51:23.714-0300] GC(368) Pause Young (Allocation Failure)
[2020-08-05T16:51:23.716-0300] GC(368) PSYoungGen: 347696K->784K(332800K)
[2020-08-05T16:51:23.716-0300] GC(368) ParOldGen: 98883K->98995K(105984K)
[2020-08-05T16:51:23.716-0300] GC(368) Metaspace: 110304K->110304K(1153024K)
[2020-08-05T16:51:23.716-0300] GC(368) Pause Young (Allocation Failure) 436M->97M(428M) 2.885ms
[2020-08-05T16:51:23.716-0300] GC(368) User=0.01s Sys=0.00s Real=0.01s
[2020-08-05T16:51:24.048-0300] GC(369) Pause Young (Allocation Failure)
[2020-08-05T16:51:24.053-0300] GC(369) PSYoungGen: 332560K->464K(317440K)
[2020-08-05T16:51:24.053-0300] GC(369) ParOldGen: 98995K->99155K(105984K)
[2020-08-05T16:51:24.053-0300] GC(369) Metaspace: 110304K->110304K(1153024K)
[2020-08-05T16:51:24.053-0300] GC(369) Pause Young (Allocation Failure) 421M->97M(413M) 4.617ms
[2020-08-05T16:51:24.053-0300] GC(369) User=0.01s Sys=0.00s Real=0.00s
[2020-08-05T16:51:24.373-0300] GC(370) Pause Young (Allocation Failure)
[2020-08-05T16:51:24.376-0300] GC(370) PSYoungGen: 317392K->912K(303616K)
[2020-08-05T16:51:24.376-0300] GC(370) ParOldGen: 99155K->99259K(105984K)
[2020-08-05T16:51:24.376-0300] GC(370) Metaspace: 110304K->110304K(1153024K)
[2020-08-05T16:51:24.376-0300] GC(370) Pause Young (Allocation Failure) 406M->97M(400M) 2.998ms
[2020-08-05T16:51:24.376-0300] GC(370) User=0.01s Sys=0.00s Real=0.01s
[2020-08-05T16:51:24.703-0300] GC(371) Pause Young (Allocation Failure)
[2020-08-05T16:51:24.706-0300] GC(371) PSYoungGen: 303504K->688K(290816K)
[2020-08-05T16:51:24.706-0300] GC(371) ParOldGen: 99259K->99483K(105984K)
[2020-08-05T16:51:24.706-0300] GC(371) Metaspace: 110304K->110304K(1153024K)
[2020-08-05T16:51:24.706-0300] GC(371) Pause Young (Allocation Failure) 393M->97M(387M) 3.094ms
[2020-08-05T16:51:24.706-0300] GC(371) User=0.01s Sys=0.00s Real=0.01s
[2020-08-05T16:51:25.009-0300] GC(372) Pause Young (Allocation Failure)
[2020-08-05T16:51:25.013-0300] GC(372) PSYoungGen: 289968K->1014K(277504K)
[2020-08-05T16:51:25.013-0300] GC(372) ParOldGen: 99483K->99603K(105984K)
[2020-08-05T16:51:25.013-0300] GC(372) Metaspace: 110304K->110304K(1153024K)
[2020-08-05T16:51:25.013-0300] GC(372) Pause Young (Allocation Failure) 380M->98M(374M) 3.397ms
[2020-08-05T16:51:25.013-0300] GC(372) User=0.01s Sys=0.00s Real=0.00s
[2020-08-05T16:51:25.279-0300] GC(373) Pause Young (Allocation Failure)
[2020-08-05T16:51:25.282-0300] GC(373) PSYoungGen: 277494K->976K(332800K)
[2020-08-05T16:51:25.282-0300] GC(373) ParOldGen: 99603K->99762K(105984K)
[2020-08-05T16:51:25.282-0300] GC(373) Metaspace: 110304K->110304K(1153024K)
[2020-08-05T16:51:25.282-0300] GC(373) Pause Young (Allocation Failure) 368M->98M(428M) 3.125ms
[2020-08-05T16:51:25.282-0300] GC(373) User=0.00s Sys=0.00s Real=0.00s
[2020-08-05T16:51:25.657-0300] GC(374) Pause Young (Allocation Failure)
[2020-08-05T16:51:25.661-0300] GC(374) PSYoungGen: 332752K->688K(399360K)
[2020-08-05T16:51:25.661-0300] GC(374) ParOldGen: 99762K->99898K(105984K)
[2020-08-05T16:51:25.661-0300] GC(374) Metaspace: 110304K->110304K(1153024K)
[2020-08-05T16:51:25.661-0300] GC(374) Pause Young (Allocation Failure) 422M->98M(493M) 4.073ms
[2020-08-05T16:51:25.661-0300] GC(374) User=0.00s Sys=0.00s Real=0.00s
[2020-08-05T16:51:26.037-0300] GC(375) Pause Young (Allocation Failure)
[2020-08-05T16:51:26.040-0300] GC(375) PSYoungGen: 399024K->688K(381440K)
[2020-08-05T16:51:26.040-0300] GC(375) ParOldGen: 99898K->99994K(105984K)
[2020-08-05T16:51:26.040-0300] GC(375) Metaspace: 110304K->110304K(1153024K)
[2020-08-05T16:51:26.040-0300] GC(375) Pause Young (Allocation Failure) 487M->98M(476M) 3.534ms
[2020-08-05T16:51:26.040-0300] GC(375) User=0.01s Sys=0.00s Real=0.00s
[2020-08-05T16:51:26.382-0300] GC(376) Pause Young (Allocation Failure)
[2020-08-05T16:51:26.384-0300] GC(376) PSYoungGen: 381104K->720K(364032K)
[2020-08-05T16:51:26.384-0300] GC(376) ParOldGen: 99994K->100106K(105984K)
[2020-08-05T16:51:26.384-0300] GC(376) Metaspace: 110304K->110304K(1153024K)
[2020-08-05T16:51:26.384-0300] GC(376) Pause Young (Allocation Failure) 469M->98M(459M) 2.741ms
[2020-08-05T16:51:26.384-0300] GC(376) User=0.01s Sys=0.00s Real=0.01s
[2020-08-05T16:51:26.768-0300] GC(377) Pause Young (Allocation Failure)
[2020-08-05T16:51:26.773-0300] GC(377) PSYoungGen: 363728K->672K(436224K)
[2020-08-05T16:51:26.773-0300] GC(377) ParOldGen: 100106K->100282K(105984K)
[2020-08-05T16:51:26.773-0300] GC(377) Metaspace: 110304K->110304K(1153024K)
[2020-08-05T16:51:26.773-0300] GC(377) Pause Young (Allocation Failure) 452M->98M(529M) 5.304ms
[2020-08-05T16:51:26.773-0300] GC(377) User=0.00s Sys=0.00s Real=0.00s
[2020-08-05T16:51:27.171-0300] GC(378) Pause Young (Allocation Failure)
[2020-08-05T16:51:27.174-0300] GC(378) PSYoungGen: 435872K->944K(416256K)
[2020-08-05T16:51:27.174-0300] GC(378) ParOldGen: 100282K->100410K(105984K)
[2020-08-05T16:51:27.174-0300] GC(378) Metaspace: 110309K->110309K(1153024K)
[2020-08-05T16:51:27.174-0300] GC(378) Pause Young (Allocation Failure) 523M->98M(510M) 3.059ms
[2020-08-05T16:51:27.175-0300] GC(378) User=0.01s Sys=0.00s Real=0.01s
[2020-08-05T16:51:27.517-0300] GC(379) Pause Young (Allocation Failure)
[2020-08-05T16:51:27.521-0300] GC(379) PSYoungGen: 416176K->1136K(397824K)
[2020-08-05T16:51:27.521-0300] GC(379) ParOldGen: 100410K->100594K(105984K)
[2020-08-05T16:51:27.521-0300] GC(379) Metaspace: 110309K->110309K(1153024K)
[2020-08-05T16:51:27.521-0300] GC(379) Pause Young (Allocation Failure) 504M->99M(492M) 3.168ms
[2020-08-05T16:51:27.521-0300] GC(379) User=0.01s Sys=0.00s Real=0.00s
[2020-08-05T16:51:27.888-0300] GC(380) Pause Young (Allocation Failure)
[2020-08-05T16:51:27.893-0300] GC(380) PSYoungGen: 397424K->752K(379392K)
[2020-08-05T16:51:27.893-0300] GC(380) ParOldGen: 100594K->100754K(105984K)
[2020-08-05T16:51:27.893-0300] GC(380) Metaspace: 110309K->110309K(1153024K)
[2020-08-05T16:51:27.893-0300] GC(380) Pause Young (Allocation Failure) 486M->99M(474M) 4.218ms
[2020-08-05T16:51:27.893-0300] GC(380) User=0.01s Sys=0.00s Real=0.00s
[2020-08-05T16:51:28.256-0300] GC(381) Pause Young (Allocation Failure)
[2020-08-05T16:51:28.259-0300] GC(381) PSYoungGen: 379120K->656K(362496K)
[2020-08-05T16:51:28.259-0300] GC(381) ParOldGen: 100754K->100898K(105984K)
[2020-08-05T16:51:28.259-0300] GC(381) Metaspace: 110309K->110309K(1153024K)
[2020-08-05T16:51:28.259-0300] GC(381) Pause Young (Allocation Failure) 468M->99M(457M) 3.276ms
[2020-08-05T16:51:28.259-0300] GC(381) User=0.00s Sys=0.00s Real=0.00s
[2020-08-05T16:51:28.589-0300] GC(382) Pause Young (Allocation Failure)
[2020-08-05T16:51:28.593-0300] GC(382) PSYoungGen: 362128K->720K(346112K)
[2020-08-05T16:51:28.593-0300] GC(382) ParOldGen: 100898K->101018K(105984K)
[2020-08-05T16:51:28.593-0300] GC(382) Metaspace: 110309K->110309K(1153024K)
[2020-08-05T16:51:28.593-0300] GC(382) Pause Young (Allocation Failure) 452M->99M(441M) 3.422ms
[2020-08-05T16:51:28.593-0300] GC(382) User=0.01s Sys=0.00s Real=0.00s
[2020-08-05T16:51:28.896-0300] GC(383) Pause Young (Allocation Failure)
[2020-08-05T16:51:28.899-0300] GC(383) PSYoungGen: 345808K->608K(330752K)
[2020-08-05T16:51:28.899-0300] GC(383) ParOldGen: 101018K->101170K(105984K)
[2020-08-05T16:51:28.899-0300] GC(383) Metaspace: 110309K->110309K(1153024K)
[2020-08-05T16:51:28.899-0300] GC(383) Pause Young (Allocation Failure) 436M->99M(426M) 2.555ms
[2020-08-05T16:51:28.899-0300] GC(383) User=0.01s Sys=0.00s Real=0.00s
[2020-08-05T16:51:29.202-0300] GC(384) Pause Young (Allocation Failure)
[2020-08-05T16:51:29.206-0300] GC(384) PSYoungGen: 330336K->832K(315904K)
[2020-08-05T16:51:29.206-0300] GC(384) ParOldGen: 101170K->101338K(105984K)
[2020-08-05T16:51:29.206-0300] GC(384) Metaspace: 110309K->110309K(1153024K)
[2020-08-05T16:51:29.206-0300] GC(384) Pause Young (Allocation Failure) 421M->99M(412M) 3.609ms
[2020-08-05T16:51:29.206-0300] GC(384) User=0.00s Sys=0.00s Real=0.01s
[2020-08-05T16:51:29.477-0300] GC(385) Pause Young (Allocation Failure)
[2020-08-05T16:51:29.479-0300] GC(385) PSYoungGen: 315712K->816K(302080K)
[2020-08-05T16:51:29.479-0300] GC(385) ParOldGen: 101338K->101458K(105984K)
[2020-08-05T16:51:29.479-0300] GC(385) Metaspace: 110309K->110309K(1153024K)
[2020-08-05T16:51:29.479-0300] GC(385) Pause Young (Allocation Failure) 407M->99M(398M) 2.947ms
[2020-08-05T16:51:29.479-0300] GC(385) User=0.00s Sys=0.00s Real=0.00s
[2020-08-05T16:51:29.777-0300] GC(386) Pause Young (Allocation Failure)
[2020-08-05T16:51:29.780-0300] GC(386) PSYoungGen: 301872K->640K(288768K)
[2020-08-05T16:51:29.780-0300] GC(386) ParOldGen: 101458K->101570K(105984K)
[2020-08-05T16:51:29.780-0300] GC(386) Metaspace: 110309K->110309K(1153024K)
[2020-08-05T16:51:29.780-0300] GC(386) Pause Young (Allocation Failure) 393M->99M(385M) 3.062ms
[2020-08-05T16:51:29.780-0300] GC(386) User=0.00s Sys=0.00s Real=0.00s
[2020-08-05T16:51:30.058-0300] GC(387) Pause Young (Allocation Failure)
[2020-08-05T16:51:30.061-0300] GC(387) PSYoungGen: 288384K->976K(275968K)
[2020-08-05T16:51:30.061-0300] GC(387) ParOldGen: 101570K->101666K(105984K)
[2020-08-05T16:51:30.061-0300] GC(387) Metaspace: 110310K->110310K(1153024K)
[2020-08-05T16:51:30.061-0300] GC(387) Pause Young (Allocation Failure) 380M->100M(373M) 3.178ms
[2020-08-05T16:51:30.061-0300] GC(387) User=0.01s Sys=0.00s Real=0.00s
[2020-08-05T16:51:30.420-0300] GC(388) Pause Young (Allocation Failure)
[2020-08-05T16:51:30.423-0300] GC(388) PSYoungGen: 275920K->576K(264192K)
[2020-08-05T16:51:30.423-0300] GC(388) ParOldGen: 101666K->101810K(105984K)
[2020-08-05T16:51:30.423-0300] GC(388) Metaspace: 110311K->110311K(1153024K)
[2020-08-05T16:51:30.423-0300] GC(388) Pause Young (Allocation Failure) 368M->99M(361M) 3.342ms
[2020-08-05T16:51:30.423-0300] GC(388) User=0.01s Sys=0.00s Real=0.00s
[2020-08-05T16:51:30.681-0300] GC(389) Pause Young (Allocation Failure)
[2020-08-05T16:51:30.684-0300] GC(389) PSYoungGen: 263744K->496K(252416K)
[2020-08-05T16:51:30.684-0300] GC(389) ParOldGen: 101810K->101954K(105984K)
[2020-08-05T16:51:30.684-0300] GC(389) Metaspace: 110311K->110311K(1153024K)
[2020-08-05T16:51:30.684-0300] GC(389) Pause Young (Allocation Failure) 356M->100M(350M) 2.762ms
[2020-08-05T16:51:30.684-0300] GC(389) User=0.01s Sys=0.01s Real=0.01s
[2020-08-05T16:51:30.959-0300] GC(390) Pause Young (Allocation Failure)
[2020-08-05T16:51:30.962-0300] GC(390) PSYoungGen: 252400K->720K(242176K)
[2020-08-05T16:51:30.962-0300] GC(390) ParOldGen: 101954K->102058K(105984K)
[2020-08-05T16:51:30.962-0300] GC(390) Metaspace: 110312K->110312K(1153024K)
[2020-08-05T16:51:30.962-0300] GC(390) Pause Young (Allocation Failure) 346M->100M(340M) 2.992ms
[2020-08-05T16:51:30.962-0300] GC(390) User=0.01s Sys=0.00s Real=0.00s
[2020-08-05T16:51:31.183-0300] GC(391) Pause Young (Allocation Failure)
[2020-08-05T16:51:31.187-0300] GC(391) PSYoungGen: 241872K->816K(290816K)
[2020-08-05T16:51:31.187-0300] GC(391) ParOldGen: 102058K->102154K(105984K)
[2020-08-05T16:51:31.187-0300] GC(391) Metaspace: 110312K->110312K(1153024K)
[2020-08-05T16:51:31.187-0300] GC(391) Pause Young (Allocation Failure) 335M->100M(387M) 4.457ms
[2020-08-05T16:51:31.187-0300] GC(391) User=0.01s Sys=0.00s Real=0.01s
[2020-08-05T16:51:31.457-0300] GC(392) Pause Young (Allocation Failure)
[2020-08-05T16:51:31.460-0300] GC(392) PSYoungGen: 290608K->1040K(349696K)
[2020-08-05T16:51:31.460-0300] GC(392) ParOldGen: 102154K->102282K(105984K)
[2020-08-05T16:51:31.460-0300] GC(392) Metaspace: 110312K->110312K(1153024K)
[2020-08-05T16:51:31.460-0300] GC(392) Pause Young (Allocation Failure) 383M->100M(445M) 2.929ms
[2020-08-05T16:51:31.460-0300] GC(392) User=0.00s Sys=0.00s Real=0.00s
[2020-08-05T16:51:31.810-0300] GC(393) Pause Young (Allocation Failure)
[2020-08-05T16:51:31.813-0300] GC(393) PSYoungGen: 349200K->608K(418816K)
[2020-08-05T16:51:31.813-0300] GC(393) ParOldGen: 102282K->102426K(105984K)
[2020-08-05T16:51:31.813-0300] GC(393) Metaspace: 110313K->110313K(1153024K)
[2020-08-05T16:51:31.813-0300] GC(393) Pause Young (Allocation Failure) 440M->100M(512M) 3.118ms
[2020-08-05T16:51:31.813-0300] GC(393) User=0.01s Sys=0.00s Real=0.00s
[2020-08-05T16:51:32.262-0300] GC(394) Pause Young (Allocation Failure)
[2020-08-05T16:51:32.264-0300] GC(394) PSYoungGen: 418400K->624K(399872K)
[2020-08-05T16:51:32.264-0300] GC(394) ParOldGen: 102426K->102650K(105984K)
[2020-08-05T16:51:32.264-0300] GC(394) Metaspace: 110313K->110313K(1153024K)
[2020-08-05T16:51:32.264-0300] GC(394) Pause Young (Allocation Failure) 508M->100M(494M) 2.566ms
[2020-08-05T16:51:32.264-0300] GC(394) User=0.01s Sys=0.00s Real=0.01s
[2020-08-05T16:51:32.696-0300] GC(395) Pause Young (Allocation Failure)
[2020-08-05T16:51:32.699-0300] GC(395) PSYoungGen: 399472K->416K(381440K)
[2020-08-05T16:51:32.699-0300] GC(395) ParOldGen: 102650K->102794K(105984K)
[2020-08-05T16:51:32.699-0300] GC(395) Metaspace: 110313K->110313K(1153024K)
[2020-08-05T16:51:32.699-0300] GC(395) Pause Young (Allocation Failure) 490M->100M(476M) 3.029ms
[2020-08-05T16:51:32.699-0300] GC(395) User=0.01s Sys=0.01s Real=0.00s
[2020-08-05T16:51:33.076-0300] GC(396) Pause Young (Allocation Failure)
[2020-08-05T16:51:33.079-0300] GC(396) PSYoungGen: 381344K->544K(364544K)
[2020-08-05T16:51:33.079-0300] GC(396) ParOldGen: 102794K->102906K(105984K)
[2020-08-05T16:51:33.079-0300] GC(396) Metaspace: 110313K->110313K(1153024K)
[2020-08-05T16:51:33.079-0300] GC(396) Pause Young (Allocation Failure) 472M->101M(459M) 2.507ms
[2020-08-05T16:51:33.079-0300] GC(396) User=0.00s Sys=0.00s Real=0.00s
[2020-08-05T16:51:33.443-0300] GC(397) Pause Young (Allocation Failure)
[2020-08-05T16:51:33.446-0300] GC(397) PSYoungGen: 364064K->624K(348160K)
[2020-08-05T16:51:33.447-0300] GC(397) ParOldGen: 102906K->103018K(105984K)
[2020-08-05T16:51:33.447-0300] GC(397) Metaspace: 110313K->110313K(1153024K)
[2020-08-05T16:51:33.447-0300] GC(397) Pause Young (Allocation Failure) 456M->101M(443M) 3.745ms
[2020-08-05T16:51:33.447-0300] GC(397) User=0.01s Sys=0.00s Real=0.01s
[2020-08-05T16:51:33.772-0300] GC(398) Pause Young (Allocation Failure)
[2020-08-05T16:51:33.775-0300] GC(398) PSYoungGen: 347760K->656K(332800K)
[2020-08-05T16:51:33.775-0300] GC(398) ParOldGen: 103018K->103138K(105984K)
[2020-08-05T16:51:33.775-0300] GC(398) Metaspace: 110313K->110313K(1153024K)
[2020-08-05T16:51:33.775-0300] GC(398) Pause Young (Allocation Failure) 440M->101M(428M) 3.147ms
[2020-08-05T16:51:33.775-0300] GC(398) User=0.01s Sys=0.00s Real=0.01s
[2020-08-05T16:51:34.087-0300] GC(399) Pause Young (Allocation Failure)
[2020-08-05T16:51:34.091-0300] GC(399) PSYoungGen: 332432K->848K(317952K)
[2020-08-05T16:51:34.091-0300] GC(399) ParOldGen: 103138K->103298K(105984K)
[2020-08-05T16:51:34.091-0300] GC(399) Metaspace: 110313K->110313K(1153024K)
[2020-08-05T16:51:34.091-0300] GC(399) Pause Young (Allocation Failure) 425M->101M(414M) 3.590ms
[2020-08-05T16:51:34.091-0300] GC(399) User=0.01s Sys=0.00s Real=0.00s
[2020-08-05T16:51:34.382-0300] GC(400) Pause Young (Allocation Failure)
[2020-08-05T16:51:34.385-0300] GC(400) PSYoungGen: 317776K->720K(303616K)
[2020-08-05T16:51:34.385-0300] GC(400) ParOldGen: 103298K->103418K(105984K)
[2020-08-05T16:51:34.385-0300] GC(400) Metaspace: 110313K->110313K(1153024K)
[2020-08-05T16:51:34.385-0300] GC(400) Pause Young (Allocation Failure) 411M->101M(400M) 2.611ms
[2020-08-05T16:51:34.385-0300] GC(400) User=0.01s Sys=0.00s Real=0.01s
[2020-08-05T16:51:34.683-0300] GC(401) Pause Young (Allocation Failure)
[2020-08-05T16:51:34.686-0300] GC(401) PSYoungGen: 303312K->608K(290304K)
[2020-08-05T16:51:34.686-0300] GC(401) ParOldGen: 103418K->103530K(105984K)
[2020-08-05T16:51:34.686-0300] GC(401) Metaspace: 110313K->110313K(1153024K)
[2020-08-05T16:51:34.686-0300] GC(401) Pause Young (Allocation Failure) 397M->101M(387M) 3.140ms
[2020-08-05T16:51:34.686-0300] GC(401) User=0.00s Sys=0.00s Real=0.01s
[2020-08-05T16:51:34.957-0300] GC(402) Pause Young (Allocation Failure)
[2020-08-05T16:51:34.959-0300] GC(402) PSYoungGen: 289888K->1088K(278016K)
[2020-08-05T16:51:34.959-0300] GC(402) ParOldGen: 103530K->103642K(105984K)
[2020-08-05T16:51:34.959-0300] GC(402) Metaspace: 110318K->110318K(1153024K)
[2020-08-05T16:51:34.959-0300] GC(402) Pause Young (Allocation Failure) 384M->102M(375M) 2.750ms
[2020-08-05T16:51:34.959-0300] GC(402) User=0.01s Sys=0.00s Real=0.00s
[2020-08-05T16:51:35.191-0300] GC(403) Pause Young (Allocation Failure)
[2020-08-05T16:51:35.194-0300] GC(403) PSYoungGen: 277568K->672K(265216K)
[2020-08-05T16:51:35.194-0300] GC(403) ParOldGen: 103642K->103842K(105984K)
[2020-08-05T16:51:35.194-0300] GC(403) Metaspace: 110318K->110318K(1153024K)
[2020-08-05T16:51:35.194-0300] GC(403) Pause Young (Allocation Failure) 372M->102M(362M) 3.049ms
[2020-08-05T16:51:35.194-0300] GC(403) User=0.01s Sys=0.00s Real=0.01s
[2020-08-05T16:51:35.584-0300] GC(404) Pause Young (Allocation Failure)
[2020-08-05T16:51:35.588-0300] GC(404) PSYoungGen: 264864K->960K(253952K)
[2020-08-05T16:51:35.588-0300] GC(404) ParOldGen: 103842K->103954K(105984K)
[2020-08-05T16:51:35.588-0300] GC(404) Metaspace: 110319K->110319K(1153024K)
[2020-08-05T16:51:35.588-0300] GC(404) Pause Young (Allocation Failure) 360M->102M(351M) 3.565ms
[2020-08-05T16:51:35.588-0300] GC(404) User=0.00s Sys=0.00s Real=0.00s
[2020-08-05T16:51:35.805-0300] GC(405) Pause Young (Allocation Failure)
[2020-08-05T16:51:35.808-0300] GC(405) PSYoungGen: 253888K->864K(304640K)
[2020-08-05T16:51:35.808-0300] GC(405) ParOldGen: 103954K->104058K(105984K)
[2020-08-05T16:51:35.808-0300] GC(405) Metaspace: 110319K->110319K(1153024K)
[2020-08-05T16:51:35.808-0300] GC(405) Pause Young (Allocation Failure) 349M->102M(401M) 2.924ms
[2020-08-05T16:51:35.808-0300] GC(405) User=0.00s Sys=0.00s Real=0.00s
[2020-08-05T16:51:36.066-0300] GC(406) Pause Young (Allocation Failure)
[2020-08-05T16:51:36.069-0300] GC(406) PSYoungGen: 304480K->688K(365568K)
[2020-08-05T16:51:36.069-0300] GC(406) ParOldGen: 104058K->104146K(105984K)
[2020-08-05T16:51:36.069-0300] GC(406) Metaspace: 110319K->110319K(1153024K)
[2020-08-05T16:51:36.069-0300] GC(406) Pause Young (Allocation Failure) 398M->102M(460M) 2.970ms
[2020-08-05T16:51:36.069-0300] GC(406) User=0.01s Sys=0.00s Real=0.00s
[2020-08-05T16:51:36.421-0300] GC(407) Pause Young (Allocation Failure)
[2020-08-05T16:51:36.424-0300] GC(407) PSYoungGen: 365232K->704K(349184K)
[2020-08-05T16:51:36.424-0300] GC(407) ParOldGen: 104146K->104242K(105984K)
[2020-08-05T16:51:36.424-0300] GC(407) Metaspace: 110319K->110319K(1153024K)
[2020-08-05T16:51:36.424-0300] GC(407) Pause Young (Allocation Failure) 458M->102M(444M) 2.914ms
[2020-08-05T16:51:36.424-0300] GC(407) User=0.01s Sys=0.00s Real=0.01s
[2020-08-05T16:51:36.718-0300] GC(408) Pause Young (Allocation Failure)
[2020-08-05T16:51:36.723-0300] GC(408) PSYoungGen: 348864K->704K(418816K)
[2020-08-05T16:51:36.723-0300] GC(408) ParOldGen: 104242K->104346K(105984K)
[2020-08-05T16:51:36.723-0300] GC(408) Metaspace: 110319K->110319K(1153024K)
[2020-08-05T16:51:36.723-0300] GC(408) Pause Young (Allocation Failure) 442M->102M(512M) 4.915ms
[2020-08-05T16:51:36.723-0300] GC(408) User=0.01s Sys=0.00s Real=0.00s
[2020-08-05T16:51:37.108-0300] GC(409) Pause Young (Allocation Failure)
[2020-08-05T16:51:37.113-0300] GC(409) PSYoungGen: 418496K->800K(502272K)
[2020-08-05T16:51:37.113-0300] GC(409) ParOldGen: 104346K->104507K(105984K)
[2020-08-05T16:51:37.113-0300] GC(409) Metaspace: 110319K->110319K(1153024K)
[2020-08-05T16:51:37.113-0300] GC(409) Pause Young (Allocation Failure) 510M->102M(594M) 5.100ms
[2020-08-05T16:51:37.113-0300] GC(409) User=0.00s Sys=0.00s Real=0.00s
[2020-08-05T16:51:37.544-0300] GC(410) Pause Young (Allocation Failure)
[2020-08-05T16:51:37.547-0300] GC(410) PSYoungGen: 502048K->640K(602112K)
[2020-08-05T16:51:37.547-0300] GC(410) ParOldGen: 104507K->104695K(105984K)
[2020-08-05T16:51:37.547-0300] GC(410) Metaspace: 110319K->110319K(1153024K)
[2020-08-05T16:51:37.547-0300] GC(410) Pause Young (Allocation Failure) 592M->102M(691M) 2.644ms
[2020-08-05T16:51:37.547-0300] GC(410) User=0.01s Sys=0.00s Real=0.00s
[2020-08-05T16:51:38.171-0300] GC(411) Pause Young (Allocation Failure)
[2020-08-05T16:51:38.174-0300] GC(411) PSYoungGen: 601728K->528K(573952K)
[2020-08-05T16:51:38.174-0300] GC(411) ParOldGen: 104695K->104839K(105984K)
[2020-08-05T16:51:38.174-0300] GC(411) Metaspace: 110319K->110319K(1153024K)
[2020-08-05T16:51:38.174-0300] GC(411) Pause Young (Allocation Failure) 689M->102M(664M) 3.336ms
[2020-08-05T16:51:38.174-0300] GC(411) User=0.01s Sys=0.00s Real=0.01s
[2020-08-05T16:51:38.727-0300] GC(412) Pause Young (Allocation Failure)
[2020-08-05T16:51:38.731-0300] GC(412) PSYoungGen: 573456K->864K(547328K)
[2020-08-05T16:51:38.731-0300] GC(412) ParOldGen: 104839K->105023K(105984K)
[2020-08-05T16:51:38.731-0300] GC(412) Metaspace: 110319K->110319K(1153024K)
[2020-08-05T16:51:38.731-0300] GC(412) Pause Young (Allocation Failure) 662M->103M(638M) 3.263ms
[2020-08-05T16:51:38.731-0300] GC(412) User=0.01s Sys=0.00s Real=0.00s
[2020-08-05T16:51:39.216-0300] GC(413) Pause Young (Allocation Failure)
[2020-08-05T16:51:39.219-0300] GC(413) PSYoungGen: 547168K->992K(521728K)
[2020-08-05T16:51:39.219-0300] GC(413) ParOldGen: 105023K->105183K(105984K)
[2020-08-05T16:51:39.219-0300] GC(413) Metaspace: 110321K->110321K(1153024K)
[2020-08-05T16:51:39.219-0300] GC(413) Pause Young (Allocation Failure) 636M->103M(613M) 3.099ms
[2020-08-05T16:51:39.219-0300] GC(413) User=0.01s Sys=0.00s Real=0.00s
[2020-08-05T16:51:39.690-0300] GC(414) Pause Young (Allocation Failure)
[2020-08-05T16:51:39.693-0300] GC(414) PSYoungGen: 521696K->720K(497664K)
[2020-08-05T16:51:39.693-0300] GC(414) ParOldGen: 105183K->105431K(105984K)
[2020-08-05T16:51:39.693-0300] GC(414) Metaspace: 110321K->110321K(1153024K)
[2020-08-05T16:51:39.693-0300] GC(414) Pause Young (Allocation Failure) 612M->103M(589M) 3.092ms
[2020-08-05T16:51:39.693-0300] GC(414) User=0.01s Sys=0.00s Real=0.00s
[2020-08-05T16:51:40.142-0300] GC(415) Pause Young (Allocation Failure)
[2020-08-05T16:51:40.146-0300] GC(415) PSYoungGen: 497360K->1072K(475136K)
[2020-08-05T16:51:40.146-0300] GC(415) ParOldGen: 105431K->105591K(105984K)
[2020-08-05T16:51:40.146-0300] GC(415) Metaspace: 110321K->110321K(1153024K)
[2020-08-05T16:51:40.146-0300] GC(415) Pause Young (Allocation Failure) 588M->104M(567M) 4.550ms
[2020-08-05T16:51:40.146-0300] GC(415) User=0.01s Sys=0.00s Real=0.01s
[2020-08-05T16:51:40.760-0300] GC(416) Pause Young (Allocation Failure)
[2020-08-05T16:51:40.763-0300] GC(416) PSYoungGen: 474672K->608K(452608K)
[2020-08-05T16:51:40.763-0300] GC(416) ParOldGen: 105591K->105735K(105984K)
[2020-08-05T16:51:40.763-0300] GC(416) Metaspace: 110321K->110321K(1153024K)
[2020-08-05T16:51:40.763-0300] GC(416) Pause Young (Allocation Failure) 566M->103M(545M) 3.216ms
[2020-08-05T16:51:40.763-0300] GC(416) User=0.01s Sys=0.00s Real=0.00s
[2020-08-05T16:51:41.162-0300] GC(417) Pause Young (Allocation Failure)
[2020-08-05T16:51:41.165-0300] GC(417) PSYoungGen: 452192K->688K(431616K)
[2020-08-05T16:51:41.165-0300] GC(417) ParOldGen: 105735K->105879K(105984K)
[2020-08-05T16:51:41.165-0300] GC(417) Metaspace: 110321K->110321K(1153024K)
[2020-08-05T16:51:41.165-0300] GC(417) Pause Young (Allocation Failure) 544M->104M(525M) 2.991ms
[2020-08-05T16:51:41.165-0300] GC(417) User=0.01s Sys=0.00s Real=0.01s
[2020-08-05T16:51:41.166-0300] GC(418) Pause Full (Ergonomics)
[2020-08-05T16:51:41.166-0300] GC(418) Marking Phase
[2020-08-05T16:51:41.254-0300] GC(418) Marking Phase 88.813ms
[2020-08-05T16:51:41.254-0300] GC(418) Summary Phase
[2020-08-05T16:51:41.254-0300] GC(418) Summary Phase 0.015ms
[2020-08-05T16:51:41.254-0300] GC(418) Adjust Roots
[2020-08-05T16:51:41.279-0300] GC(418) Adjust Roots 24.457ms
[2020-08-05T16:51:41.279-0300] GC(418) Compaction Phase
[2020-08-05T16:51:41.312-0300] GC(418) Compaction Phase 32.652ms
[2020-08-05T16:51:41.312-0300] GC(418) Post Compact
[2020-08-05T16:51:41.312-0300] GC(418) Post Compact 0.537ms
[2020-08-05T16:51:41.312-0300] GC(418) PSYoungGen: 688K->0K(411136K)
[2020-08-05T16:51:41.312-0300] GC(418) ParOldGen: 105879K->75020K(108544K)
[2020-08-05T16:51:41.312-0300] GC(418) Metaspace: 110321K->110321K(1153024K)
[2020-08-05T16:51:41.312-0300] GC(418) Pause Full (Ergonomics) 104M->73M(507M) 146.850ms
[2020-08-05T16:51:41.312-0300] GC(418) User=0.33s Sys=0.00s Real=0.14s
[2020-08-05T16:51:41.671-0300] GC(419) Pause Young (Allocation Failure)
[2020-08-05T16:51:41.675-0300] GC(419) PSYoungGen: 410624K->1152K(393216K)
[2020-08-05T16:51:41.675-0300] GC(419) ParOldGen: 75020K->75020K(108544K)
[2020-08-05T16:51:41.675-0300] GC(419) Metaspace: 110321K->110321K(1153024K)
[2020-08-05T16:51:41.675-0300] GC(419) Pause Young (Allocation Failure) 474M->74M(490M) 4.097ms
[2020-08-05T16:51:41.675-0300] GC(419) User=0.00s Sys=0.00s Real=0.01s
[2020-08-05T16:51:42.010-0300] GC(420) Pause Young (Allocation Failure)
[2020-08-05T16:51:42.014-0300] GC(420) PSYoungGen: 392832K->728K(374784K)
[2020-08-05T16:51:42.014-0300] GC(420) ParOldGen: 75020K->75421K(108544K)
[2020-08-05T16:51:42.014-0300] GC(420) Metaspace: 110321K->110321K(1153024K)
[2020-08-05T16:51:42.014-0300] GC(420) Pause Young (Allocation Failure) 456M->74M(472M) 3.520ms
[2020-08-05T16:51:42.014-0300] GC(420) User=0.01s Sys=0.00s Real=0.01s
[2020-08-05T16:51:42.355-0300] GC(421) Pause Young (Allocation Failure)
[2020-08-05T16:51:42.358-0300] GC(421) PSYoungGen: 374488K->1024K(358400K)
[2020-08-05T16:51:42.358-0300] GC(421) ParOldGen: 75421K->75517K(108544K)
[2020-08-05T16:51:42.358-0300] GC(421) Metaspace: 110321K->110321K(1153024K)
[2020-08-05T16:51:42.358-0300] GC(421) Pause Young (Allocation Failure) 439M->74M(456M) 3.523ms
[2020-08-05T16:51:42.358-0300] GC(421) User=0.00s Sys=0.00s Real=0.00s
[2020-08-05T16:51:42.678-0300] GC(422) Pause Young (Allocation Failure)
[2020-08-05T16:51:42.681-0300] GC(422) PSYoungGen: 357888K->912K(342016K)
[2020-08-05T16:51:42.681-0300] GC(422) ParOldGen: 75517K->75805K(108544K)
[2020-08-05T16:51:42.681-0300] GC(422) Metaspace: 110321K->110321K(1153024K)
[2020-08-05T16:51:42.681-0300] GC(422) Pause Young (Allocation Failure) 423M->74M(440M) 3.165ms
[2020-08-05T16:51:42.681-0300] GC(422) User=0.01s Sys=0.00s Real=0.00s
[2020-08-05T16:51:43.017-0300] GC(423) Pause Young (Allocation Failure)
[2020-08-05T16:51:43.020-0300] GC(423) PSYoungGen: 341904K->608K(326656K)
[2020-08-05T16:51:43.020-0300] GC(423) ParOldGen: 75805K->75925K(108544K)
[2020-08-05T16:51:43.020-0300] GC(423) Metaspace: 110321K->110321K(1153024K)
[2020-08-05T16:51:43.020-0300] GC(423) Pause Young (Allocation Failure) 407M->74M(425M) 2.901ms
[2020-08-05T16:51:43.020-0300] GC(423) User=0.01s Sys=0.00s Real=0.00s
[2020-08-05T16:51:43.355-0300] GC(424) Pause Young (Allocation Failure)
[2020-08-05T16:51:43.358-0300] GC(424) PSYoungGen: 326240K->608K(312320K)
[2020-08-05T16:51:43.358-0300] GC(424) ParOldGen: 75925K->76053K(108544K)
[2020-08-05T16:51:43.358-0300] GC(424) Metaspace: 110321K->110321K(1153024K)
[2020-08-05T16:51:43.358-0300] GC(424) Pause Young (Allocation Failure) 392M->74M(411M) 2.272ms
[2020-08-05T16:51:43.358-0300] GC(424) User=0.01s Sys=0.00s Real=0.00s
[2020-08-05T16:51:43.709-0300] GC(425) Pause Young (Allocation Failure)
[2020-08-05T16:51:43.711-0300] GC(425) PSYoungGen: 311904K->704K(298496K)
[2020-08-05T16:51:43.711-0300] GC(425) ParOldGen: 76053K->76165K(108544K)
[2020-08-05T16:51:43.711-0300] GC(425) Metaspace: 110321K->110321K(1153024K)
[2020-08-05T16:51:43.711-0300] GC(425) Pause Young (Allocation Failure) 378M->75M(397M) 2.400ms
[2020-08-05T16:51:43.711-0300] GC(425) User=0.00s Sys=0.00s Real=0.00s
[2020-08-05T16:51:43.995-0300] GC(426) Pause Young (Allocation Failure)
[2020-08-05T16:51:44.000-0300] GC(426) PSYoungGen: 298176K->608K(354816K)
[2020-08-05T16:51:44.000-0300] GC(426) ParOldGen: 76165K->76325K(108544K)
[2020-08-05T16:51:44.000-0300] GC(426) Metaspace: 110321K->110321K(1153024K)
[2020-08-05T16:51:44.000-0300] GC(426) Pause Young (Allocation Failure) 365M->75M(452M) 4.715ms
[2020-08-05T16:51:44.000-0300] GC(426) User=0.00s Sys=0.00s Real=0.00s
[2020-08-05T16:51:44.302-0300] GC(427) Pause Young (Allocation Failure)
[2020-08-05T16:51:44.305-0300] GC(427) PSYoungGen: 354400K->592K(338944K)
[2020-08-05T16:51:44.305-0300] GC(427) ParOldGen: 76325K->76421K(108544K)
[2020-08-05T16:51:44.305-0300] GC(427) Metaspace: 110321K->110321K(1153024K)
[2020-08-05T16:51:44.305-0300] GC(427) Pause Young (Allocation Failure) 420M->75M(437M) 2.722ms
[2020-08-05T16:51:44.305-0300] GC(427) User=0.00s Sys=0.00s Real=0.01s
[2020-08-05T16:51:44.648-0300] GC(428) Pause Young (Allocation Failure)
[2020-08-05T16:51:44.651-0300] GC(428) PSYoungGen: 338512K->656K(323584K)
[2020-08-05T16:51:44.651-0300] GC(428) ParOldGen: 76421K->76573K(108544K)
[2020-08-05T16:51:44.651-0300] GC(428) Metaspace: 110321K->110321K(1153024K)
[2020-08-05T16:51:44.651-0300] GC(428) Pause Young (Allocation Failure) 405M->75M(422M) 3.393ms
[2020-08-05T16:51:44.651-0300] GC(428) User=0.00s Sys=0.00s Real=0.00s
[2020-08-05T16:51:44.948-0300] GC(429) Pause Young (Allocation Failure)
[2020-08-05T16:51:44.951-0300] GC(429) PSYoungGen: 323216K->811K(309248K)
[2020-08-05T16:51:44.951-0300] GC(429) ParOldGen: 76573K->76701K(108544K)
[2020-08-05T16:51:44.951-0300] GC(429) Metaspace: 110321K->110321K(1153024K)
[2020-08-05T16:51:44.951-0300] GC(429) Pause Young (Allocation Failure) 390M->75M(408M) 2.497ms
[2020-08-05T16:51:44.951-0300] GC(429) User=0.01s Sys=0.00s Real=0.00s
[2020-08-05T16:51:45.371-0300] GC(430) Pause Young (Allocation Failure)
[2020-08-05T16:51:45.374-0300] GC(430) PSYoungGen: 309035K->448K(294912K)
[2020-08-05T16:51:45.374-0300] GC(430) ParOldGen: 76701K->76859K(108544K)
[2020-08-05T16:51:45.374-0300] GC(430) Metaspace: 110321K->110321K(1153024K)
[2020-08-05T16:51:45.374-0300] GC(430) Pause Young (Allocation Failure) 376M->75M(394M) 2.492ms
[2020-08-05T16:51:45.374-0300] GC(430) User=0.01s Sys=0.00s Real=0.01s
[2020-08-05T16:51:45.669-0300] GC(431) Pause Young (Allocation Failure)
[2020-08-05T16:51:45.672-0300] GC(431) PSYoungGen: 294848K->640K(283136K)
[2020-08-05T16:51:45.672-0300] GC(431) ParOldGen: 76859K->77011K(108544K)
[2020-08-05T16:51:45.672-0300] GC(431) Metaspace: 110321K->110321K(1153024K)
[2020-08-05T16:51:45.672-0300] GC(431) Pause Young (Allocation Failure) 362M->75M(382M) 2.547ms
[2020-08-05T16:51:45.672-0300] GC(431) User=0.00s Sys=0.00s Real=0.00s
[2020-08-05T16:51:45.931-0300] GC(432) Pause Young (Allocation Failure)
[2020-08-05T16:51:45.934-0300] GC(432) PSYoungGen: 282240K->880K(270336K)
[2020-08-05T16:51:45.934-0300] GC(432) ParOldGen: 77011K->77115K(108544K)
[2020-08-05T16:51:45.934-0300] GC(432) Metaspace: 110321K->110321K(1153024K)
[2020-08-05T16:51:45.934-0300] GC(432) Pause Young (Allocation Failure) 350M->76M(370M) 2.408ms
[2020-08-05T16:51:45.934-0300] GC(432) User=0.01s Sys=0.00s Real=0.00s
[2020-08-05T16:51:46.170-0300] GC(433) Pause Young (Allocation Failure)
[2020-08-05T16:51:46.173-0300] GC(433) PSYoungGen: 270192K->928K(258560K)
[2020-08-05T16:51:46.173-0300] GC(433) ParOldGen: 77115K->77251K(108544K)
[2020-08-05T16:51:46.173-0300] GC(433) Metaspace: 110321K->110321K(1153024K)
[2020-08-05T16:51:46.173-0300] GC(433) Pause Young (Allocation Failure) 339M->76M(358M) 3.156ms
[2020-08-05T16:51:46.173-0300] GC(433) User=0.01s Sys=0.00s Real=0.00s
[2020-08-05T16:51:46.433-0300] GC(434) Pause Young (Allocation Failure)
[2020-08-05T16:51:46.436-0300] GC(434) PSYoungGen: 258464K->544K(247296K)
[2020-08-05T16:51:46.436-0300] GC(434) ParOldGen: 77251K->77347K(108544K)
[2020-08-05T16:51:46.436-0300] GC(434) Metaspace: 110321K->110321K(1153024K)
[2020-08-05T16:51:46.436-0300] GC(434) Pause Young (Allocation Failure) 327M->76M(347M) 2.746ms
[2020-08-05T16:51:46.436-0300] GC(434) User=0.00s Sys=0.00s Real=0.01s
[2020-08-05T16:51:46.677-0300] GC(435) Pause Young (Allocation Failure)
[2020-08-05T16:51:46.679-0300] GC(435) PSYoungGen: 246816K->608K(236544K)
[2020-08-05T16:51:46.679-0300] GC(435) ParOldGen: 77347K->77443K(108544K)
[2020-08-05T16:51:46.680-0300] GC(435) Metaspace: 110321K->110321K(1153024K)
[2020-08-05T16:51:46.680-0300] GC(435) Pause Young (Allocation Failure) 316M->76M(337M) 2.313ms
[2020-08-05T16:51:46.680-0300] GC(435) User=0.01s Sys=0.00s Real=0.00s
[2020-08-05T16:51:46.888-0300] GC(436) Pause Young (Allocation Failure)
[2020-08-05T16:51:46.892-0300] GC(436) PSYoungGen: 236128K->848K(281088K)
[2020-08-05T16:51:46.892-0300] GC(436) ParOldGen: 77443K->77539K(108544K)
[2020-08-05T16:51:46.892-0300] GC(436) Metaspace: 110321K->110321K(1153024K)
[2020-08-05T16:51:46.892-0300] GC(436) Pause Young (Allocation Failure) 306M->76M(380M) 3.111ms
[2020-08-05T16:51:46.892-0300] GC(436) User=0.01s Sys=0.00s Real=0.00s
[2020-08-05T16:51:47.173-0300] GC(437) Pause Young (Allocation Failure)
[2020-08-05T16:51:47.176-0300] GC(437) PSYoungGen: 280912K->624K(334336K)
[2020-08-05T16:51:47.176-0300] GC(437) ParOldGen: 77539K->77683K(108544K)
[2020-08-05T16:51:47.176-0300] GC(437) Metaspace: 110321K->110321K(1153024K)
[2020-08-05T16:51:47.176-0300] GC(437) Pause Young (Allocation Failure) 350M->76M(432M) 2.925ms
[2020-08-05T16:51:47.176-0300] GC(437) User=0.00s Sys=0.00s Real=0.01s
[2020-08-05T16:51:47.511-0300] GC(438) Pause Young (Allocation Failure)
[2020-08-05T16:51:47.514-0300] GC(438) PSYoungGen: 333936K->752K(397312K)
[2020-08-05T16:51:47.514-0300] GC(438) ParOldGen: 77683K->77843K(108544K)
[2020-08-05T16:51:47.514-0300] GC(438) Metaspace: 110321K->110321K(1153024K)
[2020-08-05T16:51:47.514-0300] GC(438) Pause Young (Allocation Failure) 401M->76M(494M) 2.966ms
[2020-08-05T16:51:47.514-0300] GC(438) User=0.01s Sys=0.00s Real=0.01s
[2020-08-05T16:51:47.865-0300] GC(439) Pause Young (Allocation Failure)
[2020-08-05T16:51:47.869-0300] GC(439) PSYoungGen: 397040K->752K(472064K)
[2020-08-05T16:51:47.869-0300] GC(439) ParOldGen: 77843K->77955K(108544K)
[2020-08-05T16:51:47.869-0300] GC(439) Metaspace: 110321K->110321K(1153024K)
[2020-08-05T16:51:47.869-0300] GC(439) Pause Young (Allocation Failure) 463M->76M(567M) 3.579ms
[2020-08-05T16:51:47.869-0300] GC(439) User=0.00s Sys=0.00s Real=0.00s
[2020-08-05T16:51:48.292-0300] GC(440) Pause Young (Allocation Failure)
[2020-08-05T16:51:48.299-0300] GC(440) PSYoungGen: 471792K->592K(561152K)
[2020-08-05T16:51:48.299-0300] GC(440) ParOldGen: 77955K->78188K(108544K)
[2020-08-05T16:51:48.299-0300] GC(440) Metaspace: 110321K->110321K(1153024K)
[2020-08-05T16:51:48.299-0300] GC(440) Pause Young (Allocation Failure) 536M->76M(654M) 6.267ms
[2020-08-05T16:51:48.299-0300] GC(440) User=0.01s Sys=0.00s Real=0.01s
[2020-08-05T16:51:48.834-0300] GC(441) Pause Young (Allocation Failure)
[2020-08-05T16:51:48.837-0300] GC(441) PSYoungGen: 560720K->864K(595456K)
[2020-08-05T16:51:48.837-0300] GC(441) ParOldGen: 78188K->78316K(108544K)
[2020-08-05T16:51:48.837-0300] GC(441) Metaspace: 110321K->110321K(1153024K)
[2020-08-05T16:51:48.837-0300] GC(441) Pause Young (Allocation Failure) 623M->77M(687M) 3.129ms
[2020-08-05T16:51:48.837-0300] GC(441) User=0.00s Sys=0.00s Real=0.01s
[2020-08-05T16:51:49.405-0300] GC(442) Pause Young (Allocation Failure)
[2020-08-05T16:51:49.409-0300] GC(442) PSYoungGen: 594784K->496K(566784K)
[2020-08-05T16:51:49.409-0300] GC(442) ParOldGen: 78316K->78524K(108544K)
[2020-08-05T16:51:49.409-0300] GC(442) Metaspace: 110321K->110321K(1153024K)
[2020-08-05T16:51:49.409-0300] GC(442) Pause Young (Allocation Failure) 657M->77M(659M) 3.469ms
[2020-08-05T16:51:49.409-0300] GC(442) User=0.01s Sys=0.00s Real=0.00s
[2020-08-05T16:51:49.959-0300] GC(443) Pause Young (Allocation Failure)
[2020-08-05T16:51:49.963-0300] GC(443) PSYoungGen: 566768K->1440K(541184K)
[2020-08-05T16:51:49.963-0300] GC(443) ParOldGen: 78524K->78700K(108544K)
[2020-08-05T16:51:49.963-0300] GC(443) Metaspace: 110321K->110321K(1153024K)
[2020-08-05T16:51:49.963-0300] GC(443) Pause Young (Allocation Failure) 630M->78M(634M) 4.163ms
[2020-08-05T16:51:49.963-0300] GC(443) User=0.01s Sys=0.00s Real=0.00s
[2020-08-05T16:51:50.600-0300] GC(444) Pause Young (Allocation Failure)
[2020-08-05T16:51:50.604-0300] GC(444) PSYoungGen: 541088K->736K(515584K)
[2020-08-05T16:51:50.604-0300] GC(444) ParOldGen: 78700K->78996K(108544K)
[2020-08-05T16:51:50.604-0300] GC(444) Metaspace: 110321K->110321K(1153024K)
[2020-08-05T16:51:50.604-0300] GC(444) Pause Young (Allocation Failure) 605M->77M(609M) 3.311ms
[2020-08-05T16:51:50.604-0300] GC(444) User=0.01s Sys=0.00s Real=0.00s
[2020-08-05T16:51:51.127-0300] GC(445) Pause Young (Allocation Failure)
[2020-08-05T16:51:51.129-0300] GC(445) PSYoungGen: 515296K->640K(491520K)
[2020-08-05T16:51:51.129-0300] GC(445) ParOldGen: 78996K->79228K(108544K)
[2020-08-05T16:51:51.129-0300] GC(445) Metaspace: 110321K->110321K(1153024K)
[2020-08-05T16:51:51.129-0300] GC(445) Pause Young (Allocation Failure) 580M->77M(586M) 2.427ms
[2020-08-05T16:51:51.129-0300] GC(445) User=0.01s Sys=0.00s Real=0.00s
[2020-08-05T16:51:51.582-0300] GC(446) Pause Young (Allocation Failure)
[2020-08-05T16:51:51.586-0300] GC(446) PSYoungGen: 491136K->912K(468992K)
[2020-08-05T16:51:51.586-0300] GC(446) ParOldGen: 79228K->79372K(108544K)
[2020-08-05T16:51:51.586-0300] GC(446) Metaspace: 110321K->110321K(1153024K)
[2020-08-05T16:51:51.586-0300] GC(446) Pause Young (Allocation Failure) 556M->78M(564M) 3.719ms
[2020-08-05T16:51:51.586-0300] GC(446) User=0.01s Sys=0.00s Real=0.01s
[2020-08-05T16:51:52.005-0300] GC(447) Pause Young (Allocation Failure)
[2020-08-05T16:51:52.009-0300] GC(447) PSYoungGen: 468880K->784K(447488K)
[2020-08-05T16:51:52.009-0300] GC(447) ParOldGen: 79372K->79548K(108544K)
[2020-08-05T16:51:52.009-0300] GC(447) Metaspace: 110321K->110321K(1153024K)
[2020-08-05T16:51:52.009-0300] GC(447) Pause Young (Allocation Failure) 535M->78M(543M) 3.936ms
[2020-08-05T16:51:52.009-0300] GC(447) User=0.00s Sys=0.00s Real=0.00s
[2020-08-05T16:51:52.406-0300] GC(448) Pause Young (Allocation Failure)
[2020-08-05T16:51:52.409-0300] GC(448) PSYoungGen: 447248K->1072K(427520K)
[2020-08-05T16:51:52.409-0300] GC(448) ParOldGen: 79548K->79732K(108544K)
[2020-08-05T16:51:52.409-0300] GC(448) Metaspace: 110321K->110321K(1153024K)
[2020-08-05T16:51:52.409-0300] GC(448) Pause Young (Allocation Failure) 514M->78M(523M) 3.408ms
[2020-08-05T16:51:52.409-0300] GC(448) User=0.00s Sys=0.00s Real=0.00s
[2020-08-05T16:51:52.789-0300] GC(449) Pause Young (Allocation Failure)
[2020-08-05T16:51:52.792-0300] GC(449) PSYoungGen: 427056K->720K(407552K)
[2020-08-05T16:51:52.792-0300] GC(449) ParOldGen: 79732K->79868K(108544K)
[2020-08-05T16:51:52.792-0300] GC(449) Metaspace: 110321K->110321K(1153024K)
[2020-08-05T16:51:52.792-0300] GC(449) Pause Young (Allocation Failure) 494M->78M(504M) 3.120ms
[2020-08-05T16:51:52.792-0300] GC(449) User=0.00s Sys=0.00s Real=0.00s
[2020-08-05T16:51:53.157-0300] GC(450) Pause Young (Allocation Failure)
[2020-08-05T16:51:53.160-0300] GC(450) PSYoungGen: 407248K->800K(389120K)
[2020-08-05T16:51:53.160-0300] GC(450) ParOldGen: 79868K->80004K(108544K)
[2020-08-05T16:51:53.160-0300] GC(450) Metaspace: 110321K->110321K(1153024K)
[2020-08-05T16:51:53.160-0300] GC(450) Pause Young (Allocation Failure) 475M->78M(486M) 2.747ms
[2020-08-05T16:51:53.160-0300] GC(450) User=0.00s Sys=0.00s Real=0.00s
[2020-08-05T16:51:53.587-0300] GC(451) Pause Young (Allocation Failure)
[2020-08-05T16:51:53.591-0300] GC(451) PSYoungGen: 388896K->784K(371712K)
[2020-08-05T16:51:53.591-0300] GC(451) ParOldGen: 80004K->80172K(108544K)
[2020-08-05T16:51:53.591-0300] GC(451) Metaspace: 110321K->110321K(1153024K)
[2020-08-05T16:51:53.591-0300] GC(451) Pause Young (Allocation Failure) 457M->79M(469M) 4.188ms
[2020-08-05T16:51:53.591-0300] GC(451) User=0.01s Sys=0.00s Real=0.00s
[2020-08-05T16:51:53.942-0300] GC(452) Pause Young (Allocation Failure)
[2020-08-05T16:51:53.948-0300] GC(452) PSYoungGen: 371472K->768K(441856K)
[2020-08-05T16:51:53.948-0300] GC(452) ParOldGen: 80172K->80284K(108544K)
[2020-08-05T16:51:53.948-0300] GC(452) Metaspace: 110321K->110321K(1153024K)
[2020-08-05T16:51:53.948-0300] GC(452) Pause Young (Allocation Failure) 441M->79M(537M) 5.845ms
[2020-08-05T16:51:53.948-0300] GC(452) User=0.01s Sys=0.00s Real=0.01s
[2020-08-05T16:51:54.406-0300] GC(453) Pause Young (Allocation Failure)
[2020-08-05T16:51:54.409-0300] GC(453) PSYoungGen: 441600K->752K(421376K)
[2020-08-05T16:51:54.409-0300] GC(453) ParOldGen: 80284K->80428K(108544K)
[2020-08-05T16:51:54.409-0300] GC(453) Metaspace: 110321K->110321K(1153024K)
[2020-08-05T16:51:54.409-0300] GC(453) Pause Young (Allocation Failure) 509M->79M(517M) 2.730ms
[2020-08-05T16:51:54.409-0300] GC(453) User=0.01s Sys=0.00s Real=0.00s
[2020-08-05T16:51:54.836-0300] GC(454) Pause Young (Allocation Failure)
[2020-08-05T16:51:54.839-0300] GC(454) PSYoungGen: 421104K->904K(401920K)
[2020-08-05T16:51:54.839-0300] GC(454) ParOldGen: 80428K->80572K(108544K)
[2020-08-05T16:51:54.839-0300] GC(454) Metaspace: 110321K->110321K(1153024K)
[2020-08-05T16:51:54.839-0300] GC(454) Pause Young (Allocation Failure) 489M->79M(498M) 3.042ms
[2020-08-05T16:51:54.839-0300] GC(454) User=0.00s Sys=0.00s Real=0.00s
[2020-08-05T16:51:55.284-0300] GC(455) Pause Young (Allocation Failure)
[2020-08-05T16:51:55.287-0300] GC(455) PSYoungGen: 401800K->848K(383488K)
[2020-08-05T16:51:55.287-0300] GC(455) ParOldGen: 80572K->80692K(108544K)
[2020-08-05T16:51:55.287-0300] GC(455) Metaspace: 110321K->110321K(1153024K)
[2020-08-05T16:51:55.287-0300] GC(455) Pause Young (Allocation Failure) 471M->79M(480M) 3.519ms
[2020-08-05T16:51:55.287-0300] GC(455) User=0.01s Sys=0.00s Real=0.01s
[2020-08-05T16:51:55.724-0300] GC(456) Pause Young (Allocation Failure)
[2020-08-05T16:51:55.728-0300] GC(456) PSYoungGen: 383312K->688K(366080K)
[2020-08-05T16:51:55.728-0300] GC(456) ParOldGen: 80692K->80812K(108544K)
[2020-08-05T16:51:55.728-0300] GC(456) Metaspace: 110321K->110321K(1153024K)
[2020-08-05T16:51:55.728-0300] GC(456) Pause Young (Allocation Failure) 453M->79M(463M) 3.730ms
[2020-08-05T16:51:55.728-0300] GC(456) User=0.01s Sys=0.00s Real=0.00s
[2020-08-05T16:51:56.056-0300] GC(457) Pause Young (Allocation Failure)
[2020-08-05T16:51:56.061-0300] GC(457) PSYoungGen: 365744K->656K(435200K)
[2020-08-05T16:51:56.061-0300] GC(457) ParOldGen: 80812K->80988K(108544K)
[2020-08-05T16:51:56.061-0300] GC(457) Metaspace: 110321K->110321K(1153024K)
[2020-08-05T16:51:56.061-0300] GC(457) Pause Young (Allocation Failure) 436M->79M(531M) 4.998ms
[2020-08-05T16:51:56.061-0300] GC(457) User=0.01s Sys=0.00s Real=0.00s
[2020-08-05T16:51:56.488-0300] GC(458) Pause Young (Allocation Failure)
[2020-08-05T16:51:56.491-0300] GC(458) PSYoungGen: 434832K->592K(415232K)
[2020-08-05T16:51:56.491-0300] GC(458) ParOldGen: 80988K->81148K(108544K)
[2020-08-05T16:51:56.491-0300] GC(458) Metaspace: 110321K->110321K(1153024K)
[2020-08-05T16:51:56.491-0300] GC(458) Pause Young (Allocation Failure) 503M->79M(511M) 3.377ms
[2020-08-05T16:51:56.491-0300] GC(458) User=0.00s Sys=0.00s Real=0.00s
[2020-08-05T16:51:56.888-0300] GC(459) Pause Young (Allocation Failure)
[2020-08-05T16:51:56.892-0300] GC(459) PSYoungGen: 414800K->960K(396288K)
[2020-08-05T16:51:56.892-0300] GC(459) ParOldGen: 81148K->81276K(108544K)
[2020-08-05T16:51:56.892-0300] GC(459) Metaspace: 110321K->110321K(1153024K)
[2020-08-05T16:51:56.892-0300] GC(459) Pause Young (Allocation Failure) 484M->80M(493M) 3.411ms
[2020-08-05T16:51:56.892-0300] GC(459) User=0.01s Sys=0.01s Real=0.00s
[2020-08-05T16:51:57.247-0300] GC(460) Pause Young (Allocation Failure)
[2020-08-05T16:51:57.251-0300] GC(460) PSYoungGen: 396224K->1072K(378880K)
[2020-08-05T16:51:57.251-0300] GC(460) ParOldGen: 81276K->81468K(108544K)
[2020-08-05T16:51:57.251-0300] GC(460) Metaspace: 110321K->110321K(1153024K)
[2020-08-05T16:51:57.251-0300] GC(460) Pause Young (Allocation Failure) 466M->80M(476M) 3.984ms
[2020-08-05T16:51:57.251-0300] GC(460) User=0.00s Sys=0.00s Real=0.00s
[2020-08-05T16:51:57.583-0300] GC(461) Pause Young (Allocation Failure)
[2020-08-05T16:51:57.586-0300] GC(461) PSYoungGen: 378416K->800K(361472K)
[2020-08-05T16:51:57.586-0300] GC(461) ParOldGen: 81468K->81604K(108544K)
[2020-08-05T16:51:57.586-0300] GC(461) Metaspace: 110321K->110321K(1153024K)
[2020-08-05T16:51:57.586-0300] GC(461) Pause Young (Allocation Failure) 449M->80M(459M) 2.498ms
[2020-08-05T16:51:57.586-0300] GC(461) User=0.00s Sys=0.00s Real=0.01s
[2020-08-05T16:51:57.942-0300] GC(462) Pause Young (Allocation Failure)
[2020-08-05T16:51:57.944-0300] GC(462) PSYoungGen: 361248K->736K(345088K)
[2020-08-05T16:51:57.944-0300] GC(462) ParOldGen: 81604K->81708K(108544K)
[2020-08-05T16:51:57.944-0300] GC(462) Metaspace: 110321K->110321K(1153024K)
[2020-08-05T16:51:57.944-0300] GC(462) Pause Young (Allocation Failure) 432M->80M(443M) 2.474ms
[2020-08-05T16:51:57.944-0300] GC(462) User=0.00s Sys=0.00s Real=0.01s
[2020-08-05T16:51:58.244-0300] GC(463) Pause Young (Allocation Failure)
[2020-08-05T16:51:58.248-0300] GC(463) PSYoungGen: 344800K->1040K(410624K)
[2020-08-05T16:51:58.248-0300] GC(463) ParOldGen: 81708K->81820K(108544K)
[2020-08-05T16:51:58.248-0300] GC(463) Metaspace: 110321K->110321K(1153024K)
[2020-08-05T16:51:58.248-0300] GC(463) Pause Young (Allocation Failure) 416M->80M(507M) 4.667ms
[2020-08-05T16:51:58.248-0300] GC(463) User=0.00s Sys=0.00s Real=0.01s
[2020-08-05T16:51:58.621-0300] GC(464) Pause Young (Allocation Failure)
[2020-08-05T16:51:58.625-0300] GC(464) PSYoungGen: 410128K->832K(487424K)
[2020-08-05T16:51:58.625-0300] GC(464) ParOldGen: 81820K->81961K(108544K)
[2020-08-05T16:51:58.625-0300] GC(464) Metaspace: 110321K->110321K(1153024K)
[2020-08-05T16:51:58.625-0300] GC(464) Pause Young (Allocation Failure) 480M->80M(582M) 3.708ms
[2020-08-05T16:51:58.625-0300] GC(464) User=0.00s Sys=0.00s Real=0.01s
[2020-08-05T16:51:59.056-0300] GC(465) Pause Young (Allocation Failure)
[2020-08-05T16:51:59.060-0300] GC(465) PSYoungGen: 487232K->656K(464896K)
[2020-08-05T16:51:59.060-0300] GC(465) ParOldGen: 81961K->82161K(108544K)
[2020-08-05T16:51:59.060-0300] GC(465) Metaspace: 110321K->110321K(1153024K)
[2020-08-05T16:51:59.060-0300] GC(465) Pause Young (Allocation Failure) 555M->80M(560M) 3.713ms
[2020-08-05T16:51:59.060-0300] GC(465) User=0.01s Sys=0.00s Real=0.00s
[2020-08-05T16:51:59.505-0300] GC(466) Pause Young (Allocation Failure)
[2020-08-05T16:51:59.508-0300] GC(466) PSYoungGen: 464528K->528K(443392K)
[2020-08-05T16:51:59.508-0300] GC(466) ParOldGen: 82161K->82305K(108544K)
[2020-08-05T16:51:59.508-0300] GC(466) Metaspace: 110321K->110321K(1153024K)
[2020-08-05T16:51:59.508-0300] GC(466) Pause Young (Allocation Failure) 533M->80M(539M) 3.124ms
[2020-08-05T16:51:59.508-0300] GC(466) User=0.00s Sys=0.00s Real=0.00s
[2020-08-05T16:51:59.878-0300] GC(467) Pause Young (Allocation Failure)
[2020-08-05T16:51:59.884-0300] GC(467) PSYoungGen: 442896K->944K(526848K)
[2020-08-05T16:51:59.884-0300] GC(467) ParOldGen: 82305K->82425K(108544K)
[2020-08-05T16:51:59.884-0300] GC(467) Metaspace: 110321K->110321K(1153024K)
[2020-08-05T16:51:59.884-0300] GC(467) Pause Young (Allocation Failure) 512M->81M(620M) 5.468ms
[2020-08-05T16:51:59.884-0300] GC(467) User=0.01s Sys=0.00s Real=0.00s
[2020-08-05T16:52:00.412-0300] GC(468) Pause Young (Allocation Failure)
[2020-08-05T16:52:00.415-0300] GC(468) PSYoungGen: 526768K->560K(502272K)
[2020-08-05T16:52:00.415-0300] GC(468) ParOldGen: 82425K->82649K(108544K)
[2020-08-05T16:52:00.415-0300] GC(468) Metaspace: 110321K->110321K(1153024K)
[2020-08-05T16:52:00.415-0300] GC(468) Pause Young (Allocation Failure) 594M->81M(596M) 3.184ms
[2020-08-05T16:52:00.415-0300] GC(468) User=0.01s Sys=0.00s Real=0.01s
[2020-08-05T16:52:00.892-0300] GC(469) Pause Young (Allocation Failure)
[2020-08-05T16:52:00.896-0300] GC(469) PSYoungGen: 501808K->688K(479232K)
[2020-08-05T16:52:00.896-0300] GC(469) ParOldGen: 82649K->82801K(108544K)
[2020-08-05T16:52:00.896-0300] GC(469) Metaspace: 110321K->110321K(1153024K)
[2020-08-05T16:52:00.896-0300] GC(469) Pause Young (Allocation Failure) 570M->81M(574M) 3.127ms
[2020-08-05T16:52:00.896-0300] GC(469) User=0.01s Sys=0.01s Real=0.01s
[2020-08-05T16:52:01.393-0300] GC(470) Pause Young (Allocation Failure)
[2020-08-05T16:52:01.397-0300] GC(470) PSYoungGen: 478896K->592K(457216K)
[2020-08-05T16:52:01.397-0300] GC(470) ParOldGen: 82801K->82953K(108544K)
[2020-08-05T16:52:01.397-0300] GC(470) Metaspace: 110321K->110321K(1153024K)
[2020-08-05T16:52:01.397-0300] GC(470) Pause Young (Allocation Failure) 548M->81M(552M) 3.282ms
[2020-08-05T16:52:01.397-0300] GC(470) User=0.00s Sys=0.01s Real=0.01s
[2020-08-05T16:52:02.925-0300] GC(471) Pause Young (Allocation Failure)
[2020-08-05T16:52:02.927-0300] GC(471) PSYoungGen: 456784K->608K(436224K)
[2020-08-05T16:52:02.927-0300] GC(471) ParOldGen: 82953K->83177K(108544K)
[2020-08-05T16:52:02.927-0300] GC(471) Metaspace: 110321K->110321K(1153024K)
[2020-08-05T16:52:02.927-0300] GC(471) Pause Young (Allocation Failure) 527M->81M(532M) 2.736ms
[2020-08-05T16:52:02.927-0300] GC(471) User=0.01s Sys=0.00s Real=0.00s
[2020-08-05T16:52:03.385-0300] GC(472) Pause Young (Allocation Failure)
[2020-08-05T16:52:03.389-0300] GC(472) PSYoungGen: 435808K->752K(416256K)
[2020-08-05T16:52:03.389-0300] GC(472) ParOldGen: 83177K->83305K(108544K)
[2020-08-05T16:52:03.389-0300] GC(472) Metaspace: 110321K->110321K(1153024K)
[2020-08-05T16:52:03.389-0300] GC(472) Pause Young (Allocation Failure) 506M->82M(512M) 3.691ms
[2020-08-05T16:52:03.389-0300] GC(472) User=0.00s Sys=0.00s Real=0.00s
[2020-08-05T16:52:03.783-0300] GC(473) Pause Young (Allocation Failure)
[2020-08-05T16:52:03.788-0300] GC(473) PSYoungGen: 415984K->512K(397312K)
[2020-08-05T16:52:03.788-0300] GC(473) ParOldGen: 83305K->83521K(108544K)
[2020-08-05T16:52:03.788-0300] GC(473) Metaspace: 110321K->110321K(1153024K)
[2020-08-05T16:52:03.788-0300] GC(473) Pause Young (Allocation Failure) 487M->82M(494M) 4.998ms
[2020-08-05T16:52:03.788-0300] GC(473) User=0.01s Sys=0.00s Real=0.01s
[2020-08-05T16:52:04.190-0300] GC(474) Pause Young (Allocation Failure)
[2020-08-05T16:52:04.194-0300] GC(474) PSYoungGen: 396800K->800K(379392K)
[2020-08-05T16:52:04.194-0300] GC(474) ParOldGen: 83521K->83757K(108544K)
[2020-08-05T16:52:04.194-0300] GC(474) Metaspace: 110321K->110321K(1153024K)
[2020-08-05T16:52:04.194-0300] GC(474) Pause Young (Allocation Failure) 469M->82M(476M) 4.171ms
[2020-08-05T16:52:04.194-0300] GC(474) User=0.01s Sys=0.00s Real=0.01s
[2020-08-05T16:52:04.546-0300] GC(475) Pause Young (Allocation Failure)
[2020-08-05T16:52:04.548-0300] GC(475) PSYoungGen: 379168K->704K(362496K)
[2020-08-05T16:52:04.548-0300] GC(475) ParOldGen: 83757K->83877K(108544K)
[2020-08-05T16:52:04.548-0300] GC(475) Metaspace: 110321K->110321K(1153024K)
[2020-08-05T16:52:04.548-0300] GC(475) Pause Young (Allocation Failure) 452M->82M(460M) 2.818ms
[2020-08-05T16:52:04.548-0300] GC(475) User=0.01s Sys=0.00s Real=0.00s
[2020-08-05T16:52:04.861-0300] GC(476) Pause Young (Allocation Failure)
[2020-08-05T16:52:04.866-0300] GC(476) PSYoungGen: 362176K->838K(431104K)
[2020-08-05T16:52:04.866-0300] GC(476) ParOldGen: 83877K->84085K(108544K)
[2020-08-05T16:52:04.866-0300] GC(476) Metaspace: 110321K->110321K(1153024K)
[2020-08-05T16:52:04.866-0300] GC(476) Pause Young (Allocation Failure) 435M->82M(527M) 5.063ms
[2020-08-05T16:52:04.866-0300] GC(476) User=0.01s Sys=0.00s Real=0.01s
[2020-08-05T16:52:05.386-0300] GC(477) Pause Young (Allocation Failure)
[2020-08-05T16:52:05.390-0300] GC(477) PSYoungGen: 430918K->480K(411136K)
[2020-08-05T16:52:05.390-0300] GC(477) ParOldGen: 84085K->84267K(108544K)
[2020-08-05T16:52:05.390-0300] GC(477) Metaspace: 110321K->110321K(1153024K)
[2020-08-05T16:52:05.390-0300] GC(477) Pause Young (Allocation Failure) 502M->82M(507M) 3.260ms
[2020-08-05T16:52:05.390-0300] GC(477) User=0.01s Sys=0.00s Real=0.00s
[2020-08-05T16:52:05.767-0300] GC(478) Pause Young (Allocation Failure)
[2020-08-05T16:52:05.771-0300] GC(478) PSYoungGen: 411104K->656K(392704K)
[2020-08-05T16:52:05.771-0300] GC(478) ParOldGen: 84267K->84387K(108544K)
[2020-08-05T16:52:05.771-0300] GC(478) Metaspace: 110321K->110321K(1153024K)
[2020-08-05T16:52:05.771-0300] GC(478) Pause Young (Allocation Failure) 483M->83M(489M) 3.393ms
[2020-08-05T16:52:05.771-0300] GC(478) User=0.01s Sys=0.00s Real=0.00s
[2020-08-05T16:52:06.128-0300] GC(479) Pause Young (Allocation Failure)
[2020-08-05T16:52:06.132-0300] GC(479) PSYoungGen: 392336K->688K(375296K)
[2020-08-05T16:52:06.132-0300] GC(479) ParOldGen: 84387K->84515K(108544K)
[2020-08-05T16:52:06.132-0300] GC(479) Metaspace: 110321K->110321K(1153024K)
[2020-08-05T16:52:06.132-0300] GC(479) Pause Young (Allocation Failure) 465M->83M(472M) 3.629ms
[2020-08-05T16:52:06.132-0300] GC(479) User=0.01s Sys=0.00s Real=0.00s
[2020-08-05T16:52:06.474-0300] GC(480) Pause Young (Allocation Failure)
[2020-08-05T16:52:06.478-0300] GC(480) PSYoungGen: 374448K->848K(357888K)
[2020-08-05T16:52:06.479-0300] GC(480) ParOldGen: 84515K->84643K(108544K)
[2020-08-05T16:52:06.479-0300] GC(480) Metaspace: 110321K->110321K(1153024K)
[2020-08-05T16:52:06.479-0300] GC(480) Pause Young (Allocation Failure) 448M->83M(455M) 4.510ms
[2020-08-05T16:52:06.479-0300] GC(480) User=0.01s Sys=0.00s Real=0.00s
[2020-08-05T16:52:06.815-0300] GC(481) Pause Young (Allocation Failure)
[2020-08-05T16:52:06.818-0300] GC(481) PSYoungGen: 357712K->512K(342016K)
[2020-08-05T16:52:06.818-0300] GC(481) ParOldGen: 84643K->84859K(108544K)
[2020-08-05T16:52:06.818-0300] GC(481) Metaspace: 110321K->110321K(1153024K)
[2020-08-05T16:52:06.818-0300] GC(481) Pause Young (Allocation Failure) 431M->83M(440M) 3.279ms
[2020-08-05T16:52:06.818-0300] GC(481) User=0.00s Sys=0.01s Real=0.00s
[2020-08-05T16:52:07.139-0300] GC(482) Pause Young (Allocation Failure)
[2020-08-05T16:52:07.144-0300] GC(482) PSYoungGen: 341504K->1024K(407552K)
[2020-08-05T16:52:07.144-0300] GC(482) ParOldGen: 84859K->84971K(108544K)
[2020-08-05T16:52:07.144-0300] GC(482) Metaspace: 110321K->110321K(1153024K)
[2020-08-05T16:52:07.144-0300] GC(482) Pause Young (Allocation Failure) 416M->83M(504M) 4.756ms
[2020-08-05T16:52:07.144-0300] GC(482) User=0.01s Sys=0.00s Real=0.00s
[2020-08-05T16:52:07.506-0300] GC(483) Pause Young (Allocation Failure)
[2020-08-05T16:52:07.510-0300] GC(483) PSYoungGen: 407040K->736K(483840K)
[2020-08-05T16:52:07.510-0300] GC(483) ParOldGen: 84971K->85107K(108544K)
[2020-08-05T16:52:07.510-0300] GC(483) Metaspace: 110321K->110321K(1153024K)
[2020-08-05T16:52:07.510-0300] GC(483) Pause Young (Allocation Failure) 480M->83M(578M) 3.659ms
[2020-08-05T16:52:07.510-0300] GC(483) User=0.00s Sys=0.00s Real=0.00s
[2020-08-05T16:52:07.974-0300] GC(484) Pause Young (Allocation Failure)
[2020-08-05T16:52:07.977-0300] GC(484) PSYoungGen: 483552K->752K(461312K)
[2020-08-05T16:52:07.977-0300] GC(484) ParOldGen: 85107K->85235K(108544K)
[2020-08-05T16:52:07.977-0300] GC(484) Metaspace: 110321K->110321K(1153024K)
[2020-08-05T16:52:07.977-0300] GC(484) Pause Young (Allocation Failure) 555M->83M(556M) 3.105ms
[2020-08-05T16:52:07.977-0300] GC(484) User=0.01s Sys=0.00s Real=0.00s
[2020-08-05T16:52:08.401-0300] GC(485) Pause Young (Allocation Failure)
[2020-08-05T16:52:08.404-0300] GC(485) PSYoungGen: 461040K->880K(440320K)
[2020-08-05T16:52:08.404-0300] GC(485) ParOldGen: 85235K->85379K(108544K)
[2020-08-05T16:52:08.404-0300] GC(485) Metaspace: 110321K->110321K(1153024K)
[2020-08-05T16:52:08.404-0300] GC(485) Pause Young (Allocation Failure) 533M->84M(536M) 3.214ms
[2020-08-05T16:52:08.404-0300] GC(485) User=0.01s Sys=0.00s Real=0.01s
[2020-08-05T16:52:08.823-0300] GC(486) Pause Young (Allocation Failure)
[2020-08-05T16:52:08.827-0300] GC(486) PSYoungGen: 440176K->896K(420352K)
[2020-08-05T16:52:08.827-0300] GC(486) ParOldGen: 85379K->85499K(108544K)
[2020-08-05T16:52:08.827-0300] GC(486) Metaspace: 110328K->110328K(1153024K)
[2020-08-05T16:52:08.827-0300] GC(486) Pause Young (Allocation Failure) 513M->84M(516M) 4.531ms
[2020-08-05T16:52:08.827-0300] GC(486) User=0.01s Sys=0.00s Real=0.01s
[2020-08-05T16:52:09.200-0300] GC(487) Pause Young (Allocation Failure)
[2020-08-05T16:52:09.204-0300] GC(487) PSYoungGen: 420224K->752K(499200K)
[2020-08-05T16:52:09.204-0300] GC(487) ParOldGen: 85499K->85716K(108544K)
[2020-08-05T16:52:09.204-0300] GC(487) Metaspace: 110328K->110328K(1153024K)
[2020-08-05T16:52:09.204-0300] GC(487) Pause Young (Allocation Failure) 493M->84M(593M) 4.386ms
[2020-08-05T16:52:09.204-0300] GC(487) User=0.00s Sys=0.00s Real=0.01s
[2020-08-05T16:52:09.628-0300] GC(488) Pause Young (Allocation Failure)
[2020-08-05T16:52:09.632-0300] GC(488) PSYoungGen: 498928K->768K(476160K)
[2020-08-05T16:52:09.632-0300] GC(488) ParOldGen: 85716K->85904K(108544K)
[2020-08-05T16:52:09.632-0300] GC(488) Metaspace: 110328K->110328K(1153024K)
[2020-08-05T16:52:09.632-0300] GC(488) Pause Young (Allocation Failure) 570M->84M(571M) 3.560ms
[2020-08-05T16:52:09.632-0300] GC(488) User=0.00s Sys=0.00s Real=0.00s
[2020-08-05T16:52:10.062-0300] GC(489) Pause Young (Allocation Failure)
[2020-08-05T16:52:10.065-0300] GC(489) PSYoungGen: 475904K->1072K(454656K)
[2020-08-05T16:52:10.065-0300] GC(489) ParOldGen: 85904K->86040K(108544K)
[2020-08-05T16:52:10.065-0300] GC(489) Metaspace: 110328K->110328K(1153024K)
[2020-08-05T16:52:10.065-0300] GC(489) Pause Young (Allocation Failure) 548M->85M(550M) 2.737ms
[2020-08-05T16:52:10.065-0300] GC(489) User=0.00s Sys=0.00s Real=0.01s
[2020-08-05T16:52:10.574-0300] GC(490) Pause Young (Allocation Failure)
[2020-08-05T16:52:10.579-0300] GC(490) PSYoungGen: 454192K->992K(433152K)
[2020-08-05T16:52:10.579-0300] GC(490) ParOldGen: 86040K->86248K(108544K)
[2020-08-05T16:52:10.579-0300] GC(490) Metaspace: 110328K->110328K(1153024K)
[2020-08-05T16:52:10.579-0300] GC(490) Pause Young (Allocation Failure) 527M->85M(529M) 5.103ms
[2020-08-05T16:52:10.579-0300] GC(490) User=0.00s Sys=0.00s Real=0.01s
[2020-08-05T16:52:11.007-0300] GC(491) Pause Young (Allocation Failure)
[2020-08-05T16:52:11.011-0300] GC(491) PSYoungGen: 433120K->896K(413184K)
[2020-08-05T16:52:11.011-0300] GC(491) ParOldGen: 86248K->86464K(108544K)
[2020-08-05T16:52:11.011-0300] GC(491) Metaspace: 110328K->110328K(1153024K)
[2020-08-05T16:52:11.011-0300] GC(491) Pause Young (Allocation Failure) 507M->85M(509M) 3.178ms
[2020-08-05T16:52:11.011-0300] GC(491) User=0.01s Sys=0.00s Real=0.00s
[2020-08-05T16:52:11.419-0300] GC(492) Pause Young (Allocation Failure)
[2020-08-05T16:52:11.422-0300] GC(492) PSYoungGen: 413056K->688K(394240K)
[2020-08-05T16:52:11.422-0300] GC(492) ParOldGen: 86464K->86600K(108544K)
[2020-08-05T16:52:11.422-0300] GC(492) Metaspace: 110328K->110328K(1153024K)
[2020-08-05T16:52:11.422-0300] GC(492) Pause Young (Allocation Failure) 487M->85M(491M) 3.075ms
[2020-08-05T16:52:11.422-0300] GC(492) User=0.01s Sys=0.00s Real=0.00s
[2020-08-05T16:52:11.804-0300] GC(493) Pause Young (Allocation Failure)
[2020-08-05T16:52:11.807-0300] GC(493) PSYoungGen: 393904K->560K(376320K)
[2020-08-05T16:52:11.807-0300] GC(493) ParOldGen: 86600K->86736K(108544K)
[2020-08-05T16:52:11.807-0300] GC(493) Metaspace: 110328K->110328K(1153024K)
[2020-08-05T16:52:11.808-0300] GC(493) Pause Young (Allocation Failure) 469M->85M(473M) 3.931ms
[2020-08-05T16:52:11.808-0300] GC(493) User=0.01s Sys=0.00s Real=0.01s
[2020-08-05T16:52:12.171-0300] GC(494) Pause Young (Allocation Failure)
[2020-08-05T16:52:12.174-0300] GC(494) PSYoungGen: 375856K->880K(359424K)
[2020-08-05T16:52:12.174-0300] GC(494) ParOldGen: 86736K->86864K(108544K)
[2020-08-05T16:52:12.174-0300] GC(494) Metaspace: 110328K->110328K(1153024K)
[2020-08-05T16:52:12.174-0300] GC(494) Pause Young (Allocation Failure) 451M->85M(457M) 2.933ms
[2020-08-05T16:52:12.174-0300] GC(494) User=0.01s Sys=0.00s Real=0.01s
[2020-08-05T16:52:12.522-0300] GC(495) Pause Young (Allocation Failure)
[2020-08-05T16:52:12.525-0300] GC(495) PSYoungGen: 359280K->480K(342528K)
[2020-08-05T16:52:12.525-0300] GC(495) ParOldGen: 86864K->87024K(108544K)
[2020-08-05T16:52:12.525-0300] GC(495) Metaspace: 110328K->110328K(1153024K)
[2020-08-05T16:52:12.525-0300] GC(495) Pause Young (Allocation Failure) 435M->85M(440M) 2.555ms
[2020-08-05T16:52:12.525-0300] GC(495) User=0.01s Sys=0.00s Real=0.01s
[2020-08-05T16:52:12.877-0300] GC(496) Pause Young (Allocation Failure)
[2020-08-05T16:52:12.881-0300] GC(496) PSYoungGen: 342496K->1056K(328192K)
[2020-08-05T16:52:12.881-0300] GC(496) ParOldGen: 87024K->87128K(108544K)
[2020-08-05T16:52:12.881-0300] GC(496) Metaspace: 110328K->110328K(1153024K)
[2020-08-05T16:52:12.881-0300] GC(496) Pause Young (Allocation Failure) 419M->86M(426M) 3.100ms
[2020-08-05T16:52:12.881-0300] GC(496) User=0.00s Sys=0.00s Real=0.00s
[2020-08-05T16:52:13.182-0300] GC(497) Pause Young (Allocation Failure)
[2020-08-05T16:52:13.186-0300] GC(497) PSYoungGen: 327711K->832K(313344K)
[2020-08-05T16:52:13.186-0300] GC(497) ParOldGen: 87128K->87272K(108544K)
[2020-08-05T16:52:13.186-0300] GC(497) Metaspace: 110328K->110328K(1153024K)
[2020-08-05T16:52:13.186-0300] GC(497) Pause Young (Allocation Failure) 405M->86M(412M) 3.613ms
[2020-08-05T16:52:13.186-0300] GC(497) User=0.01s Sys=0.00s Real=0.01s
[2020-08-05T16:52:13.503-0300] GC(498) Pause Young (Allocation Failure)
[2020-08-05T16:52:13.507-0300] GC(498) PSYoungGen: 313152K->880K(299520K)
[2020-08-05T16:52:13.507-0300] GC(498) ParOldGen: 87272K->87416K(108544K)
[2020-08-05T16:52:13.507-0300] GC(498) Metaspace: 110328K->110328K(1153024K)
[2020-08-05T16:52:13.507-0300] GC(498) Pause Young (Allocation Failure) 391M->86M(398M) 3.787ms
[2020-08-05T16:52:13.507-0300] GC(498) User=0.00s Sys=0.00s Real=0.01s
[2020-08-05T16:52:13.795-0300] GC(499) Pause Young (Allocation Failure)
[2020-08-05T16:52:13.800-0300] GC(499) PSYoungGen: 299376K->1264K(356864K)
[2020-08-05T16:52:13.800-0300] GC(499) ParOldGen: 87416K->87512K(108544K)
[2020-08-05T16:52:13.800-0300] GC(499) Metaspace: 110328K->110328K(1153024K)
[2020-08-05T16:52:13.800-0300] GC(499) Pause Young (Allocation Failure) 377M->86M(454M) 4.937ms
[2020-08-05T16:52:13.800-0300] GC(499) User=0.01s Sys=0.00s Real=0.00s
[2020-08-05T16:52:14.148-0300] GC(500) Pause Young (Allocation Failure)
[2020-08-05T16:52:14.152-0300] GC(500) PSYoungGen: 356592K->544K(423936K)
[2020-08-05T16:52:14.152-0300] GC(500) ParOldGen: 87512K->87648K(108544K)
[2020-08-05T16:52:14.152-0300] GC(500) Metaspace: 110328K->110328K(1153024K)
[2020-08-05T16:52:14.152-0300] GC(500) Pause Young (Allocation Failure) 433M->86M(520M) 3.652ms
[2020-08-05T16:52:14.152-0300] GC(500) User=0.01s Sys=0.00s Real=0.00s
[2020-08-05T16:52:14.542-0300] GC(501) Pause Young (Allocation Failure)
[2020-08-05T16:52:14.545-0300] GC(501) PSYoungGen: 423456K->848K(504320K)
[2020-08-05T16:52:14.546-0300] GC(501) ParOldGen: 87648K->87824K(108544K)
[2020-08-05T16:52:14.546-0300] GC(501) Metaspace: 110328K->110328K(1153024K)
[2020-08-05T16:52:14.546-0300] GC(501) Pause Young (Allocation Failure) 499M->86M(598M) 3.152ms
[2020-08-05T16:52:14.546-0300] GC(501) User=0.01s Sys=0.00s Real=0.01s
[2020-08-05T16:52:15.030-0300] GC(502) Pause Young (Allocation Failure)
[2020-08-05T16:52:15.033-0300] GC(502) PSYoungGen: 504144K->720K(480768K)
[2020-08-05T16:52:15.033-0300] GC(502) ParOldGen: 87824K->88020K(108544K)
[2020-08-05T16:52:15.033-0300] GC(502) Metaspace: 110328K->110328K(1153024K)
[2020-08-05T16:52:15.033-0300] GC(502) Pause Young (Allocation Failure) 578M->86M(575M) 3.028ms
[2020-08-05T16:52:15.033-0300] GC(502) User=0.00s Sys=0.00s Real=0.00s
[2020-08-05T16:52:15.670-0300] GC(503) Pause Young (Allocation Failure)
[2020-08-05T16:52:15.675-0300] GC(503) PSYoungGen: 480464K->416K(458240K)
[2020-08-05T16:52:15.675-0300] GC(503) ParOldGen: 88020K->88217K(108544K)
[2020-08-05T16:52:15.675-0300] GC(503) Metaspace: 110328K->110328K(1153024K)
[2020-08-05T16:52:15.675-0300] GC(503) Pause Young (Allocation Failure) 555M->86M(553M) 4.298ms
[2020-08-05T16:52:15.675-0300] GC(503) User=0.01s Sys=0.00s Real=0.01s
[2020-08-05T16:52:16.153-0300] GC(504) Pause Young (Allocation Failure)
[2020-08-05T16:52:16.157-0300] GC(504) PSYoungGen: 458144K->880K(437760K)
[2020-08-05T16:52:16.157-0300] GC(504) ParOldGen: 88217K->88361K(108544K)
[2020-08-05T16:52:16.157-0300] GC(504) Metaspace: 110333K->110333K(1153024K)
[2020-08-05T16:52:16.157-0300] GC(504) Pause Young (Allocation Failure) 533M->87M(533M) 3.155ms
[2020-08-05T16:52:16.157-0300] GC(504) User=0.01s Sys=0.00s Real=0.01s
[2020-08-05T16:52:16.614-0300] GC(505) Pause Young (Allocation Failure)
[2020-08-05T16:52:16.617-0300] GC(505) PSYoungGen: 437616K->816K(417792K)
[2020-08-05T16:52:16.617-0300] GC(505) ParOldGen: 88361K->88497K(108544K)
[2020-08-05T16:52:16.617-0300] GC(505) Metaspace: 110333K->110333K(1153024K)
[2020-08-05T16:52:16.617-0300] GC(505) Pause Young (Allocation Failure) 513M->87M(514M) 3.180ms
[2020-08-05T16:52:16.617-0300] GC(505) User=0.01s Sys=0.00s Real=0.00s
[2020-08-05T16:52:17.011-0300] GC(506) Pause Young (Allocation Failure)
[2020-08-05T16:52:17.015-0300] GC(506) PSYoungGen: 417584K->992K(398848K)
[2020-08-05T16:52:17.015-0300] GC(506) ParOldGen: 88497K->88713K(108544K)
[2020-08-05T16:52:17.015-0300] GC(506) Metaspace: 110333K->110333K(1153024K)
[2020-08-05T16:52:17.015-0300] GC(506) Pause Young (Allocation Failure) 494M->87M(495M) 3.234ms
[2020-08-05T16:52:17.015-0300] GC(506) User=0.01s Sys=0.00s Real=0.01s
[2020-08-05T16:52:17.410-0300] GC(507) Pause Young (Allocation Failure)
[2020-08-05T16:52:17.414-0300] GC(507) PSYoungGen: 398816K->672K(380928K)
[2020-08-05T16:52:17.414-0300] GC(507) ParOldGen: 88713K->88985K(108544K)
[2020-08-05T16:52:17.414-0300] GC(507) Metaspace: 110333K->110333K(1153024K)
[2020-08-05T16:52:17.414-0300] GC(507) Pause Young (Allocation Failure) 476M->87M(478M) 4.114ms
[2020-08-05T16:52:17.415-0300] GC(507) User=0.01s Sys=0.00s Real=0.01s
[2020-08-05T16:52:17.804-0300] GC(508) Pause Young (Allocation Failure)
[2020-08-05T16:52:17.807-0300] GC(508) PSYoungGen: 380576K->752K(363520K)
[2020-08-05T16:52:17.807-0300] GC(508) ParOldGen: 88985K->89105K(108544K)
[2020-08-05T16:52:17.807-0300] GC(508) Metaspace: 110333K->110333K(1153024K)
[2020-08-05T16:52:17.807-0300] GC(508) Pause Young (Allocation Failure) 458M->87M(461M) 3.155ms
[2020-08-05T16:52:17.807-0300] GC(508) User=0.01s Sys=0.00s Real=0.00s
[2020-08-05T16:52:18.203-0300] GC(509) Pause Young (Allocation Failure)
[2020-08-05T16:52:18.205-0300] GC(509) PSYoungGen: 363248K->864K(347136K)
[2020-08-05T16:52:18.206-0300] GC(509) ParOldGen: 89105K->89281K(108544K)
[2020-08-05T16:52:18.206-0300] GC(509) Metaspace: 110333K->110333K(1153024K)
[2020-08-05T16:52:18.206-0300] GC(509) Pause Young (Allocation Failure) 441M->88M(445M) 2.607ms
[2020-08-05T16:52:18.206-0300] GC(509) User=0.00s Sys=0.00s Real=0.01s
[2020-08-05T16:52:18.529-0300] GC(510) Pause Young (Allocation Failure)
[2020-08-05T16:52:18.531-0300] GC(510) PSYoungGen: 346976K->608K(331776K)
[2020-08-05T16:52:18.531-0300] GC(510) ParOldGen: 89281K->89401K(108544K)
[2020-08-05T16:52:18.531-0300] GC(510) Metaspace: 110333K->110333K(1153024K)
[2020-08-05T16:52:18.532-0300] GC(510) Pause Young (Allocation Failure) 426M->87M(430M) 2.487ms
[2020-08-05T16:52:18.532-0300] GC(510) User=0.01s Sys=0.00s Real=0.00s
[2020-08-05T16:52:18.870-0300] GC(511) Pause Young (Allocation Failure)
[2020-08-05T16:52:18.874-0300] GC(511) PSYoungGen: 331360K->864K(316928K)
[2020-08-05T16:52:18.874-0300] GC(511) ParOldGen: 89401K->89505K(108544K)
[2020-08-05T16:52:18.874-0300] GC(511) Metaspace: 110333K->110333K(1153024K)
[2020-08-05T16:52:18.874-0300] GC(511) Pause Young (Allocation Failure) 410M->88M(415M) 3.887ms
[2020-08-05T16:52:18.874-0300] GC(511) User=0.01s Sys=0.00s Real=0.01s
[2020-08-05T16:52:19.137-0300] GC(512) Pause Young (Allocation Failure)
[2020-08-05T16:52:19.141-0300] GC(512) PSYoungGen: 316768K->880K(376832K)
[2020-08-05T16:52:19.141-0300] GC(512) ParOldGen: 89505K->89609K(108544K)
[2020-08-05T16:52:19.141-0300] GC(512) Metaspace: 110333K->110333K(1153024K)
[2020-08-05T16:52:19.141-0300] GC(512) Pause Young (Allocation Failure) 396M->88M(474M) 4.201ms
[2020-08-05T16:52:19.141-0300] GC(512) User=0.01s Sys=0.00s Real=0.00s
[2020-08-05T16:52:19.475-0300] GC(513) Pause Young (Allocation Failure)
[2020-08-05T16:52:19.478-0300] GC(513) PSYoungGen: 376688K->592K(447488K)
[2020-08-05T16:52:19.478-0300] GC(513) ParOldGen: 89609K->89801K(108544K)
[2020-08-05T16:52:19.478-0300] GC(513) Metaspace: 110333K->110333K(1153024K)
[2020-08-05T16:52:19.478-0300] GC(513) Pause Young (Allocation Failure) 455M->88M(543M) 2.921ms
[2020-08-05T16:52:19.478-0300] GC(513) User=0.00s Sys=0.00s Real=0.00s
[2020-08-05T16:52:19.937-0300] GC(514) Pause Young (Allocation Failure)
[2020-08-05T16:52:19.940-0300] GC(514) PSYoungGen: 447056K->912K(427008K)
[2020-08-05T16:52:19.940-0300] GC(514) ParOldGen: 89801K->89921K(108544K)
[2020-08-05T16:52:19.940-0300] GC(514) Metaspace: 110333K->110333K(1153024K)
[2020-08-05T16:52:19.940-0300] GC(514) Pause Young (Allocation Failure) 524M->88M(523M) 3.188ms
[2020-08-05T16:52:19.940-0300] GC(514) User=0.01s Sys=0.00s Real=0.00s
[2020-08-05T16:52:20.484-0300] GC(515) Pause Young (Allocation Failure)
[2020-08-05T16:52:20.488-0300] GC(515) PSYoungGen: 426896K->624K(407552K)
[2020-08-05T16:52:20.488-0300] GC(515) ParOldGen: 89921K->90109K(108544K)
[2020-08-05T16:52:20.488-0300] GC(515) Metaspace: 110333K->110333K(1153024K)
[2020-08-05T16:52:20.488-0300] GC(515) Pause Young (Allocation Failure) 504M->88M(504M) 4.142ms
[2020-08-05T16:52:20.488-0300] GC(515) User=0.01s Sys=0.00s Real=0.00s
[2020-08-05T16:52:20.860-0300] GC(516) Pause Young (Allocation Failure)
[2020-08-05T16:52:20.863-0300] GC(516) PSYoungGen: 407152K->832K(389120K)
[2020-08-05T16:52:20.863-0300] GC(516) ParOldGen: 90109K->90237K(108544K)
[2020-08-05T16:52:20.863-0300] GC(516) Metaspace: 110333K->110333K(1153024K)
[2020-08-05T16:52:20.863-0300] GC(516) Pause Young (Allocation Failure) 485M->88M(486M) 3.099ms
[2020-08-05T16:52:20.863-0300] GC(516) User=0.01s Sys=0.00s Real=0.00s
[2020-08-05T16:52:21.231-0300] GC(517) Pause Young (Allocation Failure)
[2020-08-05T16:52:21.234-0300] GC(517) PSYoungGen: 388928K->704K(371712K)
[2020-08-05T16:52:21.234-0300] GC(517) ParOldGen: 90237K->90357K(108544K)
[2020-08-05T16:52:21.234-0300] GC(517) Metaspace: 110333K->110333K(1153024K)
[2020-08-05T16:52:21.234-0300] GC(517) Pause Young (Allocation Failure) 467M->88M(469M) 3.299ms
[2020-08-05T16:52:21.234-0300] GC(517) User=0.01s Sys=0.00s Real=0.01s
[2020-08-05T16:52:21.629-0300] GC(518) Pause Young (Allocation Failure)
[2020-08-05T16:52:21.632-0300] GC(518) PSYoungGen: 371392K->560K(354816K)
[2020-08-05T16:52:21.632-0300] GC(518) ParOldGen: 90357K->90477K(108544K)
[2020-08-05T16:52:21.632-0300] GC(518) Metaspace: 110340K->110340K(1153024K)
[2020-08-05T16:52:21.632-0300] GC(518) Pause Young (Allocation Failure) 450M->88M(452M) 3.112ms
[2020-08-05T16:52:21.632-0300] GC(518) User=0.00s Sys=0.00s Real=0.00s
[2020-08-05T16:52:22.024-0300] GC(519) Pause Young (Allocation Failure)
[2020-08-05T16:52:22.028-0300] GC(519) PSYoungGen: 354352K->640K(338944K)
[2020-08-05T16:52:22.028-0300] GC(519) ParOldGen: 90477K->90605K(108544K)
[2020-08-05T16:52:22.028-0300] GC(519) Metaspace: 110340K->110340K(1153024K)
[2020-08-05T16:52:22.028-0300] GC(519) Pause Young (Allocation Failure) 434M->89M(437M) 3.461ms
[2020-08-05T16:52:22.028-0300] GC(519) User=0.00s Sys=0.00s Real=0.00s
[2020-08-05T16:52:22.385-0300] GC(520) Pause Young (Allocation Failure)
[2020-08-05T16:52:22.388-0300] GC(520) PSYoungGen: 338560K->656K(323584K)
[2020-08-05T16:52:22.388-0300] GC(520) ParOldGen: 90605K->90717K(108544K)
[2020-08-05T16:52:22.388-0300] GC(520) Metaspace: 110340K->110340K(1153024K)
[2020-08-05T16:52:22.388-0300] GC(520) Pause Young (Allocation Failure) 419M->89M(422M) 3.003ms
[2020-08-05T16:52:22.388-0300] GC(520) User=0.01s Sys=0.00s Real=0.00s
[2020-08-05T16:52:22.672-0300] GC(521) Pause Young (Allocation Failure)
[2020-08-05T16:52:22.675-0300] GC(521) PSYoungGen: 323216K->800K(309248K)
[2020-08-05T16:52:22.675-0300] GC(521) ParOldGen: 90717K->90821K(108544K)
[2020-08-05T16:52:22.675-0300] GC(521) Metaspace: 110340K->110340K(1153024K)
[2020-08-05T16:52:22.675-0300] GC(521) Pause Young (Allocation Failure) 404M->89M(408M) 2.817ms
[2020-08-05T16:52:22.675-0300] GC(521) User=0.00s Sys=0.00s Real=0.01s
[2020-08-05T16:52:22.978-0300] GC(522) Pause Young (Allocation Failure)
[2020-08-05T16:52:22.981-0300] GC(522) PSYoungGen: 309024K->880K(295424K)
[2020-08-05T16:52:22.981-0300] GC(522) ParOldGen: 90821K->91029K(108544K)
[2020-08-05T16:52:22.981-0300] GC(522) Metaspace: 110340K->110340K(1153024K)
[2020-08-05T16:52:22.981-0300] GC(522) Pause Young (Allocation Failure) 390M->89M(394M) 2.573ms
[2020-08-05T16:52:22.981-0300] GC(522) User=0.01s Sys=0.00s Real=0.00s
[2020-08-05T16:52:23.261-0300] GC(523) Pause Young (Allocation Failure)
[2020-08-05T16:52:23.264-0300] GC(523) PSYoungGen: 295280K->864K(282624K)
[2020-08-05T16:52:23.264-0300] GC(523) ParOldGen: 91029K->91125K(108544K)
[2020-08-05T16:52:23.264-0300] GC(523) Metaspace: 110340K->110340K(1153024K)
[2020-08-05T16:52:23.264-0300] GC(523) Pause Young (Allocation Failure) 377M->89M(382M) 3.145ms
[2020-08-05T16:52:23.264-0300] GC(523) User=0.01s Sys=0.00s Real=0.01s
[2020-08-05T16:52:23.506-0300] GC(524) Pause Young (Allocation Failure)
[2020-08-05T16:52:23.511-0300] GC(524) PSYoungGen: 282464K->816K(335872K)
[2020-08-05T16:52:23.511-0300] GC(524) ParOldGen: 91125K->91261K(108544K)
[2020-08-05T16:52:23.511-0300] GC(524) Metaspace: 110340K->110340K(1153024K)
[2020-08-05T16:52:23.511-0300] GC(524) Pause Young (Allocation Failure) 364M->89M(434M) 4.443ms
[2020-08-05T16:52:23.511-0300] GC(524) User=0.00s Sys=0.00s Real=0.00s
[2020-08-05T16:52:23.798-0300] GC(525) Pause Young (Allocation Failure)
[2020-08-05T16:52:23.801-0300] GC(525) PSYoungGen: 335664K->472K(398848K)
[2020-08-05T16:52:23.801-0300] GC(525) ParOldGen: 91261K->91325K(108544K)
[2020-08-05T16:52:23.801-0300] GC(525) Metaspace: 110340K->110340K(1153024K)
[2020-08-05T16:52:23.801-0300] GC(525) Pause Young (Allocation Failure) 416M->89M(495M) 2.903ms
[2020-08-05T16:52:23.801-0300] GC(525) User=0.01s Sys=0.00s Real=0.00s
[2020-08-05T16:52:24.183-0300] GC(526) Pause Young (Allocation Failure)
[2020-08-05T16:52:24.185-0300] GC(526) PSYoungGen: 398808K->768K(381440K)
[2020-08-05T16:52:24.185-0300] GC(526) ParOldGen: 91325K->91445K(108544K)
[2020-08-05T16:52:24.185-0300] GC(526) Metaspace: 110340K->110340K(1153024K)
[2020-08-05T16:52:24.185-0300] GC(526) Pause Young (Allocation Failure) 478M->90M(478M) 2.535ms
[2020-08-05T16:52:24.185-0300] GC(526) User=0.01s Sys=0.00s Real=0.01s
[2020-08-05T16:52:24.531-0300] GC(527) Pause Young (Allocation Failure)
[2020-08-05T16:52:24.534-0300] GC(527) PSYoungGen: 381184K->848K(364032K)
[2020-08-05T16:52:24.534-0300] GC(527) ParOldGen: 91445K->91557K(108544K)
[2020-08-05T16:52:24.534-0300] GC(527) Metaspace: 110340K->110340K(1153024K)
[2020-08-05T16:52:24.534-0300] GC(527) Pause Young (Allocation Failure) 461M->90M(461M) 2.986ms
[2020-08-05T16:52:24.534-0300] GC(527) User=0.00s Sys=0.00s Real=0.01s
[2020-08-05T16:52:24.864-0300] GC(528) Pause Young (Allocation Failure)
[2020-08-05T16:52:24.867-0300] GC(528) PSYoungGen: 363856K->1046K(348160K)
[2020-08-05T16:52:24.867-0300] GC(528) ParOldGen: 91557K->91725K(108544K)
[2020-08-05T16:52:24.867-0300] GC(528) Metaspace: 110340K->110340K(1153024K)
[2020-08-05T16:52:24.867-0300] GC(528) Pause Young (Allocation Failure) 444M->90M(446M) 2.689ms
[2020-08-05T16:52:24.867-0300] GC(528) User=0.01s Sys=0.00s Real=0.00s
[2020-08-05T16:52:25.224-0300] GC(529) Pause Young (Allocation Failure)
[2020-08-05T16:52:25.228-0300] GC(529) PSYoungGen: 347670K->848K(332288K)
[2020-08-05T16:52:25.228-0300] GC(529) ParOldGen: 91725K->91877K(108544K)
[2020-08-05T16:52:25.228-0300] GC(529) Metaspace: 110340K->110340K(1153024K)
[2020-08-05T16:52:25.228-0300] GC(529) Pause Young (Allocation Failure) 429M->90M(430M) 3.645ms
[2020-08-05T16:52:25.228-0300] GC(529) User=0.01s Sys=0.00s Real=0.00s
[2020-08-05T16:52:25.636-0300] GC(530) Pause Young (Allocation Failure)
[2020-08-05T16:52:25.639-0300] GC(530) PSYoungGen: 332112K->496K(316928K)
[2020-08-05T16:52:25.639-0300] GC(530) ParOldGen: 91877K->92053K(108544K)
[2020-08-05T16:52:25.639-0300] GC(530) Metaspace: 110340K->110340K(1153024K)
[2020-08-05T16:52:25.639-0300] GC(530) Pause Young (Allocation Failure) 414M->90M(415M) 3.614ms
[2020-08-05T16:52:25.639-0300] GC(530) User=0.01s Sys=0.00s Real=0.00s
[2020-08-05T16:52:25.963-0300] GC(531) Pause Young (Allocation Failure)
[2020-08-05T16:52:25.967-0300] GC(531) PSYoungGen: 316912K->848K(304128K)
[2020-08-05T16:52:25.967-0300] GC(531) ParOldGen: 92053K->92173K(108544K)
[2020-08-05T16:52:25.967-0300] GC(531) Metaspace: 110340K->110340K(1153024K)
[2020-08-05T16:52:25.967-0300] GC(531) Pause Young (Allocation Failure) 399M->90M(403M) 3.296ms
[2020-08-05T16:52:25.967-0300] GC(531) User=0.00s Sys=0.00s Real=0.01s
[2020-08-05T16:52:26.235-0300] GC(532) Pause Young (Allocation Failure)
[2020-08-05T16:52:26.239-0300] GC(532) PSYoungGen: 303440K->816K(361472K)
[2020-08-05T16:52:26.239-0300] GC(532) ParOldGen: 92173K->92277K(108544K)
[2020-08-05T16:52:26.239-0300] GC(532) Metaspace: 110340K->110340K(1153024K)
[2020-08-05T16:52:26.240-0300] GC(532) Pause Young (Allocation Failure) 386M->90M(459M) 4.039ms
[2020-08-05T16:52:26.240-0300] GC(532) User=0.00s Sys=0.00s Real=0.00s
[2020-08-05T16:52:26.563-0300] GC(533) Pause Young (Allocation Failure)
[2020-08-05T16:52:26.566-0300] GC(533) PSYoungGen: 361264K->624K(429568K)
[2020-08-05T16:52:26.566-0300] GC(533) ParOldGen: 92277K->92414K(108544K)
[2020-08-05T16:52:26.566-0300] GC(533) Metaspace: 110340K->110340K(1153024K)
[2020-08-05T16:52:26.566-0300] GC(533) Pause Young (Allocation Failure) 442M->90M(525M) 2.911ms
[2020-08-05T16:52:26.566-0300] GC(533) User=0.01s Sys=0.00s Real=0.01s
[2020-08-05T16:52:26.948-0300] GC(534) Pause Young (Allocation Failure)
[2020-08-05T16:52:26.951-0300] GC(534) PSYoungGen: 429168K->944K(510464K)
[2020-08-05T16:52:26.951-0300] GC(534) ParOldGen: 92414K->92518K(108544K)
[2020-08-05T16:52:26.951-0300] GC(534) Metaspace: 110340K->110340K(1153024K)
[2020-08-05T16:52:26.951-0300] GC(534) Pause Young (Allocation Failure) 509M->91M(604M) 3.579ms
[2020-08-05T16:52:26.951-0300] GC(534) User=0.00s Sys=0.00s Real=0.00s
[2020-08-05T16:52:27.393-0300] GC(535) Pause Young (Allocation Failure)
[2020-08-05T16:52:27.397-0300] GC(535) PSYoungGen: 510384K->1168K(487424K)
[2020-08-05T16:52:27.397-0300] GC(535) ParOldGen: 92518K->92630K(108544K)
[2020-08-05T16:52:27.397-0300] GC(535) Metaspace: 110340K->110340K(1153024K)
[2020-08-05T16:52:27.397-0300] GC(535) Pause Young (Allocation Failure) 588M->91M(582M) 3.608ms
[2020-08-05T16:52:27.397-0300] GC(535) User=0.01s Sys=0.00s Real=0.01s
[2020-08-05T16:52:27.838-0300] GC(536) Pause Young (Allocation Failure)
[2020-08-05T16:52:27.843-0300] GC(536) PSYoungGen: 487056K->912K(464384K)
[2020-08-05T16:52:27.843-0300] GC(536) ParOldGen: 92630K->92814K(108544K)
[2020-08-05T16:52:27.843-0300] GC(536) Metaspace: 110340K->110340K(1153024K)
[2020-08-05T16:52:27.843-0300] GC(536) Pause Young (Allocation Failure) 566M->91M(559M) 4.650ms
[2020-08-05T16:52:27.843-0300] GC(536) User=0.01s Sys=0.00s Real=0.00s
[2020-08-05T16:52:28.237-0300] GC(537) Pause Young (Allocation Failure)
[2020-08-05T16:52:28.242-0300] GC(537) PSYoungGen: 464272K->800K(551424K)
[2020-08-05T16:52:28.242-0300] GC(537) ParOldGen: 92814K->93006K(108544K)
[2020-08-05T16:52:28.242-0300] GC(537) Metaspace: 110340K->110340K(1153024K)
[2020-08-05T16:52:28.242-0300] GC(537) Pause Young (Allocation Failure) 544M->91M(644M) 4.460ms
[2020-08-05T16:52:28.242-0300] GC(537) User=0.01s Sys=0.00s Real=0.00s
[2020-08-05T16:52:28.857-0300] GC(538) Pause Young (Allocation Failure)
[2020-08-05T16:52:28.860-0300] GC(538) PSYoungGen: 551200K->688K(525824K)
[2020-08-05T16:52:28.860-0300] GC(538) ParOldGen: 93006K->93150K(108544K)
[2020-08-05T16:52:28.860-0300] GC(538) Metaspace: 110340K->110340K(1153024K)
[2020-08-05T16:52:28.860-0300] GC(538) Pause Young (Allocation Failure) 629M->91M(619M) 3.012ms
[2020-08-05T16:52:28.861-0300] GC(538) User=0.01s Sys=0.00s Real=0.00s
[2020-08-05T16:52:29.348-0300] GC(539) Pause Young (Allocation Failure)
[2020-08-05T16:52:29.352-0300] GC(539) PSYoungGen: 525488K->864K(501248K)
[2020-08-05T16:52:29.352-0300] GC(539) ParOldGen: 93150K->93294K(108544K)
[2020-08-05T16:52:29.352-0300] GC(539) Metaspace: 110340K->110340K(1153024K)
[2020-08-05T16:52:29.352-0300] GC(539) Pause Young (Allocation Failure) 604M->91M(595M) 3.940ms
[2020-08-05T16:52:29.352-0300] GC(539) User=0.01s Sys=0.00s Real=0.00s
[2020-08-05T16:52:29.846-0300] GC(540) Pause Young (Allocation Failure)
[2020-08-05T16:52:29.850-0300] GC(540) PSYoungGen: 501088K->880K(478208K)
[2020-08-05T16:52:29.850-0300] GC(540) ParOldGen: 93294K->93438K(108544K)
[2020-08-05T16:52:29.850-0300] GC(540) Metaspace: 110340K->110340K(1153024K)
[2020-08-05T16:52:29.850-0300] GC(540) Pause Young (Allocation Failure) 580M->92M(573M) 3.744ms
[2020-08-05T16:52:29.850-0300] GC(540) User=0.01s Sys=0.00s Real=0.00s
[2020-08-05T16:52:30.434-0300] GC(541) Pause Young (Allocation Failure)
[2020-08-05T16:52:30.438-0300] GC(541) PSYoungGen: 478064K->624K(456192K)
[2020-08-05T16:52:30.438-0300] GC(541) ParOldGen: 93438K->93622K(108544K)
[2020-08-05T16:52:30.438-0300] GC(541) Metaspace: 110340K->110340K(1153024K)
[2020-08-05T16:52:30.438-0300] GC(541) Pause Young (Allocation Failure) 558M->92M(551M) 3.355ms
[2020-08-05T16:52:30.438-0300] GC(541) User=0.00s Sys=0.00s Real=0.00s
[2020-08-05T16:52:30.850-0300] GC(542) Pause Young (Allocation Failure)
[2020-08-05T16:52:30.853-0300] GC(542) PSYoungGen: 455792K->608K(435200K)
[2020-08-05T16:52:30.853-0300] GC(542) ParOldGen: 93622K->93774K(108544K)
[2020-08-05T16:52:30.853-0300] GC(542) Metaspace: 110340K->110340K(1153024K)
[2020-08-05T16:52:30.853-0300] GC(542) Pause Young (Allocation Failure) 536M->92M(531M) 3.102ms
[2020-08-05T16:52:30.853-0300] GC(542) User=0.00s Sys=0.00s Real=0.00s
[2020-08-05T16:52:31.291-0300] GC(543) Pause Young (Allocation Failure)
[2020-08-05T16:52:31.294-0300] GC(543) PSYoungGen: 434784K->512K(415232K)
[2020-08-05T16:52:31.294-0300] GC(543) ParOldGen: 93774K->94074K(108544K)
[2020-08-05T16:52:31.294-0300] GC(543) Metaspace: 110340K->110340K(1153024K)
[2020-08-05T16:52:31.294-0300] GC(543) Pause Young (Allocation Failure) 516M->92M(511M) 2.482ms
[2020-08-05T16:52:31.294-0300] GC(543) User=0.00s Sys=0.00s Real=0.00s
[2020-08-05T16:52:31.713-0300] GC(544) Pause Young (Allocation Failure)
[2020-08-05T16:52:31.717-0300] GC(544) PSYoungGen: 414720K->704K(396288K)
[2020-08-05T16:52:31.717-0300] GC(544) ParOldGen: 94074K->94202K(108544K)
[2020-08-05T16:52:31.717-0300] GC(544) Metaspace: 110340K->110340K(1153024K)
[2020-08-05T16:52:31.717-0300] GC(544) Pause Young (Allocation Failure) 496M->92M(493M) 3.642ms
[2020-08-05T16:52:31.717-0300] GC(544) User=0.01s Sys=0.00s Real=0.01s
[2020-08-05T16:52:32.054-0300] GC(545) Pause Young (Allocation Failure)
[2020-08-05T16:52:32.058-0300] GC(545) PSYoungGen: 395968K->1072K(378880K)
[2020-08-05T16:52:32.058-0300] GC(545) ParOldGen: 94202K->94314K(108544K)
[2020-08-05T16:52:32.058-0300] GC(545) Metaspace: 110340K->110340K(1153024K)
[2020-08-05T16:52:32.058-0300] GC(545) Pause Young (Allocation Failure) 478M->93M(476M) 3.671ms
[2020-08-05T16:52:32.058-0300] GC(545) User=0.01s Sys=0.00s Real=0.00s
[2020-08-05T16:52:32.393-0300] GC(546) Pause Young (Allocation Failure)
[2020-08-05T16:52:32.397-0300] GC(546) PSYoungGen: 378416K->1008K(361472K)
[2020-08-05T16:52:32.397-0300] GC(546) ParOldGen: 94314K->94594K(108544K)
[2020-08-05T16:52:32.397-0300] GC(546) Metaspace: 110340K->110340K(1153024K)
[2020-08-05T16:52:32.397-0300] GC(546) Pause Young (Allocation Failure) 461M->93M(459M) 3.872ms
[2020-08-05T16:52:32.397-0300] GC(546) User=0.01s Sys=0.00s Real=0.01s
[2020-08-05T16:52:32.732-0300] GC(547) Pause Young (Allocation Failure)
[2020-08-05T16:52:32.735-0300] GC(547) PSYoungGen: 361456K->800K(345088K)
[2020-08-05T16:52:32.735-0300] GC(547) ParOldGen: 94594K->94762K(108544K)
[2020-08-05T16:52:32.735-0300] GC(547) Metaspace: 110340K->110340K(1153024K)
[2020-08-05T16:52:32.735-0300] GC(547) Pause Young (Allocation Failure) 445M->93M(443M) 2.635ms
[2020-08-05T16:52:32.735-0300] GC(547) User=0.01s Sys=0.00s Real=0.01s
[2020-08-05T16:52:33.060-0300] GC(548) Pause Young (Allocation Failure)
[2020-08-05T16:52:33.063-0300] GC(548) PSYoungGen: 344864K->1040K(330240K)
[2020-08-05T16:52:33.063-0300] GC(548) ParOldGen: 94762K->94898K(108544K)
[2020-08-05T16:52:33.063-0300] GC(548) Metaspace: 110340K->110340K(1153024K)
[2020-08-05T16:52:33.063-0300] GC(548) Pause Young (Allocation Failure) 429M->93M(428M) 3.150ms
[2020-08-05T16:52:33.064-0300] GC(548) User=0.01s Sys=0.00s Real=0.00s
[2020-08-05T16:52:33.357-0300] GC(549) Pause Young (Allocation Failure)
[2020-08-05T16:52:33.360-0300] GC(549) PSYoungGen: 329744K->608K(314880K)
[2020-08-05T16:52:33.360-0300] GC(549) ParOldGen: 94898K->95010K(108544K)
[2020-08-05T16:52:33.360-0300] GC(549) Metaspace: 110340K->110340K(1153024K)
[2020-08-05T16:52:33.360-0300] GC(549) Pause Young (Allocation Failure) 414M->93M(413M) 3.041ms
[2020-08-05T16:52:33.360-0300] GC(549) User=0.00s Sys=0.00s Real=0.00s
[2020-08-05T16:52:33.641-0300] GC(550) Pause Young (Allocation Failure)
[2020-08-05T16:52:33.646-0300] GC(550) PSYoungGen: 314464K->864K(374784K)
[2020-08-05T16:52:33.646-0300] GC(550) ParOldGen: 95010K->95122K(108544K)
[2020-08-05T16:52:33.646-0300] GC(550) Metaspace: 110340K->110340K(1153024K)
[2020-08-05T16:52:33.646-0300] GC(550) Pause Young (Allocation Failure) 399M->93M(472M) 4.560ms
[2020-08-05T16:52:33.646-0300] GC(550) User=0.00s Sys=0.00s Real=0.01s
[2020-08-05T16:52:33.973-0300] GC(551) Pause Young (Allocation Failure)
[2020-08-05T16:52:33.976-0300] GC(551) PSYoungGen: 374624K->976K(445440K)
[2020-08-05T16:52:33.976-0300] GC(551) ParOldGen: 95122K->95226K(108544K)
[2020-08-05T16:52:33.976-0300] GC(551) Metaspace: 110340K->110340K(1153024K)
[2020-08-05T16:52:33.976-0300] GC(551) Pause Young (Allocation Failure) 458M->93M(541M) 3.633ms
[2020-08-05T16:52:33.976-0300] GC(551) User=0.00s Sys=0.00s Real=0.01s
[2020-08-05T16:52:34.368-0300] GC(552) Pause Young (Allocation Failure)
[2020-08-05T16:52:34.372-0300] GC(552) PSYoungGen: 445392K->848K(529408K)
[2020-08-05T16:52:34.372-0300] GC(552) ParOldGen: 95226K->95378K(108544K)
[2020-08-05T16:52:34.372-0300] GC(552) Metaspace: 110340K->110340K(1153024K)
[2020-08-05T16:52:34.372-0300] GC(552) Pause Young (Allocation Failure) 527M->93M(623M) 3.994ms
[2020-08-05T16:52:34.372-0300] GC(552) User=0.00s Sys=0.00s Real=0.00s
[2020-08-05T16:52:34.844-0300] GC(553) Pause Young (Allocation Failure)
[2020-08-05T16:52:34.846-0300] GC(553) PSYoungGen: 529232K->960K(504832K)
[2020-08-05T16:52:34.846-0300] GC(553) ParOldGen: 95378K->95514K(108544K)
[2020-08-05T16:52:34.846-0300] GC(553) Metaspace: 110340K->110340K(1153024K)
[2020-08-05T16:52:34.846-0300] GC(553) Pause Young (Allocation Failure) 609M->94M(599M) 2.940ms
[2020-08-05T16:52:34.847-0300] GC(553) User=0.01s Sys=0.00s Real=0.01s
[2020-08-05T16:52:35.326-0300] GC(554) Pause Young (Allocation Failure)
[2020-08-05T16:52:35.328-0300] GC(554) PSYoungGen: 504768K->736K(481280K)
[2020-08-05T16:52:35.328-0300] GC(554) ParOldGen: 95514K->95658K(108544K)
[2020-08-05T16:52:35.328-0300] GC(554) Metaspace: 110340K->110340K(1153024K)
[2020-08-05T16:52:35.328-0300] GC(554) Pause Young (Allocation Failure) 586M->94M(576M) 2.770ms
[2020-08-05T16:52:35.328-0300] GC(554) User=0.01s Sys=0.00s Real=0.00s
[2020-08-05T16:52:35.823-0300] GC(555) Pause Young (Allocation Failure)
[2020-08-05T16:52:35.829-0300] GC(555) PSYoungGen: 480992K->928K(459264K)
[2020-08-05T16:52:35.829-0300] GC(555) ParOldGen: 95658K->95786K(108544K)
[2020-08-05T16:52:35.829-0300] GC(555) Metaspace: 110340K->110340K(1153024K)
[2020-08-05T16:52:35.829-0300] GC(555) Pause Young (Allocation Failure) 563M->94M(554M) 5.798ms
[2020-08-05T16:52:35.829-0300] GC(555) User=0.01s Sys=0.00s Real=0.01s
[2020-08-05T16:52:36.248-0300] GC(556) Pause Young (Allocation Failure)
[2020-08-05T16:52:36.252-0300] GC(556) PSYoungGen: 459168K->912K(438272K)
[2020-08-05T16:52:36.252-0300] GC(556) ParOldGen: 95786K->95990K(108544K)
[2020-08-05T16:52:36.252-0300] GC(556) Metaspace: 110340K->110340K(1153024K)
[2020-08-05T16:52:36.252-0300] GC(556) Pause Young (Allocation Failure) 541M->94M(534M) 3.599ms
[2020-08-05T16:52:36.252-0300] GC(556) User=0.01s Sys=0.00s Real=0.00s
[2020-08-05T16:52:36.679-0300] GC(557) Pause Young (Allocation Failure)
[2020-08-05T16:52:36.682-0300] GC(557) PSYoungGen: 438160K->912K(418304K)
[2020-08-05T16:52:36.682-0300] GC(557) ParOldGen: 95990K->96134K(108544K)
[2020-08-05T16:52:36.682-0300] GC(557) Metaspace: 110340K->110340K(1153024K)
[2020-08-05T16:52:36.682-0300] GC(557) Pause Young (Allocation Failure) 521M->94M(514M) 3.451ms
[2020-08-05T16:52:36.682-0300] GC(557) User=0.01s Sys=0.00s Real=0.00s
[2020-08-05T16:52:37.067-0300] GC(558) Pause Young (Allocation Failure)
[2020-08-05T16:52:37.070-0300] GC(558) PSYoungGen: 418192K->832K(399360K)
[2020-08-05T16:52:37.070-0300] GC(558) ParOldGen: 96134K->96262K(108544K)
[2020-08-05T16:52:37.070-0300] GC(558) Metaspace: 110340K->110340K(1153024K)
[2020-08-05T16:52:37.070-0300] GC(558) Pause Young (Allocation Failure) 502M->94M(496M) 2.787ms
[2020-08-05T16:52:37.070-0300] GC(558) User=0.00s Sys=0.00s Real=0.00s
[2020-08-05T16:52:37.408-0300] GC(559) Pause Young (Allocation Failure)
[2020-08-05T16:52:37.412-0300] GC(559) PSYoungGen: 399168K->528K(381440K)
[2020-08-05T16:52:37.412-0300] GC(559) ParOldGen: 96262K->96398K(108544K)
[2020-08-05T16:52:37.412-0300] GC(559) Metaspace: 110340K->110340K(1153024K)
[2020-08-05T16:52:37.412-0300] GC(559) Pause Young (Allocation Failure) 483M->94M(478M) 3.750ms
[2020-08-05T16:52:37.412-0300] GC(559) User=0.01s Sys=0.00s Real=0.00s
[2020-08-05T16:52:37.773-0300] GC(560) Pause Young (Allocation Failure)
[2020-08-05T16:52:37.777-0300] GC(560) PSYoungGen: 380944K->800K(364032K)
[2020-08-05T16:52:37.777-0300] GC(560) ParOldGen: 96398K->96526K(108544K)
[2020-08-05T16:52:37.777-0300] GC(560) Metaspace: 110340K->110340K(1153024K)
[2020-08-05T16:52:37.777-0300] GC(560) Pause Young (Allocation Failure) 466M->95M(461M) 3.266ms
[2020-08-05T16:52:37.777-0300] GC(560) User=0.01s Sys=0.00s Real=0.01s
[2020-08-05T16:52:38.108-0300] GC(561) Pause Young (Allocation Failure)
[2020-08-05T16:52:38.111-0300] GC(561) PSYoungGen: 363808K->752K(347648K)
[2020-08-05T16:52:38.111-0300] GC(561) ParOldGen: 96526K->96646K(108544K)
[2020-08-05T16:52:38.111-0300] GC(561) Metaspace: 110340K->110340K(1153024K)
[2020-08-05T16:52:38.111-0300] GC(561) Pause Young (Allocation Failure) 449M->95M(445M) 2.801ms
[2020-08-05T16:52:38.111-0300] GC(561) User=0.01s Sys=0.00s Real=0.00s
[2020-08-05T16:52:38.433-0300] GC(562) Pause Young (Allocation Failure)
[2020-08-05T16:52:38.436-0300] GC(562) PSYoungGen: 347376K->800K(332288K)
[2020-08-05T16:52:38.436-0300] GC(562) ParOldGen: 96646K->96790K(108544K)
[2020-08-05T16:52:38.436-0300] GC(562) Metaspace: 110340K->110340K(1153024K)
[2020-08-05T16:52:38.436-0300] GC(562) Pause Young (Allocation Failure) 433M->95M(430M) 3.438ms
[2020-08-05T16:52:38.436-0300] GC(562) User=0.00s Sys=0.00s Real=0.01s
[2020-08-05T16:52:38.716-0300] GC(563) Pause Young (Allocation Failure)
[2020-08-05T16:52:38.719-0300] GC(563) PSYoungGen: 332064K->576K(317440K)
[2020-08-05T16:52:38.719-0300] GC(563) ParOldGen: 96790K->96894K(108544K)
[2020-08-05T16:52:38.719-0300] GC(563) Metaspace: 110340K->110340K(1153024K)
[2020-08-05T16:52:38.719-0300] GC(563) Pause Young (Allocation Failure) 418M->95M(416M) 3.172ms
[2020-08-05T16:52:38.720-0300] GC(563) User=0.01s Sys=0.00s Real=0.00s
[2020-08-05T16:52:38.992-0300] GC(564) Pause Young (Allocation Failure)
[2020-08-05T16:52:38.995-0300] GC(564) PSYoungGen: 316992K->768K(377344K)
[2020-08-05T16:52:38.995-0300] GC(564) ParOldGen: 96894K->97006K(108544K)
[2020-08-05T16:52:38.995-0300] GC(564) Metaspace: 110340K->110340K(1153024K)
[2020-08-05T16:52:38.995-0300] GC(564) Pause Young (Allocation Failure) 404M->95M(474M) 3.057ms
[2020-08-05T16:52:38.995-0300] GC(564) User=0.00s Sys=0.00s Real=0.01s
[2020-08-05T16:52:39.355-0300] GC(565) Pause Young (Allocation Failure)
[2020-08-05T16:52:39.357-0300] GC(565) PSYoungGen: 377088K->736K(360448K)
[2020-08-05T16:52:39.357-0300] GC(565) ParOldGen: 97006K->97110K(108544K)
[2020-08-05T16:52:39.357-0300] GC(565) Metaspace: 110340K->110340K(1153024K)
[2020-08-05T16:52:39.357-0300] GC(565) Pause Young (Allocation Failure) 462M->95M(458M) 2.409ms
[2020-08-05T16:52:39.357-0300] GC(565) User=0.00s Sys=0.00s Real=0.00s
[2020-08-05T16:52:39.694-0300] GC(566) Pause Young (Allocation Failure)
[2020-08-05T16:52:39.697-0300] GC(566) PSYoungGen: 360160K->720K(344064K)
[2020-08-05T16:52:39.697-0300] GC(566) ParOldGen: 97110K->97230K(108544K)
[2020-08-05T16:52:39.697-0300] GC(566) Metaspace: 110340K->110340K(1153024K)
[2020-08-05T16:52:39.697-0300] GC(566) Pause Young (Allocation Failure) 446M->95M(442M) 3.130ms
[2020-08-05T16:52:39.697-0300] GC(566) User=0.00s Sys=0.00s Real=0.00s
[2020-08-05T16:52:40.092-0300] GC(567) Pause Young (Allocation Failure)
[2020-08-05T16:52:40.097-0300] GC(567) PSYoungGen: 343760K->512K(328704K)
[2020-08-05T16:52:40.097-0300] GC(567) ParOldGen: 97230K->97342K(108544K)
[2020-08-05T16:52:40.097-0300] GC(567) Metaspace: 110340K->110340K(1153024K)
[2020-08-05T16:52:40.097-0300] GC(567) Pause Young (Allocation Failure) 430M->95M(427M) 4.521ms
[2020-08-05T16:52:40.097-0300] GC(567) User=0.01s Sys=0.00s Real=0.01s
[2020-08-05T16:52:40.546-0300] GC(568) Pause Young (Allocation Failure)
[2020-08-05T16:52:40.549-0300] GC(568) PSYoungGen: 328192K->928K(313856K)
[2020-08-05T16:52:40.549-0300] GC(568) ParOldGen: 97342K->97510K(108544K)
[2020-08-05T16:52:40.549-0300] GC(568) Metaspace: 110340K->110340K(1153024K)
[2020-08-05T16:52:40.549-0300] GC(568) Pause Young (Allocation Failure) 415M->96M(412M) 2.976ms
[2020-08-05T16:52:40.549-0300] GC(568) User=0.01s Sys=0.00s Real=0.00s
[2020-08-05T16:52:40.833-0300] GC(569) Pause Young (Allocation Failure)
[2020-08-05T16:52:40.836-0300] GC(569) PSYoungGen: 313760K->480K(299520K)
[2020-08-05T16:52:40.836-0300] GC(569) ParOldGen: 97510K->97606K(108544K)
[2020-08-05T16:52:40.836-0300] GC(569) Metaspace: 110340K->110340K(1153024K)
[2020-08-05T16:52:40.836-0300] GC(569) Pause Young (Allocation Failure) 401M->95M(398M) 2.787ms
[2020-08-05T16:52:40.836-0300] GC(569) User=0.01s Sys=0.00s Real=0.01s
[2020-08-05T16:52:41.101-0300] GC(570) Pause Young (Allocation Failure)
[2020-08-05T16:52:41.103-0300] GC(570) PSYoungGen: 299488K->848K(286720K)
[2020-08-05T16:52:41.103-0300] GC(570) ParOldGen: 97606K->97766K(108544K)
[2020-08-05T16:52:41.103-0300] GC(570) Metaspace: 110340K->110340K(1153024K)
[2020-08-05T16:52:41.103-0300] GC(570) Pause Young (Allocation Failure) 387M->96M(386M) 2.580ms
[2020-08-05T16:52:41.103-0300] GC(570) User=0.01s Sys=0.00s Real=0.00s
[2020-08-05T16:52:41.383-0300] GC(571) Pause Young (Allocation Failure)
[2020-08-05T16:52:41.386-0300] GC(571) PSYoungGen: 286544K->688K(274432K)
[2020-08-05T16:52:41.386-0300] GC(571) ParOldGen: 97766K->97923K(108544K)
[2020-08-05T16:52:41.386-0300] GC(571) Metaspace: 110340K->110340K(1153024K)
[2020-08-05T16:52:41.386-0300] GC(571) Pause Young (Allocation Failure) 375M->96M(374M) 3.175ms
[2020-08-05T16:52:41.386-0300] GC(571) User=0.01s Sys=0.00s Real=0.01s
[2020-08-05T16:52:41.644-0300] GC(572) Pause Young (Allocation Failure)
[2020-08-05T16:52:41.647-0300] GC(572) PSYoungGen: 274096K->768K(326144K)
[2020-08-05T16:52:41.647-0300] GC(572) ParOldGen: 97923K->98027K(108544K)
[2020-08-05T16:52:41.647-0300] GC(572) Metaspace: 110340K->110340K(1153024K)
[2020-08-05T16:52:41.647-0300] GC(572) Pause Young (Allocation Failure) 363M->96M(424M) 2.964ms
[2020-08-05T16:52:41.647-0300] GC(572) User=0.01s Sys=0.00s Real=0.01s
[2020-08-05T16:52:41.930-0300] GC(573) Pause Young (Allocation Failure)
[2020-08-05T16:52:41.934-0300] GC(573) PSYoungGen: 325888K->1072K(388608K)
[2020-08-05T16:52:41.934-0300] GC(573) ParOldGen: 98027K->98115K(108544K)
[2020-08-05T16:52:41.934-0300] GC(573) Metaspace: 110340K->110340K(1153024K)
[2020-08-05T16:52:41.934-0300] GC(573) Pause Young (Allocation Failure) 413M->96M(485M) 4.717ms
[2020-08-05T16:52:41.935-0300] GC(573) User=0.00s Sys=0.00s Real=0.01s
[2020-08-05T16:52:42.267-0300] GC(574) Pause Young (Allocation Failure)
[2020-08-05T16:52:42.269-0300] GC(574) PSYoungGen: 388144K->512K(461824K)
[2020-08-05T16:52:42.269-0300] GC(574) ParOldGen: 98115K->98299K(108544K)
[2020-08-05T16:52:42.269-0300] GC(574) Metaspace: 110340K->110340K(1153024K)
[2020-08-05T16:52:42.269-0300] GC(574) Pause Young (Allocation Failure) 474M->96M(557M) 2.705ms
[2020-08-05T16:52:42.269-0300] GC(574) User=0.01s Sys=0.00s Real=0.00s
[2020-08-05T16:52:42.705-0300] GC(575) Pause Young (Allocation Failure)
[2020-08-05T16:52:42.708-0300] GC(575) PSYoungGen: 461312K->864K(548352K)
[2020-08-05T16:52:42.708-0300] GC(575) ParOldGen: 98299K->98443K(108544K)
[2020-08-05T16:52:42.708-0300] GC(575) Metaspace: 110340K->110340K(1153024K)
[2020-08-05T16:52:42.708-0300] GC(575) Pause Young (Allocation Failure) 546M->96M(641M) 3.497ms
[2020-08-05T16:52:42.708-0300] GC(575) User=0.01s Sys=0.00s Real=0.00s
[2020-08-05T16:52:43.235-0300] GC(576) Pause Young (Allocation Failure)
[2020-08-05T16:52:43.238-0300] GC(576) PSYoungGen: 548192K->656K(522752K)
[2020-08-05T16:52:43.238-0300] GC(576) ParOldGen: 98443K->98571K(108544K)
[2020-08-05T16:52:43.238-0300] GC(576) Metaspace: 110340K->110340K(1153024K)
[2020-08-05T16:52:43.238-0300] GC(576) Pause Young (Allocation Failure) 631M->96M(616M) 2.636ms
[2020-08-05T16:52:43.238-0300] GC(576) User=0.01s Sys=0.00s Real=0.00s
[2020-08-05T16:52:43.762-0300] GC(577) Pause Young (Allocation Failure)
[2020-08-05T16:52:43.765-0300] GC(577) PSYoungGen: 522384K->592K(498688K)
[2020-08-05T16:52:43.765-0300] GC(577) ParOldGen: 98571K->98723K(108544K)
[2020-08-05T16:52:43.765-0300] GC(577) Metaspace: 110340K->110340K(1153024K)
[2020-08-05T16:52:43.765-0300] GC(577) Pause Young (Allocation Failure) 606M->96M(593M) 2.539ms
[2020-08-05T16:52:43.765-0300] GC(577) User=0.00s Sys=0.00s Real=0.01s
[2020-08-05T16:52:44.258-0300] GC(578) Pause Young (Allocation Failure)
[2020-08-05T16:52:44.261-0300] GC(578) PSYoungGen: 498256K->752K(475648K)
[2020-08-05T16:52:44.261-0300] GC(578) ParOldGen: 98723K->98859K(108544K)
[2020-08-05T16:52:44.261-0300] GC(578) Metaspace: 110340K->110340K(1153024K)
[2020-08-05T16:52:44.261-0300] GC(578) Pause Young (Allocation Failure) 582M->97M(570M) 3.122ms
[2020-08-05T16:52:44.261-0300] GC(578) User=0.01s Sys=0.01s Real=0.00s
[2020-08-05T16:52:44.733-0300] GC(579) Pause Young (Allocation Failure)
[2020-08-05T16:52:44.736-0300] GC(579) PSYoungGen: 475376K->816K(453632K)
[2020-08-05T16:52:44.736-0300] GC(579) ParOldGen: 98859K->99003K(108544K)
[2020-08-05T16:52:44.736-0300] GC(579) Metaspace: 110340K->110340K(1153024K)
[2020-08-05T16:52:44.736-0300] GC(579) Pause Young (Allocation Failure) 560M->97M(549M) 2.922ms
[2020-08-05T16:52:44.736-0300] GC(579) User=0.00s Sys=0.00s Real=0.01s
[2020-08-05T16:52:45.120-0300] GC(580) Pause Young (Allocation Failure)
[2020-08-05T16:52:45.123-0300] GC(580) PSYoungGen: 453424K->880K(432640K)
[2020-08-05T16:52:45.123-0300] GC(580) ParOldGen: 99003K->99187K(108544K)
[2020-08-05T16:52:45.123-0300] GC(580) Metaspace: 110340K->110340K(1153024K)
[2020-08-05T16:52:45.123-0300] GC(580) Pause Young (Allocation Failure) 539M->97M(528M) 3.154ms
[2020-08-05T16:52:45.123-0300] GC(580) User=0.01s Sys=0.00s Real=0.00s
[2020-08-05T16:52:45.632-0300] GC(581) Pause Young (Allocation Failure)
[2020-08-05T16:52:45.636-0300] GC(581) PSYoungGen: 432496K->608K(412672K)
[2020-08-05T16:52:45.636-0300] GC(581) ParOldGen: 99187K->99315K(108544K)
[2020-08-05T16:52:45.636-0300] GC(581) Metaspace: 110340K->110340K(1153024K)
[2020-08-05T16:52:45.636-0300] GC(581) Pause Young (Allocation Failure) 519M->97M(509M) 3.843ms
[2020-08-05T16:52:45.636-0300] GC(581) User=0.00s Sys=0.00s Real=0.01s
[2020-08-05T16:52:46.009-0300] GC(582) Pause Young (Allocation Failure)
[2020-08-05T16:52:46.012-0300] GC(582) PSYoungGen: 412256K->720K(393728K)
[2020-08-05T16:52:46.012-0300] GC(582) ParOldGen: 99315K->99499K(108544K)
[2020-08-05T16:52:46.012-0300] GC(582) Metaspace: 110340K->110340K(1153024K)
[2020-08-05T16:52:46.012-0300] GC(582) Pause Young (Allocation Failure) 499M->97M(490M) 2.997ms
[2020-08-05T16:52:46.012-0300] GC(582) User=0.00s Sys=0.00s Real=0.00s
[2020-08-05T16:52:46.364-0300] GC(583) Pause Young (Allocation Failure)
[2020-08-05T16:52:46.368-0300] GC(583) PSYoungGen: 393424K->816K(375808K)
[2020-08-05T16:52:46.368-0300] GC(583) ParOldGen: 99499K->99619K(108544K)
[2020-08-05T16:52:46.368-0300] GC(583) Metaspace: 110340K->110340K(1153024K)
[2020-08-05T16:52:46.368-0300] GC(583) Pause Young (Allocation Failure) 481M->98M(473M) 3.931ms
[2020-08-05T16:52:46.368-0300] GC(583) User=0.01s Sys=0.00s Real=0.01s
[2020-08-05T16:52:46.681-0300] GC(584) Pause Young (Allocation Failure)
[2020-08-05T16:52:46.684-0300] GC(584) PSYoungGen: 375600K->928K(358912K)
[2020-08-05T16:52:46.684-0300] GC(584) ParOldGen: 99619K->99755K(108544K)
[2020-08-05T16:52:46.684-0300] GC(584) Metaspace: 110340K->110340K(1153024K)
[2020-08-05T16:52:46.684-0300] GC(584) Pause Young (Allocation Failure) 464M->98M(456M) 3.017ms
[2020-08-05T16:52:46.684-0300] GC(584) User=0.00s Sys=0.00s Real=0.00s
[2020-08-05T16:52:46.977-0300] GC(585) Pause Young (Allocation Failure)
[2020-08-05T16:52:46.981-0300] GC(585) PSYoungGen: 358816K->928K(343040K)
[2020-08-05T16:52:46.981-0300] GC(585) ParOldGen: 99755K->99947K(108544K)
[2020-08-05T16:52:46.981-0300] GC(585) Metaspace: 110340K->110340K(1153024K)
[2020-08-05T16:52:46.981-0300] GC(585) Pause Young (Allocation Failure) 447M->98M(441M) 3.861ms
[2020-08-05T16:52:46.981-0300] GC(585) User=0.00s Sys=0.00s Real=0.00s
[2020-08-05T16:52:47.278-0300] GC(586) Pause Young (Allocation Failure)
[2020-08-05T16:52:47.281-0300] GC(586) PSYoungGen: 342944K->784K(327680K)
[2020-08-05T16:52:47.281-0300] GC(586) ParOldGen: 99947K->100043K(108544K)
[2020-08-05T16:52:47.281-0300] GC(586) Metaspace: 110340K->110340K(1153024K)
[2020-08-05T16:52:47.281-0300] GC(586) Pause Young (Allocation Failure) 432M->98M(426M) 3.004ms
[2020-08-05T16:52:47.281-0300] GC(586) User=0.00s Sys=0.00s Real=0.00s
[2020-08-05T16:52:47.577-0300] GC(587) Pause Young (Allocation Failure)
[2020-08-05T16:52:47.580-0300] GC(587) PSYoungGen: 327440K->528K(389632K)
[2020-08-05T16:52:47.580-0300] GC(587) ParOldGen: 100043K->100203K(108544K)
[2020-08-05T16:52:47.580-0300] GC(587) Metaspace: 110340K->110340K(1153024K)
[2020-08-05T16:52:47.580-0300] GC(587) Pause Young (Allocation Failure) 417M->98M(486M) 3.358ms
[2020-08-05T16:52:47.581-0300] GC(587) User=0.00s Sys=0.00s Real=0.00s
[2020-08-05T16:52:47.949-0300] GC(588) Pause Young (Allocation Failure)
[2020-08-05T16:52:47.952-0300] GC(588) PSYoungGen: 389136K->832K(372224K)
[2020-08-05T16:52:47.952-0300] GC(588) ParOldGen: 100203K->100315K(108544K)
[2020-08-05T16:52:47.952-0300] GC(588) Metaspace: 110340K->110340K(1153024K)
[2020-08-05T16:52:47.952-0300] GC(588) Pause Young (Allocation Failure) 477M->98M(469M) 2.594ms
[2020-08-05T16:52:47.952-0300] GC(588) User=0.01s Sys=0.00s Real=0.00s
[2020-08-05T16:52:48.250-0300] GC(589) Pause Young (Allocation Failure)
[2020-08-05T16:52:48.254-0300] GC(589) PSYoungGen: 372032K->592K(355328K)
[2020-08-05T16:52:48.254-0300] GC(589) ParOldGen: 100315K->100419K(108544K)
[2020-08-05T16:52:48.254-0300] GC(589) Metaspace: 110340K->110340K(1153024K)
[2020-08-05T16:52:48.254-0300] GC(589) Pause Young (Allocation Failure) 461M->98M(453M) 3.555ms
[2020-08-05T16:52:48.254-0300] GC(589) User=0.01s Sys=0.00s Real=0.00s
[2020-08-05T16:52:48.554-0300] GC(590) Pause Young (Allocation Failure)
[2020-08-05T16:52:48.557-0300] GC(590) PSYoungGen: 354896K->752K(339456K)
[2020-08-05T16:52:48.557-0300] GC(590) ParOldGen: 100419K->100523K(108544K)
[2020-08-05T16:52:48.557-0300] GC(590) Metaspace: 110340K->110340K(1153024K)
[2020-08-05T16:52:48.557-0300] GC(590) Pause Young (Allocation Failure) 444M->98M(437M) 2.977ms
[2020-08-05T16:52:48.557-0300] GC(590) User=0.01s Sys=0.00s Real=0.01s
[2020-08-05T16:52:48.849-0300] GC(591) Pause Young (Allocation Failure)
[2020-08-05T16:52:48.852-0300] GC(591) PSYoungGen: 339184K->560K(324096K)
[2020-08-05T16:52:48.852-0300] GC(591) ParOldGen: 100523K->100699K(108544K)
[2020-08-05T16:52:48.852-0300] GC(591) Metaspace: 110340K->110340K(1153024K)
[2020-08-05T16:52:48.852-0300] GC(591) Pause Young (Allocation Failure) 429M->98M(422M) 2.738ms
[2020-08-05T16:52:48.852-0300] GC(591) User=0.00s Sys=0.00s Real=0.00s
[2020-08-05T16:52:49.156-0300] GC(592) Pause Young (Allocation Failure)
[2020-08-05T16:52:49.160-0300] GC(592) PSYoungGen: 323632K->640K(309760K)
[2020-08-05T16:52:49.160-0300] GC(592) ParOldGen: 100699K->100819K(108544K)
[2020-08-05T16:52:49.160-0300] GC(592) Metaspace: 110340K->110340K(1153024K)
[2020-08-05T16:52:49.160-0300] GC(592) Pause Young (Allocation Failure) 414M->99M(408M) 3.139ms
[2020-08-05T16:52:49.160-0300] GC(592) User=0.01s Sys=0.00s Real=0.00s
[2020-08-05T16:52:49.487-0300] GC(593) Pause Young (Allocation Failure)
[2020-08-05T16:52:49.490-0300] GC(593) PSYoungGen: 309376K->816K(295936K)
[2020-08-05T16:52:49.490-0300] GC(593) ParOldGen: 100819K->100923K(108544K)
[2020-08-05T16:52:49.490-0300] GC(593) Metaspace: 110340K->110340K(1153024K)
[2020-08-05T16:52:49.490-0300] GC(593) Pause Young (Allocation Failure) 400M->99M(395M) 2.888ms
[2020-08-05T16:52:49.490-0300] GC(593) User=0.00s Sys=0.00s Real=0.00s
[2020-08-05T16:52:49.764-0300] GC(594) Pause Young (Allocation Failure)
[2020-08-05T16:52:49.767-0300] GC(594) PSYoungGen: 295728K->736K(283136K)
[2020-08-05T16:52:49.767-0300] GC(594) ParOldGen: 100923K->101083K(108544K)
[2020-08-05T16:52:49.767-0300] GC(594) Metaspace: 110340K->110340K(1153024K)
[2020-08-05T16:52:49.767-0300] GC(594) Pause Young (Allocation Failure) 387M->99M(382M) 2.894ms
[2020-08-05T16:52:49.767-0300] GC(594) User=0.01s Sys=0.00s Real=0.00s
[2020-08-05T16:52:50.044-0300] GC(595) Pause Young (Allocation Failure)
[2020-08-05T16:52:50.047-0300] GC(595) PSYoungGen: 282848K->672K(336896K)
[2020-08-05T16:52:50.047-0300] GC(595) ParOldGen: 101083K->101187K(108544K)
[2020-08-05T16:52:50.047-0300] GC(595) Metaspace: 110340K->110340K(1153024K)
[2020-08-05T16:52:50.047-0300] GC(595) Pause Young (Allocation Failure) 374M->99M(435M) 3.585ms
[2020-08-05T16:52:50.047-0300] GC(595) User=0.01s Sys=0.00s Real=0.01s
[2020-08-05T16:52:50.419-0300] GC(596) Pause Young (Allocation Failure)
[2020-08-05T16:52:50.421-0300] GC(596) PSYoungGen: 336544K->448K(321536K)
[2020-08-05T16:52:50.421-0300] GC(596) ParOldGen: 101187K->101283K(108544K)
[2020-08-05T16:52:50.421-0300] GC(596) Metaspace: 110340K->110340K(1153024K)
[2020-08-05T16:52:50.421-0300] GC(596) Pause Young (Allocation Failure) 427M->99M(420M) 2.303ms
[2020-08-05T16:52:50.421-0300] GC(596) User=0.01s Sys=0.00s Real=0.00s
[2020-08-05T16:52:50.738-0300] GC(597) Pause Young (Allocation Failure)
[2020-08-05T16:52:50.742-0300] GC(597) PSYoungGen: 321472K->864K(382976K)
[2020-08-05T16:52:50.742-0300] GC(597) ParOldGen: 101283K->101443K(108544K)
[2020-08-05T16:52:50.742-0300] GC(597) Metaspace: 110340K->110340K(1153024K)
[2020-08-05T16:52:50.742-0300] GC(597) Pause Young (Allocation Failure) 412M->99M(480M) 4.152ms
[2020-08-05T16:52:50.742-0300] GC(597) User=0.01s Sys=0.00s Real=0.00s
[2020-08-05T16:52:51.169-0300] GC(598) Pause Young (Allocation Failure)
[2020-08-05T16:52:51.172-0300] GC(598) PSYoungGen: 382816K->928K(365568K)
[2020-08-05T16:52:51.172-0300] GC(598) ParOldGen: 101443K->101539K(108544K)
[2020-08-05T16:52:51.172-0300] GC(598) Metaspace: 110340K->110340K(1153024K)
[2020-08-05T16:52:51.172-0300] GC(598) Pause Young (Allocation Failure) 472M->100M(463M) 2.897ms
[2020-08-05T16:52:51.172-0300] GC(598) User=0.01s Sys=0.00s Real=0.00s
[2020-08-05T16:52:51.490-0300] GC(599) Pause Young (Allocation Failure)
[2020-08-05T16:52:51.493-0300] GC(599) PSYoungGen: 365472K->816K(349184K)
[2020-08-05T16:52:51.493-0300] GC(599) ParOldGen: 101539K->101651K(108544K)
[2020-08-05T16:52:51.493-0300] GC(599) Metaspace: 110340K->110340K(1153024K)
[2020-08-05T16:52:51.493-0300] GC(599) Pause Young (Allocation Failure) 456M->100M(447M) 2.965ms
[2020-08-05T16:52:51.493-0300] GC(599) User=0.01s Sys=0.00s Real=0.00s
[2020-08-05T16:52:51.804-0300] GC(600) Pause Young (Allocation Failure)
[2020-08-05T16:52:51.807-0300] GC(600) PSYoungGen: 348976K->608K(333312K)
[2020-08-05T16:52:51.807-0300] GC(600) ParOldGen: 101651K->101803K(108544K)
[2020-08-05T16:52:51.807-0300] GC(600) Metaspace: 110340K->110340K(1153024K)
[2020-08-05T16:52:51.807-0300] GC(600) Pause Young (Allocation Failure) 440M->100M(431M) 3.468ms
[2020-08-05T16:52:51.807-0300] GC(600) User=0.01s Sys=0.00s Real=0.01s
[2020-08-05T16:52:52.194-0300] GC(601) Pause Young (Allocation Failure)
[2020-08-05T16:52:52.197-0300] GC(601) PSYoungGen: 332896K->560K(318464K)
[2020-08-05T16:52:52.197-0300] GC(601) ParOldGen: 101803K->101972K(108544K)
[2020-08-05T16:52:52.197-0300] GC(601) Metaspace: 110340K->110340K(1153024K)
[2020-08-05T16:52:52.197-0300] GC(601) Pause Young (Allocation Failure) 424M->100M(417M) 2.898ms
[2020-08-05T16:52:52.197-0300] GC(601) User=0.01s Sys=0.00s Real=0.00s
[2020-08-05T16:52:52.528-0300] GC(602) Pause Young (Allocation Failure)
[2020-08-05T16:52:52.532-0300] GC(602) PSYoungGen: 318000K->576K(304128K)
[2020-08-05T16:52:52.532-0300] GC(602) ParOldGen: 101972K->102084K(108544K)
[2020-08-05T16:52:52.532-0300] GC(602) Metaspace: 110340K->110340K(1153024K)
[2020-08-05T16:52:52.532-0300] GC(602) Pause Young (Allocation Failure) 410M->100M(403M) 3.483ms
[2020-08-05T16:52:52.532-0300] GC(602) User=0.00s Sys=0.00s Real=0.00s
[2020-08-05T16:52:52.799-0300] GC(603) Pause Young (Allocation Failure)
[2020-08-05T16:52:52.801-0300] GC(603) PSYoungGen: 303680K->672K(290816K)
[2020-08-05T16:52:52.801-0300] GC(603) ParOldGen: 102084K->102188K(108544K)
[2020-08-05T16:52:52.801-0300] GC(603) Metaspace: 110340K->110340K(1153024K)
[2020-08-05T16:52:52.801-0300] GC(603) Pause Young (Allocation Failure) 396M->100M(390M) 2.913ms
[2020-08-05T16:52:52.801-0300] GC(603) User=0.01s Sys=0.00s Real=0.00s
[2020-08-05T16:52:53.082-0300] GC(604) Pause Young (Allocation Failure)
[2020-08-05T16:52:53.087-0300] GC(604) PSYoungGen: 290464K->752K(346112K)
[2020-08-05T16:52:53.087-0300] GC(604) ParOldGen: 102188K->102332K(108544K)
[2020-08-05T16:52:53.087-0300] GC(604) Metaspace: 110340K->110340K(1153024K)
[2020-08-05T16:52:53.087-0300] GC(604) Pause Young (Allocation Failure) 383M->100M(444M) 4.610ms
[2020-08-05T16:52:53.087-0300] GC(604) User=0.01s Sys=0.00s Real=0.01s
[2020-08-05T16:52:53.416-0300] GC(605) Pause Young (Allocation Failure)
[2020-08-05T16:52:53.419-0300] GC(605) PSYoungGen: 345840K->624K(411648K)
[2020-08-05T16:52:53.419-0300] GC(605) ParOldGen: 102332K->102428K(108544K)
[2020-08-05T16:52:53.419-0300] GC(605) Metaspace: 110340K->110340K(1153024K)
[2020-08-05T16:52:53.419-0300] GC(605) Pause Young (Allocation Failure) 437M->100M(508M) 3.029ms
[2020-08-05T16:52:53.419-0300] GC(605) User=0.01s Sys=0.00s Real=0.00s
[2020-08-05T16:52:53.891-0300] GC(606) Pause Young (Allocation Failure)
[2020-08-05T16:52:53.894-0300] GC(606) PSYoungGen: 411248K->496K(392192K)
[2020-08-05T16:52:53.894-0300] GC(606) ParOldGen: 102428K->102588K(108544K)
[2020-08-05T16:52:53.894-0300] GC(606) Metaspace: 110340K->110340K(1153024K)
[2020-08-05T16:52:53.894-0300] GC(606) Pause Young (Allocation Failure) 501M->100M(489M) 2.788ms
[2020-08-05T16:52:53.894-0300] GC(606) User=0.00s Sys=0.00s Real=0.01s
[2020-08-05T16:52:54.314-0300] GC(607) Pause Young (Allocation Failure)
[2020-08-05T16:52:54.318-0300] GC(607) PSYoungGen: 392176K->576K(374784K)
[2020-08-05T16:52:54.318-0300] GC(607) ParOldGen: 102588K->102748K(108544K)
[2020-08-05T16:52:54.318-0300] GC(607) Metaspace: 110340K->110340K(1153024K)
[2020-08-05T16:52:54.318-0300] GC(607) Pause Young (Allocation Failure) 483M->100M(472M) 3.116ms
[2020-08-05T16:52:54.318-0300] GC(607) User=0.01s Sys=0.00s Real=0.00s
[2020-08-05T16:52:54.672-0300] GC(608) Pause Young (Allocation Failure)
[2020-08-05T16:52:54.676-0300] GC(608) PSYoungGen: 374336K->864K(357888K)
[2020-08-05T16:52:54.676-0300] GC(608) ParOldGen: 102748K->102868K(108544K)
[2020-08-05T16:52:54.676-0300] GC(608) Metaspace: 110340K->110340K(1153024K)
[2020-08-05T16:52:54.676-0300] GC(608) Pause Young (Allocation Failure) 465M->101M(455M) 3.438ms
[2020-08-05T16:52:54.676-0300] GC(608) User=0.00s Sys=0.01s Real=0.01s
[2020-08-05T16:52:54.961-0300] GC(609) Pause Young (Allocation Failure)
[2020-08-05T16:52:54.964-0300] GC(609) PSYoungGen: 357728K->832K(342016K)
[2020-08-05T16:52:54.964-0300] GC(609) ParOldGen: 102868K->103068K(108544K)
[2020-08-05T16:52:54.964-0300] GC(609) Metaspace: 110340K->110340K(1153024K)
[2020-08-05T16:52:54.964-0300] GC(609) Pause Young (Allocation Failure) 449M->101M(440M) 3.148ms
[2020-08-05T16:52:54.964-0300] GC(609) User=0.01s Sys=0.00s Real=0.01s
[2020-08-05T16:52:55.253-0300] GC(610) Pause Young (Allocation Failure)
[2020-08-05T16:52:55.256-0300] GC(610) PSYoungGen: 341824K->496K(406016K)
[2020-08-05T16:52:55.256-0300] GC(610) ParOldGen: 103068K->103444K(108544K)
[2020-08-05T16:52:55.256-0300] GC(610) Metaspace: 110340K->110340K(1153024K)
[2020-08-05T16:52:55.256-0300] GC(610) Pause Young (Allocation Failure) 434M->101M(502M) 3.570ms
[2020-08-05T16:52:55.256-0300] GC(610) User=0.00s Sys=0.00s Real=0.01s
[2020-08-05T16:52:55.682-0300] GC(611) Pause Young (Allocation Failure)
[2020-08-05T16:52:55.685-0300] GC(611) PSYoungGen: 406000K->768K(388608K)
[2020-08-05T16:52:55.685-0300] GC(611) ParOldGen: 103444K->103812K(108544K)
[2020-08-05T16:52:55.685-0300] GC(611) Metaspace: 110340K->110340K(1153024K)
[2020-08-05T16:52:55.685-0300] GC(611) Pause Young (Allocation Failure) 497M->102M(485M) 3.189ms
[2020-08-05T16:52:55.685-0300] GC(611) User=0.01s Sys=0.00s Real=0.01s
[2020-08-05T16:52:56.017-0300] GC(612) Pause Young (Allocation Failure)
[2020-08-05T16:52:56.020-0300] GC(612) PSYoungGen: 387840K->928K(370688K)
[2020-08-05T16:52:56.020-0300] GC(612) ParOldGen: 103812K->104076K(108544K)
[2020-08-05T16:52:56.020-0300] GC(612) Metaspace: 110340K->110340K(1153024K)
[2020-08-05T16:52:56.020-0300] GC(612) Pause Young (Allocation Failure) 480M->102M(468M) 3.292ms
[2020-08-05T16:52:56.020-0300] GC(612) User=0.01s Sys=0.00s Real=0.00s
[2020-08-05T16:52:56.376-0300] GC(613) Pause Young (Allocation Failure)
[2020-08-05T16:52:56.379-0300] GC(613) PSYoungGen: 370592K->880K(353792K)
[2020-08-05T16:52:56.379-0300] GC(613) ParOldGen: 104076K->104244K(108544K)
[2020-08-05T16:52:56.379-0300] GC(613) Metaspace: 110340K->110340K(1153024K)
[2020-08-05T16:52:56.379-0300] GC(613) Pause Young (Allocation Failure) 463M->102M(451M) 3.007ms
[2020-08-05T16:52:56.379-0300] GC(613) User=0.00s Sys=0.00s Real=0.00s
[2020-08-05T16:52:56.671-0300] GC(614) Pause Young (Allocation Failure)
[2020-08-05T16:52:56.673-0300] GC(614) PSYoungGen: 353648K->1072K(338432K)
[2020-08-05T16:52:56.673-0300] GC(614) ParOldGen: 104244K->104364K(108544K)
[2020-08-05T16:52:56.673-0300] GC(614) Metaspace: 110340K->110340K(1153024K)
[2020-08-05T16:52:56.674-0300] GC(614) Pause Young (Allocation Failure) 447M->102M(436M) 2.911ms
[2020-08-05T16:52:56.674-0300] GC(614) User=0.01s Sys=0.00s Real=0.00s
[2020-08-05T16:52:56.955-0300] GC(615) Pause Young (Allocation Failure)
[2020-08-05T16:52:56.961-0300] GC(615) PSYoungGen: 337968K->896K(402432K)
[2020-08-05T16:52:56.961-0300] GC(615) ParOldGen: 104364K->104508K(108544K)
[2020-08-05T16:52:56.961-0300] GC(615) Metaspace: 110340K->110340K(1153024K)
[2020-08-05T16:52:56.961-0300] GC(615) Pause Young (Allocation Failure) 431M->102M(499M) 5.737ms
[2020-08-05T16:52:56.961-0300] GC(615) User=0.01s Sys=0.00s Real=0.00s
[2020-08-05T16:52:57.341-0300] GC(616) Pause Young (Allocation Failure)
[2020-08-05T16:52:57.344-0300] GC(616) PSYoungGen: 402304K->720K(478720K)
[2020-08-05T16:52:57.345-0300] GC(616) ParOldGen: 104508K->104636K(108544K)
[2020-08-05T16:52:57.345-0300] GC(616) Metaspace: 110340K->110340K(1153024K)
[2020-08-05T16:52:57.345-0300] GC(616) Pause Young (Allocation Failure) 494M->102M(573M) 3.225ms
[2020-08-05T16:52:57.345-0300] GC(616) User=0.00s Sys=0.00s Real=0.01s
[2020-08-05T16:52:57.788-0300] GC(617) Pause Young (Allocation Failure)
[2020-08-05T16:52:57.792-0300] GC(617) PSYoungGen: 478416K->768K(568832K)
[2020-08-05T16:52:57.792-0300] GC(617) ParOldGen: 104636K->104788K(108544K)
[2020-08-05T16:52:57.792-0300] GC(617) Metaspace: 110340K->110340K(1153024K)
[2020-08-05T16:52:57.792-0300] GC(617) Pause Young (Allocation Failure) 569M->103M(661M) 3.719ms
[2020-08-05T16:52:57.792-0300] GC(617) User=0.00s Sys=0.00s Real=0.00s
[2020-08-05T16:52:58.359-0300] GC(618) Pause Young (Allocation Failure)
[2020-08-05T16:52:58.362-0300] GC(618) PSYoungGen: 568576K->816K(542208K)
[2020-08-05T16:52:58.362-0300] GC(618) ParOldGen: 104788K->104924K(108544K)
[2020-08-05T16:52:58.362-0300] GC(618) Metaspace: 110340K->110340K(1153024K)
[2020-08-05T16:52:58.362-0300] GC(618) Pause Young (Allocation Failure) 657M->103M(635M) 3.240ms
[2020-08-05T16:52:58.362-0300] GC(618) User=0.01s Sys=0.00s Real=0.00s
[2020-08-05T16:52:58.870-0300] GC(619) Pause Young (Allocation Failure)
[2020-08-05T16:52:58.873-0300] GC(619) PSYoungGen: 542000K->432K(516608K)
[2020-08-05T16:52:58.873-0300] GC(619) ParOldGen: 104924K->105060K(108544K)
[2020-08-05T16:52:58.873-0300] GC(619) Metaspace: 110340K->110340K(1153024K)
[2020-08-05T16:52:58.873-0300] GC(619) Pause Young (Allocation Failure) 631M->103M(610M) 2.764ms
[2020-08-05T16:52:58.873-0300] GC(619) User=0.00s Sys=0.00s Real=0.00s
[2020-08-05T16:52:59.482-0300] GC(620) Pause Young (Allocation Failure)
[2020-08-05T16:52:59.486-0300] GC(620) PSYoungGen: 516528K->592K(493056K)
[2020-08-05T16:52:59.486-0300] GC(620) ParOldGen: 105060K->105228K(108544K)
[2020-08-05T16:52:59.486-0300] GC(620) Metaspace: 110340K->110340K(1153024K)
[2020-08-05T16:52:59.486-0300] GC(620) Pause Young (Allocation Failure) 607M->103M(587M) 3.654ms
[2020-08-05T16:52:59.486-0300] GC(620) User=0.01s Sys=0.00s Real=0.01s
[2020-08-05T16:52:59.911-0300] GC(621) Pause Young (Allocation Failure)
[2020-08-05T16:52:59.916-0300] GC(621) PSYoungGen: 492624K->944K(470016K)
[2020-08-05T16:52:59.916-0300] GC(621) ParOldGen: 105228K->105364K(108544K)
[2020-08-05T16:52:59.916-0300] GC(621) Metaspace: 110340K->110340K(1153024K)
[2020-08-05T16:52:59.916-0300] GC(621) Pause Young (Allocation Failure) 583M->103M(565M) 4.924ms
[2020-08-05T16:52:59.916-0300] GC(621) User=0.01s Sys=0.00s Real=0.01s
[2020-08-05T16:53:00.477-0300] GC(622) Pause Young (Allocation Failure)
[2020-08-05T16:53:00.479-0300] GC(622) PSYoungGen: 469936K->576K(448512K)
[2020-08-05T16:53:00.479-0300] GC(622) ParOldGen: 105364K->105596K(108544K)
[2020-08-05T16:53:00.479-0300] GC(622) Metaspace: 110340K->110340K(1153024K)
[2020-08-05T16:53:00.479-0300] GC(622) Pause Young (Allocation Failure) 561M->103M(544M) 2.893ms
[2020-08-05T16:53:00.479-0300] GC(622) User=0.00s Sys=0.00s Real=0.00s
[2020-08-05T16:53:00.993-0300] GC(623) Pause Young (Allocation Failure)
[2020-08-05T16:53:00.996-0300] GC(623) PSYoungGen: 448064K->992K(428032K)
[2020-08-05T16:53:00.996-0300] GC(623) ParOldGen: 105596K->105804K(108544K)
[2020-08-05T16:53:00.996-0300] GC(623) Metaspace: 110340K->110340K(1153024K)
[2020-08-05T16:53:00.996-0300] GC(623) Pause Young (Allocation Failure) 540M->104M(524M) 2.864ms
[2020-08-05T16:53:00.996-0300] GC(623) User=0.01s Sys=0.00s Real=0.01s
[2020-08-05T16:53:01.435-0300] GC(624) Pause Young (Allocation Failure)
[2020-08-05T16:53:01.439-0300] GC(624) PSYoungGen: 428000K->640K(408576K)
[2020-08-05T16:53:01.439-0300] GC(624) ParOldGen: 105804K->105924K(108544K)
[2020-08-05T16:53:01.439-0300] GC(624) Metaspace: 110340K->110340K(1153024K)
[2020-08-05T16:53:01.439-0300] GC(624) Pause Young (Allocation Failure) 521M->104M(505M) 4.875ms
[2020-08-05T16:53:01.439-0300] GC(624) User=0.01s Sys=0.00s Real=0.00s
[2020-08-05T16:53:02.313-0300] GC(625) Pause Young (Allocation Failure)
[2020-08-05T16:53:02.318-0300] GC(625) PSYoungGen: 408192K->528K(390144K)
[2020-08-05T16:53:02.318-0300] GC(625) ParOldGen: 105924K->106060K(108544K)
[2020-08-05T16:53:02.318-0300] GC(625) Metaspace: 110340K->110340K(1153024K)
[2020-08-05T16:53:02.318-0300] GC(625) Pause Young (Allocation Failure) 502M->104M(487M) 5.066ms
[2020-08-05T16:53:02.318-0300] GC(625) User=0.01s Sys=0.00s Real=0.01s
[2020-08-05T16:53:03.032-0300] GC(626) Pause Young (Allocation Failure)
[2020-08-05T16:53:03.035-0300] GC(626) PSYoungGen: 389648K->1024K(372736K)
[2020-08-05T16:53:03.035-0300] GC(626) ParOldGen: 106060K->106212K(108544K)
[2020-08-05T16:53:03.035-0300] GC(626) Metaspace: 110340K->110340K(1153024K)
[2020-08-05T16:53:03.035-0300] GC(626) Pause Young (Allocation Failure) 484M->104M(470M) 3.050ms
[2020-08-05T16:53:03.035-0300] GC(626) User=0.01s Sys=0.00s Real=0.01s
[2020-08-05T16:53:03.396-0300] GC(627) Pause Young (Allocation Failure)
[2020-08-05T16:53:03.398-0300] GC(627) PSYoungGen: 372224K->736K(355328K)
[2020-08-05T16:53:03.398-0300] GC(627) ParOldGen: 106212K->106417K(108544K)
[2020-08-05T16:53:03.398-0300] GC(627) Metaspace: 110340K->110340K(1153024K)
[2020-08-05T16:53:03.398-0300] GC(627) Pause Young (Allocation Failure) 467M->104M(453M) 2.743ms
[2020-08-05T16:53:03.398-0300] GC(627) User=0.00s Sys=0.00s Real=0.00s
[2020-08-05T16:53:03.724-0300] GC(628) Pause Young (Allocation Failure)
[2020-08-05T16:53:03.727-0300] GC(628) PSYoungGen: 355040K->640K(339456K)
[2020-08-05T16:53:03.727-0300] GC(628) ParOldGen: 106417K->106529K(108544K)
[2020-08-05T16:53:03.727-0300] GC(628) Metaspace: 110340K->110340K(1153024K)
[2020-08-05T16:53:03.727-0300] GC(628) Pause Young (Allocation Failure) 450M->104M(437M) 3.161ms
[2020-08-05T16:53:03.727-0300] GC(628) User=0.00s Sys=0.00s Real=0.01s
[2020-08-05T16:53:04.034-0300] GC(629) Pause Young (Allocation Failure)
[2020-08-05T16:53:04.036-0300] GC(629) PSYoungGen: 339072K->592K(324096K)
[2020-08-05T16:53:04.036-0300] GC(629) ParOldGen: 106529K->106633K(108544K)
[2020-08-05T16:53:04.036-0300] GC(629) Metaspace: 110340K->110340K(1153024K)
[2020-08-05T16:53:04.036-0300] GC(629) Pause Young (Allocation Failure) 435M->104M(422M) 2.469ms
[2020-08-05T16:53:04.036-0300] GC(629) User=0.01s Sys=0.00s Real=0.01s
[2020-08-05T16:53:04.400-0300] GC(630) Pause Young (Allocation Failure)
[2020-08-05T16:53:04.403-0300] GC(630) PSYoungGen: 323664K->752K(309760K)
[2020-08-05T16:53:04.403-0300] GC(630) ParOldGen: 106633K->106857K(108544K)
[2020-08-05T16:53:04.403-0300] GC(630) Metaspace: 110340K->110340K(1153024K)
[2020-08-05T16:53:04.403-0300] GC(630) Pause Young (Allocation Failure) 420M->105M(408M) 2.614ms
[2020-08-05T16:53:04.403-0300] GC(630) User=0.01s Sys=0.00s Real=0.00s
[2020-08-05T16:53:04.709-0300] GC(631) Pause Young (Allocation Failure)
[2020-08-05T16:53:04.713-0300] GC(631) PSYoungGen: 309488K->816K(295936K)
[2020-08-05T16:53:04.713-0300] GC(631) ParOldGen: 106857K->106953K(108544K)
[2020-08-05T16:53:04.713-0300] GC(631) Metaspace: 110340K->110340K(1153024K)
[2020-08-05T16:53:04.713-0300] GC(631) Pause Young (Allocation Failure) 406M->105M(395M) 3.568ms
[2020-08-05T16:53:04.713-0300] GC(631) User=0.00s Sys=0.00s Real=0.00s
[2020-08-05T16:53:05.047-0300] GC(632) Pause Young (Allocation Failure)
[2020-08-05T16:53:05.051-0300] GC(632) PSYoungGen: 295728K->576K(283136K)
[2020-08-05T16:53:05.051-0300] GC(632) ParOldGen: 106953K->107113K(108544K)
[2020-08-05T16:53:05.051-0300] GC(632) Metaspace: 110340K->110340K(1153024K)
[2020-08-05T16:53:05.051-0300] GC(632) Pause Young (Allocation Failure) 393M->105M(382M) 3.845ms
[2020-08-05T16:53:05.051-0300] GC(632) User=0.00s Sys=0.01s Real=0.00s
[2020-08-05T16:53:05.443-0300] GC(633) Pause Young (Allocation Failure)
[2020-08-05T16:53:05.446-0300] GC(633) PSYoungGen: 282688K->624K(270848K)
[2020-08-05T16:53:05.446-0300] GC(633) ParOldGen: 107113K->107257K(108544K)
[2020-08-05T16:53:05.446-0300] GC(633) Metaspace: 110340K->110340K(1153024K)
[2020-08-05T16:53:05.446-0300] GC(633) Pause Young (Allocation Failure) 380M->105M(370M) 3.041ms
[2020-08-05T16:53:05.446-0300] GC(633) User=0.01s Sys=0.00s Real=0.01s
[2020-08-05T16:53:05.710-0300] GC(634) Pause Young (Allocation Failure)
[2020-08-05T16:53:05.714-0300] GC(634) PSYoungGen: 270448K->480K(321536K)
[2020-08-05T16:53:05.714-0300] GC(634) ParOldGen: 107257K->107353K(108544K)
[2020-08-05T16:53:05.714-0300] GC(634) Metaspace: 110340K->110340K(1153024K)
[2020-08-05T16:53:05.714-0300] GC(634) Pause Young (Allocation Failure) 368M->105M(420M) 4.094ms
[2020-08-05T16:53:05.714-0300] GC(634) User=0.00s Sys=0.00s Real=0.01s
[2020-08-05T16:53:06.004-0300] GC(635) Pause Young (Allocation Failure)
[2020-08-05T16:53:06.007-0300] GC(635) PSYoungGen: 321504K->576K(383488K)
[2020-08-05T16:53:06.007-0300] GC(635) ParOldGen: 107353K->107441K(108544K)
[2020-08-05T16:53:06.007-0300] GC(635) Metaspace: 110340K->110340K(1153024K)
[2020-08-05T16:53:06.007-0300] GC(635) Pause Young (Allocation Failure) 418M->105M(480M) 2.845ms
[2020-08-05T16:53:06.007-0300] GC(635) User=0.00s Sys=0.00s Real=0.00s
[2020-08-05T16:53:06.402-0300] GC(636) Pause Young (Allocation Failure)
[2020-08-05T16:53:06.405-0300] GC(636) PSYoungGen: 382528K->576K(365568K)
[2020-08-05T16:53:06.405-0300] GC(636) ParOldGen: 107441K->107553K(108544K)
[2020-08-05T16:53:06.405-0300] GC(636) Metaspace: 110340K->110340K(1153024K)
[2020-08-05T16:53:06.405-0300] GC(636) Pause Young (Allocation Failure) 478M->105M(463M) 2.762ms
[2020-08-05T16:53:06.405-0300] GC(636) User=0.01s Sys=0.01s Real=0.01s
[2020-08-05T16:53:06.735-0300] GC(637) Pause Young (Allocation Failure)
[2020-08-05T16:53:06.738-0300] GC(637) PSYoungGen: 365120K->960K(349184K)
[2020-08-05T16:53:06.738-0300] GC(637) ParOldGen: 107553K->107673K(108544K)
[2020-08-05T16:53:06.738-0300] GC(637) Metaspace: 110340K->110340K(1153024K)
[2020-08-05T16:53:06.738-0300] GC(637) Pause Young (Allocation Failure) 461M->106M(447M) 2.783ms
[2020-08-05T16:53:06.738-0300] GC(637) User=0.01s Sys=0.00s Real=0.00s
[2020-08-05T16:53:07.101-0300] GC(638) Pause Young (Allocation Failure)
[2020-08-05T16:53:07.105-0300] GC(638) PSYoungGen: 349120K->656K(333312K)
[2020-08-05T16:53:07.105-0300] GC(638) ParOldGen: 107673K->107881K(108544K)
[2020-08-05T16:53:07.105-0300] GC(638) Metaspace: 110340K->110340K(1153024K)
[2020-08-05T16:53:07.105-0300] GC(638) Pause Young (Allocation Failure) 446M->105M(431M) 3.257ms
[2020-08-05T16:53:07.105-0300] GC(638) User=0.01s Sys=0.00s Real=0.01s
[2020-08-05T16:53:07.404-0300] GC(639) Pause Young (Allocation Failure)
[2020-08-05T16:53:07.407-0300] GC(639) PSYoungGen: 332944K->928K(318464K)
[2020-08-05T16:53:07.407-0300] GC(639) ParOldGen: 107881K->107993K(108544K)
[2020-08-05T16:53:07.407-0300] GC(639) Metaspace: 110340K->110340K(1153024K)
[2020-08-05T16:53:07.407-0300] GC(639) Pause Young (Allocation Failure) 430M->106M(417M) 3.393ms
[2020-08-05T16:53:07.407-0300] GC(639) User=0.01s Sys=0.00s Real=0.00s
[2020-08-05T16:53:07.699-0300] GC(640) Pause Young (Allocation Failure)
[2020-08-05T16:53:07.703-0300] GC(640) PSYoungGen: 318368K->896K(378368K)
[2020-08-05T16:53:07.703-0300] GC(640) ParOldGen: 107993K->108137K(108544K)
[2020-08-05T16:53:07.703-0300] GC(640) Metaspace: 110340K->110340K(1153024K)
[2020-08-05T16:53:07.703-0300] GC(640) Pause Young (Allocation Failure) 416M->106M(475M) 3.562ms
[2020-08-05T16:53:07.703-0300] GC(640) User=0.00s Sys=0.00s Real=0.00s
[2020-08-05T16:53:08.039-0300] GC(641) Pause Young (Allocation Failure)
[2020-08-05T16:53:08.042-0300] GC(641) PSYoungGen: 378240K->800K(361472K)
[2020-08-05T16:53:08.042-0300] GC(641) ParOldGen: 108137K->108305K(108544K)
[2020-08-05T16:53:08.042-0300] GC(641) Metaspace: 110340K->110340K(1153024K)
[2020-08-05T16:53:08.042-0300] GC(641) Pause Young (Allocation Failure) 474M->106M(459M) 3.164ms
[2020-08-05T16:53:08.042-0300] GC(641) User=0.01s Sys=0.00s Real=0.00s
[2020-08-05T16:53:08.042-0300] GC(642) Pause Full (Ergonomics)
[2020-08-05T16:53:08.042-0300] GC(642) Marking Phase
[2020-08-05T16:53:08.101-0300] GC(642) Marking Phase 59.477ms
[2020-08-05T16:53:08.102-0300] GC(642) Summary Phase
[2020-08-05T16:53:08.102-0300] GC(642) Summary Phase 0.013ms
[2020-08-05T16:53:08.102-0300] GC(642) Adjust Roots
[2020-08-05T16:53:08.120-0300] GC(642) Adjust Roots 18.723ms
[2020-08-05T16:53:08.120-0300] GC(642) Compaction Phase
[2020-08-05T16:53:08.157-0300] GC(642) Compaction Phase 36.298ms
[2020-08-05T16:53:08.157-0300] GC(642) Post Compact
[2020-08-05T16:53:08.157-0300] GC(642) Post Compact 0.545ms
[2020-08-05T16:53:08.157-0300] GC(642) PSYoungGen: 800K->0K(427520K)
[2020-08-05T16:53:08.157-0300] GC(642) ParOldGen: 108305K->77851K(113664K)
[2020-08-05T16:53:08.157-0300] GC(642) Metaspace: 110340K->110340K(1153024K)
[2020-08-05T16:53:08.157-0300] GC(642) Pause Full (Ergonomics) 106M->76M(528M) 115.468ms
[2020-08-05T16:53:08.158-0300] GC(642) User=0.31s Sys=0.00s Real=0.12s
[2020-08-05T16:53:08.527-0300] GC(643) Pause Young (Allocation Failure)
[2020-08-05T16:53:08.530-0300] GC(643) PSYoungGen: 427008K->1200K(409088K)
[2020-08-05T16:53:08.530-0300] GC(643) ParOldGen: 77851K->77851K(113664K)
[2020-08-05T16:53:08.530-0300] GC(643) Metaspace: 110340K->110340K(1153024K)
[2020-08-05T16:53:08.530-0300] GC(643) Pause Young (Allocation Failure) 493M->77M(510M) 3.243ms
[2020-08-05T16:53:08.530-0300] GC(643) User=0.01s Sys=0.00s Real=0.00s
[2020-08-05T16:53:08.894-0300] GC(644) Pause Young (Allocation Failure)
[2020-08-05T16:53:08.897-0300] GC(644) PSYoungGen: 408752K->632K(390144K)
[2020-08-05T16:53:08.897-0300] GC(644) ParOldGen: 77851K->78443K(113664K)
[2020-08-05T16:53:08.897-0300] GC(644) Metaspace: 110340K->110340K(1153024K)
[2020-08-05T16:53:08.898-0300] GC(644) Pause Young (Allocation Failure) 475M->77M(492M) 3.089ms
[2020-08-05T16:53:08.898-0300] GC(644) User=0.01s Sys=0.00s Real=0.00s
[2020-08-05T16:53:09.317-0300] GC(645) Pause Young (Allocation Failure)
[2020-08-05T16:53:09.319-0300] GC(645) PSYoungGen: 389752K->672K(372736K)
[2020-08-05T16:53:09.320-0300] GC(645) ParOldGen: 78443K->78563K(113664K)
[2020-08-05T16:53:09.320-0300] GC(645) Metaspace: 110340K->110340K(1153024K)
[2020-08-05T16:53:09.320-0300] GC(645) Pause Young (Allocation Failure) 457M->77M(475M) 2.640ms
[2020-08-05T16:53:09.320-0300] GC(645) User=0.00s Sys=0.00s Real=0.00s
[2020-08-05T16:53:09.668-0300] GC(646) Pause Young (Allocation Failure)
[2020-08-05T16:53:09.671-0300] GC(646) PSYoungGen: 372384K->744K(355840K)
[2020-08-05T16:53:09.671-0300] GC(646) ParOldGen: 78563K->78675K(113664K)
[2020-08-05T16:53:09.671-0300] GC(646) Metaspace: 110340K->110340K(1153024K)
[2020-08-05T16:53:09.671-0300] GC(646) Pause Young (Allocation Failure) 440M->77M(458M) 2.540ms
[2020-08-05T16:53:09.671-0300] GC(646) User=0.01s Sys=0.00s Real=0.00s
[2020-08-05T16:53:09.996-0300] GC(647) Pause Young (Allocation Failure)
[2020-08-05T16:53:09.999-0300] GC(647) PSYoungGen: 355560K->992K(339968K)
[2020-08-05T16:53:09.999-0300] GC(647) ParOldGen: 78675K->78835K(113664K)
[2020-08-05T16:53:09.999-0300] GC(647) Metaspace: 110340K->110340K(1153024K)
[2020-08-05T16:53:09.999-0300] GC(647) Pause Young (Allocation Failure) 424M->77M(443M) 3.238ms
[2020-08-05T16:53:09.999-0300] GC(647) User=0.00s Sys=0.00s Real=0.00s
[2020-08-05T16:53:10.297-0300] GC(648) Pause Young (Allocation Failure)
[2020-08-05T16:53:10.300-0300] GC(648) PSYoungGen: 339936K->848K(325120K)
[2020-08-05T16:53:10.300-0300] GC(648) ParOldGen: 78835K->78947K(113664K)
[2020-08-05T16:53:10.300-0300] GC(648) Metaspace: 110340K->110340K(1153024K)
[2020-08-05T16:53:10.300-0300] GC(648) Pause Young (Allocation Failure) 408M->77M(428M) 2.742ms
[2020-08-05T16:53:10.300-0300] GC(648) User=0.00s Sys=0.00s Real=0.00s
[2020-08-05T16:53:10.740-0300] GC(649) Pause Young (Allocation Failure)
[2020-08-05T16:53:10.743-0300] GC(649) PSYoungGen: 324944K->464K(310272K)
[2020-08-05T16:53:10.743-0300] GC(649) ParOldGen: 78947K->79091K(113664K)
[2020-08-05T16:53:10.743-0300] GC(649) Metaspace: 110340K->110340K(1153024K)
[2020-08-05T16:53:10.743-0300] GC(649) Pause Young (Allocation Failure) 394M->77M(414M) 2.536ms
[2020-08-05T16:53:10.743-0300] GC(649) User=0.00s Sys=0.00s Real=0.00s
[2020-08-05T16:53:11.059-0300] GC(650) Pause Young (Allocation Failure)
[2020-08-05T16:53:11.063-0300] GC(650) PSYoungGen: 310224K->944K(296960K)
[2020-08-05T16:53:11.063-0300] GC(650) ParOldGen: 79091K->79203K(113664K)
[2020-08-05T16:53:11.063-0300] GC(650) Metaspace: 110340K->110340K(1153024K)
[2020-08-05T16:53:11.063-0300] GC(650) Pause Young (Allocation Failure) 380M->78M(401M) 3.412ms
[2020-08-05T16:53:11.063-0300] GC(650) User=0.01s Sys=0.00s Real=0.00s
[2020-08-05T16:53:11.318-0300] GC(651) Pause Young (Allocation Failure)
[2020-08-05T16:53:11.322-0300] GC(651) PSYoungGen: 296880K->864K(351744K)
[2020-08-05T16:53:11.322-0300] GC(651) ParOldGen: 79203K->79299K(113664K)
[2020-08-05T16:53:11.322-0300] GC(651) Metaspace: 110340K->110340K(1153024K)
[2020-08-05T16:53:11.322-0300] GC(651) Pause Young (Allocation Failure) 367M->78M(454M) 3.849ms
[2020-08-05T16:53:11.322-0300] GC(651) User=0.01s Sys=0.00s Real=0.00s
[2020-08-05T16:53:11.675-0300] GC(652) Pause Young (Allocation Failure)
[2020-08-05T16:53:11.678-0300] GC(652) PSYoungGen: 351584K->576K(335872K)
[2020-08-05T16:53:11.678-0300] GC(652) ParOldGen: 79299K->79443K(113664K)
[2020-08-05T16:53:11.678-0300] GC(652) Metaspace: 110340K->110340K(1153024K)
[2020-08-05T16:53:11.678-0300] GC(652) Pause Young (Allocation Failure) 420M->78M(439M) 3.162ms
[2020-08-05T16:53:11.678-0300] GC(652) User=0.01s Sys=0.00s Real=0.00s
[2020-08-05T16:53:12.003-0300] GC(653) Pause Young (Allocation Failure)
[2020-08-05T16:53:12.005-0300] GC(653) PSYoungGen: 335424K->624K(321024K)
[2020-08-05T16:53:12.005-0300] GC(653) ParOldGen: 79443K->79563K(113664K)
[2020-08-05T16:53:12.005-0300] GC(653) Metaspace: 110340K->110340K(1153024K)
[2020-08-05T16:53:12.005-0300] GC(653) Pause Young (Allocation Failure) 405M->78M(424M) 2.737ms
[2020-08-05T16:53:12.005-0300] GC(653) User=0.01s Sys=0.00s Real=0.01s
[2020-08-05T16:53:12.330-0300] GC(654) Pause Young (Allocation Failure)
[2020-08-05T16:53:12.333-0300] GC(654) PSYoungGen: 320624K->768K(306688K)
[2020-08-05T16:53:12.333-0300] GC(654) ParOldGen: 79563K->79739K(113664K)
[2020-08-05T16:53:12.333-0300] GC(654) Metaspace: 110340K->110340K(1153024K)
[2020-08-05T16:53:12.333-0300] GC(654) Pause Young (Allocation Failure) 390M->78M(410M) 3.312ms
[2020-08-05T16:53:12.333-0300] GC(654) User=0.00s Sys=0.00s Real=0.00s
[2020-08-05T16:53:12.623-0300] GC(655) Pause Young (Allocation Failure)
[2020-08-05T16:53:12.626-0300] GC(655) PSYoungGen: 306432K->704K(293376K)
[2020-08-05T16:53:12.626-0300] GC(655) ParOldGen: 79739K->79843K(113664K)
[2020-08-05T16:53:12.626-0300] GC(655) Metaspace: 110340K->110340K(1153024K)
[2020-08-05T16:53:12.626-0300] GC(655) Pause Young (Allocation Failure) 377M->78M(397M) 2.851ms
[2020-08-05T16:53:12.626-0300] GC(655) User=0.01s Sys=0.00s Real=0.01s
[2020-08-05T16:53:12.908-0300] GC(656) Pause Young (Allocation Failure)
[2020-08-05T16:53:12.911-0300] GC(656) PSYoungGen: 293056K->832K(280576K)
[2020-08-05T16:53:12.911-0300] GC(656) ParOldGen: 79843K->79939K(113664K)
[2020-08-05T16:53:12.911-0300] GC(656) Metaspace: 110340K->110340K(1153024K)
[2020-08-05T16:53:12.911-0300] GC(656) Pause Young (Allocation Failure) 364M->78M(385M) 2.978ms
[2020-08-05T16:53:12.911-0300] GC(656) User=0.01s Sys=0.00s Real=0.00s
[2020-08-05T16:53:13.183-0300] GC(657) Pause Young (Allocation Failure)
[2020-08-05T16:53:13.186-0300] GC(657) PSYoungGen: 280384K->736K(332800K)
[2020-08-05T16:53:13.186-0300] GC(657) ParOldGen: 79939K->80091K(113664K)
[2020-08-05T16:53:13.186-0300] GC(657) Metaspace: 110340K->110340K(1153024K)
[2020-08-05T16:53:13.186-0300] GC(657) Pause Young (Allocation Failure) 351M->78M(436M) 3.096ms
[2020-08-05T16:53:13.186-0300] GC(657) User=0.00s Sys=0.00s Real=0.01s
[2020-08-05T16:53:13.495-0300] GC(658) Pause Young (Allocation Failure)
[2020-08-05T16:53:13.498-0300] GC(658) PSYoungGen: 332512K->624K(394240K)
[2020-08-05T16:53:13.498-0300] GC(658) ParOldGen: 80091K->80240K(113664K)
[2020-08-05T16:53:13.498-0300] GC(658) Metaspace: 110340K->110340K(1153024K)
[2020-08-05T16:53:13.498-0300] GC(658) Pause Young (Allocation Failure) 402M->78M(496M) 2.956ms
[2020-08-05T16:53:13.498-0300] GC(658) User=0.00s Sys=0.00s Real=0.00s
[2020-08-05T16:53:13.883-0300] GC(659) Pause Young (Allocation Failure)
[2020-08-05T16:53:13.886-0300] GC(659) PSYoungGen: 393840K->624K(376320K)
[2020-08-05T16:53:13.886-0300] GC(659) ParOldGen: 80240K->80344K(113664K)
[2020-08-05T16:53:13.886-0300] GC(659) Metaspace: 110340K->110340K(1153024K)
[2020-08-05T16:53:13.886-0300] GC(659) Pause Young (Allocation Failure) 462M->79M(478M) 2.939ms
[2020-08-05T16:53:13.886-0300] GC(659) User=0.01s Sys=0.00s Real=0.01s
[2020-08-05T16:53:14.275-0300] GC(660) Pause Young (Allocation Failure)
[2020-08-05T16:53:14.279-0300] GC(660) PSYoungGen: 375920K->768K(359424K)
[2020-08-05T16:53:14.279-0300] GC(660) ParOldGen: 80344K->80520K(113664K)
[2020-08-05T16:53:14.279-0300] GC(660) Metaspace: 110340K->110340K(1153024K)
[2020-08-05T16:53:14.279-0300] GC(660) Pause Young (Allocation Failure) 445M->79M(462M) 3.927ms
[2020-08-05T16:53:14.279-0300] GC(660) User=0.00s Sys=0.01s Real=0.00s
[2020-08-05T16:53:14.597-0300] GC(661) Pause Young (Allocation Failure)
[2020-08-05T16:53:14.600-0300] GC(661) PSYoungGen: 359168K->848K(343552K)
[2020-08-05T16:53:14.600-0300] GC(661) ParOldGen: 80520K->80640K(113664K)
[2020-08-05T16:53:14.600-0300] GC(661) Metaspace: 110340K->110340K(1153024K)
[2020-08-05T16:53:14.600-0300] GC(661) Pause Young (Allocation Failure) 429M->79M(446M) 2.956ms
[2020-08-05T16:53:14.600-0300] GC(661) User=0.00s Sys=0.00s Real=0.00s
[2020-08-05T16:53:14.878-0300] GC(662) Pause Young (Allocation Failure)
[2020-08-05T16:53:14.882-0300] GC(662) PSYoungGen: 343376K->720K(407552K)
[2020-08-05T16:53:14.882-0300] GC(662) ParOldGen: 80640K->80840K(113664K)
[2020-08-05T16:53:14.882-0300] GC(662) Metaspace: 110340K->110340K(1153024K)
[2020-08-05T16:53:14.882-0300] GC(662) Pause Young (Allocation Failure) 414M->79M(509M) 4.498ms
[2020-08-05T16:53:14.882-0300] GC(662) User=0.01s Sys=0.00s Real=0.00s
[2020-08-05T16:53:15.476-0300] GC(663) Pause Young (Allocation Failure)
[2020-08-05T16:53:15.479-0300] GC(663) PSYoungGen: 407248K->576K(389120K)
[2020-08-05T16:53:15.479-0300] GC(663) ParOldGen: 80840K->80952K(113664K)
[2020-08-05T16:53:15.479-0300] GC(663) Metaspace: 110340K->110340K(1153024K)
[2020-08-05T16:53:15.479-0300] GC(663) Pause Young (Allocation Failure) 476M->79M(491M) 2.586ms
[2020-08-05T16:53:15.479-0300] GC(663) User=0.01s Sys=0.00s Real=0.00s
[2020-08-05T16:53:15.882-0300] GC(664) Pause Young (Allocation Failure)
[2020-08-05T16:53:15.885-0300] GC(664) PSYoungGen: 388672K->1072K(372224K)
[2020-08-05T16:53:15.885-0300] GC(664) ParOldGen: 80952K->81072K(113664K)
[2020-08-05T16:53:15.885-0300] GC(664) Metaspace: 110340K->110340K(1153024K)
[2020-08-05T16:53:15.885-0300] GC(664) Pause Young (Allocation Failure) 458M->80M(474M) 3.076ms
[2020-08-05T16:53:15.885-0300] GC(664) User=0.01s Sys=0.00s Real=0.01s
[2020-08-05T16:53:16.239-0300] GC(665) Pause Young (Allocation Failure)
[2020-08-05T16:53:16.241-0300] GC(665) PSYoungGen: 371760K->528K(354816K)
[2020-08-05T16:53:16.241-0300] GC(665) ParOldGen: 81072K->81192K(113664K)
[2020-08-05T16:53:16.241-0300] GC(665) Metaspace: 110340K->110340K(1153024K)
[2020-08-05T16:53:16.241-0300] GC(665) Pause Young (Allocation Failure) 442M->79M(457M) 2.694ms
[2020-08-05T16:53:16.241-0300] GC(665) User=0.01s Sys=0.00s Real=0.00s
[2020-08-05T16:53:16.578-0300] GC(666) Pause Young (Allocation Failure)
[2020-08-05T16:53:16.582-0300] GC(666) PSYoungGen: 354320K->864K(338944K)
[2020-08-05T16:53:16.582-0300] GC(666) ParOldGen: 81192K->81312K(113664K)
[2020-08-05T16:53:16.582-0300] GC(666) Metaspace: 110340K->110340K(1153024K)
[2020-08-05T16:53:16.582-0300] GC(666) Pause Young (Allocation Failure) 425M->80M(442M) 3.491ms
[2020-08-05T16:53:16.582-0300] GC(666) User=0.01s Sys=0.00s Real=0.00s
[2020-08-05T16:53:16.881-0300] GC(667) Pause Young (Allocation Failure)
[2020-08-05T16:53:16.886-0300] GC(667) PSYoungGen: 338784K->816K(401408K)
[2020-08-05T16:53:16.886-0300] GC(667) ParOldGen: 81312K->81408K(113664K)
[2020-08-05T16:53:16.886-0300] GC(667) Metaspace: 110340K->110340K(1153024K)
[2020-08-05T16:53:16.886-0300] GC(667) Pause Young (Allocation Failure) 410M->80M(503M) 4.425ms
[2020-08-05T16:53:16.886-0300] GC(667) User=0.00s Sys=0.00s Real=0.01s
[2020-08-05T16:53:17.279-0300] GC(668) Pause Young (Allocation Failure)
[2020-08-05T16:53:17.283-0300] GC(668) PSYoungGen: 401200K->640K(475648K)
[2020-08-05T16:53:17.283-0300] GC(668) ParOldGen: 81408K->81568K(113664K)
[2020-08-05T16:53:17.283-0300] GC(668) Metaspace: 110340K->110340K(1153024K)
[2020-08-05T16:53:17.283-0300] GC(668) Pause Young (Allocation Failure) 471M->80M(575M) 3.428ms
[2020-08-05T16:53:17.283-0300] GC(668) User=0.01s Sys=0.00s Real=0.00s
[2020-08-05T16:53:17.684-0300] GC(669) Pause Young (Allocation Failure)
[2020-08-05T16:53:17.687-0300] GC(669) PSYoungGen: 475264K->752K(453632K)
[2020-08-05T16:53:17.687-0300] GC(669) ParOldGen: 81568K->81680K(113664K)
[2020-08-05T16:53:17.687-0300] GC(669) Metaspace: 110340K->110340K(1153024K)
[2020-08-05T16:53:17.688-0300] GC(669) Pause Young (Allocation Failure) 543M->80M(554M) 3.249ms
[2020-08-05T16:53:17.688-0300] GC(669) User=0.01s Sys=0.00s Real=0.00s
[2020-08-05T16:53:18.168-0300] GC(670) Pause Young (Allocation Failure)
[2020-08-05T16:53:18.171-0300] GC(670) PSYoungGen: 453360K->1072K(433664K)
[2020-08-05T16:53:18.171-0300] GC(670) ParOldGen: 81680K->81872K(113664K)
[2020-08-05T16:53:18.171-0300] GC(670) Metaspace: 110340K->110340K(1153024K)
[2020-08-05T16:53:18.171-0300] GC(670) Pause Young (Allocation Failure) 522M->81M(534M) 2.510ms
[2020-08-05T16:53:18.171-0300] GC(670) User=0.01s Sys=0.00s Real=0.00s
[2020-08-05T16:53:18.547-0300] GC(671) Pause Young (Allocation Failure)
[2020-08-05T16:53:18.552-0300] GC(671) PSYoungGen: 433200K->928K(413184K)
[2020-08-05T16:53:18.552-0300] GC(671) ParOldGen: 81872K->81984K(113664K)
[2020-08-05T16:53:18.552-0300] GC(671) Metaspace: 110340K->110340K(1153024K)
[2020-08-05T16:53:18.552-0300] GC(671) Pause Young (Allocation Failure) 503M->80M(514M) 4.871ms
[2020-08-05T16:53:18.552-0300] GC(671) User=0.00s Sys=0.00s Real=0.00s
[2020-08-05T16:53:18.931-0300] GC(672) Pause Young (Allocation Failure)
[2020-08-05T16:53:18.934-0300] GC(672) PSYoungGen: 413088K->640K(394240K)
[2020-08-05T16:53:18.934-0300] GC(672) ParOldGen: 81984K->82228K(113664K)
[2020-08-05T16:53:18.934-0300] GC(672) Metaspace: 110340K->110340K(1153024K)
[2020-08-05T16:53:18.934-0300] GC(672) Pause Young (Allocation Failure) 483M->80M(496M) 2.792ms
[2020-08-05T16:53:18.934-0300] GC(672) User=0.01s Sys=0.00s Real=0.01s
[2020-08-05T16:53:19.321-0300] GC(673) Pause Young (Allocation Failure)
[2020-08-05T16:53:19.325-0300] GC(673) PSYoungGen: 393856K->672K(466944K)
[2020-08-05T16:53:19.325-0300] GC(673) ParOldGen: 82228K->82412K(113664K)
[2020-08-05T16:53:19.325-0300] GC(673) Metaspace: 110340K->110340K(1153024K)
[2020-08-05T16:53:19.325-0300] GC(673) Pause Young (Allocation Failure) 464M->81M(567M) 4.717ms
[2020-08-05T16:53:19.325-0300] GC(673) User=0.00s Sys=0.00s Real=0.01s
[2020-08-05T16:53:19.730-0300] GC(674) Pause Young (Allocation Failure)
[2020-08-05T16:53:19.732-0300] GC(674) PSYoungGen: 466592K->768K(445440K)
[2020-08-05T16:53:19.732-0300] GC(674) ParOldGen: 82412K->82532K(113664K)
[2020-08-05T16:53:19.732-0300] GC(674) Metaspace: 110340K->110340K(1153024K)
[2020-08-05T16:53:19.732-0300] GC(674) Pause Young (Allocation Failure) 536M->81M(546M) 2.444ms
[2020-08-05T16:53:19.732-0300] GC(674) User=0.01s Sys=0.00s Real=0.00s
[2020-08-05T16:53:20.166-0300] GC(675) Pause Young (Allocation Failure)
[2020-08-05T16:53:20.169-0300] GC(675) PSYoungGen: 445184K->720K(424960K)
[2020-08-05T16:53:20.169-0300] GC(675) ParOldGen: 82532K->82716K(113664K)
[2020-08-05T16:53:20.169-0300] GC(675) Metaspace: 110340K->110340K(1153024K)
[2020-08-05T16:53:20.169-0300] GC(675) Pause Young (Allocation Failure) 515M->81M(526M) 2.512ms
[2020-08-05T16:53:20.169-0300] GC(675) User=0.00s Sys=0.00s Real=0.00s
[2020-08-05T16:53:20.647-0300] GC(676) Pause Young (Allocation Failure)
[2020-08-05T16:53:20.650-0300] GC(676) PSYoungGen: 424656K->432K(404992K)
[2020-08-05T16:53:20.650-0300] GC(676) ParOldGen: 82716K->82836K(113664K)
[2020-08-05T16:53:20.650-0300] GC(676) Metaspace: 110340K->110340K(1153024K)
[2020-08-05T16:53:20.650-0300] GC(676) Pause Young (Allocation Failure) 495M->81M(506M) 2.593ms
[2020-08-05T16:53:20.650-0300] GC(676) User=0.00s Sys=0.01s Real=0.00s
[2020-08-05T16:53:21.059-0300] GC(677) Pause Young (Allocation Failure)
[2020-08-05T16:53:21.061-0300] GC(677) PSYoungGen: 404912K->720K(387584K)
[2020-08-05T16:53:21.061-0300] GC(677) ParOldGen: 82836K->82956K(113664K)
[2020-08-05T16:53:21.061-0300] GC(677) Metaspace: 110340K->110340K(1153024K)
[2020-08-05T16:53:21.061-0300] GC(677) Pause Young (Allocation Failure) 476M->81M(489M) 2.264ms
[2020-08-05T16:53:21.061-0300] GC(677) User=0.01s Sys=0.00s Real=0.00s
[2020-08-05T16:53:21.410-0300] GC(678) Pause Young (Allocation Failure)
[2020-08-05T16:53:21.414-0300] GC(678) PSYoungGen: 386768K->656K(369664K)
[2020-08-05T16:53:21.414-0300] GC(678) ParOldGen: 82956K->83076K(113664K)
[2020-08-05T16:53:21.414-0300] GC(678) Metaspace: 110340K->110340K(1153024K)
[2020-08-05T16:53:21.414-0300] GC(678) Pause Young (Allocation Failure) 458M->81M(472M) 3.973ms
[2020-08-05T16:53:21.414-0300] GC(678) User=0.01s Sys=0.00s Real=0.00s
[2020-08-05T16:53:21.778-0300] GC(679) Pause Young (Allocation Failure)
[2020-08-05T16:53:21.783-0300] GC(679) PSYoungGen: 369296K->1296K(353792K)
[2020-08-05T16:53:21.783-0300] GC(679) ParOldGen: 83076K->83252K(113664K)
[2020-08-05T16:53:21.783-0300] GC(679) Metaspace: 110340K->110340K(1153024K)
[2020-08-05T16:53:21.783-0300] GC(679) Pause Young (Allocation Failure) 441M->82M(456M) 5.154ms
[2020-08-05T16:53:21.783-0300] GC(679) User=0.01s Sys=0.00s Real=0.00s
[2020-08-05T16:53:22.113-0300] GC(680) Pause Young (Allocation Failure)
[2020-08-05T16:53:22.116-0300] GC(680) PSYoungGen: 353552K->560K(337408K)
[2020-08-05T16:53:22.116-0300] GC(680) ParOldGen: 83252K->83452K(113664K)
[2020-08-05T16:53:22.116-0300] GC(680) Metaspace: 110340K->110340K(1153024K)
[2020-08-05T16:53:22.116-0300] GC(680) Pause Young (Allocation Failure) 426M->82M(440M) 2.476ms
[2020-08-05T16:53:22.116-0300] GC(680) User=0.01s Sys=0.00s Real=0.01s
[2020-08-05T16:53:22.436-0300] GC(681) Pause Young (Allocation Failure)
[2020-08-05T16:53:22.441-0300] GC(681) PSYoungGen: 336944K->928K(399872K)
[2020-08-05T16:53:22.441-0300] GC(681) ParOldGen: 83452K->83636K(113664K)
[2020-08-05T16:53:22.441-0300] GC(681) Metaspace: 110340K->110340K(1153024K)
[2020-08-05T16:53:22.441-0300] GC(681) Pause Young (Allocation Failure) 410M->82M(501M) 4.560ms
[2020-08-05T16:53:22.441-0300] GC(681) User=0.01s Sys=0.00s Real=0.00s
[2020-08-05T16:53:22.777-0300] GC(682) Pause Young (Allocation Failure)
[2020-08-05T16:53:22.780-0300] GC(682) PSYoungGen: 399776K->688K(381952K)
[2020-08-05T16:53:22.780-0300] GC(682) ParOldGen: 83636K->83748K(113664K)
[2020-08-05T16:53:22.780-0300] GC(682) Metaspace: 110340K->110340K(1153024K)
[2020-08-05T16:53:22.780-0300] GC(682) Pause Young (Allocation Failure) 472M->82M(484M) 2.484ms
[2020-08-05T16:53:22.780-0300] GC(682) User=0.00s Sys=0.00s Real=0.00s
[2020-08-05T16:53:23.106-0300] GC(683) Pause Young (Allocation Failure)
[2020-08-05T16:53:23.109-0300] GC(683) PSYoungGen: 381616K->672K(364544K)
[2020-08-05T16:53:23.109-0300] GC(683) ParOldGen: 83748K->83884K(113664K)
[2020-08-05T16:53:23.109-0300] GC(683) Metaspace: 110340K->110340K(1153024K)
[2020-08-05T16:53:23.109-0300] GC(683) Pause Young (Allocation Failure) 454M->82M(467M) 3.272ms
[2020-08-05T16:53:23.109-0300] GC(683) User=0.01s Sys=0.00s Real=0.00s
[2020-08-05T16:53:23.457-0300] GC(684) Pause Young (Allocation Failure)
[2020-08-05T16:53:23.459-0300] GC(684) PSYoungGen: 364192K->736K(348160K)
[2020-08-05T16:53:23.459-0300] GC(684) ParOldGen: 83884K->84004K(113664K)
[2020-08-05T16:53:23.459-0300] GC(684) Metaspace: 110340K->110340K(1153024K)
[2020-08-05T16:53:23.459-0300] GC(684) Pause Young (Allocation Failure) 437M->82M(451M) 2.426ms
[2020-08-05T16:53:23.459-0300] GC(684) User=0.01s Sys=0.00s Real=0.00s
[2020-08-05T16:53:23.829-0300] GC(685) Pause Young (Allocation Failure)
[2020-08-05T16:53:23.831-0300] GC(685) PSYoungGen: 347872K->848K(332800K)
[2020-08-05T16:53:23.831-0300] GC(685) ParOldGen: 84004K->84188K(113664K)
[2020-08-05T16:53:23.831-0300] GC(685) Metaspace: 110340K->110340K(1153024K)
[2020-08-05T16:53:23.831-0300] GC(685) Pause Young (Allocation Failure) 421M->83M(436M) 2.564ms
[2020-08-05T16:53:23.831-0300] GC(685) User=0.01s Sys=0.01s Real=0.00s
[2020-08-05T16:53:24.119-0300] GC(686) Pause Young (Allocation Failure)
[2020-08-05T16:53:24.122-0300] GC(686) PSYoungGen: 332624K->976K(317952K)
[2020-08-05T16:53:24.122-0300] GC(686) ParOldGen: 84188K->84357K(113664K)
[2020-08-05T16:53:24.122-0300] GC(686) Metaspace: 110340K->110340K(1153024K)
[2020-08-05T16:53:24.122-0300] GC(686) Pause Young (Allocation Failure) 407M->83M(421M) 2.998ms
[2020-08-05T16:53:24.122-0300] GC(686) User=0.01s Sys=0.00s Real=0.00s
[2020-08-05T16:53:24.500-0300] GC(687) Pause Young (Allocation Failure)
[2020-08-05T16:53:24.503-0300] GC(687) PSYoungGen: 317904K->576K(304128K)
[2020-08-05T16:53:24.503-0300] GC(687) ParOldGen: 84357K->84573K(113664K)
[2020-08-05T16:53:24.503-0300] GC(687) Metaspace: 110343K->110343K(1153024K)
[2020-08-05T16:53:24.503-0300] GC(687) Pause Young (Allocation Failure) 392M->83M(408M) 2.590ms
[2020-08-05T16:53:24.503-0300] GC(687) User=0.01s Sys=0.00s Real=0.00s
[2020-08-05T16:53:25.576-0300] GC(688) Pause Young (Allocation Failure)
[2020-08-05T16:53:25.580-0300] GC(688) PSYoungGen: 303680K->1120K(291328K)
[2020-08-05T16:53:25.580-0300] GC(688) ParOldGen: 84573K->84677K(113664K)
[2020-08-05T16:53:25.580-0300] GC(688) Metaspace: 110343K->110343K(1153024K)
[2020-08-05T16:53:25.580-0300] GC(688) Pause Young (Allocation Failure) 379M->83M(395M) 3.354ms
[2020-08-05T16:53:25.580-0300] GC(688) User=0.00s Sys=0.00s Real=0.00s
[2020-08-05T16:53:25.849-0300] GC(689) Pause Young (Allocation Failure)
[2020-08-05T16:53:25.852-0300] GC(689) PSYoungGen: 290912K->832K(278016K)
[2020-08-05T16:53:25.852-0300] GC(689) ParOldGen: 84677K->84845K(113664K)
[2020-08-05T16:53:25.852-0300] GC(689) Metaspace: 110343K->110343K(1153024K)
[2020-08-05T16:53:25.852-0300] GC(689) Pause Young (Allocation Failure) 366M->83M(382M) 3.475ms
[2020-08-05T16:53:25.852-0300] GC(689) User=0.01s Sys=0.00s Real=0.00s
[2020-08-05T16:53:26.124-0300] GC(690) Pause Young (Allocation Failure)
[2020-08-05T16:53:26.126-0300] GC(690) PSYoungGen: 277824K->384K(265728K)
[2020-08-05T16:53:26.126-0300] GC(690) ParOldGen: 84845K->84957K(113664K)
[2020-08-05T16:53:26.126-0300] GC(690) Metaspace: 110343K->110343K(1153024K)
[2020-08-05T16:53:26.126-0300] GC(690) Pause Young (Allocation Failure) 354M->83M(370M) 2.144ms
[2020-08-05T16:53:26.126-0300] GC(690) User=0.01s Sys=0.00s Real=0.00s
[2020-08-05T16:53:26.392-0300] GC(691) Pause Young (Allocation Failure)
[2020-08-05T16:53:26.395-0300] GC(691) PSYoungGen: 265600K->784K(255488K)
[2020-08-05T16:53:26.395-0300] GC(691) ParOldGen: 84957K->85053K(113664K)
[2020-08-05T16:53:26.395-0300] GC(691) Metaspace: 110343K->110343K(1153024K)
[2020-08-05T16:53:26.395-0300] GC(691) Pause Young (Allocation Failure) 342M->83M(360M) 2.842ms
[2020-08-05T16:53:26.395-0300] GC(691) User=0.00s Sys=0.00s Real=0.01s
[2020-08-05T16:53:26.612-0300] GC(692) Pause Young (Allocation Failure)
[2020-08-05T16:53:26.615-0300] GC(692) PSYoungGen: 254736K->624K(302592K)
[2020-08-05T16:53:26.615-0300] GC(692) ParOldGen: 85053K->85141K(113664K)
[2020-08-05T16:53:26.615-0300] GC(692) Metaspace: 110343K->110343K(1153024K)
[2020-08-05T16:53:26.615-0300] GC(692) Pause Young (Allocation Failure) 331M->83M(406M) 3.270ms
[2020-08-05T16:53:26.615-0300] GC(692) User=0.00s Sys=0.00s Real=0.01s
[2020-08-05T16:53:26.905-0300] GC(693) Pause Young (Allocation Failure)
[2020-08-05T16:53:26.908-0300] GC(693) PSYoungGen: 302192K->880K(358912K)
[2020-08-05T16:53:26.908-0300] GC(693) ParOldGen: 85141K->85277K(113664K)
[2020-08-05T16:53:26.908-0300] GC(693) Metaspace: 110343K->110343K(1153024K)
[2020-08-05T16:53:26.908-0300] GC(693) Pause Young (Allocation Failure) 378M->84M(461M) 3.076ms
[2020-08-05T16:53:26.908-0300] GC(693) User=0.00s Sys=0.00s Real=0.00s
[2020-08-05T16:53:27.246-0300] GC(694) Pause Young (Allocation Failure)
[2020-08-05T16:53:27.249-0300] GC(694) PSYoungGen: 358768K->576K(343040K)
[2020-08-05T16:53:27.249-0300] GC(694) ParOldGen: 85277K->85373K(113664K)
[2020-08-05T16:53:27.249-0300] GC(694) Metaspace: 110343K->110343K(1153024K)
[2020-08-05T16:53:27.249-0300] GC(694) Pause Young (Allocation Failure) 433M->83M(446M) 2.685ms
[2020-08-05T16:53:27.249-0300] GC(694) User=0.00s Sys=0.00s Real=0.00s
[2020-08-05T16:53:27.590-0300] GC(695) Pause Young (Allocation Failure)
[2020-08-05T16:53:27.592-0300] GC(695) PSYoungGen: 342592K->864K(327680K)
[2020-08-05T16:53:27.592-0300] GC(695) ParOldGen: 85373K->85541K(113664K)
[2020-08-05T16:53:27.592-0300] GC(695) Metaspace: 110343K->110343K(1153024K)
[2020-08-05T16:53:27.592-0300] GC(695) Pause Young (Allocation Failure) 417M->84M(431M) 2.693ms
[2020-08-05T16:53:27.592-0300] GC(695) User=0.01s Sys=0.00s Real=0.00s
[2020-08-05T16:53:27.901-0300] GC(696) Pause Young (Allocation Failure)
[2020-08-05T16:53:27.904-0300] GC(696) PSYoungGen: 327520K->592K(313344K)
[2020-08-05T16:53:27.904-0300] GC(696) ParOldGen: 85541K->85637K(113664K)
[2020-08-05T16:53:27.904-0300] GC(696) Metaspace: 110343K->110343K(1153024K)
[2020-08-05T16:53:27.904-0300] GC(696) Pause Young (Allocation Failure) 403M->84M(417M) 2.753ms
[2020-08-05T16:53:27.904-0300] GC(696) User=0.01s Sys=0.00s Real=0.01s
[2020-08-05T16:53:28.229-0300] GC(697) Pause Young (Allocation Failure)
[2020-08-05T16:53:28.232-0300] GC(697) PSYoungGen: 312912K->704K(299520K)
[2020-08-05T16:53:28.232-0300] GC(697) ParOldGen: 85637K->85789K(113664K)
[2020-08-05T16:53:28.232-0300] GC(697) Metaspace: 110343K->110343K(1153024K)
[2020-08-05T16:53:28.232-0300] GC(697) Pause Young (Allocation Failure) 389M->84M(403M) 3.234ms
[2020-08-05T16:53:28.232-0300] GC(697) User=0.00s Sys=0.00s Real=0.00s
[2020-08-05T16:53:28.516-0300] GC(698) Pause Young (Allocation Failure)
[2020-08-05T16:53:28.519-0300] GC(698) PSYoungGen: 299200K->976K(286208K)
[2020-08-05T16:53:28.519-0300] GC(698) ParOldGen: 85789K->85893K(113664K)
[2020-08-05T16:53:28.519-0300] GC(698) Metaspace: 110343K->110343K(1153024K)
[2020-08-05T16:53:28.519-0300] GC(698) Pause Young (Allocation Failure) 375M->84M(390M) 2.775ms
[2020-08-05T16:53:28.519-0300] GC(698) User=0.00s Sys=0.00s Real=0.00s
[2020-08-05T16:53:28.798-0300] GC(699) Pause Young (Allocation Failure)
[2020-08-05T16:53:28.800-0300] GC(699) PSYoungGen: 286160K->864K(273920K)
[2020-08-05T16:53:28.800-0300] GC(699) ParOldGen: 85893K->86093K(113664K)
[2020-08-05T16:53:28.800-0300] GC(699) Metaspace: 110343K->110343K(1153024K)
[2020-08-05T16:53:28.800-0300] GC(699) Pause Young (Allocation Failure) 363M->84M(378M) 2.365ms
[2020-08-05T16:53:28.800-0300] GC(699) User=0.00s Sys=0.00s Real=0.00s
[2020-08-05T16:53:29.066-0300] GC(700) Pause Young (Allocation Failure)
[2020-08-05T16:53:29.068-0300] GC(700) PSYoungGen: 273760K->816K(262144K)
[2020-08-05T16:53:29.069-0300] GC(700) ParOldGen: 86093K->86237K(113664K)
[2020-08-05T16:53:29.069-0300] GC(700) Metaspace: 110343K->110343K(1153024K)
[2020-08-05T16:53:29.069-0300] GC(700) Pause Young (Allocation Failure) 351M->85M(367M) 2.622ms
[2020-08-05T16:53:29.069-0300] GC(700) User=0.01s Sys=0.00s Real=0.00s
[2020-08-05T16:53:29.317-0300] GC(701) Pause Young (Allocation Failure)
[2020-08-05T16:53:29.320-0300] GC(701) PSYoungGen: 261936K->816K(250880K)
[2020-08-05T16:53:29.320-0300] GC(701) ParOldGen: 86237K->86401K(113664K)
[2020-08-05T16:53:29.320-0300] GC(701) Metaspace: 110343K->110343K(1153024K)
[2020-08-05T16:53:29.320-0300] GC(701) Pause Young (Allocation Failure) 340M->85M(356M) 2.406ms
[2020-08-05T16:53:29.320-0300] GC(701) User=0.00s Sys=0.00s Real=0.00s
[2020-08-05T16:53:29.525-0300] GC(702) Pause Young (Allocation Failure)
[2020-08-05T16:53:29.528-0300] GC(702) PSYoungGen: 250672K->496K(296960K)
[2020-08-05T16:53:29.528-0300] GC(702) ParOldGen: 86401K->86545K(113664K)
[2020-08-05T16:53:29.528-0300] GC(702) Metaspace: 110343K->110343K(1153024K)
[2020-08-05T16:53:29.528-0300] GC(702) Pause Young (Allocation Failure) 329M->85M(401M) 3.016ms
[2020-08-05T16:53:29.528-0300] GC(702) User=0.00s Sys=0.00s Real=0.00s
[2020-08-05T16:53:29.834-0300] GC(703) Pause Young (Allocation Failure)
[2020-08-05T16:53:29.837-0300] GC(703) PSYoungGen: 296944K->928K(353280K)
[2020-08-05T16:53:29.837-0300] GC(703) ParOldGen: 86545K->86745K(113664K)
[2020-08-05T16:53:29.837-0300] GC(703) Metaspace: 110343K->110343K(1153024K)
[2020-08-05T16:53:29.837-0300] GC(703) Pause Young (Allocation Failure) 374M->85M(456M) 3.059ms
[2020-08-05T16:53:29.837-0300] GC(703) User=0.01s Sys=0.00s Real=0.00s
[2020-08-05T16:53:30.190-0300] GC(704) Pause Young (Allocation Failure)
[2020-08-05T16:53:30.192-0300] GC(704) PSYoungGen: 352672K->512K(336896K)
[2020-08-05T16:53:30.192-0300] GC(704) ParOldGen: 86745K->86865K(113664K)
[2020-08-05T16:53:30.192-0300] GC(704) Metaspace: 110343K->110343K(1153024K)
[2020-08-05T16:53:30.193-0300] GC(704) Pause Young (Allocation Failure) 429M->85M(440M) 2.439ms
[2020-08-05T16:53:30.193-0300] GC(704) User=0.00s Sys=0.00s Real=0.00s
[2020-08-05T16:53:30.624-0300] GC(705) Pause Young (Allocation Failure)
[2020-08-05T16:53:30.626-0300] GC(705) PSYoungGen: 336384K->416K(321536K)
[2020-08-05T16:53:30.627-0300] GC(705) ParOldGen: 86865K->86969K(113664K)
[2020-08-05T16:53:30.627-0300] GC(705) Metaspace: 110343K->110343K(1153024K)
[2020-08-05T16:53:30.627-0300] GC(705) Pause Young (Allocation Failure) 413M->85M(425M) 2.248ms
[2020-08-05T16:53:30.627-0300] GC(705) User=0.00s Sys=0.00s Real=0.00s
[2020-08-05T16:53:30.953-0300] GC(706) Pause Young (Allocation Failure)
[2020-08-05T16:53:30.955-0300] GC(706) PSYoungGen: 321440K->720K(307712K)
[2020-08-05T16:53:30.955-0300] GC(706) ParOldGen: 86969K->87065K(113664K)
[2020-08-05T16:53:30.955-0300] GC(706) Metaspace: 110343K->110343K(1153024K)
[2020-08-05T16:53:30.955-0300] GC(706) Pause Young (Allocation Failure) 398M->85M(411M) 2.453ms
[2020-08-05T16:53:30.955-0300] GC(706) User=0.01s Sys=0.00s Real=0.01s
[2020-08-05T16:53:31.216-0300] GC(707) Pause Young (Allocation Failure)
[2020-08-05T16:53:31.219-0300] GC(707) PSYoungGen: 307408K->768K(294400K)
[2020-08-05T16:53:31.219-0300] GC(707) ParOldGen: 87065K->87169K(113664K)
[2020-08-05T16:53:31.219-0300] GC(707) Metaspace: 110343K->110343K(1153024K)
[2020-08-05T16:53:31.219-0300] GC(707) Pause Young (Allocation Failure) 385M->85M(398M) 2.859ms
[2020-08-05T16:53:31.219-0300] GC(707) User=0.01s Sys=0.00s Real=0.00s
[2020-08-05T16:53:31.477-0300] GC(708) Pause Young (Allocation Failure)
[2020-08-05T16:53:31.480-0300] GC(708) PSYoungGen: 294143K->640K(281600K)
[2020-08-05T16:53:31.480-0300] GC(708) ParOldGen: 87169K->87265K(113664K)
[2020-08-05T16:53:31.480-0300] GC(708) Metaspace: 110343K->110343K(1153024K)
[2020-08-05T16:53:31.480-0300] GC(708) Pause Young (Allocation Failure) 372M->85M(386M) 2.277ms
[2020-08-05T16:53:31.480-0300] GC(708) User=0.00s Sys=0.00s Real=0.00s
[2020-08-05T16:53:31.717-0300] GC(709) Pause Young (Allocation Failure)
[2020-08-05T16:53:31.720-0300] GC(709) PSYoungGen: 281216K->704K(333824K)
[2020-08-05T16:53:31.720-0300] GC(709) ParOldGen: 87265K->87401K(113664K)
[2020-08-05T16:53:31.720-0300] GC(709) Metaspace: 110343K->110343K(1153024K)
[2020-08-05T16:53:31.720-0300] GC(709) Pause Young (Allocation Failure) 359M->86M(437M) 3.250ms
[2020-08-05T16:53:31.720-0300] GC(709) User=0.00s Sys=0.00s Real=0.00s
[2020-08-05T16:53:32.040-0300] GC(710) Pause Young (Allocation Failure)
[2020-08-05T16:53:32.043-0300] GC(710) PSYoungGen: 333504K->736K(318976K)
[2020-08-05T16:53:32.043-0300] GC(710) ParOldGen: 87401K->87505K(113664K)
[2020-08-05T16:53:32.043-0300] GC(710) Metaspace: 110343K->110343K(1153024K)
[2020-08-05T16:53:32.043-0300] GC(710) Pause Young (Allocation Failure) 411M->86M(422M) 3.162ms
[2020-08-05T16:53:32.043-0300] GC(710) User=0.01s Sys=0.00s Real=0.00s
[2020-08-05T16:53:32.329-0300] GC(711) Pause Young (Allocation Failure)
[2020-08-05T16:53:32.331-0300] GC(711) PSYoungGen: 318688K->928K(305152K)
[2020-08-05T16:53:32.331-0300] GC(711) ParOldGen: 87505K->87601K(113664K)
[2020-08-05T16:53:32.331-0300] GC(711) Metaspace: 110343K->110343K(1153024K)
[2020-08-05T16:53:32.331-0300] GC(711) Pause Young (Allocation Failure) 396M->86M(409M) 2.769ms
[2020-08-05T16:53:32.331-0300] GC(711) User=0.01s Sys=0.00s Real=0.00s
[2020-08-05T16:53:32.634-0300] GC(712) Pause Young (Allocation Failure)
[2020-08-05T16:53:32.639-0300] GC(712) PSYoungGen: 305056K->544K(361984K)
[2020-08-05T16:53:32.639-0300] GC(712) ParOldGen: 87601K->87873K(113664K)
[2020-08-05T16:53:32.639-0300] GC(712) Metaspace: 110343K->110343K(1153024K)
[2020-08-05T16:53:32.639-0300] GC(712) Pause Young (Allocation Failure) 383M->86M(464M) 4.244ms
[2020-08-05T16:53:32.639-0300] GC(712) User=0.01s Sys=0.00s Real=0.00s
[2020-08-05T16:53:32.954-0300] GC(713) Pause Young (Allocation Failure)
[2020-08-05T16:53:32.957-0300] GC(713) PSYoungGen: 361504K->608K(429056K)
[2020-08-05T16:53:32.957-0300] GC(713) ParOldGen: 87873K->87961K(113664K)
[2020-08-05T16:53:32.957-0300] GC(713) Metaspace: 110343K->110343K(1153024K)
[2020-08-05T16:53:32.957-0300] GC(713) Pause Young (Allocation Failure) 438M->86M(530M) 3.310ms
[2020-08-05T16:53:32.957-0300] GC(713) User=0.00s Sys=0.00s Real=0.01s
[2020-08-05T16:53:33.440-0300] GC(714) Pause Young (Allocation Failure)
[2020-08-05T16:53:33.446-0300] GC(714) PSYoungGen: 428640K->656K(508928K)
[2020-08-05T16:53:33.446-0300] GC(714) ParOldGen: 87961K->88121K(113664K)
[2020-08-05T16:53:33.446-0300] GC(714) Metaspace: 110343K->110343K(1153024K)
[2020-08-05T16:53:33.446-0300] GC(714) Pause Young (Allocation Failure) 504M->86M(608M) 5.189ms
[2020-08-05T16:53:33.446-0300] GC(714) User=0.00s Sys=0.00s Real=0.01s
[2020-08-05T16:53:33.908-0300] GC(715) Pause Young (Allocation Failure)
[2020-08-05T16:53:33.911-0300] GC(715) PSYoungGen: 508560K->944K(485376K)
[2020-08-05T16:53:33.911-0300] GC(715) ParOldGen: 88121K->88257K(113664K)
[2020-08-05T16:53:33.911-0300] GC(715) Metaspace: 110343K->110343K(1153024K)
[2020-08-05T16:53:33.911-0300] GC(715) Pause Young (Allocation Failure) 582M->87M(585M) 3.179ms
[2020-08-05T16:53:33.911-0300] GC(715) User=0.01s Sys=0.00s Real=0.00s
[2020-08-05T16:53:34.336-0300] GC(716) Pause Young (Allocation Failure)
[2020-08-05T16:53:34.339-0300] GC(716) PSYoungGen: 485296K->1088K(463360K)
[2020-08-05T16:53:34.339-0300] GC(716) ParOldGen: 88257K->88385K(113664K)
[2020-08-05T16:53:34.339-0300] GC(716) Metaspace: 110343K->110343K(1153024K)
[2020-08-05T16:53:34.339-0300] GC(716) Pause Young (Allocation Failure) 560M->87M(563M) 3.195ms
[2020-08-05T16:53:34.339-0300] GC(716) User=0.00s Sys=0.00s Real=0.00s
[2020-08-05T16:53:34.755-0300] GC(717) Pause Young (Allocation Failure)
[2020-08-05T16:53:34.758-0300] GC(717) PSYoungGen: 462912K->1168K(442368K)
[2020-08-05T16:53:34.758-0300] GC(717) ParOldGen: 88385K->88638K(113664K)
[2020-08-05T16:53:34.758-0300] GC(717) Metaspace: 110343K->110343K(1153024K)
[2020-08-05T16:53:34.758-0300] GC(717) Pause Young (Allocation Failure) 538M->87M(543M) 3.164ms
[2020-08-05T16:53:34.758-0300] GC(717) User=0.00s Sys=0.00s Real=0.00s
[2020-08-05T16:53:35.185-0300] GC(718) Pause Young (Allocation Failure)
[2020-08-05T16:53:35.189-0300] GC(718) PSYoungGen: 442000K->496K(421376K)
[2020-08-05T16:53:35.189-0300] GC(718) ParOldGen: 88638K->88926K(113664K)
[2020-08-05T16:53:35.189-0300] GC(718) Metaspace: 110343K->110343K(1153024K)
[2020-08-05T16:53:35.189-0300] GC(718) Pause Young (Allocation Failure) 518M->87M(522M) 4.171ms
[2020-08-05T16:53:35.189-0300] GC(718) User=0.01s Sys=0.00s Real=0.00s
[2020-08-05T16:53:35.714-0300] GC(719) Pause Young (Allocation Failure)
[2020-08-05T16:53:35.718-0300] GC(719) PSYoungGen: 421360K->704K(403456K)
[2020-08-05T16:53:35.718-0300] GC(719) ParOldGen: 88926K->89158K(113664K)
[2020-08-05T16:53:35.718-0300] GC(719) Metaspace: 110344K->110344K(1153024K)
[2020-08-05T16:53:35.719-0300] GC(719) Pause Young (Allocation Failure) 498M->87M(505M) 4.197ms
[2020-08-05T16:53:35.719-0300] GC(719) User=0.00s Sys=0.00s Real=0.00s
[2020-08-05T16:53:36.149-0300] GC(720) Pause Young (Allocation Failure)
[2020-08-05T16:53:36.153-0300] GC(720) PSYoungGen: 402624K->640K(384512K)
[2020-08-05T16:53:36.153-0300] GC(720) ParOldGen: 89158K->89334K(113664K)
[2020-08-05T16:53:36.153-0300] GC(720) Metaspace: 110344K->110344K(1153024K)
[2020-08-05T16:53:36.153-0300] GC(720) Pause Young (Allocation Failure) 480M->87M(486M) 4.195ms
[2020-08-05T16:53:36.153-0300] GC(720) User=0.01s Sys=0.00s Real=0.00s
[2020-08-05T16:53:36.532-0300] GC(721) Pause Young (Allocation Failure)
[2020-08-05T16:53:36.535-0300] GC(721) PSYoungGen: 384128K->896K(367104K)
[2020-08-05T16:53:36.535-0300] GC(721) ParOldGen: 89334K->89446K(113664K)
[2020-08-05T16:53:36.535-0300] GC(721) Metaspace: 110344K->110344K(1153024K)
[2020-08-05T16:53:36.535-0300] GC(721) Pause Young (Allocation Failure) 462M->88M(469M) 3.021ms
[2020-08-05T16:53:36.535-0300] GC(721) User=0.01s Sys=0.00s Real=0.01s
[2020-08-05T16:53:36.900-0300] GC(722) Pause Young (Allocation Failure)
[2020-08-05T16:53:36.906-0300] GC(722) PSYoungGen: 366976K->832K(435200K)
[2020-08-05T16:53:36.906-0300] GC(722) ParOldGen: 89446K->89614K(113664K)
[2020-08-05T16:53:36.906-0300] GC(722) Metaspace: 110344K->110344K(1153024K)
[2020-08-05T16:53:36.906-0300] GC(722) Pause Young (Allocation Failure) 445M->88M(536M) 5.772ms
[2020-08-05T16:53:36.906-0300] GC(722) User=0.01s Sys=0.00s Real=0.01s
[2020-08-05T16:53:37.273-0300] GC(723) Pause Young (Allocation Failure)
[2020-08-05T16:53:37.277-0300] GC(723) PSYoungGen: 435008K->896K(516096K)
[2020-08-05T16:53:37.277-0300] GC(723) ParOldGen: 89614K->89726K(113664K)
[2020-08-05T16:53:37.277-0300] GC(723) Metaspace: 110344K->110344K(1153024K)
[2020-08-05T16:53:37.277-0300] GC(723) Pause Young (Allocation Failure) 512M->88M(615M) 3.868ms
[2020-08-05T16:53:37.277-0300] GC(723) User=0.01s Sys=0.00s Real=0.01s
[2020-08-05T16:53:37.768-0300] GC(724) Pause Young (Allocation Failure)
[2020-08-05T16:53:37.771-0300] GC(724) PSYoungGen: 515968K->688K(492032K)
[2020-08-05T16:53:37.771-0300] GC(724) ParOldGen: 89726K->89846K(113664K)
[2020-08-05T16:53:37.771-0300] GC(724) Metaspace: 110344K->110344K(1153024K)
[2020-08-05T16:53:37.771-0300] GC(724) Pause Young (Allocation Failure) 591M->88M(591M) 2.806ms
[2020-08-05T16:53:37.771-0300] GC(724) User=0.00s Sys=0.00s Real=0.00s
[2020-08-05T16:53:38.208-0300] GC(725) Pause Young (Allocation Failure)
[2020-08-05T16:53:38.212-0300] GC(725) PSYoungGen: 491696K->1152K(470016K)
[2020-08-05T16:53:38.212-0300] GC(725) ParOldGen: 89846K->89998K(113664K)
[2020-08-05T16:53:38.212-0300] GC(725) Metaspace: 110344K->110344K(1153024K)
[2020-08-05T16:53:38.212-0300] GC(725) Pause Young (Allocation Failure) 567M->89M(570M) 3.646ms
[2020-08-05T16:53:38.212-0300] GC(725) User=0.01s Sys=0.00s Real=0.00s
[2020-08-05T16:53:38.636-0300] GC(726) Pause Young (Allocation Failure)
[2020-08-05T16:53:38.638-0300] GC(726) PSYoungGen: 469632K->752K(448000K)
[2020-08-05T16:53:38.638-0300] GC(726) ParOldGen: 89998K->90230K(113664K)
[2020-08-05T16:53:38.638-0300] GC(726) Metaspace: 110344K->110344K(1153024K)
[2020-08-05T16:53:38.638-0300] GC(726) Pause Young (Allocation Failure) 546M->88M(548M) 2.496ms
[2020-08-05T16:53:38.638-0300] GC(726) User=0.00s Sys=0.00s Real=0.00s
[2020-08-05T16:53:39.067-0300] GC(727) Pause Young (Allocation Failure)
[2020-08-05T16:53:39.072-0300] GC(727) PSYoungGen: 447728K->976K(427520K)
[2020-08-05T16:53:39.072-0300] GC(727) ParOldGen: 90230K->90366K(113664K)
[2020-08-05T16:53:39.072-0300] GC(727) Metaspace: 110344K->110344K(1153024K)
[2020-08-05T16:53:39.072-0300] GC(727) Pause Young (Allocation Failure) 525M->89M(528M) 4.445ms
[2020-08-05T16:53:39.072-0300] GC(727) User=0.01s Sys=0.00s Real=0.00s
[2020-08-05T16:53:39.506-0300] GC(728) Pause Young (Allocation Failure)
[2020-08-05T16:53:39.508-0300] GC(728) PSYoungGen: 427472K->672K(408064K)
[2020-08-05T16:53:39.508-0300] GC(728) ParOldGen: 90366K->90582K(113664K)
[2020-08-05T16:53:39.508-0300] GC(728) Metaspace: 110344K->110344K(1153024K)
[2020-08-05T16:53:39.508-0300] GC(728) Pause Young (Allocation Failure) 505M->89M(509M) 2.531ms
[2020-08-05T16:53:39.508-0300] GC(728) User=0.01s Sys=0.00s Real=0.00s
[2020-08-05T16:53:39.915-0300] GC(729) Pause Young (Allocation Failure)
[2020-08-05T16:53:39.918-0300] GC(729) PSYoungGen: 407712K->816K(389632K)
[2020-08-05T16:53:39.918-0300] GC(729) ParOldGen: 90582K->90726K(113664K)
[2020-08-05T16:53:39.918-0300] GC(729) Metaspace: 110344K->110344K(1153024K)
[2020-08-05T16:53:39.918-0300] GC(729) Pause Young (Allocation Failure) 486M->89M(491M) 2.958ms
[2020-08-05T16:53:39.918-0300] GC(729) User=0.00s Sys=0.00s Real=0.00s
[2020-08-05T16:53:40.265-0300] GC(730) Pause Young (Allocation Failure)
[2020-08-05T16:53:40.268-0300] GC(730) PSYoungGen: 389424K->944K(372224K)
[2020-08-05T16:53:40.268-0300] GC(730) ParOldGen: 90726K->90930K(113664K)
[2020-08-05T16:53:40.268-0300] GC(730) Metaspace: 110344K->110344K(1153024K)
[2020-08-05T16:53:40.268-0300] GC(730) Pause Young (Allocation Failure) 468M->89M(474M) 3.029ms
[2020-08-05T16:53:40.268-0300] GC(730) User=0.00s Sys=0.00s Real=0.00s
[2020-08-05T16:53:40.729-0300] GC(731) Pause Young (Allocation Failure)
[2020-08-05T16:53:40.732-0300] GC(731) PSYoungGen: 372144K->752K(355328K)
[2020-08-05T16:53:40.732-0300] GC(731) ParOldGen: 90930K->91106K(113664K)
[2020-08-05T16:53:40.732-0300] GC(731) Metaspace: 110344K->110344K(1153024K)
[2020-08-05T16:53:40.732-0300] GC(731) Pause Young (Allocation Failure) 452M->89M(458M) 2.532ms
[2020-08-05T16:53:40.732-0300] GC(731) User=0.01s Sys=0.00s Real=0.00s
[2020-08-05T16:53:41.066-0300] GC(732) Pause Young (Allocation Failure)
[2020-08-05T16:53:41.069-0300] GC(732) PSYoungGen: 355056K->784K(339456K)
[2020-08-05T16:53:41.069-0300] GC(732) ParOldGen: 91106K->91242K(113664K)
[2020-08-05T16:53:41.069-0300] GC(732) Metaspace: 110344K->110344K(1153024K)
[2020-08-05T16:53:41.069-0300] GC(732) Pause Young (Allocation Failure) 435M->89M(442M) 3.011ms
[2020-08-05T16:53:41.069-0300] GC(732) User=0.00s Sys=0.00s Real=0.00s
[2020-08-05T16:53:41.406-0300] GC(733) Pause Young (Allocation Failure)
[2020-08-05T16:53:41.410-0300] GC(733) PSYoungGen: 339216K->752K(324608K)
[2020-08-05T16:53:41.410-0300] GC(733) ParOldGen: 91242K->91338K(113664K)
[2020-08-05T16:53:41.410-0300] GC(733) Metaspace: 110344K->110344K(1153024K)
[2020-08-05T16:53:41.410-0300] GC(733) Pause Young (Allocation Failure) 420M->89M(428M) 3.322ms
[2020-08-05T16:53:41.410-0300] GC(733) User=0.01s Sys=0.00s Real=0.00s
[2020-08-05T16:53:41.733-0300] GC(734) Pause Young (Allocation Failure)
[2020-08-05T16:53:41.736-0300] GC(734) PSYoungGen: 324336K->688K(310272K)
[2020-08-05T16:53:41.736-0300] GC(734) ParOldGen: 91338K->91474K(113664K)
[2020-08-05T16:53:41.736-0300] GC(734) Metaspace: 110344K->110344K(1153024K)
[2020-08-05T16:53:41.736-0300] GC(734) Pause Young (Allocation Failure) 405M->90M(414M) 3.069ms
[2020-08-05T16:53:41.736-0300] GC(734) User=0.01s Sys=0.00s Real=0.01s
[2020-08-05T16:53:42.021-0300] GC(735) Pause Young (Allocation Failure)
[2020-08-05T16:53:42.024-0300] GC(735) PSYoungGen: 309936K->640K(296448K)
[2020-08-05T16:53:42.024-0300] GC(735) ParOldGen: 91474K->91578K(113664K)
[2020-08-05T16:53:42.024-0300] GC(735) Metaspace: 110344K->110344K(1153024K)
[2020-08-05T16:53:42.024-0300] GC(735) Pause Young (Allocation Failure) 392M->90M(400M) 2.783ms
[2020-08-05T16:53:42.024-0300] GC(735) User=0.01s Sys=0.00s Real=0.01s
[2020-08-05T16:53:42.332-0300] GC(736) Pause Young (Allocation Failure)
[2020-08-05T16:53:42.335-0300] GC(736) PSYoungGen: 296064K->832K(283648K)
[2020-08-05T16:53:42.335-0300] GC(736) ParOldGen: 91578K->91674K(113664K)
[2020-08-05T16:53:42.335-0300] GC(736) Metaspace: 110344K->110344K(1153024K)
[2020-08-05T16:53:42.335-0300] GC(736) Pause Young (Allocation Failure) 378M->90M(388M) 2.884ms
[2020-08-05T16:53:42.335-0300] GC(736) User=0.01s Sys=0.00s Real=0.01s
[2020-08-05T16:53:42.596-0300] GC(737) Pause Young (Allocation Failure)
[2020-08-05T16:53:42.601-0300] GC(737) PSYoungGen: 283456K->912K(336896K)
[2020-08-05T16:53:42.601-0300] GC(737) ParOldGen: 91674K->91762K(113664K)
[2020-08-05T16:53:42.601-0300] GC(737) Metaspace: 110344K->110344K(1153024K)
[2020-08-05T16:53:42.601-0300] GC(737) Pause Young (Allocation Failure) 366M->90M(440M) 4.782ms
[2020-08-05T16:53:42.601-0300] GC(737) User=0.01s Sys=0.00s Real=0.00s
[2020-08-05T16:53:42.921-0300] GC(738) Pause Young (Allocation Failure)
[2020-08-05T16:53:42.924-0300] GC(738) PSYoungGen: 336784K->640K(399872K)
[2020-08-05T16:53:42.924-0300] GC(738) ParOldGen: 91762K->91954K(113664K)
[2020-08-05T16:53:42.924-0300] GC(738) Metaspace: 110344K->110344K(1153024K)
[2020-08-05T16:53:42.924-0300] GC(738) Pause Young (Allocation Failure) 418M->90M(501M) 3.092ms
[2020-08-05T16:53:42.924-0300] GC(738) User=0.01s Sys=0.00s Real=0.00s
[2020-08-05T16:53:43.295-0300] GC(739) Pause Young (Allocation Failure)
[2020-08-05T16:53:43.300-0300] GC(739) PSYoungGen: 399488K->896K(474112K)
[2020-08-05T16:53:43.300-0300] GC(739) ParOldGen: 91954K->92066K(113664K)
[2020-08-05T16:53:43.300-0300] GC(739) Metaspace: 110344K->110344K(1153024K)
[2020-08-05T16:53:43.300-0300] GC(739) Pause Young (Allocation Failure) 479M->90M(574M) 4.424ms
[2020-08-05T16:53:43.300-0300] GC(739) User=0.01s Sys=0.00s Real=0.00s
[2020-08-05T16:53:43.748-0300] GC(740) Pause Young (Allocation Failure)
[2020-08-05T16:53:43.750-0300] GC(740) PSYoungGen: 473984K->928K(452608K)
[2020-08-05T16:53:43.750-0300] GC(740) ParOldGen: 92066K->92242K(113664K)
[2020-08-05T16:53:43.750-0300] GC(740) Metaspace: 110344K->110344K(1153024K)
[2020-08-05T16:53:43.750-0300] GC(740) Pause Young (Allocation Failure) 552M->90M(553M) 2.774ms
[2020-08-05T16:53:43.750-0300] GC(740) User=0.01s Sys=0.00s Real=0.00s
[2020-08-05T16:53:44.131-0300] GC(741) Pause Young (Allocation Failure)
[2020-08-05T16:53:44.134-0300] GC(741) PSYoungGen: 452512K->512K(432128K)
[2020-08-05T16:53:44.134-0300] GC(741) ParOldGen: 92242K->92370K(113664K)
[2020-08-05T16:53:44.134-0300] GC(741) Metaspace: 110344K->110344K(1153024K)
[2020-08-05T16:53:44.134-0300] GC(741) Pause Young (Allocation Failure) 531M->90M(533M) 3.242ms
[2020-08-05T16:53:44.134-0300] GC(741) User=0.01s Sys=0.00s Real=0.01s
[2020-08-05T16:53:44.570-0300] GC(742) Pause Young (Allocation Failure)
[2020-08-05T16:53:44.573-0300] GC(742) PSYoungGen: 431616K->400K(412160K)
[2020-08-05T16:53:44.573-0300] GC(742) ParOldGen: 92370K->92514K(113664K)
[2020-08-05T16:53:44.573-0300] GC(742) Metaspace: 110344K->110344K(1153024K)
[2020-08-05T16:53:44.573-0300] GC(742) Pause Young (Allocation Failure) 511M->90M(513M) 2.482ms
[2020-08-05T16:53:44.573-0300] GC(742) User=0.01s Sys=0.00s Real=0.00s
[2020-08-05T16:53:44.991-0300] GC(743) Pause Young (Allocation Failure)
[2020-08-05T16:53:44.996-0300] GC(743) PSYoungGen: 412048K->656K(394240K)
[2020-08-05T16:53:44.996-0300] GC(743) ParOldGen: 92514K->92634K(113664K)
[2020-08-05T16:53:44.996-0300] GC(743) Metaspace: 110344K->110344K(1153024K)
[2020-08-05T16:53:44.996-0300] GC(743) Pause Young (Allocation Failure) 492M->91M(496M) 4.971ms
[2020-08-05T16:53:44.996-0300] GC(743) User=0.01s Sys=0.00s Real=0.01s
[2020-08-05T16:53:45.440-0300] GC(744) Pause Young (Allocation Failure)
[2020-08-05T16:53:45.443-0300] GC(744) PSYoungGen: 393360K->496K(375296K)
[2020-08-05T16:53:45.443-0300] GC(744) ParOldGen: 92634K->92875K(113664K)
[2020-08-05T16:53:45.443-0300] GC(744) Metaspace: 110344K->110344K(1153024K)
[2020-08-05T16:53:45.443-0300] GC(744) Pause Young (Allocation Failure) 474M->91M(477M) 3.327ms
[2020-08-05T16:53:45.443-0300] GC(744) User=0.00s Sys=0.00s Real=0.00s
[2020-08-05T16:53:45.827-0300] GC(745) Pause Young (Allocation Failure)
[2020-08-05T16:53:45.830-0300] GC(745) PSYoungGen: 375280K->496K(359424K)
[2020-08-05T16:53:45.830-0300] GC(745) ParOldGen: 92875K->92987K(113664K)
[2020-08-05T16:53:45.830-0300] GC(745) Metaspace: 110344K->110344K(1153024K)
[2020-08-05T16:53:45.830-0300] GC(745) Pause Young (Allocation Failure) 457M->91M(462M) 3.053ms
[2020-08-05T16:53:45.830-0300] GC(745) User=0.01s Sys=0.00s Real=0.00s
[2020-08-05T16:53:46.214-0300] GC(746) Pause Young (Allocation Failure)
[2020-08-05T16:53:46.219-0300] GC(746) PSYoungGen: 358384K->848K(343040K)
[2020-08-05T16:53:46.219-0300] GC(746) ParOldGen: 92987K->93091K(113664K)
[2020-08-05T16:53:46.219-0300] GC(746) Metaspace: 110344K->110344K(1153024K)
[2020-08-05T16:53:46.219-0300] GC(746) Pause Young (Allocation Failure) 440M->91M(446M) 4.565ms
[2020-08-05T16:53:46.219-0300] GC(746) User=0.01s Sys=0.00s Real=0.00s
[2020-08-05T16:53:46.549-0300] GC(747) Pause Young (Allocation Failure)
[2020-08-05T16:53:46.552-0300] GC(747) PSYoungGen: 342864K->512K(327680K)
[2020-08-05T16:53:46.552-0300] GC(747) ParOldGen: 93091K->93187K(113664K)
[2020-08-05T16:53:46.552-0300] GC(747) Metaspace: 110344K->110344K(1153024K)
[2020-08-05T16:53:46.552-0300] GC(747) Pause Young (Allocation Failure) 425M->91M(431M) 2.856ms
[2020-08-05T16:53:46.552-0300] GC(747) User=0.01s Sys=0.00s Real=0.00s
[2020-08-05T16:53:46.866-0300] GC(748) Pause Young (Allocation Failure)
[2020-08-05T16:53:46.869-0300] GC(748) PSYoungGen: 327168K->592K(313344K)
[2020-08-05T16:53:46.869-0300] GC(748) ParOldGen: 93187K->93339K(113664K)
[2020-08-05T16:53:46.869-0300] GC(748) Metaspace: 110344K->110344K(1153024K)
[2020-08-05T16:53:46.869-0300] GC(748) Pause Young (Allocation Failure) 410M->91M(417M) 2.668ms
[2020-08-05T16:53:46.869-0300] GC(748) User=0.00s Sys=0.00s Real=0.00s
[2020-08-05T16:53:47.150-0300] GC(749) Pause Young (Allocation Failure)
[2020-08-05T16:53:47.153-0300] GC(749) PSYoungGen: 312912K->640K(299520K)
[2020-08-05T16:53:47.153-0300] GC(749) ParOldGen: 93339K->93443K(113664K)
[2020-08-05T16:53:47.153-0300] GC(749) Metaspace: 110348K->110348K(1153024K)
[2020-08-05T16:53:47.153-0300] GC(749) Pause Young (Allocation Failure) 396M->91M(403M) 3.353ms
[2020-08-05T16:53:47.153-0300] GC(749) User=0.00s Sys=0.00s Real=0.00s
[2020-08-05T16:53:47.407-0300] GC(750) Pause Young (Allocation Failure)
[2020-08-05T16:53:47.410-0300] GC(750) PSYoungGen: 299136K->1072K(355328K)
[2020-08-05T16:53:47.410-0300] GC(750) ParOldGen: 93443K->93547K(113664K)
[2020-08-05T16:53:47.410-0300] GC(750) Metaspace: 110348K->110348K(1153024K)
[2020-08-05T16:53:47.410-0300] GC(750) Pause Young (Allocation Failure) 383M->92M(458M) 2.809ms
[2020-08-05T16:53:47.410-0300] GC(750) User=0.01s Sys=0.00s Real=0.00s
[2020-08-05T16:53:47.734-0300] GC(751) Pause Young (Allocation Failure)
[2020-08-05T16:53:47.737-0300] GC(751) PSYoungGen: 354864K->528K(338944K)
[2020-08-05T16:53:47.737-0300] GC(751) ParOldGen: 93547K->93803K(113664K)
[2020-08-05T16:53:47.737-0300] GC(751) Metaspace: 110348K->110348K(1153024K)
[2020-08-05T16:53:47.737-0300] GC(751) Pause Young (Allocation Failure) 437M->92M(442M) 2.443ms
[2020-08-05T16:53:47.737-0300] GC(751) User=0.01s Sys=0.00s Real=0.00s
[2020-08-05T16:53:48.082-0300] GC(752) Pause Young (Allocation Failure)
[2020-08-05T16:53:48.084-0300] GC(752) PSYoungGen: 338448K->1008K(324096K)
[2020-08-05T16:53:48.084-0300] GC(752) ParOldGen: 93803K->93939K(113664K)
[2020-08-05T16:53:48.084-0300] GC(752) Metaspace: 110348K->110348K(1153024K)
[2020-08-05T16:53:48.084-0300] GC(752) Pause Young (Allocation Failure) 422M->92M(427M) 2.541ms
[2020-08-05T16:53:48.084-0300] GC(752) User=0.01s Sys=0.00s Real=0.01s
[2020-08-05T16:53:48.396-0300] GC(753) Pause Young (Allocation Failure)
[2020-08-05T16:53:48.399-0300] GC(753) PSYoungGen: 324080K->624K(309760K)
[2020-08-05T16:53:48.399-0300] GC(753) ParOldGen: 93939K->94091K(113664K)
[2020-08-05T16:53:48.399-0300] GC(753) Metaspace: 110348K->110348K(1153024K)
[2020-08-05T16:53:48.399-0300] GC(753) Pause Young (Allocation Failure) 408M->92M(413M) 2.466ms
[2020-08-05T16:53:48.399-0300] GC(753) User=0.01s Sys=0.00s Real=0.00s
[2020-08-05T16:53:48.705-0300] GC(754) Pause Young (Allocation Failure)
[2020-08-05T16:53:48.708-0300] GC(754) PSYoungGen: 309360K->640K(295936K)
[2020-08-05T16:53:48.708-0300] GC(754) ParOldGen: 94091K->94243K(113664K)
[2020-08-05T16:53:48.708-0300] GC(754) Metaspace: 110348K->110348K(1153024K)
[2020-08-05T16:53:48.708-0300] GC(754) Pause Young (Allocation Failure) 393M->92M(400M) 2.765ms
[2020-08-05T16:53:48.708-0300] GC(754) User=0.00s Sys=0.01s Real=0.00s
[2020-08-05T16:53:48.975-0300] GC(755) Pause Young (Allocation Failure)
[2020-08-05T16:53:48.978-0300] GC(755) PSYoungGen: 295552K->608K(283136K)
[2020-08-05T16:53:48.978-0300] GC(755) ParOldGen: 94243K->94347K(113664K)
[2020-08-05T16:53:48.978-0300] GC(755) Metaspace: 110348K->110348K(1153024K)
[2020-08-05T16:53:48.978-0300] GC(755) Pause Young (Allocation Failure) 380M->92M(387M) 2.418ms
[2020-08-05T16:53:48.978-0300] GC(755) User=0.00s Sys=0.00s Real=0.00s
[2020-08-05T16:53:49.245-0300] GC(756) Pause Young (Allocation Failure)
[2020-08-05T16:53:49.249-0300] GC(756) PSYoungGen: 282720K->928K(335872K)
[2020-08-05T16:53:49.249-0300] GC(756) ParOldGen: 94347K->94435K(113664K)
[2020-08-05T16:53:49.249-0300] GC(756) Metaspace: 110348K->110348K(1153024K)
[2020-08-05T16:53:49.249-0300] GC(756) Pause Young (Allocation Failure) 368M->93M(439M) 4.240ms
[2020-08-05T16:53:49.249-0300] GC(756) User=0.00s Sys=0.00s Real=0.00s
[2020-08-05T16:53:49.539-0300] GC(757) Pause Young (Allocation Failure)
[2020-08-05T16:53:49.543-0300] GC(757) PSYoungGen: 335776K->624K(398336K)
[2020-08-05T16:53:49.543-0300] GC(757) ParOldGen: 94435K->94515K(113664K)
[2020-08-05T16:53:49.543-0300] GC(757) Metaspace: 110348K->110348K(1153024K)
[2020-08-05T16:53:49.543-0300] GC(757) Pause Young (Allocation Failure) 420M->92M(500M) 3.385ms
[2020-08-05T16:53:49.543-0300] GC(757) User=0.00s Sys=0.00s Real=0.00s
[2020-08-05T16:53:49.949-0300] GC(758) Pause Young (Allocation Failure)
[2020-08-05T16:53:49.953-0300] GC(758) PSYoungGen: 397936K->832K(472064K)
[2020-08-05T16:53:49.953-0300] GC(758) ParOldGen: 94515K->94699K(113664K)
[2020-08-05T16:53:49.953-0300] GC(758) Metaspace: 110348K->110348K(1153024K)
[2020-08-05T16:53:49.953-0300] GC(758) Pause Young (Allocation Failure) 480M->93M(572M) 3.268ms
[2020-08-05T16:53:49.953-0300] GC(758) User=0.01s Sys=0.00s Real=0.00s
[2020-08-05T16:53:50.513-0300] GC(759) Pause Young (Allocation Failure)
[2020-08-05T16:53:50.519-0300] GC(759) PSYoungGen: 471872K->1184K(520704K)
[2020-08-05T16:53:50.519-0300] GC(759) ParOldGen: 94699K->94811K(113664K)
[2020-08-05T16:53:50.519-0300] GC(759) Metaspace: 110348K->110348K(1153024K)
[2020-08-05T16:53:50.519-0300] GC(759) Pause Young (Allocation Failure) 553M->93M(619M) 5.398ms
[2020-08-05T16:53:50.519-0300] GC(759) User=0.01s Sys=0.00s Real=0.01s
[2020-08-05T16:53:51.002-0300] GC(760) Pause Young (Allocation Failure)
[2020-08-05T16:53:51.006-0300] GC(760) PSYoungGen: 520352K->1104K(496640K)
[2020-08-05T16:53:51.006-0300] GC(760) ParOldGen: 94811K->95227K(113664K)
[2020-08-05T16:53:51.006-0300] GC(760) Metaspace: 110348K->110348K(1153024K)
[2020-08-05T16:53:51.006-0300] GC(760) Pause Young (Allocation Failure) 600M->94M(596M) 3.713ms
[2020-08-05T16:53:51.006-0300] GC(760) User=0.01s Sys=0.01s Real=0.01s
[2020-08-05T16:53:51.454-0300] GC(761) Pause Young (Allocation Failure)
[2020-08-05T16:53:51.457-0300] GC(761) PSYoungGen: 496208K->1104K(473600K)
[2020-08-05T16:53:51.457-0300] GC(761) ParOldGen: 95227K->95355K(113664K)
[2020-08-05T16:53:51.457-0300] GC(761) Metaspace: 110348K->110348K(1153024K)
[2020-08-05T16:53:51.457-0300] GC(761) Pause Young (Allocation Failure) 577M->94M(573M) 3.685ms
[2020-08-05T16:53:51.457-0300] GC(761) User=0.01s Sys=0.00s Real=0.01s
[2020-08-05T16:53:51.926-0300] GC(762) Pause Young (Allocation Failure)
[2020-08-05T16:53:51.928-0300] GC(762) PSYoungGen: 473168K->496K(451072K)
[2020-08-05T16:53:51.928-0300] GC(762) ParOldGen: 95355K->95627K(113664K)
[2020-08-05T16:53:51.928-0300] GC(762) Metaspace: 110348K->110348K(1153024K)
[2020-08-05T16:53:51.928-0300] GC(762) Pause Young (Allocation Failure) 555M->93M(551M) 2.715ms
[2020-08-05T16:53:51.928-0300] GC(762) User=0.01s Sys=0.00s Real=0.00s
[2020-08-05T16:53:52.440-0300] GC(763) Pause Young (Allocation Failure)
[2020-08-05T16:53:52.443-0300] GC(763) PSYoungGen: 451056K->448K(431616K)
[2020-08-05T16:53:52.443-0300] GC(763) ParOldGen: 95627K->95843K(113664K)
[2020-08-05T16:53:52.443-0300] GC(763) Metaspace: 110348K->110348K(1153024K)
[2020-08-05T16:53:52.443-0300] GC(763) Pause Young (Allocation Failure) 533M->94M(532M) 3.461ms
[2020-08-05T16:53:52.443-0300] GC(763) User=0.00s Sys=0.00s Real=0.00s
[2020-08-05T16:53:52.917-0300] GC(764) Pause Young (Allocation Failure)
[2020-08-05T16:53:52.920-0300] GC(764) PSYoungGen: 430528K->784K(411648K)
[2020-08-05T16:53:52.920-0300] GC(764) ParOldGen: 95843K->95987K(113664K)
[2020-08-05T16:53:52.920-0300] GC(764) Metaspace: 110348K->110348K(1153024K)
[2020-08-05T16:53:52.920-0300] GC(764) Pause Young (Allocation Failure) 514M->94M(513M) 3.439ms
[2020-08-05T16:53:52.920-0300] GC(764) User=0.01s Sys=0.00s Real=0.00s
[2020-08-05T16:53:53.337-0300] GC(765) Pause Young (Allocation Failure)
[2020-08-05T16:53:53.341-0300] GC(765) PSYoungGen: 411408K->752K(393216K)
[2020-08-05T16:53:53.341-0300] GC(765) ParOldGen: 95987K->96155K(113664K)
[2020-08-05T16:53:53.341-0300] GC(765) Metaspace: 110348K->110348K(1153024K)
[2020-08-05T16:53:53.341-0300] GC(765) Pause Young (Allocation Failure) 495M->94M(495M) 3.857ms
[2020-08-05T16:53:53.341-0300] GC(765) User=0.00s Sys=0.01s Real=0.00s
[2020-08-05T16:53:53.733-0300] GC(766) Pause Young (Allocation Failure)
[2020-08-05T16:53:53.736-0300] GC(766) PSYoungGen: 392944K->672K(375296K)
[2020-08-05T16:53:53.736-0300] GC(766) ParOldGen: 96155K->96347K(113664K)
[2020-08-05T16:53:53.736-0300] GC(766) Metaspace: 110348K->110348K(1153024K)
[2020-08-05T16:53:53.736-0300] GC(766) Pause Young (Allocation Failure) 477M->94M(477M) 2.707ms
[2020-08-05T16:53:53.736-0300] GC(766) User=0.01s Sys=0.00s Real=0.01s
[2020-08-05T16:53:54.080-0300] GC(767) Pause Young (Allocation Failure)
[2020-08-05T16:53:54.083-0300] GC(767) PSYoungGen: 374944K->568K(358400K)
[2020-08-05T16:53:54.083-0300] GC(767) ParOldGen: 96347K->96507K(113664K)
[2020-08-05T16:53:54.083-0300] GC(767) Metaspace: 110348K->110348K(1153024K)
[2020-08-05T16:53:54.083-0300] GC(767) Pause Young (Allocation Failure) 460M->94M(461M) 2.835ms
[2020-08-05T16:53:54.083-0300] GC(767) User=0.00s Sys=0.00s Real=0.00s
[2020-08-05T16:53:54.449-0300] GC(768) Pause Young (Allocation Failure)
[2020-08-05T16:53:54.452-0300] GC(768) PSYoungGen: 357944K->864K(342528K)
[2020-08-05T16:53:54.452-0300] GC(768) ParOldGen: 96507K->96619K(113664K)
[2020-08-05T16:53:54.452-0300] GC(768) Metaspace: 110348K->110348K(1153024K)
[2020-08-05T16:53:54.452-0300] GC(768) Pause Young (Allocation Failure) 443M->95M(445M) 2.660ms
[2020-08-05T16:53:54.452-0300] GC(768) User=0.00s Sys=0.00s Real=0.00s
[2020-08-05T16:53:54.748-0300] GC(769) Pause Young (Allocation Failure)
[2020-08-05T16:53:54.752-0300] GC(769) PSYoungGen: 342368K->1024K(327680K)
[2020-08-05T16:53:54.752-0300] GC(769) ParOldGen: 96619K->96739K(113664K)
[2020-08-05T16:53:54.752-0300] GC(769) Metaspace: 110348K->110348K(1153024K)
[2020-08-05T16:53:54.752-0300] GC(769) Pause Young (Allocation Failure) 428M->95M(431M) 3.250ms
[2020-08-05T16:53:54.752-0300] GC(769) User=0.01s Sys=0.01s Real=0.00s
[2020-08-05T16:53:55.057-0300] GC(770) Pause Young (Allocation Failure)
[2020-08-05T16:53:55.060-0300] GC(770) PSYoungGen: 327168K->528K(312832K)
[2020-08-05T16:53:55.060-0300] GC(770) ParOldGen: 96739K->97011K(113664K)
[2020-08-05T16:53:55.060-0300] GC(770) Metaspace: 110348K->110348K(1153024K)
[2020-08-05T16:53:55.060-0300] GC(770) Pause Young (Allocation Failure) 413M->95M(416M) 2.579ms
[2020-08-05T16:53:55.060-0300] GC(770) User=0.01s Sys=0.00s Real=0.00s
[2020-08-05T16:53:55.473-0300] GC(771) Pause Young (Allocation Failure)
[2020-08-05T16:53:55.478-0300] GC(771) PSYoungGen: 312336K->640K(299008K)
[2020-08-05T16:53:55.478-0300] GC(771) ParOldGen: 97011K->97123K(113664K)
[2020-08-05T16:53:55.478-0300] GC(771) Metaspace: 110348K->110348K(1153024K)
[2020-08-05T16:53:55.478-0300] GC(771) Pause Young (Allocation Failure) 399M->95M(403M) 4.944ms
[2020-08-05T16:53:55.478-0300] GC(771) User=0.01s Sys=0.00s Real=0.01s
[2020-08-05T16:53:55.781-0300] GC(772) Pause Young (Allocation Failure)
[2020-08-05T16:53:55.784-0300] GC(772) PSYoungGen: 298624K->1024K(286208K)
[2020-08-05T16:53:55.784-0300] GC(772) ParOldGen: 97123K->97251K(113664K)
[2020-08-05T16:53:55.784-0300] GC(772) Metaspace: 110348K->110348K(1153024K)
[2020-08-05T16:53:55.784-0300] GC(772) Pause Young (Allocation Failure) 386M->95M(390M) 3.189ms
[2020-08-05T16:53:55.784-0300] GC(772) User=0.01s Sys=0.00s Real=0.01s
[2020-08-05T16:53:56.041-0300] GC(773) Pause Young (Allocation Failure)
[2020-08-05T16:53:56.044-0300] GC(773) PSYoungGen: 285696K->992K(338944K)
[2020-08-05T16:53:56.044-0300] GC(773) ParOldGen: 97251K->97380K(113664K)
[2020-08-05T16:53:56.044-0300] GC(773) Metaspace: 110348K->110348K(1153024K)
[2020-08-05T16:53:56.044-0300] GC(773) Pause Young (Allocation Failure) 373M->96M(442M) 3.163ms
[2020-08-05T16:53:56.044-0300] GC(773) User=0.01s Sys=0.00s Real=0.00s
[2020-08-05T16:53:56.369-0300] GC(774) Pause Young (Allocation Failure)
[2020-08-05T16:53:56.372-0300] GC(774) PSYoungGen: 338912K->656K(401408K)
[2020-08-05T16:53:56.372-0300] GC(774) ParOldGen: 97380K->97508K(113664K)
[2020-08-05T16:53:56.372-0300] GC(774) Metaspace: 110348K->110348K(1153024K)
[2020-08-05T16:53:56.372-0300] GC(774) Pause Young (Allocation Failure) 426M->95M(503M) 2.901ms
[2020-08-05T16:53:56.372-0300] GC(774) User=0.01s Sys=0.00s Real=0.00s
[2020-08-05T16:53:56.770-0300] GC(775) Pause Young (Allocation Failure)
[2020-08-05T16:53:56.774-0300] GC(775) PSYoungGen: 401040K->480K(475136K)
[2020-08-05T16:53:56.774-0300] GC(775) ParOldGen: 97508K->97620K(113664K)
[2020-08-05T16:53:56.774-0300] GC(775) Metaspace: 110348K->110348K(1153024K)
[2020-08-05T16:53:56.774-0300] GC(775) Pause Young (Allocation Failure) 486M->95M(575M) 3.834ms
[2020-08-05T16:53:56.774-0300] GC(775) User=0.01s Sys=0.01s Real=0.00s
[2020-08-05T16:53:57.236-0300] GC(776) Pause Young (Allocation Failure)
[2020-08-05T16:53:57.239-0300] GC(776) PSYoungGen: 475104K->560K(453632K)
[2020-08-05T16:53:57.239-0300] GC(776) ParOldGen: 97620K->97740K(113664K)
[2020-08-05T16:53:57.239-0300] GC(776) Metaspace: 110348K->110348K(1153024K)
[2020-08-05T16:53:57.239-0300] GC(776) Pause Young (Allocation Failure) 559M->95M(554M) 2.684ms
[2020-08-05T16:53:57.239-0300] GC(776) User=0.01s Sys=0.00s Real=0.00s
[2020-08-05T16:53:57.635-0300] GC(777) Pause Young (Allocation Failure)
[2020-08-05T16:53:57.638-0300] GC(777) PSYoungGen: 453168K->656K(433152K)
[2020-08-05T16:53:57.638-0300] GC(777) ParOldGen: 97740K->97932K(113664K)
[2020-08-05T16:53:57.638-0300] GC(777) Metaspace: 110348K->110348K(1153024K)
[2020-08-05T16:53:57.638-0300] GC(777) Pause Young (Allocation Failure) 537M->96M(534M) 3.118ms
[2020-08-05T16:53:57.638-0300] GC(777) User=0.01s Sys=0.00s Real=0.00s
[2020-08-05T16:53:58.045-0300] GC(778) Pause Young (Allocation Failure)
[2020-08-05T16:53:58.048-0300] GC(778) PSYoungGen: 432784K->720K(413184K)
[2020-08-05T16:53:58.048-0300] GC(778) ParOldGen: 97932K->98044K(113664K)
[2020-08-05T16:53:58.048-0300] GC(778) Metaspace: 110348K->110348K(1153024K)
[2020-08-05T16:53:58.048-0300] GC(778) Pause Young (Allocation Failure) 518M->96M(514M) 2.773ms
[2020-08-05T16:53:58.048-0300] GC(778) User=0.00s Sys=0.00s Real=0.00s
[2020-08-05T16:53:58.435-0300] GC(779) Pause Young (Allocation Failure)
[2020-08-05T16:53:58.439-0300] GC(779) PSYoungGen: 412880K->832K(394240K)
[2020-08-05T16:53:58.439-0300] GC(779) ParOldGen: 98044K->98172K(113664K)
[2020-08-05T16:53:58.439-0300] GC(779) Metaspace: 110348K->110348K(1153024K)
[2020-08-05T16:53:58.439-0300] GC(779) Pause Young (Allocation Failure) 498M->96M(496M) 4.354ms
[2020-08-05T16:53:58.439-0300] GC(779) User=0.01s Sys=0.00s Real=0.00s
[2020-08-05T16:53:58.798-0300] GC(780) Pause Young (Allocation Failure)
[2020-08-05T16:53:58.801-0300] GC(780) PSYoungGen: 394048K->368K(375808K)
[2020-08-05T16:53:58.801-0300] GC(780) ParOldGen: 98172K->98292K(113664K)
[2020-08-05T16:53:58.801-0300] GC(780) Metaspace: 110348K->110348K(1153024K)
[2020-08-05T16:53:58.801-0300] GC(780) Pause Young (Allocation Failure) 480M->96M(478M) 3.308ms
[2020-08-05T16:53:58.801-0300] GC(780) User=0.01s Sys=0.00s Real=0.00s
[2020-08-05T16:53:59.175-0300] GC(781) Pause Young (Allocation Failure)
[2020-08-05T16:53:59.179-0300] GC(781) PSYoungGen: 375664K->688K(359936K)
[2020-08-05T16:53:59.179-0300] GC(781) ParOldGen: 98292K->98412K(113664K)
[2020-08-05T16:53:59.179-0300] GC(781) Metaspace: 110348K->110348K(1153024K)
[2020-08-05T16:53:59.179-0300] GC(781) Pause Young (Allocation Failure) 462M->96M(462M) 3.694ms
[2020-08-05T16:53:59.179-0300] GC(781) User=0.00s Sys=0.01s Real=0.00s
[2020-08-05T16:53:59.492-0300] GC(782) Pause Young (Allocation Failure)
[2020-08-05T16:53:59.496-0300] GC(782) PSYoungGen: 359088K->800K(343552K)
[2020-08-05T16:53:59.496-0300] GC(782) ParOldGen: 98412K->98524K(113664K)
[2020-08-05T16:53:59.496-0300] GC(782) Metaspace: 110348K->110348K(1153024K)
[2020-08-05T16:53:59.496-0300] GC(782) Pause Young (Allocation Failure) 446M->96M(446M) 3.357ms
[2020-08-05T16:53:59.496-0300] GC(782) User=0.00s Sys=0.00s Real=0.01s
[2020-08-05T16:53:59.814-0300] GC(783) Pause Young (Allocation Failure)
[2020-08-05T16:53:59.817-0300] GC(783) PSYoungGen: 343328K->704K(407040K)
[2020-08-05T16:53:59.817-0300] GC(783) ParOldGen: 98524K->98740K(113664K)
[2020-08-05T16:53:59.817-0300] GC(783) Metaspace: 110348K->110348K(1153024K)
[2020-08-05T16:53:59.817-0300] GC(783) Pause Young (Allocation Failure) 431M->97M(508M) 3.565ms
[2020-08-05T16:53:59.817-0300] GC(783) User=0.01s Sys=0.00s Real=0.01s
[2020-08-05T16:54:00.187-0300] GC(784) Pause Young (Allocation Failure)
[2020-08-05T16:54:00.191-0300] GC(784) PSYoungGen: 406720K->880K(482304K)
[2020-08-05T16:54:00.191-0300] GC(784) ParOldGen: 98740K->98836K(113664K)
[2020-08-05T16:54:00.191-0300] GC(784) Metaspace: 110348K->110348K(1153024K)
[2020-08-05T16:54:00.191-0300] GC(784) Pause Young (Allocation Failure) 493M->97M(582M) 3.849ms
[2020-08-05T16:54:00.191-0300] GC(784) User=0.00s Sys=0.00s Real=0.00s
[2020-08-05T16:54:00.753-0300] GC(785) Pause Young (Allocation Failure)
[2020-08-05T16:54:00.756-0300] GC(785) PSYoungGen: 482160K->1184K(460800K)
[2020-08-05T16:54:00.756-0300] GC(785) ParOldGen: 98836K->98956K(113664K)
[2020-08-05T16:54:00.756-0300] GC(785) Metaspace: 110348K->110348K(1153024K)
[2020-08-05T16:54:00.756-0300] GC(785) Pause Young (Allocation Failure) 567M->97M(561M) 3.129ms
[2020-08-05T16:54:00.756-0300] GC(785) User=0.01s Sys=0.00s Real=0.01s
[2020-08-05T16:54:01.167-0300] GC(786) Pause Young (Allocation Failure)
[2020-08-05T16:54:01.172-0300] GC(786) PSYoungGen: 460448K->864K(439296K)
[2020-08-05T16:54:01.172-0300] GC(786) ParOldGen: 98956K->99164K(113664K)
[2020-08-05T16:54:01.172-0300] GC(786) Metaspace: 110348K->110348K(1153024K)
[2020-08-05T16:54:01.172-0300] GC(786) Pause Young (Allocation Failure) 546M->97M(540M) 4.940ms
[2020-08-05T16:54:01.172-0300] GC(786) User=0.01s Sys=0.00s Real=0.00s
[2020-08-05T16:54:01.759-0300] GC(787) Pause Young (Allocation Failure)
[2020-08-05T16:54:01.764-0300] GC(787) PSYoungGen: 439136K->800K(419328K)
[2020-08-05T16:54:01.764-0300] GC(787) ParOldGen: 99164K->99336K(113664K)
[2020-08-05T16:54:01.764-0300] GC(787) Metaspace: 110348K->110348K(1153024K)
[2020-08-05T16:54:01.764-0300] GC(787) Pause Young (Allocation Failure) 525M->97M(520M) 4.441ms
[2020-08-05T16:54:01.764-0300] GC(787) User=0.01s Sys=0.00s Real=0.00s
[2020-08-05T16:54:02.730-0300] GC(788) Pause Young (Allocation Failure)
[2020-08-05T16:54:02.736-0300] GC(788) PSYoungGen: 419104K->864K(400384K)
[2020-08-05T16:54:02.736-0300] GC(788) ParOldGen: 99336K->99456K(113664K)
[2020-08-05T16:54:02.736-0300] GC(788) Metaspace: 110348K->110348K(1153024K)
[2020-08-05T16:54:02.736-0300] GC(788) Pause Young (Allocation Failure) 506M->97M(502M) 6.251ms
[2020-08-05T16:54:02.737-0300] GC(788) User=0.01s Sys=0.00s Real=0.01s
[2020-08-05T16:54:03.352-0300] GC(789) Pause Young (Allocation Failure)
[2020-08-05T16:54:03.355-0300] GC(789) PSYoungGen: 400224K->480K(381952K)
[2020-08-05T16:54:03.355-0300] GC(789) ParOldGen: 99456K->99712K(113664K)
[2020-08-05T16:54:03.355-0300] GC(789) Metaspace: 110348K->110348K(1153024K)
[2020-08-05T16:54:03.355-0300] GC(789) Pause Young (Allocation Failure) 487M->97M(484M) 3.265ms
[2020-08-05T16:54:03.355-0300] GC(789) User=0.01s Sys=0.00s Real=0.01s
[2020-08-05T16:54:03.708-0300] GC(790) Pause Young (Allocation Failure)
[2020-08-05T16:54:03.711-0300] GC(790) PSYoungGen: 381920K->752K(365056K)
[2020-08-05T16:54:03.711-0300] GC(790) ParOldGen: 99712K->99832K(113664K)
[2020-08-05T16:54:03.711-0300] GC(790) Metaspace: 110348K->110348K(1153024K)
[2020-08-05T16:54:03.711-0300] GC(790) Pause Young (Allocation Failure) 470M->98M(467M) 2.763ms
[2020-08-05T16:54:03.711-0300] GC(790) User=0.01s Sys=0.00s Real=0.00s
[2020-08-05T16:54:04.050-0300] GC(791) Pause Young (Allocation Failure)
[2020-08-05T16:54:04.053-0300] GC(791) PSYoungGen: 364784K->640K(348672K)
[2020-08-05T16:54:04.053-0300] GC(791) ParOldGen: 99832K->100000K(113664K)
[2020-08-05T16:54:04.053-0300] GC(791) Metaspace: 110348K->110348K(1153024K)
[2020-08-05T16:54:04.053-0300] GC(791) Pause Young (Allocation Failure) 453M->98M(451M) 3.163ms
[2020-08-05T16:54:04.053-0300] GC(791) User=0.01s Sys=0.00s Real=0.00s
[2020-08-05T16:54:04.380-0300] GC(792) Pause Young (Allocation Failure)
[2020-08-05T16:54:04.384-0300] GC(792) PSYoungGen: 348288K->1088K(333824K)
[2020-08-05T16:54:04.384-0300] GC(792) ParOldGen: 100000K->100160K(113664K)
[2020-08-05T16:54:04.384-0300] GC(792) Metaspace: 110348K->110348K(1153024K)
[2020-08-05T16:54:04.384-0300] GC(792) Pause Young (Allocation Failure) 437M->98M(437M) 4.455ms
[2020-08-05T16:54:04.384-0300] GC(792) User=0.01s Sys=0.00s Real=0.01s
[2020-08-05T16:54:04.682-0300] GC(793) Pause Young (Allocation Failure)
[2020-08-05T16:54:04.685-0300] GC(793) PSYoungGen: 333376K->432K(317952K)
[2020-08-05T16:54:04.685-0300] GC(793) ParOldGen: 100160K->100280K(113664K)
[2020-08-05T16:54:04.685-0300] GC(793) Metaspace: 110348K->110348K(1153024K)
[2020-08-05T16:54:04.685-0300] GC(793) Pause Young (Allocation Failure) 423M->98M(421M) 2.691ms
[2020-08-05T16:54:04.685-0300] GC(793) User=0.01s Sys=0.00s Real=0.01s
[2020-08-05T16:54:04.974-0300] GC(794) Pause Young (Allocation Failure)
[2020-08-05T16:54:04.977-0300] GC(794) PSYoungGen: 317872K->848K(304640K)
[2020-08-05T16:54:04.977-0300] GC(794) ParOldGen: 100280K->100432K(113664K)
[2020-08-05T16:54:04.977-0300] GC(794) Metaspace: 110348K->110348K(1153024K)
[2020-08-05T16:54:04.977-0300] GC(794) Pause Young (Allocation Failure) 408M->98M(408M) 2.587ms
[2020-08-05T16:54:04.977-0300] GC(794) User=0.01s Sys=0.00s Real=0.00s
[2020-08-05T16:54:05.279-0300] GC(795) Pause Young (Allocation Failure)
[2020-08-05T16:54:05.282-0300] GC(795) PSYoungGen: 304464K->768K(291328K)
[2020-08-05T16:54:05.282-0300] GC(795) ParOldGen: 100432K->100552K(113664K)
[2020-08-05T16:54:05.282-0300] GC(795) Metaspace: 110348K->110348K(1153024K)
[2020-08-05T16:54:05.282-0300] GC(795) Pause Young (Allocation Failure) 395M->98M(395M) 3.100ms
[2020-08-05T16:54:05.282-0300] GC(795) User=0.01s Sys=0.00s Real=0.00s
[2020-08-05T16:54:05.653-0300] GC(796) Pause Young (Allocation Failure)
[2020-08-05T16:54:05.655-0300] GC(796) PSYoungGen: 291072K->496K(278016K)
[2020-08-05T16:54:05.655-0300] GC(796) ParOldGen: 100552K->100640K(113664K)
[2020-08-05T16:54:05.655-0300] GC(796) Metaspace: 110348K->110348K(1153024K)
[2020-08-05T16:54:05.656-0300] GC(796) Pause Young (Allocation Failure) 382M->98M(382M) 2.389ms
[2020-08-05T16:54:05.656-0300] GC(796) User=0.01s Sys=0.00s Real=0.01s
[2020-08-05T16:54:05.902-0300] GC(797) Pause Young (Allocation Failure)
[2020-08-05T16:54:05.905-0300] GC(797) PSYoungGen: 277994K->768K(266752K)
[2020-08-05T16:54:05.905-0300] GC(797) ParOldGen: 100640K->100744K(113664K)
[2020-08-05T16:54:05.905-0300] GC(797) Metaspace: 110348K->110348K(1153024K)
[2020-08-05T16:54:05.905-0300] GC(797) Pause Young (Allocation Failure) 369M->99M(371M) 2.836ms
[2020-08-05T16:54:05.905-0300] GC(797) User=0.01s Sys=0.00s Real=0.01s
[2020-08-05T16:54:06.138-0300] GC(798) Pause Young (Allocation Failure)
[2020-08-05T16:54:06.140-0300] GC(798) PSYoungGen: 265984K->1024K(255488K)
[2020-08-05T16:54:06.140-0300] GC(798) ParOldGen: 100744K->100832K(113664K)
[2020-08-05T16:54:06.140-0300] GC(798) Metaspace: 110348K->110348K(1153024K)
[2020-08-05T16:54:06.140-0300] GC(798) Pause Young (Allocation Failure) 358M->99M(360M) 2.579ms
[2020-08-05T16:54:06.140-0300] GC(798) User=0.01s Sys=0.00s Real=0.00s
[2020-08-05T16:54:06.383-0300] GC(799) Pause Young (Allocation Failure)
[2020-08-05T16:54:06.386-0300] GC(799) PSYoungGen: 254976K->1000K(302592K)
[2020-08-05T16:54:06.386-0300] GC(799) ParOldGen: 100832K->101013K(113664K)
[2020-08-05T16:54:06.386-0300] GC(799) Metaspace: 110348K->110348K(1153024K)
[2020-08-05T16:54:06.386-0300] GC(799) Pause Young (Allocation Failure) 347M->99M(406M) 2.841ms
[2020-08-05T16:54:06.386-0300] GC(799) User=0.00s Sys=0.00s Real=0.01s
[2020-08-05T16:54:06.668-0300] GC(800) Pause Young (Allocation Failure)
[2020-08-05T16:54:06.671-0300] GC(800) PSYoungGen: 302568K->608K(358912K)
[2020-08-05T16:54:06.671-0300] GC(800) ParOldGen: 101013K->101173K(113664K)
[2020-08-05T16:54:06.671-0300] GC(800) Metaspace: 110348K->110348K(1153024K)
[2020-08-05T16:54:06.671-0300] GC(800) Pause Young (Allocation Failure) 394M->99M(461M) 3.140ms
[2020-08-05T16:54:06.672-0300] GC(800) User=0.01s Sys=0.00s Real=0.00s
[2020-08-05T16:54:07.027-0300] GC(801) Pause Young (Allocation Failure)
[2020-08-05T16:54:07.034-0300] GC(801) PSYoungGen: 358496K->704K(426496K)
[2020-08-05T16:54:07.034-0300] GC(801) ParOldGen: 101173K->101345K(113664K)
[2020-08-05T16:54:07.034-0300] GC(801) Metaspace: 110348K->110348K(1153024K)
[2020-08-05T16:54:07.034-0300] GC(801) Pause Young (Allocation Failure) 448M->99M(527M) 7.299ms
[2020-08-05T16:54:07.034-0300] GC(801) User=0.01s Sys=0.00s Real=0.01s
[2020-08-05T16:54:07.440-0300] GC(802) Pause Young (Allocation Failure)
[2020-08-05T16:54:07.444-0300] GC(802) PSYoungGen: 426176K->656K(506368K)
[2020-08-05T16:54:07.444-0300] GC(802) ParOldGen: 101345K->101441K(113664K)
[2020-08-05T16:54:07.444-0300] GC(802) Metaspace: 110348K->110348K(1153024K)
[2020-08-05T16:54:07.444-0300] GC(802) Pause Young (Allocation Failure) 515M->99M(605M) 3.689ms
[2020-08-05T16:54:07.444-0300] GC(802) User=0.01s Sys=0.00s Real=0.00s
[2020-08-05T16:54:07.934-0300] GC(803) Pause Young (Allocation Failure)
[2020-08-05T16:54:07.938-0300] GC(803) PSYoungGen: 506000K->880K(540672K)
[2020-08-05T16:54:07.938-0300] GC(803) ParOldGen: 101441K->101625K(113664K)
[2020-08-05T16:54:07.938-0300] GC(803) Metaspace: 110348K->110348K(1153024K)
[2020-08-05T16:54:07.938-0300] GC(803) Pause Young (Allocation Failure) 593M->100M(639M) 3.986ms
[2020-08-05T16:54:07.938-0300] GC(803) User=0.01s Sys=0.00s Real=0.01s
[2020-08-05T16:54:08.525-0300] GC(804) Pause Young (Allocation Failure)
[2020-08-05T16:54:08.529-0300] GC(804) PSYoungGen: 540016K->768K(515072K)
[2020-08-05T16:54:08.529-0300] GC(804) ParOldGen: 101625K->101825K(113664K)
[2020-08-05T16:54:08.529-0300] GC(804) Metaspace: 110348K->110348K(1153024K)
[2020-08-05T16:54:08.529-0300] GC(804) Pause Young (Allocation Failure) 626M->100M(614M) 3.259ms
[2020-08-05T16:54:08.529-0300] GC(804) User=0.00s Sys=0.00s Real=0.00s
[2020-08-05T16:54:09.086-0300] GC(805) Pause Young (Allocation Failure)
[2020-08-05T16:54:09.090-0300] GC(805) PSYoungGen: 514816K->768K(491520K)
[2020-08-05T16:54:09.090-0300] GC(805) ParOldGen: 101825K->101969K(113664K)
[2020-08-05T16:54:09.090-0300] GC(805) Metaspace: 110348K->110348K(1153024K)
[2020-08-05T16:54:09.090-0300] GC(805) Pause Young (Allocation Failure) 602M->100M(591M) 4.042ms
[2020-08-05T16:54:09.090-0300] GC(805) User=0.00s Sys=0.00s Real=0.00s
[2020-08-05T16:54:09.696-0300] GC(806) Pause Young (Allocation Failure)
[2020-08-05T16:54:09.699-0300] GC(806) PSYoungGen: 491264K->672K(468992K)
[2020-08-05T16:54:09.699-0300] GC(806) ParOldGen: 101969K->102129K(113664K)
[2020-08-05T16:54:09.699-0300] GC(806) Metaspace: 110348K->110348K(1153024K)
[2020-08-05T16:54:09.699-0300] GC(806) Pause Young (Allocation Failure) 579M->100M(569M) 3.055ms
[2020-08-05T16:54:09.699-0300] GC(806) User=0.01s Sys=0.00s Real=0.00s
[2020-08-05T16:54:10.443-0300] GC(807) Pause Young (Allocation Failure)
[2020-08-05T16:54:10.446-0300] GC(807) PSYoungGen: 468640K->720K(447488K)
[2020-08-05T16:54:10.446-0300] GC(807) ParOldGen: 102129K->102265K(113664K)
[2020-08-05T16:54:10.446-0300] GC(807) Metaspace: 110348K->110348K(1153024K)
[2020-08-05T16:54:10.446-0300] GC(807) Pause Young (Allocation Failure) 557M->100M(548M) 3.654ms
[2020-08-05T16:54:10.446-0300] GC(807) User=0.01s Sys=0.00s Real=0.01s
[2020-08-05T16:54:10.858-0300] GC(808) Pause Young (Allocation Failure)
[2020-08-05T16:54:10.861-0300] GC(808) PSYoungGen: 447184K->928K(427008K)
[2020-08-05T16:54:10.861-0300] GC(808) ParOldGen: 102265K->102393K(113664K)
[2020-08-05T16:54:10.861-0300] GC(808) Metaspace: 110348K->110348K(1153024K)
[2020-08-05T16:54:10.861-0300] GC(808) Pause Young (Allocation Failure) 536M->100M(528M) 2.867ms
[2020-08-05T16:54:10.861-0300] GC(808) User=0.00s Sys=0.01s Real=0.00s
[2020-08-05T16:54:11.255-0300] GC(809) Pause Young (Allocation Failure)
[2020-08-05T16:54:11.257-0300] GC(809) PSYoungGen: 426912K->736K(407552K)
[2020-08-05T16:54:11.257-0300] GC(809) ParOldGen: 102393K->102689K(113664K)
[2020-08-05T16:54:11.257-0300] GC(809) Metaspace: 110348K->110348K(1153024K)
[2020-08-05T16:54:11.258-0300] GC(809) Pause Young (Allocation Failure) 516M->101M(509M) 2.902ms
[2020-08-05T16:54:11.258-0300] GC(809) User=0.01s Sys=0.00s Real=0.00s
[2020-08-05T16:54:11.713-0300] GC(810) Pause Young (Allocation Failure)
[2020-08-05T16:54:11.717-0300] GC(810) PSYoungGen: 407264K->736K(389120K)
[2020-08-05T16:54:11.717-0300] GC(810) ParOldGen: 102689K->102809K(113664K)
[2020-08-05T16:54:11.717-0300] GC(810) Metaspace: 110348K->110348K(1153024K)
[2020-08-05T16:54:11.717-0300] GC(810) Pause Young (Allocation Failure) 498M->101M(491M) 4.262ms
[2020-08-05T16:54:11.717-0300] GC(810) User=0.00s Sys=0.00s Real=0.01s
[2020-08-05T16:54:12.077-0300] GC(811) Pause Young (Allocation Failure)
[2020-08-05T16:54:12.079-0300] GC(811) PSYoungGen: 388832K->736K(372224K)
[2020-08-05T16:54:12.079-0300] GC(811) ParOldGen: 102809K->102977K(113664K)
[2020-08-05T16:54:12.079-0300] GC(811) Metaspace: 110348K->110348K(1153024K)
[2020-08-05T16:54:12.079-0300] GC(811) Pause Young (Allocation Failure) 480M->101M(474M) 2.931ms
[2020-08-05T16:54:12.080-0300] GC(811) User=0.00s Sys=0.00s Real=0.00s
[2020-08-05T16:54:12.405-0300] GC(812) Pause Young (Allocation Failure)
[2020-08-05T16:54:12.408-0300] GC(812) PSYoungGen: 371424K->800K(354816K)
[2020-08-05T16:54:12.408-0300] GC(812) ParOldGen: 102977K->103237K(113664K)
[2020-08-05T16:54:12.408-0300] GC(812) Metaspace: 110348K->110348K(1153024K)
[2020-08-05T16:54:12.408-0300] GC(812) Pause Young (Allocation Failure) 463M->101M(457M) 2.935ms
[2020-08-05T16:54:12.408-0300] GC(812) User=0.00s Sys=0.00s Real=0.00s
[2020-08-05T16:54:12.765-0300] GC(813) Pause Young (Allocation Failure)
[2020-08-05T16:54:12.768-0300] GC(813) PSYoungGen: 354592K->624K(338944K)
[2020-08-05T16:54:12.768-0300] GC(813) ParOldGen: 103237K->103365K(113664K)
[2020-08-05T16:54:12.768-0300] GC(813) Metaspace: 110348K->110348K(1153024K)
[2020-08-05T16:54:12.768-0300] GC(813) Pause Young (Allocation Failure) 447M->101M(442M) 2.956ms
[2020-08-05T16:54:12.768-0300] GC(813) User=0.01s Sys=0.00s Real=0.00s
[2020-08-05T16:54:13.088-0300] GC(814) Pause Young (Allocation Failure)
[2020-08-05T16:54:13.090-0300] GC(814) PSYoungGen: 338544K->496K(323584K)
[2020-08-05T16:54:13.090-0300] GC(814) ParOldGen: 103365K->103501K(113664K)
[2020-08-05T16:54:13.090-0300] GC(814) Metaspace: 110348K->110348K(1153024K)
[2020-08-05T16:54:13.090-0300] GC(814) Pause Young (Allocation Failure) 431M->101M(427M) 2.533ms
[2020-08-05T16:54:13.090-0300] GC(814) User=0.01s Sys=0.00s Real=0.00s
[2020-08-05T16:54:13.437-0300] GC(815) Pause Young (Allocation Failure)
[2020-08-05T16:54:13.440-0300] GC(815) PSYoungGen: 323568K->752K(309760K)
[2020-08-05T16:54:13.440-0300] GC(815) ParOldGen: 103501K->103661K(113664K)
[2020-08-05T16:54:13.440-0300] GC(815) Metaspace: 110348K->110348K(1153024K)
[2020-08-05T16:54:13.440-0300] GC(815) Pause Young (Allocation Failure) 417M->101M(413M) 2.889ms
[2020-08-05T16:54:13.440-0300] GC(815) User=0.01s Sys=0.00s Real=0.00s
[2020-08-05T16:54:13.772-0300] GC(816) Pause Young (Allocation Failure)
[2020-08-05T16:54:13.775-0300] GC(816) PSYoungGen: 309488K->768K(295936K)
[2020-08-05T16:54:13.775-0300] GC(816) ParOldGen: 103661K->103789K(113664K)
[2020-08-05T16:54:13.775-0300] GC(816) Metaspace: 110348K->110348K(1153024K)
[2020-08-05T16:54:13.775-0300] GC(816) Pause Young (Allocation Failure) 403M->102M(400M) 2.613ms
[2020-08-05T16:54:13.775-0300] GC(816) User=0.01s Sys=0.00s Real=0.01s
[2020-08-05T16:54:14.075-0300] GC(817) Pause Young (Allocation Failure)
[2020-08-05T16:54:14.078-0300] GC(817) PSYoungGen: 295680K->608K(283136K)
[2020-08-05T16:54:14.078-0300] GC(817) ParOldGen: 103789K->103877K(113664K)
[2020-08-05T16:54:14.078-0300] GC(817) Metaspace: 110348K->110348K(1153024K)
[2020-08-05T16:54:14.078-0300] GC(817) Pause Young (Allocation Failure) 390M->102M(387M) 2.746ms
[2020-08-05T16:54:14.078-0300] GC(817) User=0.01s Sys=0.00s Real=0.00s
[2020-08-05T16:54:14.367-0300] GC(818) Pause Young (Allocation Failure)
[2020-08-05T16:54:14.371-0300] GC(818) PSYoungGen: 282720K->448K(270336K)
[2020-08-05T16:54:14.371-0300] GC(818) ParOldGen: 103877K->103965K(113664K)
[2020-08-05T16:54:14.371-0300] GC(818) Metaspace: 110348K->110348K(1153024K)
[2020-08-05T16:54:14.371-0300] GC(818) Pause Young (Allocation Failure) 377M->101M(375M) 3.721ms
[2020-08-05T16:54:14.371-0300] GC(818) User=0.01s Sys=0.00s Real=0.00s
[2020-08-05T16:54:14.638-0300] GC(819) Pause Young (Allocation Failure)
[2020-08-05T16:54:14.642-0300] GC(819) PSYoungGen: 270272K->800K(321024K)
[2020-08-05T16:54:14.642-0300] GC(819) ParOldGen: 103965K->104109K(113664K)
[2020-08-05T16:54:14.642-0300] GC(819) Metaspace: 110348K->110348K(1153024K)
[2020-08-05T16:54:14.642-0300] GC(819) Pause Young (Allocation Failure) 365M->102M(424M) 3.547ms
[2020-08-05T16:54:14.642-0300] GC(819) User=0.00s Sys=0.00s Real=0.00s
[2020-08-05T16:54:14.957-0300] GC(820) Pause Young (Allocation Failure)
[2020-08-05T16:54:14.962-0300] GC(820) PSYoungGen: 320800K->992K(380928K)
[2020-08-05T16:54:14.962-0300] GC(820) ParOldGen: 104109K->104229K(113664K)
[2020-08-05T16:54:14.962-0300] GC(820) Metaspace: 110348K->110348K(1153024K)
[2020-08-05T16:54:14.962-0300] GC(820) Pause Young (Allocation Failure) 414M->102M(483M) 4.406ms
[2020-08-05T16:54:14.962-0300] GC(820) User=0.01s Sys=0.00s Real=0.00s
[2020-08-05T16:54:15.405-0300] GC(821) Pause Young (Allocation Failure)
[2020-08-05T16:54:15.410-0300] GC(821) PSYoungGen: 380896K->560K(452096K)
[2020-08-05T16:54:15.410-0300] GC(821) ParOldGen: 104229K->104453K(113664K)
[2020-08-05T16:54:15.410-0300] GC(821) Metaspace: 110348K->110348K(1153024K)
[2020-08-05T16:54:15.410-0300] GC(821) Pause Young (Allocation Failure) 473M->102M(552M) 4.483ms
[2020-08-05T16:54:15.410-0300] GC(821) User=0.01s Sys=0.00s Real=0.00s
[2020-08-05T16:54:15.846-0300] GC(822) Pause Young (Allocation Failure)
[2020-08-05T16:54:15.850-0300] GC(822) PSYoungGen: 451632K->592K(536064K)
[2020-08-05T16:54:15.850-0300] GC(822) ParOldGen: 104453K->104557K(113664K)
[2020-08-05T16:54:15.850-0300] GC(822) Metaspace: 110348K->110348K(1153024K)
[2020-08-05T16:54:15.850-0300] GC(822) Pause Young (Allocation Failure) 543M->102M(634M) 4.279ms
[2020-08-05T16:54:15.850-0300] GC(822) User=0.00s Sys=0.00s Real=0.00s
[2020-08-05T16:54:16.397-0300] GC(823) Pause Young (Allocation Failure)
[2020-08-05T16:54:16.401-0300] GC(823) PSYoungGen: 535632K->912K(594944K)
[2020-08-05T16:54:16.401-0300] GC(823) ParOldGen: 104557K->104685K(113664K)
[2020-08-05T16:54:16.401-0300] GC(823) Metaspace: 110348K->110348K(1153024K)
[2020-08-05T16:54:16.401-0300] GC(823) Pause Young (Allocation Failure) 625M->103M(692M) 4.160ms
[2020-08-05T16:54:16.401-0300] GC(823) User=0.00s Sys=0.00s Real=0.00s
[2020-08-05T16:54:16.945-0300] GC(824) Pause Young (Allocation Failure)
[2020-08-05T16:54:16.947-0300] GC(824) PSYoungGen: 594320K->720K(566784K)
[2020-08-05T16:54:16.947-0300] GC(824) ParOldGen: 104685K->104853K(113664K)
[2020-08-05T16:54:16.947-0300] GC(824) Metaspace: 110348K->110348K(1153024K)
[2020-08-05T16:54:16.947-0300] GC(824) Pause Young (Allocation Failure) 682M->103M(664M) 2.598ms
[2020-08-05T16:54:16.947-0300] GC(824) User=0.00s Sys=0.00s Real=0.00s
[2020-08-05T16:54:17.500-0300] GC(825) Pause Young (Allocation Failure)
[2020-08-05T16:54:17.504-0300] GC(825) PSYoungGen: 566480K->544K(540160K)
[2020-08-05T16:54:17.504-0300] GC(825) ParOldGen: 104853K->105126K(113664K)
[2020-08-05T16:54:17.504-0300] GC(825) Metaspace: 110348K->110348K(1153024K)
[2020-08-05T16:54:17.504-0300] GC(825) Pause Young (Allocation Failure) 655M->103M(638M) 3.571ms
[2020-08-05T16:54:17.504-0300] GC(825) User=0.01s Sys=0.00s Real=0.00s
[2020-08-05T16:54:18.072-0300] GC(826) Pause Young (Allocation Failure)
[2020-08-05T16:54:18.074-0300] GC(826) PSYoungGen: 539680K->784K(515072K)
[2020-08-05T16:54:18.074-0300] GC(826) ParOldGen: 105126K->105342K(113664K)
[2020-08-05T16:54:18.074-0300] GC(826) Metaspace: 110348K->110348K(1153024K)
[2020-08-05T16:54:18.074-0300] GC(826) Pause Young (Allocation Failure) 629M->103M(614M) 2.752ms
[2020-08-05T16:54:18.074-0300] GC(826) User=0.00s Sys=0.00s Real=0.01s
[2020-08-05T16:54:18.642-0300] GC(827) Pause Young (Allocation Failure)
[2020-08-05T16:54:18.646-0300] GC(827) PSYoungGen: 514832K->816K(491520K)
[2020-08-05T16:54:18.646-0300] GC(827) ParOldGen: 105342K->105494K(113664K)
[2020-08-05T16:54:18.646-0300] GC(827) Metaspace: 110348K->110348K(1153024K)
[2020-08-05T16:54:18.646-0300] GC(827) Pause Young (Allocation Failure) 605M->103M(591M) 3.999ms
[2020-08-05T16:54:18.646-0300] GC(827) User=0.01s Sys=0.00s Real=0.01s
[2020-08-05T16:54:19.110-0300] GC(828) Pause Young (Allocation Failure)
[2020-08-05T16:54:19.113-0300] GC(828) PSYoungGen: 491312K->720K(468992K)
[2020-08-05T16:54:19.113-0300] GC(828) ParOldGen: 105494K->105702K(113664K)
[2020-08-05T16:54:19.113-0300] GC(828) Metaspace: 110348K->110348K(1153024K)
[2020-08-05T16:54:19.113-0300] GC(828) Pause Young (Allocation Failure) 582M->103M(569M) 3.053ms
[2020-08-05T16:54:19.113-0300] GC(828) User=0.01s Sys=0.00s Real=0.00s
[2020-08-05T16:54:19.516-0300] GC(829) Pause Young (Allocation Failure)
[2020-08-05T16:54:19.519-0300] GC(829) PSYoungGen: 468688K->736K(448000K)
[2020-08-05T16:54:19.519-0300] GC(829) ParOldGen: 105702K->105838K(113664K)
[2020-08-05T16:54:19.519-0300] GC(829) Metaspace: 110348K->110348K(1153024K)
[2020-08-05T16:54:19.519-0300] GC(829) Pause Young (Allocation Failure) 560M->104M(548M) 2.977ms
[2020-08-05T16:54:19.519-0300] GC(829) User=0.01s Sys=0.01s Real=0.00s
[2020-08-05T16:54:19.893-0300] GC(830) Pause Young (Allocation Failure)
[2020-08-05T16:54:19.897-0300] GC(830) PSYoungGen: 447200K->960K(427008K)
[2020-08-05T16:54:19.897-0300] GC(830) ParOldGen: 105838K->106030K(113664K)
[2020-08-05T16:54:19.897-0300] GC(830) Metaspace: 110348K->110348K(1153024K)
[2020-08-05T16:54:19.897-0300] GC(830) Pause Young (Allocation Failure) 540M->104M(528M) 3.751ms
[2020-08-05T16:54:19.897-0300] GC(830) User=0.00s Sys=0.00s Real=0.01s
[2020-08-05T16:54:20.413-0300] GC(831) Pause Young (Allocation Failure)
[2020-08-05T16:54:20.417-0300] GC(831) PSYoungGen: 426944K->624K(407552K)
[2020-08-05T16:54:20.417-0300] GC(831) ParOldGen: 106030K->106150K(113664K)
[2020-08-05T16:54:20.417-0300] GC(831) Metaspace: 110348K->110348K(1153024K)
[2020-08-05T16:54:20.417-0300] GC(831) Pause Young (Allocation Failure) 520M->104M(509M) 3.512ms
[2020-08-05T16:54:20.417-0300] GC(831) User=0.00s Sys=0.00s Real=0.01s
[2020-08-05T16:54:20.776-0300] GC(832) Pause Young (Allocation Failure)
[2020-08-05T16:54:20.779-0300] GC(832) PSYoungGen: 407152K->672K(389120K)
[2020-08-05T16:54:20.779-0300] GC(832) ParOldGen: 106150K->106270K(113664K)
[2020-08-05T16:54:20.779-0300] GC(832) Metaspace: 110348K->110348K(1153024K)
[2020-08-05T16:54:20.779-0300] GC(832) Pause Young (Allocation Failure) 501M->104M(491M) 3.415ms
[2020-08-05T16:54:20.779-0300] GC(832) User=0.00s Sys=0.00s Real=0.00s
[2020-08-05T16:54:21.176-0300] GC(833) Pause Young (Allocation Failure)
[2020-08-05T16:54:21.179-0300] GC(833) PSYoungGen: 388768K->624K(371712K)
[2020-08-05T16:54:21.179-0300] GC(833) ParOldGen: 106270K->106462K(113664K)
[2020-08-05T16:54:21.179-0300] GC(833) Metaspace: 110348K->110348K(1153024K)
[2020-08-05T16:54:21.179-0300] GC(833) Pause Young (Allocation Failure) 483M->104M(474M) 3.515ms
[2020-08-05T16:54:21.179-0300] GC(833) User=0.01s Sys=0.00s Real=0.00s
[2020-08-05T16:54:21.527-0300] GC(834) Pause Young (Allocation Failure)
[2020-08-05T16:54:21.530-0300] GC(834) PSYoungGen: 371312K->712K(354816K)
[2020-08-05T16:54:21.530-0300] GC(834) ParOldGen: 106462K->106582K(113664K)
[2020-08-05T16:54:21.530-0300] GC(834) Metaspace: 110348K->110348K(1153024K)
[2020-08-05T16:54:21.530-0300] GC(834) Pause Young (Allocation Failure) 466M->104M(457M) 3.079ms
[2020-08-05T16:54:21.530-0300] GC(834) User=0.00s Sys=0.00s Real=0.00s
[2020-08-05T16:54:21.922-0300] GC(835) Pause Young (Allocation Failure)
[2020-08-05T16:54:21.925-0300] GC(835) PSYoungGen: 354504K->688K(338944K)
[2020-08-05T16:54:21.925-0300] GC(835) ParOldGen: 106582K->106806K(113664K)
[2020-08-05T16:54:21.925-0300] GC(835) Metaspace: 110348K->110348K(1153024K)
[2020-08-05T16:54:21.925-0300] GC(835) Pause Young (Allocation Failure) 450M->104M(442M) 2.856ms
[2020-08-05T16:54:21.925-0300] GC(835) User=0.00s Sys=0.00s Real=0.01s
[2020-08-05T16:54:22.232-0300] GC(836) Pause Young (Allocation Failure)
[2020-08-05T16:54:22.235-0300] GC(836) PSYoungGen: 338608K->480K(323584K)
[2020-08-05T16:54:22.235-0300] GC(836) ParOldGen: 106806K->107094K(113664K)
[2020-08-05T16:54:22.235-0300] GC(836) Metaspace: 110348K->110348K(1153024K)
[2020-08-05T16:54:22.235-0300] GC(836) Pause Young (Allocation Failure) 434M->105M(427M) 2.823ms
[2020-08-05T16:54:22.235-0300] GC(836) User=0.01s Sys=0.00s Real=0.01s
[2020-08-05T16:54:22.538-0300] GC(837) Pause Young (Allocation Failure)
[2020-08-05T16:54:22.542-0300] GC(837) PSYoungGen: 323552K->944K(309760K)
[2020-08-05T16:54:22.542-0300] GC(837) ParOldGen: 107094K->107430K(113664K)
[2020-08-05T16:54:22.542-0300] GC(837) Metaspace: 110348K->110348K(1153024K)
[2020-08-05T16:54:22.542-0300] GC(837) Pause Young (Allocation Failure) 420M->105M(413M) 3.355ms
[2020-08-05T16:54:22.542-0300] GC(837) User=0.00s Sys=0.00s Real=0.00s
[2020-08-05T16:54:22.841-0300] GC(838) Pause Young (Allocation Failure)
[2020-08-05T16:54:22.845-0300] GC(838) PSYoungGen: 309680K->992K(295936K)
[2020-08-05T16:54:22.845-0300] GC(838) ParOldGen: 107430K->107662K(113664K)
[2020-08-05T16:54:22.845-0300] GC(838) Metaspace: 110348K->110348K(1153024K)
[2020-08-05T16:54:22.845-0300] GC(838) Pause Young (Allocation Failure) 407M->106M(400M) 3.223ms
[2020-08-05T16:54:22.845-0300] GC(838) User=0.01s Sys=0.00s Real=0.01s
[2020-08-05T16:54:23.179-0300] GC(839) Pause Young (Allocation Failure)
[2020-08-05T16:54:23.182-0300] GC(839) PSYoungGen: 295904K->528K(283136K)
[2020-08-05T16:54:23.182-0300] GC(839) ParOldGen: 107662K->107830K(113664K)
[2020-08-05T16:54:23.182-0300] GC(839) Metaspace: 110348K->110348K(1153024K)
[2020-08-05T16:54:23.182-0300] GC(839) Pause Young (Allocation Failure) 394M->105M(387M) 2.878ms
[2020-08-05T16:54:23.182-0300] GC(839) User=0.01s Sys=0.00s Real=0.00s
[2020-08-05T16:54:23.449-0300] GC(840) Pause Young (Allocation Failure)
[2020-08-05T16:54:23.453-0300] GC(840) PSYoungGen: 282640K->832K(335872K)
[2020-08-05T16:54:23.453-0300] GC(840) ParOldGen: 107830K->107926K(113664K)
[2020-08-05T16:54:23.453-0300] GC(840) Metaspace: 110348K->110348K(1153024K)
[2020-08-05T16:54:23.453-0300] GC(840) Pause Young (Allocation Failure) 381M->106M(439M) 3.737ms
[2020-08-05T16:54:23.453-0300] GC(840) User=0.00s Sys=0.00s Real=0.00s
[2020-08-05T16:54:23.761-0300] GC(841) Pause Young (Allocation Failure)
[2020-08-05T16:54:23.763-0300] GC(841) PSYoungGen: 335680K->704K(397824K)
[2020-08-05T16:54:23.763-0300] GC(841) ParOldGen: 107926K->108022K(113664K)
[2020-08-05T16:54:23.763-0300] GC(841) Metaspace: 110348K->110348K(1153024K)
[2020-08-05T16:54:23.763-0300] GC(841) Pause Young (Allocation Failure) 433M->106M(499M) 2.689ms
[2020-08-05T16:54:23.763-0300] GC(841) User=0.00s Sys=0.00s Real=0.00s
[2020-08-05T16:54:24.149-0300] GC(842) Pause Young (Allocation Failure)
[2020-08-05T16:54:24.153-0300] GC(842) PSYoungGen: 397504K->976K(471040K)
[2020-08-05T16:54:24.153-0300] GC(842) ParOldGen: 108022K->108134K(113664K)
[2020-08-05T16:54:24.153-0300] GC(842) Metaspace: 110348K->110348K(1153024K)
[2020-08-05T16:54:24.153-0300] GC(842) Pause Young (Allocation Failure) 493M->106M(571M) 3.932ms
[2020-08-05T16:54:24.153-0300] GC(842) User=0.00s Sys=0.00s Real=0.00s
[2020-08-05T16:54:24.566-0300] GC(843) Pause Young (Allocation Failure)
[2020-08-05T16:54:24.570-0300] GC(843) PSYoungGen: 470992K->1024K(450048K)
[2020-08-05T16:54:24.570-0300] GC(843) ParOldGen: 108134K->108246K(113664K)
[2020-08-05T16:54:24.570-0300] GC(843) Metaspace: 110348K->110348K(1153024K)
[2020-08-05T16:54:24.570-0300] GC(843) Pause Young (Allocation Failure) 565M->106M(550M) 3.671ms
[2020-08-05T16:54:24.570-0300] GC(843) User=0.01s Sys=0.00s Real=0.00s
[2020-08-05T16:54:25.032-0300] GC(844) Pause Young (Allocation Failure)
[2020-08-05T16:54:25.036-0300] GC(844) PSYoungGen: 449536K->752K(429056K)
[2020-08-05T16:54:25.036-0300] GC(844) ParOldGen: 108246K->108438K(113664K)
[2020-08-05T16:54:25.036-0300] GC(844) Metaspace: 110348K->110348K(1153024K)
[2020-08-05T16:54:25.036-0300] GC(844) Pause Young (Allocation Failure) 544M->106M(530M) 3.576ms
[2020-08-05T16:54:25.036-0300] GC(844) User=0.01s Sys=0.00s Real=0.01s
[2020-08-05T16:54:25.594-0300] GC(845) Pause Young (Allocation Failure)
[2020-08-05T16:54:25.599-0300] GC(845) PSYoungGen: 428784K->928K(409600K)
[2020-08-05T16:54:25.599-0300] GC(845) ParOldGen: 108438K->108566K(113664K)
[2020-08-05T16:54:25.599-0300] GC(845) Metaspace: 110348K->110348K(1153024K)
[2020-08-05T16:54:25.599-0300] GC(845) Pause Young (Allocation Failure) 524M->106M(511M) 4.879ms
[2020-08-05T16:54:25.599-0300] GC(845) User=0.01s Sys=0.01s Real=0.00s
[2020-08-05T16:54:25.978-0300] GC(846) Pause Young (Allocation Failure)
[2020-08-05T16:54:25.981-0300] GC(846) PSYoungGen: 409504K->448K(390656K)
[2020-08-05T16:54:25.981-0300] GC(846) ParOldGen: 108566K->108702K(113664K)
[2020-08-05T16:54:25.981-0300] GC(846) Metaspace: 110348K->110348K(1153024K)
[2020-08-05T16:54:25.981-0300] GC(846) Pause Young (Allocation Failure) 505M->106M(492M) 2.559ms
[2020-08-05T16:54:25.981-0300] GC(846) User=0.01s Sys=0.00s Real=0.00s
[2020-08-05T16:54:26.381-0300] GC(847) Pause Young (Allocation Failure)
[2020-08-05T16:54:26.385-0300] GC(847) PSYoungGen: 390592K->640K(374272K)
[2020-08-05T16:54:26.385-0300] GC(847) ParOldGen: 108702K->108814K(113664K)
[2020-08-05T16:54:26.385-0300] GC(847) Metaspace: 110348K->110348K(1153024K)
[2020-08-05T16:54:26.385-0300] GC(847) Pause Young (Allocation Failure) 487M->106M(476M) 3.288ms
[2020-08-05T16:54:26.385-0300] GC(847) User=0.01s Sys=0.01s Real=0.01s
[2020-08-05T16:54:26.707-0300] GC(848) Pause Young (Allocation Failure)
[2020-08-05T16:54:26.711-0300] GC(848) PSYoungGen: 373376K->832K(356864K)
[2020-08-05T16:54:26.711-0300] GC(848) ParOldGen: 108814K->108926K(113664K)
[2020-08-05T16:54:26.711-0300] GC(848) Metaspace: 110348K->110348K(1153024K)
[2020-08-05T16:54:26.711-0300] GC(848) Pause Young (Allocation Failure) 470M->107M(459M) 3.275ms
[2020-08-05T16:54:26.711-0300] GC(848) User=0.00s Sys=0.00s Real=0.00s
[2020-08-05T16:54:27.016-0300] GC(849) Pause Young (Allocation Failure)
[2020-08-05T16:54:27.020-0300] GC(849) PSYoungGen: 356672K->912K(340992K)
[2020-08-05T16:54:27.020-0300] GC(849) ParOldGen: 108926K->109118K(113664K)
[2020-08-05T16:54:27.020-0300] GC(849) Metaspace: 110348K->110348K(1153024K)
[2020-08-05T16:54:27.020-0300] GC(849) Pause Young (Allocation Failure) 454M->107M(444M) 3.784ms
[2020-08-05T16:54:27.020-0300] GC(849) User=0.01s Sys=0.00s Real=0.00s
[2020-08-05T16:54:27.310-0300] GC(850) Pause Young (Allocation Failure)
[2020-08-05T16:54:27.313-0300] GC(850) PSYoungGen: 340880K->864K(403968K)
[2020-08-05T16:54:27.313-0300] GC(850) ParOldGen: 109118K->109222K(113664K)
[2020-08-05T16:54:27.313-0300] GC(850) Metaspace: 110348K->110348K(1153024K)
[2020-08-05T16:54:27.313-0300] GC(850) Pause Young (Allocation Failure) 439M->107M(505M) 3.515ms
[2020-08-05T16:54:27.313-0300] GC(850) User=0.01s Sys=0.00s Real=0.00s
[2020-08-05T16:54:27.640-0300] GC(851) Pause Young (Allocation Failure)
[2020-08-05T16:54:27.644-0300] GC(851) PSYoungGen: 403808K->896K(479232K)
[2020-08-05T16:54:27.644-0300] GC(851) ParOldGen: 109222K->109390K(113664K)
[2020-08-05T16:54:27.644-0300] GC(851) Metaspace: 110348K->110348K(1153024K)
[2020-08-05T16:54:27.644-0300] GC(851) Pause Young (Allocation Failure) 501M->107M(579M) 4.007ms
[2020-08-05T16:54:27.644-0300] GC(851) User=0.00s Sys=0.00s Real=0.01s
[2020-08-05T16:54:28.098-0300] GC(852) Pause Young (Allocation Failure)
[2020-08-05T16:54:28.102-0300] GC(852) PSYoungGen: 479104K->992K(567808K)
[2020-08-05T16:54:28.102-0300] GC(852) ParOldGen: 109390K->109518K(113664K)
[2020-08-05T16:54:28.102-0300] GC(852) Metaspace: 110348K->110348K(1153024K)
[2020-08-05T16:54:28.102-0300] GC(852) Pause Young (Allocation Failure) 574M->107M(665M) 3.579ms
[2020-08-05T16:54:28.102-0300] GC(852) User=0.01s Sys=0.00s Real=0.00s
[2020-08-05T16:54:28.605-0300] GC(853) Pause Young (Allocation Failure)
[2020-08-05T16:54:28.608-0300] GC(853) PSYoungGen: 567776K->992K(541184K)
[2020-08-05T16:54:28.608-0300] GC(853) ParOldGen: 109518K->109699K(113664K)
[2020-08-05T16:54:28.608-0300] GC(853) Metaspace: 110348K->110348K(1153024K)
[2020-08-05T16:54:28.608-0300] GC(853) Pause Young (Allocation Failure) 661M->108M(639M) 3.563ms
[2020-08-05T16:54:28.609-0300] GC(853) User=0.01s Sys=0.00s Real=0.00s
[2020-08-05T16:54:29.159-0300] GC(854) Pause Young (Allocation Failure)
[2020-08-05T16:54:29.162-0300] GC(854) PSYoungGen: 541152K->528K(516096K)
[2020-08-05T16:54:29.162-0300] GC(854) ParOldGen: 109699K->109843K(113664K)
[2020-08-05T16:54:29.162-0300] GC(854) Metaspace: 110348K->110348K(1153024K)
[2020-08-05T16:54:29.162-0300] GC(854) Pause Young (Allocation Failure) 635M->107M(615M) 3.603ms
[2020-08-05T16:54:29.162-0300] GC(854) User=0.01s Sys=0.00s Real=0.00s
[2020-08-05T16:54:29.663-0300] GC(855) Pause Young (Allocation Failure)
[2020-08-05T16:54:29.667-0300] GC(855) PSYoungGen: 515600K->704K(492032K)
[2020-08-05T16:54:29.667-0300] GC(855) ParOldGen: 109843K->109995K(113664K)
[2020-08-05T16:54:29.667-0300] GC(855) Metaspace: 110348K->110348K(1153024K)
[2020-08-05T16:54:29.667-0300] GC(855) Pause Young (Allocation Failure) 610M->108M(591M) 3.458ms
[2020-08-05T16:54:29.667-0300] GC(855) User=0.00s Sys=0.00s Real=0.01s
[2020-08-05T16:54:30.124-0300] GC(856) Pause Young (Allocation Failure)
[2020-08-05T16:54:30.127-0300] GC(856) PSYoungGen: 491712K->864K(469504K)
[2020-08-05T16:54:30.127-0300] GC(856) ParOldGen: 109995K->110139K(113664K)
[2020-08-05T16:54:30.127-0300] GC(856) Metaspace: 110348K->110348K(1153024K)
[2020-08-05T16:54:30.127-0300] GC(856) Pause Young (Allocation Failure) 587M->108M(569M) 3.058ms
[2020-08-05T16:54:30.127-0300] GC(856) User=0.01s Sys=0.00s Real=0.00s
[2020-08-05T16:54:30.765-0300] GC(857) Pause Young (Allocation Failure)
[2020-08-05T16:54:30.768-0300] GC(857) PSYoungGen: 469344K->768K(448000K)
[2020-08-05T16:54:30.768-0300] GC(857) ParOldGen: 110139K->110283K(113664K)
[2020-08-05T16:54:30.768-0300] GC(857) Metaspace: 110348K->110348K(1153024K)
[2020-08-05T16:54:30.768-0300] GC(857) Pause Young (Allocation Failure) 565M->108M(548M) 2.777ms
[2020-08-05T16:54:30.768-0300] GC(857) User=0.01s Sys=0.00s Real=0.00s
[2020-08-05T16:54:31.235-0300] GC(858) Pause Young (Allocation Failure)
[2020-08-05T16:54:31.238-0300] GC(858) PSYoungGen: 447744K->864K(427520K)
[2020-08-05T16:54:31.238-0300] GC(858) ParOldGen: 110283K->110419K(113664K)
[2020-08-05T16:54:31.238-0300] GC(858) Metaspace: 110348K->110348K(1153024K)
[2020-08-05T16:54:31.238-0300] GC(858) Pause Young (Allocation Failure) 544M->108M(528M) 2.973ms
[2020-08-05T16:54:31.238-0300] GC(858) User=0.01s Sys=0.00s Real=0.00s
[2020-08-05T16:54:31.662-0300] GC(859) Pause Young (Allocation Failure)
[2020-08-05T16:54:31.667-0300] GC(859) PSYoungGen: 427360K->632K(408064K)
[2020-08-05T16:54:31.667-0300] GC(859) ParOldGen: 110419K->110651K(113664K)
[2020-08-05T16:54:31.667-0300] GC(859) Metaspace: 110348K->110348K(1153024K)
[2020-08-05T16:54:31.667-0300] GC(859) Pause Young (Allocation Failure) 525M->108M(509M) 5.015ms
[2020-08-05T16:54:31.667-0300] GC(859) User=0.00s Sys=0.00s Real=0.01s
[2020-08-05T16:54:32.087-0300] GC(860) Pause Young (Allocation Failure)
[2020-08-05T16:54:32.090-0300] GC(860) PSYoungGen: 407672K->688K(389632K)
[2020-08-05T16:54:32.090-0300] GC(860) ParOldGen: 110651K->110779K(113664K)
[2020-08-05T16:54:32.090-0300] GC(860) Metaspace: 110348K->110348K(1153024K)
[2020-08-05T16:54:32.090-0300] GC(860) Pause Young (Allocation Failure) 506M->108M(491M) 3.202ms
[2020-08-05T16:54:32.090-0300] GC(860) User=0.01s Sys=0.00s Real=0.00s
[2020-08-05T16:54:32.447-0300] GC(861) Pause Young (Allocation Failure)
[2020-08-05T16:54:32.450-0300] GC(861) PSYoungGen: 389296K->560K(372224K)
[2020-08-05T16:54:32.450-0300] GC(861) ParOldGen: 110779K->110899K(113664K)
[2020-08-05T16:54:32.450-0300] GC(861) Metaspace: 110348K->110348K(1153024K)
[2020-08-05T16:54:32.450-0300] GC(861) Pause Young (Allocation Failure) 488M->108M(474M) 2.851ms
[2020-08-05T16:54:32.450-0300] GC(861) User=0.01s Sys=0.00s Real=0.00s
[2020-08-05T16:54:32.794-0300] GC(862) Pause Young (Allocation Failure)
[2020-08-05T16:54:32.798-0300] GC(862) PSYoungGen: 371760K->976K(355328K)
[2020-08-05T16:54:32.798-0300] GC(862) ParOldGen: 110899K->111011K(113664K)
[2020-08-05T16:54:32.798-0300] GC(862) Metaspace: 110348K->110348K(1153024K)
[2020-08-05T16:54:32.798-0300] GC(862) Pause Young (Allocation Failure) 471M->109M(458M) 3.542ms
[2020-08-05T16:54:32.798-0300] GC(862) User=0.01s Sys=0.00s Real=0.00s
[2020-08-05T16:54:33.126-0300] GC(863) Pause Young (Allocation Failure)
[2020-08-05T16:54:33.129-0300] GC(863) PSYoungGen: 355280K->640K(339456K)
[2020-08-05T16:54:33.129-0300] GC(863) ParOldGen: 111011K->111163K(113664K)
[2020-08-05T16:54:33.129-0300] GC(863) Metaspace: 110348K->110348K(1153024K)
[2020-08-05T16:54:33.129-0300] GC(863) Pause Young (Allocation Failure) 455M->109M(442M) 3.238ms
[2020-08-05T16:54:33.129-0300] GC(863) User=0.01s Sys=0.00s Real=0.00s
[2020-08-05T16:54:33.427-0300] GC(864) Pause Young (Allocation Failure)
[2020-08-05T16:54:33.431-0300] GC(864) PSYoungGen: 339072K->832K(324608K)
[2020-08-05T16:54:33.431-0300] GC(864) ParOldGen: 111163K->111327K(113664K)
[2020-08-05T16:54:33.431-0300] GC(864) Metaspace: 110348K->110348K(1153024K)
[2020-08-05T16:54:33.431-0300] GC(864) Pause Young (Allocation Failure) 439M->109M(428M) 3.317ms
[2020-08-05T16:54:33.431-0300] GC(864) User=0.01s Sys=0.00s Real=0.00s
[2020-08-05T16:54:33.719-0300] GC(865) Pause Young (Allocation Failure)
[2020-08-05T16:54:33.722-0300] GC(865) PSYoungGen: 324416K->800K(310272K)
[2020-08-05T16:54:33.722-0300] GC(865) ParOldGen: 111327K->111447K(113664K)
[2020-08-05T16:54:33.722-0300] GC(865) Metaspace: 110349K->110349K(1153024K)
[2020-08-05T16:54:33.722-0300] GC(865) Pause Young (Allocation Failure) 425M->109M(414M) 3.113ms
[2020-08-05T16:54:33.722-0300] GC(865) User=0.00s Sys=0.00s Real=0.00s
[2020-08-05T16:54:34.026-0300] GC(866) Pause Young (Allocation Failure)
[2020-08-05T16:54:34.029-0300] GC(866) PSYoungGen: 310048K->624K(367616K)
[2020-08-05T16:54:34.029-0300] GC(866) ParOldGen: 111447K->111543K(113664K)
[2020-08-05T16:54:34.029-0300] GC(866) Metaspace: 110349K->110349K(1153024K)
[2020-08-05T16:54:34.029-0300] GC(866) Pause Young (Allocation Failure) 411M->109M(470M) 3.523ms
[2020-08-05T16:54:34.029-0300] GC(866) User=0.00s Sys=0.00s Real=0.00s
[2020-08-05T16:54:34.358-0300] GC(867) Pause Young (Allocation Failure)
[2020-08-05T16:54:34.361-0300] GC(867) PSYoungGen: 367216K->736K(435712K)
[2020-08-05T16:54:34.361-0300] GC(867) ParOldGen: 111543K->111647K(113664K)
[2020-08-05T16:54:34.361-0300] GC(867) Metaspace: 110349K->110349K(1153024K)
[2020-08-05T16:54:34.361-0300] GC(867) Pause Young (Allocation Failure) 467M->109M(536M) 3.262ms
[2020-08-05T16:54:34.361-0300] GC(867) User=0.01s Sys=0.00s Real=0.00s
[2020-08-05T16:54:34.727-0300] GC(868) Pause Young (Allocation Failure)
[2020-08-05T16:54:34.730-0300] GC(868) PSYoungGen: 435424K->800K(415744K)
[2020-08-05T16:54:34.730-0300] GC(868) ParOldGen: 111647K->111759K(113664K)
[2020-08-05T16:54:34.730-0300] GC(868) Metaspace: 110349K->110349K(1153024K)
[2020-08-05T16:54:34.730-0300] GC(868) Pause Young (Allocation Failure) 534M->109M(517M) 3.064ms
[2020-08-05T16:54:34.730-0300] GC(868) User=0.01s Sys=0.00s Real=0.00s
[2020-08-05T16:54:35.096-0300] GC(869) Pause Young (Allocation Failure)
[2020-08-05T16:54:35.099-0300] GC(869) PSYoungGen: 415520K->768K(396800K)
[2020-08-05T16:54:35.099-0300] GC(869) ParOldGen: 111759K->111927K(113664K)
[2020-08-05T16:54:35.099-0300] GC(869) Metaspace: 110349K->110349K(1153024K)
[2020-08-05T16:54:35.099-0300] GC(869) Pause Young (Allocation Failure) 514M->110M(498M) 3.150ms
[2020-08-05T16:54:35.099-0300] GC(869) User=0.01s Sys=0.00s Real=0.00s
[2020-08-05T16:54:35.573-0300] GC(870) Pause Young (Allocation Failure)
[2020-08-05T16:54:35.576-0300] GC(870) PSYoungGen: 396544K->736K(378880K)
[2020-08-05T16:54:35.576-0300] GC(870) ParOldGen: 111927K->112047K(113664K)
[2020-08-05T16:54:35.576-0300] GC(870) Metaspace: 110349K->110349K(1153024K)
[2020-08-05T16:54:35.576-0300] GC(870) Pause Young (Allocation Failure) 496M->110M(481M) 2.587ms
[2020-08-05T16:54:35.576-0300] GC(870) User=0.00s Sys=0.00s Real=0.01s
[2020-08-05T16:54:36.012-0300] GC(871) Pause Young (Allocation Failure)
[2020-08-05T16:54:36.015-0300] GC(871) PSYoungGen: 378592K->432K(361472K)
[2020-08-05T16:54:36.015-0300] GC(871) ParOldGen: 112047K->112151K(113664K)
[2020-08-05T16:54:36.015-0300] GC(871) Metaspace: 110349K->110349K(1153024K)
[2020-08-05T16:54:36.015-0300] GC(871) Pause Young (Allocation Failure) 479M->109M(464M) 2.770ms
[2020-08-05T16:54:36.015-0300] GC(871) User=0.01s Sys=0.00s Real=0.01s
[2020-08-05T16:54:36.391-0300] GC(872) Pause Young (Allocation Failure)
[2020-08-05T16:54:36.394-0300] GC(872) PSYoungGen: 361392K->688K(345600K)
[2020-08-05T16:54:36.394-0300] GC(872) ParOldGen: 112151K->112263K(113664K)
[2020-08-05T16:54:36.394-0300] GC(872) Metaspace: 110349K->110349K(1153024K)
[2020-08-05T16:54:36.394-0300] GC(872) Pause Young (Allocation Failure) 462M->110M(448M) 2.848ms
[2020-08-05T16:54:36.394-0300] GC(872) User=0.00s Sys=0.00s Real=0.01s
[2020-08-05T16:54:36.701-0300] GC(873) Pause Young (Allocation Failure)
[2020-08-05T16:54:36.703-0300] GC(873) PSYoungGen: 345264K->560K(330240K)
[2020-08-05T16:54:36.703-0300] GC(873) ParOldGen: 112263K->112367K(113664K)
[2020-08-05T16:54:36.703-0300] GC(873) Metaspace: 110349K->110349K(1153024K)
[2020-08-05T16:54:36.703-0300] GC(873) Pause Young (Allocation Failure) 446M->110M(433M) 2.565ms
[2020-08-05T16:54:36.703-0300] GC(873) User=0.00s Sys=0.00s Real=0.00s
[2020-08-05T16:54:37.036-0300] GC(874) Pause Young (Allocation Failure)
[2020-08-05T16:54:37.039-0300] GC(874) PSYoungGen: 329776K->480K(314880K)
[2020-08-05T16:54:37.039-0300] GC(874) ParOldGen: 112367K->112655K(113664K)
[2020-08-05T16:54:37.040-0300] GC(874) Metaspace: 110349K->110349K(1153024K)
[2020-08-05T16:54:37.040-0300] GC(874) Pause Young (Allocation Failure) 431M->110M(418M) 3.115ms
[2020-08-05T16:54:37.040-0300] GC(874) User=0.00s Sys=0.00s Real=0.00s
[2020-08-05T16:54:37.317-0300] GC(875) Pause Young (Allocation Failure)
[2020-08-05T16:54:37.320-0300] GC(875) PSYoungGen: 314848K->704K(301568K)
[2020-08-05T16:54:37.320-0300] GC(875) ParOldGen: 112655K->112959K(113664K)
[2020-08-05T16:54:37.320-0300] GC(875) Metaspace: 110349K->110349K(1153024K)
[2020-08-05T16:54:37.320-0300] GC(875) Pause Young (Allocation Failure) 417M->110M(405M) 3.896ms
[2020-08-05T16:54:37.320-0300] GC(875) User=0.01s Sys=0.00s Real=0.00s
[2020-08-05T16:54:37.583-0300] GC(876) Pause Young (Allocation Failure)
[2020-08-05T16:54:37.585-0300] GC(876) PSYoungGen: 301248K->464K(287744K)
[2020-08-05T16:54:37.585-0300] GC(876) ParOldGen: 112959K->113087K(113664K)
[2020-08-05T16:54:37.585-0300] GC(876) Metaspace: 110349K->110349K(1153024K)
[2020-08-05T16:54:37.585-0300] GC(876) Pause Young (Allocation Failure) 404M->110M(392M) 2.402ms
[2020-08-05T16:54:37.585-0300] GC(876) User=0.00s Sys=0.00s Real=0.01s
[2020-08-05T16:54:37.884-0300] GC(877) Pause Young (Allocation Failure)
[2020-08-05T16:54:37.887-0300] GC(877) PSYoungGen: 287696K->784K(342016K)
[2020-08-05T16:54:37.887-0300] GC(877) ParOldGen: 113087K->113199K(113664K)
[2020-08-05T16:54:37.887-0300] GC(877) Metaspace: 110349K->110349K(1153024K)
[2020-08-05T16:54:37.887-0300] GC(877) Pause Young (Allocation Failure) 391M->111M(445M) 3.243ms
[2020-08-05T16:54:37.887-0300] GC(877) User=0.01s Sys=0.00s Real=0.00s
[2020-08-05T16:54:38.222-0300] GC(878) Pause Young (Allocation Failure)
[2020-08-05T16:54:38.225-0300] GC(878) PSYoungGen: 341776K->592K(326656K)
[2020-08-05T16:54:38.225-0300] GC(878) ParOldGen: 113199K->113295K(113664K)
[2020-08-05T16:54:38.225-0300] GC(878) Metaspace: 110349K->110349K(1153024K)
[2020-08-05T16:54:38.225-0300] GC(878) Pause Young (Allocation Failure) 444M->111M(430M) 3.013ms
[2020-08-05T16:54:38.225-0300] GC(878) User=0.00s Sys=0.00s Real=0.01s
[2020-08-05T16:54:38.536-0300] GC(879) Pause Young (Allocation Failure)
[2020-08-05T16:54:38.540-0300] GC(879) PSYoungGen: 326224K->832K(387584K)
[2020-08-05T16:54:38.540-0300] GC(879) ParOldGen: 113295K->113455K(113664K)
[2020-08-05T16:54:38.540-0300] GC(879) Metaspace: 110349K->110349K(1153024K)
[2020-08-05T16:54:38.540-0300] GC(879) Pause Young (Allocation Failure) 429M->111M(489M) 3.827ms
[2020-08-05T16:54:38.540-0300] GC(879) User=0.00s Sys=0.00s Real=0.00s
[2020-08-05T16:54:38.540-0300] GC(880) Pause Full (Ergonomics)
[2020-08-05T16:54:38.540-0300] GC(880) Marking Phase
[2020-08-05T16:54:38.609-0300] GC(880) Marking Phase 68.916ms
[2020-08-05T16:54:38.609-0300] GC(880) Summary Phase
[2020-08-05T16:54:38.609-0300] GC(880) Summary Phase 0.014ms
[2020-08-05T16:54:38.609-0300] GC(880) Adjust Roots
[2020-08-05T16:54:38.628-0300] GC(880) Adjust Roots 19.144ms
[2020-08-05T16:54:38.628-0300] GC(880) Compaction Phase
[2020-08-05T16:54:38.666-0300] GC(880) Compaction Phase 37.204ms
[2020-08-05T16:54:38.666-0300] GC(880) Post Compact
[2020-08-05T16:54:38.666-0300] GC(880) Post Compact 0.565ms
[2020-08-05T16:54:38.666-0300] GC(880) PSYoungGen: 832K->0K(457728K)
[2020-08-05T16:54:38.666-0300] GC(880) ParOldGen: 113455K->80705K(118272K)
[2020-08-05T16:54:38.666-0300] GC(880) Metaspace: 110349K->110349K(1153024K)
[2020-08-05T16:54:38.666-0300] GC(880) Pause Full (Ergonomics) 111M->78M(562M) 126.116ms
[2020-08-05T16:54:38.666-0300] GC(880) User=0.40s Sys=0.00s Real=0.13s
[2020-08-05T16:54:39.045-0300] GC(881) Pause Young (Allocation Failure)
[2020-08-05T16:54:39.049-0300] GC(881) PSYoungGen: 457216K->1008K(541696K)
[2020-08-05T16:54:39.049-0300] GC(881) ParOldGen: 80705K->81161K(118272K)
[2020-08-05T16:54:39.049-0300] GC(881) Metaspace: 110349K->110349K(1153024K)
[2020-08-05T16:54:39.049-0300] GC(881) Pause Young (Allocation Failure) 525M->80M(644M) 4.518ms
[2020-08-05T16:54:39.049-0300] GC(881) User=0.01s Sys=0.00s Real=0.00s
[2020-08-05T16:54:39.536-0300] GC(882) Pause Young (Allocation Failure)
[2020-08-05T16:54:39.540-0300] GC(882) PSYoungGen: 541680K->896K(516608K)
[2020-08-05T16:54:39.540-0300] GC(882) ParOldGen: 81161K->81993K(118272K)
[2020-08-05T16:54:39.540-0300] GC(882) Metaspace: 110349K->110349K(1153024K)
[2020-08-05T16:54:39.540-0300] GC(882) Pause Young (Allocation Failure) 608M->80M(620M) 3.825ms
[2020-08-05T16:54:39.540-0300] GC(882) User=0.00s Sys=0.00s Real=0.00s
[2020-08-05T16:54:40.048-0300] GC(883) Pause Young (Allocation Failure)
[2020-08-05T16:54:40.052-0300] GC(883) PSYoungGen: 516480K->534K(493056K)
[2020-08-05T16:54:40.052-0300] GC(883) ParOldGen: 81993K->82393K(118272K)
[2020-08-05T16:54:40.052-0300] GC(883) Metaspace: 110349K->110349K(1153024K)
[2020-08-05T16:54:40.052-0300] GC(883) Pause Young (Allocation Failure) 584M->80M(597M) 3.988ms
[2020-08-05T16:54:40.052-0300] GC(883) User=0.01s Sys=0.00s Real=0.00s
[2020-08-05T16:54:40.709-0300] GC(884) Pause Young (Allocation Failure)
[2020-08-05T16:54:40.712-0300] GC(884) PSYoungGen: 492566K->912K(470528K)
[2020-08-05T16:54:40.713-0300] GC(884) ParOldGen: 82393K->82545K(118272K)
[2020-08-05T16:54:40.713-0300] GC(884) Metaspace: 110349K->110349K(1153024K)
[2020-08-05T16:54:40.713-0300] GC(884) Pause Young (Allocation Failure) 561M->81M(575M) 3.126ms
[2020-08-05T16:54:40.713-0300] GC(884) User=0.01s Sys=0.00s Real=0.00s
[2020-08-05T16:54:41.145-0300] GC(885) Pause Young (Allocation Failure)
[2020-08-05T16:54:41.149-0300] GC(885) PSYoungGen: 470416K->784K(449024K)
[2020-08-05T16:54:41.149-0300] GC(885) ParOldGen: 82545K->82681K(118272K)
[2020-08-05T16:54:41.149-0300] GC(885) Metaspace: 110349K->110349K(1153024K)
[2020-08-05T16:54:41.149-0300] GC(885) Pause Young (Allocation Failure) 540M->81M(554M) 3.510ms
[2020-08-05T16:54:41.149-0300] GC(885) User=0.00s Sys=0.00s Real=0.00s
[2020-08-05T16:54:41.552-0300] GC(886) Pause Young (Allocation Failure)
[2020-08-05T16:54:41.555-0300] GC(886) PSYoungGen: 448784K->576K(428544K)
[2020-08-05T16:54:41.555-0300] GC(886) ParOldGen: 82681K->82865K(118272K)
[2020-08-05T16:54:41.555-0300] GC(886) Metaspace: 110349K->110349K(1153024K)
[2020-08-05T16:54:41.555-0300] GC(886) Pause Young (Allocation Failure) 519M->81M(534M) 2.542ms
[2020-08-05T16:54:41.555-0300] GC(886) User=0.01s Sys=0.00s Real=0.01s
[2020-08-05T16:54:41.934-0300] GC(887) Pause Young (Allocation Failure)
[2020-08-05T16:54:41.938-0300] GC(887) PSYoungGen: 428096K->624K(409088K)
[2020-08-05T16:54:41.938-0300] GC(887) ParOldGen: 82865K->82985K(118272K)
[2020-08-05T16:54:41.938-0300] GC(887) Metaspace: 110349K->110349K(1153024K)
[2020-08-05T16:54:41.938-0300] GC(887) Pause Young (Allocation Failure) 498M->81M(515M) 3.821ms
[2020-08-05T16:54:41.938-0300] GC(887) User=0.01s Sys=0.00s Real=0.00s
[2020-08-05T16:54:42.350-0300] GC(888) Pause Young (Allocation Failure)
[2020-08-05T16:54:42.353-0300] GC(888) PSYoungGen: 408688K->592K(390656K)
[2020-08-05T16:54:42.353-0300] GC(888) ParOldGen: 82985K->83105K(118272K)
[2020-08-05T16:54:42.353-0300] GC(888) Metaspace: 110349K->110349K(1153024K)
[2020-08-05T16:54:42.353-0300] GC(888) Pause Young (Allocation Failure) 480M->81M(497M) 2.630ms
[2020-08-05T16:54:42.353-0300] GC(888) User=0.01s Sys=0.00s Real=0.00s
[2020-08-05T16:54:42.699-0300] GC(889) Pause Young (Allocation Failure)
[2020-08-05T16:54:42.702-0300] GC(889) PSYoungGen: 390224K->976K(373248K)
[2020-08-05T16:54:42.702-0300] GC(889) ParOldGen: 83105K->83241K(118272K)
[2020-08-05T16:54:42.702-0300] GC(889) Metaspace: 110349K->110349K(1153024K)
[2020-08-05T16:54:42.702-0300] GC(889) Pause Young (Allocation Failure) 462M->82M(480M) 2.937ms
[2020-08-05T16:54:42.702-0300] GC(889) User=0.00s Sys=0.00s Real=0.00s
[2020-08-05T16:54:43.015-0300] GC(890) Pause Young (Allocation Failure)
[2020-08-05T16:54:43.019-0300] GC(890) PSYoungGen: 373200K->816K(356352K)
[2020-08-05T16:54:43.019-0300] GC(890) ParOldGen: 83241K->83401K(118272K)
[2020-08-05T16:54:43.019-0300] GC(890) Metaspace: 110349K->110349K(1153024K)
[2020-08-05T16:54:43.019-0300] GC(890) Pause Young (Allocation Failure) 445M->82M(463M) 4.001ms
[2020-08-05T16:54:43.019-0300] GC(890) User=0.01s Sys=0.00s Real=0.00s
[2020-08-05T16:54:43.308-0300] GC(891) Pause Young (Allocation Failure)
[2020-08-05T16:54:43.312-0300] GC(891) PSYoungGen: 356144K->1216K(421376K)
[2020-08-05T16:54:43.312-0300] GC(891) ParOldGen: 83401K->83561K(118272K)
[2020-08-05T16:54:43.312-0300] GC(891) Metaspace: 110349K->110349K(1153024K)
[2020-08-05T16:54:43.312-0300] GC(891) Pause Young (Allocation Failure) 429M->82M(527M) 3.534ms
[2020-08-05T16:54:43.312-0300] GC(891) User=0.00s Sys=0.00s Real=0.00s
[2020-08-05T16:54:43.689-0300] GC(892) Pause Young (Allocation Failure)
[2020-08-05T16:54:43.692-0300] GC(892) PSYoungGen: 421056K->704K(401920K)
[2020-08-05T16:54:43.692-0300] GC(892) ParOldGen: 83561K->83665K(118272K)
[2020-08-05T16:54:43.692-0300] GC(892) Metaspace: 110349K->110349K(1153024K)
[2020-08-05T16:54:43.692-0300] GC(892) Pause Young (Allocation Failure) 492M->82M(508M) 2.584ms
[2020-08-05T16:54:43.692-0300] GC(892) User=0.00s Sys=0.00s Real=0.00s
[2020-08-05T16:54:44.066-0300] GC(893) Pause Young (Allocation Failure)
[2020-08-05T16:54:44.069-0300] GC(893) PSYoungGen: 401600K->784K(384000K)
[2020-08-05T16:54:44.069-0300] GC(893) ParOldGen: 83665K->83861K(118272K)
[2020-08-05T16:54:44.069-0300] GC(893) Metaspace: 110349K->110349K(1153024K)
[2020-08-05T16:54:44.069-0300] GC(893) Pause Young (Allocation Failure) 473M->82M(490M) 2.963ms
[2020-08-05T16:54:44.069-0300] GC(893) User=0.00s Sys=0.00s Real=0.00s
[2020-08-05T16:54:44.449-0300] GC(894) Pause Young (Allocation Failure)
[2020-08-05T16:54:44.452-0300] GC(894) PSYoungGen: 383760K->896K(366592K)
[2020-08-05T16:54:44.452-0300] GC(894) ParOldGen: 83861K->83973K(118272K)
[2020-08-05T16:54:44.452-0300] GC(894) Metaspace: 110349K->110349K(1153024K)
[2020-08-05T16:54:44.452-0300] GC(894) Pause Young (Allocation Failure) 456M->82M(473M) 3.092ms
[2020-08-05T16:54:44.452-0300] GC(894) User=0.01s Sys=0.00s Real=0.00s
[2020-08-05T16:54:44.787-0300] GC(895) Pause Young (Allocation Failure)
[2020-08-05T16:54:44.789-0300] GC(895) PSYoungGen: 366464K->512K(350208K)
[2020-08-05T16:54:44.789-0300] GC(895) ParOldGen: 83973K->84109K(118272K)
[2020-08-05T16:54:44.789-0300] GC(895) Metaspace: 110349K->110349K(1153024K)
[2020-08-05T16:54:44.789-0300] GC(895) Pause Young (Allocation Failure) 439M->82M(457M) 2.322ms
[2020-08-05T16:54:44.789-0300] GC(895) User=0.00s Sys=0.00s Real=0.00s
[2020-08-05T16:54:45.118-0300] GC(896) Pause Young (Allocation Failure)
[2020-08-05T16:54:45.121-0300] GC(896) PSYoungGen: 349696K->832K(334848K)
[2020-08-05T16:54:45.121-0300] GC(896) ParOldGen: 84109K->84213K(118272K)
[2020-08-05T16:54:45.121-0300] GC(896) Metaspace: 110349K->110349K(1153024K)
[2020-08-05T16:54:45.121-0300] GC(896) Pause Young (Allocation Failure) 423M->83M(442M) 2.660ms
[2020-08-05T16:54:45.121-0300] GC(896) User=0.01s Sys=0.00s Real=0.00s
[2020-08-05T16:54:45.588-0300] GC(897) Pause Young (Allocation Failure)
[2020-08-05T16:54:45.591-0300] GC(897) PSYoungGen: 334656K->560K(320000K)
[2020-08-05T16:54:45.591-0300] GC(897) ParOldGen: 84213K->84381K(118272K)
[2020-08-05T16:54:45.591-0300] GC(897) Metaspace: 110349K->110349K(1153024K)
[2020-08-05T16:54:45.591-0300] GC(897) Pause Young (Allocation Failure) 409M->82M(428M) 3.103ms
[2020-08-05T16:54:45.591-0300] GC(897) User=0.00s Sys=0.00s Real=0.00s
[2020-08-05T16:54:45.911-0300] GC(898) Pause Young (Allocation Failure)
[2020-08-05T16:54:45.914-0300] GC(898) PSYoungGen: 319536K->736K(306176K)
[2020-08-05T16:54:45.914-0300] GC(898) ParOldGen: 84381K->84477K(118272K)
[2020-08-05T16:54:45.914-0300] GC(898) Metaspace: 110349K->110349K(1153024K)
[2020-08-05T16:54:45.914-0300] GC(898) Pause Young (Allocation Failure) 394M->83M(414M) 3.389ms
[2020-08-05T16:54:45.914-0300] GC(898) User=0.01s Sys=0.00s Real=0.01s
[2020-08-05T16:54:46.226-0300] GC(899) Pause Young (Allocation Failure)
[2020-08-05T16:54:46.229-0300] GC(899) PSYoungGen: 305888K->528K(292864K)
[2020-08-05T16:54:46.229-0300] GC(899) ParOldGen: 84477K->84589K(118272K)
[2020-08-05T16:54:46.229-0300] GC(899) Metaspace: 110349K->110349K(1153024K)
[2020-08-05T16:54:46.229-0300] GC(899) Pause Young (Allocation Failure) 381M->83M(401M) 3.161ms
[2020-08-05T16:54:46.229-0300] GC(899) User=0.01s Sys=0.00s Real=0.00s
[2020-08-05T16:54:46.525-0300] GC(900) Pause Young (Allocation Failure)
[2020-08-05T16:54:46.529-0300] GC(900) PSYoungGen: 292368K->704K(280064K)
[2020-08-05T16:54:46.529-0300] GC(900) ParOldGen: 84589K->84677K(118272K)
[2020-08-05T16:54:46.529-0300] GC(900) Metaspace: 110349K->110349K(1153024K)
[2020-08-05T16:54:46.529-0300] GC(900) Pause Young (Allocation Failure) 368M->83M(389M) 3.262ms
[2020-08-05T16:54:46.529-0300] GC(900) User=0.01s Sys=0.00s Real=0.00s
[2020-08-05T16:54:46.788-0300] GC(901) Pause Young (Allocation Failure)
[2020-08-05T16:54:46.791-0300] GC(901) PSYoungGen: 279744K->584K(267776K)
[2020-08-05T16:54:46.791-0300] GC(901) ParOldGen: 84677K->84829K(118272K)
[2020-08-05T16:54:46.791-0300] GC(901) Metaspace: 110349K->110349K(1153024K)
[2020-08-05T16:54:46.791-0300] GC(901) Pause Young (Allocation Failure) 355M->83M(377M) 2.806ms
[2020-08-05T16:54:46.791-0300] GC(901) User=0.01s Sys=0.00s Real=0.00s
[2020-08-05T16:54:47.095-0300] GC(902) Pause Young (Allocation Failure)
[2020-08-05T16:54:47.097-0300] GC(902) PSYoungGen: 267336K->480K(256000K)
[2020-08-05T16:54:47.097-0300] GC(902) ParOldGen: 84829K->84925K(118272K)
[2020-08-05T16:54:47.097-0300] GC(902) Metaspace: 110349K->110349K(1153024K)
[2020-08-05T16:54:47.097-0300] GC(902) Pause Young (Allocation Failure) 343M->83M(365M) 2.407ms
[2020-08-05T16:54:47.097-0300] GC(902) User=0.00s Sys=0.00s Real=0.00s
[2020-08-05T16:54:47.337-0300] GC(903) Pause Young (Allocation Failure)
[2020-08-05T16:54:47.340-0300] GC(903) PSYoungGen: 255968K->672K(246272K)
[2020-08-05T16:54:47.340-0300] GC(903) ParOldGen: 84925K->85013K(118272K)
[2020-08-05T16:54:47.340-0300] GC(903) Metaspace: 110349K->110349K(1153024K)
[2020-08-05T16:54:47.340-0300] GC(903) Pause Young (Allocation Failure) 332M->83M(356M) 2.557ms
[2020-08-05T16:54:47.340-0300] GC(903) User=0.01s Sys=0.00s Real=0.00s
[2020-08-05T16:54:47.546-0300] GC(904) Pause Young (Allocation Failure)
[2020-08-05T16:54:47.549-0300] GC(904) PSYoungGen: 245408K->672K(290816K)
[2020-08-05T16:54:47.549-0300] GC(904) ParOldGen: 85013K->85189K(118272K)
[2020-08-05T16:54:47.549-0300] GC(904) Metaspace: 110349K->110349K(1153024K)
[2020-08-05T16:54:47.549-0300] GC(904) Pause Young (Allocation Failure) 322M->83M(399M) 2.364ms
[2020-08-05T16:54:47.549-0300] GC(904) User=0.01s Sys=0.00s Real=0.00s
[2020-08-05T16:54:47.792-0300] GC(905) Pause Young (Allocation Failure)
[2020-08-05T16:54:47.795-0300] GC(905) PSYoungGen: 290464K->720K(344576K)
[2020-08-05T16:54:47.795-0300] GC(905) ParOldGen: 85189K->85317K(118272K)
[2020-08-05T16:54:47.795-0300] GC(905) Metaspace: 110349K->110349K(1153024K)
[2020-08-05T16:54:47.795-0300] GC(905) Pause Young (Allocation Failure) 366M->84M(452M) 2.825ms
[2020-08-05T16:54:47.795-0300] GC(905) User=0.01s Sys=0.00s Real=0.01s
[2020-08-05T16:54:48.099-0300] GC(906) Pause Young (Allocation Failure)
[2020-08-05T16:54:48.102-0300] GC(906) PSYoungGen: 343760K->592K(328704K)
[2020-08-05T16:54:48.102-0300] GC(906) ParOldGen: 85317K->85421K(118272K)
[2020-08-05T16:54:48.102-0300] GC(906) Metaspace: 110349K->110349K(1153024K)
[2020-08-05T16:54:48.102-0300] GC(906) Pause Young (Allocation Failure) 419M->83M(436M) 2.435ms
[2020-08-05T16:54:48.102-0300] GC(906) User=0.00s Sys=0.00s Real=0.00s
[2020-08-05T16:54:48.385-0300] GC(907) Pause Young (Allocation Failure)
[2020-08-05T16:54:48.388-0300] GC(907) PSYoungGen: 328272K->576K(388608K)
[2020-08-05T16:54:48.388-0300] GC(907) ParOldGen: 85421K->85517K(118272K)
[2020-08-05T16:54:48.388-0300] GC(907) Metaspace: 110349K->110349K(1153024K)
[2020-08-05T16:54:48.388-0300] GC(907) Pause Young (Allocation Failure) 403M->84M(495M) 3.337ms
[2020-08-05T16:54:48.388-0300] GC(907) User=0.00s Sys=0.00s Real=0.00s
[2020-08-05T16:54:48.738-0300] GC(908) Pause Young (Allocation Failure)
[2020-08-05T16:54:48.741-0300] GC(908) PSYoungGen: 388160K->496K(458752K)
[2020-08-05T16:54:48.741-0300] GC(908) ParOldGen: 85517K->85781K(118272K)
[2020-08-05T16:54:48.741-0300] GC(908) Metaspace: 110349K->110349K(1153024K)
[2020-08-05T16:54:48.741-0300] GC(908) Pause Young (Allocation Failure) 462M->84M(563M) 2.938ms
[2020-08-05T16:54:48.741-0300] GC(908) User=0.00s Sys=0.00s Real=0.00s
[2020-08-05T16:54:49.171-0300] GC(909) Pause Young (Allocation Failure)
[2020-08-05T16:54:49.174-0300] GC(909) PSYoungGen: 458736K->800K(438272K)
[2020-08-05T16:54:49.174-0300] GC(909) ParOldGen: 85781K->86021K(118272K)
[2020-08-05T16:54:49.174-0300] GC(909) Metaspace: 110349K->110349K(1153024K)
[2020-08-05T16:54:49.174-0300] GC(909) Pause Young (Allocation Failure) 531M->84M(543M) 2.884ms
[2020-08-05T16:54:49.174-0300] GC(909) User=0.00s Sys=0.00s Real=0.01s
[2020-08-05T16:54:49.622-0300] GC(910) Pause Young (Allocation Failure)
[2020-08-05T16:54:49.625-0300] GC(910) PSYoungGen: 438048K->928K(418304K)
[2020-08-05T16:54:49.625-0300] GC(910) ParOldGen: 86021K->86226K(118272K)
[2020-08-05T16:54:49.625-0300] GC(910) Metaspace: 110349K->110349K(1153024K)
[2020-08-05T16:54:49.625-0300] GC(910) Pause Young (Allocation Failure) 511M->85M(524M) 2.903ms
[2020-08-05T16:54:49.625-0300] GC(910) User=0.01s Sys=0.00s Real=0.01s
[2020-08-05T16:54:50.092-0300] GC(911) Pause Young (Allocation Failure)
[2020-08-05T16:54:50.096-0300] GC(911) PSYoungGen: 418208K->592K(399360K)
[2020-08-05T16:54:50.096-0300] GC(911) ParOldGen: 86226K->86346K(118272K)
[2020-08-05T16:54:50.096-0300] GC(911) Metaspace: 110349K->110349K(1153024K)
[2020-08-05T16:54:50.096-0300] GC(911) Pause Young (Allocation Failure) 492M->84M(505M) 4.169ms
[2020-08-05T16:54:50.097-0300] GC(911) User=0.01s Sys=0.00s Real=0.01s
[2020-08-05T16:54:50.678-0300] GC(912) Pause Young (Allocation Failure)
[2020-08-05T16:54:50.681-0300] GC(912) PSYoungGen: 398928K->624K(381440K)
[2020-08-05T16:54:50.681-0300] GC(912) ParOldGen: 86346K->86466K(118272K)
[2020-08-05T16:54:50.681-0300] GC(912) Metaspace: 110349K->110349K(1153024K)
[2020-08-05T16:54:50.681-0300] GC(912) Pause Young (Allocation Failure) 473M->85M(488M) 3.138ms
[2020-08-05T16:54:50.681-0300] GC(912) User=0.01s Sys=0.00s Real=0.00s
[2020-08-05T16:54:51.095-0300] GC(913) Pause Young (Allocation Failure)
[2020-08-05T16:54:51.098-0300] GC(913) PSYoungGen: 381040K->832K(364544K)
[2020-08-05T16:54:51.098-0300] GC(913) ParOldGen: 86466K->86650K(118272K)
[2020-08-05T16:54:51.098-0300] GC(913) Metaspace: 110349K->110349K(1153024K)
[2020-08-05T16:54:51.098-0300] GC(913) Pause Young (Allocation Failure) 456M->85M(471M) 3.079ms
[2020-08-05T16:54:51.098-0300] GC(913) User=0.01s Sys=0.00s Real=0.00s
[2020-08-05T16:54:51.431-0300] GC(914) Pause Young (Allocation Failure)
[2020-08-05T16:54:51.435-0300] GC(914) PSYoungGen: 364352K->480K(347648K)
[2020-08-05T16:54:51.435-0300] GC(914) ParOldGen: 86650K->86890K(118272K)
[2020-08-05T16:54:51.435-0300] GC(914) Metaspace: 110349K->110349K(1153024K)
[2020-08-05T16:54:51.435-0300] GC(914) Pause Young (Allocation Failure) 440M->85M(455M) 4.605ms
[2020-08-05T16:54:51.435-0300] GC(914) User=0.01s Sys=0.00s Real=0.01s
[2020-08-05T16:54:51.748-0300] GC(915) Pause Young (Allocation Failure)
[2020-08-05T16:54:51.752-0300] GC(915) PSYoungGen: 347616K->992K(411648K)
[2020-08-05T16:54:51.752-0300] GC(915) ParOldGen: 86890K->87258K(118272K)
[2020-08-05T16:54:51.752-0300] GC(915) Metaspace: 110349K->110349K(1153024K)
[2020-08-05T16:54:51.752-0300] GC(915) Pause Young (Allocation Failure) 424M->86M(517M) 3.910ms
[2020-08-05T16:54:51.752-0300] GC(915) User=0.01s Sys=0.00s Real=0.00s
[2020-08-05T16:54:52.183-0300] GC(916) Pause Young (Allocation Failure)
[2020-08-05T16:54:52.186-0300] GC(916) PSYoungGen: 411616K->736K(393216K)
[2020-08-05T16:54:52.186-0300] GC(916) ParOldGen: 87258K->87530K(118272K)
[2020-08-05T16:54:52.186-0300] GC(916) Metaspace: 110349K->110349K(1153024K)
[2020-08-05T16:54:52.186-0300] GC(916) Pause Young (Allocation Failure) 487M->86M(499M) 2.805ms
[2020-08-05T16:54:52.186-0300] GC(916) User=0.00s Sys=0.00s Real=0.01s
[2020-08-05T16:54:52.592-0300] GC(917) Pause Young (Allocation Failure)
[2020-08-05T16:54:52.595-0300] GC(917) PSYoungGen: 392928K->960K(375296K)
[2020-08-05T16:54:52.595-0300] GC(917) ParOldGen: 87530K->87658K(118272K)
[2020-08-05T16:54:52.595-0300] GC(917) Metaspace: 110349K->110349K(1153024K)
[2020-08-05T16:54:52.595-0300] GC(917) Pause Young (Allocation Failure) 469M->86M(482M) 2.961ms
[2020-08-05T16:54:52.595-0300] GC(917) User=0.01s Sys=0.00s Real=0.01s
[2020-08-05T16:54:52.951-0300] GC(918) Pause Young (Allocation Failure)
[2020-08-05T16:54:52.954-0300] GC(918) PSYoungGen: 375232K->672K(358400K)
[2020-08-05T16:54:52.954-0300] GC(918) ParOldGen: 87658K->87770K(118272K)
[2020-08-05T16:54:52.954-0300] GC(918) Metaspace: 110349K->110349K(1153024K)
[2020-08-05T16:54:52.954-0300] GC(918) Pause Young (Allocation Failure) 452M->86M(465M) 3.185ms
[2020-08-05T16:54:52.954-0300] GC(918) User=0.01s Sys=0.00s Real=0.01s
[2020-08-05T16:54:53.265-0300] GC(919) Pause Young (Allocation Failure)
[2020-08-05T16:54:53.270-0300] GC(919) PSYoungGen: 358048K->912K(423936K)
[2020-08-05T16:54:53.270-0300] GC(919) ParOldGen: 87770K->87930K(118272K)
[2020-08-05T16:54:53.270-0300] GC(919) Metaspace: 110349K->110349K(1153024K)
[2020-08-05T16:54:53.270-0300] GC(919) Pause Young (Allocation Failure) 435M->86M(529M) 4.941ms
[2020-08-05T16:54:53.270-0300] GC(919) User=0.01s Sys=0.00s Real=0.00s
[2020-08-05T16:54:53.663-0300] GC(920) Pause Young (Allocation Failure)
[2020-08-05T16:54:53.667-0300] GC(920) PSYoungGen: 423824K->704K(501760K)
[2020-08-05T16:54:53.667-0300] GC(920) ParOldGen: 87930K->88082K(118272K)
[2020-08-05T16:54:53.667-0300] GC(920) Metaspace: 110349K->110349K(1153024K)
[2020-08-05T16:54:53.667-0300] GC(920) Pause Young (Allocation Failure) 499M->86M(605M) 3.761ms
[2020-08-05T16:54:53.667-0300] GC(920) User=0.01s Sys=0.00s Real=0.01s
[2020-08-05T16:54:54.145-0300] GC(921) Pause Young (Allocation Failure)
[2020-08-05T16:54:54.148-0300] GC(921) PSYoungGen: 501440K->768K(478720K)
[2020-08-05T16:54:54.148-0300] GC(921) ParOldGen: 88082K->88210K(118272K)
[2020-08-05T16:54:54.148-0300] GC(921) Metaspace: 110349K->110349K(1153024K)
[2020-08-05T16:54:54.148-0300] GC(921) Pause Young (Allocation Failure) 575M->86M(583M) 3.399ms
[2020-08-05T16:54:54.148-0300] GC(921) User=0.01s Sys=0.00s Real=0.00s
[2020-08-05T16:54:54.671-0300] GC(922) Pause Young (Allocation Failure)
[2020-08-05T16:54:54.674-0300] GC(922) PSYoungGen: 478464K->880K(456704K)
[2020-08-05T16:54:54.674-0300] GC(922) ParOldGen: 88210K->88394K(118272K)
[2020-08-05T16:54:54.674-0300] GC(922) Metaspace: 110349K->110349K(1153024K)
[2020-08-05T16:54:54.674-0300] GC(922) Pause Young (Allocation Failure) 553M->87M(561M) 2.984ms
[2020-08-05T16:54:54.674-0300] GC(922) User=0.01s Sys=0.00s Real=0.01s
[2020-08-05T16:54:55.087-0300] GC(923) Pause Young (Allocation Failure)
[2020-08-05T16:54:55.090-0300] GC(923) PSYoungGen: 456560K->784K(435712K)
[2020-08-05T16:54:55.090-0300] GC(923) ParOldGen: 88394K->88590K(118272K)
[2020-08-05T16:54:55.090-0300] GC(923) Metaspace: 110349K->110349K(1153024K)
[2020-08-05T16:54:55.090-0300] GC(923) Pause Young (Allocation Failure) 532M->87M(541M) 3.068ms
[2020-08-05T16:54:55.090-0300] GC(923) User=0.00s Sys=0.00s Real=0.00s
[2020-08-05T16:54:55.609-0300] GC(924) Pause Young (Allocation Failure)
[2020-08-05T16:54:55.612-0300] GC(924) PSYoungGen: 435472K->320K(415232K)
[2020-08-05T16:54:55.612-0300] GC(924) ParOldGen: 88590K->88722K(118272K)
[2020-08-05T16:54:55.612-0300] GC(924) Metaspace: 110349K->110349K(1153024K)
[2020-08-05T16:54:55.612-0300] GC(924) Pause Young (Allocation Failure) 511M->86M(521M) 2.893ms
[2020-08-05T16:54:55.612-0300] GC(924) User=0.01s Sys=0.00s Real=0.00s
[2020-08-05T16:54:56.006-0300] GC(925) Pause Young (Allocation Failure)
[2020-08-05T16:54:56.008-0300] GC(925) PSYoungGen: 415040K->832K(397312K)
[2020-08-05T16:54:56.008-0300] GC(925) ParOldGen: 88722K->88834K(118272K)
[2020-08-05T16:54:56.008-0300] GC(925) Metaspace: 110349K->110349K(1153024K)
[2020-08-05T16:54:56.008-0300] GC(925) Pause Young (Allocation Failure) 491M->87M(503M) 2.612ms
[2020-08-05T16:54:56.008-0300] GC(925) User=0.01s Sys=0.00s Real=0.00s
[2020-08-05T16:54:56.400-0300] GC(926) Pause Young (Allocation Failure)
[2020-08-05T16:54:56.403-0300] GC(926) PSYoungGen: 396608K->736K(378880K)
[2020-08-05T16:54:56.403-0300] GC(926) ParOldGen: 88834K->89002K(118272K)
[2020-08-05T16:54:56.403-0300] GC(926) Metaspace: 110349K->110349K(1153024K)
[2020-08-05T16:54:56.403-0300] GC(926) Pause Young (Allocation Failure) 474M->87M(485M) 3.004ms
[2020-08-05T16:54:56.403-0300] GC(926) User=0.00s Sys=0.00s Real=0.00s
[2020-08-05T16:54:56.726-0300] GC(927) Pause Young (Allocation Failure)
[2020-08-05T16:54:56.730-0300] GC(927) PSYoungGen: 378592K->896K(361984K)
[2020-08-05T16:54:56.730-0300] GC(927) ParOldGen: 89002K->89122K(118272K)
[2020-08-05T16:54:56.730-0300] GC(927) Metaspace: 110349K->110349K(1153024K)
[2020-08-05T16:54:56.730-0300] GC(927) Pause Young (Allocation Failure) 456M->87M(469M) 4.956ms
[2020-08-05T16:54:56.731-0300] GC(927) User=0.00s Sys=0.00s Real=0.00s
[2020-08-05T16:54:57.082-0300] GC(928) Pause Young (Allocation Failure)
[2020-08-05T16:54:57.086-0300] GC(928) PSYoungGen: 361856K->688K(346112K)
[2020-08-05T16:54:57.086-0300] GC(928) ParOldGen: 89122K->89354K(118272K)
[2020-08-05T16:54:57.086-0300] GC(928) Metaspace: 110349K->110349K(1153024K)
[2020-08-05T16:54:57.086-0300] GC(928) Pause Young (Allocation Failure) 440M->87M(453M) 3.716ms
[2020-08-05T16:54:57.086-0300] GC(928) User=0.01s Sys=0.00s Real=0.01s
[2020-08-05T16:54:57.402-0300] GC(929) Pause Young (Allocation Failure)
[2020-08-05T16:54:57.405-0300] GC(929) PSYoungGen: 345776K->800K(409088K)
[2020-08-05T16:54:57.405-0300] GC(929) ParOldGen: 89354K->89466K(118272K)
[2020-08-05T16:54:57.405-0300] GC(929) Metaspace: 110349K->110349K(1153024K)
[2020-08-05T16:54:57.405-0300] GC(929) Pause Young (Allocation Failure) 424M->88M(515M) 3.739ms
[2020-08-05T16:54:57.405-0300] GC(929) User=0.00s Sys=0.00s Real=0.01s
[2020-08-05T16:54:57.756-0300] GC(930) Pause Young (Allocation Failure)
[2020-08-05T16:54:57.760-0300] GC(930) PSYoungGen: 408864K->880K(483840K)
[2020-08-05T16:54:57.760-0300] GC(930) ParOldGen: 89466K->89610K(118272K)
[2020-08-05T16:54:57.760-0300] GC(930) Metaspace: 110349K->110349K(1153024K)
[2020-08-05T16:54:57.760-0300] GC(930) Pause Young (Allocation Failure) 486M->88M(588M) 3.706ms
[2020-08-05T16:54:57.760-0300] GC(930) User=0.01s Sys=0.00s Real=0.00s
[2020-08-05T16:54:58.274-0300] GC(931) Pause Young (Allocation Failure)
[2020-08-05T16:54:58.278-0300] GC(931) PSYoungGen: 483696K->720K(461824K)
[2020-08-05T16:54:58.278-0300] GC(931) ParOldGen: 89610K->89730K(118272K)
[2020-08-05T16:54:58.278-0300] GC(931) Metaspace: 110349K->110349K(1153024K)
[2020-08-05T16:54:58.278-0300] GC(931) Pause Young (Allocation Failure) 559M->88M(566M) 3.901ms
[2020-08-05T16:54:58.278-0300] GC(931) User=0.01s Sys=0.00s Real=0.00s
[2020-08-05T16:54:58.764-0300] GC(932) Pause Young (Allocation Failure)
[2020-08-05T16:54:58.767-0300] GC(932) PSYoungGen: 461520K->400K(440320K)
[2020-08-05T16:54:58.767-0300] GC(932) ParOldGen: 89730K->89930K(118272K)
[2020-08-05T16:54:58.767-0300] GC(932) Metaspace: 110349K->110349K(1153024K)
[2020-08-05T16:54:58.767-0300] GC(932) Pause Young (Allocation Failure) 538M->88M(545M) 2.704ms
[2020-08-05T16:54:58.767-0300] GC(932) User=0.00s Sys=0.00s Real=0.00s
[2020-08-05T16:54:59.201-0300] GC(933) Pause Young (Allocation Failure)
[2020-08-05T16:54:59.203-0300] GC(933) PSYoungGen: 440208K->752K(421376K)
[2020-08-05T16:54:59.203-0300] GC(933) ParOldGen: 89930K->90074K(118272K)
[2020-08-05T16:54:59.203-0300] GC(933) Metaspace: 110349K->110349K(1153024K)
[2020-08-05T16:54:59.203-0300] GC(933) Pause Young (Allocation Failure) 517M->88M(527M) 2.595ms
[2020-08-05T16:54:59.203-0300] GC(933) User=0.01s Sys=0.00s Real=0.00s
[2020-08-05T16:54:59.582-0300] GC(934) Pause Young (Allocation Failure)
[2020-08-05T16:54:59.585-0300] GC(934) PSYoungGen: 420592K->672K(401920K)
[2020-08-05T16:54:59.585-0300] GC(934) ParOldGen: 90074K->90210K(118272K)
[2020-08-05T16:54:59.585-0300] GC(934) Metaspace: 110349K->110349K(1153024K)
[2020-08-05T16:54:59.585-0300] GC(934) Pause Young (Allocation Failure) 498M->88M(508M) 2.896ms
[2020-08-05T16:54:59.585-0300] GC(934) User=0.00s Sys=0.00s Real=0.01s
[2020-08-05T16:54:59.936-0300] GC(935) Pause Young (Allocation Failure)
[2020-08-05T16:54:59.939-0300] GC(935) PSYoungGen: 401568K->656K(384000K)
[2020-08-05T16:54:59.939-0300] GC(935) ParOldGen: 90210K->90394K(118272K)
[2020-08-05T16:54:59.939-0300] GC(935) Metaspace: 110349K->110349K(1153024K)
[2020-08-05T16:54:59.939-0300] GC(935) Pause Young (Allocation Failure) 480M->88M(490M) 3.321ms
[2020-08-05T16:54:59.939-0300] GC(935) User=0.00s Sys=0.00s Real=0.00s
[2020-08-05T16:55:00.520-0300] GC(936) Pause Young (Allocation Failure)
[2020-08-05T16:55:00.525-0300] GC(936) PSYoungGen: 383632K->1008K(366592K)
[2020-08-05T16:55:00.525-0300] GC(936) ParOldGen: 90394K->90559K(118272K)
[2020-08-05T16:55:00.525-0300] GC(936) Metaspace: 110349K->110349K(1153024K)
[2020-08-05T16:55:00.525-0300] GC(936) Pause Young (Allocation Failure) 462M->89M(473M) 5.214ms
[2020-08-05T16:55:00.525-0300] GC(936) User=0.01s Sys=0.00s Real=0.01s
[2020-08-05T16:55:00.902-0300] GC(937) Pause Young (Allocation Failure)
[2020-08-05T16:55:00.905-0300] GC(937) PSYoungGen: 366576K->400K(349696K)
[2020-08-05T16:55:00.905-0300] GC(937) ParOldGen: 90559K->90679K(118272K)
[2020-08-05T16:55:00.905-0300] GC(937) Metaspace: 110349K->110349K(1153024K)
[2020-08-05T16:55:00.905-0300] GC(937) Pause Young (Allocation Failure) 446M->88M(457M) 2.469ms
[2020-08-05T16:55:00.905-0300] GC(937) User=0.01s Sys=0.00s Real=0.01s
[2020-08-05T16:55:01.232-0300] GC(938) Pause Young (Allocation Failure)
[2020-08-05T16:55:01.236-0300] GC(938) PSYoungGen: 349584K->816K(334848K)
[2020-08-05T16:55:01.236-0300] GC(938) ParOldGen: 90679K->90783K(118272K)
[2020-08-05T16:55:01.236-0300] GC(938) Metaspace: 110349K->110349K(1153024K)
[2020-08-05T16:55:01.236-0300] GC(938) Pause Young (Allocation Failure) 429M->89M(442M) 3.734ms
[2020-08-05T16:55:01.236-0300] GC(938) User=0.01s Sys=0.00s Real=0.01s
[2020-08-05T16:55:01.764-0300] GC(939) Pause Young (Allocation Failure)
[2020-08-05T16:55:01.768-0300] GC(939) PSYoungGen: 334640K->336K(319488K)
[2020-08-05T16:55:01.768-0300] GC(939) ParOldGen: 90783K->90887K(118272K)
[2020-08-05T16:55:01.768-0300] GC(939) Metaspace: 110349K->110349K(1153024K)
[2020-08-05T16:55:01.768-0300] GC(939) Pause Young (Allocation Failure) 415M->89M(427M) 4.106ms
[2020-08-05T16:55:01.768-0300] GC(939) User=0.01s Sys=0.00s Real=0.01s
[2020-08-05T16:55:02.994-0300] GC(940) Pause Young (Allocation Failure)
[2020-08-05T16:55:02.997-0300] GC(940) PSYoungGen: 319312K->352K(305664K)
[2020-08-05T16:55:02.997-0300] GC(940) ParOldGen: 90887K->91007K(118272K)
[2020-08-05T16:55:02.997-0300] GC(940) Metaspace: 110349K->110349K(1153024K)
[2020-08-05T16:55:02.997-0300] GC(940) Pause Young (Allocation Failure) 400M->89M(414M) 3.046ms
[2020-08-05T16:55:02.997-0300] GC(940) User=0.01s Sys=0.00s Real=0.00s
[2020-08-05T16:55:03.700-0300] GC(941) Pause Young (Allocation Failure)
[2020-08-05T16:55:03.703-0300] GC(941) PSYoungGen: 305504K->368K(293376K)
[2020-08-05T16:55:03.703-0300] GC(941) ParOldGen: 91007K->91111K(118272K)
[2020-08-05T16:55:03.703-0300] GC(941) Metaspace: 110349K->110349K(1153024K)
[2020-08-05T16:55:03.703-0300] GC(941) Pause Young (Allocation Failure) 387M->89M(402M) 3.351ms
[2020-08-05T16:55:03.703-0300] GC(941) User=0.00s Sys=0.00s Real=0.00s
[2020-08-05T16:55:04.149-0300] GC(942) Pause Young (Allocation Failure)
[2020-08-05T16:55:04.152-0300] GC(942) PSYoungGen: 292208K->448K(279552K)
[2020-08-05T16:55:04.152-0300] GC(942) ParOldGen: 91111K->91199K(118272K)
[2020-08-05T16:55:04.152-0300] GC(942) Metaspace: 110349K->110349K(1153024K)
[2020-08-05T16:55:04.152-0300] GC(942) Pause Young (Allocation Failure) 374M->89M(388M) 3.195ms
[2020-08-05T16:55:04.152-0300] GC(942) User=0.00s Sys=0.00s Real=0.00s
[2020-08-05T16:55:04.558-0300] GC(943) Pause Young (Allocation Failure)
[2020-08-05T16:55:04.560-0300] GC(943) PSYoungGen: 279488K->384K(268288K)
[2020-08-05T16:55:04.560-0300] GC(943) ParOldGen: 91199K->91335K(118272K)
[2020-08-05T16:55:04.560-0300] GC(943) Metaspace: 110349K->110349K(1153024K)
[2020-08-05T16:55:04.560-0300] GC(943) Pause Young (Allocation Failure) 361M->89M(377M) 2.301ms
[2020-08-05T16:55:04.560-0300] GC(943) User=0.01s Sys=0.00s Real=0.00s
[2020-08-05T16:55:04.992-0300] GC(944) Pause Young (Allocation Failure)
[2020-08-05T16:55:04.995-0300] GC(944) PSYoungGen: 267136K->544K(256512K)
[2020-08-05T16:55:04.995-0300] GC(944) ParOldGen: 91335K->91423K(118272K)
[2020-08-05T16:55:04.995-0300] GC(944) Metaspace: 110349K->110349K(1153024K)
[2020-08-05T16:55:04.995-0300] GC(944) Pause Young (Allocation Failure) 350M->89M(366M) 3.396ms
[2020-08-05T16:55:04.995-0300] GC(944) User=0.00s Sys=0.00s Real=0.01s
[2020-08-05T16:56:56.259-0300] GC(945) Pause Young (Allocation Failure)
[2020-08-05T16:56:56.262-0300] GC(945) PSYoungGen: 256032K->1429K(246272K)
[2020-08-05T16:56:56.262-0300] GC(945) ParOldGen: 91423K->91591K(118272K)
[2020-08-05T16:56:56.262-0300] GC(945) Metaspace: 110354K->110354K(1153024K)
[2020-08-05T16:56:56.262-0300] GC(945) Pause Young (Allocation Failure) 339M->90M(356M) 2.820ms
[2020-08-05T16:56:56.262-0300] GC(945) User=0.00s Sys=0.00s Real=0.00s
[2020-08-05T16:58:02.696-0300] GC(946) Pause Young (Allocation Failure)
[2020-08-05T16:58:02.700-0300] GC(946) PSYoungGen: 246165K->1010K(235520K)
[2020-08-05T16:58:02.700-0300] GC(946) ParOldGen: 91591K->93561K(118272K)
[2020-08-05T16:58:02.700-0300] GC(946) Metaspace: 110380K->110380K(1153024K)
[2020-08-05T16:58:02.700-0300] GC(946) Pause Young (Allocation Failure) 329M->92M(345M) 3.807ms
[2020-08-05T16:58:02.700-0300] GC(946) User=0.01s Sys=0.00s Real=0.00s
[2020-08-05T16:58:03.392-0300] GC(947) Pause Young (Allocation Failure)
[2020-08-05T16:58:03.396-0300] GC(947) PSYoungGen: 235506K->560K(225792K)
[2020-08-05T16:58:03.396-0300] GC(947) ParOldGen: 93561K->94508K(118272K)
[2020-08-05T16:58:03.396-0300] GC(947) Metaspace: 110380K->110380K(1153024K)
[2020-08-05T16:58:03.396-0300] GC(947) Pause Young (Allocation Failure) 321M->92M(336M) 4.270ms
[2020-08-05T16:58:03.396-0300] GC(947) User=0.01s Sys=0.00s Real=0.01s
[2020-08-05T16:58:03.926-0300] GC(948) Pause Young (Allocation Failure)
[2020-08-05T16:58:03.930-0300] GC(948) PSYoungGen: 225328K->544K(216576K)
[2020-08-05T16:58:03.930-0300] GC(948) ParOldGen: 94508K->94612K(118272K)
[2020-08-05T16:58:03.930-0300] GC(948) Metaspace: 110382K->110382K(1153024K)
[2020-08-05T16:58:03.930-0300] GC(948) Pause Young (Allocation Failure) 312M->92M(327M) 3.790ms
[2020-08-05T16:58:03.930-0300] GC(948) User=0.00s Sys=0.00s Real=0.00s
[2020-08-05T16:58:04.310-0300] GC(949) Pause Young (Allocation Failure)
[2020-08-05T16:58:04.313-0300] GC(949) PSYoungGen: 216096K->528K(207872K)
[2020-08-05T16:58:04.313-0300] GC(949) ParOldGen: 94612K->94900K(118272K)
[2020-08-05T16:58:04.313-0300] GC(949) Metaspace: 110382K->110382K(1153024K)
[2020-08-05T16:58:04.313-0300] GC(949) Pause Young (Allocation Failure) 303M->93M(318M) 3.057ms
[2020-08-05T16:58:04.313-0300] GC(949) User=0.01s Sys=0.00s Real=0.00s
[2020-08-05T16:58:04.641-0300] GC(950) Pause Young (Allocation Failure)
[2020-08-05T16:58:04.644-0300] GC(950) PSYoungGen: 207376K->464K(198656K)
[2020-08-05T16:58:04.644-0300] GC(950) ParOldGen: 94900K->95164K(118272K)
[2020-08-05T16:58:04.644-0300] GC(950) Metaspace: 110382K->110382K(1153024K)
[2020-08-05T16:58:04.644-0300] GC(950) Pause Young (Allocation Failure) 295M->93M(309M) 3.139ms
[2020-08-05T16:58:04.644-0300] GC(950) User=0.01s Sys=0.00s Real=0.01s
[2020-08-05T16:58:04.994-0300] GC(951) Pause Young (Allocation Failure)
[2020-08-05T16:58:04.997-0300] GC(951) PSYoungGen: 198608K->560K(192000K)
[2020-08-05T16:58:04.997-0300] GC(951) ParOldGen: 95164K->95268K(118272K)
[2020-08-05T16:58:04.997-0300] GC(951) Metaspace: 110382K->110382K(1153024K)
[2020-08-05T16:58:04.997-0300] GC(951) Pause Young (Allocation Failure) 286M->93M(303M) 3.302ms
[2020-08-05T16:58:04.997-0300] GC(951) User=0.00s Sys=0.00s Real=0.01s
[2020-08-05T16:58:05.372-0300] GC(952) Pause Young (Allocation Failure)
[2020-08-05T16:58:05.375-0300] GC(952) PSYoungGen: 190512K->720K(183296K)
[2020-08-05T16:58:05.375-0300] GC(952) ParOldGen: 95268K->95356K(118272K)
[2020-08-05T16:58:05.375-0300] GC(952) Metaspace: 110387K->110387K(1153024K)
[2020-08-05T16:58:05.375-0300] GC(952) Pause Young (Allocation Failure) 279M->93M(294M) 3.348ms
[2020-08-05T16:58:05.375-0300] GC(952) User=0.01s Sys=0.00s Real=0.01s
[2020-08-05T16:58:05.619-0300] GC(953) Pause Young (Allocation Failure)
[2020-08-05T16:58:05.623-0300] GC(953) PSYoungGen: 182992K->1568K(177152K)
[2020-08-05T16:58:05.623-0300] GC(953) ParOldGen: 95356K->95612K(118272K)
[2020-08-05T16:58:05.623-0300] GC(953) Metaspace: 110448K->110448K(1155072K)
[2020-08-05T16:58:05.623-0300] GC(953) Pause Young (Allocation Failure) 271M->94M(288M) 3.850ms
[2020-08-05T16:58:05.623-0300] GC(953) User=0.01s Sys=0.00s Real=0.00s
[2020-08-05T16:58:05.857-0300] GC(954) Pause Young (Allocation Failure)
[2020-08-05T16:58:05.860-0300] GC(954) PSYoungGen: 176672K->1424K(209408K)
[2020-08-05T16:58:05.860-0300] GC(954) ParOldGen: 95612K->96503K(118272K)
[2020-08-05T16:58:05.860-0300] GC(954) Metaspace: 110480K->110480K(1155072K)
[2020-08-05T16:58:05.860-0300] GC(954) Pause Young (Allocation Failure) 265M->95M(320M) 3.405ms
[2020-08-05T16:58:05.860-0300] GC(954) User=0.01s Sys=0.00s Real=0.00s
[2020-08-05T16:58:06.090-0300] GC(955) Pause Young (Allocation Failure)
[2020-08-05T16:58:06.095-0300] GC(955) PSYoungGen: 209296K->992K(248320K)
[2020-08-05T16:58:06.095-0300] GC(955) ParOldGen: 96503K->97174K(118272K)
[2020-08-05T16:58:06.095-0300] GC(955) Metaspace: 110497K->110497K(1155072K)
[2020-08-05T16:58:06.095-0300] GC(955) Pause Young (Allocation Failure) 298M->95M(358M) 5.498ms
[2020-08-05T16:58:06.095-0300] GC(955) User=0.01s Sys=0.00s Real=0.01s
[2020-08-05T16:58:06.514-0300] GC(956) Pause Young (Allocation Failure)
[2020-08-05T16:58:06.518-0300] GC(956) PSYoungGen: 248288K->1104K(295424K)
[2020-08-05T16:58:06.518-0300] GC(956) ParOldGen: 97174K->97463K(118272K)
[2020-08-05T16:58:06.518-0300] GC(956) Metaspace: 110539K->110539K(1155072K)
[2020-08-05T16:58:06.518-0300] GC(956) Pause Young (Allocation Failure) 337M->96M(404M) 4.456ms
[2020-08-05T16:58:06.518-0300] GC(956) User=0.01s Sys=0.00s Real=0.01s
[2020-08-05T16:58:06.970-0300] GC(957) Pause Young (Allocation Failure)
[2020-08-05T16:58:06.975-0300] GC(957) PSYoungGen: 294992K->1232K(350208K)
[2020-08-05T16:58:06.975-0300] GC(957) ParOldGen: 97463K->97804K(118272K)
[2020-08-05T16:58:06.975-0300] GC(957) Metaspace: 110631K->110631K(1155072K)
[2020-08-05T16:58:06.975-0300] GC(957) Pause Young (Allocation Failure) 383M->96M(457M) 4.736ms
[2020-08-05T16:58:06.975-0300] GC(957) User=0.01s Sys=0.00s Real=0.01s
[2020-08-05T16:58:07.495-0300] GC(958) Pause Young (Allocation Failure)
[2020-08-05T16:58:07.500-0300] GC(958) PSYoungGen: 349904K->1409K(415232K)
[2020-08-05T16:58:07.500-0300] GC(958) ParOldGen: 97804K->98237K(118272K)
[2020-08-05T16:58:07.500-0300] GC(958) Metaspace: 110674K->110674K(1155072K)
[2020-08-05T16:58:07.500-0300] GC(958) Pause Young (Allocation Failure) 437M->97M(521M) 4.766ms
[2020-08-05T16:58:07.500-0300] GC(958) User=0.01s Sys=0.00s Real=0.00s
[2020-08-05T16:58:08.191-0300] GC(959) Pause Young (Allocation Failure)
[2020-08-05T16:58:08.196-0300] GC(959) PSYoungGen: 415105K->1713K(492032K)
[2020-08-05T16:58:08.196-0300] GC(959) ParOldGen: 98237K->98606K(118272K)
[2020-08-05T16:58:08.196-0300] GC(959) Metaspace: 110759K->110759K(1155072K)
[2020-08-05T16:58:08.197-0300] GC(959) Pause Young (Allocation Failure) 501M->97M(596M) 5.835ms
[2020-08-05T16:58:08.197-0300] GC(959) User=0.02s Sys=0.00s Real=0.01s
[2020-08-05T16:58:08.858-0300] GC(960) Pause Young (Allocation Failure)
[2020-08-05T16:58:08.862-0300] GC(960) PSYoungGen: 491697K->1008K(572928K)
[2020-08-05T16:58:08.862-0300] GC(960) ParOldGen: 98606K->100165K(118272K)
[2020-08-05T16:58:08.862-0300] GC(960) Metaspace: 110868K->110868K(1155072K)
[2020-08-05T16:58:08.862-0300] GC(960) Pause Young (Allocation Failure) 576M->98M(675M) 4.890ms
[2020-08-05T16:58:08.862-0300] GC(960) User=0.01s Sys=0.00s Real=0.00s
[2020-08-05T16:58:09.708-0300] GC(961) Pause Young (Allocation Failure)
[2020-08-05T16:58:09.717-0300] GC(961) PSYoungGen: 572912K->1441K(574976K)
[2020-08-05T16:58:09.717-0300] GC(961) ParOldGen: 100165K->100913K(118272K)
[2020-08-05T16:58:09.717-0300] GC(961) Metaspace: 110925K->110925K(1155072K)
[2020-08-05T16:58:09.717-0300] GC(961) Pause Young (Allocation Failure) 657M->99M(677M) 8.718ms
[2020-08-05T16:58:09.717-0300] GC(961) User=0.03s Sys=0.00s Real=0.01s
[2020-08-05T16:58:10.599-0300] GC(962) Pause Young (Allocation Failure)
[2020-08-05T16:58:10.604-0300] GC(962) PSYoungGen: 573345K->1778K(547328K)
[2020-08-05T16:58:10.604-0300] GC(962) ParOldGen: 100913K->101675K(118272K)
[2020-08-05T16:58:10.604-0300] GC(962) Metaspace: 111076K->111076K(1155072K)
[2020-08-05T16:58:10.604-0300] GC(962) Pause Young (Allocation Failure) 658M->101M(650M) 5.646ms
[2020-08-05T16:58:10.604-0300] GC(962) User=0.01s Sys=0.00s Real=0.01s
[2020-08-05T16:58:11.408-0300] GC(963) Pause Young (Allocation Failure)
[2020-08-05T16:58:11.412-0300] GC(963) PSYoungGen: 547058K->1857K(522240K)
[2020-08-05T16:58:11.412-0300] GC(963) ParOldGen: 101675K->102354K(118272K)
[2020-08-05T16:58:11.412-0300] GC(963) Metaspace: 111185K->111185K(1155072K)
[2020-08-05T16:58:11.413-0300] GC(963) Pause Young (Allocation Failure) 633M->101M(625M) 4.983ms
[2020-08-05T16:58:11.413-0300] GC(963) User=0.01s Sys=0.00s Real=0.00s
[2020-08-05T16:58:12.126-0300] GC(964) Pause Young (Allocation Failure)
[2020-08-05T16:58:12.130-0300] GC(964) PSYoungGen: 522049K->1425K(497664K)
[2020-08-05T16:58:12.130-0300] GC(964) ParOldGen: 102354K->103196K(118272K)
[2020-08-05T16:58:12.130-0300] GC(964) Metaspace: 111280K->111280K(1155072K)
[2020-08-05T16:58:12.130-0300] GC(964) Pause Young (Allocation Failure) 609M->102M(601M) 4.077ms
[2020-08-05T16:58:12.130-0300] GC(964) User=0.01s Sys=0.00s Real=0.00s
[2020-08-05T16:58:12.805-0300] GC(965) Pause Young (Allocation Failure)
[2020-08-05T16:58:12.810-0300] GC(965) PSYoungGen: 497553K->1569K(475136K)
[2020-08-05T16:58:12.810-0300] GC(965) ParOldGen: 103196K->103738K(118272K)
[2020-08-05T16:58:12.810-0300] GC(965) Metaspace: 111383K->111383K(1155072K)
[2020-08-05T16:58:12.810-0300] GC(965) Pause Young (Allocation Failure) 586M->102M(579M) 5.568ms
[2020-08-05T16:58:12.810-0300] GC(965) User=0.02s Sys=0.00s Real=0.00s
[2020-08-05T16:58:13.331-0300] GC(966) Pause Young (Allocation Failure)
[2020-08-05T16:58:13.335-0300] GC(966) PSYoungGen: 474657K->1185K(453120K)
[2020-08-05T16:58:13.335-0300] GC(966) ParOldGen: 103738K->104275K(118272K)
[2020-08-05T16:58:13.335-0300] GC(966) Metaspace: 111441K->111441K(1155072K)
[2020-08-05T16:58:13.335-0300] GC(966) Pause Young (Allocation Failure) 564M->102M(558M) 4.265ms
[2020-08-05T16:58:13.336-0300] GC(966) User=0.01s Sys=0.00s Real=0.01s
[2020-08-05T16:58:13.853-0300] GC(967) Pause Young (Allocation Failure)
[2020-08-05T16:58:13.860-0300] GC(967) PSYoungGen: 452769K->1442K(535552K)
[2020-08-05T16:58:13.860-0300] GC(967) ParOldGen: 104275K->104934K(118272K)
[2020-08-05T16:58:13.860-0300] GC(967) Metaspace: 111538K->111538K(1155072K)
[2020-08-05T16:58:13.860-0300] GC(967) Pause Young (Allocation Failure) 543M->103M(638M) 7.683ms
[2020-08-05T16:58:13.860-0300] GC(967) User=0.01s Sys=0.00s Real=0.01s
[2020-08-05T16:58:14.514-0300] GC(968) Pause Young (Allocation Failure)
[2020-08-05T16:58:14.520-0300] GC(968) PSYoungGen: 535458K->2145K(512000K)
[2020-08-05T16:58:14.520-0300] GC(968) ParOldGen: 104934K->105568K(118272K)
[2020-08-05T16:58:14.520-0300] GC(968) Metaspace: 111685K->111685K(1155072K)
[2020-08-05T16:58:14.520-0300] GC(968) Pause Young (Allocation Failure) 625M->105M(615M) 5.779ms
[2020-08-05T16:58:14.520-0300] GC(968) User=0.02s Sys=0.01s Real=0.00s
[2020-08-05T16:58:15.097-0300] GC(969) Pause Young (Allocation Failure)
[2020-08-05T16:58:15.102-0300] GC(969) PSYoungGen: 511585K->2257K(488448K)
[2020-08-05T16:58:15.102-0300] GC(969) ParOldGen: 105568K->106635K(118272K)
[2020-08-05T16:58:15.102-0300] GC(969) Metaspace: 111762K->111762K(1155072K)
[2020-08-05T16:58:15.102-0300] GC(969) Pause Young (Allocation Failure) 602M->106M(592M) 5.307ms
[2020-08-05T16:58:15.102-0300] GC(969) User=0.01s Sys=0.01s Real=0.00s
[2020-08-05T16:58:15.669-0300] GC(970) Pause Young (Allocation Failure)
[2020-08-05T16:58:15.675-0300] GC(970) PSYoungGen: 488145K->1521K(576000K)
[2020-08-05T16:58:15.675-0300] GC(970) ParOldGen: 106635K->108223K(118272K)
[2020-08-05T16:58:15.675-0300] GC(970) Metaspace: 111842K->111842K(1155072K)
[2020-08-05T16:58:15.675-0300] GC(970) Pause Young (Allocation Failure) 580M->107M(678M) 6.515ms
[2020-08-05T16:58:15.675-0300] GC(970) User=0.02s Sys=0.00s Real=0.01s
[2020-08-05T16:58:16.397-0300] GC(971) Pause Young (Allocation Failure)
[2020-08-05T16:58:16.403-0300] GC(971) PSYoungGen: 575963K->2144K(550400K)
[2020-08-05T16:58:16.403-0300] GC(971) ParOldGen: 108223K->109233K(118272K)
[2020-08-05T16:58:16.403-0300] GC(971) Metaspace: 111998K->111998K(1155072K)
[2020-08-05T16:58:16.403-0300] GC(971) Pause Young (Allocation Failure) 668M->108M(653M) 5.360ms
[2020-08-05T16:58:16.403-0300] GC(971) User=0.01s Sys=0.00s Real=0.00s
[2020-08-05T16:58:17.080-0300] GC(972) Pause Young (Allocation Failure)
[2020-08-05T16:58:17.087-0300] GC(972) PSYoungGen: 549984K->2465K(649728K)
[2020-08-05T16:58:17.087-0300] GC(972) ParOldGen: 109233K->110107K(118272K)
[2020-08-05T16:58:17.087-0300] GC(972) Metaspace: 112098K->112098K(1155072K)
[2020-08-05T16:58:17.087-0300] GC(972) Pause Young (Allocation Failure) 643M->109M(750M) 7.397ms
[2020-08-05T16:58:17.087-0300] GC(972) User=0.02s Sys=0.00s Real=0.01s
[2020-08-05T16:58:17.799-0300] GC(973) Pause Young (Allocation Failure)
[2020-08-05T16:58:17.808-0300] GC(973) PSYoungGen: 649633K->2129K(667648K)
[2020-08-05T16:58:17.808-0300] GC(973) ParOldGen: 110107K->110874K(118272K)
[2020-08-05T16:58:17.808-0300] GC(973) Metaspace: 112211K->112211K(1155072K)
[2020-08-05T16:58:17.808-0300] GC(973) Pause Young (Allocation Failure) 741M->110M(767M) 8.325ms
[2020-08-05T16:58:17.808-0300] GC(973) User=0.02s Sys=0.00s Real=0.01s
[2020-08-05T16:58:18.567-0300] GC(974) Pause Young (Allocation Failure)
[2020-08-05T16:58:18.572-0300] GC(974) PSYoungGen: 666193K->2169K(635392K)
[2020-08-05T16:58:18.572-0300] GC(974) ParOldGen: 110874K->111625K(118272K)
[2020-08-05T16:58:18.572-0300] GC(974) Metaspace: 112275K->112275K(1157120K)
[2020-08-05T16:58:18.572-0300] GC(974) Pause Young (Allocation Failure) 758M->111M(736M) 5.640ms
[2020-08-05T16:58:18.572-0300] GC(974) User=0.02s Sys=0.01s Real=0.00s
[2020-08-05T16:58:19.272-0300] GC(975) Pause Young (Allocation Failure)
[2020-08-05T16:58:19.277-0300] GC(975) PSYoungGen: 635001K->1809K(605184K)
[2020-08-05T16:58:19.277-0300] GC(975) ParOldGen: 111625K->112267K(118272K)
[2020-08-05T16:58:19.277-0300] GC(975) Metaspace: 112343K->112343K(1157120K)
[2020-08-05T16:58:19.277-0300] GC(975) Pause Young (Allocation Failure) 729M->111M(706M) 5.229ms
[2020-08-05T16:58:19.277-0300] GC(975) User=0.01s Sys=0.01s Real=0.01s
[2020-08-05T16:58:20.075-0300] GC(976) Pause Young (Allocation Failure)
[2020-08-05T16:58:20.083-0300] GC(976) PSYoungGen: 604945K->1922K(577024K)
[2020-08-05T16:58:20.083-0300] GC(976) ParOldGen: 112267K->112914K(118272K)
[2020-08-05T16:58:20.083-0300] GC(976) Metaspace: 112423K->112423K(1157120K)
[2020-08-05T16:58:20.083-0300] GC(976) Pause Young (Allocation Failure) 700M->112M(679M) 8.354ms
[2020-08-05T16:58:20.083-0300] GC(976) User=0.01s Sys=0.01s Real=0.00s
[2020-08-05T16:58:20.760-0300] GC(977) Pause Young (Allocation Failure)
[2020-08-05T16:58:20.766-0300] GC(977) PSYoungGen: 576898K->2514K(550912K)
[2020-08-05T16:58:20.766-0300] GC(977) ParOldGen: 112914K->113750K(118272K)
[2020-08-05T16:58:20.766-0300] GC(977) Metaspace: 112525K->112525K(1157120K)
[2020-08-05T16:58:20.766-0300] GC(977) Pause Young (Allocation Failure) 673M->113M(653M) 6.146ms
[2020-08-05T16:58:20.766-0300] GC(977) User=0.02s Sys=0.00s Real=0.01s
[2020-08-05T16:58:21.322-0300] GC(978) Pause Young (Allocation Failure)
[2020-08-05T16:58:21.328-0300] GC(978) PSYoungGen: 550866K->1441K(650240K)
[2020-08-05T16:58:21.328-0300] GC(978) ParOldGen: 113750K->114649K(118272K)
[2020-08-05T16:58:21.328-0300] GC(978) Metaspace: 112559K->112559K(1157120K)
[2020-08-05T16:58:21.328-0300] GC(978) Pause Young (Allocation Failure) 649M->113M(750M) 6.659ms
[2020-08-05T16:58:21.328-0300] GC(978) User=0.02s Sys=0.00s Real=0.01s
[2020-08-05T16:58:22.086-0300] GC(979) Pause Young (Allocation Failure)
[2020-08-05T16:58:22.096-0300] GC(979) PSYoungGen: 650145K->2001K(689152K)
[2020-08-05T16:58:22.096-0300] GC(979) ParOldGen: 114649K->115207K(118272K)
[2020-08-05T16:58:22.096-0300] GC(979) Metaspace: 112644K->112644K(1157120K)
[2020-08-05T16:58:22.096-0300] GC(979) Pause Young (Allocation Failure) 746M->114M(788M) 10.421ms
[2020-08-05T16:58:22.096-0300] GC(979) User=0.01s Sys=0.01s Real=0.01s
[2020-08-05T16:58:22.757-0300] GC(980) Pause Young (Allocation Failure)
[2020-08-05T16:58:22.763-0300] GC(980) PSYoungGen: 687569K->2706K(694784K)
[2020-08-05T16:58:22.763-0300] GC(980) ParOldGen: 115207K->116026K(118272K)
[2020-08-05T16:58:22.763-0300] GC(980) Metaspace: 112755K->112755K(1157120K)
[2020-08-05T16:58:22.763-0300] GC(980) Pause Young (Allocation Failure) 783M->115M(794M) 5.873ms
[2020-08-05T16:58:22.763-0300] GC(980) User=0.01s Sys=0.00s Real=0.00s
[2020-08-05T16:58:23.439-0300] GC(981) Pause Young (Allocation Failure)
[2020-08-05T16:58:23.444-0300] GC(981) PSYoungGen: 694418K->2226K(695296K)
[2020-08-05T16:58:23.444-0300] GC(981) ParOldGen: 116026K->116953K(118272K)
[2020-08-05T16:58:23.444-0300] GC(981) Metaspace: 112808K->112808K(1157120K)
[2020-08-05T16:58:23.444-0300] GC(981) Pause Young (Allocation Failure) 791M->116M(794M) 4.953ms
[2020-08-05T16:58:23.444-0300] GC(981) User=0.01s Sys=0.00s Real=0.00s
[2020-08-05T16:58:24.164-0300] GC(982) Pause Young (Allocation Failure)
[2020-08-05T16:58:24.172-0300] GC(982) PSYoungGen: 693938K->2323K(695296K)
[2020-08-05T16:58:24.172-0300] GC(982) ParOldGen: 116953K->117816K(118272K)
[2020-08-05T16:58:24.172-0300] GC(982) Metaspace: 112936K->112936K(1157120K)
[2020-08-05T16:58:24.172-0300] GC(982) Pause Young (Allocation Failure) 791M->117M(794M) 7.828ms
[2020-08-05T16:58:24.172-0300] GC(982) User=0.01s Sys=0.00s Real=0.01s
[2020-08-05T16:58:24.172-0300] GC(983) Pause Full (Ergonomics)
[2020-08-05T16:58:24.172-0300] GC(983) Marking Phase
[2020-08-05T16:58:24.239-0300] GC(983) Marking Phase 67.455ms
[2020-08-05T16:58:24.239-0300] GC(983) Summary Phase
[2020-08-05T16:58:24.239-0300] GC(983) Summary Phase 0.015ms
[2020-08-05T16:58:24.239-0300] GC(983) Adjust Roots
[2020-08-05T16:58:24.271-0300] GC(983) Adjust Roots 31.329ms
[2020-08-05T16:58:24.271-0300] GC(983) Compaction Phase
[2020-08-05T16:58:24.315-0300] GC(983) Compaction Phase 43.769ms
[2020-08-05T16:58:24.315-0300] GC(983) Post Compact
[2020-08-05T16:58:24.315-0300] GC(983) Post Compact 0.824ms
[2020-08-05T16:58:24.316-0300] GC(983) PSYoungGen: 2323K->0K(695296K)
[2020-08-05T16:58:24.316-0300] GC(983) ParOldGen: 117816K->92289K(132096K)
[2020-08-05T16:58:24.316-0300] GC(983) Metaspace: 112936K->112936K(1157120K)
[2020-08-05T16:58:24.316-0300] GC(983) Pause Full (Ergonomics) 117M->90M(808M) 143.757ms
[2020-08-05T16:58:24.316-0300] GC(983) User=0.39s Sys=0.00s Real=0.15s
[2020-08-05T16:58:25.055-0300] GC(984) Pause Young (Allocation Failure)
[2020-08-05T16:58:25.061-0300] GC(984) PSYoungGen: 691712K->2672K(662528K)
[2020-08-05T16:58:25.061-0300] GC(984) ParOldGen: 92289K->92289K(132096K)
[2020-08-05T16:58:25.061-0300] GC(984) Metaspace: 113006K->113006K(1157120K)
[2020-08-05T16:58:25.061-0300] GC(984) Pause Young (Allocation Failure) 765M->92M(776M) 5.706ms
[2020-08-05T16:58:25.061-0300] GC(984) User=0.01s Sys=0.00s Real=0.00s
[2020-08-05T16:58:25.836-0300] GC(985) Pause Young (Allocation Failure)
[2020-08-05T16:58:25.843-0300] GC(985) PSYoungGen: 662128K->2338K(631296K)
[2020-08-05T16:58:25.843-0300] GC(985) ParOldGen: 93033K->94660K(132096K)
[2020-08-05T16:58:25.843-0300] GC(985) Metaspace: 113070K->113070K(1157120K)
[2020-08-05T16:58:25.843-0300] GC(985) Pause Young (Allocation Failure) 737M->94M(745M) 7.162ms
[2020-08-05T16:58:25.843-0300] GC(985) User=0.01s Sys=0.00s Real=0.00s
[2020-08-05T16:58:25.845-0300] GC(986) Pause Young (GCLocker Initiated GC)
[2020-08-05T16:58:25.849-0300] GC(986) PSYoungGen: 3953K->128K(629248K)
[2020-08-05T16:58:25.849-0300] GC(986) ParOldGen: 94660K->96952K(132096K)
[2020-08-05T16:58:25.849-0300] GC(986) Metaspace: 113070K->113070K(1157120K)
[2020-08-05T16:58:25.849-0300] GC(986) Pause Young (GCLocker Initiated GC) 96M->94M(743M) 4.248ms
[2020-08-05T16:58:25.849-0300] GC(986) User=0.01s Sys=0.00s Real=0.00s
[2020-08-05T16:58:26.482-0300] GC(987) Pause Young (Allocation Failure)
[2020-08-05T16:58:26.486-0300] GC(987) PSYoungGen: 628864K->2434K(690688K)
[2020-08-05T16:58:26.486-0300] GC(987) ParOldGen: 96952K->96976K(132096K)
[2020-08-05T16:58:26.486-0300] GC(987) Metaspace: 113170K->113170K(1157120K)
[2020-08-05T16:58:26.486-0300] GC(987) Pause Young (Allocation Failure) 708M->97M(803M) 4.062ms
[2020-08-05T16:58:26.486-0300] GC(987) User=0.01s Sys=0.00s Real=0.01s
[2020-08-05T16:58:27.186-0300] GC(988) Pause Young (Allocation Failure)
[2020-08-05T16:58:27.193-0300] GC(988) PSYoungGen: 689538K->2259K(695296K)
[2020-08-05T16:58:27.193-0300] GC(988) ParOldGen: 96976K->98263K(132096K)
[2020-08-05T16:58:27.193-0300] GC(988) Metaspace: 113251K->113251K(1157120K)
[2020-08-05T16:58:27.193-0300] GC(988) Pause Young (Allocation Failure) 768M->98M(808M) 6.486ms
[2020-08-05T16:58:27.193-0300] GC(988) User=0.02s Sys=0.00s Real=0.00s
[2020-08-05T16:58:27.918-0300] GC(989) Pause Young (Allocation Failure)
[2020-08-05T16:58:27.923-0300] GC(989) PSYoungGen: 693971K->1922K(695296K)
[2020-08-05T16:58:27.923-0300] GC(989) ParOldGen: 98263K->99428K(132096K)
[2020-08-05T16:58:27.923-0300] GC(989) Metaspace: 113341K->113341K(1157120K)
[2020-08-05T16:58:27.923-0300] GC(989) Pause Young (Allocation Failure) 773M->98M(808M) 5.105ms
[2020-08-05T16:58:27.923-0300] GC(989) User=0.02s Sys=0.00s Real=0.00s
[2020-08-05T16:58:28.559-0300] GC(990) Pause Young (Allocation Failure)
[2020-08-05T16:58:28.567-0300] GC(990) PSYoungGen: 693634K->2161K(695296K)
[2020-08-05T16:58:28.567-0300] GC(990) ParOldGen: 99428K->100288K(132096K)
[2020-08-05T16:58:28.567-0300] GC(990) Metaspace: 113457K->113457K(1157120K)
[2020-08-05T16:58:28.567-0300] GC(990) Pause Young (Allocation Failure) 774M->100M(808M) 8.027ms
[2020-08-05T16:58:28.567-0300] GC(990) User=0.01s Sys=0.00s Real=0.01s
[2020-08-05T16:58:29.251-0300] GC(991) Pause Young (Allocation Failure)
[2020-08-05T16:58:29.256-0300] GC(991) PSYoungGen: 693873K->2210K(695296K)
[2020-08-05T16:58:29.256-0300] GC(991) ParOldGen: 100288K->101107K(132096K)
[2020-08-05T16:58:29.256-0300] GC(991) Metaspace: 113525K->113525K(1157120K)
[2020-08-05T16:58:29.256-0300] GC(991) Pause Young (Allocation Failure) 775M->100M(808M) 4.552ms
[2020-08-05T16:58:29.256-0300] GC(991) User=0.01s Sys=0.00s Real=0.01s
[2020-08-05T16:58:29.925-0300] GC(992) Pause Young (Allocation Failure)
[2020-08-05T16:58:29.929-0300] GC(992) PSYoungGen: 693922K->2434K(695296K)
[2020-08-05T16:58:29.929-0300] GC(992) ParOldGen: 101107K->102100K(132096K)
[2020-08-05T16:58:29.929-0300] GC(992) Metaspace: 113582K->113582K(1157120K)
[2020-08-05T16:58:29.929-0300] GC(992) Pause Young (Allocation Failure) 776M->102M(808M) 4.307ms
[2020-08-05T16:58:29.929-0300] GC(992) User=0.01s Sys=0.00s Real=0.00s
[2020-08-05T16:58:30.736-0300] GC(993) Pause Young (Allocation Failure)
[2020-08-05T16:58:30.740-0300] GC(993) PSYoungGen: 694146K->1554K(695296K)
[2020-08-05T16:58:30.741-0300] GC(993) ParOldGen: 102100K->103024K(132096K)
[2020-08-05T16:58:30.741-0300] GC(993) Metaspace: 113674K->113674K(1157120K)
[2020-08-05T16:58:30.741-0300] GC(993) Pause Young (Allocation Failure) 777M->102M(808M) 4.853ms
[2020-08-05T16:58:30.741-0300] GC(993) User=0.02s Sys=0.00s Real=0.00s
[2020-08-05T16:58:31.456-0300] GC(994) Pause Young (Allocation Failure)
[2020-08-05T16:58:31.461-0300] GC(994) PSYoungGen: 693266K->1937K(695296K)
[2020-08-05T16:58:31.461-0300] GC(994) ParOldGen: 103024K->103827K(132096K)
[2020-08-05T16:58:31.461-0300] GC(994) Metaspace: 113771K->113771K(1157120K)
[2020-08-05T16:58:31.461-0300] GC(994) Pause Young (Allocation Failure) 777M->103M(808M) 4.556ms
[2020-08-05T16:58:31.461-0300] GC(994) User=0.01s Sys=0.00s Real=0.00s
[2020-08-05T16:58:32.203-0300] GC(995) Pause Young (Allocation Failure)
[2020-08-05T16:58:32.210-0300] GC(995) PSYoungGen: 693649K->2057K(694272K)
[2020-08-05T16:58:32.210-0300] GC(995) ParOldGen: 103827K->104673K(132096K)
[2020-08-05T16:58:32.210-0300] GC(995) Metaspace: 113826K->113826K(1157120K)
[2020-08-05T16:58:32.210-0300] GC(995) Pause Young (Allocation Failure) 778M->104M(807M) 6.265ms
[2020-08-05T16:58:32.210-0300] GC(995) User=0.02s Sys=0.00s Real=0.01s
[2020-08-05T16:58:32.892-0300] GC(996) Pause Young (Allocation Failure)
[2020-08-05T16:58:32.898-0300] GC(996) PSYoungGen: 693769K->1506K(694784K)
[2020-08-05T16:58:32.898-0300] GC(996) ParOldGen: 104673K->105444K(132096K)
[2020-08-05T16:58:32.898-0300] GC(996) Metaspace: 113861K->113861K(1157120K)
[2020-08-05T16:58:32.898-0300] GC(996) Pause Young (Allocation Failure) 779M->104M(807M) 6.201ms
[2020-08-05T16:58:32.898-0300] GC(996) User=0.01s Sys=0.00s Real=0.01s
[2020-08-05T16:58:33.543-0300] GC(997) Pause Young (Allocation Failure)
[2020-08-05T16:58:33.549-0300] GC(997) PSYoungGen: 693218K->1681K(694784K)
[2020-08-05T16:58:33.549-0300] GC(997) ParOldGen: 105444K->106131K(132096K)
[2020-08-05T16:58:33.549-0300] GC(997) Metaspace: 113907K->113907K(1157120K)
[2020-08-05T16:58:33.549-0300] GC(997) Pause Young (Allocation Failure) 779M->105M(807M) 5.587ms
[2020-08-05T16:58:33.549-0300] GC(997) User=0.01s Sys=0.01s Real=0.01s
[2020-08-05T16:58:34.367-0300] GC(998) Pause Young (Allocation Failure)
[2020-08-05T16:58:34.375-0300] GC(998) PSYoungGen: 693393K->1666K(695808K)
[2020-08-05T16:58:34.375-0300] GC(998) ParOldGen: 106131K->106918K(132096K)
[2020-08-05T16:58:34.375-0300] GC(998) Metaspace: 113966K->113966K(1157120K)
[2020-08-05T16:58:34.375-0300] GC(998) Pause Young (Allocation Failure) 780M->106M(808M) 7.401ms
[2020-08-05T16:58:34.375-0300] GC(998) User=0.02s Sys=0.00s Real=0.01s
[2020-08-05T16:58:35.072-0300] GC(999) Pause Young (Allocation Failure)
[2020-08-05T16:58:35.078-0300] GC(999) PSYoungGen: 694402K->2040K(695808K)
[2020-08-05T16:58:35.078-0300] GC(999) ParOldGen: 106918K->107665K(132096K)
[2020-08-05T16:58:35.078-0300] GC(999) Metaspace: 114024K->114024K(1157120K)
[2020-08-05T16:58:35.078-0300] GC(999) Pause Young (Allocation Failure) 782M->107M(808M) 6.136ms
[2020-08-05T16:58:35.078-0300] GC(999) User=0.01s Sys=0.00s Real=0.01s
[2020-08-05T16:58:35.907-0300] GC(1000) Pause Young (Allocation Failure)
[2020-08-05T16:58:35.913-0300] GC(1000) PSYoungGen: 694776K->1745K(695808K)
[2020-08-05T16:58:35.913-0300] GC(1000) ParOldGen: 107665K->108432K(132096K)
[2020-08-05T16:58:35.913-0300] GC(1000) Metaspace: 114056K->114056K(1157120K)
[2020-08-05T16:58:35.913-0300] GC(1000) Pause Young (Allocation Failure) 783M->107M(808M) 5.795ms
[2020-08-05T16:58:35.913-0300] GC(1000) User=0.01s Sys=0.00s Real=0.00s
[2020-08-05T16:58:36.678-0300] GC(1001) Pause Young (Allocation Failure)
[2020-08-05T16:58:36.683-0300] GC(1001) PSYoungGen: 694481K->1570K(695808K)
[2020-08-05T16:58:36.683-0300] GC(1001) ParOldGen: 108432K->109150K(132096K)
[2020-08-05T16:58:36.683-0300] GC(1001) Metaspace: 114127K->114127K(1157120K)
[2020-08-05T16:58:36.683-0300] GC(1001) Pause Young (Allocation Failure) 784M->108M(808M) 4.955ms
[2020-08-05T16:58:36.683-0300] GC(1001) User=0.01s Sys=0.00s Real=0.00s
[2020-08-05T16:58:37.396-0300] GC(1002) Pause Young (Allocation Failure)
[2020-08-05T16:58:37.403-0300] GC(1002) PSYoungGen: 694306K->1889K(662016K)
[2020-08-05T16:58:37.403-0300] GC(1002) ParOldGen: 109150K->109869K(132096K)
[2020-08-05T16:58:37.403-0300] GC(1002) Metaspace: 114192K->114192K(1157120K)
[2020-08-05T16:58:37.403-0300] GC(1002) Pause Young (Allocation Failure) 784M->109M(775M) 6.835ms
[2020-08-05T16:58:37.403-0300] GC(1002) User=0.02s Sys=0.00s Real=0.00s
[2020-08-05T16:58:38.020-0300] GC(1003) Pause Young (Allocation Failure)
[2020-08-05T16:58:38.025-0300] GC(1003) PSYoungGen: 661857K->2178K(631808K)
[2020-08-05T16:58:38.025-0300] GC(1003) ParOldGen: 109869K->110540K(132096K)
[2020-08-05T16:58:38.025-0300] GC(1003) Metaspace: 114274K->114274K(1159168K)
[2020-08-05T16:58:38.025-0300] GC(1003) Pause Young (Allocation Failure) 753M->110M(746M) 5.216ms
[2020-08-05T16:58:38.026-0300] GC(1003) User=0.01s Sys=0.00s Real=0.01s
[2020-08-05T16:58:38.636-0300] GC(1004) Pause Young (Allocation Failure)
[2020-08-05T16:58:38.642-0300] GC(1004) PSYoungGen: 631426K->2033K(602112K)
[2020-08-05T16:58:38.642-0300] GC(1004) ParOldGen: 110540K->111663K(132096K)
[2020-08-05T16:58:38.642-0300] GC(1004) Metaspace: 114467K->114467K(1159168K)
[2020-08-05T16:58:38.642-0300] GC(1004) Pause Young (Allocation Failure) 724M->111M(717M) 5.654ms
[2020-08-05T16:58:38.642-0300] GC(1004) User=0.01s Sys=0.00s Real=0.00s
[2020-08-05T16:58:39.236-0300] GC(1005) Pause Young (Allocation Failure)
[2020-08-05T16:58:39.244-0300] GC(1005) PSYoungGen: 602097K->2578K(692736K)
[2020-08-05T16:58:39.244-0300] GC(1005) ParOldGen: 111663K->112426K(132096K)
[2020-08-05T16:58:39.244-0300] GC(1005) Metaspace: 114540K->114540K(1159168K)
[2020-08-05T16:58:39.244-0300] GC(1005) Pause Young (Allocation Failure) 697M->112M(805M) 8.564ms
[2020-08-05T16:58:39.244-0300] GC(1005) User=0.01s Sys=0.00s Real=0.01s
[2020-08-05T16:58:39.923-0300] GC(1006) Pause Young (Allocation Failure)
[2020-08-05T16:58:39.931-0300] GC(1006) PSYoungGen: 691730K->1425K(695296K)
[2020-08-05T16:58:39.931-0300] GC(1006) ParOldGen: 112426K->113433K(132096K)
[2020-08-05T16:58:39.931-0300] GC(1006) Metaspace: 114586K->114586K(1159168K)
[2020-08-05T16:58:39.931-0300] GC(1006) Pause Young (Allocation Failure) 785M->112M(808M) 7.325ms
[2020-08-05T16:58:39.931-0300] GC(1006) User=0.02s Sys=0.00s Real=0.01s
[2020-08-05T16:58:40.678-0300] GC(1007) Pause Young (Allocation Failure)
[2020-08-05T16:58:40.683-0300] GC(1007) PSYoungGen: 693137K->1906K(661504K)
[2020-08-05T16:58:40.683-0300] GC(1007) ParOldGen: 113433K->114103K(132096K)
[2020-08-05T16:58:40.683-0300] GC(1007) Metaspace: 114650K->114650K(1159168K)
[2020-08-05T16:58:40.683-0300] GC(1007) Pause Young (Allocation Failure) 787M->113M(775M) 5.522ms
[2020-08-05T16:58:40.684-0300] GC(1007) User=0.01s Sys=0.00s Real=0.00s
[2020-08-05T16:58:41.380-0300] GC(1008) Pause Young (Allocation Failure)
[2020-08-05T16:58:41.387-0300] GC(1008) PSYoungGen: 661343K->2033K(630784K)
[2020-08-05T16:58:41.387-0300] GC(1008) ParOldGen: 114103K->115276K(132096K)
[2020-08-05T16:58:41.387-0300] GC(1008) Metaspace: 114720K->114720K(1159168K)
[2020-08-05T16:58:41.387-0300] GC(1008) Pause Young (Allocation Failure) 757M->114M(745M) 6.759ms
[2020-08-05T16:58:41.387-0300] GC(1008) User=0.01s Sys=0.00s Real=0.01s
[2020-08-05T16:58:42.044-0300] GC(1009) Pause Young (Allocation Failure)
[2020-08-05T16:58:42.051-0300] GC(1009) PSYoungGen: 630769K->2675K(692224K)
[2020-08-05T16:58:42.051-0300] GC(1009) ParOldGen: 115276K->115946K(132096K)
[2020-08-05T16:58:42.051-0300] GC(1009) Metaspace: 114780K->114780K(1159168K)
[2020-08-05T16:58:42.051-0300] GC(1009) Pause Young (Allocation Failure) 728M->115M(805M) 7.872ms
[2020-08-05T16:58:42.052-0300] GC(1009) User=0.01s Sys=0.00s Real=0.01s
[2020-08-05T16:58:42.680-0300] GC(1010) Pause Young (Allocation Failure)
[2020-08-05T16:58:42.688-0300] GC(1010) PSYoungGen: 691315K->1777K(695296K)
[2020-08-05T16:58:42.688-0300] GC(1010) ParOldGen: 115946K->117023K(132096K)
[2020-08-05T16:58:42.688-0300] GC(1010) Metaspace: 114850K->114850K(1159168K)
[2020-08-05T16:58:42.688-0300] GC(1010) Pause Young (Allocation Failure) 788M->116M(808M) 7.527ms
[2020-08-05T16:58:42.688-0300] GC(1010) User=0.02s Sys=0.01s Real=0.01s
[2020-08-05T16:58:43.560-0300] GC(1011) Pause Young (Allocation Failure)
[2020-08-05T16:58:43.569-0300] GC(1011) PSYoungGen: 693489K->2530K(695296K)
[2020-08-05T16:58:43.569-0300] GC(1011) ParOldGen: 117023K->117661K(132096K)
[2020-08-05T16:58:43.569-0300] GC(1011) Metaspace: 115096K->115096K(1159168K)
[2020-08-05T16:58:43.569-0300] GC(1011) Pause Young (Allocation Failure) 791M->117M(808M) 8.829ms
[2020-08-05T16:58:43.569-0300] GC(1011) User=0.02s Sys=0.00s Real=0.01s
[2020-08-05T16:58:44.361-0300] GC(1012) Pause Young (Allocation Failure)
[2020-08-05T16:58:44.371-0300] GC(1012) PSYoungGen: 694242K->2962K(694272K)
[2020-08-05T16:58:44.371-0300] GC(1012) ParOldGen: 117661K->118543K(132096K)
[2020-08-05T16:58:44.371-0300] GC(1012) Metaspace: 115256K->115256K(1159168K)
[2020-08-05T16:58:44.371-0300] GC(1012) Pause Young (Allocation Failure) 792M->118M(807M) 10.040ms
[2020-08-05T16:58:44.371-0300] GC(1012) User=0.02s Sys=0.00s Real=0.01s
[2020-08-05T16:58:45.070-0300] GC(1013) Pause Young (Allocation Failure)
[2020-08-05T16:58:45.078-0300] GC(1013) PSYoungGen: 693650K->2705K(694784K)
[2020-08-05T16:58:45.078-0300] GC(1013) ParOldGen: 118543K->119582K(132096K)
[2020-08-05T16:58:45.078-0300] GC(1013) Metaspace: 115309K->115309K(1159168K)
[2020-08-05T16:58:45.078-0300] GC(1013) Pause Young (Allocation Failure) 793M->119M(807M) 8.813ms
[2020-08-05T16:58:45.079-0300] GC(1013) User=0.01s Sys=0.00s Real=0.01s
[2020-08-05T16:58:45.815-0300] GC(1014) Pause Young (Allocation Failure)
[2020-08-05T16:58:45.821-0300] GC(1014) PSYoungGen: 693393K->2082K(693760K)
[2020-08-05T16:58:45.821-0300] GC(1014) ParOldGen: 119582K->120478K(132096K)
[2020-08-05T16:58:45.821-0300] GC(1014) Metaspace: 115345K->115345K(1159168K)
[2020-08-05T16:58:45.821-0300] GC(1014) Pause Young (Allocation Failure) 793M->119M(806M) 6.373ms
[2020-08-05T16:58:45.821-0300] GC(1014) User=0.02s Sys=0.00s Real=0.00s
[2020-08-05T16:58:46.479-0300] GC(1015) Pause Young (Allocation Failure)
[2020-08-05T16:58:46.488-0300] GC(1015) PSYoungGen: 692770K->2162K(694272K)
[2020-08-05T16:58:46.488-0300] GC(1015) ParOldGen: 120478K->121321K(132096K)
[2020-08-05T16:58:46.488-0300] GC(1015) Metaspace: 115467K->115467K(1159168K)
[2020-08-05T16:58:46.488-0300] GC(1015) Pause Young (Allocation Failure) 794M->120M(807M) 8.990ms
[2020-08-05T16:58:46.488-0300] GC(1015) User=0.02s Sys=0.01s Real=0.01s
[2020-08-05T16:58:47.135-0300] GC(1016) Pause Young (Allocation Failure)
[2020-08-05T16:58:47.140-0300] GC(1016) PSYoungGen: 692850K->2097K(695296K)
[2020-08-05T16:58:47.140-0300] GC(1016) ParOldGen: 121321K->122213K(132096K)
[2020-08-05T16:58:47.140-0300] GC(1016) Metaspace: 115513K->115513K(1159168K)
[2020-08-05T16:58:47.140-0300] GC(1016) Pause Young (Allocation Failure) 795M->121M(808M) 5.484ms
[2020-08-05T16:58:47.141-0300] GC(1016) User=0.01s Sys=0.00s Real=0.00s
[2020-08-05T16:58:47.767-0300] GC(1017) Pause Young (Allocation Failure)
[2020-08-05T16:58:47.774-0300] GC(1017) PSYoungGen: 693809K->1777K(695296K)
[2020-08-05T16:58:47.774-0300] GC(1017) ParOldGen: 122213K->123004K(132096K)
[2020-08-05T16:58:47.774-0300] GC(1017) Metaspace: 115550K->115550K(1159168K)
[2020-08-05T16:58:47.774-0300] GC(1017) Pause Young (Allocation Failure) 796M->121M(808M) 6.404ms
[2020-08-05T16:58:47.774-0300] GC(1017) User=0.01s Sys=0.00s Real=0.00s
[2020-08-05T16:58:48.455-0300] GC(1018) Pause Young (Allocation Failure)
[2020-08-05T16:58:48.461-0300] GC(1018) PSYoungGen: 693489K->2419K(695296K)
[2020-08-05T16:58:48.461-0300] GC(1018) ParOldGen: 123004K->123622K(132096K)
[2020-08-05T16:58:48.461-0300] GC(1018) Metaspace: 115596K->115596K(1159168K)
[2020-08-05T16:58:48.461-0300] GC(1018) Pause Young (Allocation Failure) 797M->123M(808M) 5.890ms
[2020-08-05T16:58:48.461-0300] GC(1018) User=0.01s Sys=0.00s Real=0.00s
[2020-08-05T16:58:49.100-0300] GC(1019) Pause Young (Allocation Failure)
[2020-08-05T16:58:49.107-0300] GC(1019) PSYoungGen: 694131K->1617K(695296K)
[2020-08-05T16:58:49.107-0300] GC(1019) ParOldGen: 123622K->124535K(132096K)
[2020-08-05T16:58:49.107-0300] GC(1019) Metaspace: 115678K->115678K(1159168K)
[2020-08-05T16:58:49.107-0300] GC(1019) Pause Young (Allocation Failure) 798M->123M(808M) 7.694ms
[2020-08-05T16:58:49.108-0300] GC(1019) User=0.01s Sys=0.00s Real=0.01s
[2020-08-05T16:58:49.774-0300] GC(1020) Pause Young (Allocation Failure)
[2020-08-05T16:58:49.785-0300] GC(1020) PSYoungGen: 693329K->2371K(695296K)
[2020-08-05T16:58:49.785-0300] GC(1020) ParOldGen: 124535K->125177K(132096K)
[2020-08-05T16:58:49.785-0300] GC(1020) Metaspace: 115905K->115905K(1159168K)
[2020-08-05T16:58:49.785-0300] GC(1020) Pause Young (Allocation Failure) 798M->124M(808M) 10.970ms
[2020-08-05T16:58:49.785-0300] GC(1020) User=0.01s Sys=0.01s Real=0.01s
[2020-08-05T16:58:50.694-0300] GC(1021) Pause Young (Allocation Failure)
[2020-08-05T16:58:50.699-0300] GC(1021) PSYoungGen: 694083K->1698K(695296K)
[2020-08-05T16:58:50.699-0300] GC(1021) ParOldGen: 125177K->126197K(132096K)
[2020-08-05T16:58:50.699-0300] GC(1021) Metaspace: 115956K->115956K(1159168K)
[2020-08-05T16:58:50.699-0300] GC(1021) Pause Young (Allocation Failure) 800M->124M(808M) 5.239ms
[2020-08-05T16:58:50.700-0300] GC(1021) User=0.01s Sys=0.01s Real=0.00s
[2020-08-05T16:58:51.401-0300] GC(1022) Pause Young (Allocation Failure)
[2020-08-05T16:58:51.409-0300] GC(1022) PSYoungGen: 693410K->1714K(695296K)
[2020-08-05T16:58:51.409-0300] GC(1022) ParOldGen: 126197K->126992K(132096K)
[2020-08-05T16:58:51.409-0300] GC(1022) Metaspace: 116006K->116006K(1159168K)
[2020-08-05T16:58:51.409-0300] GC(1022) Pause Young (Allocation Failure) 800M->125M(808M) 7.567ms
[2020-08-05T16:58:51.409-0300] GC(1022) User=0.01s Sys=0.01s Real=0.01s
[2020-08-05T16:58:52.179-0300] GC(1023) Pause Young (Allocation Failure)
[2020-08-05T16:58:52.187-0300] GC(1023) PSYoungGen: 693426K->1681K(695296K)
[2020-08-05T16:58:52.187-0300] GC(1023) ParOldGen: 126992K->127848K(132096K)
[2020-08-05T16:58:52.187-0300] GC(1023) Metaspace: 116052K->116052K(1159168K)
[2020-08-05T16:58:52.187-0300] GC(1023) Pause Young (Allocation Failure) 801M->126M(808M) 8.251ms
[2020-08-05T16:58:52.187-0300] GC(1023) User=0.02s Sys=0.00s Real=0.01s
[2020-08-05T16:58:52.884-0300] GC(1024) Pause Young (Allocation Failure)
[2020-08-05T16:58:52.893-0300] GC(1024) PSYoungGen: 693393K->1553K(695296K)
[2020-08-05T16:58:52.893-0300] GC(1024) ParOldGen: 127848K->128704K(132096K)
[2020-08-05T16:58:52.893-0300] GC(1024) Metaspace: 116088K->116088K(1159168K)
[2020-08-05T16:58:52.893-0300] GC(1024) Pause Young (Allocation Failure) 801M->127M(808M) 8.864ms
[2020-08-05T16:58:52.893-0300] GC(1024) User=0.01s Sys=0.00s Real=0.00s
[2020-08-05T16:58:53.591-0300] GC(1025) Pause Young (Allocation Failure)
[2020-08-05T16:58:53.598-0300] GC(1025) PSYoungGen: 693265K->2115K(694272K)
[2020-08-05T16:58:53.598-0300] GC(1025) ParOldGen: 128704K->129413K(132096K)
[2020-08-05T16:58:53.598-0300] GC(1025) Metaspace: 116147K->116147K(1161216K)
[2020-08-05T16:58:53.598-0300] GC(1025) Pause Young (Allocation Failure) 802M->128M(807M) 6.656ms
[2020-08-05T16:58:53.598-0300] GC(1025) User=0.02s Sys=0.00s Real=0.01s
[2020-08-05T16:58:54.298-0300] GC(1026) Pause Young (Allocation Failure)
[2020-08-05T16:58:54.305-0300] GC(1026) PSYoungGen: 693827K->2227K(694784K)
[2020-08-05T16:58:54.305-0300] GC(1026) ParOldGen: 129413K->130278K(132096K)
[2020-08-05T16:58:54.305-0300] GC(1026) Metaspace: 116299K->116299K(1161216K)
[2020-08-05T16:58:54.305-0300] GC(1026) Pause Young (Allocation Failure) 803M->129M(807M) 7.663ms
[2020-08-05T16:58:54.306-0300] GC(1026) User=0.02s Sys=0.00s Real=0.01s
[2020-08-05T16:58:55.005-0300] GC(1027) Pause Young (Allocation Failure)
[2020-08-05T16:58:55.010-0300] GC(1027) PSYoungGen: 693939K->2505K(694784K)
[2020-08-05T16:58:55.010-0300] GC(1027) ParOldGen: 130278K->131190K(132096K)
[2020-08-05T16:58:55.010-0300] GC(1027) Metaspace: 116356K->116356K(1161216K)
[2020-08-05T16:58:55.010-0300] GC(1027) Pause Young (Allocation Failure) 804M->130M(807M) 5.677ms
[2020-08-05T16:58:55.011-0300] GC(1027) User=0.02s Sys=0.00s Real=0.00s
[2020-08-05T16:58:55.011-0300] GC(1028) Pause Full (Ergonomics)
[2020-08-05T16:58:55.011-0300] GC(1028) Marking Phase
[2020-08-05T16:58:55.097-0300] GC(1028) Marking Phase 85.812ms
[2020-08-05T16:58:55.097-0300] GC(1028) Summary Phase
[2020-08-05T16:58:55.097-0300] GC(1028) Summary Phase 0.016ms
[2020-08-05T16:58:55.097-0300] GC(1028) Adjust Roots
[2020-08-05T16:58:55.135-0300] GC(1028) Adjust Roots 37.565ms
[2020-08-05T16:58:55.135-0300] GC(1028) Compaction Phase
[2020-08-05T16:58:55.183-0300] GC(1028) Compaction Phase 48.773ms
[2020-08-05T16:58:55.183-0300] GC(1028) Post Compact
[2020-08-05T16:58:55.184-0300] GC(1028) Post Compact 1.042ms
[2020-08-05T16:58:55.185-0300] GC(1028) PSYoungGen: 2505K->0K(695296K)
[2020-08-05T16:58:55.185-0300] GC(1028) ParOldGen: 131190K->106336K(148480K)
[2020-08-05T16:58:55.185-0300] GC(1028) Metaspace: 116356K->116356K(1161216K)
[2020-08-05T16:58:55.185-0300] GC(1028) Pause Full (Ergonomics) 130M->103M(824M) 173.852ms
[2020-08-05T16:58:55.185-0300] GC(1028) User=0.49s Sys=0.00s Real=0.18s
[2020-08-05T16:58:55.816-0300] GC(1029) Pause Young (Allocation Failure)
[2020-08-05T16:58:55.825-0300] GC(1029) PSYoungGen: 691712K->3217K(695296K)
[2020-08-05T16:58:55.825-0300] GC(1029) ParOldGen: 106336K->106336K(148480K)
[2020-08-05T16:58:55.825-0300] GC(1029) Metaspace: 116416K->116416K(1161216K)
[2020-08-05T16:58:55.825-0300] GC(1029) Pause Young (Allocation Failure) 779M->106M(824M) 8.704ms
[2020-08-05T16:58:55.825-0300] GC(1029) User=0.02s Sys=0.00s Real=0.01s
[2020-08-05T16:58:56.448-0300] GC(1030) Pause Young (Allocation Failure)
[2020-08-05T16:58:56.456-0300] GC(1030) PSYoungGen: 694929K->1770K(695296K)
[2020-08-05T16:58:56.456-0300] GC(1030) ParOldGen: 106336K->108203K(148480K)
[2020-08-05T16:58:56.456-0300] GC(1030) Metaspace: 116450K->116450K(1161216K)
[2020-08-05T16:58:56.456-0300] GC(1030) Pause Young (Allocation Failure) 782M->107M(824M) 8.195ms
[2020-08-05T16:58:56.457-0300] GC(1030) User=0.01s Sys=0.00s Real=0.01s
[2020-08-05T16:58:57.060-0300] GC(1031) Pause Young (Allocation Failure)
[2020-08-05T16:58:57.069-0300] GC(1031) PSYoungGen: 693482K->1552K(695296K)
[2020-08-05T16:58:57.069-0300] GC(1031) ParOldGen: 108203K->108962K(148480K)
[2020-08-05T16:58:57.069-0300] GC(1031) Metaspace: 116471K->116471K(1161216K)
[2020-08-05T16:58:57.069-0300] GC(1031) Pause Young (Allocation Failure) 782M->107M(824M) 8.852ms
[2020-08-05T16:58:57.069-0300] GC(1031) User=0.02s Sys=0.00s Real=0.01s
[2020-08-05T16:58:57.735-0300] GC(1032) Pause Young (Allocation Failure)
[2020-08-05T16:58:57.742-0300] GC(1032) PSYoungGen: 693264K->1905K(695296K)
[2020-08-05T16:58:57.742-0300] GC(1032) ParOldGen: 108962K->109511K(148480K)
[2020-08-05T16:58:57.742-0300] GC(1032) Metaspace: 116523K->116523K(1161216K)
[2020-08-05T16:58:57.742-0300] GC(1032) Pause Young (Allocation Failure) 783M->108M(824M) 7.225ms
[2020-08-05T16:58:57.743-0300] GC(1032) User=0.01s Sys=0.00s Real=0.00s
[2020-08-05T16:58:58.419-0300] GC(1033) Pause Young (Allocation Failure)
[2020-08-05T16:58:58.427-0300] GC(1033) PSYoungGen: 693617K->2513K(695296K)
[2020-08-05T16:58:58.427-0300] GC(1033) ParOldGen: 109511K->110238K(148480K)
[2020-08-05T16:58:58.427-0300] GC(1033) Metaspace: 116569K->116569K(1161216K)
[2020-08-05T16:58:58.427-0300] GC(1033) Pause Young (Allocation Failure) 784M->110M(824M) 8.303ms
[2020-08-05T16:58:58.427-0300] GC(1033) User=0.02s Sys=0.00s Real=0.01s
[2020-08-05T16:58:59.094-0300] GC(1034) Pause Young (Allocation Failure)
[2020-08-05T16:58:59.102-0300] GC(1034) PSYoungGen: 694225K->1778K(695296K)
[2020-08-05T16:58:59.102-0300] GC(1034) ParOldGen: 110238K->111104K(148480K)
[2020-08-05T16:58:59.102-0300] GC(1034) Metaspace: 116613K->116613K(1161216K)
[2020-08-05T16:58:59.102-0300] GC(1034) Pause Young (Allocation Failure) 785M->110M(824M) 8.661ms
[2020-08-05T16:58:59.102-0300] GC(1034) User=0.01s Sys=0.00s Real=0.01s
[2020-08-05T16:58:59.797-0300] GC(1035) Pause Young (Allocation Failure)
[2020-08-05T16:58:59.805-0300] GC(1035) PSYoungGen: 693490K->2194K(695296K)
[2020-08-05T16:58:59.805-0300] GC(1035) ParOldGen: 111104K->111956K(148480K)
[2020-08-05T16:58:59.805-0300] GC(1035) Metaspace: 116661K->116661K(1161216K)
[2020-08-05T16:58:59.805-0300] GC(1035) Pause Young (Allocation Failure) 785M->111M(824M) 7.945ms
[2020-08-05T16:58:59.805-0300] GC(1035) User=0.02s Sys=0.00s Real=0.01s
[2020-08-05T16:59:00.506-0300] GC(1036) Pause Young (Allocation Failure)
[2020-08-05T16:59:00.514-0300] GC(1036) PSYoungGen: 693906K->2018K(695296K)
[2020-08-05T16:59:00.514-0300] GC(1036) ParOldGen: 111956K->112776K(148480K)
[2020-08-05T16:59:00.514-0300] GC(1036) Metaspace: 116712K->116712K(1161216K)
[2020-08-05T16:59:00.514-0300] GC(1036) Pause Young (Allocation Failure) 786M->112M(824M) 7.601ms
[2020-08-05T16:59:00.514-0300] GC(1036) User=0.02s Sys=0.00s Real=0.01s
[2020-08-05T16:59:01.281-0300] GC(1037) Pause Young (Allocation Failure)
[2020-08-05T16:59:01.292-0300] GC(1037) PSYoungGen: 693730K->1698K(693760K)
[2020-08-05T16:59:01.292-0300] GC(1037) ParOldGen: 112776K->113555K(148480K)
[2020-08-05T16:59:01.292-0300] GC(1037) Metaspace: 116762K->116762K(1161216K)
[2020-08-05T16:59:01.292-0300] GC(1037) Pause Young (Allocation Failure) 787M->112M(822M) 10.799ms
[2020-08-05T16:59:01.292-0300] GC(1037) User=0.02s Sys=0.00s Real=0.01s
[2020-08-05T16:59:02.668-0300] GC(1038) Pause Young (Allocation Failure)
[2020-08-05T16:59:02.675-0300] GC(1038) PSYoungGen: 693410K->1378K(694784K)
[2020-08-05T16:59:02.675-0300] GC(1038) ParOldGen: 113555K->114330K(148480K)
[2020-08-05T16:59:02.675-0300] GC(1038) Metaspace: 116815K->116815K(1161216K)
[2020-08-05T16:59:02.675-0300] GC(1038) Pause Young (Allocation Failure) 788M->112M(823M) 7.380ms
[2020-08-05T16:59:02.676-0300] GC(1038) User=0.01s Sys=0.01s Real=0.01s
[2020-08-05T16:59:03.650-0300] GC(1039) Pause Young (Allocation Failure)
[2020-08-05T16:59:03.658-0300] GC(1039) PSYoungGen: 693090K->2194K(694784K)
[2020-08-05T16:59:03.658-0300] GC(1039) ParOldGen: 114330K->115037K(148480K)
[2020-08-05T16:59:03.658-0300] GC(1039) Metaspace: 116897K->116897K(1161216K)
[2020-08-05T16:59:03.658-0300] GC(1039) Pause Young (Allocation Failure) 788M->114M(823M) 8.267ms
[2020-08-05T16:59:03.659-0300] GC(1039) User=0.02s Sys=0.01s Real=0.01s
[2020-08-05T16:59:04.485-0300] GC(1040) Pause Young (Allocation Failure)
[2020-08-05T16:59:04.491-0300] GC(1040) PSYoungGen: 693906K->2067K(695808K)
[2020-08-05T16:59:04.491-0300] GC(1040) ParOldGen: 115037K->116076K(148480K)
[2020-08-05T16:59:04.491-0300] GC(1040) Metaspace: 116980K->116980K(1161216K)
[2020-08-05T16:59:04.491-0300] GC(1040) Pause Young (Allocation Failure) 789M->115M(824M) 6.806ms
[2020-08-05T16:59:04.492-0300] GC(1040) User=0.02s Sys=0.00s Real=0.00s
[2020-08-05T16:59:05.467-0300] GC(1041) Pause Young (Allocation Failure)
[2020-08-05T16:59:05.477-0300] GC(1041) PSYoungGen: 694803K->1835K(695808K)
[2020-08-05T16:59:05.477-0300] GC(1041) ParOldGen: 116076K->117166K(148480K)
[2020-08-05T16:59:05.477-0300] GC(1041) Metaspace: 117054K->117054K(1161216K)
[2020-08-05T16:59:05.477-0300] GC(1041) Pause Young (Allocation Failure) 791M->116M(824M) 9.802ms
[2020-08-05T16:59:05.477-0300] GC(1041) User=0.02s Sys=0.00s Real=0.01s
[2020-08-05T16:59:10.882-0300] GC(1042) Pause Young (Allocation Failure)
[2020-08-05T16:59:10.892-0300] GC(1042) PSYoungGen: 694571K->2150K(663040K)
[2020-08-05T16:59:10.892-0300] GC(1042) ParOldGen: 117166K->118202K(148480K)
[2020-08-05T16:59:10.892-0300] GC(1042) Metaspace: 117111K->117111K(1161216K)
[2020-08-05T16:59:10.892-0300] GC(1042) Pause Young (Allocation Failure) 792M->117M(792M) 9.573ms
[2020-08-05T16:59:10.892-0300] GC(1042) User=0.01s Sys=0.00s Real=0.01s
[2020-08-05T16:59:16.334-0300] GC(1043) Pause Young (Allocation Failure)
[2020-08-05T16:59:16.342-0300] GC(1043) PSYoungGen: 662630K->1861K(631808K)
[2020-08-05T16:59:16.342-0300] GC(1043) ParOldGen: 118202K->119791K(148480K)
[2020-08-05T16:59:16.342-0300] GC(1043) Metaspace: 117118K->117118K(1161216K)
[2020-08-05T16:59:16.342-0300] GC(1043) Pause Young (Allocation Failure) 762M->118M(762M) 8.818ms
[2020-08-05T16:59:16.343-0300] GC(1043) User=0.02s Sys=0.00s Real=0.01s
[2020-08-05T16:59:21.494-0300] GC(1044) Pause Young (Allocation Failure)
[2020-08-05T16:59:21.501-0300] GC(1044) PSYoungGen: 631621K->1717K(602624K)
[2020-08-05T16:59:21.501-0300] GC(1044) ParOldGen: 119791K->121002K(148480K)
[2020-08-05T16:59:21.501-0300] GC(1044) Metaspace: 117125K->117125K(1161216K)
[2020-08-05T16:59:21.501-0300] GC(1044) Pause Young (Allocation Failure) 733M->119M(733M) 7.559ms
[2020-08-05T16:59:21.501-0300] GC(1044) User=0.01s Sys=0.00s Real=0.01s
[2020-08-05T16:59:26.457-0300] GC(1045) Pause Young (Allocation Failure)
[2020-08-05T16:59:26.465-0300] GC(1045) PSYoungGen: 602293K->1845K(574976K)
[2020-08-05T16:59:26.465-0300] GC(1045) ParOldGen: 121002K->122004K(148480K)
[2020-08-05T16:59:26.465-0300] GC(1045) Metaspace: 117204K->117204K(1161216K)
[2020-08-05T16:59:26.465-0300] GC(1045) Pause Young (Allocation Failure) 706M->120M(706M) 7.815ms
[2020-08-05T16:59:26.465-0300] GC(1045) User=0.02s Sys=0.01s Real=0.01s
[2020-08-05T16:59:31.005-0300] GC(1046) Pause Young (Allocation Failure)
[2020-08-05T16:59:31.014-0300] GC(1046) PSYoungGen: 574773K->1461K(547840K)
[2020-08-05T16:59:31.014-0300] GC(1046) ParOldGen: 122004K->123167K(148480K)
[2020-08-05T16:59:31.014-0300] GC(1046) Metaspace: 117276K->117276K(1161216K)
[2020-08-05T16:59:31.014-0300] GC(1046) Pause Young (Allocation Failure) 680M->121M(680M) 8.566ms
[2020-08-05T16:59:31.014-0300] GC(1046) User=0.02s Sys=0.00s Real=0.00s
[2020-08-05T16:59:35.605-0300] GC(1047) Pause Young (Allocation Failure)
[2020-08-05T16:59:35.612-0300] GC(1047) PSYoungGen: 547765K->1605K(523264K)
[2020-08-05T16:59:35.612-0300] GC(1047) ParOldGen: 123167K->124076K(148480K)
[2020-08-05T16:59:35.612-0300] GC(1047) Metaspace: 117284K->117284K(1161216K)
[2020-08-05T16:59:35.612-0300] GC(1047) Pause Young (Allocation Failure) 655M->122M(656M) 7.230ms
[2020-08-05T16:59:35.613-0300] GC(1047) User=0.02s Sys=0.00s Real=0.00s
[2020-08-05T16:59:40.082-0300] GC(1048) Pause Young (Allocation Failure)
[2020-08-05T16:59:40.089-0300] GC(1048) PSYoungGen: 522821K->1686K(499200K)
[2020-08-05T16:59:40.089-0300] GC(1048) ParOldGen: 124076K->125005K(148480K)
[2020-08-05T16:59:40.089-0300] GC(1048) Metaspace: 117315K->117315K(1161216K)
[2020-08-05T16:59:40.089-0300] GC(1048) Pause Young (Allocation Failure) 631M->123M(632M) 6.909ms
[2020-08-05T16:59:40.089-0300] GC(1048) User=0.01s Sys=0.00s Real=0.01s
[2020-08-05T16:59:44.066-0300] GC(1049) Pause Young (Allocation Failure)
[2020-08-05T16:59:44.072-0300] GC(1049) PSYoungGen: 498838K->1267K(476160K)
[2020-08-05T16:59:44.073-0300] GC(1049) ParOldGen: 125005K->126149K(148480K)
[2020-08-05T16:59:44.073-0300] GC(1049) Metaspace: 117315K->117315K(1161216K)
[2020-08-05T16:59:44.073-0300] GC(1049) Pause Young (Allocation Failure) 609M->124M(610M) 6.630ms
[2020-08-05T16:59:44.073-0300] GC(1049) User=0.01s Sys=0.01s Real=0.00s
[2020-08-05T16:59:48.041-0300] GC(1050) Pause Young (Allocation Failure)
[2020-08-05T16:59:48.048-0300] GC(1050) PSYoungGen: 475891K->1590K(455168K)
[2020-08-05T16:59:48.048-0300] GC(1050) ParOldGen: 126149K->126957K(148480K)
[2020-08-05T16:59:48.048-0300] GC(1050) Metaspace: 117319K->117319K(1161216K)
[2020-08-05T16:59:48.048-0300] GC(1050) Pause Young (Allocation Failure) 587M->125M(589M) 6.997ms
[2020-08-05T16:59:48.048-0300] GC(1050) User=0.01s Sys=0.00s Real=0.01s
[2020-08-05T16:59:51.938-0300] GC(1051) Pause Young (Allocation Failure)
[2020-08-05T16:59:51.943-0300] GC(1051) PSYoungGen: 454710K->1445K(434176K)
[2020-08-05T16:59:51.943-0300] GC(1051) ParOldGen: 126957K->128031K(148480K)
[2020-08-05T16:59:51.943-0300] GC(1051) Metaspace: 117327K->117327K(1161216K)
[2020-08-05T16:59:51.943-0300] GC(1051) Pause Young (Allocation Failure) 568M->126M(569M) 5.251ms
[2020-08-05T16:59:51.943-0300] GC(1051) User=0.01s Sys=0.00s Real=0.00s
[2020-08-05T16:59:55.482-0300] GC(1052) Pause Young (Allocation Failure)
[2020-08-05T16:59:55.488-0300] GC(1052) PSYoungGen: 434085K->1944K(415232K)
[2020-08-05T16:59:55.488-0300] GC(1052) ParOldGen: 128031K->128031K(148480K)
[2020-08-05T16:59:55.488-0300] GC(1052) Metaspace: 117345K->117345K(1161216K)
[2020-08-05T16:59:55.488-0300] GC(1052) Pause Young (Allocation Failure) 548M->126M(550M) 6.021ms
[2020-08-05T16:59:55.488-0300] GC(1052) User=0.01s Sys=0.00s Real=0.01s
[2020-08-05T16:59:58.953-0300] GC(1053) Pause Young (Allocation Failure)
[2020-08-05T16:59:58.958-0300] GC(1053) PSYoungGen: 415128K->2264K(397312K)
[2020-08-05T16:59:58.958-0300] GC(1053) ParOldGen: 128031K->128031K(148480K)
[2020-08-05T16:59:58.958-0300] GC(1053) Metaspace: 117345K->117345K(1161216K)
[2020-08-05T16:59:58.958-0300] GC(1053) Pause Young (Allocation Failure) 530M->127M(533M) 5.762ms
[2020-08-05T16:59:58.958-0300] GC(1053) User=0.01s Sys=0.00s Real=0.01s
[2020-08-05T17:00:02.503-0300] GC(1054) Pause Young (Allocation Failure)
[2020-08-05T17:00:02.508-0300] GC(1054) PSYoungGen: 397016K->2041K(379392K)
[2020-08-05T17:00:02.508-0300] GC(1054) ParOldGen: 128031K->128416K(148480K)
[2020-08-05T17:00:02.508-0300] GC(1054) Metaspace: 117367K->117367K(1161216K)
[2020-08-05T17:00:02.508-0300] GC(1054) Pause Young (Allocation Failure) 512M->127M(515M) 4.893ms
[2020-08-05T17:00:02.508-0300] GC(1054) User=0.01s Sys=0.00s Real=0.01s
[2020-08-05T17:00:05.803-0300] GC(1055) Pause Young (Allocation Failure)
[2020-08-05T17:00:05.810-0300] GC(1055) PSYoungGen: 379385K->1863K(362496K)
[2020-08-05T17:00:05.810-0300] GC(1055) ParOldGen: 128416K->129154K(148480K)
[2020-08-05T17:00:05.810-0300] GC(1055) Metaspace: 117384K->117384K(1161216K)
[2020-08-05T17:00:05.810-0300] GC(1055) Pause Young (Allocation Failure) 495M->127M(499M) 6.707ms
[2020-08-05T17:00:05.810-0300] GC(1055) User=0.01s Sys=0.00s Real=0.01s
[2020-08-05T17:00:08.746-0300] GC(1056) Pause Young (Allocation Failure)
[2020-08-05T17:00:08.752-0300] GC(1056) PSYoungGen: 362311K->2215K(347136K)
[2020-08-05T17:00:08.752-0300] GC(1056) ParOldGen: 129154K->129154K(148480K)
[2020-08-05T17:00:08.752-0300] GC(1056) Metaspace: 117423K->117423K(1161216K)
[2020-08-05T17:00:08.752-0300] GC(1056) Pause Young (Allocation Failure) 479M->128M(484M) 5.616ms
[2020-08-05T17:00:08.752-0300] GC(1056) User=0.02s Sys=0.00s Real=0.00s
[2020-08-05T17:00:11.807-0300] GC(1057) Pause Young (Allocation Failure)
[2020-08-05T17:00:11.813-0300] GC(1057) PSYoungGen: 346791K->2536K(331776K)
[2020-08-05T17:00:11.813-0300] GC(1057) ParOldGen: 129154K->129154K(148480K)
[2020-08-05T17:00:11.813-0300] GC(1057) Metaspace: 117424K->117424K(1161216K)
[2020-08-05T17:00:11.813-0300] GC(1057) Pause Young (Allocation Failure) 464M->128M(469M) 6.749ms
[2020-08-05T17:00:11.813-0300] GC(1057) User=0.01s Sys=0.01s Real=0.00s
[2020-08-05T17:00:14.452-0300] GC(1058) Pause Young (Allocation Failure)
[2020-08-05T17:00:14.458-0300] GC(1058) PSYoungGen: 331752K->1524K(316416K)
[2020-08-05T17:00:14.458-0300] GC(1058) ParOldGen: 129154K->130344K(148480K)
[2020-08-05T17:00:14.458-0300] GC(1058) Metaspace: 117431K->117431K(1161216K)
[2020-08-05T17:00:14.458-0300] GC(1058) Pause Young (Allocation Failure) 450M->128M(454M) 5.555ms
[2020-08-05T17:00:14.458-0300] GC(1058) User=0.02s Sys=0.00s Real=0.01s
[2020-08-05T17:00:17.206-0300] GC(1059) Pause Young (Allocation Failure)
[2020-08-05T17:00:17.211-0300] GC(1059) PSYoungGen: 316404K->1683K(303104K)
[2020-08-05T17:00:17.211-0300] GC(1059) ParOldGen: 130344K->130972K(148480K)
[2020-08-05T17:00:17.211-0300] GC(1059) Metaspace: 117449K->117449K(1161216K)
[2020-08-05T17:00:17.211-0300] GC(1059) Pause Young (Allocation Failure) 436M->129M(441M) 5.251ms
[2020-08-05T17:00:17.211-0300] GC(1059) User=0.01s Sys=0.00s Real=0.00s
[2020-08-05T17:00:19.558-0300] GC(1060) Pause Young (Allocation Failure)
[2020-08-05T17:00:19.563-0300] GC(1060) PSYoungGen: 302739K->2132K(290816K)
[2020-08-05T17:00:19.563-0300] GC(1060) ParOldGen: 130972K->130972K(148480K)
[2020-08-05T17:00:19.563-0300] GC(1060) Metaspace: 117449K->117449K(1161216K)
[2020-08-05T17:00:19.563-0300] GC(1060) Pause Young (Allocation Failure) 423M->129M(429M) 5.827ms
[2020-08-05T17:00:19.564-0300] GC(1060) User=0.02s Sys=0.00s Real=0.00s
[2020-08-05T17:00:21.994-0300] GC(1061) Pause Young (Allocation Failure)
[2020-08-05T17:00:21.999-0300] GC(1061) PSYoungGen: 290388K->2068K(278528K)
[2020-08-05T17:00:21.999-0300] GC(1061) ParOldGen: 130972K->131172K(148480K)
[2020-08-05T17:00:21.999-0300] GC(1061) Metaspace: 117454K->117454K(1161216K)
[2020-08-05T17:00:21.999-0300] GC(1061) Pause Young (Allocation Failure) 411M->130M(417M) 5.337ms
[2020-08-05T17:00:21.999-0300] GC(1061) User=0.01s Sys=0.00s Real=0.01s
[2020-08-05T17:00:24.415-0300] GC(1062) Pause Young (Allocation Failure)
[2020-08-05T17:00:24.420-0300] GC(1062) PSYoungGen: 278036K->1524K(265728K)
[2020-08-05T17:00:24.420-0300] GC(1062) ParOldGen: 131172K->131853K(148480K)
[2020-08-05T17:00:24.420-0300] GC(1062) Metaspace: 117460K->117460K(1161216K)
[2020-08-05T17:00:24.420-0300] GC(1062) Pause Young (Allocation Failure) 399M->130M(404M) 4.900ms
[2020-08-05T17:00:24.420-0300] GC(1062) User=0.01s Sys=0.00s Real=0.00s
[2020-08-05T17:00:26.554-0300] GC(1063) Pause Young (Allocation Failure)
[2020-08-05T17:00:26.559-0300] GC(1063) PSYoungGen: 265716K->1653K(254976K)
[2020-08-05T17:00:26.559-0300] GC(1063) ParOldGen: 131853K->132197K(148480K)
[2020-08-05T17:00:26.559-0300] GC(1063) Metaspace: 117461K->117461K(1161216K)
[2020-08-05T17:00:26.559-0300] GC(1063) Pause Young (Allocation Failure) 388M->130M(394M) 5.572ms
[2020-08-05T17:00:26.560-0300] GC(1063) User=0.01s Sys=0.00s Real=0.00s
[2020-08-05T17:00:28.574-0300] GC(1064) Pause Young (Allocation Failure)
[2020-08-05T17:00:28.579-0300] GC(1064) PSYoungGen: 254581K->1830K(244224K)
[2020-08-05T17:00:28.579-0300] GC(1064) ParOldGen: 132197K->132309K(148480K)
[2020-08-05T17:00:28.579-0300] GC(1064) Metaspace: 117466K->117466K(1161216K)
[2020-08-05T17:00:28.579-0300] GC(1064) Pause Young (Allocation Failure) 377M->130M(383M) 4.821ms
[2020-08-05T17:00:28.579-0300] GC(1064) User=0.02s Sys=0.00s Real=0.00s
[2020-08-05T17:00:30.657-0300] GC(1065) Pause Young (Allocation Failure)
[2020-08-05T17:00:30.662-0300] GC(1065) PSYoungGen: 244006K->1814K(233984K)
[2020-08-05T17:00:30.662-0300] GC(1065) ParOldGen: 132309K->132558K(148480K)
[2020-08-05T17:00:30.662-0300] GC(1065) Metaspace: 117469K->117469K(1161216K)
[2020-08-05T17:00:30.662-0300] GC(1065) Pause Young (Allocation Failure) 367M->131M(373M) 5.305ms
[2020-08-05T17:00:30.662-0300] GC(1065) User=0.01s Sys=0.00s Real=0.00s
[2020-08-05T17:00:32.598-0300] GC(1066) Pause Young (Allocation Failure)
[2020-08-05T17:00:32.604-0300] GC(1066) PSYoungGen: 233750K->1830K(224256K)
[2020-08-05T17:00:32.604-0300] GC(1066) ParOldGen: 132558K->132710K(148480K)
[2020-08-05T17:00:32.604-0300] GC(1066) Metaspace: 117505K->117505K(1161216K)
[2020-08-05T17:00:32.604-0300] GC(1066) Pause Young (Allocation Failure) 357M->131M(364M) 5.562ms
[2020-08-05T17:00:32.604-0300] GC(1066) User=0.01s Sys=0.00s Real=0.01s
[2020-08-05T17:00:34.356-0300] GC(1067) Pause Young (Allocation Failure)
[2020-08-05T17:00:34.364-0300] GC(1067) PSYoungGen: 224038K->1765K(215040K)
[2020-08-05T17:00:34.364-0300] GC(1067) ParOldGen: 132710K->132870K(148480K)
[2020-08-05T17:00:34.364-0300] GC(1067) Metaspace: 117505K->117505K(1161216K)
[2020-08-05T17:00:34.364-0300] GC(1067) Pause Young (Allocation Failure) 348M->131M(355M) 7.880ms
[2020-08-05T17:00:34.364-0300] GC(1067) User=0.01s Sys=0.00s Real=0.01s
[2020-08-05T17:00:36.262-0300] GC(1068) Pause Young (Allocation Failure)
[2020-08-05T17:00:36.268-0300] GC(1068) PSYoungGen: 214757K->1589K(206336K)
[2020-08-05T17:00:36.268-0300] GC(1068) ParOldGen: 132870K->133452K(148480K)
[2020-08-05T17:00:36.268-0300] GC(1068) Metaspace: 117532K->117532K(1161216K)
[2020-08-05T17:00:36.268-0300] GC(1068) Pause Young (Allocation Failure) 339M->131M(346M) 6.773ms
[2020-08-05T17:00:36.269-0300] GC(1068) User=0.01s Sys=0.00s Real=0.01s
[2020-08-05T17:00:38.113-0300] GC(1069) Pause Young (Allocation Failure)
[2020-08-05T17:00:38.119-0300] GC(1069) PSYoungGen: 205875K->1317K(197632K)
[2020-08-05T17:00:38.119-0300] GC(1069) ParOldGen: 133452K->133813K(148480K)
[2020-08-05T17:00:38.119-0300] GC(1069) Metaspace: 117581K->117581K(1161216K)
[2020-08-05T17:00:38.119-0300] GC(1069) Pause Young (Allocation Failure) 331M->131M(338M) 6.787ms
[2020-08-05T17:00:38.119-0300] GC(1069) User=0.01s Sys=0.00s Real=0.01s
[2020-08-05T17:00:39.809-0300] GC(1070) Pause Young (Allocation Failure)
[2020-08-05T17:00:39.815-0300] GC(1070) PSYoungGen: 197413K->1108K(189952K)
[2020-08-05T17:00:39.815-0300] GC(1070) ParOldGen: 133813K->134359K(148480K)
[2020-08-05T17:00:39.815-0300] GC(1070) Metaspace: 117581K->117581K(1161216K)
[2020-08-05T17:00:39.815-0300] GC(1070) Pause Young (Allocation Failure) 323M->132M(330M) 5.808ms
[2020-08-05T17:00:39.815-0300] GC(1070) User=0.01s Sys=0.00s Real=0.01s
[2020-08-05T17:00:41.376-0300] GC(1071) Pause Young (Allocation Failure)
[2020-08-05T17:00:41.383-0300] GC(1071) PSYoungGen: 189524K->802K(181760K)
[2020-08-05T17:00:41.383-0300] GC(1071) ParOldGen: 134359K->135107K(148480K)
[2020-08-05T17:00:41.383-0300] GC(1071) Metaspace: 117584K->117584K(1161216K)
[2020-08-05T17:00:41.383-0300] GC(1071) Pause Young (Allocation Failure) 316M->132M(322M) 6.674ms
[2020-08-05T17:00:41.383-0300] GC(1071) User=0.01s Sys=0.00s Real=0.00s
[2020-08-05T17:00:43.160-0300] GC(1072) Pause Young (Allocation Failure)
[2020-08-05T17:00:43.165-0300] GC(1072) PSYoungGen: 181538K->577K(174592K)
[2020-08-05T17:00:43.165-0300] GC(1072) ParOldGen: 135107K->135570K(148480K)
[2020-08-05T17:00:43.165-0300] GC(1072) Metaspace: 117669K->117669K(1161216K)
[2020-08-05T17:00:43.165-0300] GC(1072) Pause Young (Allocation Failure) 309M->132M(315M) 4.348ms
[2020-08-05T17:00:43.165-0300] GC(1072) User=0.01s Sys=0.00s Real=0.01s
[2020-08-05T17:02:02.476-0300] GC(1073) Pause Young (Allocation Failure)
[2020-08-05T17:02:02.482-0300] GC(1073) PSYoungGen: 174145K->1983K(168960K)
[2020-08-05T17:02:02.482-0300] GC(1073) ParOldGen: 135570K->135859K(148480K)
[2020-08-05T17:02:02.482-0300] GC(1073) Metaspace: 117719K->117719K(1161216K)
[2020-08-05T17:02:02.482-0300] GC(1073) Pause Young (Allocation Failure) 302M->134M(310M) 6.396ms
[2020-08-05T17:02:02.482-0300] GC(1073) User=0.02s Sys=0.00s Real=0.00s
[2020-08-05T17:03:04.760-0300] GC(1074) Pause Young (Allocation Failure)
[2020-08-05T17:03:04.765-0300] GC(1074) PSYoungGen: 168895K->1731K(162304K)
[2020-08-05T17:03:04.765-0300] GC(1074) ParOldGen: 135859K->137533K(148480K)
[2020-08-05T17:03:04.765-0300] GC(1074) Metaspace: 117751K->117751K(1161216K)
[2020-08-05T17:03:04.765-0300] GC(1074) Pause Young (Allocation Failure) 297M->136M(303M) 5.428ms
[2020-08-05T17:03:04.765-0300] GC(1074) User=0.01s Sys=0.01s Real=0.01s
[2020-08-05T17:03:21.818-0300] GC(1075) Pause Young (Allocation Failure)
[2020-08-05T17:03:21.823-0300] GC(1075) PSYoungGen: 161987K->1941K(156160K)
[2020-08-05T17:03:21.823-0300] GC(1075) ParOldGen: 137533K->137533K(148480K)
[2020-08-05T17:03:21.823-0300] GC(1075) Metaspace: 117765K->117765K(1161216K)
[2020-08-05T17:03:21.823-0300] GC(1075) Pause Young (Allocation Failure) 292M->136M(297M) 4.153ms
[2020-08-05T17:03:21.823-0300] GC(1075) User=0.01s Sys=0.00s Real=0.00s
[2020-08-05T17:04:59.541-0300] GC(1076) Pause Young (Allocation Failure)
[2020-08-05T17:04:59.546-0300] GC(1076) PSYoungGen: 156053K->2531K(151040K)
[2020-08-05T17:04:59.546-0300] GC(1076) ParOldGen: 137533K->139264K(148480K)
[2020-08-05T17:04:59.546-0300] GC(1076) Metaspace: 117767K->117767K(1161216K)
[2020-08-05T17:04:59.546-0300] GC(1076) Pause Young (Allocation Failure) 286M->138M(292M) 4.626ms
[2020-08-05T17:04:59.546-0300] GC(1076) User=0.01s Sys=0.00s Real=0.01s
[2020-08-05T17:06:32.103-0300] GC(1077) Pause Young (Allocation Failure)
[2020-08-05T17:06:32.108-0300] GC(1077) PSYoungGen: 151011K->4056K(146944K)
[2020-08-05T17:06:32.108-0300] GC(1077) ParOldGen: 139264K->139884K(148480K)
[2020-08-05T17:06:32.108-0300] GC(1077) Metaspace: 117767K->117767K(1161216K)
[2020-08-05T17:06:32.108-0300] GC(1077) Pause Young (Allocation Failure) 283M->140M(288M) 4.746ms
[2020-08-05T17:06:32.108-0300] GC(1077) User=0.01s Sys=0.01s Real=0.01s
[2020-08-05T17:07:54.553-0300] GC(1078) Pause Young (Allocation Failure)
[2020-08-05T17:07:54.559-0300] GC(1078) PSYoungGen: 146904K->2033K(139776K)
[2020-08-05T17:07:54.559-0300] GC(1078) ParOldGen: 139884K->142920K(148480K)
[2020-08-05T17:07:54.559-0300] GC(1078) Metaspace: 117770K->117770K(1161216K)
[2020-08-05T17:07:54.559-0300] GC(1078) Pause Young (Allocation Failure) 280M->141M(281M) 5.446ms
[2020-08-05T17:07:54.559-0300] GC(1078) User=0.01s Sys=0.00s Real=0.01s
[2020-08-05T17:07:57.299-0300] GC(1079) Pause Young (Allocation Failure)
[2020-08-05T17:07:57.304-0300] GC(1079) PSYoungGen: 139761K->1122K(134144K)
[2020-08-05T17:07:57.304-0300] GC(1079) ParOldGen: 142920K->144664K(148480K)
[2020-08-05T17:07:57.304-0300] GC(1079) Metaspace: 117805K->117805K(1161216K)
[2020-08-05T17:07:57.304-0300] GC(1079) Pause Young (Allocation Failure) 276M->142M(276M) 4.936ms
[2020-08-05T17:07:57.304-0300] GC(1079) User=0.01s Sys=0.00s Real=0.01s
[2020-08-05T17:07:57.760-0300] GC(1080) Pause Young (Allocation Failure)
[2020-08-05T17:07:57.765-0300] GC(1080) PSYoungGen: 133730K->1842K(130048K)
[2020-08-05T17:07:57.765-0300] GC(1080) ParOldGen: 144664K->144664K(148480K)
[2020-08-05T17:07:57.765-0300] GC(1080) Metaspace: 117805K->117805K(1161216K)
[2020-08-05T17:07:57.765-0300] GC(1080) Pause Young (Allocation Failure) 271M->143M(272M) 5.397ms
[2020-08-05T17:07:57.765-0300] GC(1080) User=0.01s Sys=0.00s Real=0.01s
[2020-08-05T17:08:15.777-0300] GC(1081) Pause Young (Allocation Failure)
[2020-08-05T17:08:15.781-0300] GC(1081) PSYoungGen: 129842K->1537K(125440K)
[2020-08-05T17:08:15.781-0300] GC(1081) ParOldGen: 144664K->145566K(148480K)
[2020-08-05T17:08:15.781-0300] GC(1081) Metaspace: 117812K->117812K(1161216K)
[2020-08-05T17:08:15.781-0300] GC(1081) Pause Young (Allocation Failure) 268M->143M(267M) 4.360ms
[2020-08-05T17:08:15.781-0300] GC(1081) User=0.01s Sys=0.01s Real=0.00s
[2020-08-05T17:09:33.909-0300] GC(1082) Pause Young (Allocation Failure)
[2020-08-05T17:09:33.916-0300] GC(1082) PSYoungGen: 124929K->2644K(121856K)
[2020-08-05T17:09:33.916-0300] GC(1082) ParOldGen: 145566K->146880K(148480K)
[2020-08-05T17:09:33.916-0300] GC(1082) Metaspace: 117812K->117812K(1161216K)
[2020-08-05T17:09:33.916-0300] GC(1082) Pause Young (Allocation Failure) 264M->146M(264M) 6.881ms
[2020-08-05T17:09:33.916-0300] GC(1082) User=0.01s Sys=0.00s Real=0.01s
[2020-08-05T17:09:33.916-0300] GC(1083) Pause Full (Ergonomics)
[2020-08-05T17:09:33.916-0300] GC(1083) Marking Phase
[2020-08-05T17:09:33.999-0300] GC(1083) Marking Phase 83.275ms
[2020-08-05T17:09:33.999-0300] GC(1083) Summary Phase
[2020-08-05T17:09:33.999-0300] GC(1083) Summary Phase 0.016ms
[2020-08-05T17:09:33.999-0300] GC(1083) Adjust Roots
[2020-08-05T17:09:34.036-0300] GC(1083) Adjust Roots 36.007ms
[2020-08-05T17:09:34.036-0300] GC(1083) Compaction Phase
[2020-08-05T17:09:34.079-0300] GC(1083) Compaction Phase 43.354ms
[2020-08-05T17:09:34.079-0300] GC(1083) Post Compact
[2020-08-05T17:09:34.080-0300] GC(1083) Post Compact 0.771ms
[2020-08-05T17:09:34.080-0300] GC(1083) PSYoungGen: 2644K->0K(115200K)
[2020-08-05T17:09:34.080-0300] GC(1083) ParOldGen: 146880K->105486K(148480K)
[2020-08-05T17:09:34.080-0300] GC(1083) Metaspace: 117812K->117812K(1161216K)
[2020-08-05T17:09:34.080-0300] GC(1083) Pause Full (Ergonomics) 146M->103M(257M) 163.815ms
[2020-08-05T17:09:34.080-0300] GC(1083) User=0.41s Sys=0.00s Real=0.16s
[2020-08-05T17:10:48.368-0300] GC(1084) Pause Young (Allocation Failure)
[2020-08-05T17:10:48.371-0300] GC(1084) PSYoungGen: 114688K->2131K(113152K)
[2020-08-05T17:10:48.371-0300] GC(1084) ParOldGen: 105486K->105486K(148480K)
[2020-08-05T17:10:48.371-0300] GC(1084) Metaspace: 117812K->117812K(1161216K)
[2020-08-05T17:10:48.372-0300] GC(1084) Pause Young (Allocation Failure) 215M->105M(255M) 3.288ms
[2020-08-05T17:10:48.372-0300] GC(1084) User=0.01s Sys=0.00s Real=0.00s
[2020-08-05T17:11:57.185-0300] GC(1085) Pause Young (Allocation Failure)
[2020-08-05T17:11:57.189-0300] GC(1085) PSYoungGen: 112723K->1267K(108544K)
[2020-08-05T17:11:57.189-0300] GC(1085) ParOldGen: 105486K->107353K(148480K)
[2020-08-05T17:11:57.189-0300] GC(1085) Metaspace: 117812K->117812K(1161216K)
[2020-08-05T17:11:57.189-0300] GC(1085) Pause Young (Allocation Failure) 213M->106M(251M) 3.933ms
[2020-08-05T17:11:57.189-0300] GC(1085) User=0.01s Sys=0.00s Real=0.00s
[2020-08-05T17:13:04.211-0300] GC(1086) Pause Young (Allocation Failure)
[2020-08-05T17:13:04.216-0300] GC(1086) PSYoungGen: 108275K->2167K(105984K)
[2020-08-05T17:13:04.216-0300] GC(1086) ParOldGen: 107353K->107353K(148480K)
[2020-08-05T17:13:04.216-0300] GC(1086) Metaspace: 117826K->117826K(1161216K)
[2020-08-05T17:13:04.216-0300] GC(1086) Pause Young (Allocation Failure) 210M->106M(248M) 4.660ms
[2020-08-05T17:13:04.216-0300] GC(1086) User=0.01s Sys=0.00s Real=0.01s
[2020-08-05T17:14:09.990-0300] GC(1087) Pause Young (Allocation Failure)
[2020-08-05T17:14:09.996-0300] GC(1087) PSYoungGen: 105591K->4107K(104448K)
[2020-08-05T17:14:09.996-0300] GC(1087) ParOldGen: 107353K->107353K(148480K)
[2020-08-05T17:14:09.996-0300] GC(1087) Metaspace: 117826K->117826K(1161216K)
[2020-08-05T17:14:09.996-0300] GC(1087) Pause Young (Allocation Failure) 207M->108M(247M) 5.734ms
[2020-08-05T17:14:09.996-0300] GC(1087) User=0.01s Sys=0.00s Real=0.01s
[2020-08-05T17:15:11.084-0300] GC(1088) Pause Young (Allocation Failure)
[2020-08-05T17:15:11.088-0300] GC(1088) PSYoungGen: 103947K->2530K(99328K)
[2020-08-05T17:15:11.088-0300] GC(1088) ParOldGen: 107353K->110249K(148480K)
[2020-08-05T17:15:11.088-0300] GC(1088) Metaspace: 117826K->117826K(1161216K)
[2020-08-05T17:15:11.088-0300] GC(1088) Pause Young (Allocation Failure) 206M->110M(242M) 4.454ms
[2020-08-05T17:15:11.088-0300] GC(1088) User=0.01s Sys=0.00s Real=0.01s
[2020-08-05T17:16:14.900-0300] GC(1089) Pause Young (Allocation Failure)
[2020-08-05T17:16:14.905-0300] GC(1089) PSYoungGen: 99298K->3717K(97792K)
[2020-08-05T17:16:14.905-0300] GC(1089) ParOldGen: 110249K->110585K(148480K)
[2020-08-05T17:16:14.905-0300] GC(1089) Metaspace: 117827K->117827K(1161216K)
[2020-08-05T17:16:14.905-0300] GC(1089) Pause Young (Allocation Failure) 204M->111M(240M) 4.890ms
[2020-08-05T17:16:14.905-0300] GC(1089) User=0.01s Sys=0.00s Real=0.01s
[2020-08-05T17:17:13.585-0300] GC(1090) Pause Young (Allocation Failure)
[2020-08-05T17:17:13.596-0300] GC(1090) PSYoungGen: 97413K->4425K(95232K)
[2020-08-05T17:17:13.596-0300] GC(1090) ParOldGen: 110585K->110585K(148480K)
[2020-08-05T17:17:13.596-0300] GC(1090) Metaspace: 117827K->117827K(1161216K)
[2020-08-05T17:17:13.596-0300] GC(1090) Pause Young (Allocation Failure) 203M->112M(238M) 10.394ms
[2020-08-05T17:17:13.596-0300] GC(1090) User=0.02s Sys=0.00s Real=0.01s
[2020-08-05T17:18:12.696-0300] GC(1091) Pause Young (Allocation Failure)
[2020-08-05T17:18:12.700-0300] GC(1091) PSYoungGen: 95024K->5213K(93184K)
[2020-08-05T17:18:12.700-0300] GC(1091) ParOldGen: 110585K->110585K(148480K)
[2020-08-05T17:18:12.700-0300] GC(1091) Metaspace: 117831K->117831K(1161216K)
[2020-08-05T17:18:12.700-0300] GC(1091) Pause Young (Allocation Failure) 200M->113M(236M) 4.015ms
[2020-08-05T17:18:12.700-0300] GC(1091) User=0.01s Sys=0.00s Real=0.00s
[2020-08-05T17:19:04.929-0300] GC(1092) Pause Young (Allocation Failure)
[2020-08-05T17:19:04.934-0300] GC(1092) PSYoungGen: 92765K->2546K(87552K)
[2020-08-05T17:19:04.934-0300] GC(1092) ParOldGen: 110585K->114814K(148480K)
[2020-08-05T17:19:04.934-0300] GC(1092) Metaspace: 117831K->117831K(1161216K)
[2020-08-05T17:19:04.934-0300] GC(1092) Pause Young (Allocation Failure) 198M->114M(230M) 5.232ms
[2020-08-05T17:19:04.934-0300] GC(1092) User=0.01s Sys=0.00s Real=0.01s
[2020-08-05T17:19:59.847-0300] GC(1093) Pause Young (Allocation Failure)
[2020-08-05T17:19:59.851-0300] GC(1093) PSYoungGen: 87538K->3557K(86016K)
[2020-08-05T17:19:59.851-0300] GC(1093) ParOldGen: 114814K->115406K(148480K)
[2020-08-05T17:19:59.851-0300] GC(1093) Metaspace: 117831K->117831K(1161216K)
[2020-08-05T17:19:59.851-0300] GC(1093) Pause Young (Allocation Failure) 197M->116M(229M) 4.186ms
[2020-08-05T17:19:59.851-0300] GC(1093) User=0.01s Sys=0.00s Real=0.00s
[2020-08-05T17:20:50.984-0300] GC(1094) Pause Young (Allocation Failure)
[2020-08-05T17:20:50.988-0300] GC(1094) PSYoungGen: 85989K->4680K(84992K)
[2020-08-05T17:20:50.988-0300] GC(1094) ParOldGen: 115406K->115406K(148480K)
[2020-08-05T17:20:50.988-0300] GC(1094) Metaspace: 117831K->117831K(1161216K)
[2020-08-05T17:20:50.988-0300] GC(1094) Pause Young (Allocation Failure) 196M->117M(228M) 4.507ms
[2020-08-05T17:20:50.988-0300] GC(1094) User=0.01s Sys=0.00s Real=0.01s
[2020-08-05T17:21:44.694-0300] GC(1095) Pause Young (Allocation Failure)
[2020-08-05T17:21:44.701-0300] GC(1095) PSYoungGen: 84552K->5467K(82944K)
[2020-08-05T17:21:44.701-0300] GC(1095) ParOldGen: 115406K->115406K(148480K)
[2020-08-05T17:21:44.701-0300] GC(1095) Metaspace: 117831K->117831K(1161216K)
[2020-08-05T17:21:44.701-0300] GC(1095) Pause Young (Allocation Failure) 195M->118M(226M) 7.396ms
[2020-08-05T17:21:44.701-0300] GC(1095) User=0.01s Sys=0.00s Real=0.01s
[2020-08-05T17:22:29.375-0300] GC(1096) Pause Young (Allocation Failure)
[2020-08-05T17:22:29.380-0300] GC(1096) PSYoungGen: 82779K->5113K(80384K)
[2020-08-05T17:22:29.380-0300] GC(1096) ParOldGen: 115406K->116385K(148480K)
[2020-08-05T17:22:29.380-0300] GC(1096) Metaspace: 117832K->117832K(1161216K)
[2020-08-05T17:22:29.380-0300] GC(1096) Pause Young (Allocation Failure) 193M->118M(223M) 4.756ms
[2020-08-05T17:22:29.380-0300] GC(1096) User=0.01s Sys=0.00s Real=0.00s
[2020-08-05T17:23:19.847-0300] GC(1097) Pause Young (Allocation Failure)
[2020-08-05T17:23:19.851-0300] GC(1097) PSYoungGen: 80377K->5516K(78848K)
[2020-08-05T17:23:19.851-0300] GC(1097) ParOldGen: 116385K->116921K(148480K)
[2020-08-05T17:23:19.851-0300] GC(1097) Metaspace: 117832K->117832K(1161216K)
[2020-08-05T17:23:19.851-0300] GC(1097) Pause Young (Allocation Failure) 192M->119M(222M) 3.963ms
[2020-08-05T17:23:19.851-0300] GC(1097) User=0.01s Sys=0.00s Real=0.00s
[2020-08-05T17:24:07.800-0300] GC(1098) Pause Young (Allocation Failure)
[2020-08-05T17:24:07.804-0300] GC(1098) PSYoungGen: 78732K->6139K(77312K)
[2020-08-05T17:24:07.804-0300] GC(1098) ParOldGen: 116921K->117536K(148480K)
[2020-08-05T17:24:07.804-0300] GC(1098) Metaspace: 117832K->117832K(1161216K)
[2020-08-05T17:24:07.804-0300] GC(1098) Pause Young (Allocation Failure) 191M->120M(220M) 4.345ms
[2020-08-05T17:24:07.804-0300] GC(1098) User=0.01s Sys=0.00s Real=0.01s
[2020-08-05T17:24:50.261-0300] GC(1099) Pause Young (Allocation Failure)
[2020-08-05T17:24:50.266-0300] GC(1099) PSYoungGen: 77307K->6062K(75264K)
[2020-08-05T17:24:50.267-0300] GC(1099) ParOldGen: 117536K->118617K(148480K)
[2020-08-05T17:24:50.267-0300] GC(1099) Metaspace: 117832K->117832K(1161216K)
[2020-08-05T17:24:50.267-0300] GC(1099) Pause Young (Allocation Failure) 190M->121M(218M) 6.010ms
[2020-08-05T17:24:50.267-0300] GC(1099) User=0.01s Sys=0.00s Real=0.01s
[2020-08-05T17:25:34.846-0300] GC(1100) Pause Young (Allocation Failure)
[2020-08-05T17:25:34.851-0300] GC(1100) PSYoungGen: 75182K->6640K(73728K)
[2020-08-05T17:25:34.851-0300] GC(1100) ParOldGen: 118617K->119093K(148480K)
[2020-08-05T17:25:34.851-0300] GC(1100) Metaspace: 117832K->117832K(1161216K)
[2020-08-05T17:25:34.851-0300] GC(1100) Pause Young (Allocation Failure) 189M->122M(217M) 4.624ms
[2020-08-05T17:25:34.851-0300] GC(1100) User=0.01s Sys=0.00s Real=0.00s
[2020-08-05T17:26:15.133-0300] GC(1101) Pause Young (Allocation Failure)
[2020-08-05T17:26:15.140-0300] GC(1101) PSYoungGen: 73712K->6530K(71680K)
[2020-08-05T17:26:15.140-0300] GC(1101) ParOldGen: 119093K->120181K(148480K)
[2020-08-05T17:26:15.140-0300] GC(1101) Metaspace: 117832K->117832K(1161216K)
[2020-08-05T17:26:15.140-0300] GC(1101) Pause Young (Allocation Failure) 188M->123M(215M) 6.997ms
[2020-08-05T17:26:15.140-0300] GC(1101) User=0.02s Sys=0.00s Real=0.01s
[2020-08-05T17:26:57.447-0300] GC(1102) Pause Young (Allocation Failure)
[2020-08-05T17:26:57.452-0300] GC(1102) PSYoungGen: 71554K->6625K(70144K)
[2020-08-05T17:26:57.452-0300] GC(1102) ParOldGen: 120181K->120201K(148480K)
[2020-08-05T17:26:57.452-0300] GC(1102) Metaspace: 117832K->117832K(1161216K)
[2020-08-05T17:26:57.452-0300] GC(1102) Pause Young (Allocation Failure) 187M->123M(213M) 4.232ms
[2020-08-05T17:26:57.452-0300] GC(1102) User=0.01s Sys=0.00s Real=0.00s
[2020-08-05T17:27:39.635-0300] GC(1103) Pause Young (Allocation Failure)
[2020-08-05T17:27:39.640-0300] GC(1103) PSYoungGen: 70113K->6337K(68608K)
[2020-08-05T17:27:39.640-0300] GC(1103) ParOldGen: 120201K->120949K(148480K)
[2020-08-05T17:27:39.640-0300] GC(1103) Metaspace: 117833K->117833K(1161216K)
[2020-08-05T17:27:39.640-0300] GC(1103) Pause Young (Allocation Failure) 185M->124M(212M) 4.654ms
[2020-08-05T17:27:39.640-0300] GC(1103) User=0.01s Sys=0.00s Real=0.00s
[2020-08-05T17:28:14.988-0300] GC(1104) Pause Young (Allocation Failure)
[2020-08-05T17:28:14.992-0300] GC(1104) PSYoungGen: 68289K->6450K(67072K)
[2020-08-05T17:28:14.992-0300] GC(1104) ParOldGen: 120949K->120949K(148480K)
[2020-08-05T17:28:14.992-0300] GC(1104) Metaspace: 117833K->117833K(1161216K)
[2020-08-05T17:28:14.992-0300] GC(1104) Pause Young (Allocation Failure) 184M->124M(210M) 3.616ms
[2020-08-05T17:28:14.992-0300] GC(1104) User=0.01s Sys=0.00s Real=0.00s
[2020-08-05T17:28:54.248-0300] GC(1105) Pause Young (Allocation Failure)
[2020-08-05T17:28:54.253-0300] GC(1105) PSYoungGen: 66866K->7730K(67072K)
[2020-08-05T17:28:54.253-0300] GC(1105) ParOldGen: 120949K->120949K(148480K)
[2020-08-05T17:28:54.253-0300] GC(1105) Metaspace: 117833K->117833K(1161216K)
[2020-08-05T17:28:54.253-0300] GC(1105) Pause Young (Allocation Failure) 183M->125M(210M) 4.788ms
[2020-08-05T17:28:54.253-0300] GC(1105) User=0.01s Sys=0.00s Real=0.00s
[2020-08-05T17:29:31.351-0300] GC(1106) Pause Young (Allocation Failure)
[2020-08-05T17:29:31.356-0300] GC(1106) PSYoungGen: 66610K->5113K(62464K)
[2020-08-05T17:29:31.356-0300] GC(1106) ParOldGen: 120949K->123866K(148480K)
[2020-08-05T17:29:31.356-0300] GC(1106) Metaspace: 117833K->117833K(1161216K)
[2020-08-05T17:29:31.356-0300] GC(1106) Pause Young (Allocation Failure) 183M->125M(206M) 4.979ms
[2020-08-05T17:29:31.356-0300] GC(1106) User=0.01s Sys=0.00s Real=0.01s
[2020-08-05T17:30:04.848-0300] GC(1107) Pause Young (Allocation Failure)
[2020-08-05T17:30:04.857-0300] GC(1107) PSYoungGen: 62457K->6044K(61952K)
[2020-08-05T17:30:04.857-0300] GC(1107) ParOldGen: 123866K->123994K(148480K)
[2020-08-05T17:30:04.857-0300] GC(1107) Metaspace: 117833K->117833K(1161216K)
[2020-08-05T17:30:04.857-0300] GC(1107) Pause Young (Allocation Failure) 181M->126M(205M) 8.917ms
[2020-08-05T17:30:04.857-0300] GC(1107) User=0.01s Sys=0.00s Real=0.01s
[2020-08-05T17:30:40.582-0300] GC(1108) Pause Young (Allocation Failure)
[2020-08-05T17:30:40.587-0300] GC(1108) PSYoungGen: 61852K->6862K(61440K)
[2020-08-05T17:30:40.587-0300] GC(1108) ParOldGen: 123994K->123994K(148480K)
[2020-08-05T17:30:40.587-0300] GC(1108) Metaspace: 117833K->117833K(1161216K)
[2020-08-05T17:30:40.587-0300] GC(1108) Pause Young (Allocation Failure) 181M->127M(205M) 4.598ms
[2020-08-05T17:30:40.587-0300] GC(1108) User=0.01s Sys=0.00s Real=0.01s
[2020-08-05T17:31:17.481-0300] GC(1109) Pause Young (Allocation Failure)
[2020-08-05T17:31:17.486-0300] GC(1109) PSYoungGen: 61134K->7440K(60416K)
[2020-08-05T17:31:17.486-0300] GC(1109) ParOldGen: 123994K->123994K(148480K)
[2020-08-05T17:31:17.486-0300] GC(1109) Metaspace: 117833K->117833K(1161216K)
[2020-08-05T17:31:17.486-0300] GC(1109) Pause Young (Allocation Failure) 180M->128M(204M) 4.501ms
[2020-08-05T17:31:17.486-0300] GC(1109) User=0.02s Sys=0.00s Real=0.01s
[2020-08-05T17:31:49.470-0300] GC(1110) Pause Young (Allocation Failure)
[2020-08-05T17:31:49.474-0300] GC(1110) PSYoungGen: 60176K->6139K(57856K)
[2020-08-05T17:31:49.474-0300] GC(1110) ParOldGen: 123994K->125694K(148480K)
[2020-08-05T17:31:49.474-0300] GC(1110) Metaspace: 117833K->117833K(1161216K)
[2020-08-05T17:31:49.474-0300] GC(1110) Pause Young (Allocation Failure) 179M->128M(201M) 4.185ms
[2020-08-05T17:31:49.474-0300] GC(1110) User=0.01s Sys=0.00s Real=0.00s
[2020-08-05T17:32:21.236-0300] GC(1111) Pause Young (Allocation Failure)
[2020-08-05T17:32:21.242-0300] GC(1111) PSYoungGen: 57851K->6057K(56832K)
[2020-08-05T17:32:21.242-0300] GC(1111) ParOldGen: 125694K->126342K(148480K)
[2020-08-05T17:32:21.242-0300] GC(1111) Metaspace: 117838K->117838K(1161216K)
[2020-08-05T17:32:21.242-0300] GC(1111) Pause Young (Allocation Failure) 179M->129M(200M) 5.617ms
[2020-08-05T17:32:21.242-0300] GC(1111) User=0.01s Sys=0.00s Real=0.00s
[2020-08-05T17:32:52.975-0300] GC(1112) Pause Young (Allocation Failure)
[2020-08-05T17:32:52.980-0300] GC(1112) PSYoungGen: 56745K->7293K(57344K)
[2020-08-05T17:32:52.980-0300] GC(1112) ParOldGen: 126342K->126342K(148480K)
[2020-08-05T17:32:52.980-0300] GC(1112) Metaspace: 117838K->117838K(1161216K)
[2020-08-05T17:32:52.980-0300] GC(1112) Pause Young (Allocation Failure) 178M->130M(201M) 4.971ms
[2020-08-05T17:32:52.980-0300] GC(1112) User=0.02s Sys=0.00s Real=0.00s
[2020-08-05T17:33:24.846-0300] GC(1113) Pause Young (Allocation Failure)
[2020-08-05T17:33:24.851-0300] GC(1113) PSYoungGen: 56957K->7695K(56832K)
[2020-08-05T17:33:24.851-0300] GC(1113) ParOldGen: 126342K->126342K(148480K)
[2020-08-05T17:33:24.851-0300] GC(1113) Metaspace: 117838K->117838K(1161216K)
[2020-08-05T17:33:24.851-0300] GC(1113) Pause Young (Allocation Failure) 179M->130M(200M) 4.449ms
[2020-08-05T17:33:24.851-0300] GC(1113) User=0.02s Sys=0.00s Real=0.00s
[2020-08-05T17:33:53.000-0300] GC(1114) Pause Young (Allocation Failure)
[2020-08-05T17:33:53.004-0300] GC(1114) PSYoungGen: 56335K->5112K(52736K)
[2020-08-05T17:33:53.004-0300] GC(1114) ParOldGen: 126342K->129865K(148480K)
[2020-08-05T17:33:53.004-0300] GC(1114) Metaspace: 117838K->117838K(1161216K)
[2020-08-05T17:33:53.004-0300] GC(1114) Pause Young (Allocation Failure) 178M->131M(196M) 4.598ms
[2020-08-05T17:33:53.004-0300] GC(1114) User=0.02s Sys=0.00s Real=0.01s
[2020-08-05T17:34:23.904-0300] GC(1115) Pause Young (Allocation Failure)
[2020-08-05T17:34:23.909-0300] GC(1115) PSYoungGen: 52728K->5785K(52736K)
[2020-08-05T17:34:23.909-0300] GC(1115) ParOldGen: 129865K->130081K(148480K)
[2020-08-05T17:34:23.909-0300] GC(1115) Metaspace: 117838K->117838K(1161216K)
[2020-08-05T17:34:23.909-0300] GC(1115) Pause Young (Allocation Failure) 178M->132M(196M) 5.210ms
[2020-08-05T17:34:23.909-0300] GC(1115) User=0.01s Sys=0.00s Real=0.00s
[2020-08-05T17:34:55.034-0300] GC(1116) Pause Young (Allocation Failure)
[2020-08-05T17:34:55.039-0300] GC(1116) PSYoungGen: 52377K->6811K(52736K)
[2020-08-05T17:34:55.039-0300] GC(1116) ParOldGen: 130081K->130081K(148480K)
[2020-08-05T17:34:55.039-0300] GC(1116) Metaspace: 117838K->117838K(1161216K)
[2020-08-05T17:34:55.039-0300] GC(1116) Pause Young (Allocation Failure) 178M->133M(196M) 4.895ms
[2020-08-05T17:34:55.039-0300] GC(1116) User=0.02s Sys=0.00s Real=0.01s
[2020-08-05T17:35:20.945-0300] GC(1117) Pause Young (Allocation Failure)
[2020-08-05T17:35:20.950-0300] GC(1117) PSYoungGen: 52379K->7372K(52224K)
[2020-08-05T17:35:20.950-0300] GC(1117) ParOldGen: 130081K->130081K(148480K)
[2020-08-05T17:35:20.950-0300] GC(1117) Metaspace: 117838K->117838K(1161216K)
[2020-08-05T17:35:20.950-0300] GC(1117) Pause Young (Allocation Failure) 178M->134M(196M) 5.111ms
[2020-08-05T17:35:20.950-0300] GC(1117) User=0.02s Sys=0.01s Real=0.00s
[2020-08-05T17:35:49.763-0300] GC(1118) Pause Young (Allocation Failure)
[2020-08-05T17:35:49.768-0300] GC(1118) PSYoungGen: 51916K->6122K(49664K)
[2020-08-05T17:35:49.768-0300] GC(1118) ParOldGen: 130081K->132128K(148480K)
[2020-08-05T17:35:49.768-0300] GC(1118) Metaspace: 117838K->117838K(1161216K)
[2020-08-05T17:35:49.768-0300] GC(1118) Pause Young (Allocation Failure) 177M->135M(193M) 5.884ms
[2020-08-05T17:35:49.769-0300] GC(1118) User=0.01s Sys=0.00s Real=0.01s
[2020-08-05T17:36:18.992-0300] GC(1119) Pause Young (Allocation Failure)
[2020-08-05T17:36:18.999-0300] GC(1119) PSYoungGen: 49642K->6411K(49152K)
[2020-08-05T17:36:18.999-0300] GC(1119) ParOldGen: 132128K->132463K(148480K)
[2020-08-05T17:36:18.999-0300] GC(1119) Metaspace: 117838K->117838K(1161216K)
[2020-08-05T17:36:18.999-0300] GC(1119) Pause Young (Allocation Failure) 177M->135M(193M) 6.390ms
[2020-08-05T17:36:18.999-0300] GC(1119) User=0.01s Sys=0.00s Real=0.01s
[2020-08-05T17:36:34.875-0300] GC(1120) Pause Young (Allocation Failure)
[2020-08-05T17:36:34.879-0300] GC(1120) PSYoungGen: 48907K->6763K(48640K)
[2020-08-05T17:36:34.879-0300] GC(1120) ParOldGen: 132463K->132463K(148480K)
[2020-08-05T17:36:34.879-0300] GC(1120) Metaspace: 117838K->117838K(1161216K)
[2020-08-05T17:36:34.880-0300] GC(1120) Pause Young (Allocation Failure) 177M->135M(192M) 4.949ms
[2020-08-05T17:36:34.880-0300] GC(1120) User=0.01s Sys=0.00s Real=0.00s
[2020-08-05T17:36:51.347-0300] GC(1121) Pause Young (Allocation Failure)
[2020-08-05T17:36:51.352-0300] GC(1121) PSYoungGen: 48235K->7276K(48128K)
[2020-08-05T17:36:51.352-0300] GC(1121) ParOldGen: 132463K->132495K(148480K)
[2020-08-05T17:36:51.352-0300] GC(1121) Metaspace: 117839K->117839K(1161216K)
[2020-08-05T17:36:51.352-0300] GC(1121) Pause Young (Allocation Failure) 176M->136M(192M) 4.979ms
[2020-08-05T17:36:51.352-0300] GC(1121) User=0.01s Sys=0.00s Real=0.00s
[2020-08-05T17:37:02.613-0300] GC(1122) Pause Young (Allocation Failure)
[2020-08-05T17:37:02.618-0300] GC(1122) PSYoungGen: 47724K->5107K(45056K)
[2020-08-05T17:37:02.618-0300] GC(1122) ParOldGen: 132495K->134542K(148480K)
[2020-08-05T17:37:02.618-0300] GC(1122) Metaspace: 117846K->117846K(1161216K)
[2020-08-05T17:37:02.618-0300] GC(1122) Pause Young (Allocation Failure) 175M->136M(189M) 5.354ms
[2020-08-05T17:37:02.619-0300] GC(1122) User=0.01s Sys=0.00s Real=0.01s
[2020-08-05T17:37:02.976-0300] GC(1123) Pause Young (Allocation Failure)
[2020-08-05T17:37:02.982-0300] GC(1123) PSYoungGen: 45043K->5459K(45056K)
[2020-08-05T17:37:02.982-0300] GC(1123) ParOldGen: 134542K->134630K(148480K)
[2020-08-05T17:37:02.982-0300] GC(1123) Metaspace: 117853K->117853K(1161216K)
[2020-08-05T17:37:02.982-0300] GC(1123) Pause Young (Allocation Failure) 175M->136M(189M) 6.639ms
[2020-08-05T17:37:02.982-0300] GC(1123) User=0.02s Sys=0.00s Real=0.00s
[2020-08-05T17:37:03.285-0300] GC(1124) Pause Young (Allocation Failure)
[2020-08-05T17:37:03.289-0300] GC(1124) PSYoungGen: 44883K->5348K(44544K)
[2020-08-05T17:37:03.289-0300] GC(1124) ParOldGen: 134630K->134767K(148480K)
[2020-08-05T17:37:03.289-0300] GC(1124) Metaspace: 117860K->117860K(1161216K)
[2020-08-05T17:37:03.289-0300] GC(1124) Pause Young (Allocation Failure) 175M->136M(188M) 4.234ms
[2020-08-05T17:37:03.289-0300] GC(1124) User=0.01s Sys=0.00s Real=0.00s
[2020-08-05T17:37:03.816-0300] GC(1125) Pause Young (Allocation Failure)
[2020-08-05T17:37:03.820-0300] GC(1125) PSYoungGen: 44260K->4372K(43008K)
[2020-08-05T17:37:03.820-0300] GC(1125) ParOldGen: 134767K->135855K(148480K)
[2020-08-05T17:37:03.820-0300] GC(1125) Metaspace: 117860K->117860K(1161216K)
[2020-08-05T17:37:03.820-0300] GC(1125) Pause Young (Allocation Failure) 174M->136M(187M) 4.332ms
[2020-08-05T17:37:03.820-0300] GC(1125) User=0.01s Sys=0.00s Real=0.00s
[2020-08-05T17:37:03.956-0300] GC(1126) Pause Young (Allocation Failure)
[2020-08-05T17:37:03.960-0300] GC(1126) PSYoungGen: 42772K->3299K(49152K)
[2020-08-05T17:37:03.960-0300] GC(1126) ParOldGen: 135855K->137080K(148480K)
[2020-08-05T17:37:03.960-0300] GC(1126) Metaspace: 117860K->117860K(1161216K)
[2020-08-05T17:37:03.960-0300] GC(1126) Pause Young (Allocation Failure) 174M->137M(193M) 4.867ms
[2020-08-05T17:37:03.961-0300] GC(1126) User=0.01s Sys=0.00s Real=0.00s
[2020-08-05T17:37:04.120-0300] GC(1127) Pause Young (Allocation Failure)
[2020-08-05T17:37:04.124-0300] GC(1127) PSYoungGen: 48867K->2675K(57344K)
[2020-08-05T17:37:04.124-0300] GC(1127) ParOldGen: 137080K->138064K(148480K)
[2020-08-05T17:37:04.124-0300] GC(1127) Metaspace: 117860K->117860K(1161216K)
[2020-08-05T17:37:04.124-0300] GC(1127) Pause Young (Allocation Failure) 181M->137M(201M) 4.035ms
[2020-08-05T17:37:04.124-0300] GC(1127) User=0.01s Sys=0.00s Real=0.01s
[2020-08-05T17:37:07.919-0300] GC(1128) Pause Young (Allocation Failure)
[2020-08-05T17:37:07.922-0300] GC(1128) PSYoungGen: 56947K->2162K(67072K)
[2020-08-05T17:37:07.922-0300] GC(1128) ParOldGen: 138064K->138805K(148480K)
[2020-08-05T17:37:07.922-0300] GC(1128) Metaspace: 117866K->117866K(1161216K)
[2020-08-05T17:37:07.922-0300] GC(1128) Pause Young (Allocation Failure) 190M->137M(210M) 3.435ms
[2020-08-05T17:37:07.922-0300] GC(1128) User=0.01s Sys=0.01s Real=0.00s
[2020-08-05T17:37:19.733-0300] GC(1129) Pause Young (Allocation Failure)
[2020-08-05T17:37:19.737-0300] GC(1129) PSYoungGen: 66674K->1826K(78336K)
[2020-08-05T17:37:19.737-0300] GC(1129) ParOldGen: 138805K->139491K(148480K)
[2020-08-05T17:37:19.737-0300] GC(1129) Metaspace: 117881K->117881K(1161216K)
[2020-08-05T17:37:19.737-0300] GC(1129) Pause Young (Allocation Failure) 200M->138M(221M) 3.731ms
[2020-08-05T17:37:19.737-0300] GC(1129) User=0.01s Sys=0.00s Real=0.01s
[2020-08-05T17:37:52.934-0300] GC(1130) Pause Young (Allocation Failure)
[2020-08-05T17:37:52.937-0300] GC(1130) PSYoungGen: 78114K->1810K(76288K)
[2020-08-05T17:37:52.937-0300] GC(1130) ParOldGen: 139491K->139736K(148480K)
[2020-08-05T17:37:52.937-0300] GC(1130) Metaspace: 117882K->117882K(1161216K)
[2020-08-05T17:37:52.937-0300] GC(1130) Pause Young (Allocation Failure) 212M->138M(219M) 3.452ms
[2020-08-05T17:37:52.937-0300] GC(1130) User=0.01s Sys=0.00s Real=0.01s
[2020-08-05T17:38:40.932-0300] GC(1131) Pause Young (Allocation Failure)
[2020-08-05T17:38:40.936-0300] GC(1131) PSYoungGen: 76050K->2835K(75264K)
[2020-08-05T17:38:40.936-0300] GC(1131) ParOldGen: 139736K->139896K(148480K)
[2020-08-05T17:38:40.936-0300] GC(1131) Metaspace: 117882K->117882K(1161216K)
[2020-08-05T17:38:40.936-0300] GC(1131) Pause Young (Allocation Failure) 210M->139M(218M) 3.935ms
[2020-08-05T17:38:40.936-0300] GC(1131) User=0.01s Sys=0.00s Real=0.01s
[2020-08-05T17:39:24.846-0300] GC(1132) Pause Young (Allocation Failure)
[2020-08-05T17:39:24.851-0300] GC(1132) PSYoungGen: 75027K->3511K(73728K)
[2020-08-05T17:39:24.851-0300] GC(1132) ParOldGen: 139896K->140416K(148480K)
[2020-08-05T17:39:24.851-0300] GC(1132) Metaspace: 117882K->117882K(1161216K)
[2020-08-05T17:39:24.851-0300] GC(1132) Pause Young (Allocation Failure) 209M->140M(217M) 4.938ms
[2020-08-05T17:39:24.851-0300] GC(1132) User=0.01s Sys=0.00s Real=0.00s
[2020-08-05T17:40:09.846-0300] GC(1133) Pause Young (Allocation Failure)
[2020-08-05T17:40:09.850-0300] GC(1133) PSYoungGen: 73655K->4249K(72704K)
[2020-08-05T17:40:09.850-0300] GC(1133) ParOldGen: 140416K->140857K(148480K)
[2020-08-05T17:40:09.850-0300] GC(1133) Metaspace: 117882K->117882K(1161216K)
[2020-08-05T17:40:09.850-0300] GC(1133) Pause Young (Allocation Failure) 209M->141M(216M) 3.930ms
[2020-08-05T17:40:09.850-0300] GC(1133) User=0.01s Sys=0.00s Real=0.00s
[2020-08-05T17:40:50.930-0300] GC(1134) Pause Young (Allocation Failure)
[2020-08-05T17:40:50.934-0300] GC(1134) PSYoungGen: 72345K->3638K(70144K)
[2020-08-05T17:40:50.934-0300] GC(1134) ParOldGen: 140857K->142471K(148480K)
[2020-08-05T17:40:50.934-0300] GC(1134) Metaspace: 117882K->117882K(1161216K)
[2020-08-05T17:40:50.934-0300] GC(1134) Pause Young (Allocation Failure) 208M->142M(213M) 3.929ms
[2020-08-05T17:40:50.934-0300] GC(1134) User=0.01s Sys=0.00s Real=0.01s
[2020-08-05T17:41:28.587-0300] GC(1135) Pause Young (Allocation Failure)
[2020-08-05T17:41:28.591-0300] GC(1135) PSYoungGen: 69686K->1939K(66048K)
[2020-08-05T17:41:28.591-0300] GC(1135) ParOldGen: 142471K->144765K(148480K)
[2020-08-05T17:41:28.591-0300] GC(1135) Metaspace: 117905K->117905K(1161216K)
[2020-08-05T17:41:28.591-0300] GC(1135) Pause Young (Allocation Failure) 207M->143M(209M) 4.135ms
[2020-08-05T17:41:28.591-0300] GC(1135) User=0.01s Sys=0.00s Real=0.00s
[2020-08-05T17:41:33.862-0300] GC(1136) Pause Young (Allocation Failure)
[2020-08-05T17:41:33.866-0300] GC(1136) PSYoungGen: 65939K->1362K(64000K)
[2020-08-05T17:41:33.866-0300] GC(1136) ParOldGen: 144765K->145780K(148480K)
[2020-08-05T17:41:33.866-0300] GC(1136) Metaspace: 117905K->117905K(1161216K)
[2020-08-05T17:41:33.866-0300] GC(1136) Pause Young (Allocation Failure) 205M->143M(207M) 3.725ms
[2020-08-05T17:41:33.866-0300] GC(1136) User=0.01s Sys=0.00s Real=0.01s
[2020-08-05T17:42:24.848-0300] GC(1137) Pause Young (Allocation Failure)
[2020-08-05T17:42:24.852-0300] GC(1137) PSYoungGen: 63826K->1288K(62464K)
[2020-08-05T17:42:24.852-0300] GC(1137) ParOldGen: 145780K->145780K(148480K)
[2020-08-05T17:42:24.852-0300] GC(1137) Metaspace: 117942K->117942K(1161216K)
[2020-08-05T17:42:24.852-0300] GC(1137) Pause Young (Allocation Failure) 204M->143M(206M) 3.302ms
[2020-08-05T17:42:24.852-0300] GC(1137) User=0.01s Sys=0.00s Real=0.00s
[2020-08-05T17:43:06.585-0300] GC(1138) Pause Young (Allocation Failure)
[2020-08-05T17:43:06.589-0300] GC(1138) PSYoungGen: 62209K->1506K(60928K)
[2020-08-05T17:43:06.589-0300] GC(1138) ParOldGen: 145780K->145780K(148480K)
[2020-08-05T17:43:06.590-0300] GC(1138) Metaspace: 117942K->117942K(1161216K)
[2020-08-05T17:43:06.590-0300] GC(1138) Pause Young (Allocation Failure) 203M->143M(204M) 4.127ms
[2020-08-05T17:43:06.590-0300] GC(1138) User=0.01s Sys=0.00s Real=0.00s
[2020-08-05T17:43:11.783-0300] GC(1139) Pause Young (Allocation Failure)
[2020-08-05T17:43:11.786-0300] GC(1139) PSYoungGen: 60898K->2037K(59904K)
[2020-08-05T17:43:11.786-0300] GC(1139) ParOldGen: 145780K->145780K(148480K)
[2020-08-05T17:43:11.786-0300] GC(1139) Metaspace: 117942K->117942K(1161216K)
[2020-08-05T17:43:11.786-0300] GC(1139) Pause Young (Allocation Failure) 201M->144M(203M) 3.966ms
[2020-08-05T17:43:11.787-0300] GC(1139) User=0.01s Sys=0.00s Real=0.01s
[2020-08-05T17:43:35.322-0300] GC(1140) Pause Young (Allocation Failure)
[2020-08-05T17:43:35.326-0300] GC(1140) PSYoungGen: 59893K->2291K(58880K)
[2020-08-05T17:43:35.326-0300] GC(1140) ParOldGen: 145780K->145780K(148480K)
[2020-08-05T17:43:35.326-0300] GC(1140) Metaspace: 117942K->117942K(1161216K)
[2020-08-05T17:43:35.326-0300] GC(1140) Pause Young (Allocation Failure) 200M->144M(202M) 3.687ms
[2020-08-05T17:43:35.326-0300] GC(1140) User=0.01s Sys=0.00s Real=0.01s
[2020-08-05T17:44:26.391-0300] GC(1141) Pause Young (Allocation Failure)
[2020-08-05T17:44:26.394-0300] GC(1141) PSYoungGen: 58611K->3205K(58368K)
[2020-08-05T17:44:26.394-0300] GC(1141) ParOldGen: 145780K->145780K(148480K)
[2020-08-05T17:44:26.394-0300] GC(1141) Metaspace: 117959K->117959K(1161216K)
[2020-08-05T17:44:26.394-0300] GC(1141) Pause Young (Allocation Failure) 199M->145M(202M) 3.590ms
[2020-08-05T17:44:26.394-0300] GC(1141) User=0.01s Sys=0.00s Real=0.01s
[2020-08-05T17:45:02.196-0300] GC(1142) Pause Young (Allocation Failure)
[2020-08-05T17:45:02.202-0300] GC(1142) PSYoungGen: 57978K->4149K(57856K)
[2020-08-05T17:45:02.202-0300] GC(1142) ParOldGen: 145780K->145780K(148480K)
[2020-08-05T17:45:02.202-0300] GC(1142) Metaspace: 117959K->117959K(1161216K)
[2020-08-05T17:45:02.202-0300] GC(1142) Pause Young (Allocation Failure) 198M->146M(201M) 6.132ms
[2020-08-05T17:45:02.202-0300] GC(1142) User=0.00s Sys=0.01s Real=0.00s
[2020-08-05T17:45:20.417-0300] GC(1143) Pause Young (Allocation Failure)
[2020-08-05T17:45:20.422-0300] GC(1143) PSYoungGen: 57397K->4895K(57344K)
[2020-08-05T17:45:20.422-0300] GC(1143) ParOldGen: 145780K->145780K(148480K)
[2020-08-05T17:45:20.422-0300] GC(1143) Metaspace: 117959K->117959K(1161216K)
[2020-08-05T17:45:20.422-0300] GC(1143) Pause Young (Allocation Failure) 198M->147M(201M) 4.265ms
[2020-08-05T17:45:20.422-0300] GC(1143) User=0.01s Sys=0.00s Real=0.00s
[2020-08-05T17:45:41.940-0300] GC(1144) Pause Young (Allocation Failure)
[2020-08-05T17:45:41.944-0300] GC(1144) PSYoungGen: 57119K->5112K(56320K)
[2020-08-05T17:45:41.944-0300] GC(1144) ParOldGen: 145780K->145780K(148480K)
[2020-08-05T17:45:41.944-0300] GC(1144) Metaspace: 117959K->117959K(1161216K)
[2020-08-05T17:45:41.944-0300] GC(1144) Pause Young (Allocation Failure) 198M->147M(200M) 4.019ms
[2020-08-05T17:45:41.944-0300] GC(1144) User=0.01s Sys=0.00s Real=0.01s
[2020-08-05T17:46:33.640-0300] GC(1145) Pause Young (Allocation Failure)
[2020-08-05T17:46:33.644-0300] GC(1145) PSYoungGen: 56312K->5165K(55808K)
[2020-08-05T17:46:33.644-0300] GC(1145) ParOldGen: 145780K->145780K(148480K)
[2020-08-05T17:46:33.644-0300] GC(1145) Metaspace: 117959K->117959K(1161216K)
[2020-08-05T17:46:33.644-0300] GC(1145) Pause Young (Allocation Failure) 197M->147M(199M) 4.156ms
[2020-08-05T17:46:33.644-0300] GC(1145) User=0.01s Sys=0.00s Real=0.01s
[2020-08-05T17:46:34.231-0300] GC(1146) Pause Young (Allocation Failure)
[2020-08-05T17:46:34.235-0300] GC(1146) PSYoungGen: 55207K->6053K(55296K)
[2020-08-05T17:46:34.235-0300] GC(1146) ParOldGen: 145780K->145788K(148480K)
[2020-08-05T17:46:34.235-0300] GC(1146) Metaspace: 117996K->117996K(1163264K)
[2020-08-05T17:46:34.235-0300] GC(1146) Pause Young (Allocation Failure) 196M->148M(199M) 3.434ms
[2020-08-05T17:46:34.235-0300] GC(1146) User=0.01s Sys=0.00s Real=0.01s
[2020-08-05T17:46:34.415-0300] GC(1147) Pause Young (Allocation Failure)
[2020-08-05T17:46:34.421-0300] GC(1147) PSYoungGen: 55205K->5442K(63488K)
[2020-08-05T17:46:34.421-0300] GC(1147) ParOldGen: 145788K->146132K(148480K)
[2020-08-05T17:46:34.421-0300] GC(1147) Metaspace: 117999K->117999K(1163264K)
[2020-08-05T17:46:34.421-0300] GC(1147) Pause Young (Allocation Failure) 196M->148M(207M) 5.748ms
[2020-08-05T17:46:34.421-0300] GC(1147) User=0.01s Sys=0.00s Real=0.00s
[2020-08-05T17:46:35.955-0300] GC(1148) Pause Young (Allocation Failure)
[2020-08-05T17:46:35.960-0300] GC(1148) PSYoungGen: 63298K->5389K(61952K)
[2020-08-05T17:46:35.960-0300] GC(1148) ParOldGen: 146132K->146284K(148480K)
[2020-08-05T17:46:35.960-0300] GC(1148) Metaspace: 118006K->118006K(1163264K)
[2020-08-05T17:46:35.960-0300] GC(1148) Pause Young (Allocation Failure) 204M->148M(205M) 4.726ms
[2020-08-05T17:46:35.960-0300] GC(1148) User=0.00s Sys=0.00s Real=0.00s
[2020-08-05T17:46:53.950-0300] GC(1149) Pause Young (Allocation Failure)
[2020-08-05T17:46:53.954-0300] GC(1149) PSYoungGen: 61709K->4966K(59904K)
[2020-08-05T17:46:53.954-0300] GC(1149) ParOldGen: 146284K->146830K(148480K)
[2020-08-05T17:46:53.954-0300] GC(1149) Metaspace: 118007K->118007K(1163264K)
[2020-08-05T17:46:53.954-0300] GC(1149) Pause Young (Allocation Failure) 203M->148M(203M) 3.659ms
[2020-08-05T17:46:53.954-0300] GC(1149) User=0.01s Sys=0.00s Real=0.01s
[2020-08-05T17:47:01.404-0300] GC(1150) Pause Young (Allocation Failure)
[2020-08-05T17:47:01.408-0300] GC(1150) PSYoungGen: 59750K->3653K(57344K)
[2020-08-05T17:47:01.409-0300] GC(1150) ParOldGen: 146830K->148575K(148992K)
[2020-08-05T17:47:01.409-0300] GC(1150) Metaspace: 118007K->118007K(1163264K)
[2020-08-05T17:47:01.409-0300] GC(1150) Pause Young (Allocation Failure) 201M->148M(201M) 4.051ms
[2020-08-05T17:47:01.409-0300] GC(1150) User=0.01s Sys=0.00s Real=0.00s
[2020-08-05T17:47:01.409-0300] GC(1151) Pause Full (Ergonomics)
[2020-08-05T17:47:01.409-0300] GC(1151) Marking Phase
[2020-08-05T17:47:01.531-0300] GC(1151) Marking Phase 122.240ms
[2020-08-05T17:47:01.531-0300] GC(1151) Summary Phase
[2020-08-05T17:47:01.531-0300] GC(1151) Summary Phase 0.022ms
[2020-08-05T17:47:01.531-0300] GC(1151) Adjust Roots
[2020-08-05T17:47:01.587-0300] GC(1151) Adjust Roots 55.699ms
[2020-08-05T17:47:01.587-0300] GC(1151) Compaction Phase
[2020-08-05T17:47:01.735-0300] GC(1151) Compaction Phase 147.739ms
[2020-08-05T17:47:01.735-0300] GC(1151) Post Compact
[2020-08-05T17:47:01.735-0300] GC(1151) Post Compact 0.896ms
[2020-08-05T17:47:01.736-0300] GC(1151) PSYoungGen: 3653K->0K(52736K)
[2020-08-05T17:47:01.736-0300] GC(1151) ParOldGen: 148575K->105773K(147968K)
[2020-08-05T17:47:01.736-0300] GC(1151) Metaspace: 118007K->118007K(1163264K)
[2020-08-05T17:47:01.736-0300] GC(1151) Pause Full (Ergonomics) 148M->103M(196M) 327.179ms
[2020-08-05T17:47:01.736-0300] GC(1151) User=0.41s Sys=0.00s Real=0.33s
[2020-08-05T17:47:19.752-0300] GC(1152) Pause Young (Allocation Failure)
[2020-08-05T17:47:19.755-0300] GC(1152) PSYoungGen: 52224K->477K(51712K)
[2020-08-05T17:47:19.755-0300] GC(1152) ParOldGen: 105773K->105773K(147968K)
[2020-08-05T17:47:19.755-0300] GC(1152) Metaspace: 118007K->118007K(1163264K)
[2020-08-05T17:47:19.755-0300] GC(1152) Pause Young (Allocation Failure) 154M->103M(195M) 3.578ms
[2020-08-05T17:47:19.755-0300] GC(1152) User=0.00s Sys=0.00s Real=0.01s
[2020-08-05T17:48:09.846-0300] GC(1153) Pause Young (Allocation Failure)
[2020-08-05T17:48:09.849-0300] GC(1153) PSYoungGen: 51677K->285K(58880K)
[2020-08-05T17:48:09.849-0300] GC(1153) ParOldGen: 105773K->105773K(147968K)
[2020-08-05T17:48:09.849-0300] GC(1153) Metaspace: 118007K->118007K(1163264K)
[2020-08-05T17:48:09.849-0300] GC(1153) Pause Young (Allocation Failure) 153M->103M(202M) 3.352ms
[2020-08-05T17:48:09.849-0300] GC(1153) User=0.01s Sys=0.00s Real=0.00s
[2020-08-05T17:49:05.019-0300] GC(1154) Pause Young (Allocation Failure)
[2020-08-05T17:49:05.024-0300] GC(1154) PSYoungGen: 50461K->1533K(50688K)
[2020-08-05T17:49:05.024-0300] GC(1154) ParOldGen: 105773K->105773K(147968K)
[2020-08-05T17:49:05.024-0300] GC(1154) Metaspace: 118007K->118007K(1163264K)
[2020-08-05T17:49:05.024-0300] GC(1154) Pause Young (Allocation Failure) 152M->104M(194M) 5.388ms
[2020-08-05T17:49:05.024-0300] GC(1154) User=0.01s Sys=0.00s Real=0.01s
[2020-08-05T17:49:36.911-0300] GC(1155) Pause Young (Allocation Failure)
[2020-08-05T17:49:36.914-0300] GC(1155) PSYoungGen: 50685K->2287K(50688K)
[2020-08-05T17:49:36.914-0300] GC(1155) ParOldGen: 105773K->105773K(147968K)
[2020-08-05T17:49:36.914-0300] GC(1155) Metaspace: 118007K->118007K(1163264K)
[2020-08-05T17:49:36.914-0300] GC(1155) Pause Young (Allocation Failure) 152M->105M(194M) 3.029ms
[2020-08-05T17:49:36.914-0300] GC(1155) User=0.01s Sys=0.01s Real=0.01s
[2020-08-05T17:49:41.011-0300] GC(1156) Pause Young (Allocation Failure)
[2020-08-05T17:49:41.014-0300] GC(1156) PSYoungGen: 50415K->2738K(50176K)
[2020-08-05T17:49:41.014-0300] GC(1156) ParOldGen: 105773K->105874K(147968K)
[2020-08-05T17:49:41.014-0300] GC(1156) Metaspace: 118008K->118008K(1163264K)
[2020-08-05T17:49:41.014-0300] GC(1156) Pause Young (Allocation Failure) 152M->106M(193M) 3.374ms
[2020-08-05T17:49:41.014-0300] GC(1156) User=0.00s Sys=0.00s Real=0.01s
[2020-08-05T17:49:44.846-0300] GC(1157) Pause Young (Allocation Failure)
[2020-08-05T17:49:44.849-0300] GC(1157) PSYoungGen: 49842K->2963K(49152K)
[2020-08-05T17:49:44.850-0300] GC(1157) ParOldGen: 105874K->105930K(147968K)
[2020-08-05T17:49:44.850-0300] GC(1157) Metaspace: 118008K->118008K(1163264K)
[2020-08-05T17:49:44.850-0300] GC(1157) Pause Young (Allocation Failure) 152M->106M(192M) 3.636ms
[2020-08-05T17:49:44.850-0300] GC(1157) User=0.01s Sys=0.00s Real=0.00s
[2020-08-05T17:50:31.946-0300] GC(1158) Pause Young (Allocation Failure)
[2020-08-05T17:50:31.950-0300] GC(1158) PSYoungGen: 49043K->2049K(47616K)
[2020-08-05T17:50:31.950-0300] GC(1158) ParOldGen: 105930K->107243K(147968K)
[2020-08-05T17:50:31.950-0300] GC(1158) Metaspace: 118008K->118008K(1163264K)
[2020-08-05T17:50:31.950-0300] GC(1158) Pause Young (Allocation Failure) 151M->106M(191M) 4.392ms
[2020-08-05T17:50:31.950-0300] GC(1158) User=0.01s Sys=0.00s Real=0.00s
[2020-08-05T17:51:06.215-0300] GC(1159) Pause Young (Allocation Failure)
[2020-08-05T17:51:06.219-0300] GC(1159) PSYoungGen: 47105K->2402K(46592K)
[2020-08-05T17:51:06.219-0300] GC(1159) ParOldGen: 107243K->107243K(147968K)
[2020-08-05T17:51:06.219-0300] GC(1159) Metaspace: 118008K->118008K(1163264K)
[2020-08-05T17:51:06.219-0300] GC(1159) Pause Young (Allocation Failure) 150M->107M(190M) 3.568ms
[2020-08-05T17:51:06.219-0300] GC(1159) User=0.01s Sys=0.00s Real=0.00s
[2020-08-05T17:51:19.197-0300] GC(1160) Pause Young (Allocation Failure)
[2020-08-05T17:51:19.201-0300] GC(1160) PSYoungGen: 46434K->2916K(46080K)
[2020-08-05T17:51:19.201-0300] GC(1160) ParOldGen: 107243K->107243K(147968K)
[2020-08-05T17:51:19.201-0300] GC(1160) Metaspace: 118008K->118008K(1163264K)
[2020-08-05T17:51:19.201-0300] GC(1160) Pause Young (Allocation Failure) 150M->107M(189M) 4.136ms
[2020-08-05T17:51:19.201-0300] GC(1160) User=0.01s Sys=0.00s Real=0.00s
[2020-08-05T17:51:22.821-0300] GC(1161) Pause Young (Allocation Failure)
[2020-08-05T17:51:22.825-0300] GC(1161) PSYoungGen: 45924K->3108K(45568K)
[2020-08-05T17:51:22.825-0300] GC(1161) ParOldGen: 107243K->107243K(147968K)
[2020-08-05T17:51:22.825-0300] GC(1161) Metaspace: 118008K->118008K(1163264K)
[2020-08-05T17:51:22.825-0300] GC(1161) Pause Young (Allocation Failure) 149M->107M(189M) 3.458ms
[2020-08-05T17:51:22.825-0300] GC(1161) User=0.01s Sys=0.00s Real=0.01s
[2020-08-05T17:51:39.946-0300] GC(1162) Pause Young (Allocation Failure)
[2020-08-05T17:51:39.950-0300] GC(1162) PSYoungGen: 45092K->2947K(44032K)
[2020-08-05T17:51:39.950-0300] GC(1162) ParOldGen: 107243K->107243K(147968K)
[2020-08-05T17:51:39.950-0300] GC(1162) Metaspace: 118009K->118009K(1163264K)
[2020-08-05T17:51:39.950-0300] GC(1162) Pause Young (Allocation Failure) 148M->107M(187M) 3.940ms
[2020-08-05T17:51:39.950-0300] GC(1162) User=0.01s Sys=0.00s Real=0.00s
[2020-08-05T17:52:24.729-0300] GC(1163) Pause Young (Allocation Failure)
[2020-08-05T17:52:24.734-0300] GC(1163) PSYoungGen: 43907K->2996K(43008K)
[2020-08-05T17:52:24.734-0300] GC(1163) ParOldGen: 107243K->107243K(147968K)
[2020-08-05T17:52:24.734-0300] GC(1163) Metaspace: 118019K->118019K(1163264K)
[2020-08-05T17:52:24.734-0300] GC(1163) Pause Young (Allocation Failure) 147M->107M(186M) 4.718ms
[2020-08-05T17:52:24.734-0300] GC(1163) User=0.01s Sys=0.00s Real=0.01s
[2020-08-05T17:52:50.944-0300] GC(1164) Pause Young (Allocation Failure)
[2020-08-05T17:52:50.948-0300] GC(1164) PSYoungGen: 42932K->3333K(43008K)
[2020-08-05T17:52:50.948-0300] GC(1164) ParOldGen: 107243K->107243K(147968K)
[2020-08-05T17:52:50.948-0300] GC(1164) Metaspace: 118019K->118019K(1163264K)
[2020-08-05T17:52:50.948-0300] GC(1164) Pause Young (Allocation Failure) 146M->107M(186M) 3.838ms
[2020-08-05T17:52:50.948-0300] GC(1164) User=0.01s Sys=0.00s Real=0.01s
[2020-08-05T17:53:17.078-0300] GC(1165) Pause Young (Allocation Failure)
[2020-08-05T17:53:17.081-0300] GC(1165) PSYoungGen: 42757K->3622K(43008K)
[2020-08-05T17:53:17.081-0300] GC(1165) ParOldGen: 107243K->107243K(147968K)
[2020-08-05T17:53:17.081-0300] GC(1165) Metaspace: 118019K->118019K(1163264K)
[2020-08-05T17:53:17.082-0300] GC(1165) Pause Young (Allocation Failure) 146M->108M(186M) 3.936ms
[2020-08-05T17:53:17.082-0300] GC(1165) User=0.01s Sys=0.00s Real=0.00s
[2020-08-05T17:53:40.943-0300] GC(1166) Pause Young (Allocation Failure)
[2020-08-05T17:53:40.948-0300] GC(1166) PSYoungGen: 42534K->4087K(42496K)
[2020-08-05T17:53:40.948-0300] GC(1166) ParOldGen: 107243K->107699K(147968K)
[2020-08-05T17:53:40.948-0300] GC(1166) Metaspace: 118019K->118019K(1163264K)
[2020-08-05T17:53:40.948-0300] GC(1166) Pause Young (Allocation Failure) 146M->109M(186M) 4.683ms
[2020-08-05T17:53:40.948-0300] GC(1166) User=0.01s Sys=0.00s Real=0.01s
[2020-08-05T17:54:05.453-0300] GC(1167) Pause Young (Allocation Failure)
[2020-08-05T17:54:05.458-0300] GC(1167) PSYoungGen: 42487K->4054K(41984K)
[2020-08-05T17:54:05.458-0300] GC(1167) ParOldGen: 107699K->108477K(147968K)
[2020-08-05T17:54:05.458-0300] GC(1167) Metaspace: 118019K->118019K(1163264K)
[2020-08-05T17:54:05.458-0300] GC(1167) Pause Young (Allocation Failure) 146M->109M(185M) 4.944ms
[2020-08-05T17:54:05.458-0300] GC(1167) User=0.01s Sys=0.00s Real=0.01s
[2020-08-05T17:54:26.772-0300] GC(1168) Pause Young (Allocation Failure)
[2020-08-05T17:54:26.775-0300] GC(1168) PSYoungGen: 41942K->4424K(41984K)
[2020-08-05T17:54:26.775-0300] GC(1168) ParOldGen: 108477K->108477K(147968K)
[2020-08-05T17:54:26.775-0300] GC(1168) Metaspace: 118019K->118019K(1163264K)
[2020-08-05T17:54:26.775-0300] GC(1168) Pause Young (Allocation Failure) 146M->110M(185M) 3.256ms
[2020-08-05T17:54:26.775-0300] GC(1168) User=0.00s Sys=0.00s Real=0.01s
[2020-08-05T17:54:34.569-0300] GC(1169) Pause Young (Allocation Failure)
[2020-08-05T17:54:34.573-0300] GC(1169) PSYoungGen: 41800K->4937K(41984K)
[2020-08-05T17:54:34.573-0300] GC(1169) ParOldGen: 108477K->108477K(147968K)
[2020-08-05T17:54:34.573-0300] GC(1169) Metaspace: 118019K->118019K(1163264K)
[2020-08-05T17:54:34.573-0300] GC(1169) Pause Young (Allocation Failure) 146M->110M(185M) 4.182ms
[2020-08-05T17:54:34.573-0300] GC(1169) User=0.01s Sys=0.00s Real=0.00s
[2020-08-05T17:54:37.767-0300] GC(1170) Pause Young (Allocation Failure)
[2020-08-05T17:54:37.771-0300] GC(1170) PSYoungGen: 41801K->3058K(39424K)
[2020-08-05T17:54:37.771-0300] GC(1170) ParOldGen: 108477K->110346K(147968K)
[2020-08-05T17:54:37.771-0300] GC(1170) Metaspace: 118019K->118019K(1163264K)
[2020-08-05T17:54:37.771-0300] GC(1170) Pause Young (Allocation Failure) 146M->110M(183M) 3.404ms
[2020-08-05T17:54:37.771-0300] GC(1170) User=0.01s Sys=0.00s Real=0.00s
[2020-08-05T17:54:40.624-0300] GC(1171) Pause Young (Allocation Failure)
[2020-08-05T17:54:40.628-0300] GC(1171) PSYoungGen: 39410K->2753K(38912K)
[2020-08-05T17:54:40.628-0300] GC(1171) ParOldGen: 110346K->110939K(147968K)
[2020-08-05T17:54:40.628-0300] GC(1171) Metaspace: 118019K->118019K(1163264K)
[2020-08-05T17:54:40.628-0300] GC(1171) Pause Young (Allocation Failure) 146M->111M(182M) 3.954ms
[2020-08-05T17:54:40.628-0300] GC(1171) User=0.01s Sys=0.00s Real=0.01s
[2020-08-05T17:55:04.941-0300] GC(1172) Pause Young (Allocation Failure)
[2020-08-05T17:55:04.945-0300] GC(1172) PSYoungGen: 38593K->3009K(38400K)
[2020-08-05T17:55:04.945-0300] GC(1172) ParOldGen: 110939K->110939K(147968K)
[2020-08-05T17:55:04.945-0300] GC(1172) Metaspace: 118019K->118019K(1163264K)
[2020-08-05T17:55:04.945-0300] GC(1172) Pause Young (Allocation Failure) 146M->111M(182M) 3.656ms
[2020-08-05T17:55:04.945-0300] GC(1172) User=0.00s Sys=0.00s Real=0.01s
[2020-08-05T17:55:41.502-0300] GC(1173) Pause Young (Allocation Failure)
[2020-08-05T17:55:41.505-0300] GC(1173) PSYoungGen: 38337K->3201K(38400K)
[2020-08-05T17:55:41.505-0300] GC(1173) ParOldGen: 110939K->110939K(147968K)
[2020-08-05T17:55:41.505-0300] GC(1173) Metaspace: 118019K->118019K(1163264K)
[2020-08-05T17:55:41.505-0300] GC(1173) Pause Young (Allocation Failure) 145M->111M(182M) 2.937ms
[2020-08-05T17:55:41.505-0300] GC(1173) User=0.01s Sys=0.00s Real=0.01s
[2020-08-05T17:56:04.848-0300] GC(1174) Pause Young (Allocation Failure)
[2020-08-05T17:56:04.852-0300] GC(1174) PSYoungGen: 37992K->3560K(37888K)
[2020-08-05T17:56:04.852-0300] GC(1174) ParOldGen: 110939K->111147K(147968K)
[2020-08-05T17:56:04.852-0300] GC(1174) Metaspace: 118019K->118019K(1163264K)
[2020-08-05T17:56:04.852-0300] GC(1174) Pause Young (Allocation Failure) 145M->112M(181M) 3.560ms
[2020-08-05T17:56:04.852-0300] GC(1174) User=0.01s Sys=0.00s Real=0.00s
[2020-08-05T17:56:28.296-0300] GC(1175) Pause Young (Allocation Failure)
[2020-08-05T17:56:28.299-0300] GC(1175) PSYoungGen: 37864K->3747K(37888K)
[2020-08-05T17:56:28.299-0300] GC(1175) ParOldGen: 111147K->111187K(147968K)
[2020-08-05T17:56:28.299-0300] GC(1175) Metaspace: 118019K->118019K(1163264K)
[2020-08-05T17:56:28.300-0300] GC(1175) Pause Young (Allocation Failure) 145M->112M(181M) 3.741ms
[2020-08-05T17:56:28.300-0300] GC(1175) User=0.01s Sys=0.00s Real=0.00s
[2020-08-05T17:56:45.400-0300] GC(1176) Pause Young (Allocation Failure)
[2020-08-05T17:56:45.403-0300] GC(1176) PSYoungGen: 37539K->4036K(37376K)
[2020-08-05T17:56:45.403-0300] GC(1176) ParOldGen: 111187K->111219K(147968K)
[2020-08-05T17:56:45.403-0300] GC(1176) Metaspace: 118019K->118019K(1163264K)
[2020-08-05T17:56:45.403-0300] GC(1176) Pause Young (Allocation Failure) 145M->112M(181M) 3.659ms
[2020-08-05T17:56:45.403-0300] GC(1176) User=0.01s Sys=0.00s Real=0.00s
[2020-08-05T17:56:48.237-0300] GC(1177) Pause Young (Allocation Failure)
[2020-08-05T17:56:48.241-0300] GC(1177) PSYoungGen: 37316K->4341K(37376K)
[2020-08-05T17:56:48.241-0300] GC(1177) ParOldGen: 111219K->111251K(147968K)
[2020-08-05T17:56:48.241-0300] GC(1177) Metaspace: 118019K->118019K(1163264K)
[2020-08-05T17:56:48.241-0300] GC(1177) Pause Young (Allocation Failure) 145M->112M(181M) 4.224ms
[2020-08-05T17:56:48.241-0300] GC(1177) User=0.01s Sys=0.00s Real=0.00s
[2020-08-05T17:56:56.211-0300] GC(1178) Pause Young (Allocation Failure)
[2020-08-05T17:56:56.215-0300] GC(1178) PSYoungGen: 37109K->3059K(35328K)
[2020-08-05T17:56:56.215-0300] GC(1178) ParOldGen: 111251K->112267K(147968K)
[2020-08-05T17:56:56.215-0300] GC(1178) Metaspace: 118022K->118022K(1163264K)
[2020-08-05T17:56:56.215-0300] GC(1178) Pause Young (Allocation Failure) 144M->112M(179M) 3.884ms
[2020-08-05T17:56:56.215-0300] GC(1178) User=0.01s Sys=0.00s Real=0.01s
[2020-08-05T17:57:30.938-0300] GC(1179) Pause Young (Allocation Failure)
[2020-08-05T17:57:30.942-0300] GC(1179) PSYoungGen: 35315K->3316K(35328K)
[2020-08-05T17:57:30.942-0300] GC(1179) ParOldGen: 112267K->112347K(147968K)
[2020-08-05T17:57:30.942-0300] GC(1179) Metaspace: 118068K->118068K(1163264K)
[2020-08-05T17:57:30.942-0300] GC(1179) Pause Young (Allocation Failure) 144M->112M(179M) 4.278ms
[2020-08-05T17:57:30.942-0300] GC(1179) User=0.01s Sys=0.00s Real=0.00s
[2020-08-05T17:57:59.847-0300] GC(1180) Pause Young (Allocation Failure)
[2020-08-05T17:57:59.850-0300] GC(1180) PSYoungGen: 35060K->3140K(34816K)
[2020-08-05T17:57:59.851-0300] GC(1180) ParOldGen: 112347K->112347K(147968K)
[2020-08-05T17:57:59.851-0300] GC(1180) Metaspace: 118068K->118068K(1163264K)
[2020-08-05T17:57:59.851-0300] GC(1180) Pause Young (Allocation Failure) 143M->112M(178M) 3.321ms
[2020-08-05T17:57:59.851-0300] GC(1180) User=0.01s Sys=0.00s Real=0.00s
[2020-08-05T17:58:19.846-0300] GC(1181) Pause Young (Allocation Failure)
[2020-08-05T17:58:19.850-0300] GC(1181) PSYoungGen: 34372K->3414K(34304K)
[2020-08-05T17:58:19.850-0300] GC(1181) ParOldGen: 112347K->112571K(147968K)
[2020-08-05T17:58:19.850-0300] GC(1181) Metaspace: 118068K->118068K(1163264K)
[2020-08-05T17:58:19.850-0300] GC(1181) Pause Young (Allocation Failure) 143M->113M(178M) 3.631ms
[2020-08-05T17:58:19.850-0300] GC(1181) User=0.01s Sys=0.00s Real=0.00s
[2020-08-05T17:58:24.027-0300] GC(1182) Pause Young (Allocation Failure)
[2020-08-05T17:58:24.031-0300] GC(1182) PSYoungGen: 34134K->3799K(34304K)
[2020-08-05T17:58:24.031-0300] GC(1182) ParOldGen: 112571K->112859K(147968K)
[2020-08-05T17:58:24.031-0300] GC(1182) Metaspace: 118070K->118070K(1163264K)
[2020-08-05T17:58:24.031-0300] GC(1182) Pause Young (Allocation Failure) 143M->113M(178M) 3.596ms
[2020-08-05T17:58:24.031-0300] GC(1182) User=0.01s Sys=0.00s Real=0.00s
[2020-08-05T17:58:26.604-0300] GC(1183) Pause Young (Allocation Failure)
[2020-08-05T17:58:26.608-0300] GC(1183) PSYoungGen: 34007K->3783K(33792K)
[2020-08-05T17:58:26.608-0300] GC(1183) ParOldGen: 112859K->113124K(147968K)
[2020-08-05T17:58:26.608-0300] GC(1183) Metaspace: 118073K->118073K(1163264K)
[2020-08-05T17:58:26.608-0300] GC(1183) Pause Young (Allocation Failure) 143M->114M(177M) 3.934ms
[2020-08-05T17:58:26.608-0300] GC(1183) User=0.01s Sys=0.00s Real=0.01s
[2020-08-05T17:58:28.996-0300] GC(1184) Pause Young (Allocation Failure)
[2020-08-05T17:58:29.000-0300] GC(1184) PSYoungGen: 33479K->3573K(32768K)
[2020-08-05T17:58:29.000-0300] GC(1184) ParOldGen: 113124K->113490K(147968K)
[2020-08-05T17:58:29.000-0300] GC(1184) Metaspace: 118073K->118073K(1163264K)
[2020-08-05T17:58:29.000-0300] GC(1184) Pause Young (Allocation Failure) 143M->114M(176M) 4.015ms
[2020-08-05T17:58:29.000-0300] GC(1184) User=0.01s Sys=0.00s Real=0.00s
[2020-08-05T17:58:45.289-0300] GC(1185) Pause Young (Allocation Failure)
[2020-08-05T17:58:45.293-0300] GC(1185) PSYoungGen: 32757K->3539K(32256K)
[2020-08-05T17:58:45.293-0300] GC(1185) ParOldGen: 113490K->113618K(147968K)
[2020-08-05T17:58:45.293-0300] GC(1185) Metaspace: 118073K->118073K(1163264K)
[2020-08-05T17:58:45.293-0300] GC(1185) Pause Young (Allocation Failure) 142M->114M(176M) 4.540ms
[2020-08-05T17:58:45.293-0300] GC(1185) User=0.01s Sys=0.00s Real=0.00s
[2020-08-05T17:59:18.426-0300] GC(1186) Pause Young (Allocation Failure)
[2020-08-05T17:59:18.429-0300] GC(1186) PSYoungGen: 32211K->3569K(31744K)
[2020-08-05T17:59:18.429-0300] GC(1186) ParOldGen: 113618K->114106K(147968K)
[2020-08-05T17:59:18.429-0300] GC(1186) Metaspace: 118073K->118073K(1163264K)
[2020-08-05T17:59:18.429-0300] GC(1186) Pause Young (Allocation Failure) 142M->114M(175M) 3.694ms
[2020-08-05T17:59:18.429-0300] GC(1186) User=0.01s Sys=0.00s Real=0.00s
[2020-08-05T17:59:40.287-0300] GC(1187) Pause Young (Allocation Failure)
[2020-08-05T17:59:40.291-0300] GC(1187) PSYoungGen: 31729K->3201K(31232K)
[2020-08-05T17:59:40.291-0300] GC(1187) ParOldGen: 114106K->114858K(147968K)
[2020-08-05T17:59:40.291-0300] GC(1187) Metaspace: 118073K->118073K(1163264K)
[2020-08-05T17:59:40.291-0300] GC(1187) Pause Young (Allocation Failure) 142M->115M(175M) 4.519ms
[2020-08-05T17:59:40.291-0300] GC(1187) User=0.01s Sys=0.00s Real=0.00s
[2020-08-05T17:59:57.889-0300] GC(1188) Pause Young (Allocation Failure)
[2020-08-05T17:59:57.892-0300] GC(1188) PSYoungGen: 30849K->3458K(30720K)
[2020-08-05T17:59:57.892-0300] GC(1188) ParOldGen: 114858K->114858K(147968K)
[2020-08-05T17:59:57.892-0300] GC(1188) Metaspace: 118073K->118073K(1163264K)
[2020-08-05T17:59:57.892-0300] GC(1188) Pause Young (Allocation Failure) 142M->115M(174M) 3.102ms
[2020-08-05T17:59:57.892-0300] GC(1188) User=0.00s Sys=0.00s Real=0.00s
[2020-08-05T18:00:14.816-0300] GC(1189) Pause Young (Allocation Failure)
[2020-08-05T18:00:14.821-0300] GC(1189) PSYoungGen: 30573K->3635K(30720K)
[2020-08-05T18:00:14.821-0300] GC(1189) ParOldGen: 114858K->115170K(147968K)
[2020-08-05T18:00:14.821-0300] GC(1189) Metaspace: 118073K->118073K(1163264K)
[2020-08-05T18:00:14.821-0300] GC(1189) Pause Young (Allocation Failure) 142M->116M(174M) 5.222ms
[2020-08-05T18:00:14.821-0300] GC(1189) User=0.00s Sys=0.00s Real=0.00s
[2020-08-05T18:00:31.945-0300] GC(1190) Pause Young (Allocation Failure)
[2020-08-05T18:00:31.948-0300] GC(1190) PSYoungGen: 30259K->3058K(29184K)
[2020-08-05T18:00:31.948-0300] GC(1190) ParOldGen: 115170K->116160K(147968K)
[2020-08-05T18:00:31.948-0300] GC(1190) Metaspace: 118073K->118073K(1163264K)
[2020-08-05T18:00:31.948-0300] GC(1190) Pause Young (Allocation Failure) 142M->116M(173M) 3.254ms
[2020-08-05T18:00:31.948-0300] GC(1190) User=0.01s Sys=0.00s Real=0.00s
[2020-08-05T18:00:35.375-0300] GC(1191) Pause Young (Allocation Failure)
[2020-08-05T18:00:35.380-0300] GC(1191) PSYoungGen: 29170K->3539K(29184K)
[2020-08-05T18:00:35.380-0300] GC(1191) ParOldGen: 116160K->116248K(147968K)
[2020-08-05T18:00:35.380-0300] GC(1191) Metaspace: 118073K->118073K(1163264K)
[2020-08-05T18:00:35.380-0300] GC(1191) Pause Young (Allocation Failure) 141M->116M(173M) 5.294ms
[2020-08-05T18:00:35.380-0300] GC(1191) User=0.00s Sys=0.01s Real=0.00s
[2020-08-05T18:00:37.405-0300] GC(1192) Pause Young (Allocation Failure)
[2020-08-05T18:00:37.409-0300] GC(1192) PSYoungGen: 29139K->3828K(29696K)
[2020-08-05T18:00:37.409-0300] GC(1192) ParOldGen: 116248K->116248K(147968K)
[2020-08-05T18:00:37.409-0300] GC(1192) Metaspace: 118073K->118073K(1163264K)
[2020-08-05T18:00:37.409-0300] GC(1192) Pause Young (Allocation Failure) 141M->117M(173M) 3.526ms
[2020-08-05T18:00:37.409-0300] GC(1192) User=0.01s Sys=0.00s Real=0.00s
[2020-08-05T18:00:47.953-0300] GC(1193) Pause Young (Allocation Failure)
[2020-08-05T18:00:47.957-0300] GC(1193) PSYoungGen: 29428K->3682K(29696K)
[2020-08-05T18:00:47.957-0300] GC(1193) ParOldGen: 116248K->116304K(147968K)
[2020-08-05T18:00:47.957-0300] GC(1193) Metaspace: 118073K->118073K(1163264K)
[2020-08-05T18:00:47.957-0300] GC(1193) Pause Young (Allocation Failure) 142M->117M(173M) 3.673ms
[2020-08-05T18:00:47.957-0300] GC(1193) User=0.01s Sys=0.00s Real=0.01s
[2020-08-05T18:01:16.962-0300] GC(1194) Pause Young (Allocation Failure)
[2020-08-05T18:01:16.965-0300] GC(1194) PSYoungGen: 29282K->2545K(28160K)
[2020-08-05T18:01:16.965-0300] GC(1194) ParOldGen: 116304K->117594K(147968K)
[2020-08-05T18:01:16.965-0300] GC(1194) Metaspace: 118073K->118073K(1163264K)
[2020-08-05T18:01:16.966-0300] GC(1194) Pause Young (Allocation Failure) 142M->117M(172M) 3.953ms
[2020-08-05T18:01:16.966-0300] GC(1194) User=0.01s Sys=0.00s Real=0.01s
[2020-08-05T18:01:41.407-0300] GC(1195) Pause Young (Allocation Failure)
[2020-08-05T18:01:41.411-0300] GC(1195) PSYoungGen: 28145K->2433K(28160K)
[2020-08-05T18:01:41.411-0300] GC(1195) ParOldGen: 117594K->117787K(147968K)
[2020-08-05T18:01:41.411-0300] GC(1195) Metaspace: 118073K->118073K(1163264K)
[2020-08-05T18:01:41.411-0300] GC(1195) Pause Young (Allocation Failure) 142M->117M(172M) 4.135ms
[2020-08-05T18:01:41.411-0300] GC(1195) User=0.01s Sys=0.00s Real=0.00s
[2020-08-05T18:01:59.737-0300] GC(1196) Pause Young (Allocation Failure)
[2020-08-05T18:01:59.740-0300] GC(1196) PSYoungGen: 28033K->2658K(28672K)
[2020-08-05T18:01:59.740-0300] GC(1196) ParOldGen: 117787K->117787K(147968K)
[2020-08-05T18:01:59.740-0300] GC(1196) Metaspace: 118073K->118073K(1163264K)
[2020-08-05T18:01:59.740-0300] GC(1196) Pause Young (Allocation Failure) 142M->117M(172M) 3.293ms
[2020-08-05T18:01:59.740-0300] GC(1196) User=0.00s Sys=0.00s Real=0.00s
[2020-08-05T18:02:15.624-0300] GC(1197) Pause Young (Allocation Failure)
[2020-08-05T18:02:15.629-0300] GC(1197) PSYoungGen: 28258K->2530K(28160K)
[2020-08-05T18:02:15.629-0300] GC(1197) ParOldGen: 117787K->118034K(147968K)
[2020-08-05T18:02:15.629-0300] GC(1197) Metaspace: 118073K->118073K(1163264K)
[2020-08-05T18:02:15.629-0300] GC(1197) Pause Young (Allocation Failure) 142M->117M(172M) 4.438ms
[2020-08-05T18:02:15.629-0300] GC(1197) User=0.01s Sys=0.00s Real=0.00s
[2020-08-05T18:02:31.430-0300] GC(1198) Pause Young (Allocation Failure)
[2020-08-05T18:02:31.433-0300] GC(1198) PSYoungGen: 28130K->2802K(28672K)
[2020-08-05T18:02:31.433-0300] GC(1198) ParOldGen: 118034K->118074K(147968K)
[2020-08-05T18:02:31.433-0300] GC(1198) Metaspace: 118100K->118100K(1163264K)
[2020-08-05T18:02:31.433-0300] GC(1198) Pause Young (Allocation Failure) 142M->118M(172M) 3.718ms
[2020-08-05T18:02:31.433-0300] GC(1198) User=0.01s Sys=0.00s Real=0.00s
[2020-08-05T18:02:47.290-0300] GC(1199) Pause Young (Allocation Failure)
[2020-08-05T18:02:47.293-0300] GC(1199) PSYoungGen: 28402K->2708K(28672K)
[2020-08-05T18:02:47.293-0300] GC(1199) ParOldGen: 118074K->118178K(147968K)
[2020-08-05T18:02:47.293-0300] GC(1199) Metaspace: 118100K->118100K(1163264K)
[2020-08-05T18:02:47.293-0300] GC(1199) Pause Young (Allocation Failure) 143M->118M(172M) 3.763ms
[2020-08-05T18:02:47.294-0300] GC(1199) User=0.01s Sys=0.00s Real=0.00s
[2020-08-05T18:03:03.960-0300] GC(1200) Pause Young (Allocation Failure)
[2020-08-05T18:03:03.965-0300] GC(1200) PSYoungGen: 28308K->2949K(28672K)
[2020-08-05T18:03:03.965-0300] GC(1200) ParOldGen: 118178K->118418K(147968K)
[2020-08-05T18:03:03.965-0300] GC(1200) Metaspace: 118101K->118101K(1163264K)
[2020-08-05T18:03:03.965-0300] GC(1200) Pause Young (Allocation Failure) 143M->118M(172M) 5.638ms
[2020-08-05T18:03:03.965-0300] GC(1200) User=0.01s Sys=0.00s Real=0.01s
[2020-08-05T18:03:14.677-0300] GC(1201) Pause Young (Allocation Failure)
[2020-08-05T18:03:14.681-0300] GC(1201) PSYoungGen: 28549K->2758K(28672K)
[2020-08-05T18:03:14.681-0300] GC(1201) ParOldGen: 118418K->118826K(147968K)
[2020-08-05T18:03:14.681-0300] GC(1201) Metaspace: 118101K->118101K(1163264K)
[2020-08-05T18:03:14.681-0300] GC(1201) Pause Young (Allocation Failure) 143M->118M(172M) 3.868ms
[2020-08-05T18:03:14.681-0300] GC(1201) User=0.01s Sys=0.00s Real=0.00s
[2020-08-05T18:03:21.473-0300] GC(1202) Pause Young (Allocation Failure)
[2020-08-05T18:03:21.477-0300] GC(1202) PSYoungGen: 28358K->2885K(28672K)
[2020-08-05T18:03:21.477-0300] GC(1202) ParOldGen: 118826K->118938K(147968K)
[2020-08-05T18:03:21.477-0300] GC(1202) Metaspace: 118102K->118102K(1163264K)
[2020-08-05T18:03:21.477-0300] GC(1202) Pause Young (Allocation Failure) 143M->118M(172M) 3.576ms
[2020-08-05T18:03:21.477-0300] GC(1202) User=0.01s Sys=0.00s Real=0.01s
[2020-08-05T18:03:49.959-0300] GC(1203) Pause Young (Allocation Failure)
[2020-08-05T18:03:49.962-0300] GC(1203) PSYoungGen: 28485K->3541K(29184K)
[2020-08-05T18:03:49.962-0300] GC(1203) ParOldGen: 118938K->119083K(147968K)
[2020-08-05T18:03:49.962-0300] GC(1203) Metaspace: 118102K->118102K(1163264K)
[2020-08-05T18:03:49.962-0300] GC(1203) Pause Young (Allocation Failure) 143M->119M(173M) 3.932ms
[2020-08-05T18:03:49.963-0300] GC(1203) User=0.01s Sys=0.00s Real=0.00s
[2020-08-05T18:04:16.038-0300] GC(1204) Pause Young (Allocation Failure)
[2020-08-05T18:04:16.041-0300] GC(1204) PSYoungGen: 29141K->3044K(28672K)
[2020-08-05T18:04:16.041-0300] GC(1204) ParOldGen: 119083K->119789K(147968K)
[2020-08-05T18:04:16.041-0300] GC(1204) Metaspace: 118102K->118102K(1163264K)
[2020-08-05T18:04:16.041-0300] GC(1204) Pause Young (Allocation Failure) 144M->119M(172M) 3.484ms
[2020-08-05T18:04:16.041-0300] GC(1204) User=0.01s Sys=0.00s Real=0.00s
[2020-08-05T18:04:39.848-0300] GC(1205) Pause Young (Allocation Failure)
[2020-08-05T18:04:39.851-0300] GC(1205) PSYoungGen: 28644K->3187K(29184K)
[2020-08-05T18:04:39.851-0300] GC(1205) ParOldGen: 119789K->120113K(147968K)
[2020-08-05T18:04:39.851-0300] GC(1205) Metaspace: 118102K->118102K(1163264K)
[2020-08-05T18:04:39.851-0300] GC(1205) Pause Young (Allocation Failure) 144M->120M(173M) 3.550ms
[2020-08-05T18:04:39.851-0300] GC(1205) User=0.01s Sys=0.00s Real=0.00s
[2020-08-05T18:05:09.846-0300] GC(1206) Pause Young (Allocation Failure)
[2020-08-05T18:05:09.850-0300] GC(1206) PSYoungGen: 28787K->3058K(28672K)
[2020-08-05T18:05:09.850-0300] GC(1206) ParOldGen: 120113K->120525K(147968K)
[2020-08-05T18:05:09.850-0300] GC(1206) Metaspace: 118102K->118102K(1163264K)
[2020-08-05T18:05:09.850-0300] GC(1206) Pause Young (Allocation Failure) 145M->120M(172M) 3.558ms
[2020-08-05T18:05:09.850-0300] GC(1206) User=0.01s Sys=0.00s Real=0.00s
[2020-08-05T18:05:27.093-0300] GC(1207) Pause Young (Allocation Failure)
[2020-08-05T18:05:27.098-0300] GC(1207) PSYoungGen: 28658K->3266K(29184K)
[2020-08-05T18:05:27.098-0300] GC(1207) ParOldGen: 120525K->120741K(147968K)
[2020-08-05T18:05:27.098-0300] GC(1207) Metaspace: 118102K->118102K(1163264K)
[2020-08-05T18:05:27.098-0300] GC(1207) Pause Young (Allocation Failure) 145M->121M(173M) 4.437ms
[2020-08-05T18:05:27.098-0300] GC(1207) User=0.00s Sys=0.00s Real=0.01s
[2020-08-05T18:05:43.956-0300] GC(1208) Pause Young (Allocation Failure)
[2020-08-05T18:05:43.960-0300] GC(1208) PSYoungGen: 28866K->3058K(28672K)
[2020-08-05T18:05:43.960-0300] GC(1208) ParOldGen: 120741K->121473K(147968K)
[2020-08-05T18:05:43.960-0300] GC(1208) Metaspace: 118102K->118102K(1163264K)
[2020-08-05T18:05:43.960-0300] GC(1208) Pause Young (Allocation Failure) 146M->121M(172M) 3.775ms
[2020-08-05T18:05:43.960-0300] GC(1208) User=0.01s Sys=0.00s Real=0.00s
[2020-08-05T18:05:59.847-0300] GC(1209) Pause Young (Allocation Failure)
[2020-08-05T18:05:59.851-0300] GC(1209) PSYoungGen: 28658K->3299K(29184K)
[2020-08-05T18:05:59.851-0300] GC(1209) ParOldGen: 121473K->121730K(147968K)
[2020-08-05T18:05:59.851-0300] GC(1209) Metaspace: 118102K->118102K(1163264K)
[2020-08-05T18:05:59.851-0300] GC(1209) Pause Young (Allocation Failure) 146M->122M(173M) 3.869ms
[2020-08-05T18:05:59.851-0300] GC(1209) User=0.01s Sys=0.00s Real=0.00s
[2020-08-05T18:06:16.957-0300] GC(1210) Pause Young (Allocation Failure)
[2020-08-05T18:06:16.961-0300] GC(1210) PSYoungGen: 28899K->3044K(28672K)
[2020-08-05T18:06:16.961-0300] GC(1210) ParOldGen: 121730K->122361K(147968K)
[2020-08-05T18:06:16.961-0300] GC(1210) Metaspace: 118102K->118102K(1163264K)
[2020-08-05T18:06:16.961-0300] GC(1210) Pause Young (Allocation Failure) 147M->122M(172M) 3.718ms
[2020-08-05T18:06:16.961-0300] GC(1210) User=0.01s Sys=0.00s Real=0.00s
[2020-08-05T18:06:34.846-0300] GC(1211) Pause Young (Allocation Failure)
[2020-08-05T18:06:34.850-0300] GC(1211) PSYoungGen: 28644K->3236K(29184K)
[2020-08-05T18:06:34.850-0300] GC(1211) ParOldGen: 122361K->122457K(147968K)
[2020-08-05T18:06:34.850-0300] GC(1211) Metaspace: 118102K->118102K(1163264K)
[2020-08-05T18:06:34.850-0300] GC(1211) Pause Young (Allocation Failure) 147M->122M(173M) 3.470ms
[2020-08-05T18:06:34.850-0300] GC(1211) User=0.01s Sys=0.00s Real=0.00s
[2020-08-05T18:06:51.608-0300] GC(1212) Pause Young (Allocation Failure)
[2020-08-05T18:06:51.613-0300] GC(1212) PSYoungGen: 28836K->3045K(28672K)
[2020-08-05T18:06:51.613-0300] GC(1212) ParOldGen: 122457K->122805K(147968K)
[2020-08-05T18:06:51.613-0300] GC(1212) Metaspace: 118102K->118102K(1163264K)
[2020-08-05T18:06:51.613-0300] GC(1212) Pause Young (Allocation Failure) 147M->122M(172M) 4.675ms
[2020-08-05T18:06:51.613-0300] GC(1212) User=0.01s Sys=0.00s Real=0.00s
[2020-08-05T18:06:53.380-0300] GC(1213) Pause Young (Allocation Failure)
[2020-08-05T18:06:53.385-0300] GC(1213) PSYoungGen: 28645K->3189K(29184K)
[2020-08-05T18:06:53.385-0300] GC(1213) ParOldGen: 122805K->123014K(147968K)
[2020-08-05T18:06:53.385-0300] GC(1213) Metaspace: 118102K->118102K(1163264K)
[2020-08-05T18:06:53.385-0300] GC(1213) Pause Young (Allocation Failure) 147M->123M(173M) 5.574ms
[2020-08-05T18:06:53.386-0300] GC(1213) User=0.01s Sys=0.01s Real=0.01s
[2020-08-05T18:07:15.659-0300] GC(1214) Pause Young (Allocation Failure)
[2020-08-05T18:07:15.663-0300] GC(1214) PSYoungGen: 28789K->3045K(28672K)
[2020-08-05T18:07:15.663-0300] GC(1214) ParOldGen: 123014K->123014K(147968K)
[2020-08-05T18:07:15.663-0300] GC(1214) Metaspace: 118102K->118102K(1163264K)
[2020-08-05T18:07:15.663-0300] GC(1214) Pause Young (Allocation Failure) 148M->123M(172M) 3.973ms
[2020-08-05T18:07:15.663-0300] GC(1214) User=0.01s Sys=0.00s Real=0.00s
[2020-08-05T18:07:43.953-0300] GC(1215) Pause Young (Allocation Failure)
[2020-08-05T18:07:43.958-0300] GC(1215) PSYoungGen: 28645K->3157K(29184K)
[2020-08-05T18:07:43.958-0300] GC(1215) ParOldGen: 123014K->123134K(147968K)
[2020-08-05T18:07:43.958-0300] GC(1215) Metaspace: 118102K->118102K(1163264K)
[2020-08-05T18:07:43.958-0300] GC(1215) Pause Young (Allocation Failure) 148M->123M(173M) 4.908ms
[2020-08-05T18:07:43.958-0300] GC(1215) User=0.00s Sys=0.00s Real=0.01s
[2020-08-05T18:08:04.476-0300] GC(1216) Pause Young (Allocation Failure)
[2020-08-05T18:08:04.480-0300] GC(1216) PSYoungGen: 28757K->2033K(27648K)
[2020-08-05T18:08:04.480-0300] GC(1216) ParOldGen: 123134K->124013K(147968K)
[2020-08-05T18:08:04.480-0300] GC(1216) Metaspace: 118102K->118102K(1163264K)
[2020-08-05T18:08:04.480-0300] GC(1216) Pause Young (Allocation Failure) 148M->123M(171M) 3.689ms
[2020-08-05T18:08:04.480-0300] GC(1216) User=0.01s Sys=0.00s Real=0.00s
[2020-08-05T18:08:20.375-0300] GC(1217) Pause Young (Allocation Failure)
[2020-08-05T18:08:20.378-0300] GC(1217) PSYoungGen: 27633K->2225K(28160K)
[2020-08-05T18:08:20.378-0300] GC(1217) ParOldGen: 124013K->124525K(147968K)
[2020-08-05T18:08:20.378-0300] GC(1217) Metaspace: 118102K->118102K(1163264K)
[2020-08-05T18:08:20.378-0300] GC(1217) Pause Young (Allocation Failure) 148M->123M(172M) 3.654ms
[2020-08-05T18:08:20.378-0300] GC(1217) User=0.01s Sys=0.00s Real=0.00s
[2020-08-05T18:08:27.152-0300] GC(1218) Pause Young (Allocation Failure)
[2020-08-05T18:08:27.157-0300] GC(1218) PSYoungGen: 27825K->2450K(28160K)
[2020-08-05T18:08:27.157-0300] GC(1218) ParOldGen: 124525K->124525K(147968K)
[2020-08-05T18:08:27.157-0300] GC(1218) Metaspace: 118102K->118102K(1163264K)
[2020-08-05T18:08:27.157-0300] GC(1218) Pause Young (Allocation Failure) 148M->123M(172M) 4.628ms
[2020-08-05T18:08:27.157-0300] GC(1218) User=0.01s Sys=0.00s Real=0.01s
[2020-08-05T18:08:29.343-0300] GC(1219) Pause Young (Allocation Failure)
[2020-08-05T18:08:29.346-0300] GC(1219) PSYoungGen: 28050K->2609K(28672K)
[2020-08-05T18:08:29.346-0300] GC(1219) ParOldGen: 124525K->124693K(147968K)
[2020-08-05T18:08:29.346-0300] GC(1219) Metaspace: 118102K->118102K(1163264K)
[2020-08-05T18:08:29.346-0300] GC(1219) Pause Young (Allocation Failure) 148M->124M(172M) 2.935ms
[2020-08-05T18:08:29.346-0300] GC(1219) User=0.01s Sys=0.00s Real=0.01s
[2020-08-05T18:08:31.423-0300] GC(1220) Pause Young (Allocation Failure)
[2020-08-05T18:08:31.427-0300] GC(1220) PSYoungGen: 28209K->2531K(28160K)
[2020-08-05T18:08:31.427-0300] GC(1220) ParOldGen: 124693K->124965K(147968K)
[2020-08-05T18:08:31.427-0300] GC(1220) Metaspace: 118102K->118102K(1163264K)
[2020-08-05T18:08:31.427-0300] GC(1220) Pause Young (Allocation Failure) 149M->124M(172M) 4.082ms
[2020-08-05T18:08:31.427-0300] GC(1220) User=0.01s Sys=0.00s Real=0.01s
[2020-08-05T18:08:33.131-0300] GC(1221) Pause Young (Allocation Failure)
[2020-08-05T18:08:33.135-0300] GC(1221) PSYoungGen: 28131K->2450K(28160K)
[2020-08-05T18:08:33.136-0300] GC(1221) ParOldGen: 124965K->125165K(147968K)
[2020-08-05T18:08:33.136-0300] GC(1221) Metaspace: 118103K->118103K(1163264K)
[2020-08-05T18:08:33.136-0300] GC(1221) Pause Young (Allocation Failure) 149M->124M(172M) 4.392ms
[2020-08-05T18:08:33.136-0300] GC(1221) User=0.01s Sys=0.00s Real=0.01s
[2020-08-05T18:08:54.853-0300] GC(1222) Pause Young (Allocation Failure)
[2020-08-05T18:08:54.857-0300] GC(1222) PSYoungGen: 28048K->2472K(28160K)
[2020-08-05T18:08:54.857-0300] GC(1222) ParOldGen: 125165K->125365K(147968K)
[2020-08-05T18:08:54.857-0300] GC(1222) Metaspace: 118103K->118103K(1163264K)
[2020-08-05T18:08:54.857-0300] GC(1222) Pause Young (Allocation Failure) 149M->124M(172M) 4.486ms
[2020-08-05T18:08:54.857-0300] GC(1222) User=0.00s Sys=0.00s Real=0.01s
[2020-08-05T18:09:24.845-0300] GC(1223) Pause Young (Allocation Failure)
[2020-08-05T18:09:24.849-0300] GC(1223) PSYoungGen: 28072K->2673K(28672K)
[2020-08-05T18:09:24.849-0300] GC(1223) ParOldGen: 125365K->125469K(147968K)
[2020-08-05T18:09:24.849-0300] GC(1223) Metaspace: 118103K->118103K(1163264K)
[2020-08-05T18:09:24.849-0300] GC(1223) Pause Young (Allocation Failure) 149M->125M(172M) 3.876ms
[2020-08-05T18:09:24.849-0300] GC(1223) User=0.01s Sys=0.00s Real=0.00s
[2020-08-05T18:09:44.233-0300] GC(1224) Pause Young (Allocation Failure)
[2020-08-05T18:09:44.237-0300] GC(1224) PSYoungGen: 28273K->2786K(28672K)
[2020-08-05T18:09:44.237-0300] GC(1224) ParOldGen: 125469K->125667K(147968K)
[2020-08-05T18:09:44.237-0300] GC(1224) Metaspace: 118103K->118103K(1163264K)
[2020-08-05T18:09:44.237-0300] GC(1224) Pause Young (Allocation Failure) 150M->125M(172M) 3.989ms
[2020-08-05T18:09:44.237-0300] GC(1224) User=0.00s Sys=0.00s Real=0.01s
[2020-08-05T18:10:00.080-0300] GC(1225) Pause Young (Allocation Failure)
[2020-08-05T18:10:00.086-0300] GC(1225) PSYoungGen: 28386K->3059K(28672K)
[2020-08-05T18:10:00.086-0300] GC(1225) ParOldGen: 125667K->125819K(147968K)
[2020-08-05T18:10:00.086-0300] GC(1225) Metaspace: 118103K->118103K(1163264K)
[2020-08-05T18:10:00.086-0300] GC(1225) Pause Young (Allocation Failure) 150M->125M(172M) 5.885ms
[2020-08-05T18:10:00.086-0300] GC(1225) User=0.00s Sys=0.00s Real=0.01s
[2020-08-05T18:10:16.055-0300] GC(1226) Pause Young (Allocation Failure)
[2020-08-05T18:10:16.059-0300] GC(1226) PSYoungGen: 28659K->2529K(28160K)
[2020-08-05T18:10:16.059-0300] GC(1226) ParOldGen: 125819K->126717K(147968K)
[2020-08-05T18:10:16.059-0300] GC(1226) Metaspace: 118103K->118103K(1163264K)
[2020-08-05T18:10:16.059-0300] GC(1226) Pause Young (Allocation Failure) 150M->126M(172M) 3.311ms
[2020-08-05T18:10:16.059-0300] GC(1226) User=0.00s Sys=0.00s Real=0.00s
[2020-08-05T18:10:32.950-0300] GC(1227) Pause Young (Allocation Failure)
[2020-08-05T18:10:32.954-0300] GC(1227) PSYoungGen: 28129K->3058K(28672K)
[2020-08-05T18:10:32.954-0300] GC(1227) ParOldGen: 126717K->126813K(147968K)
[2020-08-05T18:10:32.954-0300] GC(1227) Metaspace: 118103K->118103K(1163264K)
[2020-08-05T18:10:32.954-0300] GC(1227) Pause Young (Allocation Failure) 151M->126M(172M) 3.859ms
[2020-08-05T18:10:32.954-0300] GC(1227) User=0.01s Sys=0.00s Real=0.01s
[2020-08-05T18:10:41.350-0300] GC(1228) Pause Young (Allocation Failure)
[2020-08-05T18:10:41.353-0300] GC(1228) PSYoungGen: 28658K->3058K(28672K)
[2020-08-05T18:10:41.353-0300] GC(1228) ParOldGen: 126813K->126946K(147968K)
[2020-08-05T18:10:41.353-0300] GC(1228) Metaspace: 118104K->118104K(1163264K)
[2020-08-05T18:10:41.353-0300] GC(1228) Pause Young (Allocation Failure) 151M->126M(172M) 3.211ms
[2020-08-05T18:10:41.353-0300] GC(1228) User=0.01s Sys=0.00s Real=0.00s
[2020-08-05T18:10:57.185-0300] GC(1229) Pause Young (Allocation Failure)
[2020-08-05T18:10:57.189-0300] GC(1229) PSYoungGen: 28658K->3426K(29184K)
[2020-08-05T18:10:57.189-0300] GC(1229) ParOldGen: 126946K->127034K(147968K)
[2020-08-05T18:10:57.189-0300] GC(1229) Metaspace: 118104K->118104K(1163264K)
[2020-08-05T18:10:57.189-0300] GC(1229) Pause Young (Allocation Failure) 151M->127M(173M) 3.504ms
[2020-08-05T18:10:57.189-0300] GC(1229) User=0.01s Sys=0.00s Real=0.00s
[2020-08-05T18:11:13.233-0300] GC(1230) Pause Young (Allocation Failure)
[2020-08-05T18:11:13.236-0300] GC(1230) PSYoungGen: 29026K->2034K(27648K)
[2020-08-05T18:11:13.236-0300] GC(1230) ParOldGen: 127034K->128720K(147968K)
[2020-08-05T18:11:13.236-0300] GC(1230) Metaspace: 118104K->118104K(1163264K)
[2020-08-05T18:11:13.236-0300] GC(1230) Pause Young (Allocation Failure) 152M->127M(171M) 3.244ms
[2020-08-05T18:11:13.236-0300] GC(1230) User=0.01s Sys=0.00s Real=0.01s
[2020-08-05T18:11:25.949-0300] GC(1231) Pause Young (Allocation Failure)
[2020-08-05T18:11:25.952-0300] GC(1231) PSYoungGen: 27634K->2210K(28160K)
[2020-08-05T18:11:25.952-0300] GC(1231) ParOldGen: 128720K->128960K(147968K)
[2020-08-05T18:11:25.952-0300] GC(1231) Metaspace: 118104K->118104K(1163264K)
[2020-08-05T18:11:25.953-0300] GC(1231) Pause Young (Allocation Failure) 152M->128M(172M) 3.302ms
[2020-08-05T18:11:25.953-0300] GC(1231) User=0.00s Sys=0.00s Real=0.00s
[2020-08-05T18:11:40.277-0300] GC(1232) Pause Young (Allocation Failure)
[2020-08-05T18:11:40.281-0300] GC(1232) PSYoungGen: 27810K->2387K(28160K)
[2020-08-05T18:11:40.281-0300] GC(1232) ParOldGen: 128960K->128960K(147968K)
[2020-08-05T18:11:40.281-0300] GC(1232) Metaspace: 118123K->118123K(1163264K)
[2020-08-05T18:11:40.281-0300] GC(1232) Pause Young (Allocation Failure) 153M->128M(172M) 4.051ms
[2020-08-05T18:11:40.281-0300] GC(1232) User=0.00s Sys=0.00s Real=0.00s
[2020-08-05T18:11:42.197-0300] GC(1233) Pause Young (Allocation Failure)
[2020-08-05T18:11:42.201-0300] GC(1233) PSYoungGen: 27987K->2467K(28160K)
[2020-08-05T18:11:42.201-0300] GC(1233) ParOldGen: 128960K->129112K(147968K)
[2020-08-05T18:11:42.201-0300] GC(1233) Metaspace: 118123K->118123K(1163264K)
[2020-08-05T18:11:42.201-0300] GC(1233) Pause Young (Allocation Failure) 153M->128M(172M) 3.244ms
[2020-08-05T18:11:42.201-0300] GC(1233) User=0.01s Sys=0.00s Real=0.00s
[2020-08-05T18:11:44.583-0300] GC(1234) Pause Young (Allocation Failure)
[2020-08-05T18:11:44.587-0300] GC(1234) PSYoungGen: 28067K->2643K(28672K)
[2020-08-05T18:11:44.587-0300] GC(1234) ParOldGen: 129112K->129160K(147968K)
[2020-08-05T18:11:44.587-0300] GC(1234) Metaspace: 118123K->118123K(1163264K)
[2020-08-05T18:11:44.587-0300] GC(1234) Pause Young (Allocation Failure) 153M->128M(172M) 4.187ms
[2020-08-05T18:11:44.587-0300] GC(1234) User=0.01s Sys=0.00s Real=0.01s
[2020-08-05T18:11:46.505-0300] GC(1235) Pause Young (Allocation Failure)
[2020-08-05T18:11:46.509-0300] GC(1235) PSYoungGen: 28243K->2643K(28672K)
[2020-08-05T18:11:46.509-0300] GC(1235) ParOldGen: 129160K->129184K(147968K)
[2020-08-05T18:11:46.509-0300] GC(1235) Metaspace: 118123K->118123K(1163264K)
[2020-08-05T18:11:46.509-0300] GC(1235) Pause Young (Allocation Failure) 153M->128M(172M) 3.723ms
[2020-08-05T18:11:46.509-0300] GC(1235) User=0.01s Sys=0.00s Real=0.00s
[2020-08-05T18:11:48.666-0300] GC(1236) Pause Young (Allocation Failure)
[2020-08-05T18:11:48.670-0300] GC(1236) PSYoungGen: 28243K->2547K(28160K)
[2020-08-05T18:11:48.670-0300] GC(1236) ParOldGen: 129184K->129344K(147968K)
[2020-08-05T18:11:48.670-0300] GC(1236) Metaspace: 118123K->118123K(1163264K)
[2020-08-05T18:11:48.670-0300] GC(1236) Pause Young (Allocation Failure) 153M->128M(172M) 3.729ms
[2020-08-05T18:11:48.670-0300] GC(1236) User=0.01s Sys=0.00s Real=0.00s
[2020-08-05T18:12:05.949-0300] GC(1237) Pause Young (Allocation Failure)
[2020-08-05T18:12:05.953-0300] GC(1237) PSYoungGen: 28147K->2033K(27648K)
[2020-08-05T18:12:05.953-0300] GC(1237) ParOldGen: 129344K->129696K(147968K)
[2020-08-05T18:12:05.953-0300] GC(1237) Metaspace: 118129K->118129K(1163264K)
[2020-08-05T18:12:05.953-0300] GC(1237) Pause Young (Allocation Failure) 153M->128M(171M) 3.598ms
[2020-08-05T18:12:05.953-0300] GC(1237) User=0.01s Sys=0.00s Real=0.00s
[2020-08-05T18:12:33.862-0300] GC(1238) Pause Young (Allocation Failure)
[2020-08-05T18:12:33.867-0300] GC(1238) PSYoungGen: 27633K->2050K(28160K)
[2020-08-05T18:12:33.867-0300] GC(1238) ParOldGen: 129696K->129696K(147968K)
[2020-08-05T18:12:33.867-0300] GC(1238) Metaspace: 118129K->118129K(1163264K)
[2020-08-05T18:12:33.867-0300] GC(1238) Pause Young (Allocation Failure) 153M->128M(172M) 4.403ms
[2020-08-05T18:12:33.867-0300] GC(1238) User=0.01s Sys=0.00s Real=0.01s
[2020-08-05T18:12:54.846-0300] GC(1239) Pause Young (Allocation Failure)
[2020-08-05T18:12:54.850-0300] GC(1239) PSYoungGen: 27650K->1780K(27648K)
[2020-08-05T18:12:54.850-0300] GC(1239) ParOldGen: 129696K->129856K(147968K)
[2020-08-05T18:12:54.850-0300] GC(1239) Metaspace: 118129K->118129K(1163264K)
[2020-08-05T18:12:54.850-0300] GC(1239) Pause Young (Allocation Failure) 153M->128M(171M) 3.666ms
[2020-08-05T18:12:54.850-0300] GC(1239) User=0.01s Sys=0.00s Real=0.00s
[2020-08-05T18:13:11.961-0300] GC(1240) Pause Young (Allocation Failure)
[2020-08-05T18:13:11.965-0300] GC(1240) PSYoungGen: 27380K->1778K(27648K)
[2020-08-05T18:13:11.965-0300] GC(1240) ParOldGen: 129856K->130048K(147968K)
[2020-08-05T18:13:11.965-0300] GC(1240) Metaspace: 118129K->118129K(1163264K)
[2020-08-05T18:13:11.965-0300] GC(1240) Pause Young (Allocation Failure) 153M->128M(171M) 3.370ms
[2020-08-05T18:13:11.965-0300] GC(1240) User=0.01s Sys=0.00s Real=0.01s
[2020-08-05T18:13:22.071-0300] GC(1241) Pause Young (Allocation Failure)
[2020-08-05T18:13:22.074-0300] GC(1241) PSYoungGen: 27378K->2116K(28160K)
[2020-08-05T18:13:22.074-0300] GC(1241) ParOldGen: 130048K->130176K(147968K)
[2020-08-05T18:13:22.074-0300] GC(1241) Metaspace: 118130K->118130K(1163264K)
[2020-08-05T18:13:22.074-0300] GC(1241) Pause Young (Allocation Failure) 153M->129M(172M) 3.316ms
[2020-08-05T18:13:22.074-0300] GC(1241) User=0.01s Sys=0.00s Real=0.01s
[2020-08-05T18:13:24.261-0300] GC(1242) Pause Young (Allocation Failure)
[2020-08-05T18:13:24.264-0300] GC(1242) PSYoungGen: 27716K->2422K(28160K)
[2020-08-05T18:13:24.264-0300] GC(1242) ParOldGen: 130176K->130376K(147968K)
[2020-08-05T18:13:24.264-0300] GC(1242) Metaspace: 118133K->118133K(1163264K)
[2020-08-05T18:13:24.264-0300] GC(1242) Pause Young (Allocation Failure) 154M->129M(172M) 3.165ms
[2020-08-05T18:13:24.264-0300] GC(1242) User=0.00s Sys=0.00s Real=0.00s
[2020-08-05T18:13:26.361-0300] GC(1243) Pause Young (Allocation Failure)
[2020-08-05T18:13:26.366-0300] GC(1243) PSYoungGen: 28022K->2470K(28160K)
[2020-08-05T18:13:26.366-0300] GC(1243) ParOldGen: 130376K->130505K(147968K)
[2020-08-05T18:13:26.366-0300] GC(1243) Metaspace: 118133K->118133K(1163264K)
[2020-08-05T18:13:26.366-0300] GC(1243) Pause Young (Allocation Failure) 154M->129M(172M) 4.361ms
[2020-08-05T18:13:26.366-0300] GC(1243) User=0.01s Sys=0.00s Real=0.01s
[2020-08-05T18:13:28.328-0300] GC(1244) Pause Young (Allocation Failure)
[2020-08-05T18:13:28.332-0300] GC(1244) PSYoungGen: 28070K->2404K(28160K)
[2020-08-05T18:13:28.332-0300] GC(1244) ParOldGen: 130505K->130713K(147968K)
[2020-08-05T18:13:28.332-0300] GC(1244) Metaspace: 118133K->118133K(1163264K)
[2020-08-05T18:13:28.332-0300] GC(1244) Pause Young (Allocation Failure) 154M->129M(172M) 4.242ms
[2020-08-05T18:13:28.332-0300] GC(1244) User=0.01s Sys=0.00s Real=0.00s
[2020-08-05T18:13:44.846-0300] GC(1245) Pause Young (Allocation Failure)
[2020-08-05T18:13:44.850-0300] GC(1245) PSYoungGen: 28004K->2370K(28160K)
[2020-08-05T18:13:44.850-0300] GC(1245) ParOldGen: 130713K->130915K(147968K)
[2020-08-05T18:13:44.850-0300] GC(1245) Metaspace: 118133K->118133K(1163264K)
[2020-08-05T18:13:44.850-0300] GC(1245) Pause Young (Allocation Failure) 154M->130M(172M) 3.922ms
[2020-08-05T18:13:44.850-0300] GC(1245) User=0.01s Sys=0.00s Real=0.00s
[2020-08-05T18:14:07.996-0300] GC(1246) Pause Young (Allocation Failure)
[2020-08-05T18:14:07.999-0300] GC(1246) PSYoungGen: 27970K->2530K(28160K)
[2020-08-05T18:14:07.999-0300] GC(1246) ParOldGen: 130915K->131163K(147968K)
[2020-08-05T18:14:07.999-0300] GC(1246) Metaspace: 118133K->118133K(1163264K)
[2020-08-05T18:14:07.999-0300] GC(1246) Pause Young (Allocation Failure) 155M->130M(172M) 2.968ms
[2020-08-05T18:14:07.999-0300] GC(1246) User=0.01s Sys=0.01s Real=0.00s
[2020-08-05T18:14:18.426-0300] GC(1247) Pause Young (Allocation Failure)
[2020-08-05T18:14:18.429-0300] GC(1247) PSYoungGen: 28130K->2834K(28672K)
[2020-08-05T18:14:18.429-0300] GC(1247) ParOldGen: 131163K->131396K(147968K)
[2020-08-05T18:14:18.429-0300] GC(1247) Metaspace: 118358K->118358K(1163264K)
[2020-08-05T18:14:18.429-0300] GC(1247) Pause Young (Allocation Failure) 155M->131M(172M) 3.823ms
[2020-08-05T18:14:18.430-0300] GC(1247) User=0.01s Sys=0.00s Real=0.00s
[2020-08-05T18:14:38.976-0300] GC(1248) Pause Young (Allocation Failure)
[2020-08-05T18:14:38.979-0300] GC(1248) PSYoungGen: 28405K->2016K(27648K)
[2020-08-05T18:14:38.987-0300] GC(1248) ParOldGen: 131396K->132014K(147968K)
[2020-08-05T18:14:38.987-0300] GC(1248) Metaspace: 118358K->118358K(1163264K)
[2020-08-05T18:14:38.987-0300] GC(1248) Pause Young (Allocation Failure) 156M->130M(171M) 11.257ms
[2020-08-05T18:14:38.987-0300] GC(1248) User=0.01s Sys=0.00s Real=0.01s
[2020-08-05T18:15:08.004-0300] GC(1249) Pause Young (Allocation Failure)
[2020-08-05T18:15:08.008-0300] GC(1249) PSYoungGen: 27616K->2528K(28160K)
[2020-08-05T18:15:08.008-0300] GC(1249) ParOldGen: 132014K->132078K(147968K)
[2020-08-05T18:15:08.008-0300] GC(1249) Metaspace: 118358K->118358K(1163264K)
[2020-08-05T18:15:08.008-0300] GC(1249) Pause Young (Allocation Failure) 155M->131M(172M) 3.927ms
[2020-08-05T18:15:08.008-0300] GC(1249) User=0.01s Sys=0.00s Real=0.00s
[2020-08-05T18:15:32.023-0300] GC(1250) Pause Young (Allocation Failure)
[2020-08-05T18:15:32.026-0300] GC(1250) PSYoungGen: 28128K->2945K(28672K)
[2020-08-05T18:15:32.026-0300] GC(1250) ParOldGen: 132078K->132078K(147968K)
[2020-08-05T18:15:32.026-0300] GC(1250) Metaspace: 118358K->118358K(1163264K)
[2020-08-05T18:15:32.027-0300] GC(1250) Pause Young (Allocation Failure) 156M->131M(172M) 3.685ms
[2020-08-05T18:15:32.027-0300] GC(1250) User=0.00s Sys=0.00s Real=0.01s
[2020-08-05T18:15:49.847-0300] GC(1251) Pause Young (Allocation Failure)
[2020-08-05T18:15:49.853-0300] GC(1251) PSYoungGen: 28545K->3345K(29184K)
[2020-08-05T18:15:49.853-0300] GC(1251) ParOldGen: 132078K->132110K(147968K)
[2020-08-05T18:15:49.853-0300] GC(1251) Metaspace: 118358K->118358K(1163264K)
[2020-08-05T18:15:49.853-0300] GC(1251) Pause Young (Allocation Failure) 156M->132M(173M) 6.652ms
[2020-08-05T18:15:49.853-0300] GC(1251) User=0.01s Sys=0.00s Real=0.00s
[2020-08-05T18:16:06.562-0300] GC(1252) Pause Young (Allocation Failure)
[2020-08-05T18:16:06.565-0300] GC(1252) PSYoungGen: 28945K->1008K(26624K)
[2020-08-05T18:16:06.565-0300] GC(1252) ParOldGen: 132110K->134701K(147968K)
[2020-08-05T18:16:06.565-0300] GC(1252) Metaspace: 118358K->118358K(1163264K)
[2020-08-05T18:16:06.565-0300] GC(1252) Pause Young (Allocation Failure) 157M->132M(170M) 3.496ms
[2020-08-05T18:16:06.565-0300] GC(1252) User=0.01s Sys=0.00s Real=0.01s
[2020-08-05T18:16:22.418-0300] GC(1253) Pause Young (Allocation Failure)
[2020-08-05T18:16:22.421-0300] GC(1253) PSYoungGen: 26608K->1440K(27136K)
[2020-08-05T18:16:22.421-0300] GC(1253) ParOldGen: 134701K->134717K(147968K)
[2020-08-05T18:16:22.421-0300] GC(1253) Metaspace: 118358K->118358K(1163264K)
[2020-08-05T18:16:22.421-0300] GC(1253) Pause Young (Allocation Failure) 157M->132M(171M) 2.949ms
[2020-08-05T18:16:22.421-0300] GC(1253) User=0.01s Sys=0.00s Real=0.00s
[2020-08-05T18:16:38.408-0300] GC(1254) Pause Young (Allocation Failure)
[2020-08-05T18:16:38.412-0300] GC(1254) PSYoungGen: 27034K->1713K(27648K)
[2020-08-05T18:16:38.412-0300] GC(1254) ParOldGen: 134717K->134717K(147968K)
[2020-08-05T18:16:38.412-0300] GC(1254) Metaspace: 118358K->118358K(1163264K)
[2020-08-05T18:16:38.412-0300] GC(1254) Pause Young (Allocation Failure) 157M->133M(171M) 3.339ms
[2020-08-05T18:16:38.412-0300] GC(1254) User=0.01s Sys=0.00s Real=0.00s
[2020-08-05T18:16:54.972-0300] GC(1255) Pause Young (Allocation Failure)
[2020-08-05T18:16:54.975-0300] GC(1255) PSYoungGen: 27313K->1890K(27648K)
[2020-08-05T18:16:54.975-0300] GC(1255) ParOldGen: 134717K->134765K(147968K)
[2020-08-05T18:16:54.975-0300] GC(1255) Metaspace: 118358K->118358K(1163264K)
[2020-08-05T18:16:54.975-0300] GC(1255) Pause Young (Allocation Failure) 158M->133M(171M) 3.066ms
[2020-08-05T18:16:54.975-0300] GC(1255) User=0.01s Sys=0.00s Real=0.01s
[2020-08-05T18:17:05.607-0300] GC(1256) Pause Young (Allocation Failure)
[2020-08-05T18:17:05.611-0300] GC(1256) PSYoungGen: 27490K->1795K(27648K)
[2020-08-05T18:17:05.611-0300] GC(1256) ParOldGen: 134765K->135021K(147968K)
[2020-08-05T18:17:05.611-0300] GC(1256) Metaspace: 118358K->118358K(1163264K)
[2020-08-05T18:17:05.611-0300] GC(1256) Pause Young (Allocation Failure) 158M->133M(171M) 3.705ms
[2020-08-05T18:17:05.611-0300] GC(1256) User=0.00s Sys=0.00s Real=0.00s
[2020-08-05T18:17:15.089-0300] GC(1257) Pause Young (Allocation Failure)
[2020-08-05T18:17:15.092-0300] GC(1257) PSYoungGen: 27395K->1746K(27648K)
[2020-08-05T18:17:15.092-0300] GC(1257) ParOldGen: 135021K->135069K(147968K)
[2020-08-05T18:17:15.092-0300] GC(1257) Metaspace: 118358K->118358K(1163264K)
[2020-08-05T18:17:15.092-0300] GC(1257) Pause Young (Allocation Failure) 158M->133M(171M) 3.378ms
[2020-08-05T18:17:15.092-0300] GC(1257) User=0.01s Sys=0.00s Real=0.00s
[2020-08-05T18:17:43.167-0300] GC(1258) Pause Young (Allocation Failure)
[2020-08-05T18:17:43.171-0300] GC(1258) PSYoungGen: 27346K->1875K(27648K)
[2020-08-05T18:17:43.171-0300] GC(1258) ParOldGen: 135069K->135117K(147968K)
[2020-08-05T18:17:43.171-0300] GC(1258) Metaspace: 118358K->118358K(1163264K)
[2020-08-05T18:17:43.171-0300] GC(1258) Pause Young (Allocation Failure) 158M->133M(171M) 3.752ms
[2020-08-05T18:17:43.171-0300] GC(1258) User=0.01s Sys=0.00s Real=0.00s
[2020-08-05T18:18:09.130-0300] GC(1259) Pause Young (Allocation Failure)
[2020-08-05T18:18:09.134-0300] GC(1259) PSYoungGen: 27475K->1652K(27648K)
[2020-08-05T18:18:09.134-0300] GC(1259) ParOldGen: 135117K->135197K(147968K)
[2020-08-05T18:18:09.134-0300] GC(1259) Metaspace: 118358K->118358K(1163264K)
[2020-08-05T18:18:09.134-0300] GC(1259) Pause Young (Allocation Failure) 158M->133M(171M) 3.831ms
[2020-08-05T18:18:09.134-0300] GC(1259) User=0.01s Sys=0.00s Real=0.00s
[2020-08-05T18:18:24.851-0300] GC(1260) Pause Young (Allocation Failure)
[2020-08-05T18:18:24.854-0300] GC(1260) PSYoungGen: 27248K->2186K(28160K)
[2020-08-05T18:18:24.854-0300] GC(1260) ParOldGen: 135197K->135317K(147968K)
[2020-08-05T18:18:24.854-0300] GC(1260) Metaspace: 118358K->118358K(1163264K)
[2020-08-05T18:18:24.854-0300] GC(1260) Pause Young (Allocation Failure) 158M->134M(172M) 3.211ms
[2020-08-05T18:18:24.854-0300] GC(1260) User=0.01s Sys=0.00s Real=0.01s
[2020-08-05T18:18:39.094-0300] GC(1261) Pause Young (Allocation Failure)
[2020-08-05T18:18:39.097-0300] GC(1261) PSYoungGen: 27786K->2580K(28672K)
[2020-08-05T18:18:39.097-0300] GC(1261) ParOldGen: 135317K->135405K(147968K)
[2020-08-05T18:18:39.097-0300] GC(1261) Metaspace: 118358K->118358K(1163264K)
[2020-08-05T18:18:39.097-0300] GC(1261) Pause Young (Allocation Failure) 159M->134M(172M) 3.566ms
[2020-08-05T18:18:39.097-0300] GC(1261) User=0.01s Sys=0.00s Real=0.01s
[2020-08-05T18:18:41.062-0300] GC(1262) Pause Young (Allocation Failure)
[2020-08-05T18:18:41.065-0300] GC(1262) PSYoungGen: 28180K->2773K(28672K)
[2020-08-05T18:18:41.065-0300] GC(1262) ParOldGen: 135405K->135605K(147968K)
[2020-08-05T18:18:41.065-0300] GC(1262) Metaspace: 118360K->118360K(1163264K)
[2020-08-05T18:18:41.065-0300] GC(1262) Pause Young (Allocation Failure) 159M->135M(172M) 3.038ms
[2020-08-05T18:18:41.065-0300] GC(1262) User=0.01s Sys=0.00s Real=0.01s
[2020-08-05T18:18:43.370-0300] GC(1263) Pause Young (Allocation Failure)
[2020-08-05T18:18:43.373-0300] GC(1263) PSYoungGen: 28373K->2933K(28672K)
[2020-08-05T18:18:43.373-0300] GC(1263) ParOldGen: 135605K->135661K(147968K)
[2020-08-05T18:18:43.373-0300] GC(1263) Metaspace: 118360K->118360K(1163264K)
[2020-08-05T18:18:43.373-0300] GC(1263) Pause Young (Allocation Failure) 160M->135M(172M) 3.148ms
[2020-08-05T18:18:43.373-0300] GC(1263) User=0.01s Sys=0.00s Real=0.00s
[2020-08-05T18:18:45.376-0300] GC(1264) Pause Young (Allocation Failure)
[2020-08-05T18:18:45.379-0300] GC(1264) PSYoungGen: 28533K->2548K(28160K)
[2020-08-05T18:18:45.379-0300] GC(1264) ParOldGen: 135661K->136095K(147968K)
[2020-08-05T18:18:45.379-0300] GC(1264) Metaspace: 118360K->118360K(1163264K)
[2020-08-05T18:18:45.379-0300] GC(1264) Pause Young (Allocation Failure) 160M->135M(172M) 3.454ms
[2020-08-05T18:18:45.379-0300] GC(1264) User=0.01s Sys=0.00s Real=0.00s
[2020-08-05T18:18:54.846-0300] GC(1265) Pause Young (Allocation Failure)
[2020-08-05T18:18:54.850-0300] GC(1265) PSYoungGen: 28148K->2500K(28160K)
[2020-08-05T18:18:54.850-0300] GC(1265) ParOldGen: 136095K->136167K(147968K)
[2020-08-05T18:18:54.850-0300] GC(1265) Metaspace: 118360K->118360K(1163264K)
[2020-08-05T18:18:54.850-0300] GC(1265) Pause Young (Allocation Failure) 160M->135M(172M) 3.150ms
[2020-08-05T18:18:54.850-0300] GC(1265) User=0.01s Sys=0.00s Real=0.00s
[2020-08-05T18:19:23.175-0300] GC(1266) Pause Young (Allocation Failure)
[2020-08-05T18:19:23.179-0300] GC(1266) PSYoungGen: 28100K->2884K(28672K)
[2020-08-05T18:19:23.179-0300] GC(1266) ParOldGen: 136167K->136167K(147968K)
[2020-08-05T18:19:23.179-0300] GC(1266) Metaspace: 118360K->118360K(1163264K)
[2020-08-05T18:19:23.179-0300] GC(1266) Pause Young (Allocation Failure) 160M->135M(172M) 4.015ms
[2020-08-05T18:19:23.179-0300] GC(1266) User=0.01s Sys=0.00s Real=0.00s
[2020-08-05T18:19:46.969-0300] GC(1267) Pause Young (Allocation Failure)
[2020-08-05T18:19:46.972-0300] GC(1267) PSYoungGen: 28484K->2979K(28672K)
[2020-08-05T18:19:46.972-0300] GC(1267) ParOldGen: 136167K->136271K(147968K)
[2020-08-05T18:19:46.972-0300] GC(1267) Metaspace: 118360K->118360K(1163264K)
[2020-08-05T18:19:46.972-0300] GC(1267) Pause Young (Allocation Failure) 160M->135M(172M) 3.053ms
[2020-08-05T18:19:46.972-0300] GC(1267) User=0.01s Sys=0.00s Real=0.00s
[2020-08-05T18:20:13.216-0300] GC(1268) Pause Young (Allocation Failure)
[2020-08-05T18:20:13.219-0300] GC(1268) PSYoungGen: 28579K->2545K(28160K)
[2020-08-05T18:20:13.219-0300] GC(1268) ParOldGen: 136271K->136994K(147968K)
[2020-08-05T18:20:13.219-0300] GC(1268) Metaspace: 118360K->118360K(1163264K)
[2020-08-05T18:20:13.219-0300] GC(1268) Pause Young (Allocation Failure) 160M->136M(172M) 3.974ms
[2020-08-05T18:20:13.220-0300] GC(1268) User=0.01s Sys=0.00s Real=0.00s
[2020-08-05T18:20:39.846-0300] GC(1269) Pause Young (Allocation Failure)
[2020-08-05T18:20:39.849-0300] GC(1269) PSYoungGen: 28145K->3170K(29184K)
[2020-08-05T18:20:39.849-0300] GC(1269) ParOldGen: 136994K->137066K(147968K)
[2020-08-05T18:20:39.849-0300] GC(1269) Metaspace: 118377K->118377K(1163264K)
[2020-08-05T18:20:39.849-0300] GC(1269) Pause Young (Allocation Failure) 161M->136M(173M) 3.727ms
[2020-08-05T18:20:39.849-0300] GC(1269) User=0.01s Sys=0.00s Real=0.00s
[2020-08-05T18:20:57.750-0300] GC(1270) Pause Young (Allocation Failure)
[2020-08-05T18:20:57.754-0300] GC(1270) PSYoungGen: 28770K->2546K(28160K)
[2020-08-05T18:20:57.754-0300] GC(1270) ParOldGen: 137066K->137818K(147968K)
[2020-08-05T18:20:57.754-0300] GC(1270) Metaspace: 118377K->118377K(1163264K)
[2020-08-05T18:20:57.754-0300] GC(1270) Pause Young (Allocation Failure) 161M->137M(172M) 3.830ms
[2020-08-05T18:20:57.754-0300] GC(1270) User=0.01s Sys=0.00s Real=0.01s
[2020-08-05T18:21:14.294-0300] GC(1271) Pause Young (Allocation Failure)
[2020-08-05T18:21:14.298-0300] GC(1271) PSYoungGen: 28146K->3011K(28672K)
[2020-08-05T18:21:14.298-0300] GC(1271) ParOldGen: 137818K->137874K(147968K)
[2020-08-05T18:21:14.298-0300] GC(1271) Metaspace: 118377K->118377K(1163264K)
[2020-08-05T18:21:14.298-0300] GC(1271) Pause Young (Allocation Failure) 162M->137M(172M) 3.581ms
[2020-08-05T18:21:14.298-0300] GC(1271) User=0.00s Sys=0.00s Real=0.00s
[2020-08-05T18:21:30.006-0300] GC(1272) Pause Young (Allocation Failure)
[2020-08-05T18:21:30.009-0300] GC(1272) PSYoungGen: 28611K->3204K(29184K)
[2020-08-05T18:21:30.009-0300] GC(1272) ParOldGen: 137874K->137874K(147968K)
[2020-08-05T18:21:30.009-0300] GC(1272) Metaspace: 118377K->118377K(1163264K)
[2020-08-05T18:21:30.009-0300] GC(1272) Pause Young (Allocation Failure) 162M->137M(173M) 3.882ms
[2020-08-05T18:21:30.009-0300] GC(1272) User=0.01s Sys=0.00s Real=0.00s
[2020-08-05T18:21:48.994-0300] GC(1273) Pause Young (Allocation Failure)
[2020-08-05T18:21:48.998-0300] GC(1273) PSYoungGen: 28804K->3412K(29184K)
[2020-08-05T18:21:48.998-0300] GC(1273) ParOldGen: 137874K->137898K(147968K)
[2020-08-05T18:21:48.998-0300] GC(1273) Metaspace: 118377K->118377K(1163264K)
[2020-08-05T18:21:48.998-0300] GC(1273) Pause Young (Allocation Failure) 162M->137M(173M) 3.598ms
[2020-08-05T18:21:48.998-0300] GC(1273) User=0.01s Sys=0.00s Real=0.00s
[2020-08-05T18:22:05.965-0300] GC(1274) Pause Young (Allocation Failure)
[2020-08-05T18:22:05.969-0300] GC(1274) PSYoungGen: 29012K->2548K(28160K)
[2020-08-05T18:22:05.969-0300] GC(1274) ParOldGen: 137898K->138952K(147968K)
[2020-08-05T18:22:05.969-0300] GC(1274) Metaspace: 118377K->118377K(1163264K)
[2020-08-05T18:22:05.969-0300] GC(1274) Pause Young (Allocation Failure) 162M->138M(172M) 4.010ms
[2020-08-05T18:22:05.969-0300] GC(1274) User=0.02s Sys=0.00s Real=0.00s
[2020-08-05T18:22:19.848-0300] GC(1275) Pause Young (Allocation Failure)
[2020-08-05T18:22:19.852-0300] GC(1275) PSYoungGen: 28126K->2715K(28672K)
[2020-08-05T18:22:19.852-0300] GC(1275) ParOldGen: 138952K->139464K(147968K)
[2020-08-05T18:22:19.852-0300] GC(1275) Metaspace: 118386K->118386K(1163264K)
[2020-08-05T18:22:19.852-0300] GC(1275) Pause Young (Allocation Failure) 163M->138M(172M) 3.714ms
[2020-08-05T18:22:19.852-0300] GC(1275) User=0.01s Sys=0.00s Real=0.00s
[2020-08-05T18:22:37.973-0300] GC(1276) Pause Young (Allocation Failure)
[2020-08-05T18:22:37.976-0300] GC(1276) PSYoungGen: 28315K->2613K(28672K)
[2020-08-05T18:22:37.977-0300] GC(1276) ParOldGen: 139464K->139464K(147968K)
[2020-08-05T18:22:37.977-0300] GC(1276) Metaspace: 118386K->118386K(1163264K)
[2020-08-05T18:22:37.977-0300] GC(1276) Pause Young (Allocation Failure) 163M->138M(172M) 3.731ms
[2020-08-05T18:22:37.977-0300] GC(1276) User=0.01s Sys=0.00s Real=0.01s
[2020-08-05T18:22:49.074-0300] GC(1277) Pause Young (Allocation Failure)
[2020-08-05T18:22:49.078-0300] GC(1277) PSYoungGen: 28213K->2694K(28672K)
[2020-08-05T18:22:49.078-0300] GC(1277) ParOldGen: 139464K->139600K(147968K)
[2020-08-05T18:22:49.078-0300] GC(1277) Metaspace: 118386K->118386K(1163264K)
[2020-08-05T18:22:49.078-0300] GC(1277) Pause Young (Allocation Failure) 163M->138M(172M) 3.866ms
[2020-08-05T18:22:49.078-0300] GC(1277) User=0.01s Sys=0.00s Real=0.00s
[2020-08-05T18:23:05.033-0300] GC(1278) Pause Young (Allocation Failure)
[2020-08-05T18:23:05.037-0300] GC(1278) PSYoungGen: 28294K->2822K(28672K)
[2020-08-05T18:23:05.037-0300] GC(1278) ParOldGen: 139600K->139640K(147968K)
[2020-08-05T18:23:05.037-0300] GC(1278) Metaspace: 118386K->118386K(1163264K)
[2020-08-05T18:23:05.037-0300] GC(1278) Pause Young (Allocation Failure) 163M->139M(172M) 3.469ms
[2020-08-05T18:23:05.037-0300] GC(1278) User=0.01s Sys=0.00s Real=0.01s
[2020-08-05T18:23:22.328-0300] GC(1279) Pause Young (Allocation Failure)
[2020-08-05T18:23:22.332-0300] GC(1279) PSYoungGen: 28422K->3240K(29184K)
[2020-08-05T18:23:22.332-0300] GC(1279) ParOldGen: 139640K->139688K(147968K)
[2020-08-05T18:23:22.332-0300] GC(1279) Metaspace: 118386K->118386K(1163264K)
[2020-08-05T18:23:22.332-0300] GC(1279) Pause Young (Allocation Failure) 164M->139M(173M) 3.310ms
[2020-08-05T18:23:22.332-0300] GC(1279) User=0.01s Sys=0.00s Real=0.00s
[2020-08-05T18:23:39.846-0300] GC(1280) Pause Young (Allocation Failure)
[2020-08-05T18:23:39.849-0300] GC(1280) PSYoungGen: 28840K->2018K(27648K)
[2020-08-05T18:23:39.849-0300] GC(1280) ParOldGen: 139688K->141372K(147968K)
[2020-08-05T18:23:39.849-0300] GC(1280) Metaspace: 118386K->118386K(1163264K)
[2020-08-05T18:23:39.849-0300] GC(1280) Pause Young (Allocation Failure) 164M->140M(171M) 3.379ms
[2020-08-05T18:23:39.849-0300] GC(1280) User=0.01s Sys=0.00s Real=0.00s
[2020-08-05T18:23:55.963-0300] GC(1281) Pause Young (Allocation Failure)
[2020-08-05T18:23:55.966-0300] GC(1281) PSYoungGen: 27618K->2515K(28160K)
[2020-08-05T18:23:55.966-0300] GC(1281) ParOldGen: 141372K->141620K(147968K)
[2020-08-05T18:23:55.966-0300] GC(1281) Metaspace: 118386K->118386K(1163264K)
[2020-08-05T18:23:55.966-0300] GC(1281) Pause Young (Allocation Failure) 165M->140M(172M) 3.436ms
[2020-08-05T18:23:55.966-0300] GC(1281) User=0.01s Sys=0.00s Real=0.01s
[2020-08-05T18:24:13.659-0300] GC(1282) Pause Young (Allocation Failure)
[2020-08-05T18:24:13.663-0300] GC(1282) PSYoungGen: 28115K->2900K(28672K)
[2020-08-05T18:24:13.663-0300] GC(1282) ParOldGen: 141620K->141620K(147968K)
[2020-08-05T18:24:13.663-0300] GC(1282) Metaspace: 118386K->118386K(1163264K)
[2020-08-05T18:24:13.663-0300] GC(1282) Pause Young (Allocation Failure) 165M->141M(172M) 3.689ms
[2020-08-05T18:24:13.663-0300] GC(1282) User=0.01s Sys=0.00s Real=0.00s
[2020-08-05T18:24:29.489-0300] GC(1283) Pause Young (Allocation Failure)
[2020-08-05T18:24:29.492-0300] GC(1283) PSYoungGen: 28500K->3013K(28672K)
[2020-08-05T18:24:29.492-0300] GC(1283) ParOldGen: 141620K->141816K(147968K)
[2020-08-05T18:24:29.492-0300] GC(1283) Metaspace: 118386K->118386K(1163264K)
[2020-08-05T18:24:29.492-0300] GC(1283) Pause Young (Allocation Failure) 166M->141M(172M) 3.137ms
[2020-08-05T18:24:29.492-0300] GC(1283) User=0.01s Sys=0.00s Real=0.00s
[2020-08-05T18:24:40.505-0300] GC(1284) Pause Young (Allocation Failure)
[2020-08-05T18:24:40.508-0300] GC(1284) PSYoungGen: 28613K->2548K(28160K)
[2020-08-05T18:24:40.508-0300] GC(1284) ParOldGen: 141816K->142591K(147968K)
[2020-08-05T18:24:40.508-0300] GC(1284) Metaspace: 118386K->118386K(1163264K)
[2020-08-05T18:24:40.508-0300] GC(1284) Pause Young (Allocation Failure) 166M->141M(172M) 3.237ms
[2020-08-05T18:24:40.508-0300] GC(1284) User=0.00s Sys=0.00s Real=0.00s
[2020-08-05T18:24:58.137-0300] GC(1285) Pause Young (Allocation Failure)
[2020-08-05T18:24:58.141-0300] GC(1285) PSYoungGen: 28148K->2885K(28672K)
[2020-08-05T18:24:58.141-0300] GC(1285) ParOldGen: 142591K->142703K(147968K)
[2020-08-05T18:24:58.141-0300] GC(1285) Metaspace: 118386K->118386K(1163264K)
[2020-08-05T18:24:58.141-0300] GC(1285) Pause Young (Allocation Failure) 166M->142M(172M) 3.426ms
[2020-08-05T18:24:58.141-0300] GC(1285) User=0.01s Sys=0.00s Real=0.00s
[2020-08-05T18:25:03.652-0300] GC(1286) Pause Young (Allocation Failure)
[2020-08-05T18:25:03.655-0300] GC(1286) PSYoungGen: 28485K->3061K(28672K)
[2020-08-05T18:25:03.655-0300] GC(1286) ParOldGen: 142703K->142932K(147968K)
[2020-08-05T18:25:03.655-0300] GC(1286) Metaspace: 118386K->118386K(1163264K)
[2020-08-05T18:25:03.655-0300] GC(1286) Pause Young (Allocation Failure) 167M->142M(172M) 3.199ms
[2020-08-05T18:25:03.655-0300] GC(1286) User=0.01s Sys=0.00s Real=0.01s
[2020-08-05T18:25:05.564-0300] GC(1287) Pause Young (Allocation Failure)
[2020-08-05T18:25:05.567-0300] GC(1287) PSYoungGen: 28661K->3349K(29184K)
[2020-08-05T18:25:05.567-0300] GC(1287) ParOldGen: 142932K->142980K(147968K)
[2020-08-05T18:25:05.567-0300] GC(1287) Metaspace: 118386K->118386K(1163264K)
[2020-08-05T18:25:05.567-0300] GC(1287) Pause Young (Allocation Failure) 167M->142M(173M) 3.142ms
[2020-08-05T18:25:05.567-0300] GC(1287) User=0.01s Sys=0.00s Real=0.00s
[2020-08-05T18:25:07.804-0300] GC(1288) Pause Young (Allocation Failure)
[2020-08-05T18:25:07.808-0300] GC(1288) PSYoungGen: 28948K->2033K(27648K)
[2020-08-05T18:25:07.808-0300] GC(1288) ParOldGen: 142980K->144210K(147968K)
[2020-08-05T18:25:07.808-0300] GC(1288) Metaspace: 118386K->118386K(1163264K)
[2020-08-05T18:25:07.808-0300] GC(1288) Pause Young (Allocation Failure) 167M->142M(171M) 4.109ms
[2020-08-05T18:25:07.808-0300] GC(1288) User=0.01s Sys=0.00s Real=0.00s
[2020-08-05T18:25:09.680-0300] GC(1289) Pause Young (Allocation Failure)
[2020-08-05T18:25:09.684-0300] GC(1289) PSYoungGen: 27633K->2273K(28160K)
[2020-08-05T18:25:09.684-0300] GC(1289) ParOldGen: 144210K->144258K(147968K)
[2020-08-05T18:25:09.684-0300] GC(1289) Metaspace: 118389K->118389K(1163264K)
[2020-08-05T18:25:09.684-0300] GC(1289) Pause Young (Allocation Failure) 167M->143M(172M) 4.400ms
[2020-08-05T18:25:09.684-0300] GC(1289) User=0.01s Sys=0.00s Real=0.01s
[2020-08-05T18:25:34.846-0300] GC(1290) Pause Young (Allocation Failure)
[2020-08-05T18:25:34.850-0300] GC(1290) PSYoungGen: 27873K->2240K(28160K)
[2020-08-05T18:25:34.850-0300] GC(1290) ParOldGen: 144258K->144282K(147968K)
[2020-08-05T18:25:34.850-0300] GC(1290) Metaspace: 118389K->118389K(1163264K)
[2020-08-05T18:25:34.850-0300] GC(1290) Pause Young (Allocation Failure) 168M->143M(172M) 3.672ms
[2020-08-05T18:25:34.850-0300] GC(1290) User=0.01s Sys=0.00s Real=0.00s
[2020-08-05T18:26:04.432-0300] GC(1291) Pause Young (Allocation Failure)
[2020-08-05T18:26:04.436-0300] GC(1291) PSYoungGen: 27840K->2528K(28160K)
[2020-08-05T18:26:04.436-0300] GC(1291) ParOldGen: 144282K->144282K(147968K)
[2020-08-05T18:26:04.436-0300] GC(1291) Metaspace: 118389K->118389K(1163264K)
[2020-08-05T18:26:04.436-0300] GC(1291) Pause Young (Allocation Failure) 168M->143M(172M) 4.343ms
[2020-08-05T18:26:04.436-0300] GC(1291) User=0.01s Sys=0.00s Real=0.01s
[2020-08-05T18:26:20.411-0300] GC(1292) Pause Young (Allocation Failure)
[2020-08-05T18:26:20.414-0300] GC(1292) PSYoungGen: 28128K->2704K(28672K)
[2020-08-05T18:26:20.414-0300] GC(1292) ParOldGen: 144282K->144314K(147968K)
[2020-08-05T18:26:20.414-0300] GC(1292) Metaspace: 118389K->118389K(1163264K)
[2020-08-05T18:26:20.414-0300] GC(1292) Pause Young (Allocation Failure) 168M->143M(172M) 2.904ms
[2020-08-05T18:26:20.414-0300] GC(1292) User=0.00s Sys=0.00s Real=0.00s
[2020-08-05T18:26:37.960-0300] GC(1293) Pause Young (Allocation Failure)
[2020-08-05T18:26:37.963-0300] GC(1293) PSYoungGen: 28304K->3041K(28672K)
[2020-08-05T18:26:37.963-0300] GC(1293) ParOldGen: 144314K->144346K(147968K)
[2020-08-05T18:26:37.963-0300] GC(1293) Metaspace: 118389K->118389K(1163264K)
[2020-08-05T18:26:37.963-0300] GC(1293) Pause Young (Allocation Failure) 168M->143M(172M) 3.227ms
[2020-08-05T18:26:37.963-0300] GC(1293) User=0.01s Sys=0.00s Real=0.00s
[2020-08-05T18:26:43.458-0300] GC(1294) Pause Young (Allocation Failure)
[2020-08-05T18:26:43.461-0300] GC(1294) PSYoungGen: 28641K->2531K(28160K)
[2020-08-05T18:26:43.461-0300] GC(1294) ParOldGen: 144346K->145030K(147968K)
[2020-08-05T18:26:43.461-0300] GC(1294) Metaspace: 118389K->118389K(1163264K)
[2020-08-05T18:26:43.461-0300] GC(1294) Pause Young (Allocation Failure) 168M->144M(172M) 3.514ms
[2020-08-05T18:26:43.461-0300] GC(1294) User=0.01s Sys=0.00s Real=0.00s
[2020-08-05T18:26:45.363-0300] GC(1295) Pause Young (Allocation Failure)
[2020-08-05T18:26:45.368-0300] GC(1295) PSYoungGen: 28131K->2274K(28160K)
[2020-08-05T18:26:45.368-0300] GC(1295) ParOldGen: 145030K->145598K(147968K)
[2020-08-05T18:26:45.368-0300] GC(1295) Metaspace: 118389K->118389K(1163264K)
[2020-08-05T18:26:45.368-0300] GC(1295) Pause Young (Allocation Failure) 169M->144M(172M) 4.748ms
[2020-08-05T18:26:45.368-0300] GC(1295) User=0.01s Sys=0.00s Real=0.01s
[2020-08-05T18:26:47.551-0300] GC(1296) Pause Young (Allocation Failure)
[2020-08-05T18:26:47.554-0300] GC(1296) PSYoungGen: 27874K->2275K(28160K)
[2020-08-05T18:26:47.554-0300] GC(1296) ParOldGen: 145598K->145598K(147968K)
[2020-08-05T18:26:47.554-0300] GC(1296) Metaspace: 118389K->118389K(1163264K)
[2020-08-05T18:26:47.554-0300] GC(1296) Pause Young (Allocation Failure) 169M->144M(172M) 3.087ms
[2020-08-05T18:26:47.554-0300] GC(1296) User=0.01s Sys=0.00s Real=0.00s
[2020-08-05T18:26:49.433-0300] GC(1297) Pause Young (Allocation Failure)
[2020-08-05T18:26:49.437-0300] GC(1297) PSYoungGen: 27875K->2227K(28160K)
[2020-08-05T18:26:49.437-0300] GC(1297) ParOldGen: 145598K->145798K(147968K)
[2020-08-05T18:26:49.437-0300] GC(1297) Metaspace: 118389K->118389K(1163264K)
[2020-08-05T18:26:49.437-0300] GC(1297) Pause Young (Allocation Failure) 169M->144M(172M) 3.154ms
[2020-08-05T18:26:49.437-0300] GC(1297) User=0.01s Sys=0.00s Real=0.01s
[2020-08-05T18:27:14.848-0300] GC(1298) Pause Young (Allocation Failure)
[2020-08-05T18:27:14.852-0300] GC(1298) PSYoungGen: 27827K->1873K(27648K)
[2020-08-05T18:27:14.852-0300] GC(1298) ParOldGen: 145798K->145926K(147968K)
[2020-08-05T18:27:14.852-0300] GC(1298) Metaspace: 118389K->118389K(1163264K)
[2020-08-05T18:27:14.852-0300] GC(1298) Pause Young (Allocation Failure) 169M->144M(171M) 3.727ms
[2020-08-05T18:27:14.852-0300] GC(1298) User=0.01s Sys=0.00s Real=0.00s
[2020-08-05T18:27:41.709-0300] GC(1299) Pause Young (Allocation Failure)
[2020-08-05T18:27:41.712-0300] GC(1299) PSYoungGen: 27473K->1873K(27648K)
[2020-08-05T18:27:41.712-0300] GC(1299) ParOldGen: 145926K->145998K(147968K)
[2020-08-05T18:27:41.712-0300] GC(1299) Metaspace: 118389K->118389K(1163264K)
[2020-08-05T18:27:41.712-0300] GC(1299) Pause Young (Allocation Failure) 169M->144M(171M) 3.646ms
[2020-08-05T18:27:41.712-0300] GC(1299) User=0.01s Sys=0.00s Real=0.00s
[2020-08-05T18:28:02.960-0300] GC(1300) Pause Young (Allocation Failure)
[2020-08-05T18:28:02.964-0300] GC(1300) PSYoungGen: 27473K->1602K(27648K)
[2020-08-05T18:28:02.964-0300] GC(1300) ParOldGen: 145998K->146166K(147968K)
[2020-08-05T18:28:02.964-0300] GC(1300) Metaspace: 118389K->118389K(1163264K)
[2020-08-05T18:28:02.964-0300] GC(1300) Pause Young (Allocation Failure) 169M->144M(171M) 4.324ms
[2020-08-05T18:28:02.964-0300] GC(1300) User=0.01s Sys=0.00s Real=0.01s
[2020-08-05T18:28:29.851-0300] GC(1301) Pause Young (Allocation Failure)
[2020-08-05T18:28:29.855-0300] GC(1301) PSYoungGen: 27202K->2089K(28160K)
[2020-08-05T18:28:29.855-0300] GC(1301) ParOldGen: 146166K->146334K(147968K)
[2020-08-05T18:28:29.855-0300] GC(1301) Metaspace: 118389K->118389K(1163264K)
[2020-08-05T18:28:29.855-0300] GC(1301) Pause Young (Allocation Failure) 169M->144M(172M) 4.207ms
[2020-08-05T18:28:29.855-0300] GC(1301) User=0.01s Sys=0.00s Real=0.01s
[2020-08-05T18:28:54.848-0300] GC(1302) Pause Young (Allocation Failure)
[2020-08-05T18:28:54.851-0300] GC(1302) PSYoungGen: 27689K->2610K(28672K)
[2020-08-05T18:28:54.851-0300] GC(1302) ParOldGen: 146334K->146358K(147968K)
[2020-08-05T18:28:54.851-0300] GC(1302) Metaspace: 118389K->118389K(1163264K)
[2020-08-05T18:28:54.851-0300] GC(1302) Pause Young (Allocation Failure) 169M->145M(172M) 3.836ms
[2020-08-05T18:28:54.851-0300] GC(1302) User=0.01s Sys=0.00s Real=0.00s
[2020-08-05T18:29:11.128-0300] GC(1303) Pause Young (Allocation Failure)
[2020-08-05T18:29:11.132-0300] GC(1303) PSYoungGen: 28210K->3090K(29184K)
[2020-08-05T18:29:11.132-0300] GC(1303) ParOldGen: 146358K->146406K(147968K)
[2020-08-05T18:29:11.132-0300] GC(1303) Metaspace: 118389K->118389K(1163264K)
[2020-08-05T18:29:11.132-0300] GC(1303) Pause Young (Allocation Failure) 170M->145M(173M) 4.266ms
[2020-08-05T18:29:11.132-0300] GC(1303) User=0.01s Sys=0.00s Real=0.00s
[2020-08-05T18:29:22.539-0300] GC(1304) Pause Young (Allocation Failure)
[2020-08-05T18:29:22.544-0300] GC(1304) PSYoungGen: 28690K->2032K(27648K)
[2020-08-05T18:29:22.544-0300] GC(1304) ParOldGen: 146406K->147659K(147968K)
[2020-08-05T18:29:22.544-0300] GC(1304) Metaspace: 118389K->118389K(1163264K)
[2020-08-05T18:29:22.544-0300] GC(1304) Pause Young (Allocation Failure) 170M->146M(171M) 4.400ms
[2020-08-05T18:29:22.544-0300] GC(1304) User=0.01s Sys=0.00s Real=0.00s
[2020-08-05T18:29:22.544-0300] GC(1305) Pause Full (Ergonomics)
[2020-08-05T18:29:22.544-0300] GC(1305) Marking Phase
[2020-08-05T18:29:22.620-0300] GC(1305) Marking Phase 76.263ms
[2020-08-05T18:29:22.620-0300] GC(1305) Summary Phase
[2020-08-05T18:29:22.620-0300] GC(1305) Summary Phase 0.020ms
[2020-08-05T18:29:22.620-0300] GC(1305) Adjust Roots
[2020-08-05T18:29:22.664-0300] GC(1305) Adjust Roots 43.409ms
[2020-08-05T18:29:22.664-0300] GC(1305) Compaction Phase
[2020-08-05T18:29:22.729-0300] GC(1305) Compaction Phase 65.317ms
[2020-08-05T18:29:22.729-0300] GC(1305) Post Compact
[2020-08-05T18:29:22.730-0300] GC(1305) Post Compact 0.723ms
[2020-08-05T18:29:22.730-0300] GC(1305) PSYoungGen: 2032K->0K(26112K)
[2020-08-05T18:29:22.730-0300] GC(1305) ParOldGen: 147659K->101411K(141824K)
[2020-08-05T18:29:22.730-0300] GC(1305) Metaspace: 118389K->118389K(1163264K)
[2020-08-05T18:29:22.730-0300] GC(1305) Pause Full (Ergonomics) 146M->99M(164M) 186.460ms
[2020-08-05T18:29:22.730-0300] GC(1305) User=0.50s Sys=0.00s Real=0.18s
[2020-08-05T18:29:24.816-0300] GC(1306) Pause Young (Allocation Failure)
[2020-08-05T18:29:24.819-0300] GC(1306) PSYoungGen: 25600K->384K(26112K)
[2020-08-05T18:29:24.819-0300] GC(1306) ParOldGen: 101411K->101411K(141824K)
[2020-08-05T18:29:24.819-0300] GC(1306) Metaspace: 118389K->118389K(1163264K)
[2020-08-05T18:29:24.819-0300] GC(1306) Pause Young (Allocation Failure) 124M->99M(164M) 2.946ms
[2020-08-05T18:29:24.819-0300] GC(1306) User=0.01s Sys=0.00s Real=0.00s
[2020-08-05T18:29:27.004-0300] GC(1307) Pause Young (Allocation Failure)
[2020-08-05T18:29:27.007-0300] GC(1307) PSYoungGen: 25984K->705K(30208K)
[2020-08-05T18:29:27.007-0300] GC(1307) ParOldGen: 101411K->101411K(141824K)
[2020-08-05T18:29:27.007-0300] GC(1307) Metaspace: 118389K->118389K(1163264K)
[2020-08-05T18:29:27.007-0300] GC(1307) Pause Young (Allocation Failure) 124M->99M(168M) 3.324ms
[2020-08-05T18:29:27.007-0300] GC(1307) User=0.00s Sys=0.00s Real=0.01s
[2020-08-05T18:29:29.314-0300] GC(1308) Pause Young (Allocation Failure)
[2020-08-05T18:29:29.317-0300] GC(1308) PSYoungGen: 26305K->769K(26624K)
[2020-08-05T18:29:29.317-0300] GC(1308) ParOldGen: 101411K->101411K(141824K)
[2020-08-05T18:29:29.317-0300] GC(1308) Metaspace: 118389K->118389K(1163264K)
[2020-08-05T18:29:29.317-0300] GC(1308) Pause Young (Allocation Failure) 124M->99M(164M) 3.195ms
[2020-08-05T18:29:29.317-0300] GC(1308) User=0.01s Sys=0.00s Real=0.00s
[2020-08-05T18:29:41.956-0300] GC(1309) Pause Young (Allocation Failure)
[2020-08-05T18:29:41.959-0300] GC(1309) PSYoungGen: 26358K->736K(26624K)
[2020-08-05T18:29:41.959-0300] GC(1309) ParOldGen: 101411K->101411K(141824K)
[2020-08-05T18:29:41.959-0300] GC(1309) Metaspace: 118389K->118389K(1163264K)
[2020-08-05T18:29:41.959-0300] GC(1309) Pause Young (Allocation Failure) 124M->99M(164M) 2.986ms
[2020-08-05T18:29:41.959-0300] GC(1309) User=0.01s Sys=0.00s Real=0.00s
[2020-08-05T18:30:10.771-0300] GC(1310) Pause Young (Allocation Failure)
[2020-08-05T18:30:10.774-0300] GC(1310) PSYoungGen: 26336K->1056K(27136K)
[2020-08-05T18:30:10.774-0300] GC(1310) ParOldGen: 101411K->101411K(141824K)
[2020-08-05T18:30:10.774-0300] GC(1310) Metaspace: 118389K->118389K(1163264K)
[2020-08-05T18:30:10.774-0300] GC(1310) Pause Young (Allocation Failure) 124M->100M(165M) 3.454ms
[2020-08-05T18:30:10.774-0300] GC(1310) User=0.01s Sys=0.00s Real=0.01s
[2020-08-05T18:30:34.852-0300] GC(1311) Pause Young (Allocation Failure)
[2020-08-05T18:30:34.855-0300] GC(1311) PSYoungGen: 26656K->1408K(27136K)
[2020-08-05T18:30:34.855-0300] GC(1311) ParOldGen: 101411K->101411K(141824K)
[2020-08-05T18:30:34.855-0300] GC(1311) Metaspace: 118389K->118389K(1163264K)
[2020-08-05T18:30:34.855-0300] GC(1311) Pause Young (Allocation Failure) 125M->100M(165M) 3.099ms
[2020-08-05T18:30:34.855-0300] GC(1311) User=0.01s Sys=0.00s Real=0.01s
[2020-08-05T18:30:51.293-0300] GC(1312) Pause Young (Allocation Failure)
[2020-08-05T18:30:51.296-0300] GC(1312) PSYoungGen: 27008K->1873K(27648K)
[2020-08-05T18:30:51.296-0300] GC(1312) ParOldGen: 101411K->101411K(141824K)
[2020-08-05T18:30:51.296-0300] GC(1312) Metaspace: 118390K->118390K(1163264K)
[2020-08-05T18:30:51.296-0300] GC(1312) Pause Young (Allocation Failure) 125M->100M(165M) 3.165ms
[2020-08-05T18:30:51.296-0300] GC(1312) User=0.01s Sys=0.00s Real=0.01s
[2020-08-05T18:31:07.270-0300] GC(1313) Pause Young (Allocation Failure)
[2020-08-05T18:31:07.273-0300] GC(1313) PSYoungGen: 27473K->2146K(28160K)
[2020-08-05T18:31:07.273-0300] GC(1313) ParOldGen: 101411K->101411K(141824K)
[2020-08-05T18:31:07.273-0300] GC(1313) Metaspace: 118390K->118390K(1163264K)
[2020-08-05T18:31:07.273-0300] GC(1313) Pause Young (Allocation Failure) 125M->101M(166M) 3.420ms
[2020-08-05T18:31:07.273-0300] GC(1313) User=0.01s Sys=0.00s Real=0.00s
[2020-08-05T18:31:23.927-0300] GC(1314) Pause Young (Allocation Failure)
[2020-08-05T18:31:23.930-0300] GC(1314) PSYoungGen: 27746K->2531K(28160K)
[2020-08-05T18:31:23.930-0300] GC(1314) ParOldGen: 101411K->101411K(141824K)
[2020-08-05T18:31:23.930-0300] GC(1314) Metaspace: 118390K->118390K(1163264K)
[2020-08-05T18:31:23.930-0300] GC(1314) Pause Young (Allocation Failure) 126M->101M(166M) 2.978ms
[2020-08-05T18:31:23.930-0300] GC(1314) User=0.01s Sys=0.00s Real=0.00s
[2020-08-05T18:31:34.804-0300] GC(1315) Pause Young (Allocation Failure)
[2020-08-05T18:31:34.807-0300] GC(1315) PSYoungGen: 28131K->2755K(28672K)
[2020-08-05T18:31:34.807-0300] GC(1315) ParOldGen: 101411K->101411K(141824K)
[2020-08-05T18:31:34.807-0300] GC(1315) Metaspace: 118390K->118390K(1163264K)
[2020-08-05T18:31:34.807-0300] GC(1315) Pause Young (Allocation Failure) 126M->101M(166M) 3.086ms
[2020-08-05T18:31:34.807-0300] GC(1315) User=0.01s Sys=0.00s Real=0.00s
[2020-08-05T18:31:36.942-0300] GC(1316) Pause Young (Allocation Failure)
[2020-08-05T18:31:36.944-0300] GC(1316) PSYoungGen: 28355K->3013K(28672K)
[2020-08-05T18:31:36.944-0300] GC(1316) ParOldGen: 101411K->101411K(141824K)
[2020-08-05T18:31:36.944-0300] GC(1316) Metaspace: 118390K->118390K(1163264K)
[2020-08-05T18:31:36.944-0300] GC(1316) Pause Young (Allocation Failure) 126M->101M(166M) 2.685ms
[2020-08-05T18:31:36.944-0300] GC(1316) User=0.01s Sys=0.00s Real=0.01s
[2020-08-05T18:31:38.819-0300] GC(1317) Pause Young (Allocation Failure)
[2020-08-05T18:31:38.823-0300] GC(1317) PSYoungGen: 28613K->3124K(29184K)
[2020-08-05T18:31:38.823-0300] GC(1317) ParOldGen: 101411K->101411K(141824K)
[2020-08-05T18:31:38.823-0300] GC(1317) Metaspace: 118390K->118390K(1163264K)
[2020-08-05T18:31:38.823-0300] GC(1317) Pause Young (Allocation Failure) 126M->102M(167M) 3.356ms
[2020-08-05T18:31:38.823-0300] GC(1317) User=0.00s Sys=0.00s Real=0.00s
[2020-08-05T18:32:05.847-0300] GC(1318) Pause Young (Allocation Failure)
[2020-08-05T18:32:05.853-0300] GC(1318) PSYoungGen: 28724K->2787K(28672K)
[2020-08-05T18:32:05.853-0300] GC(1318) ParOldGen: 101411K->101411K(141824K)
[2020-08-05T18:32:05.853-0300] GC(1318) Metaspace: 118390K->118390K(1163264K)
[2020-08-05T18:32:05.853-0300] GC(1318) Pause Young (Allocation Failure) 127M->101M(166M) 5.866ms
[2020-08-05T18:32:05.853-0300] GC(1318) User=0.01s Sys=0.00s Real=0.00s
[2020-08-05T18:32:33.383-0300] GC(1319) Pause Young (Allocation Failure)
[2020-08-05T18:32:33.386-0300] GC(1319) PSYoungGen: 28387K->2851K(28672K)
[2020-08-05T18:32:33.386-0300] GC(1319) ParOldGen: 101411K->101411K(141824K)
[2020-08-05T18:32:33.386-0300] GC(1319) Metaspace: 118391K->118391K(1163264K)
[2020-08-05T18:32:33.386-0300] GC(1319) Pause Young (Allocation Failure) 126M->101M(166M) 3.328ms
[2020-08-05T18:32:33.386-0300] GC(1319) User=0.01s Sys=0.01s Real=0.01s
[2020-08-05T18:32:53.746-0300] GC(1320) Pause Young (Allocation Failure)
[2020-08-05T18:32:53.749-0300] GC(1320) PSYoungGen: 28451K->3508K(29184K)
[2020-08-05T18:32:53.749-0300] GC(1320) ParOldGen: 101411K->101411K(141824K)
[2020-08-05T18:32:53.749-0300] GC(1320) Metaspace: 118393K->118393K(1163264K)
[2020-08-05T18:32:53.749-0300] GC(1320) Pause Young (Allocation Failure) 126M->102M(167M) 2.992ms
[2020-08-05T18:32:53.749-0300] GC(1320) User=0.00s Sys=0.00s Real=0.00s
[2020-08-05T18:33:22.508-0300] GC(1321) Pause Young (Allocation Failure)
[2020-08-05T18:33:22.512-0300] GC(1321) PSYoungGen: 29108K->3780K(29696K)
[2020-08-05T18:33:22.512-0300] GC(1321) ParOldGen: 101411K->101491K(141824K)
[2020-08-05T18:33:22.512-0300] GC(1321) Metaspace: 118393K->118393K(1163264K)
[2020-08-05T18:33:22.512-0300] GC(1321) Pause Young (Allocation Failure) 127M->102M(167M) 3.919ms
[2020-08-05T18:33:22.512-0300] GC(1321) User=0.01s Sys=0.00s Real=0.00s
[2020-08-05T18:33:43.514-0300] GC(1322) Pause Young (Allocation Failure)
[2020-08-05T18:33:43.520-0300] GC(1322) PSYoungGen: 29380K->2035K(27648K)
[2020-08-05T18:33:43.520-0300] GC(1322) ParOldGen: 101491K->103656K(141824K)
[2020-08-05T18:33:43.520-0300] GC(1322) Metaspace: 118393K->118393K(1163264K)
[2020-08-05T18:33:43.520-0300] GC(1322) Pause Young (Allocation Failure) 127M->103M(165M) 5.138ms
[2020-08-05T18:33:43.520-0300] GC(1322) User=0.00s Sys=0.00s Real=0.00s
[2020-08-05T18:34:12.932-0300] GC(1323) Pause Young (Allocation Failure)
[2020-08-05T18:34:12.937-0300] GC(1323) PSYoungGen: 27635K->2739K(28672K)
[2020-08-05T18:34:12.937-0300] GC(1323) ParOldGen: 103656K->103704K(141824K)
[2020-08-05T18:34:12.937-0300] GC(1323) Metaspace: 118393K->118393K(1163264K)
[2020-08-05T18:34:12.937-0300] GC(1323) Pause Young (Allocation Failure) 128M->103M(166M) 4.527ms
[2020-08-05T18:34:12.937-0300] GC(1323) User=0.01s Sys=0.00s Real=0.01s
[2020-08-05T18:34:39.959-0300] GC(1324) Pause Young (Allocation Failure)
[2020-08-05T18:34:39.962-0300] GC(1324) PSYoungGen: 28339K->3026K(28672K)
[2020-08-05T18:34:39.962-0300] GC(1324) ParOldGen: 103704K->103704K(141824K)
[2020-08-05T18:34:39.962-0300] GC(1324) Metaspace: 118393K->118393K(1163264K)
[2020-08-05T18:34:39.962-0300] GC(1324) Pause Young (Allocation Failure) 128M->104M(166M) 3.297ms
[2020-08-05T18:34:39.963-0300] GC(1324) User=0.01s Sys=0.00s Real=0.00s
[2020-08-05T18:35:02.468-0300] GC(1325) Pause Young (Allocation Failure)
[2020-08-05T18:35:02.474-0300] GC(1325) PSYoungGen: 28626K->3282K(29184K)
[2020-08-05T18:35:02.474-0300] GC(1325) ParOldGen: 103704K->103880K(141824K)
[2020-08-05T18:35:02.474-0300] GC(1325) Metaspace: 118393K->118393K(1163264K)
[2020-08-05T18:35:02.474-0300] GC(1325) Pause Young (Allocation Failure) 129M->104M(167M) 5.233ms
[2020-08-05T18:35:02.474-0300] GC(1325) User=0.01s Sys=0.00s Real=0.00s
[2020-08-05T18:35:31.008-0300] GC(1326) Pause Young (Allocation Failure)
[2020-08-05T18:35:31.013-0300] GC(1326) PSYoungGen: 28882K->3666K(29696K)
[2020-08-05T18:35:31.013-0300] GC(1326) ParOldGen: 103880K->103960K(141824K)
[2020-08-05T18:35:31.013-0300] GC(1326) Metaspace: 118393K->118393K(1163264K)
[2020-08-05T18:35:31.013-0300] GC(1326) Pause Young (Allocation Failure) 129M->105M(167M) 4.666ms
[2020-08-05T18:35:31.013-0300] GC(1326) User=0.01s Sys=0.00s Real=0.00s
[2020-08-05T18:35:51.155-0300] GC(1327) Pause Young (Allocation Failure)
[2020-08-05T18:35:51.159-0300] GC(1327) PSYoungGen: 29266K->3955K(29696K)
[2020-08-05T18:35:51.159-0300] GC(1327) ParOldGen: 103960K->104081K(141824K)
[2020-08-05T18:35:51.159-0300] GC(1327) Metaspace: 118393K->118393K(1163264K)
[2020-08-05T18:35:51.159-0300] GC(1327) Pause Young (Allocation Failure) 130M->105M(167M) 4.373ms
[2020-08-05T18:35:51.159-0300] GC(1327) User=0.01s Sys=0.00s Real=0.00s
[2020-08-05T18:36:07.065-0300] GC(1328) Pause Young (Allocation Failure)
[2020-08-05T18:36:07.069-0300] GC(1328) PSYoungGen: 29545K->2531K(28160K)
[2020-08-05T18:36:07.069-0300] GC(1328) ParOldGen: 104081K->105710K(141824K)
[2020-08-05T18:36:07.069-0300] GC(1328) Metaspace: 118393K->118393K(1163264K)
[2020-08-05T18:36:07.069-0300] GC(1328) Pause Young (Allocation Failure) 130M->105M(166M) 3.897ms
[2020-08-05T18:36:07.069-0300] GC(1328) User=0.01s Sys=0.00s Real=0.00s
[2020-08-05T18:36:13.979-0300] GC(1329) Pause Young (Allocation Failure)
[2020-08-05T18:36:13.982-0300] GC(1329) PSYoungGen: 28131K->2930K(28672K)
[2020-08-05T18:36:13.982-0300] GC(1329) ParOldGen: 105710K->105984K(141824K)
[2020-08-05T18:36:13.982-0300] GC(1329) Metaspace: 118393K->118393K(1163264K)
[2020-08-05T18:36:13.982-0300] GC(1329) Pause Young (Allocation Failure) 130M->106M(166M) 3.171ms
[2020-08-05T18:36:13.982-0300] GC(1329) User=0.01s Sys=0.00s Real=0.00s
[2020-08-05T18:36:16.136-0300] GC(1330) Pause Young (Allocation Failure)
[2020-08-05T18:36:16.139-0300] GC(1330) PSYoungGen: 28527K->2930K(28672K)
[2020-08-05T18:36:16.139-0300] GC(1330) ParOldGen: 105984K->105984K(141824K)
[2020-08-05T18:36:16.139-0300] GC(1330) Metaspace: 118393K->118393K(1163264K)
[2020-08-05T18:36:16.139-0300] GC(1330) Pause Young (Allocation Failure) 131M->106M(166M) 3.411ms
[2020-08-05T18:36:16.139-0300] GC(1330) User=0.01s Sys=0.00s Real=0.00s
[2020-08-05T18:36:18.110-0300] GC(1331) Pause Young (Allocation Failure)
[2020-08-05T18:36:18.114-0300] GC(1331) PSYoungGen: 28530K->2994K(28672K)
[2020-08-05T18:36:18.114-0300] GC(1331) ParOldGen: 105984K->106008K(141824K)
[2020-08-05T18:36:18.114-0300] GC(1331) Metaspace: 118393K->118393K(1163264K)
[2020-08-05T18:36:18.114-0300] GC(1331) Pause Young (Allocation Failure) 131M->106M(166M) 4.290ms
[2020-08-05T18:36:18.114-0300] GC(1331) User=0.01s Sys=0.00s Real=0.01s
[2020-08-05T18:36:19.848-0300] GC(1332) Pause Young (Allocation Failure)
[2020-08-05T18:36:19.851-0300] GC(1332) PSYoungGen: 28594K->3075K(29184K)
[2020-08-05T18:36:19.851-0300] GC(1332) ParOldGen: 106008K->106040K(141824K)
[2020-08-05T18:36:19.851-0300] GC(1332) Metaspace: 118393K->118393K(1163264K)
[2020-08-05T18:36:19.851-0300] GC(1332) Pause Young (Allocation Failure) 131M->106M(167M) 3.164ms
[2020-08-05T18:36:19.851-0300] GC(1332) User=0.01s Sys=0.00s Real=0.00s
[2020-08-05T18:36:44.846-0300] GC(1333) Pause Young (Allocation Failure)
[2020-08-05T18:36:44.850-0300] GC(1333) PSYoungGen: 28675K->2770K(28672K)
[2020-08-05T18:36:44.850-0300] GC(1333) ParOldGen: 106040K->106072K(141824K)
[2020-08-05T18:36:44.850-0300] GC(1333) Metaspace: 118393K->118393K(1163264K)
[2020-08-05T18:36:44.850-0300] GC(1333) Pause Young (Allocation Failure) 131M->106M(166M) 4.210ms
[2020-08-05T18:36:44.850-0300] GC(1333) User=0.01s Sys=0.00s Real=0.00s
[2020-08-05T18:37:14.845-0300] GC(1334) Pause Young (Allocation Failure)
[2020-08-05T18:37:14.848-0300] GC(1334) PSYoungGen: 28370K->2417K(28160K)
[2020-08-05T18:37:14.848-0300] GC(1334) ParOldGen: 106072K->106392K(141824K)
[2020-08-05T18:37:14.848-0300] GC(1334) Metaspace: 118393K->118393K(1163264K)
[2020-08-05T18:37:14.849-0300] GC(1334) Pause Young (Allocation Failure) 131M->106M(166M) 3.171ms
[2020-08-05T18:37:14.849-0300] GC(1334) User=0.01s Sys=0.00s Real=0.00s
[2020-08-05T18:37:33.085-0300] GC(1335) Pause Young (Allocation Failure)
[2020-08-05T18:37:33.088-0300] GC(1335) PSYoungGen: 28017K->2546K(28160K)
[2020-08-05T18:37:33.088-0300] GC(1335) ParOldGen: 106392K->106392K(141824K)
[2020-08-05T18:37:33.088-0300] GC(1335) Metaspace: 118400K->118400K(1163264K)
[2020-08-05T18:37:33.088-0300] GC(1335) Pause Young (Allocation Failure) 131M->106M(166M) 3.546ms
[2020-08-05T18:37:33.088-0300] GC(1335) User=0.01s Sys=0.00s Real=0.00s
[2020-08-05T18:38:03.975-0300] GC(1336) Pause Young (Allocation Failure)
[2020-08-05T18:38:03.978-0300] GC(1336) PSYoungGen: 28146K->2322K(28160K)
[2020-08-05T18:38:03.978-0300] GC(1336) ParOldGen: 106392K->106544K(141824K)
[2020-08-05T18:38:03.978-0300] GC(1336) Metaspace: 118400K->118400K(1163264K)
[2020-08-05T18:38:03.978-0300] GC(1336) Pause Young (Allocation Failure) 131M->106M(166M) 2.805ms
[2020-08-05T18:38:03.978-0300] GC(1336) User=0.01s Sys=0.00s Real=0.00s
[2020-08-05T18:38:24.175-0300] GC(1337) Pause Young (Allocation Failure)
[2020-08-05T18:38:24.179-0300] GC(1337) PSYoungGen: 27922K->2402K(28160K)
[2020-08-05T18:38:24.179-0300] GC(1337) ParOldGen: 106544K->106840K(141824K)
[2020-08-05T18:38:24.179-0300] GC(1337) Metaspace: 118400K->118400K(1163264K)
[2020-08-05T18:38:24.179-0300] GC(1337) Pause Young (Allocation Failure) 131M->106M(166M) 3.868ms
[2020-08-05T18:38:24.179-0300] GC(1337) User=0.01s Sys=0.00s Real=0.00s
[2020-08-05T18:38:53.974-0300] GC(1338) Pause Young (Allocation Failure)
[2020-08-05T18:38:53.977-0300] GC(1338) PSYoungGen: 28002K->2545K(28160K)
[2020-08-05T18:38:53.977-0300] GC(1338) ParOldGen: 106840K->107400K(141824K)
[2020-08-05T18:38:53.977-0300] GC(1338) Metaspace: 118400K->118400K(1163264K)
[2020-08-05T18:38:53.977-0300] GC(1338) Pause Young (Allocation Failure) 131M->107M(166M) 2.992ms
[2020-08-05T18:38:53.977-0300] GC(1338) User=0.00s Sys=0.00s Real=0.00s
[2020-08-05T18:39:21.561-0300] GC(1339) Pause Young (Allocation Failure)
[2020-08-05T18:39:21.565-0300] GC(1339) PSYoungGen: 28145K->2850K(28672K)
[2020-08-05T18:39:21.565-0300] GC(1339) ParOldGen: 107400K->107472K(141824K)
[2020-08-05T18:39:21.565-0300] GC(1339) Metaspace: 118400K->118400K(1163264K)
[2020-08-05T18:39:21.565-0300] GC(1339) Pause Young (Allocation Failure) 132M->107M(166M) 3.211ms
[2020-08-05T18:39:21.565-0300] GC(1339) User=0.00s Sys=0.00s Real=0.01s
[2020-08-05T18:39:37.488-0300] GC(1340) Pause Young (Allocation Failure)
[2020-08-05T18:39:37.491-0300] GC(1340) PSYoungGen: 28450K->2914K(28672K)
[2020-08-05T18:39:37.491-0300] GC(1340) ParOldGen: 107472K->107776K(141824K)
[2020-08-05T18:39:37.491-0300] GC(1340) Metaspace: 118400K->118400K(1163264K)
[2020-08-05T18:39:37.491-0300] GC(1340) Pause Young (Allocation Failure) 132M->108M(166M) 2.865ms
[2020-08-05T18:39:37.491-0300] GC(1340) User=0.01s Sys=0.00s Real=0.00s
[2020-08-05T18:39:54.194-0300] GC(1341) Pause Young (Allocation Failure)
[2020-08-05T18:39:54.197-0300] GC(1341) PSYoungGen: 28514K->3219K(29184K)
[2020-08-05T18:39:54.197-0300] GC(1341) ParOldGen: 107776K->107976K(141824K)
[2020-08-05T18:39:54.197-0300] GC(1341) Metaspace: 118400K->118400K(1163264K)
[2020-08-05T18:39:54.197-0300] GC(1341) Pause Young (Allocation Failure) 133M->108M(167M) 2.945ms
[2020-08-05T18:39:54.197-0300] GC(1341) User=0.01s Sys=0.00s Real=0.01s
[2020-08-05T18:40:10.972-0300] GC(1342) Pause Young (Allocation Failure)
[2020-08-05T18:40:10.976-0300] GC(1342) PSYoungGen: 28819K->2017K(27648K)
[2020-08-05T18:40:10.976-0300] GC(1342) ParOldGen: 107976K->109584K(141824K)
[2020-08-05T18:40:10.976-0300] GC(1342) Metaspace: 118400K->118400K(1163264K)
[2020-08-05T18:40:10.976-0300] GC(1342) Pause Young (Allocation Failure) 133M->108M(165M) 3.939ms
[2020-08-05T18:40:10.976-0300] GC(1342) User=0.01s Sys=0.00s Real=0.01s
[2020-08-05T18:40:28.240-0300] GC(1343) Pause Young (Allocation Failure)
[2020-08-05T18:40:28.244-0300] GC(1343) PSYoungGen: 27617K->2481K(28160K)
[2020-08-05T18:40:28.244-0300] GC(1343) ParOldGen: 109584K->109688K(141824K)
[2020-08-05T18:40:28.244-0300] GC(1343) Metaspace: 118400K->118400K(1163264K)
[2020-08-05T18:40:28.244-0300] GC(1343) Pause Young (Allocation Failure) 133M->109M(166M) 4.134ms
[2020-08-05T18:40:28.244-0300] GC(1343) User=0.00s Sys=0.00s Real=0.01s
[2020-08-05T18:40:44.971-0300] GC(1344) Pause Young (Allocation Failure)
[2020-08-05T18:40:44.975-0300] GC(1344) PSYoungGen: 28081K->2899K(28672K)
[2020-08-05T18:40:44.975-0300] GC(1344) ParOldGen: 109688K->109688K(141824K)
[2020-08-05T18:40:44.975-0300] GC(1344) Metaspace: 118400K->118400K(1163264K)
[2020-08-05T18:40:44.975-0300] GC(1344) Pause Young (Allocation Failure) 134M->109M(166M) 3.792ms
[2020-08-05T18:40:44.975-0300] GC(1344) User=0.01s Sys=0.00s Real=0.01s
[2020-08-05T18:41:01.987-0300] GC(1345) Pause Young (Allocation Failure)
[2020-08-05T18:41:01.992-0300] GC(1345) PSYoungGen: 28499K->3203K(29184K)
[2020-08-05T18:41:01.992-0300] GC(1345) ParOldGen: 109688K->109720K(141824K)
[2020-08-05T18:41:01.992-0300] GC(1345) Metaspace: 118400K->118400K(1163264K)
[2020-08-05T18:41:01.992-0300] GC(1345) Pause Young (Allocation Failure) 134M->110M(167M) 5.161ms
[2020-08-05T18:41:01.992-0300] GC(1345) User=0.01s Sys=0.00s Real=0.00s
[2020-08-05T18:41:14.276-0300] GC(1346) Pause Young (Allocation Failure)
[2020-08-05T18:41:14.279-0300] GC(1346) PSYoungGen: 28803K->2035K(27648K)
[2020-08-05T18:41:14.279-0300] GC(1346) ParOldGen: 109720K->111171K(141824K)
[2020-08-05T18:41:14.279-0300] GC(1346) Metaspace: 118400K->118400K(1163264K)
[2020-08-05T18:41:14.279-0300] GC(1346) Pause Young (Allocation Failure) 135M->110M(165M) 3.165ms
[2020-08-05T18:41:14.279-0300] GC(1346) User=0.01s Sys=0.00s Real=0.00s
[2020-08-05T18:41:30.289-0300] GC(1347) Pause Young (Allocation Failure)
[2020-08-05T18:41:30.292-0300] GC(1347) PSYoungGen: 27635K->2291K(28160K)
[2020-08-05T18:41:30.292-0300] GC(1347) ParOldGen: 111171K->111203K(141824K)
[2020-08-05T18:41:30.292-0300] GC(1347) Metaspace: 118400K->118400K(1163264K)
[2020-08-05T18:41:30.292-0300] GC(1347) Pause Young (Allocation Failure) 135M->110M(166M) 2.940ms
[2020-08-05T18:41:30.292-0300] GC(1347) User=0.01s Sys=0.00s Real=0.00s
[2020-08-05T18:41:49.303-0300] GC(1348) Pause Young (Allocation Failure)
[2020-08-05T18:41:49.306-0300] GC(1348) PSYoungGen: 27891K->2483K(28160K)
[2020-08-05T18:41:49.306-0300] GC(1348) ParOldGen: 111203K->111203K(141824K)
[2020-08-05T18:41:49.306-0300] GC(1348) Metaspace: 118400K->118400K(1163264K)
[2020-08-05T18:41:49.306-0300] GC(1348) Pause Young (Allocation Failure) 135M->111M(166M) 3.255ms
[2020-08-05T18:41:49.306-0300] GC(1348) User=0.01s Sys=0.00s Real=0.01s
[2020-08-05T18:42:00.969-0300] GC(1349) Pause Young (Allocation Failure)
[2020-08-05T18:42:00.971-0300] GC(1349) PSYoungGen: 28083K->2708K(28672K)
[2020-08-05T18:42:00.971-0300] GC(1349) ParOldGen: 111203K->111251K(141824K)
[2020-08-05T18:42:00.971-0300] GC(1349) Metaspace: 118400K->118400K(1163264K)
[2020-08-05T18:42:00.972-0300] GC(1349) Pause Young (Allocation Failure) 136M->111M(166M) 2.795ms
[2020-08-05T18:42:00.972-0300] GC(1349) User=0.00s Sys=0.00s Real=0.00s
[2020-08-05T18:42:03.399-0300] GC(1350) Pause Young (Allocation Failure)
[2020-08-05T18:42:03.403-0300] GC(1350) PSYoungGen: 28307K->2966K(28672K)
[2020-08-05T18:42:03.403-0300] GC(1350) ParOldGen: 111251K->111275K(141824K)
[2020-08-05T18:42:03.403-0300] GC(1350) Metaspace: 118400K->118400K(1163264K)
[2020-08-05T18:42:03.403-0300] GC(1350) Pause Young (Allocation Failure) 136M->111M(166M) 3.726ms
[2020-08-05T18:42:03.403-0300] GC(1350) User=0.00s Sys=0.00s Real=0.00s
[2020-08-05T18:42:05.337-0300] GC(1351) Pause Young (Allocation Failure)
[2020-08-05T18:42:05.340-0300] GC(1351) PSYoungGen: 28566K->3030K(28672K)
[2020-08-05T18:42:05.340-0300] GC(1351) ParOldGen: 111275K->111283K(141824K)
[2020-08-05T18:42:05.340-0300] GC(1351) Metaspace: 118400K->118400K(1163264K)
[2020-08-05T18:42:05.340-0300] GC(1351) Pause Young (Allocation Failure) 136M->111M(166M) 3.346ms
[2020-08-05T18:42:05.340-0300] GC(1351) User=0.00s Sys=0.00s Real=0.00s
[2020-08-05T18:42:09.457-0300] GC(1352) Pause Young (Allocation Failure)
[2020-08-05T18:42:09.461-0300] GC(1352) PSYoungGen: 28630K->2549K(28160K)
[2020-08-05T18:42:09.461-0300] GC(1352) ParOldGen: 111283K->111567K(141824K)
[2020-08-05T18:42:09.461-0300] GC(1352) Metaspace: 118400K->118400K(1163264K)
[2020-08-05T18:42:09.461-0300] GC(1352) Pause Young (Allocation Failure) 136M->111M(166M) 3.710ms
[2020-08-05T18:42:09.461-0300] GC(1352) User=0.01s Sys=0.00s Real=0.00s
[2020-08-05T18:42:34.969-0300] GC(1353) Pause Young (Allocation Failure)
[2020-08-05T18:42:34.973-0300] GC(1353) PSYoungGen: 28149K->1979K(27648K)
[2020-08-05T18:42:34.973-0300] GC(1353) ParOldGen: 111567K->112351K(141824K)
[2020-08-05T18:42:34.973-0300] GC(1353) Metaspace: 118408K->118408K(1163264K)
[2020-08-05T18:42:34.973-0300] GC(1353) Pause Young (Allocation Failure) 136M->111M(165M) 4.077ms
[2020-08-05T18:42:34.973-0300] GC(1353) User=0.00s Sys=0.00s Real=0.00s
[2020-08-05T18:43:04.969-0300] GC(1354) Pause Young (Allocation Failure)
[2020-08-05T18:43:04.975-0300] GC(1354) PSYoungGen: 27579K->1804K(27648K)
[2020-08-05T18:43:04.975-0300] GC(1354) ParOldGen: 112351K->112351K(141824K)
[2020-08-05T18:43:04.975-0300] GC(1354) Metaspace: 118408K->118408K(1163264K)
[2020-08-05T18:43:04.975-0300] GC(1354) Pause Young (Allocation Failure) 136M->111M(165M) 5.865ms
[2020-08-05T18:43:04.975-0300] GC(1354) User=0.01s Sys=0.00s Real=0.01s
[2020-08-05T18:43:21.386-0300] GC(1355) Pause Young (Allocation Failure)
[2020-08-05T18:43:21.390-0300] GC(1355) PSYoungGen: 27404K->2140K(28160K)
[2020-08-05T18:43:21.390-0300] GC(1355) ParOldGen: 112351K->112367K(141824K)
[2020-08-05T18:43:21.390-0300] GC(1355) Metaspace: 118408K->118408K(1163264K)
[2020-08-05T18:43:21.390-0300] GC(1355) Pause Young (Allocation Failure) 136M->111M(166M) 3.928ms
[2020-08-05T18:43:21.390-0300] GC(1355) User=0.01s Sys=0.00s Real=0.00s
[2020-08-05T18:43:38.969-0300] GC(1356) Pause Young (Allocation Failure)
[2020-08-05T18:43:38.972-0300] GC(1356) PSYoungGen: 27740K->2599K(28672K)
[2020-08-05T18:43:38.972-0300] GC(1356) ParOldGen: 112367K->112520K(141824K)
[2020-08-05T18:43:38.972-0300] GC(1356) Metaspace: 118408K->118408K(1163264K)
[2020-08-05T18:43:38.972-0300] GC(1356) Pause Young (Allocation Failure) 136M->112M(166M) 3.479ms
[2020-08-05T18:43:38.972-0300] GC(1356) User=0.01s Sys=0.00s Real=0.00s
[2020-08-05T18:43:49.868-0300] GC(1357) Pause Young (Allocation Failure)
[2020-08-05T18:43:49.873-0300] GC(1357) PSYoungGen: 28199K->4089K(29696K)
[2020-08-05T18:43:49.873-0300] GC(1357) ParOldGen: 112520K->113396K(141824K)
[2020-08-05T18:43:49.873-0300] GC(1357) Metaspace: 118409K->118409K(1163264K)
[2020-08-05T18:43:49.873-0300] GC(1357) Pause Young (Allocation Failure) 137M->114M(167M) 4.337ms
[2020-08-05T18:43:49.873-0300] GC(1357) User=0.01s Sys=0.00s Real=0.00s
[2020-08-05T18:44:05.507-0300] GC(1358) Pause Young (Allocation Failure)
[2020-08-05T18:44:05.510-0300] GC(1358) PSYoungGen: 29689K->1521K(27136K)
[2020-08-05T18:44:05.510-0300] GC(1358) ParOldGen: 113396K->115398K(141824K)
[2020-08-05T18:44:05.510-0300] GC(1358) Metaspace: 118409K->118409K(1163264K)
[2020-08-05T18:44:05.510-0300] GC(1358) Pause Young (Allocation Failure) 139M->114M(165M) 3.334ms
[2020-08-05T18:44:05.510-0300] GC(1358) User=0.01s Sys=0.00s Real=0.00s
[2020-08-05T18:44:21.356-0300] GC(1359) Pause Young (Allocation Failure)
[2020-08-05T18:44:21.359-0300] GC(1359) PSYoungGen: 27121K->1794K(27648K)
[2020-08-05T18:44:21.359-0300] GC(1359) ParOldGen: 115398K->115518K(141824K)
[2020-08-05T18:44:21.359-0300] GC(1359) Metaspace: 118410K->118410K(1163264K)
[2020-08-05T18:44:21.359-0300] GC(1359) Pause Young (Allocation Failure) 139M->114M(165M) 3.119ms
[2020-08-05T18:44:21.359-0300] GC(1359) User=0.01s Sys=0.00s Real=0.00s
[2020-08-05T18:44:30.633-0300] GC(1360) Pause Young (Allocation Failure)
[2020-08-05T18:44:30.638-0300] GC(1360) PSYoungGen: 27394K->2324K(28160K)
[2020-08-05T18:44:30.638-0300] GC(1360) ParOldGen: 115518K->115518K(141824K)
[2020-08-05T18:44:30.638-0300] GC(1360) Metaspace: 118415K->118415K(1163264K)
[2020-08-05T18:44:30.638-0300] GC(1360) Pause Young (Allocation Failure) 139M->115M(166M) 4.261ms
[2020-08-05T18:44:30.638-0300] GC(1360) User=0.01s Sys=0.00s Real=0.01s
[2020-08-05T18:44:30.728-0300] GC(1361) Pause Young (Allocation Failure)
[2020-08-05T18:44:30.731-0300] GC(1361) PSYoungGen: 27924K->3179K(29184K)
[2020-08-05T18:44:30.731-0300] GC(1361) ParOldGen: 115518K->115518K(141824K)
[2020-08-05T18:44:30.731-0300] GC(1361) Metaspace: 118483K->118483K(1163264K)
[2020-08-05T18:44:30.731-0300] GC(1361) Pause Young (Allocation Failure) 140M->115M(167M) 3.142ms
[2020-08-05T18:44:30.731-0300] GC(1361) User=0.01s Sys=0.00s Real=0.00s
[2020-08-05T18:44:30.785-0300] GC(1362) Pause Young (Allocation Failure)
[2020-08-05T18:44:30.789-0300] GC(1362) PSYoungGen: 28519K->3575K(34304K)
[2020-08-05T18:44:30.789-0300] GC(1362) ParOldGen: 115518K->116164K(141824K)
[2020-08-05T18:44:30.789-0300] GC(1362) Metaspace: 118512K->118512K(1163264K)
[2020-08-05T18:44:30.789-0300] GC(1362) Pause Young (Allocation Failure) 140M->116M(172M) 4.512ms
[2020-08-05T18:44:30.789-0300] GC(1362) User=0.00s Sys=0.00s Real=0.00s
[2020-08-05T18:44:31.249-0300] GC(1363) Pause Young (Allocation Failure)
[2020-08-05T18:44:31.253-0300] GC(1363) PSYoungGen: 34295K->3283K(40448K)
[2020-08-05T18:44:31.254-0300] GC(1363) ParOldGen: 116164K->116188K(141824K)
[2020-08-05T18:44:31.254-0300] GC(1363) Metaspace: 118527K->118527K(1163264K)
[2020-08-05T18:44:31.254-0300] GC(1363) Pause Young (Allocation Failure) 146M->116M(178M) 4.508ms
[2020-08-05T18:44:31.254-0300] GC(1363) User=0.01s Sys=0.00s Real=0.00s
[2020-08-05T18:44:34.147-0300] GC(1364) Pause Young (Allocation Failure)
[2020-08-05T18:44:34.151-0300] GC(1364) PSYoungGen: 40147K->3315K(48128K)
[2020-08-05T18:44:34.151-0300] GC(1364) ParOldGen: 116188K->116212K(141824K)
[2020-08-05T18:44:34.151-0300] GC(1364) Metaspace: 118612K->118612K(1163264K)
[2020-08-05T18:44:34.151-0300] GC(1364) Pause Young (Allocation Failure) 152M->116M(185M) 3.938ms
[2020-08-05T18:44:34.151-0300] GC(1364) User=0.01s Sys=0.00s Real=0.00s
[2020-08-05T18:44:46.623-0300] GC(1365) Pause Young (Allocation Failure)
[2020-08-05T18:44:46.628-0300] GC(1365) PSYoungGen: 47859K->3717K(57344K)
[2020-08-05T18:44:46.628-0300] GC(1365) ParOldGen: 116212K->116236K(141824K)
[2020-08-05T18:44:46.628-0300] GC(1365) Metaspace: 118623K->118623K(1163264K)
[2020-08-05T18:44:46.628-0300] GC(1365) Pause Young (Allocation Failure) 160M->117M(194M) 4.248ms
[2020-08-05T18:44:46.628-0300] GC(1365) User=0.01s Sys=0.00s Real=0.01s
[2020-08-05T18:45:18.476-0300] GC(1366) Pause Young (Allocation Failure)
[2020-08-05T18:45:18.480-0300] GC(1366) PSYoungGen: 56965K->3061K(54784K)
[2020-08-05T18:45:18.480-0300] GC(1366) ParOldGen: 116236K->117569K(141824K)
[2020-08-05T18:45:18.480-0300] GC(1366) Metaspace: 118623K->118623K(1163264K)
[2020-08-05T18:45:18.480-0300] GC(1366) Pause Young (Allocation Failure) 169M->117M(192M) 3.884ms
[2020-08-05T18:45:18.480-0300] GC(1366) User=0.01s Sys=0.00s Real=0.00s
[2020-08-05T18:45:45.879-0300] GC(1367) Pause Young (Allocation Failure)
[2020-08-05T18:45:45.884-0300] GC(1367) PSYoungGen: 54773K->3076K(54272K)
[2020-08-05T18:45:45.884-0300] GC(1367) ParOldGen: 117569K->118411K(141824K)
[2020-08-05T18:45:45.884-0300] GC(1367) Metaspace: 118623K->118623K(1163264K)
[2020-08-05T18:45:45.884-0300] GC(1367) Pause Young (Allocation Failure) 168M->118M(191M) 4.598ms
[2020-08-05T18:45:45.884-0300] GC(1367) User=0.01s Sys=0.00s Real=0.00s
[2020-08-05T18:45:50.152-0300] GC(1368) Pause Young (Allocation Failure)
[2020-08-05T18:45:50.157-0300] GC(1368) PSYoungGen: 53764K->3012K(52736K)
[2020-08-05T18:45:50.157-0300] GC(1368) ParOldGen: 118411K->118932K(141824K)
[2020-08-05T18:45:50.157-0300] GC(1368) Metaspace: 118623K->118623K(1163264K)
[2020-08-05T18:45:50.157-0300] GC(1368) Pause Young (Allocation Failure) 168M->119M(190M) 4.675ms
[2020-08-05T18:45:50.157-0300] GC(1368) User=0.01s Sys=0.00s Real=0.01s
[2020-08-05T18:46:24.847-0300] GC(1369) Pause Young (Allocation Failure)
[2020-08-05T18:46:24.853-0300] GC(1369) PSYoungGen: 52676K->2580K(51712K)
[2020-08-05T18:46:24.853-0300] GC(1369) ParOldGen: 118932K->119259K(141824K)
[2020-08-05T18:46:24.853-0300] GC(1369) Metaspace: 118623K->118623K(1163264K)
[2020-08-05T18:46:24.853-0300] GC(1369) Pause Young (Allocation Failure) 167M->118M(189M) 5.870ms
[2020-08-05T18:46:24.853-0300] GC(1369) User=0.01s Sys=0.00s Real=0.00s
[2020-08-05T18:47:07.303-0300] GC(1370) Pause Young (Allocation Failure)
[2020-08-05T18:47:07.306-0300] GC(1370) PSYoungGen: 51220K->2549K(51712K)
[2020-08-05T18:47:07.306-0300] GC(1370) ParOldGen: 119259K->119379K(141824K)
[2020-08-05T18:47:07.306-0300] GC(1370) Metaspace: 118623K->118623K(1163264K)
[2020-08-05T18:47:07.306-0300] GC(1370) Pause Young (Allocation Failure) 166M->119M(189M) 3.281ms
[2020-08-05T18:47:07.306-0300] GC(1370) User=0.01s Sys=0.00s Real=0.01s
[2020-08-05T18:47:27.959-0300] GC(1371) Pause Young (Allocation Failure)
[2020-08-05T18:47:27.962-0300] GC(1371) PSYoungGen: 50165K->1875K(48640K)
[2020-08-05T18:47:27.962-0300] GC(1371) ParOldGen: 119379K->120510K(141824K)
[2020-08-05T18:47:27.962-0300] GC(1371) Metaspace: 118659K->118659K(1163264K)
[2020-08-05T18:47:27.962-0300] GC(1371) Pause Young (Allocation Failure) 165M->119M(186M) 3.456ms
[2020-08-05T18:47:27.962-0300] GC(1371) User=0.01s Sys=0.00s Real=0.00s
[2020-08-05T18:47:59.620-0300] GC(1372) Pause Young (Allocation Failure)
[2020-08-05T18:47:59.624-0300] GC(1372) PSYoungGen: 48467K->1139K(49664K)
[2020-08-05T18:47:59.624-0300] GC(1372) ParOldGen: 120510K->121303K(141824K)
[2020-08-05T18:47:59.624-0300] GC(1372) Metaspace: 118659K->118659K(1163264K)
[2020-08-05T18:47:59.624-0300] GC(1372) Pause Young (Allocation Failure) 165M->119M(187M) 3.710ms
[2020-08-05T18:47:59.624-0300] GC(1372) User=0.01s Sys=0.00s Real=0.01s
[2020-08-05T18:48:26.599-0300] GC(1373) Pause Young (Allocation Failure)
[2020-08-05T18:48:26.602-0300] GC(1373) PSYoungGen: 46707K->1459K(46080K)
[2020-08-05T18:48:26.602-0300] GC(1373) ParOldGen: 121303K->121777K(141824K)
[2020-08-05T18:48:26.602-0300] GC(1373) Metaspace: 118674K->118674K(1163264K)
[2020-08-05T18:48:26.603-0300] GC(1373) Pause Young (Allocation Failure) 164M->120M(183M) 3.923ms
[2020-08-05T18:48:26.603-0300] GC(1373) User=0.01s Sys=0.00s Real=0.00s
[2020-08-05T18:48:49.848-0300] GC(1374) Pause Young (Allocation Failure)
[2020-08-05T18:48:49.852-0300] GC(1374) PSYoungGen: 46003K->1463K(47616K)
[2020-08-05T18:48:49.852-0300] GC(1374) ParOldGen: 121777K->122272K(141824K)
[2020-08-05T18:48:49.852-0300] GC(1374) Metaspace: 118674K->118674K(1163264K)
[2020-08-05T18:48:49.852-0300] GC(1374) Pause Young (Allocation Failure) 163M->120M(185M) 3.796ms
[2020-08-05T18:48:49.852-0300] GC(1374) User=0.01s Sys=0.00s Real=0.00s
[2020-08-05T18:49:28.678-0300] GC(1375) Pause Young (Allocation Failure)
[2020-08-05T18:49:28.682-0300] GC(1375) PSYoungGen: 44983K->880K(43520K)
[2020-08-05T18:49:28.682-0300] GC(1375) ParOldGen: 122272K->123562K(141824K)
[2020-08-05T18:49:28.682-0300] GC(1375) Metaspace: 118674K->118674K(1163264K)
[2020-08-05T18:49:28.682-0300] GC(1375) Pause Young (Allocation Failure) 163M->121M(181M) 3.831ms
[2020-08-05T18:49:28.682-0300] GC(1375) User=0.00s Sys=0.00s Real=0.00s
[2020-08-05T18:49:49.846-0300] GC(1376) Pause Young (Allocation Failure)
[2020-08-05T18:49:49.849-0300] GC(1376) PSYoungGen: 43376K->1345K(45568K)
[2020-08-05T18:49:49.849-0300] GC(1376) ParOldGen: 123562K->123562K(141824K)
[2020-08-05T18:49:49.849-0300] GC(1376) Metaspace: 118674K->118674K(1163264K)
[2020-08-05T18:49:49.849-0300] GC(1376) Pause Young (Allocation Failure) 163M->121M(183M) 3.374ms
[2020-08-05T18:49:49.849-0300] GC(1376) User=0.01s Sys=0.00s Real=0.00s
[2020-08-05T18:50:16.834-0300] GC(1377) Pause Young (Allocation Failure)
[2020-08-05T18:50:16.838-0300] GC(1377) PSYoungGen: 42817K->2083K(43008K)
[2020-08-05T18:50:16.838-0300] GC(1377) ParOldGen: 123562K->123562K(141824K)
[2020-08-05T18:50:16.838-0300] GC(1377) Metaspace: 118674K->118674K(1163264K)
[2020-08-05T18:50:16.838-0300] GC(1377) Pause Young (Allocation Failure) 162M->122M(180M) 3.455ms
[2020-08-05T18:50:16.838-0300] GC(1377) User=0.01s Sys=0.00s Real=0.00s
[2020-08-05T18:50:43.022-0300] GC(1378) Pause Young (Allocation Failure)
[2020-08-05T18:50:43.026-0300] GC(1378) PSYoungGen: 42530K->2772K(43008K)
[2020-08-05T18:50:43.026-0300] GC(1378) ParOldGen: 123562K->123562K(141824K)
[2020-08-05T18:50:43.026-0300] GC(1378) Metaspace: 118674K->118674K(1163264K)
[2020-08-05T18:50:43.026-0300] GC(1378) Pause Young (Allocation Failure) 162M->123M(180M) 4.314ms
[2020-08-05T18:50:43.026-0300] GC(1378) User=0.01s Sys=0.01s Real=0.01s
[2020-08-05T18:51:09.412-0300] GC(1379) Pause Young (Allocation Failure)
[2020-08-05T18:51:09.415-0300] GC(1379) PSYoungGen: 42196K->3189K(43520K)
[2020-08-05T18:51:09.415-0300] GC(1379) ParOldGen: 123562K->123562K(141824K)
[2020-08-05T18:51:09.415-0300] GC(1379) Metaspace: 118674K->118674K(1163264K)
[2020-08-05T18:51:09.415-0300] GC(1379) Pause Young (Allocation Failure) 161M->123M(181M) 3.279ms
[2020-08-05T18:51:09.415-0300] GC(1379) User=0.00s Sys=0.00s Real=0.01s
[2020-08-05T18:51:30.753-0300] GC(1380) Pause Young (Allocation Failure)
[2020-08-05T18:51:30.756-0300] GC(1380) PSYoungGen: 42101K->3510K(43008K)
[2020-08-05T18:51:30.756-0300] GC(1380) ParOldGen: 123562K->123562K(141824K)
[2020-08-05T18:51:30.756-0300] GC(1380) Metaspace: 118674K->118674K(1163264K)
[2020-08-05T18:51:30.756-0300] GC(1380) Pause Young (Allocation Failure) 161M->124M(180M) 3.577ms
[2020-08-05T18:51:30.756-0300] GC(1380) User=0.01s Sys=0.00s Real=0.01s
[2020-08-05T18:51:38.942-0300] GC(1381) Pause Young (Allocation Failure)
[2020-08-05T18:51:38.947-0300] GC(1381) PSYoungGen: 41910K->3960K(43008K)
[2020-08-05T18:51:38.947-0300] GC(1381) ParOldGen: 123562K->123562K(141824K)
[2020-08-05T18:51:38.947-0300] GC(1381) Metaspace: 118675K->118675K(1163264K)
[2020-08-05T18:51:38.947-0300] GC(1381) Pause Young (Allocation Failure) 161M->124M(180M) 5.239ms
[2020-08-05T18:51:38.947-0300] GC(1381) User=0.01s Sys=0.00s Real=0.01s
[2020-08-05T18:51:41.827-0300] GC(1382) Pause Young (Allocation Failure)
[2020-08-05T18:51:41.830-0300] GC(1382) PSYoungGen: 41848K->4055K(42496K)
[2020-08-05T18:51:41.830-0300] GC(1382) ParOldGen: 123562K->123562K(141824K)
[2020-08-05T18:51:41.830-0300] GC(1382) Metaspace: 118675K->118675K(1163264K)
[2020-08-05T18:51:41.830-0300] GC(1382) Pause Young (Allocation Failure) 161M->124M(180M) 3.388ms
[2020-08-05T18:51:41.831-0300] GC(1382) User=0.01s Sys=0.00s Real=0.00s
[2020-08-05T18:51:44.788-0300] GC(1383) Pause Young (Allocation Failure)
[2020-08-05T18:51:44.792-0300] GC(1383) PSYoungGen: 41431K->4167K(42496K)
[2020-08-05T18:51:44.792-0300] GC(1383) ParOldGen: 123562K->123562K(141824K)
[2020-08-05T18:51:44.792-0300] GC(1383) Metaspace: 118675K->118675K(1163264K)
[2020-08-05T18:51:44.792-0300] GC(1383) Pause Young (Allocation Failure) 161M->124M(180M) 3.340ms
[2020-08-05T18:51:44.792-0300] GC(1383) User=0.01s Sys=0.00s Real=0.00s
[2020-08-05T18:52:19.848-0300] GC(1384) Pause Young (Allocation Failure)
[2020-08-05T18:52:19.852-0300] GC(1384) PSYoungGen: 41031K->4023K(41984K)
[2020-08-05T18:52:19.852-0300] GC(1384) ParOldGen: 123562K->123570K(141824K)
[2020-08-05T18:52:19.852-0300] GC(1384) Metaspace: 118678K->118678K(1163264K)
[2020-08-05T18:52:19.852-0300] GC(1384) Pause Young (Allocation Failure) 160M->124M(179M) 4.298ms
[2020-08-05T18:52:19.853-0300] GC(1384) User=0.01s Sys=0.00s Real=0.00s
[2020-08-05T18:52:54.751-0300] GC(1385) Pause Young (Allocation Failure)
[2020-08-05T18:52:54.755-0300] GC(1385) PSYoungGen: 40375K->3833K(39936K)
[2020-08-05T18:52:54.755-0300] GC(1385) ParOldGen: 123570K->123570K(141824K)
[2020-08-05T18:52:54.755-0300] GC(1385) Metaspace: 118678K->118678K(1163264K)
[2020-08-05T18:52:54.755-0300] GC(1385) Pause Young (Allocation Failure) 160M->124M(177M) 3.767ms
[2020-08-05T18:52:54.755-0300] GC(1385) User=0.01s Sys=0.00s Real=0.01s
[2020-08-05T18:53:16.725-0300] GC(1386) Pause Young (Allocation Failure)
[2020-08-05T18:53:16.729-0300] GC(1386) PSYoungGen: 39673K->4202K(40960K)
[2020-08-05T18:53:16.729-0300] GC(1386) ParOldGen: 123570K->123570K(141824K)
[2020-08-05T18:53:16.729-0300] GC(1386) Metaspace: 118678K->118678K(1163264K)
[2020-08-05T18:53:16.729-0300] GC(1386) Pause Young (Allocation Failure) 159M->124M(178M) 3.760ms
[2020-08-05T18:53:16.729-0300] GC(1386) User=0.00s Sys=0.00s Real=0.00s
[2020-08-05T18:53:39.846-0300] GC(1387) Pause Young (Allocation Failure)
[2020-08-05T18:53:39.850-0300] GC(1387) PSYoungGen: 39530K->5099K(40960K)
[2020-08-05T18:53:39.850-0300] GC(1387) ParOldGen: 123570K->123570K(141824K)
[2020-08-05T18:53:39.850-0300] GC(1387) Metaspace: 118678K->118678K(1163264K)
[2020-08-05T18:53:39.850-0300] GC(1387) Pause Young (Allocation Failure) 159M->125M(178M) 3.733ms
[2020-08-05T18:53:39.850-0300] GC(1387) User=0.01s Sys=0.00s Real=0.00s
[2020-08-05T18:54:03.419-0300] GC(1388) Pause Young (Allocation Failure)
[2020-08-05T18:54:03.422-0300] GC(1388) PSYoungGen: 39915K->5867K(40960K)
[2020-08-05T18:54:03.422-0300] GC(1388) ParOldGen: 123570K->123570K(141824K)
[2020-08-05T18:54:03.422-0300] GC(1388) Metaspace: 118678K->118678K(1163264K)
[2020-08-05T18:54:03.422-0300] GC(1388) Pause Young (Allocation Failure) 159M->126M(178M) 3.406ms
[2020-08-05T18:54:03.423-0300] GC(1388) User=0.01s Sys=0.00s Real=0.00s
[2020-08-05T18:54:25.447-0300] GC(1389) Pause Young (Allocation Failure)
[2020-08-05T18:54:25.452-0300] GC(1389) PSYoungGen: 40171K->6285K(40960K)
[2020-08-05T18:54:25.452-0300] GC(1389) ParOldGen: 123570K->123570K(141824K)
[2020-08-05T18:54:25.452-0300] GC(1389) Metaspace: 118678K->118678K(1163264K)
[2020-08-05T18:54:25.453-0300] GC(1389) Pause Young (Allocation Failure) 159M->126M(178M) 5.116ms
[2020-08-05T18:54:25.453-0300] GC(1389) User=0.02s Sys=0.00s Real=0.00s
[2020-08-05T18:54:41.815-0300] GC(1390) Pause Young (Allocation Failure)
[2020-08-05T18:54:41.819-0300] GC(1390) PSYoungGen: 40077K->5982K(40960K)
[2020-08-05T18:54:41.819-0300] GC(1390) ParOldGen: 123570K->124242K(141824K)
[2020-08-05T18:54:41.819-0300] GC(1390) Metaspace: 118678K->118678K(1163264K)
[2020-08-05T18:54:41.819-0300] GC(1390) Pause Young (Allocation Failure) 159M->127M(178M) 3.637ms
[2020-08-05T18:54:41.819-0300] GC(1390) User=0.01s Sys=0.00s Real=0.00s
[2020-08-05T18:55:04.846-0300] GC(1391) Pause Young (Allocation Failure)
[2020-08-05T18:55:04.850-0300] GC(1391) PSYoungGen: 39262K->6142K(40960K)
[2020-08-05T18:55:04.850-0300] GC(1391) ParOldGen: 124242K->124611K(141824K)
[2020-08-05T18:55:04.850-0300] GC(1391) Metaspace: 118678K->118678K(1163264K)
[2020-08-05T18:55:04.850-0300] GC(1391) Pause Young (Allocation Failure) 159M->127M(178M) 4.136ms
[2020-08-05T18:55:04.850-0300] GC(1391) User=0.01s Sys=0.00s Real=0.00s
[2020-08-05T18:55:24.553-0300] GC(1392) Pause Young (Allocation Failure)
[2020-08-05T18:55:24.557-0300] GC(1392) PSYoungGen: 38910K->5997K(40448K)
[2020-08-05T18:55:24.557-0300] GC(1392) ParOldGen: 124611K->125317K(141824K)
[2020-08-05T18:55:24.557-0300] GC(1392) Metaspace: 118678K->118678K(1163264K)
[2020-08-05T18:55:24.557-0300] GC(1392) Pause Young (Allocation Failure) 159M->128M(178M) 4.367ms
[2020-08-05T18:55:24.557-0300] GC(1392) User=0.01s Sys=0.00s Real=0.01s
[2020-08-05T18:55:26.950-0300] GC(1393) Pause Young (Allocation Failure)
[2020-08-05T18:55:26.955-0300] GC(1393) PSYoungGen: 38253K->5597K(37376K)
[2020-08-05T18:55:26.955-0300] GC(1393) ParOldGen: 125317K->125958K(141824K)
[2020-08-05T18:55:26.955-0300] GC(1393) Metaspace: 118678K->118678K(1163264K)
[2020-08-05T18:55:26.955-0300] GC(1393) Pause Young (Allocation Failure) 159M->128M(175M) 4.408ms
[2020-08-05T18:55:26.955-0300] GC(1393) User=0.01s Sys=0.00s Real=0.01s
[2020-08-05T18:55:29.820-0300] GC(1394) Pause Young (Allocation Failure)
[2020-08-05T18:55:29.823-0300] GC(1394) PSYoungGen: 37341K->5307K(39424K)
[2020-08-05T18:55:29.824-0300] GC(1394) ParOldGen: 125958K->126488K(141824K)
[2020-08-05T18:55:29.824-0300] GC(1394) Metaspace: 118678K->118678K(1163264K)
[2020-08-05T18:55:29.824-0300] GC(1394) Pause Young (Allocation Failure) 159M->128M(177M) 3.582ms
[2020-08-05T18:55:29.824-0300] GC(1394) User=0.01s Sys=0.00s Real=0.00s
[2020-08-05T18:55:48.081-0300] GC(1395) Pause Young (Allocation Failure)
[2020-08-05T18:55:48.084-0300] GC(1395) PSYoungGen: 36539K->4937K(35840K)
[2020-08-05T18:55:48.084-0300] GC(1395) ParOldGen: 126488K->126769K(141824K)
[2020-08-05T18:55:48.084-0300] GC(1395) Metaspace: 118678K->118678K(1163264K)
[2020-08-05T18:55:48.084-0300] GC(1395) Pause Young (Allocation Failure) 159M->128M(173M) 3.495ms
[2020-08-05T18:55:48.084-0300] GC(1395) User=0.01s Sys=0.00s Real=0.01s
[2020-08-05T18:56:22.905-0300] GC(1396) Pause Young (Allocation Failure)
[2020-08-05T18:56:22.910-0300] GC(1396) PSYoungGen: 35657K->5114K(37888K)
[2020-08-05T18:56:22.910-0300] GC(1396) ParOldGen: 126769K->126858K(141824K)
[2020-08-05T18:56:22.910-0300] GC(1396) Metaspace: 118678K->118678K(1163264K)
[2020-08-05T18:56:22.910-0300] GC(1396) Pause Young (Allocation Failure) 158M->128M(175M) 4.397ms
[2020-08-05T18:56:22.910-0300] GC(1396) User=0.01s Sys=0.00s Real=0.00s
[2020-08-05T18:56:44.849-0300] GC(1397) Pause Young (Allocation Failure)
[2020-08-05T18:56:44.854-0300] GC(1397) PSYoungGen: 35322K->5210K(35328K)
[2020-08-05T18:56:44.854-0300] GC(1397) ParOldGen: 126858K->126906K(141824K)
[2020-08-05T18:56:44.854-0300] GC(1397) Metaspace: 118678K->118678K(1163264K)
[2020-08-05T18:56:44.854-0300] GC(1397) Pause Young (Allocation Failure) 158M->129M(173M) 4.655ms
[2020-08-05T18:56:44.854-0300] GC(1397) User=0.01s Sys=0.00s Real=0.01s
[2020-08-05T18:57:02.801-0300] GC(1398) Pause Young (Allocation Failure)
[2020-08-05T18:57:02.804-0300] GC(1398) PSYoungGen: 34906K->5371K(36864K)
[2020-08-05T18:57:02.804-0300] GC(1398) ParOldGen: 126906K->126946K(141824K)
[2020-08-05T18:57:02.804-0300] GC(1398) Metaspace: 118678K->118678K(1163264K)
[2020-08-05T18:57:02.804-0300] GC(1398) Pause Young (Allocation Failure) 158M->129M(174M) 3.797ms
[2020-08-05T18:57:02.804-0300] GC(1398) User=0.01s Sys=0.00s Real=0.01s
[2020-08-05T18:57:05.043-0300] GC(1399) Pause Young (Allocation Failure)
[2020-08-05T18:57:05.047-0300] GC(1399) PSYoungGen: 34555K->5629K(34304K)
[2020-08-05T18:57:05.047-0300] GC(1399) ParOldGen: 126946K->127002K(141824K)
[2020-08-05T18:57:05.047-0300] GC(1399) Metaspace: 118678K->118678K(1163264K)
[2020-08-05T18:57:05.047-0300] GC(1399) Pause Young (Allocation Failure) 157M->129M(172M) 4.391ms
[2020-08-05T18:57:05.048-0300] GC(1399) User=0.01s Sys=0.00s Real=0.01s
[2020-08-05T18:57:07.650-0300] GC(1400) Pause Young (Allocation Failure)
[2020-08-05T18:57:07.653-0300] GC(1400) PSYoungGen: 34301K->5580K(35840K)
[2020-08-05T18:57:07.653-0300] GC(1400) ParOldGen: 127002K->127154K(141824K)
[2020-08-05T18:57:07.653-0300] GC(1400) Metaspace: 118678K->118678K(1163264K)
[2020-08-05T18:57:07.653-0300] GC(1400) Pause Young (Allocation Failure) 157M->129M(173M) 3.696ms
[2020-08-05T18:57:07.654-0300] GC(1400) User=0.01s Sys=0.00s Real=0.00s
[2020-08-05T18:57:09.824-0300] GC(1401) Pause Young (Allocation Failure)
[2020-08-05T18:57:09.828-0300] GC(1401) PSYoungGen: 33740K->5307K(33280K)
[2020-08-05T18:57:09.828-0300] GC(1401) ParOldGen: 127154K->127532K(141824K)
[2020-08-05T18:57:09.828-0300] GC(1401) Metaspace: 118678K->118678K(1163264K)
[2020-08-05T18:57:09.828-0300] GC(1401) Pause Young (Allocation Failure) 157M->129M(171M) 4.151ms
[2020-08-05T18:57:09.828-0300] GC(1401) User=0.01s Sys=0.00s Real=0.01s
[2020-08-05T18:57:27.530-0300] GC(1402) Pause Young (Allocation Failure)
[2020-08-05T18:57:27.536-0300] GC(1402) PSYoungGen: 32955K->3526K(34304K)
[2020-08-05T18:57:27.536-0300] GC(1402) ParOldGen: 127532K->129167K(141824K)
[2020-08-05T18:57:27.536-0300] GC(1402) Metaspace: 118680K->118680K(1163264K)
[2020-08-05T18:57:27.536-0300] GC(1402) Pause Young (Allocation Failure) 156M->129M(172M) 5.619ms
[2020-08-05T18:57:27.536-0300] GC(1402) User=0.01s Sys=0.00s Real=0.01s
[2020-08-05T18:57:58.979-0300] GC(1403) Pause Young (Allocation Failure)
[2020-08-05T18:57:58.983-0300] GC(1403) PSYoungGen: 30662K->3045K(29696K)
[2020-08-05T18:57:58.983-0300] GC(1403) ParOldGen: 129167K->129545K(141824K)
[2020-08-05T18:57:58.983-0300] GC(1403) Metaspace: 118680K->118680K(1163264K)
[2020-08-05T18:57:58.983-0300] GC(1403) Pause Young (Allocation Failure) 156M->129M(167M) 3.826ms
[2020-08-05T18:57:58.983-0300] GC(1403) User=0.01s Sys=0.00s Real=0.00s
[2020-08-05T18:58:19.848-0300] GC(1404) Pause Young (Allocation Failure)
[2020-08-05T18:58:19.851-0300] GC(1404) PSYoungGen: 29669K->3141K(33280K)
[2020-08-05T18:58:19.851-0300] GC(1404) ParOldGen: 129545K->129545K(141824K)
[2020-08-05T18:58:19.851-0300] GC(1404) Metaspace: 118680K->118680K(1163264K)
[2020-08-05T18:58:19.851-0300] GC(1404) Pause Young (Allocation Failure) 155M->129M(171M) 3.301ms
[2020-08-05T18:58:19.851-0300] GC(1404) User=0.01s Sys=0.00s Real=0.00s
[2020-08-05T18:58:49.846-0300] GC(1405) Pause Young (Allocation Failure)
[2020-08-05T18:58:49.850-0300] GC(1405) PSYoungGen: 29253K->3395K(29184K)
[2020-08-05T18:58:49.850-0300] GC(1405) ParOldGen: 129545K->130026K(141824K)
[2020-08-05T18:58:49.850-0300] GC(1405) Metaspace: 118680K->118680K(1163264K)
[2020-08-05T18:58:49.850-0300] GC(1405) Pause Young (Allocation Failure) 155M->130M(167M) 3.433ms
[2020-08-05T18:58:49.850-0300] GC(1405) User=0.01s Sys=0.00s Real=0.00s
[2020-08-05T18:59:14.846-0300] GC(1406) Pause Young (Allocation Failure)
[2020-08-05T18:59:14.849-0300] GC(1406) PSYoungGen: 28995K->3315K(33280K)
[2020-08-05T18:59:14.849-0300] GC(1406) ParOldGen: 130026K->130628K(141824K)
[2020-08-05T18:59:14.849-0300] GC(1406) Metaspace: 118680K->118680K(1163264K)
[2020-08-05T18:59:14.849-0300] GC(1406) Pause Young (Allocation Failure) 155M->130M(171M) 3.324ms
[2020-08-05T18:59:14.849-0300] GC(1406) User=0.01s Sys=0.00s Real=0.00s
[2020-08-05T18:59:31.015-0300] GC(1407) Pause Young (Allocation Failure)
[2020-08-05T18:59:31.019-0300] GC(1407) PSYoungGen: 28915K->3282K(33280K)
[2020-08-05T18:59:31.019-0300] GC(1407) ParOldGen: 130628K->131029K(141824K)
[2020-08-05T18:59:31.019-0300] GC(1407) Metaspace: 118680K->118680K(1163264K)
[2020-08-05T18:59:31.019-0300] GC(1407) Pause Young (Allocation Failure) 155M->131M(171M) 4.212ms
[2020-08-05T18:59:31.019-0300] GC(1407) User=0.00s Sys=0.00s Real=0.00s
[2020-08-05T18:59:48.064-0300] GC(1408) Pause Young (Allocation Failure)
[2020-08-05T18:59:48.067-0300] GC(1408) PSYoungGen: 28882K->3619K(32256K)
[2020-08-05T18:59:48.067-0300] GC(1408) ParOldGen: 131029K->131069K(141824K)
[2020-08-05T18:59:48.067-0300] GC(1408) Metaspace: 118680K->118680K(1163264K)
[2020-08-05T18:59:48.067-0300] GC(1408) Pause Young (Allocation Failure) 156M->131M(170M) 3.606ms
[2020-08-05T18:59:48.067-0300] GC(1408) User=0.01s Sys=0.00s Real=0.01s
[2020-08-05T19:00:03.965-0300] GC(1409) Pause Young (Allocation Failure)
[2020-08-05T19:00:03.969-0300] GC(1409) PSYoungGen: 29219K->4068K(32768K)
[2020-08-05T19:00:03.969-0300] GC(1409) ParOldGen: 131069K->131173K(141824K)
[2020-08-05T19:00:03.969-0300] GC(1409) Metaspace: 118680K->118680K(1163264K)
[2020-08-05T19:00:03.969-0300] GC(1409) Pause Young (Allocation Failure) 156M->132M(170M) 3.957ms
[2020-08-05T19:00:03.969-0300] GC(1409) User=0.01s Sys=0.00s Real=0.00s
[2020-08-05T19:00:15.511-0300] GC(1410) Pause Young (Allocation Failure)
[2020-08-05T19:00:15.515-0300] GC(1410) PSYoungGen: 29668K->4133K(31744K)
[2020-08-05T19:00:15.515-0300] GC(1410) ParOldGen: 131173K->131477K(141824K)
[2020-08-05T19:00:15.515-0300] GC(1410) Metaspace: 118680K->118680K(1163264K)
[2020-08-05T19:00:15.515-0300] GC(1410) Pause Young (Allocation Failure) 157M->132M(169M) 3.796ms
[2020-08-05T19:00:15.515-0300] GC(1410) User=0.01s Sys=0.00s Real=0.01s
[2020-08-05T19:00:17.504-0300] GC(1411) Pause Young (Allocation Failure)
[2020-08-05T19:00:17.508-0300] GC(1411) PSYoungGen: 29733K->4150K(32256K)
[2020-08-05T19:00:17.508-0300] GC(1411) ParOldGen: 131477K->131789K(141824K)
[2020-08-05T19:00:17.508-0300] GC(1411) Metaspace: 118680K->118680K(1163264K)
[2020-08-05T19:00:17.508-0300] GC(1411) Pause Young (Allocation Failure) 157M->132M(170M) 4.364ms
[2020-08-05T19:00:17.508-0300] GC(1411) User=0.01s Sys=0.00s Real=0.00s
[2020-08-05T19:00:19.207-0300] GC(1412) Pause Young (Allocation Failure)
[2020-08-05T19:00:19.213-0300] GC(1412) PSYoungGen: 29750K->4149K(31232K)
[2020-08-05T19:00:19.213-0300] GC(1412) ParOldGen: 131789K->131958K(141824K)
[2020-08-05T19:00:19.213-0300] GC(1412) Metaspace: 118681K->118681K(1163264K)
[2020-08-05T19:00:19.213-0300] GC(1412) Pause Young (Allocation Failure) 157M->132M(169M) 5.749ms
[2020-08-05T19:00:19.213-0300] GC(1412) User=0.01s Sys=0.00s Real=0.00s
[2020-08-05T19:00:42.991-0300] GC(1413) Pause Young (Allocation Failure)
[2020-08-05T19:00:42.995-0300] GC(1413) PSYoungGen: 29749K->4004K(31744K)
[2020-08-05T19:00:42.995-0300] GC(1413) ParOldGen: 131958K->132159K(141824K)
[2020-08-05T19:00:42.995-0300] GC(1413) Metaspace: 118681K->118681K(1163264K)
[2020-08-05T19:00:42.995-0300] GC(1413) Pause Young (Allocation Failure) 157M->132M(169M) 3.322ms
[2020-08-05T19:00:42.995-0300] GC(1413) User=0.01s Sys=0.00s Real=0.01s
[2020-08-05T19:01:12.081-0300] GC(1414) Pause Young (Allocation Failure)
[2020-08-05T19:01:12.084-0300] GC(1414) PSYoungGen: 29604K->4100K(31744K)
[2020-08-05T19:01:12.084-0300] GC(1414) ParOldGen: 132159K->132231K(141824K)
[2020-08-05T19:01:12.084-0300] GC(1414) Metaspace: 118681K->118681K(1163264K)
[2020-08-05T19:01:12.084-0300] GC(1414) Pause Young (Allocation Failure) 157M->133M(169M) 3.530ms
[2020-08-05T19:01:12.084-0300] GC(1414) User=0.01s Sys=0.00s Real=0.01s
[2020-08-05T19:01:30.262-0300] GC(1415) Pause Young (Allocation Failure)
[2020-08-05T19:01:30.266-0300] GC(1415) PSYoungGen: 29700K->4244K(30208K)
[2020-08-05T19:01:30.266-0300] GC(1415) ParOldGen: 132231K->132231K(141824K)
[2020-08-05T19:01:30.266-0300] GC(1415) Metaspace: 118681K->118681K(1163264K)
[2020-08-05T19:01:30.266-0300] GC(1415) Pause Young (Allocation Failure) 158M->133M(168M) 3.851ms
[2020-08-05T19:01:30.266-0300] GC(1415) User=0.01s Sys=0.00s Real=0.01s
[2020-08-05T19:01:47.003-0300] GC(1416) Pause Young (Allocation Failure)
[2020-08-05T19:01:47.006-0300] GC(1416) PSYoungGen: 29844K->4614K(31232K)
[2020-08-05T19:01:47.006-0300] GC(1416) ParOldGen: 132231K->132231K(141824K)
[2020-08-05T19:01:47.006-0300] GC(1416) Metaspace: 118681K->118681K(1163264K)
[2020-08-05T19:01:47.006-0300] GC(1416) Pause Young (Allocation Failure) 158M->133M(169M) 2.869ms
[2020-08-05T19:01:47.006-0300] GC(1416) User=0.01s Sys=0.00s Real=0.01s
[2020-08-05T19:01:53.367-0300] GC(1417) Pause Young (Allocation Failure)
[2020-08-05T19:01:53.370-0300] GC(1417) PSYoungGen: 30210K->4710K(31232K)
[2020-08-05T19:01:53.370-0300] GC(1417) ParOldGen: 132231K->132279K(141824K)
[2020-08-05T19:01:53.370-0300] GC(1417) Metaspace: 118681K->118681K(1163264K)
[2020-08-05T19:01:53.370-0300] GC(1417) Pause Young (Allocation Failure) 158M->133M(169M) 3.512ms
[2020-08-05T19:01:53.371-0300] GC(1417) User=0.00s Sys=0.00s Real=0.00s
[2020-08-05T19:01:55.435-0300] GC(1418) Pause Young (Allocation Failure)
[2020-08-05T19:01:55.438-0300] GC(1418) PSYoungGen: 30310K->4871K(31744K)
[2020-08-05T19:01:55.438-0300] GC(1418) ParOldGen: 132279K->132311K(141824K)
[2020-08-05T19:01:55.438-0300] GC(1418) Metaspace: 118681K->118681K(1163264K)
[2020-08-05T19:01:55.438-0300] GC(1418) Pause Young (Allocation Failure) 158M->133M(169M) 3.750ms
[2020-08-05T19:01:55.439-0300] GC(1418) User=0.01s Sys=0.00s Real=0.00s
[2020-08-05T19:01:57.452-0300] GC(1419) Pause Young (Allocation Failure)
[2020-08-05T19:01:57.457-0300] GC(1419) PSYoungGen: 30471K->4888K(31744K)
[2020-08-05T19:01:57.457-0300] GC(1419) ParOldGen: 132311K->132559K(141824K)
[2020-08-05T19:01:57.457-0300] GC(1419) Metaspace: 118681K->118681K(1163264K)
[2020-08-05T19:01:57.457-0300] GC(1419) Pause Young (Allocation Failure) 158M->134M(169M) 5.027ms
[2020-08-05T19:01:57.457-0300] GC(1419) User=0.01s Sys=0.00s Real=0.01s
[2020-08-05T19:01:59.431-0300] GC(1420) Pause Young (Allocation Failure)
[2020-08-05T19:01:59.434-0300] GC(1420) PSYoungGen: 30484K->3494K(31744K)
[2020-08-05T19:01:59.434-0300] GC(1420) ParOldGen: 132559K->133952K(141824K)
[2020-08-05T19:01:59.434-0300] GC(1420) Metaspace: 118681K->118681K(1163264K)
[2020-08-05T19:01:59.434-0300] GC(1420) Pause Young (Allocation Failure) 159M->134M(169M) 3.641ms
[2020-08-05T19:01:59.434-0300] GC(1420) User=0.01s Sys=0.00s Real=0.01s
[2020-08-05T19:02:22.124-0300] GC(1421) Pause Young (Allocation Failure)
[2020-08-05T19:02:22.128-0300] GC(1421) PSYoungGen: 29094K->2707K(31744K)
[2020-08-05T19:02:22.128-0300] GC(1421) ParOldGen: 133952K->134634K(141824K)
[2020-08-05T19:02:22.128-0300] GC(1421) Metaspace: 118682K->118682K(1163264K)
[2020-08-05T19:02:22.128-0300] GC(1421) Pause Young (Allocation Failure) 159M->134M(169M) 3.692ms
[2020-08-05T19:02:22.128-0300] GC(1421) User=0.00s Sys=0.00s Real=0.00s
[2020-08-05T19:02:52.000-0300] GC(1422) Pause Young (Allocation Failure)
[2020-08-05T19:02:52.003-0300] GC(1422) PSYoungGen: 28307K->1872K(31744K)
[2020-08-05T19:02:52.003-0300] GC(1422) ParOldGen: 134634K->135364K(141824K)
[2020-08-05T19:02:52.003-0300] GC(1422) Metaspace: 118682K->118682K(1163264K)
[2020-08-05T19:02:52.003-0300] GC(1422) Pause Young (Allocation Failure) 159M->134M(169M) 2.845ms
[2020-08-05T19:02:52.003-0300] GC(1422) User=0.01s Sys=0.00s Real=0.00s
[2020-08-05T19:03:13.157-0300] GC(1423) Pause Young (Allocation Failure)
[2020-08-05T19:03:13.160-0300] GC(1423) PSYoungGen: 27472K->1825K(31744K)
[2020-08-05T19:03:13.160-0300] GC(1423) ParOldGen: 135364K->135364K(141824K)
[2020-08-05T19:03:13.160-0300] GC(1423) Metaspace: 118682K->118682K(1163264K)
[2020-08-05T19:03:13.160-0300] GC(1423) Pause Young (Allocation Failure) 159M->133M(169M) 3.407ms
[2020-08-05T19:03:13.160-0300] GC(1423) User=0.00s Sys=0.00s Real=0.00s
[2020-08-05T19:03:41.511-0300] GC(1424) Pause Young (Allocation Failure)
[2020-08-05T19:03:41.514-0300] GC(1424) PSYoungGen: 27425K->2433K(32256K)
[2020-08-05T19:03:41.514-0300] GC(1424) ParOldGen: 135364K->135364K(141824K)
[2020-08-05T19:03:41.514-0300] GC(1424) Metaspace: 118682K->118682K(1163264K)
[2020-08-05T19:03:41.514-0300] GC(1424) Pause Young (Allocation Failure) 158M->134M(170M) 2.767ms
[2020-08-05T19:03:41.514-0300] GC(1424) User=0.01s Sys=0.00s Real=0.00s
[2020-08-05T19:04:05.502-0300] GC(1425) Pause Young (Allocation Failure)
[2020-08-05T19:04:05.506-0300] GC(1425) PSYoungGen: 28032K->3026K(28672K)
[2020-08-05T19:04:05.506-0300] GC(1425) ParOldGen: 135364K->135364K(141824K)
[2020-08-05T19:04:05.506-0300] GC(1425) Metaspace: 118682K->118682K(1163264K)
[2020-08-05T19:04:05.506-0300] GC(1425) Pause Young (Allocation Failure) 159M->135M(166M) 4.070ms
[2020-08-05T19:04:05.507-0300] GC(1425) User=0.01s Sys=0.00s Real=0.01s
[2020-08-05T19:04:21.352-0300] GC(1426) Pause Young (Allocation Failure)
[2020-08-05T19:04:21.355-0300] GC(1426) PSYoungGen: 28626K->3338K(31744K)
[2020-08-05T19:04:21.355-0300] GC(1426) ParOldGen: 135364K->135468K(141824K)
[2020-08-05T19:04:21.355-0300] GC(1426) Metaspace: 118682K->118682K(1163264K)
[2020-08-05T19:04:21.355-0300] GC(1426) Pause Young (Allocation Failure) 160M->135M(169M) 3.853ms
[2020-08-05T19:04:21.355-0300] GC(1426) User=0.00s Sys=0.00s Real=0.01s
[2020-08-05T19:04:32.921-0300] GC(1427) Pause Young (Allocation Failure)
[2020-08-05T19:04:32.924-0300] GC(1427) PSYoungGen: 28931K->3572K(29184K)
[2020-08-05T19:04:32.924-0300] GC(1427) ParOldGen: 135468K->135596K(141824K)
[2020-08-05T19:04:32.924-0300] GC(1427) Metaspace: 118682K->118682K(1163264K)
[2020-08-05T19:04:32.924-0300] GC(1427) Pause Young (Allocation Failure) 160M->135M(167M) 3.644ms
[2020-08-05T19:04:32.924-0300] GC(1427) User=0.01s Sys=0.00s Real=0.01s
[2020-08-05T19:04:34.851-0300] GC(1428) Pause Young (Allocation Failure)
[2020-08-05T19:04:34.853-0300] GC(1428) PSYoungGen: 29172K->3531K(31232K)
[2020-08-05T19:04:34.853-0300] GC(1428) ParOldGen: 135596K->135964K(141824K)
[2020-08-05T19:04:34.853-0300] GC(1428) Metaspace: 118682K->118682K(1163264K)
[2020-08-05T19:04:34.853-0300] GC(1428) Pause Young (Allocation Failure) 160M->136M(169M) 2.921ms
[2020-08-05T19:04:34.854-0300] GC(1428) User=0.01s Sys=0.00s Real=0.00s
[2020-08-05T19:04:37.208-0300] GC(1429) Pause Young (Allocation Failure)
[2020-08-05T19:04:37.210-0300] GC(1429) PSYoungGen: 29131K->3284K(31232K)
[2020-08-05T19:04:37.210-0300] GC(1429) ParOldGen: 135964K->136260K(141824K)
[2020-08-05T19:04:37.210-0300] GC(1429) Metaspace: 118682K->118682K(1163264K)
[2020-08-05T19:04:37.211-0300] GC(1429) Pause Young (Allocation Failure) 161M->136M(169M) 2.905ms
[2020-08-05T19:04:37.211-0300] GC(1429) User=0.01s Sys=0.00s Real=0.00s
[2020-08-05T19:04:39.144-0300] GC(1430) Pause Young (Allocation Failure)
[2020-08-05T19:04:39.147-0300] GC(1430) PSYoungGen: 28884K->3204K(31232K)
[2020-08-05T19:04:39.147-0300] GC(1430) ParOldGen: 136260K->136477K(141824K)
[2020-08-05T19:04:39.147-0300] GC(1430) Metaspace: 118682K->118682K(1163264K)
[2020-08-05T19:04:39.147-0300] GC(1430) Pause Young (Allocation Failure) 161M->136M(169M) 3.513ms
[2020-08-05T19:04:39.147-0300] GC(1430) User=0.01s Sys=0.00s Real=0.01s
[2020-08-05T19:04:54.846-0300] GC(1431) Pause Young (Allocation Failure)
[2020-08-05T19:04:54.849-0300] GC(1431) PSYoungGen: 28804K->2866K(28672K)
[2020-08-05T19:04:54.849-0300] GC(1431) ParOldGen: 136477K->136694K(141824K)
[2020-08-05T19:04:54.849-0300] GC(1431) Metaspace: 118682K->118682K(1163264K)
[2020-08-05T19:04:54.849-0300] GC(1431) Pause Young (Allocation Failure) 161M->136M(166M) 3.193ms
[2020-08-05T19:04:54.849-0300] GC(1431) User=0.01s Sys=0.00s Real=0.00s
[2020-08-05T19:05:22.998-0300] GC(1432) Pause Young (Allocation Failure)
[2020-08-05T19:05:23.001-0300] GC(1432) PSYoungGen: 28466K->3330K(30720K)
[2020-08-05T19:05:23.001-0300] GC(1432) ParOldGen: 136694K->136742K(141824K)
[2020-08-05T19:05:23.001-0300] GC(1432) Metaspace: 118682K->118682K(1163264K)
[2020-08-05T19:05:23.001-0300] GC(1432) Pause Young (Allocation Failure) 161M->136M(168M) 3.363ms
[2020-08-05T19:05:23.001-0300] GC(1432) User=0.01s Sys=0.00s Real=0.00s
[2020-08-05T19:05:45.203-0300] GC(1433) Pause Young (Allocation Failure)
[2020-08-05T19:05:45.206-0300] GC(1433) PSYoungGen: 28930K->3538K(30720K)
[2020-08-05T19:05:45.206-0300] GC(1433) ParOldGen: 136742K->136782K(141824K)
[2020-08-05T19:05:45.206-0300] GC(1433) Metaspace: 118682K->118682K(1163264K)
[2020-08-05T19:05:45.206-0300] GC(1433) Pause Young (Allocation Failure) 161M->137M(168M) 3.034ms
[2020-08-05T19:05:45.206-0300] GC(1433) User=0.01s Sys=0.00s Real=0.01s
[2020-08-05T19:06:01.175-0300] GC(1434) Pause Young (Allocation Failure)
[2020-08-05T19:06:01.178-0300] GC(1434) PSYoungGen: 29137K->3923K(30720K)
[2020-08-05T19:06:01.178-0300] GC(1434) ParOldGen: 136782K->136830K(141824K)
[2020-08-05T19:06:01.178-0300] GC(1434) Metaspace: 118682K->118682K(1163264K)
[2020-08-05T19:06:01.178-0300] GC(1434) Pause Young (Allocation Failure) 162M->137M(168M) 3.185ms
[2020-08-05T19:06:01.178-0300] GC(1434) User=0.01s Sys=0.00s Real=0.00s
[2020-08-05T19:06:18.997-0300] GC(1435) Pause Young (Allocation Failure)
[2020-08-05T19:06:19.002-0300] GC(1435) PSYoungGen: 29523K->4212K(30720K)
[2020-08-05T19:06:19.002-0300] GC(1435) ParOldGen: 136830K->136870K(141824K)
[2020-08-05T19:06:19.002-0300] GC(1435) Metaspace: 118682K->118682K(1163264K)
[2020-08-05T19:06:19.002-0300] GC(1435) Pause Young (Allocation Failure) 162M->137M(168M) 4.940ms
[2020-08-05T19:06:19.002-0300] GC(1435) User=0.01s Sys=0.00s Real=0.00s
[2020-08-05T19:06:35.996-0300] GC(1436) Pause Young (Allocation Failure)
[2020-08-05T19:06:36.000-0300] GC(1436) PSYoungGen: 29812K->4405K(30208K)
[2020-08-05T19:06:36.000-0300] GC(1436) ParOldGen: 136870K->136918K(141824K)
[2020-08-05T19:06:36.000-0300] GC(1436) Metaspace: 118682K->118682K(1163264K)
[2020-08-05T19:06:36.000-0300] GC(1436) Pause Young (Allocation Failure) 162M->138M(168M) 3.990ms
[2020-08-05T19:06:36.000-0300] GC(1436) User=0.01s Sys=0.00s Real=0.00s
[2020-08-05T19:06:53.906-0300] GC(1437) Pause Young (Allocation Failure)
[2020-08-05T19:06:53.910-0300] GC(1437) PSYoungGen: 29493K->4486K(30720K)
[2020-08-05T19:06:53.910-0300] GC(1437) ParOldGen: 136918K->136950K(141824K)
[2020-08-05T19:06:53.910-0300] GC(1437) Metaspace: 118682K->118682K(1163264K)
[2020-08-05T19:06:53.910-0300] GC(1437) Pause Young (Allocation Failure) 162M->138M(168M) 3.352ms
[2020-08-05T19:06:53.910-0300] GC(1437) User=0.00s Sys=0.00s Real=0.00s
[2020-08-05T19:07:09.750-0300] GC(1438) Pause Young (Allocation Failure)
[2020-08-05T19:07:09.753-0300] GC(1438) PSYoungGen: 29574K->4535K(30720K)
[2020-08-05T19:07:09.753-0300] GC(1438) ParOldGen: 136950K->137102K(141824K)
[2020-08-05T19:07:09.754-0300] GC(1438) Metaspace: 118682K->118682K(1163264K)
[2020-08-05T19:07:09.754-0300] GC(1438) Pause Young (Allocation Failure) 162M->138M(168M) 3.275ms
[2020-08-05T19:07:09.754-0300] GC(1438) User=0.01s Sys=0.00s Real=0.00s
[2020-08-05T19:07:24.848-0300] GC(1439) Pause Young (Allocation Failure)
[2020-08-05T19:07:24.852-0300] GC(1439) PSYoungGen: 29604K->4134K(30720K)
[2020-08-05T19:07:24.852-0300] GC(1439) ParOldGen: 137102K->137878K(141824K)
[2020-08-05T19:07:24.852-0300] GC(1439) Metaspace: 118687K->118687K(1163264K)
[2020-08-05T19:07:24.852-0300] GC(1439) Pause Young (Allocation Failure) 162M->138M(168M) 4.398ms
[2020-08-05T19:07:24.852-0300] GC(1439) User=0.01s Sys=0.00s Real=0.00s
[2020-08-05T19:07:36.590-0300] GC(1440) Pause Young (Allocation Failure)
[2020-08-05T19:07:36.593-0300] GC(1440) PSYoungGen: 29222K->3527K(30720K)
[2020-08-05T19:07:36.593-0300] GC(1440) ParOldGen: 137878K->138471K(141824K)
[2020-08-05T19:07:36.593-0300] GC(1440) Metaspace: 118687K->118687K(1163264K)
[2020-08-05T19:07:36.593-0300] GC(1440) Pause Young (Allocation Failure) 163M->138M(168M) 2.966ms
[2020-08-05T19:07:36.593-0300] GC(1440) User=0.01s Sys=0.00s Real=0.00s
[2020-08-05T19:07:48.202-0300] GC(1441) Pause Young (Allocation Failure)
[2020-08-05T19:07:48.206-0300] GC(1441) PSYoungGen: 28615K->3447K(30720K)
[2020-08-05T19:07:48.206-0300] GC(1441) ParOldGen: 138471K->138808K(141824K)
[2020-08-05T19:07:48.206-0300] GC(1441) Metaspace: 118687K->118687K(1163264K)
[2020-08-05T19:07:48.206-0300] GC(1441) Pause Young (Allocation Failure) 163M->138M(168M) 3.467ms
[2020-08-05T19:07:48.206-0300] GC(1441) User=0.01s Sys=0.00s Real=0.01s
[2020-08-05T19:07:50.113-0300] GC(1442) Pause Young (Allocation Failure)
[2020-08-05T19:07:50.116-0300] GC(1442) PSYoungGen: 28535K->3351K(30720K)
[2020-08-05T19:07:50.116-0300] GC(1442) ParOldGen: 138808K->139073K(141824K)
[2020-08-05T19:07:50.116-0300] GC(1442) Metaspace: 118687K->118687K(1163264K)
[2020-08-05T19:07:50.116-0300] GC(1442) Pause Young (Allocation Failure) 163M->139M(168M) 3.113ms
[2020-08-05T19:07:50.116-0300] GC(1442) User=0.01s Sys=0.00s Real=0.01s
[2020-08-05T19:07:52.260-0300] GC(1443) Pause Young (Allocation Failure)
[2020-08-05T19:07:52.263-0300] GC(1443) PSYoungGen: 28439K->3397K(28672K)
[2020-08-05T19:07:52.263-0300] GC(1443) ParOldGen: 139073K->139137K(141824K)
[2020-08-05T19:07:52.263-0300] GC(1443) Metaspace: 118687K->118687K(1163264K)
[2020-08-05T19:07:52.263-0300] GC(1443) Pause Young (Allocation Failure) 163M->139M(166M) 3.504ms
[2020-08-05T19:07:52.263-0300] GC(1443) User=0.01s Sys=0.00s Real=0.00s
[2020-08-05T19:07:54.404-0300] GC(1444) Pause Young (Allocation Failure)
[2020-08-05T19:07:54.407-0300] GC(1444) PSYoungGen: 28485K->3431K(30208K)
[2020-08-05T19:07:54.407-0300] GC(1444) ParOldGen: 139137K->139177K(141824K)
[2020-08-05T19:07:54.407-0300] GC(1444) Metaspace: 118687K->118687K(1163264K)
[2020-08-05T19:07:54.407-0300] GC(1444) Pause Young (Allocation Failure) 163M->139M(168M) 3.010ms
[2020-08-05T19:07:54.407-0300] GC(1444) User=0.01s Sys=0.00s Real=0.01s
[2020-08-05T19:07:56.211-0300] GC(1445) Pause Young (Allocation Failure)
[2020-08-05T19:07:56.215-0300] GC(1445) PSYoungGen: 28519K->3399K(30208K)
[2020-08-05T19:07:56.215-0300] GC(1445) ParOldGen: 139177K->139281K(141824K)
[2020-08-05T19:07:56.215-0300] GC(1445) Metaspace: 118687K->118687K(1163264K)
[2020-08-05T19:07:56.215-0300] GC(1445) Pause Young (Allocation Failure) 163M->139M(168M) 3.365ms
[2020-08-05T19:07:56.215-0300] GC(1445) User=0.01s Sys=0.00s Real=0.01s
[2020-08-05T19:08:17.389-0300] GC(1446) Pause Young (Allocation Failure)
[2020-08-05T19:08:17.392-0300] GC(1446) PSYoungGen: 28487K->2566K(30208K)
[2020-08-05T19:08:17.392-0300] GC(1446) ParOldGen: 139281K->139977K(141824K)
[2020-08-05T19:08:17.392-0300] GC(1446) Metaspace: 118687K->118687K(1163264K)
[2020-08-05T19:08:17.392-0300] GC(1446) Pause Young (Allocation Failure) 163M->139M(168M) 3.337ms
[2020-08-05T19:08:17.392-0300] GC(1446) User=0.00s Sys=0.00s Real=0.00s
[2020-08-05T19:08:44.847-0300] GC(1447) Pause Young (Allocation Failure)
[2020-08-05T19:08:44.851-0300] GC(1447) PSYoungGen: 27654K->2904K(30208K)
[2020-08-05T19:08:44.851-0300] GC(1447) ParOldGen: 139977K->140377K(141824K)
[2020-08-05T19:08:44.851-0300] GC(1447) Metaspace: 118687K->118687K(1163264K)
[2020-08-05T19:08:44.851-0300] GC(1447) Pause Young (Allocation Failure) 163M->139M(168M) 3.881ms
[2020-08-05T19:08:44.851-0300] GC(1447) User=0.00s Sys=0.00s Real=0.00s
[2020-08-05T19:09:04.847-0300] GC(1448) Pause Young (Allocation Failure)
[2020-08-05T19:09:04.851-0300] GC(1448) PSYoungGen: 27992K->3255K(30208K)
[2020-08-05T19:09:04.851-0300] GC(1448) ParOldGen: 140377K->140377K(141824K)
[2020-08-05T19:09:04.851-0300] GC(1448) Metaspace: 118687K->118687K(1163264K)
[2020-08-05T19:09:04.851-0300] GC(1448) Pause Young (Allocation Failure) 164M->140M(168M) 4.305ms
[2020-08-05T19:09:04.851-0300] GC(1448) User=0.00s Sys=0.00s Real=0.00s
[2020-08-05T19:09:33.691-0300] GC(1449) Pause Young (Allocation Failure)
[2020-08-05T19:09:33.696-0300] GC(1449) PSYoungGen: 28343K->3142K(30208K)
[2020-08-05T19:09:33.696-0300] GC(1449) ParOldGen: 140377K->140747K(141824K)
[2020-08-05T19:09:33.696-0300] GC(1449) Metaspace: 118687K->118687K(1163264K)
[2020-08-05T19:09:33.696-0300] GC(1449) Pause Young (Allocation Failure) 164M->140M(168M) 5.174ms
[2020-08-05T19:09:33.696-0300] GC(1449) User=0.01s Sys=0.00s Real=0.01s
[2020-08-05T19:09:57.582-0300] GC(1450) Pause Young (Allocation Failure)
[2020-08-05T19:09:57.585-0300] GC(1450) PSYoungGen: 28230K->3238K(30208K)
[2020-08-05T19:09:57.585-0300] GC(1450) ParOldGen: 140747K->141052K(141824K)
[2020-08-05T19:09:57.585-0300] GC(1450) Metaspace: 118687K->118687K(1163264K)
[2020-08-05T19:09:57.585-0300] GC(1450) Pause Young (Allocation Failure) 165M->140M(168M) 3.007ms
[2020-08-05T19:09:57.585-0300] GC(1450) User=0.01s Sys=0.00s Real=0.01s
[2020-08-05T19:10:21.883-0300] GC(1451) Pause Young (Allocation Failure)
[2020-08-05T19:10:21.887-0300] GC(1451) PSYoungGen: 28326K->3396K(28672K)
[2020-08-05T19:10:21.887-0300] GC(1451) ParOldGen: 141052K->141237K(141824K)
[2020-08-05T19:10:21.887-0300] GC(1451) Metaspace: 118687K->118687K(1163264K)
[2020-08-05T19:10:21.887-0300] GC(1451) Pause Young (Allocation Failure) 165M->141M(166M) 3.475ms
[2020-08-05T19:10:21.887-0300] GC(1451) User=0.00s Sys=0.00s Real=0.01s
[2020-08-05T19:10:21.887-0300] GC(1452) Pause Full (Ergonomics)
[2020-08-05T19:10:21.887-0300] GC(1452) Marking Phase
[2020-08-05T19:10:21.964-0300] GC(1452) Marking Phase 77.291ms
[2020-08-05T19:10:21.964-0300] GC(1452) Summary Phase
[2020-08-05T19:10:21.964-0300] GC(1452) Summary Phase 0.022ms
[2020-08-05T19:10:21.964-0300] GC(1452) Adjust Roots
[2020-08-05T19:10:21.993-0300] GC(1452) Adjust Roots 28.315ms
[2020-08-05T19:10:21.993-0300] GC(1452) Compaction Phase
[2020-08-05T19:10:22.026-0300] GC(1452) Compaction Phase 32.962ms
[2020-08-05T19:10:22.026-0300] GC(1452) Post Compact
[2020-08-05T19:10:22.027-0300] GC(1452) Post Compact 0.722ms
[2020-08-05T19:10:22.027-0300] GC(1452) PSYoungGen: 3396K->0K(29696K)
[2020-08-05T19:10:22.027-0300] GC(1452) ParOldGen: 141237K->104020K(142848K)
[2020-08-05T19:10:22.027-0300] GC(1452) Metaspace: 118687K->118687K(1163264K)
[2020-08-05T19:10:22.027-0300] GC(1452) Pause Full (Ergonomics) 141M->101M(168M) 139.589ms
[2020-08-05T19:10:22.027-0300] GC(1452) User=0.37s Sys=0.00s Real=0.14s
[2020-08-05T19:10:49.845-0300] GC(1453) Pause Young (Allocation Failure)
[2020-08-05T19:10:49.847-0300] GC(1453) PSYoungGen: 25088K->544K(29696K)
[2020-08-05T19:10:49.847-0300] GC(1453) ParOldGen: 104020K->104020K(142848K)
[2020-08-05T19:10:49.847-0300] GC(1453) Metaspace: 118687K->118687K(1163264K)
[2020-08-05T19:10:49.847-0300] GC(1453) Pause Young (Allocation Failure) 126M->102M(168M) 2.373ms
[2020-08-05T19:10:49.847-0300] GC(1453) User=0.01s Sys=0.00s Real=0.00s
[2020-08-05T19:11:09.846-0300] GC(1454) Pause Young (Allocation Failure)
[2020-08-05T19:11:09.849-0300] GC(1454) PSYoungGen: 25632K->784K(30208K)
[2020-08-05T19:11:09.849-0300] GC(1454) ParOldGen: 104020K->104020K(142848K)
[2020-08-05T19:11:09.849-0300] GC(1454) Metaspace: 118687K->118687K(1163264K)
[2020-08-05T19:11:09.849-0300] GC(1454) Pause Young (Allocation Failure) 126M->102M(169M) 3.101ms
[2020-08-05T19:11:09.849-0300] GC(1454) User=0.01s Sys=0.00s Real=0.00s
[2020-08-05T19:11:38.655-0300] GC(1455) Pause Young (Allocation Failure)
[2020-08-05T19:11:38.658-0300] GC(1455) PSYoungGen: 25872K->912K(30208K)
[2020-08-05T19:11:38.658-0300] GC(1455) ParOldGen: 104020K->104020K(142848K)
[2020-08-05T19:11:38.658-0300] GC(1455) Metaspace: 118687K->118687K(1163264K)
[2020-08-05T19:11:38.658-0300] GC(1455) Pause Young (Allocation Failure) 126M->102M(169M) 2.586ms
[2020-08-05T19:11:38.658-0300] GC(1455) User=0.01s Sys=0.00s Real=0.00s
[2020-08-05T19:12:03.576-0300] GC(1456) Pause Young (Allocation Failure)
[2020-08-05T19:12:03.579-0300] GC(1456) PSYoungGen: 26000K->992K(30720K)
[2020-08-05T19:12:03.579-0300] GC(1456) ParOldGen: 104020K->104020K(142848K)
[2020-08-05T19:12:03.579-0300] GC(1456) Metaspace: 118687K->118687K(1163264K)
[2020-08-05T19:12:03.579-0300] GC(1456) Pause Young (Allocation Failure) 126M->102M(169M) 2.885ms
[2020-08-05T19:12:03.579-0300] GC(1456) User=0.00s Sys=0.00s Real=0.00s
[2020-08-05T19:12:17.587-0300] GC(1457) Pause Young (Allocation Failure)
[2020-08-05T19:12:17.590-0300] GC(1457) PSYoungGen: 26080K->1520K(30720K)
[2020-08-05T19:12:17.590-0300] GC(1457) ParOldGen: 104020K->104020K(142848K)
[2020-08-05T19:12:17.590-0300] GC(1457) Metaspace: 118687K->118687K(1163264K)
[2020-08-05T19:12:17.590-0300] GC(1457) Pause Young (Allocation Failure) 127M->103M(169M) 2.879ms
[2020-08-05T19:12:17.590-0300] GC(1457) User=0.00s Sys=0.00s Real=0.00s
[2020-08-05T19:12:34.845-0300] GC(1458) Pause Young (Allocation Failure)
[2020-08-05T19:12:34.848-0300] GC(1458) PSYoungGen: 26608K->1505K(29696K)
[2020-08-05T19:12:34.848-0300] GC(1458) ParOldGen: 104020K->104020K(142848K)
[2020-08-05T19:12:34.848-0300] GC(1458) Metaspace: 118687K->118687K(1163264K)
[2020-08-05T19:12:34.848-0300] GC(1458) Pause Young (Allocation Failure) 127M->103M(168M) 2.369ms
[2020-08-05T19:12:34.848-0300] GC(1458) User=0.00s Sys=0.00s Real=0.00s
[2020-08-05T19:12:50.990-0300] GC(1459) Pause Young (Allocation Failure)
[2020-08-05T19:12:50.992-0300] GC(1459) PSYoungGen: 26593K->1810K(30208K)
[2020-08-05T19:12:50.992-0300] GC(1459) ParOldGen: 104020K->104020K(142848K)
[2020-08-05T19:12:50.992-0300] GC(1459) Metaspace: 118687K->118687K(1163264K)
[2020-08-05T19:12:50.992-0300] GC(1459) Pause Young (Allocation Failure) 127M->103M(169M) 2.527ms
[2020-08-05T19:12:50.992-0300] GC(1459) User=0.00s Sys=0.00s Real=0.00s
[2020-08-05T19:13:02.650-0300] GC(1460) Pause Young (Allocation Failure)
[2020-08-05T19:13:02.653-0300] GC(1460) PSYoungGen: 26898K->1987K(30208K)
[2020-08-05T19:13:02.653-0300] GC(1460) ParOldGen: 104020K->104020K(142848K)
[2020-08-05T19:13:02.653-0300] GC(1460) Metaspace: 118687K->118687K(1163264K)
[2020-08-05T19:13:02.653-0300] GC(1460) Pause Young (Allocation Failure) 127M->103M(169M) 3.303ms
[2020-08-05T19:13:02.653-0300] GC(1460) User=0.01s Sys=0.00s Real=0.00s
[2020-08-05T19:13:04.850-0300] GC(1461) Pause Young (Allocation Failure)
[2020-08-05T19:13:04.853-0300] GC(1461) PSYoungGen: 27075K->2218K(27648K)
[2020-08-05T19:13:04.853-0300] GC(1461) ParOldGen: 104020K->104020K(142848K)
[2020-08-05T19:13:04.853-0300] GC(1461) Metaspace: 118687K->118687K(1163264K)
[2020-08-05T19:13:04.853-0300] GC(1461) Pause Young (Allocation Failure) 128M->103M(166M) 3.166ms
[2020-08-05T19:13:04.854-0300] GC(1461) User=0.01s Sys=0.00s Real=0.00s
[2020-08-05T19:13:06.570-0300] GC(1462) Pause Young (Allocation Failure)
[2020-08-05T19:13:06.573-0300] GC(1462) PSYoungGen: 27306K->2323K(29696K)
[2020-08-05T19:13:06.573-0300] GC(1462) ParOldGen: 104020K->104020K(142848K)
[2020-08-05T19:13:06.573-0300] GC(1462) Metaspace: 118687K->118687K(1163264K)
[2020-08-05T19:13:06.573-0300] GC(1462) Pause Young (Allocation Failure) 128M->103M(168M) 3.067ms
[2020-08-05T19:13:06.573-0300] GC(1462) User=0.01s Sys=0.00s Real=0.00s
[2020-08-05T19:13:26.983-0300] GC(1463) Pause Young (Allocation Failure)
[2020-08-05T19:13:26.986-0300] GC(1463) PSYoungGen: 27411K->2339K(27648K)
[2020-08-05T19:13:26.986-0300] GC(1463) ParOldGen: 104020K->104020K(142848K)
[2020-08-05T19:13:26.986-0300] GC(1463) Metaspace: 118687K->118687K(1163264K)
[2020-08-05T19:13:26.986-0300] GC(1463) Pause Young (Allocation Failure) 128M->103M(166M) 3.407ms
[2020-08-05T19:13:26.986-0300] GC(1463) User=0.01s Sys=0.00s Real=0.01s
[2020-08-05T19:13:54.847-0300] GC(1464) Pause Young (Allocation Failure)
[2020-08-05T19:13:54.851-0300] GC(1464) PSYoungGen: 27385K->2947K(28672K)
[2020-08-05T19:13:54.851-0300] GC(1464) ParOldGen: 104020K->104020K(142848K)
[2020-08-05T19:13:54.851-0300] GC(1464) Metaspace: 118687K->118687K(1163264K)
[2020-08-05T19:13:54.851-0300] GC(1464) Pause Young (Allocation Failure) 128M->104M(167M) 3.166ms
[2020-08-05T19:13:54.851-0300] GC(1464) User=0.01s Sys=0.00s Real=0.00s
[2020-08-05T19:14:14.847-0300] GC(1465) Pause Young (Allocation Failure)
[2020-08-05T19:14:14.851-0300] GC(1465) PSYoungGen: 27523K->3365K(29184K)
[2020-08-05T19:14:14.851-0300] GC(1465) ParOldGen: 104020K->104020K(142848K)
[2020-08-05T19:14:14.851-0300] GC(1465) Metaspace: 118687K->118687K(1163264K)
[2020-08-05T19:14:14.851-0300] GC(1465) Pause Young (Allocation Failure) 128M->104M(168M) 3.525ms
[2020-08-05T19:14:14.851-0300] GC(1465) User=0.01s Sys=0.00s Real=0.00s
[2020-08-05T19:14:30.683-0300] GC(1466) Pause Young (Allocation Failure)
[2020-08-05T19:14:30.687-0300] GC(1466) PSYoungGen: 27941K->3685K(29184K)
[2020-08-05T19:14:30.687-0300] GC(1466) ParOldGen: 104020K->104020K(142848K)
[2020-08-05T19:14:30.687-0300] GC(1466) Metaspace: 118687K->118687K(1163264K)
[2020-08-05T19:14:30.687-0300] GC(1466) Pause Young (Allocation Failure) 128M->105M(168M) 4.872ms
[2020-08-05T19:14:30.687-0300] GC(1466) User=0.01s Sys=0.00s Real=0.01s
[2020-08-05T19:14:45.986-0300] GC(1467) Pause Young (Allocation Failure)
[2020-08-05T19:14:45.989-0300] GC(1467) PSYoungGen: 28261K->4246K(29184K)
[2020-08-05T19:14:45.989-0300] GC(1467) ParOldGen: 104020K->104020K(142848K)
[2020-08-05T19:14:45.989-0300] GC(1467) Metaspace: 118689K->118689K(1163264K)
[2020-08-05T19:14:45.989-0300] GC(1467) Pause Young (Allocation Failure) 129M->105M(168M) 3.597ms
[2020-08-05T19:14:45.989-0300] GC(1467) User=0.01s Sys=0.00s Real=0.00s
[2020-08-05T19:15:02.986-0300] GC(1468) Pause Young (Allocation Failure)
[2020-08-05T19:15:02.989-0300] GC(1468) PSYoungGen: 28822K->4278K(29184K)
[2020-08-05T19:15:02.989-0300] GC(1468) ParOldGen: 104020K->104452K(142848K)
[2020-08-05T19:15:02.989-0300] GC(1468) Metaspace: 118689K->118689K(1163264K)
[2020-08-05T19:15:02.989-0300] GC(1468) Pause Young (Allocation Failure) 129M->106M(168M) 3.262ms
[2020-08-05T19:15:02.989-0300] GC(1468) User=0.01s Sys=0.00s Real=0.00s
[2020-08-05T19:15:18.426-0300] GC(1469) Pause Young (Allocation Failure)
[2020-08-05T19:15:18.429-0300] GC(1469) PSYoungGen: 28342K->4327K(29696K)
[2020-08-05T19:15:18.429-0300] GC(1469) ParOldGen: 104452K->104685K(142848K)
[2020-08-05T19:15:18.429-0300] GC(1469) Metaspace: 118689K->118689K(1163264K)
[2020-08-05T19:15:18.429-0300] GC(1469) Pause Young (Allocation Failure) 129M->106M(168M) 3.303ms
[2020-08-05T19:15:18.429-0300] GC(1469) User=0.01s Sys=0.01s Real=0.00s
[2020-08-05T19:15:33.998-0300] GC(1470) Pause Young (Allocation Failure)
[2020-08-05T19:15:34.003-0300] GC(1470) PSYoungGen: 28391K->4697K(30208K)
[2020-08-05T19:15:34.003-0300] GC(1470) ParOldGen: 104685K->104829K(142848K)
[2020-08-05T19:15:34.003-0300] GC(1470) Metaspace: 118689K->118689K(1163264K)
[2020-08-05T19:15:34.003-0300] GC(1470) Pause Young (Allocation Failure) 129M->106M(169M) 4.843ms
[2020-08-05T19:15:34.003-0300] GC(1470) User=0.01s Sys=0.00s Real=0.00s
[2020-08-05T19:15:49.845-0300] GC(1471) Pause Young (Allocation Failure)
[2020-08-05T19:15:49.849-0300] GC(1471) PSYoungGen: 28761K->4889K(30208K)
[2020-08-05T19:15:49.849-0300] GC(1471) ParOldGen: 104829K->104925K(142848K)
[2020-08-05T19:15:49.849-0300] GC(1471) Metaspace: 118689K->118689K(1163264K)
[2020-08-05T19:15:49.849-0300] GC(1471) Pause Young (Allocation Failure) 130M->107M(169M) 3.647ms
[2020-08-05T19:15:49.849-0300] GC(1471) User=0.01s Sys=0.00s Real=0.00s
[2020-08-05T19:16:01.013-0300] GC(1472) Pause Young (Allocation Failure)
[2020-08-05T19:16:01.017-0300] GC(1472) PSYoungGen: 28953K->5001K(30208K)
[2020-08-05T19:16:01.017-0300] GC(1472) ParOldGen: 104925K->105214K(142848K)
[2020-08-05T19:16:01.017-0300] GC(1472) Metaspace: 118689K->118689K(1163264K)
[2020-08-05T19:16:01.017-0300] GC(1472) Pause Young (Allocation Failure) 130M->107M(169M) 4.113ms
[2020-08-05T19:16:01.017-0300] GC(1472) User=0.01s Sys=0.00s Real=0.01s
[2020-08-05T19:16:14.566-0300] GC(1473) Pause Young (Allocation Failure)
[2020-08-05T19:16:14.569-0300] GC(1473) PSYoungGen: 28553K->5001K(30720K)
[2020-08-05T19:16:14.569-0300] GC(1473) ParOldGen: 105214K->105399K(142848K)
[2020-08-05T19:16:14.569-0300] GC(1473) Metaspace: 118689K->118689K(1163264K)
[2020-08-05T19:16:14.569-0300] GC(1473) Pause Young (Allocation Failure) 130M->107M(169M) 3.567ms
[2020-08-05T19:16:14.569-0300] GC(1473) User=0.01s Sys=0.00s Real=0.00s
[2020-08-05T19:16:16.471-0300] GC(1474) Pause Young (Allocation Failure)
[2020-08-05T19:16:16.474-0300] GC(1474) PSYoungGen: 28553K->5032K(30720K)
[2020-08-05T19:16:16.474-0300] GC(1474) ParOldGen: 105399K->105576K(142848K)
[2020-08-05T19:16:16.474-0300] GC(1474) Metaspace: 118689K->118689K(1163264K)
[2020-08-05T19:16:16.474-0300] GC(1474) Pause Young (Allocation Failure) 130M->108M(169M) 3.160ms
[2020-08-05T19:16:16.474-0300] GC(1474) User=0.01s Sys=0.00s Real=0.00s
[2020-08-05T19:16:18.382-0300] GC(1475) Pause Young (Allocation Failure)
[2020-08-05T19:16:18.385-0300] GC(1475) PSYoungGen: 28584K->5127K(30720K)
[2020-08-05T19:16:18.385-0300] GC(1475) ParOldGen: 105576K->105705K(142848K)
[2020-08-05T19:16:18.385-0300] GC(1475) Metaspace: 118689K->118689K(1163264K)
[2020-08-05T19:16:18.385-0300] GC(1475) Pause Young (Allocation Failure) 131M->108M(169M) 3.421ms
[2020-08-05T19:16:18.385-0300] GC(1475) User=0.01s Sys=0.00s Real=0.01s
[2020-08-05T19:16:20.284-0300] GC(1476) Pause Young (Allocation Failure)
[2020-08-05T19:16:20.289-0300] GC(1476) PSYoungGen: 28679K->5079K(31232K)
[2020-08-05T19:16:20.289-0300] GC(1476) ParOldGen: 105705K->105761K(142848K)
[2020-08-05T19:16:20.289-0300] GC(1476) Metaspace: 118689K->118689K(1163264K)
[2020-08-05T19:16:20.289-0300] GC(1476) Pause Young (Allocation Failure) 131M->108M(170M) 4.572ms
[2020-08-05T19:16:20.289-0300] GC(1476) User=0.01s Sys=0.01s Real=0.00s
[2020-08-05T19:16:22.202-0300] GC(1477) Pause Young (Allocation Failure)
[2020-08-05T19:16:22.205-0300] GC(1477) PSYoungGen: 28631K->4103K(28160K)
[2020-08-05T19:16:22.205-0300] GC(1477) ParOldGen: 105761K->106801K(142848K)
[2020-08-05T19:16:22.205-0300] GC(1477) Metaspace: 118689K->118689K(1163264K)
[2020-08-05T19:16:22.205-0300] GC(1477) Pause Young (Allocation Failure) 131M->108M(167M) 3.128ms
[2020-08-05T19:16:22.205-0300] GC(1477) User=0.01s Sys=0.00s Real=0.01s
[2020-08-05T19:16:28.147-0300] GC(1478) Pause Young (Allocation Failure)
[2020-08-05T19:16:28.150-0300] GC(1478) PSYoungGen: 27655K->3013K(30720K)
[2020-08-05T19:16:28.150-0300] GC(1478) ParOldGen: 106801K->107627K(142848K)
[2020-08-05T19:16:28.150-0300] GC(1478) Metaspace: 118689K->118689K(1163264K)
[2020-08-05T19:16:28.150-0300] GC(1478) Pause Young (Allocation Failure) 131M->108M(169M) 3.261ms
[2020-08-05T19:16:28.150-0300] GC(1478) User=0.01s Sys=0.00s Real=0.00s
[2020-08-05T19:16:54.848-0300] GC(1479) Pause Young (Allocation Failure)
[2020-08-05T19:16:54.851-0300] GC(1479) PSYoungGen: 26565K->2180K(30720K)
[2020-08-05T19:16:54.851-0300] GC(1479) ParOldGen: 107627K->108557K(142848K)
[2020-08-05T19:16:54.851-0300] GC(1479) Metaspace: 118689K->118689K(1163264K)
[2020-08-05T19:16:54.851-0300] GC(1479) Pause Young (Allocation Failure) 131M->108M(169M) 3.044ms
[2020-08-05T19:16:54.851-0300] GC(1479) User=0.01s Sys=0.00s Real=0.00s
[2020-08-05T19:17:19.845-0300] GC(1480) Pause Young (Allocation Failure)
[2020-08-05T19:17:19.849-0300] GC(1480) PSYoungGen: 25732K->1442K(30720K)
[2020-08-05T19:17:19.849-0300] GC(1480) ParOldGen: 108557K->109303K(142848K)
[2020-08-05T19:17:19.849-0300] GC(1480) Metaspace: 118694K->118694K(1163264K)
[2020-08-05T19:17:19.849-0300] GC(1480) Pause Young (Allocation Failure) 131M->108M(169M) 3.580ms
[2020-08-05T19:17:19.849-0300] GC(1480) User=0.01s Sys=0.00s Real=0.00s
[2020-08-05T19:17:34.845-0300] GC(1481) Pause Young (Allocation Failure)
[2020-08-05T19:17:34.848-0300] GC(1481) PSYoungGen: 24994K->1041K(30720K)
[2020-08-05T19:17:34.848-0300] GC(1481) ParOldGen: 109303K->109664K(142848K)
[2020-08-05T19:17:34.848-0300] GC(1481) Metaspace: 118694K->118694K(1163264K)
[2020-08-05T19:17:34.848-0300] GC(1481) Pause Young (Allocation Failure) 131M->108M(169M) 2.956ms
[2020-08-05T19:17:34.848-0300] GC(1481) User=0.01s Sys=0.00s Real=0.00s
[2020-08-05T19:17:49.920-0300] GC(1482) Pause Young (Allocation Failure)
[2020-08-05T19:17:49.927-0300] GC(1482) PSYoungGen: 24593K->1106K(30720K)
[2020-08-05T19:17:49.927-0300] GC(1482) ParOldGen: 109664K->109664K(142848K)
[2020-08-05T19:17:49.927-0300] GC(1482) Metaspace: 118694K->118694K(1163264K)
[2020-08-05T19:17:49.927-0300] GC(1482) Pause Young (Allocation Failure) 131M->108M(169M) 7.125ms
[2020-08-05T19:17:49.928-0300] GC(1482) User=0.01s Sys=0.00s Real=0.01s
[2020-08-05T19:18:05.796-0300] GC(1483) Pause Young (Allocation Failure)
[2020-08-05T19:18:05.799-0300] GC(1483) PSYoungGen: 24658K->1315K(30720K)
[2020-08-05T19:18:05.799-0300] GC(1483) ParOldGen: 109664K->109664K(142848K)
[2020-08-05T19:18:05.799-0300] GC(1483) Metaspace: 118694K->118694K(1163264K)
[2020-08-05T19:18:05.799-0300] GC(1483) Pause Young (Allocation Failure) 131M->108M(169M) 3.973ms
[2020-08-05T19:18:05.800-0300] GC(1483) User=0.00s Sys=0.00s Real=0.00s
[2020-08-05T19:18:21.587-0300] GC(1484) Pause Young (Allocation Failure)
[2020-08-05T19:18:21.590-0300] GC(1484) PSYoungGen: 24867K->1747K(30720K)
[2020-08-05T19:18:21.590-0300] GC(1484) ParOldGen: 109664K->109664K(142848K)
[2020-08-05T19:18:21.590-0300] GC(1484) Metaspace: 118694K->118694K(1163264K)
[2020-08-05T19:18:21.590-0300] GC(1484) Pause Young (Allocation Failure) 131M->108M(169M) 2.953ms
[2020-08-05T19:18:21.590-0300] GC(1484) User=0.00s Sys=0.00s Real=0.00s
[2020-08-05T19:18:37.482-0300] GC(1485) Pause Young (Allocation Failure)
[2020-08-05T19:18:37.485-0300] GC(1485) PSYoungGen: 25299K->2340K(26112K)
[2020-08-05T19:18:37.485-0300] GC(1485) ParOldGen: 109664K->109664K(142848K)
[2020-08-05T19:18:37.485-0300] GC(1485) Metaspace: 118694K->118694K(1163264K)
[2020-08-05T19:18:37.485-0300] GC(1485) Pause Young (Allocation Failure) 131M->109M(165M) 2.590ms
[2020-08-05T19:18:37.485-0300] GC(1485) User=0.00s Sys=0.00s Real=0.01s
[2020-08-05T19:18:52.850-0300] GC(1486) Pause Young (Allocation Failure)
[2020-08-05T19:18:52.853-0300] GC(1486) PSYoungGen: 25892K->2789K(29184K)
[2020-08-05T19:18:52.853-0300] GC(1486) ParOldGen: 109664K->109664K(142848K)
[2020-08-05T19:18:52.853-0300] GC(1486) Metaspace: 118694K->118694K(1163264K)
[2020-08-05T19:18:52.853-0300] GC(1486) Pause Young (Allocation Failure) 132M->109M(168M) 2.951ms
[2020-08-05T19:18:52.853-0300] GC(1486) User=0.00s Sys=0.00s Real=0.00s
[2020-08-05T19:19:07.276-0300] GC(1487) Pause Young (Allocation Failure)
[2020-08-05T19:19:07.282-0300] GC(1487) PSYoungGen: 26341K->3110K(29696K)
[2020-08-05T19:19:07.282-0300] GC(1487) ParOldGen: 109664K->109921K(142848K)
[2020-08-05T19:19:07.282-0300] GC(1487) Metaspace: 118694K->118694K(1163264K)
[2020-08-05T19:19:07.282-0300] GC(1487) Pause Young (Allocation Failure) 132M->110M(168M) 5.450ms
[2020-08-05T19:19:07.282-0300] GC(1487) User=0.01s Sys=0.00s Real=0.00s
[2020-08-05T19:19:19.010-0300] GC(1488) Pause Young (Allocation Failure)
[2020-08-05T19:19:19.013-0300] GC(1488) PSYoungGen: 26662K->3254K(29696K)
[2020-08-05T19:19:19.013-0300] GC(1488) ParOldGen: 109921K->110138K(142848K)
[2020-08-05T19:19:19.013-0300] GC(1488) Metaspace: 118694K->118694K(1163264K)
[2020-08-05T19:19:19.013-0300] GC(1488) Pause Young (Allocation Failure) 133M->110M(168M) 3.360ms
[2020-08-05T19:19:19.014-0300] GC(1488) User=0.01s Sys=0.00s Real=0.00s
[2020-08-05T19:19:31.013-0300] GC(1489) Pause Young (Allocation Failure)
[2020-08-05T19:19:31.015-0300] GC(1489) PSYoungGen: 26806K->3414K(29696K)
[2020-08-05T19:19:31.015-0300] GC(1489) ParOldGen: 110138K->110178K(142848K)
[2020-08-05T19:19:31.015-0300] GC(1489) Metaspace: 118694K->118694K(1163264K)
[2020-08-05T19:19:31.015-0300] GC(1489) Pause Young (Allocation Failure) 133M->110M(168M) 2.788ms
[2020-08-05T19:19:31.015-0300] GC(1489) User=0.01s Sys=0.01s Real=0.01s
[2020-08-05T19:19:32.918-0300] GC(1490) Pause Young (Allocation Failure)
[2020-08-05T19:19:32.921-0300] GC(1490) PSYoungGen: 26966K->3591K(29696K)
[2020-08-05T19:19:32.921-0300] GC(1490) ParOldGen: 110178K->110250K(142848K)
[2020-08-05T19:19:32.921-0300] GC(1490) Metaspace: 118694K->118694K(1163264K)
[2020-08-05T19:19:32.921-0300] GC(1490) Pause Young (Allocation Failure) 133M->111M(168M) 2.994ms
[2020-08-05T19:19:32.921-0300] GC(1490) User=0.01s Sys=0.00s Real=0.00s
[2020-08-05T19:19:34.834-0300] GC(1491) Pause Young (Allocation Failure)
[2020-08-05T19:19:34.838-0300] GC(1491) PSYoungGen: 27143K->3687K(29696K)
[2020-08-05T19:19:34.838-0300] GC(1491) ParOldGen: 110250K->110290K(142848K)
[2020-08-05T19:19:34.838-0300] GC(1491) Metaspace: 118694K->118694K(1163264K)
[2020-08-05T19:19:34.838-0300] GC(1491) Pause Young (Allocation Failure) 134M->111M(168M) 4.318ms
[2020-08-05T19:19:34.838-0300] GC(1491) User=0.01s Sys=0.00s Real=0.01s
[2020-08-05T19:19:36.734-0300] GC(1492) Pause Young (Allocation Failure)
[2020-08-05T19:19:36.737-0300] GC(1492) PSYoungGen: 27239K->3800K(29696K)
[2020-08-05T19:19:36.737-0300] GC(1492) ParOldGen: 110290K->110346K(142848K)
[2020-08-05T19:19:36.737-0300] GC(1492) Metaspace: 118696K->118696K(1163264K)
[2020-08-05T19:19:36.737-0300] GC(1492) Pause Young (Allocation Failure) 134M->111M(168M) 3.697ms
[2020-08-05T19:19:36.737-0300] GC(1492) User=0.01s Sys=0.00s Real=0.01s
[2020-08-05T19:19:38.661-0300] GC(1493) Pause Young (Allocation Failure)
[2020-08-05T19:19:38.665-0300] GC(1493) PSYoungGen: 27352K->3815K(29696K)
[2020-08-05T19:19:38.665-0300] GC(1493) ParOldGen: 110346K->110450K(142848K)
[2020-08-05T19:19:38.665-0300] GC(1493) Metaspace: 118696K->118696K(1163264K)
[2020-08-05T19:19:38.665-0300] GC(1493) Pause Young (Allocation Failure) 134M->111M(168M) 3.511ms
[2020-08-05T19:19:38.665-0300] GC(1493) User=0.01s Sys=0.00s Real=0.01s
[2020-08-05T19:19:44.849-0300] GC(1494) Pause Young (Allocation Failure)
[2020-08-05T19:19:44.852-0300] GC(1494) PSYoungGen: 27366K->3248K(28672K)
[2020-08-05T19:19:44.852-0300] GC(1494) ParOldGen: 110450K->110763K(142848K)
[2020-08-05T19:19:44.852-0300] GC(1494) Metaspace: 118696K->118696K(1163264K)
[2020-08-05T19:19:44.852-0300] GC(1494) Pause Young (Allocation Failure) 134M->111M(167M) 3.099ms
[2020-08-05T19:19:44.852-0300] GC(1494) User=0.01s Sys=0.00s Real=0.00s
[2020-08-05T19:20:10.918-0300] GC(1495) Pause Young (Allocation Failure)
[2020-08-05T19:20:10.922-0300] GC(1495) PSYoungGen: 26800K->3076K(29184K)
[2020-08-05T19:20:10.922-0300] GC(1495) ParOldGen: 110763K->111349K(142848K)
[2020-08-05T19:20:10.922-0300] GC(1495) Metaspace: 118696K->118696K(1163264K)
[2020-08-05T19:20:10.922-0300] GC(1495) Pause Young (Allocation Failure) 134M->111M(168M) 4.012ms
[2020-08-05T19:20:10.922-0300] GC(1495) User=0.01s Sys=0.00s Real=0.00s
[2020-08-05T19:20:37.110-0300] GC(1496) Pause Young (Allocation Failure)
[2020-08-05T19:20:37.113-0300] GC(1496) PSYoungGen: 26628K->2290K(29184K)
[2020-08-05T19:20:37.113-0300] GC(1496) ParOldGen: 111349K->112384K(142848K)
[2020-08-05T19:20:37.113-0300] GC(1496) Metaspace: 118696K->118696K(1163264K)
[2020-08-05T19:20:37.113-0300] GC(1496) Pause Young (Allocation Failure) 134M->111M(168M) 3.201ms
[2020-08-05T19:20:37.113-0300] GC(1496) User=0.00s Sys=0.00s Real=0.00s
[2020-08-05T19:20:55.008-0300] GC(1497) Pause Young (Allocation Failure)
[2020-08-05T19:20:55.012-0300] GC(1497) PSYoungGen: 25842K->2049K(29184K)
[2020-08-05T19:20:55.012-0300] GC(1497) ParOldGen: 112384K->112913K(142848K)
[2020-08-05T19:20:55.012-0300] GC(1497) Metaspace: 118696K->118696K(1163264K)
[2020-08-05T19:20:55.012-0300] GC(1497) Pause Young (Allocation Failure) 134M->112M(168M) 3.799ms
[2020-08-05T19:20:55.012-0300] GC(1497) User=0.01s Sys=0.00s Real=0.00s
[2020-08-05T19:21:22.103-0300] GC(1498) Pause Young (Allocation Failure)
[2020-08-05T19:21:22.107-0300] GC(1498) PSYoungGen: 25601K->2241K(28160K)
[2020-08-05T19:21:22.107-0300] GC(1498) ParOldGen: 112913K->112913K(142848K)
[2020-08-05T19:21:22.107-0300] GC(1498) Metaspace: 118696K->118696K(1163264K)
[2020-08-05T19:21:22.107-0300] GC(1498) Pause Young (Allocation Failure) 135M->112M(167M) 3.490ms
[2020-08-05T19:21:22.107-0300] GC(1498) User=0.01s Sys=0.00s Real=0.01s
[2020-08-05T19:21:44.975-0300] GC(1499) Pause Young (Allocation Failure)
[2020-08-05T19:21:44.979-0300] GC(1499) PSYoungGen: 25793K->2289K(28672K)
[2020-08-05T19:21:44.979-0300] GC(1499) ParOldGen: 112913K->112913K(142848K)
[2020-08-05T19:21:44.979-0300] GC(1499) Metaspace: 118696K->118696K(1163264K)
[2020-08-05T19:21:44.979-0300] GC(1499) Pause Young (Allocation Failure) 135M->112M(167M) 3.883ms
[2020-08-05T19:21:44.979-0300] GC(1499) User=0.01s Sys=0.00s Real=0.00s
[2020-08-05T19:22:00.687-0300] GC(1500) Pause Young (Allocation Failure)
[2020-08-05T19:22:00.690-0300] GC(1500) PSYoungGen: 25841K->2466K(28672K)
[2020-08-05T19:22:00.690-0300] GC(1500) ParOldGen: 112913K->112913K(142848K)
[2020-08-05T19:22:00.690-0300] GC(1500) Metaspace: 118696K->118696K(1163264K)
[2020-08-05T19:22:00.690-0300] GC(1500) Pause Young (Allocation Failure) 135M->112M(167M) 2.675ms
[2020-08-05T19:22:00.690-0300] GC(1500) User=0.01s Sys=0.00s Real=0.00s
[2020-08-05T19:22:16.006-0300] GC(1501) Pause Young (Allocation Failure)
[2020-08-05T19:22:16.011-0300] GC(1501) PSYoungGen: 26018K->2755K(28672K)
[2020-08-05T19:22:16.011-0300] GC(1501) ParOldGen: 112913K->112913K(142848K)
[2020-08-05T19:22:16.011-0300] GC(1501) Metaspace: 118696K->118696K(1163264K)
[2020-08-05T19:22:16.011-0300] GC(1501) Pause Young (Allocation Failure) 135M->112M(167M) 4.562ms
[2020-08-05T19:22:16.011-0300] GC(1501) User=0.00s Sys=0.00s Real=0.00s
[2020-08-05T19:22:29.845-0300] GC(1502) Pause Young (Allocation Failure)
[2020-08-05T19:22:29.849-0300] GC(1502) PSYoungGen: 26307K->3012K(27648K)
[2020-08-05T19:22:29.849-0300] GC(1502) ParOldGen: 112913K->112913K(142848K)
[2020-08-05T19:22:29.849-0300] GC(1502) Metaspace: 118698K->118698K(1163264K)
[2020-08-05T19:22:29.849-0300] GC(1502) Pause Young (Allocation Failure) 135M->113M(166M) 3.509ms
[2020-08-05T19:22:29.849-0300] GC(1502) User=0.01s Sys=0.00s Real=0.00s
[2020-08-05T19:22:44.627-0300] GC(1503) Pause Young (Allocation Failure)
[2020-08-05T19:22:44.630-0300] GC(1503) PSYoungGen: 26564K->2723K(28160K)
[2020-08-05T19:22:44.631-0300] GC(1503) ParOldGen: 112913K->113178K(142848K)
[2020-08-05T19:22:44.631-0300] GC(1503) Metaspace: 118698K->118698K(1163264K)
[2020-08-05T19:22:44.631-0300] GC(1503) Pause Young (Allocation Failure) 136M->113M(167M) 3.071ms
[2020-08-05T19:22:44.631-0300] GC(1503) User=0.01s Sys=0.00s Real=0.00s
[2020-08-05T19:22:46.537-0300] GC(1504) Pause Young (Allocation Failure)
[2020-08-05T19:22:46.543-0300] GC(1504) PSYoungGen: 26275K->2740K(28160K)
[2020-08-05T19:22:46.543-0300] GC(1504) ParOldGen: 113178K->113418K(142848K)
[2020-08-05T19:22:46.543-0300] GC(1504) Metaspace: 118698K->118698K(1163264K)
[2020-08-05T19:22:46.543-0300] GC(1504) Pause Young (Allocation Failure) 136M->113M(167M) 5.492ms
[2020-08-05T19:22:46.543-0300] GC(1504) User=0.01s Sys=0.00s Real=0.00s
[2020-08-05T19:22:48.620-0300] GC(1505) Pause Young (Allocation Failure)
[2020-08-05T19:22:48.624-0300] GC(1505) PSYoungGen: 26292K->2787K(26624K)
[2020-08-05T19:22:48.624-0300] GC(1505) ParOldGen: 113418K->113514K(142848K)
[2020-08-05T19:22:48.624-0300] GC(1505) Metaspace: 118698K->118698K(1163264K)
[2020-08-05T19:22:48.624-0300] GC(1505) Pause Young (Allocation Failure) 136M->113M(165M) 3.623ms
[2020-08-05T19:22:48.624-0300] GC(1505) User=0.00s Sys=0.00s Real=0.01s
[2020-08-05T19:22:58.452-0300] GC(1506) Pause Young (Allocation Failure)
[2020-08-05T19:22:58.455-0300] GC(1506) PSYoungGen: 26339K->2387K(27648K)
[2020-08-05T19:22:58.455-0300] GC(1506) ParOldGen: 113514K->113682K(142848K)
[2020-08-05T19:22:58.455-0300] GC(1506) Metaspace: 118698K->118698K(1163264K)
[2020-08-05T19:22:58.455-0300] GC(1506) Pause Young (Allocation Failure) 136M->113M(166M) 3.044ms
[2020-08-05T19:22:58.455-0300] GC(1506) User=0.00s Sys=0.00s Real=0.01s
[2020-08-05T19:23:24.846-0300] GC(1507) Pause Young (Allocation Failure)
[2020-08-05T19:23:24.850-0300] GC(1507) PSYoungGen: 25939K->2195K(27648K)
[2020-08-05T19:23:24.850-0300] GC(1507) ParOldGen: 113682K->114243K(142848K)
[2020-08-05T19:23:24.850-0300] GC(1507) Metaspace: 118698K->118698K(1163264K)
[2020-08-05T19:23:24.850-0300] GC(1507) Pause Young (Allocation Failure) 136M->113M(166M) 4.687ms
[2020-08-05T19:23:24.850-0300] GC(1507) User=0.00s Sys=0.00s Real=0.00s
[2020-08-05T19:23:49.434-0300] GC(1508) Pause Young (Allocation Failure)
[2020-08-05T19:23:49.436-0300] GC(1508) PSYoungGen: 25747K->2371K(27648K)
[2020-08-05T19:23:49.436-0300] GC(1508) ParOldGen: 114243K->114571K(142848K)
[2020-08-05T19:23:49.436-0300] GC(1508) Metaspace: 118698K->118698K(1163264K)
[2020-08-05T19:23:49.436-0300] GC(1508) Pause Young (Allocation Failure) 136M->114M(166M) 2.669ms
[2020-08-05T19:23:49.437-0300] GC(1508) User=0.01s Sys=0.01s Real=0.01s
[2020-08-05T19:24:04.848-0300] GC(1509) Pause Young (Allocation Failure)
[2020-08-05T19:24:04.851-0300] GC(1509) PSYoungGen: 25923K->2960K(27648K)
[2020-08-05T19:24:04.851-0300] GC(1509) ParOldGen: 114571K->114571K(142848K)
[2020-08-05T19:24:04.851-0300] GC(1509) Metaspace: 118698K->118698K(1163264K)
[2020-08-05T19:24:04.851-0300] GC(1509) Pause Young (Allocation Failure) 137M->114M(166M) 2.883ms
[2020-08-05T19:24:04.851-0300] GC(1509) User=0.01s Sys=0.00s Real=0.00s
[2020-08-05T19:24:19.848-0300] GC(1510) Pause Young (Allocation Failure)
[2020-08-05T19:24:19.851-0300] GC(1510) PSYoungGen: 26512K->3318K(27648K)
[2020-08-05T19:24:19.851-0300] GC(1510) ParOldGen: 114571K->114571K(142848K)
[2020-08-05T19:24:19.851-0300] GC(1510) Metaspace: 118698K->118698K(1163264K)
[2020-08-05T19:24:19.851-0300] GC(1510) Pause Young (Allocation Failure) 137M->115M(166M) 3.350ms
[2020-08-05T19:24:19.851-0300] GC(1510) User=0.01s Sys=0.00s Real=0.00s
[2020-08-05T19:24:34.848-0300] GC(1511) Pause Young (Allocation Failure)
[2020-08-05T19:24:34.852-0300] GC(1511) PSYoungGen: 26870K->3590K(27648K)
[2020-08-05T19:24:34.852-0300] GC(1511) ParOldGen: 114571K->114571K(142848K)
[2020-08-05T19:24:34.852-0300] GC(1511) Metaspace: 118706K->118706K(1163264K)
[2020-08-05T19:24:34.852-0300] GC(1511) Pause Young (Allocation Failure) 138M->115M(166M) 4.549ms
[2020-08-05T19:24:34.852-0300] GC(1511) User=0.01s Sys=0.00s Real=0.00s
[2020-08-05T19:24:49.848-0300] GC(1512) Pause Young (Allocation Failure)
[2020-08-05T19:24:49.852-0300] GC(1512) PSYoungGen: 27142K->3638K(28160K)
[2020-08-05T19:24:49.852-0300] GC(1512) ParOldGen: 114571K->114875K(142848K)
[2020-08-05T19:24:49.852-0300] GC(1512) Metaspace: 118706K->118706K(1163264K)
[2020-08-05T19:24:49.852-0300] GC(1512) Pause Young (Allocation Failure) 138M->115M(167M) 3.964ms
[2020-08-05T19:24:49.852-0300] GC(1512) User=0.01s Sys=0.00s Real=0.00s
[2020-08-05T19:24:54.656-0300] GC(1513) Pause Young (Allocation Failure)
[2020-08-05T19:24:54.659-0300] GC(1513) PSYoungGen: 27190K->3703K(28160K)
[2020-08-05T19:24:54.659-0300] GC(1513) ParOldGen: 114875K->115123K(142848K)
[2020-08-05T19:24:54.659-0300] GC(1513) Metaspace: 118706K->118706K(1163264K)
[2020-08-05T19:24:54.659-0300] GC(1513) Pause Young (Allocation Failure) 138M->116M(167M) 3.051ms
[2020-08-05T19:24:54.659-0300] GC(1513) User=0.01s Sys=0.00s Real=0.00s
[2020-08-05T19:24:56.395-0300] GC(1514) Pause Young (Allocation Failure)
[2020-08-05T19:24:56.399-0300] GC(1514) PSYoungGen: 27255K->3958K(27648K)
[2020-08-05T19:24:56.399-0300] GC(1514) ParOldGen: 115123K->115203K(142848K)
[2020-08-05T19:24:56.399-0300] GC(1514) Metaspace: 118706K->118706K(1163264K)
[2020-08-05T19:24:56.399-0300] GC(1514) Pause Young (Allocation Failure) 139M->116M(166M) 3.627ms
[2020-08-05T19:24:56.399-0300] GC(1514) User=0.00s Sys=0.00s Real=0.00s
[2020-08-05T19:24:59.004-0300] GC(1515) Pause Young (Allocation Failure)
[2020-08-05T19:24:59.008-0300] GC(1515) PSYoungGen: 26998K->3605K(28160K)
[2020-08-05T19:24:59.008-0300] GC(1515) ParOldGen: 115203K->115533K(142848K)
[2020-08-05T19:24:59.008-0300] GC(1515) Metaspace: 118706K->118706K(1163264K)
[2020-08-05T19:24:59.008-0300] GC(1515) Pause Young (Allocation Failure) 138M->116M(167M) 4.072ms
[2020-08-05T19:24:59.008-0300] GC(1515) User=0.00s Sys=0.00s Real=0.01s
[2020-08-05T19:25:24.111-0300] GC(1516) Pause Young (Allocation Failure)
[2020-08-05T19:25:24.114-0300] GC(1516) PSYoungGen: 26645K->3395K(28160K)
[2020-08-05T19:25:24.114-0300] GC(1516) ParOldGen: 115533K->115831K(142848K)
[2020-08-05T19:25:24.114-0300] GC(1516) Metaspace: 118706K->118706K(1163264K)
[2020-08-05T19:25:24.114-0300] GC(1516) Pause Young (Allocation Failure) 138M->116M(167M) 3.109ms
[2020-08-05T19:25:24.114-0300] GC(1516) User=0.01s Sys=0.00s Real=0.01s
[2020-08-05T19:25:49.847-0300] GC(1517) Pause Young (Allocation Failure)
[2020-08-05T19:25:49.850-0300] GC(1517) PSYoungGen: 26435K->3732K(28160K)
[2020-08-05T19:25:49.850-0300] GC(1517) ParOldGen: 115831K->115871K(142848K)
[2020-08-05T19:25:49.850-0300] GC(1517) Metaspace: 118706K->118706K(1163264K)
[2020-08-05T19:25:49.850-0300] GC(1517) Pause Young (Allocation Failure) 138M->116M(167M) 2.840ms
[2020-08-05T19:25:49.850-0300] GC(1517) User=0.00s Sys=0.00s Real=0.00s
[2020-08-05T19:26:08.035-0300] GC(1518) Pause Young (Allocation Failure)
[2020-08-05T19:26:08.039-0300] GC(1518) PSYoungGen: 26772K->3908K(28160K)
[2020-08-05T19:26:08.039-0300] GC(1518) ParOldGen: 115871K->115871K(142848K)
[2020-08-05T19:26:08.039-0300] GC(1518) Metaspace: 118706K->118706K(1163264K)
[2020-08-05T19:26:08.039-0300] GC(1518) Pause Young (Allocation Failure) 139M->116M(167M) 3.614ms
[2020-08-05T19:26:08.039-0300] GC(1518) User=0.01s Sys=0.00s Real=0.00s
[2020-08-05T19:26:21.325-0300] GC(1519) Pause Young (Allocation Failure)
[2020-08-05T19:26:21.329-0300] GC(1519) PSYoungGen: 26948K->4166K(28160K)
[2020-08-05T19:26:21.329-0300] GC(1519) ParOldGen: 115871K->115871K(142848K)
[2020-08-05T19:26:21.329-0300] GC(1519) Metaspace: 118706K->118706K(1163264K)
[2020-08-05T19:26:21.329-0300] GC(1519) Pause Young (Allocation Failure) 139M->117M(167M) 3.633ms
[2020-08-05T19:26:21.329-0300] GC(1519) User=0.01s Sys=0.00s Real=0.00s
[2020-08-05T19:26:36.001-0300] GC(1520) Pause Young (Allocation Failure)
[2020-08-05T19:26:36.004-0300] GC(1520) PSYoungGen: 27203K->4454K(27648K)
[2020-08-05T19:26:36.004-0300] GC(1520) ParOldGen: 115871K->115911K(142848K)
[2020-08-05T19:26:36.004-0300] GC(1520) Metaspace: 118706K->118706K(1163264K)
[2020-08-05T19:26:36.004-0300] GC(1520) Pause Young (Allocation Failure) 139M->117M(166M) 3.490ms
[2020-08-05T19:26:36.004-0300] GC(1520) User=0.00s Sys=0.00s Real=0.01s
[2020-08-05T19:26:51.000-0300] GC(1521) Pause Young (Allocation Failure)
[2020-08-05T19:26:51.003-0300] GC(1521) PSYoungGen: 26982K->4567K(28160K)
[2020-08-05T19:26:51.003-0300] GC(1521) ParOldGen: 115911K->115951K(142848K)
[2020-08-05T19:26:51.003-0300] GC(1521) Metaspace: 118706K->118706K(1163264K)
[2020-08-05T19:26:51.003-0300] GC(1521) Pause Young (Allocation Failure) 139M->117M(167M) 3.434ms
[2020-08-05T19:26:51.003-0300] GC(1521) User=0.00s Sys=0.01s Real=0.00s
[2020-08-05T19:27:02.184-0300] GC(1522) Pause Young (Allocation Failure)
[2020-08-05T19:27:02.189-0300] GC(1522) PSYoungGen: 27094K->4359K(28160K)
[2020-08-05T19:27:02.189-0300] GC(1522) ParOldGen: 115951K->116335K(142848K)
[2020-08-05T19:27:02.189-0300] GC(1522) Metaspace: 118706K->118706K(1163264K)
[2020-08-05T19:27:02.189-0300] GC(1522) Pause Young (Allocation Failure) 139M->117M(167M) 5.787ms
[2020-08-05T19:27:02.190-0300] GC(1522) User=0.01s Sys=0.00s Real=0.01s
[2020-08-05T19:27:04.053-0300] GC(1523) Pause Young (Allocation Failure)
[2020-08-05T19:27:04.056-0300] GC(1523) PSYoungGen: 26887K->3847K(28160K)
[2020-08-05T19:27:04.056-0300] GC(1523) ParOldGen: 116335K->116983K(142848K)
[2020-08-05T19:27:04.056-0300] GC(1523) Metaspace: 118706K->118706K(1163264K)
[2020-08-05T19:27:04.056-0300] GC(1523) Pause Young (Allocation Failure) 139M->117M(167M) 3.145ms
[2020-08-05T19:27:04.056-0300] GC(1523) User=0.01s Sys=0.00s Real=0.01s
[2020-08-05T19:27:05.911-0300] GC(1524) Pause Young (Allocation Failure)
[2020-08-05T19:27:05.915-0300] GC(1524) PSYoungGen: 26375K->3510K(28160K)
[2020-08-05T19:27:05.915-0300] GC(1524) ParOldGen: 116983K->117504K(142848K)
[2020-08-05T19:27:05.915-0300] GC(1524) Metaspace: 118706K->118706K(1163264K)
[2020-08-05T19:27:05.915-0300] GC(1524) Pause Young (Allocation Failure) 139M->118M(167M) 4.006ms
[2020-08-05T19:27:05.915-0300] GC(1524) User=0.01s Sys=0.00s Real=0.01s
[2020-08-05T19:27:16.999-0300] GC(1525) Pause Young (Allocation Failure)
[2020-08-05T19:27:17.003-0300] GC(1525) PSYoungGen: 26038K->2692K(28160K)
[2020-08-05T19:27:17.003-0300] GC(1525) ParOldGen: 117504K->118123K(142848K)
[2020-08-05T19:27:17.003-0300] GC(1525) Metaspace: 118706K->118706K(1163264K)
[2020-08-05T19:27:17.003-0300] GC(1525) Pause Young (Allocation Failure) 140M->117M(167M) 3.320ms
[2020-08-05T19:27:17.003-0300] GC(1525) User=0.00s Sys=0.00s Real=0.00s
[2020-08-05T19:27:39.848-0300] GC(1526) Pause Young (Allocation Failure)
[2020-08-05T19:27:39.852-0300] GC(1526) PSYoungGen: 25220K->2371K(28160K)
[2020-08-05T19:27:39.852-0300] GC(1526) ParOldGen: 118123K->118580K(142848K)
[2020-08-05T19:27:39.852-0300] GC(1526) Metaspace: 118706K->118706K(1163264K)
[2020-08-05T19:27:39.852-0300] GC(1526) Pause Young (Allocation Failure) 139M->118M(167M) 4.046ms
[2020-08-05T19:27:39.852-0300] GC(1526) User=0.01s Sys=0.00s Real=0.00s
[2020-08-05T19:28:05.234-0300] GC(1527) Pause Young (Allocation Failure)
[2020-08-05T19:28:05.240-0300] GC(1527) PSYoungGen: 24899K->2115K(28160K)
[2020-08-05T19:28:05.240-0300] GC(1527) ParOldGen: 118580K->118612K(142848K)
[2020-08-05T19:28:05.240-0300] GC(1527) Metaspace: 118706K->118706K(1163264K)
[2020-08-05T19:28:05.240-0300] GC(1527) Pause Young (Allocation Failure) 140M->117M(167M) 5.512ms
[2020-08-05T19:28:05.240-0300] GC(1527) User=0.01s Sys=0.00s Real=0.00s
[2020-08-05T19:28:19.248-0300] GC(1528) Pause Young (Allocation Failure)
[2020-08-05T19:28:19.251-0300] GC(1528) PSYoungGen: 24643K->2419K(28160K)
[2020-08-05T19:28:19.251-0300] GC(1528) ParOldGen: 118612K->118612K(142848K)
[2020-08-05T19:28:19.251-0300] GC(1528) Metaspace: 118706K->118706K(1163264K)
[2020-08-05T19:28:19.251-0300] GC(1528) Pause Young (Allocation Failure) 139M->118M(167M) 3.000ms
[2020-08-05T19:28:19.251-0300] GC(1528) User=0.01s Sys=0.00s Real=0.00s
[2020-08-05T19:28:33.225-0300] GC(1529) Pause Young (Allocation Failure)
[2020-08-05T19:28:33.228-0300] GC(1529) PSYoungGen: 24947K->3014K(28160K)
[2020-08-05T19:28:33.228-0300] GC(1529) ParOldGen: 118612K->118612K(142848K)
[2020-08-05T19:28:33.228-0300] GC(1529) Metaspace: 118706K->118706K(1163264K)
[2020-08-05T19:28:33.228-0300] GC(1529) Pause Young (Allocation Failure) 140M->118M(167M) 2.672ms
[2020-08-05T19:28:33.228-0300] GC(1529) User=0.01s Sys=0.00s Real=0.00s
[2020-08-05T19:28:49.041-0300] GC(1530) Pause Young (Allocation Failure)
[2020-08-05T19:28:49.044-0300] GC(1530) PSYoungGen: 25542K->3366K(27136K)
[2020-08-05T19:28:49.044-0300] GC(1530) ParOldGen: 118612K->118716K(142848K)
[2020-08-05T19:28:49.044-0300] GC(1530) Metaspace: 118706K->118706K(1163264K)
[2020-08-05T19:28:49.044-0300] GC(1530) Pause Young (Allocation Failure) 140M->119M(166M) 3.110ms
[2020-08-05T19:28:49.044-0300] GC(1530) User=0.00s Sys=0.00s Real=0.01s
[2020-08-05T19:29:03.337-0300] GC(1531) Pause Young (Allocation Failure)
[2020-08-05T19:29:03.340-0300] GC(1531) PSYoungGen: 25894K->3542K(27648K)
[2020-08-05T19:29:03.340-0300] GC(1531) ParOldGen: 118716K->119140K(142848K)
[2020-08-05T19:29:03.340-0300] GC(1531) Metaspace: 118706K->118706K(1163264K)
[2020-08-05T19:29:03.340-0300] GC(1531) Pause Young (Allocation Failure) 141M->119M(166M) 3.099ms
[2020-08-05T19:29:03.340-0300] GC(1531) User=0.01s Sys=0.00s Real=0.00s
[2020-08-05T19:29:11.141-0300] GC(1532) Pause Young (Allocation Failure)
[2020-08-05T19:29:11.144-0300] GC(1532) PSYoungGen: 26070K->3479K(27648K)
[2020-08-05T19:29:11.144-0300] GC(1532) ParOldGen: 119140K->119524K(142848K)
[2020-08-05T19:29:11.144-0300] GC(1532) Metaspace: 118706K->118706K(1163264K)
[2020-08-05T19:29:11.144-0300] GC(1532) Pause Young (Allocation Failure) 141M->120M(166M) 3.710ms
[2020-08-05T19:29:11.144-0300] GC(1532) User=0.01s Sys=0.00s Real=0.01s
[2020-08-05T19:29:13.091-0300] GC(1533) Pause Young (Allocation Failure)
[2020-08-05T19:29:13.094-0300] GC(1533) PSYoungGen: 26007K->3624K(27648K)
[2020-08-05T19:29:13.094-0300] GC(1533) ParOldGen: 119524K->119813K(142848K)
[2020-08-05T19:29:13.094-0300] GC(1533) Metaspace: 118708K->118708K(1163264K)
[2020-08-05T19:29:13.094-0300] GC(1533) Pause Young (Allocation Failure) 142M->120M(166M) 3.606ms
[2020-08-05T19:29:13.094-0300] GC(1533) User=0.01s Sys=0.00s Real=0.01s
[2020-08-05T19:29:14.786-0300] GC(1534) Pause Young (Allocation Failure)
[2020-08-05T19:29:14.789-0300] GC(1534) PSYoungGen: 26152K->3447K(27648K)
[2020-08-05T19:29:14.789-0300] GC(1534) ParOldGen: 119813K->120078K(142848K)
[2020-08-05T19:29:14.789-0300] GC(1534) Metaspace: 118708K->118708K(1163264K)
[2020-08-05T19:29:14.789-0300] GC(1534) Pause Young (Allocation Failure) 142M->120M(166M) 3.483ms
[2020-08-05T19:29:14.789-0300] GC(1534) User=0.01s Sys=0.00s Real=0.00s
[2020-08-05T19:29:28.998-0300] GC(1535) Pause Young (Allocation Failure)
[2020-08-05T19:29:29.001-0300] GC(1535) PSYoungGen: 25975K->3059K(27648K)
[2020-08-05T19:29:29.001-0300] GC(1535) ParOldGen: 120078K->120367K(142848K)
[2020-08-05T19:29:29.001-0300] GC(1535) Metaspace: 118708K->118708K(1163264K)
[2020-08-05T19:29:29.001-0300] GC(1535) Pause Young (Allocation Failure) 142M->120M(166M) 3.253ms
[2020-08-05T19:29:29.001-0300] GC(1535) User=0.01s Sys=0.00s Real=0.00s
[2020-08-05T19:29:54.388-0300] GC(1536) Pause Young (Allocation Failure)
[2020-08-05T19:29:54.392-0300] GC(1536) PSYoungGen: 25587K->3091K(26624K)
[2020-08-05T19:29:54.392-0300] GC(1536) ParOldGen: 120367K->120512K(142848K)
[2020-08-05T19:29:54.392-0300] GC(1536) Metaspace: 118708K->118708K(1163264K)
[2020-08-05T19:29:54.392-0300] GC(1536) Pause Young (Allocation Failure) 142M->120M(165M) 3.284ms
[2020-08-05T19:29:54.392-0300] GC(1536) User=0.01s Sys=0.00s Real=0.00s
[2020-08-05T19:30:15.401-0300] GC(1537) Pause Young (Allocation Failure)
[2020-08-05T19:30:15.405-0300] GC(1537) PSYoungGen: 25619K->3364K(27136K)
[2020-08-05T19:30:15.405-0300] GC(1537) ParOldGen: 120512K->120512K(142848K)
[2020-08-05T19:30:15.405-0300] GC(1537) Metaspace: 118708K->118708K(1163264K)
[2020-08-05T19:30:15.405-0300] GC(1537) Pause Young (Allocation Failure) 142M->120M(166M) 3.480ms
[2020-08-05T19:30:15.405-0300] GC(1537) User=0.01s Sys=0.00s Real=0.01s
[2020-08-05T19:30:31.251-0300] GC(1538) Pause Young (Allocation Failure)
[2020-08-05T19:30:31.254-0300] GC(1538) PSYoungGen: 25892K->3828K(27136K)
[2020-08-05T19:30:31.254-0300] GC(1538) ParOldGen: 120512K->120512K(142848K)
[2020-08-05T19:30:31.254-0300] GC(1538) Metaspace: 118708K->118708K(1163264K)
[2020-08-05T19:30:31.254-0300] GC(1538) Pause Young (Allocation Failure) 142M->121M(166M) 3.088ms
[2020-08-05T19:30:31.254-0300] GC(1538) User=0.01s Sys=0.00s Real=0.01s
[2020-08-05T19:30:45.014-0300] GC(1539) Pause Young (Allocation Failure)
[2020-08-05T19:30:45.018-0300] GC(1539) PSYoungGen: 26356K->4149K(27136K)
[2020-08-05T19:30:45.018-0300] GC(1539) ParOldGen: 120512K->120552K(142848K)
[2020-08-05T19:30:45.019-0300] GC(1539) Metaspace: 118708K->118708K(1163264K)
[2020-08-05T19:30:45.019-0300] GC(1539) Pause Young (Allocation Failure) 143M->121M(166M) 4.121ms
[2020-08-05T19:30:45.019-0300] GC(1539) User=0.01s Sys=0.00s Real=0.00s
[2020-08-05T19:30:59.846-0300] GC(1540) Pause Young (Allocation Failure)
[2020-08-05T19:30:59.849-0300] GC(1540) PSYoungGen: 26677K->4438K(27648K)
[2020-08-05T19:30:59.849-0300] GC(1540) ParOldGen: 120552K->120592K(142848K)
[2020-08-05T19:30:59.849-0300] GC(1540) Metaspace: 118708K->118708K(1163264K)
[2020-08-05T19:30:59.849-0300] GC(1540) Pause Young (Allocation Failure) 143M->122M(166M) 2.764ms
[2020-08-05T19:30:59.849-0300] GC(1540) User=0.01s Sys=0.00s Real=0.00s
[2020-08-05T19:31:14.023-0300] GC(1541) Pause Young (Allocation Failure)
[2020-08-05T19:31:14.029-0300] GC(1541) PSYoungGen: 26966K->4711K(27648K)
[2020-08-05T19:31:14.029-0300] GC(1541) ParOldGen: 120592K->120648K(142848K)
[2020-08-05T19:31:14.029-0300] GC(1541) Metaspace: 118708K->118708K(1163264K)
[2020-08-05T19:31:14.029-0300] GC(1541) Pause Young (Allocation Failure) 144M->122M(166M) 5.916ms
[2020-08-05T19:31:14.029-0300] GC(1541) User=0.01s Sys=0.00s Real=0.01s
[2020-08-05T19:31:29.467-0300] GC(1542) Pause Young (Allocation Failure)
[2020-08-05T19:31:29.470-0300] GC(1542) PSYoungGen: 27239K->5016K(28160K)
[2020-08-05T19:31:29.470-0300] GC(1542) ParOldGen: 120648K->120712K(142848K)
[2020-08-05T19:31:29.470-0300] GC(1542) Metaspace: 118708K->118708K(1163264K)
[2020-08-05T19:31:29.470-0300] GC(1542) Pause Young (Allocation Failure) 144M->122M(167M) 3.547ms
[2020-08-05T19:31:29.470-0300] GC(1542) User=0.01s Sys=0.00s Real=0.00s
[2020-08-05T19:31:44.025-0300] GC(1543) Pause Young (Allocation Failure)
[2020-08-05T19:31:44.028-0300] GC(1543) PSYoungGen: 27544K->4840K(28160K)
[2020-08-05T19:31:44.028-0300] GC(1543) ParOldGen: 120712K->121049K(142848K)
[2020-08-05T19:31:44.028-0300] GC(1543) Metaspace: 118708K->118708K(1163264K)
[2020-08-05T19:31:44.028-0300] GC(1543) Pause Young (Allocation Failure) 144M->122M(167M) 3.635ms
[2020-08-05T19:31:44.028-0300] GC(1543) User=0.01s Sys=0.00s Real=0.00s
[2020-08-05T19:31:51.643-0300] GC(1544) Pause Young (Allocation Failure)
[2020-08-05T19:31:51.647-0300] GC(1544) PSYoungGen: 27368K->4391K(28672K)
[2020-08-05T19:31:51.647-0300] GC(1544) ParOldGen: 121049K->121594K(142848K)
[2020-08-05T19:31:51.647-0300] GC(1544) Metaspace: 118708K->118708K(1163264K)
[2020-08-05T19:31:51.647-0300] GC(1544) Pause Young (Allocation Failure) 144M->123M(167M) 3.403ms
[2020-08-05T19:31:51.647-0300] GC(1544) User=0.01s Sys=0.00s Real=0.01s
[2020-08-05T19:31:55.025-0300] GC(1545) Pause Young (Allocation Failure)
[2020-08-05T19:31:55.028-0300] GC(1545) PSYoungGen: 26919K->4086K(28672K)
[2020-08-05T19:31:55.028-0300] GC(1545) ParOldGen: 121594K->122091K(142848K)
[2020-08-05T19:31:55.028-0300] GC(1545) Metaspace: 118708K->118708K(1163264K)
[2020-08-05T19:31:55.028-0300] GC(1545) Pause Young (Allocation Failure) 145M->123M(167M) 3.522ms
[2020-08-05T19:31:55.028-0300] GC(1545) User=0.01s Sys=0.00s Real=0.00s
[2020-08-05T19:32:18.023-0300] GC(1546) Pause Young (Allocation Failure)
[2020-08-05T19:32:18.027-0300] GC(1546) PSYoungGen: 26614K->3638K(27648K)
[2020-08-05T19:32:18.027-0300] GC(1546) ParOldGen: 122091K->122620K(142848K)
[2020-08-05T19:32:18.027-0300] GC(1546) Metaspace: 118708K->118708K(1163264K)
[2020-08-05T19:32:18.027-0300] GC(1546) Pause Young (Allocation Failure) 145M->123M(166M) 3.680ms
[2020-08-05T19:32:18.027-0300] GC(1546) User=0.01s Sys=0.00s Real=0.01s
[2020-08-05T19:32:43.816-0300] GC(1547) Pause Young (Allocation Failure)
[2020-08-05T19:32:43.819-0300] GC(1547) PSYoungGen: 26166K->3124K(28160K)
[2020-08-05T19:32:43.819-0300] GC(1547) ParOldGen: 122620K->122845K(142848K)
[2020-08-05T19:32:43.819-0300] GC(1547) Metaspace: 118708K->118708K(1163264K)
[2020-08-05T19:32:43.819-0300] GC(1547) Pause Young (Allocation Failure) 145M->123M(167M) 3.333ms
[2020-08-05T19:32:43.820-0300] GC(1547) User=0.01s Sys=0.00s Real=0.00s
[2020-08-05T19:32:59.846-0300] GC(1548) Pause Young (Allocation Failure)
[2020-08-05T19:32:59.851-0300] GC(1548) PSYoungGen: 25652K->3686K(28160K)
[2020-08-05T19:32:59.851-0300] GC(1548) ParOldGen: 122845K->122997K(142848K)
[2020-08-05T19:32:59.851-0300] GC(1548) Metaspace: 118708K->118708K(1163264K)
[2020-08-05T19:32:59.851-0300] GC(1548) Pause Young (Allocation Failure) 145M->123M(167M) 5.465ms
[2020-08-05T19:32:59.851-0300] GC(1548) User=0.01s Sys=0.00s Real=0.00s
[2020-08-05T19:33:24.845-0300] GC(1549) Pause Young (Allocation Failure)
[2020-08-05T19:33:24.850-0300] GC(1549) PSYoungGen: 26214K->4118K(28160K)
[2020-08-05T19:33:24.850-0300] GC(1549) ParOldGen: 122997K->123029K(142848K)
[2020-08-05T19:33:24.850-0300] GC(1549) Metaspace: 118708K->118708K(1163264K)
[2020-08-05T19:33:24.850-0300] GC(1549) Pause Young (Allocation Failure) 145M->124M(167M) 4.976ms
[2020-08-05T19:33:24.850-0300] GC(1549) User=0.01s Sys=0.00s Real=0.00s
[2020-08-05T19:33:49.847-0300] GC(1550) Pause Young (Allocation Failure)
[2020-08-05T19:33:49.852-0300] GC(1550) PSYoungGen: 26646K->4582K(28160K)
[2020-08-05T19:33:49.852-0300] GC(1550) ParOldGen: 123029K->123197K(142848K)
[2020-08-05T19:33:49.852-0300] GC(1550) Metaspace: 118708K->118708K(1163264K)
[2020-08-05T19:33:49.852-0300] GC(1550) Pause Young (Allocation Failure) 146M->124M(167M) 4.884ms
[2020-08-05T19:33:49.852-0300] GC(1550) User=0.01s Sys=0.00s Real=0.00s
[2020-08-05T19:34:06.021-0300] GC(1551) Pause Young (Allocation Failure)
[2020-08-05T19:34:06.025-0300] GC(1551) PSYoungGen: 27110K->4710K(28160K)
[2020-08-05T19:34:06.025-0300] GC(1551) ParOldGen: 123197K->123533K(142848K)
[2020-08-05T19:34:06.025-0300] GC(1551) Metaspace: 118708K->118708K(1163264K)
[2020-08-05T19:34:06.025-0300] GC(1551) Pause Young (Allocation Failure) 146M->125M(167M) 4.125ms
[2020-08-05T19:34:06.025-0300] GC(1551) User=0.01s Sys=0.00s Real=0.01s
[2020-08-05T19:34:31.811-0300] GC(1552) Pause Young (Allocation Failure)
[2020-08-05T19:34:31.815-0300] GC(1552) PSYoungGen: 27238K->4582K(27648K)
[2020-08-05T19:34:31.815-0300] GC(1552) ParOldGen: 123533K->123989K(142848K)
[2020-08-05T19:34:31.815-0300] GC(1552) Metaspace: 118708K->118708K(1163264K)
[2020-08-05T19:34:31.815-0300] GC(1552) Pause Young (Allocation Failure) 147M->125M(166M) 3.476ms
[2020-08-05T19:34:31.815-0300] GC(1552) User=0.01s Sys=0.00s Real=0.01s
[2020-08-05T19:34:54.125-0300] GC(1553) Pause Young (Allocation Failure)
[2020-08-05T19:34:54.129-0300] GC(1553) PSYoungGen: 26598K->4453K(28160K)
[2020-08-05T19:34:54.129-0300] GC(1553) ParOldGen: 123989K->124446K(142848K)
[2020-08-05T19:34:54.129-0300] GC(1553) Metaspace: 118708K->118708K(1163264K)
[2020-08-05T19:34:54.129-0300] GC(1553) Pause Young (Allocation Failure) 147M->125M(167M) 3.267ms
[2020-08-05T19:34:54.129-0300] GC(1553) User=0.01s Sys=0.00s Real=0.00s
[2020-08-05T19:35:09.847-0300] GC(1554) Pause Young (Allocation Failure)
[2020-08-05T19:35:09.851-0300] GC(1554) PSYoungGen: 26469K->4660K(28160K)
[2020-08-05T19:35:09.851-0300] GC(1554) ParOldGen: 124446K->124743K(142848K)
[2020-08-05T19:35:09.851-0300] GC(1554) Metaspace: 118708K->118708K(1163264K)
[2020-08-05T19:35:09.851-0300] GC(1554) Pause Young (Allocation Failure) 147M->126M(167M) 4.727ms
[2020-08-05T19:35:09.851-0300] GC(1554) User=0.02s Sys=0.00s Real=0.00s
[2020-08-05T19:35:22.020-0300] GC(1555) Pause Young (Allocation Failure)
[2020-08-05T19:35:22.024-0300] GC(1555) PSYoungGen: 26676K->4740K(28160K)
[2020-08-05T19:35:22.024-0300] GC(1555) ParOldGen: 124743K->125112K(142848K)
[2020-08-05T19:35:22.024-0300] GC(1555) Metaspace: 118708K->118708K(1163264K)
[2020-08-05T19:35:22.024-0300] GC(1555) Pause Young (Allocation Failure) 147M->126M(167M) 4.311ms
[2020-08-05T19:35:22.024-0300] GC(1555) User=0.01s Sys=0.00s Real=0.01s
[2020-08-05T19:35:27.229-0300] GC(1556) Pause Young (Allocation Failure)
[2020-08-05T19:35:27.234-0300] GC(1556) PSYoungGen: 26756K->4676K(28160K)
[2020-08-05T19:35:27.234-0300] GC(1556) ParOldGen: 125112K->125345K(142848K)
[2020-08-05T19:35:27.234-0300] GC(1556) Metaspace: 118708K->118708K(1163264K)
[2020-08-05T19:35:27.234-0300] GC(1556) Pause Young (Allocation Failure) 148M->126M(167M) 4.834ms
[2020-08-05T19:35:27.234-0300] GC(1556) User=0.01s Sys=0.00s Real=0.01s
[2020-08-05T19:35:29.141-0300] GC(1557) Pause Young (Allocation Failure)
[2020-08-05T19:35:29.146-0300] GC(1557) PSYoungGen: 26678K->4772K(28160K)
[2020-08-05T19:35:29.146-0300] GC(1557) ParOldGen: 125345K->125546K(142848K)
[2020-08-05T19:35:29.146-0300] GC(1557) Metaspace: 118708K->118708K(1163264K)
[2020-08-05T19:35:29.146-0300] GC(1557) Pause Young (Allocation Failure) 148M->127M(167M) 4.390ms
[2020-08-05T19:35:29.146-0300] GC(1557) User=0.01s Sys=0.00s Real=0.01s
[2020-08-05T19:35:30.873-0300] GC(1558) Pause Young (Allocation Failure)
[2020-08-05T19:35:30.877-0300] GC(1558) PSYoungGen: 26788K->4546K(28160K)
[2020-08-05T19:35:30.877-0300] GC(1558) ParOldGen: 125546K->125787K(142848K)
[2020-08-05T19:35:30.877-0300] GC(1558) Metaspace: 118708K->118708K(1163264K)
[2020-08-05T19:35:30.877-0300] GC(1558) Pause Young (Allocation Failure) 148M->127M(167M) 4.033ms
[2020-08-05T19:35:30.877-0300] GC(1558) User=0.01s Sys=0.00s Real=0.01s
[2020-08-05T19:35:32.632-0300] GC(1559) Pause Young (Allocation Failure)
[2020-08-05T19:35:32.637-0300] GC(1559) PSYoungGen: 26561K->4627K(28160K)
[2020-08-05T19:35:32.637-0300] GC(1559) ParOldGen: 125787K->125859K(142848K)
[2020-08-05T19:35:32.637-0300] GC(1559) Metaspace: 118708K->118708K(1163264K)
[2020-08-05T19:35:32.637-0300] GC(1559) Pause Young (Allocation Failure) 148M->127M(167M) 4.153ms
[2020-08-05T19:35:32.637-0300] GC(1559) User=0.01s Sys=0.00s Real=0.01s
[2020-08-05T19:35:39.845-0300] GC(1560) Pause Young (Allocation Failure)
[2020-08-05T19:35:39.850-0300] GC(1560) PSYoungGen: 26643K->3602K(28160K)
[2020-08-05T19:35:39.850-0300] GC(1560) ParOldGen: 125859K->126651K(142848K)
[2020-08-05T19:35:39.850-0300] GC(1560) Metaspace: 118708K->118708K(1163264K)
[2020-08-05T19:35:39.850-0300] GC(1560) Pause Young (Allocation Failure) 148M->127M(167M) 4.505ms
[2020-08-05T19:35:39.850-0300] GC(1560) User=0.01s Sys=0.00s Real=0.00s
[2020-08-05T19:36:04.018-0300] GC(1561) Pause Young (Allocation Failure)
[2020-08-05T19:36:04.022-0300] GC(1561) PSYoungGen: 25618K->2849K(28160K)
[2020-08-05T19:36:04.022-0300] GC(1561) ParOldGen: 126651K->127740K(142848K)
[2020-08-05T19:36:04.022-0300] GC(1561) Metaspace: 118708K->118708K(1163264K)
[2020-08-05T19:36:04.022-0300] GC(1561) Pause Young (Allocation Failure) 148M->127M(167M) 3.301ms
[2020-08-05T19:36:04.022-0300] GC(1561) User=0.01s Sys=0.00s Real=0.00s
[2020-08-05T19:36:28.280-0300] GC(1562) Pause Young (Allocation Failure)
[2020-08-05T19:36:28.284-0300] GC(1562) PSYoungGen: 24865K->2177K(28160K)
[2020-08-05T19:36:28.284-0300] GC(1562) ParOldGen: 127740K->128420K(142848K)
[2020-08-05T19:36:28.284-0300] GC(1562) Metaspace: 118708K->118708K(1163264K)
[2020-08-05T19:36:28.284-0300] GC(1562) Pause Young (Allocation Failure) 149M->127M(167M) 3.448ms
[2020-08-05T19:36:28.284-0300] GC(1562) User=0.01s Sys=0.00s Real=0.00s
[2020-08-05T19:36:44.362-0300] GC(1563) Pause Young (Allocation Failure)
[2020-08-05T19:36:44.365-0300] GC(1563) PSYoungGen: 24193K->1938K(28160K)
[2020-08-05T19:36:44.365-0300] GC(1563) ParOldGen: 128420K->128764K(142848K)
[2020-08-05T19:36:44.365-0300] GC(1563) Metaspace: 118708K->118708K(1163264K)
[2020-08-05T19:36:44.365-0300] GC(1563) Pause Young (Allocation Failure) 149M->127M(167M) 3.141ms
[2020-08-05T19:36:44.365-0300] GC(1563) User=0.00s Sys=0.00s Real=0.01s
[2020-08-05T19:36:59.017-0300] GC(1564) Pause Young (Allocation Failure)
[2020-08-05T19:36:59.019-0300] GC(1564) PSYoungGen: 23954K->2226K(28160K)
[2020-08-05T19:36:59.019-0300] GC(1564) ParOldGen: 128764K->128764K(142848K)
[2020-08-05T19:36:59.020-0300] GC(1564) Metaspace: 118708K->118708K(1163264K)
[2020-08-05T19:36:59.020-0300] GC(1564) Pause Young (Allocation Failure) 149M->127M(167M) 2.897ms
[2020-08-05T19:36:59.020-0300] GC(1564) User=0.01s Sys=0.00s Real=0.00s
[2020-08-05T19:37:06.493-0300] GC(1565) Pause Young (Allocation Failure)
[2020-08-05T19:37:06.497-0300] GC(1565) PSYoungGen: 24242K->2451K(28160K)
[2020-08-05T19:37:06.497-0300] GC(1565) ParOldGen: 128764K->128764K(142848K)
[2020-08-05T19:37:06.497-0300] GC(1565) Metaspace: 118708K->118708K(1163264K)
[2020-08-05T19:37:06.497-0300] GC(1565) Pause Young (Allocation Failure) 149M->128M(167M) 3.884ms
[2020-08-05T19:37:06.497-0300] GC(1565) User=0.01s Sys=0.00s Real=0.01s
[2020-08-05T19:37:08.401-0300] GC(1566) Pause Young (Allocation Failure)
[2020-08-05T19:37:08.403-0300] GC(1566) PSYoungGen: 24467K->2691K(28160K)
[2020-08-05T19:37:08.403-0300] GC(1566) ParOldGen: 128764K->128764K(142848K)
[2020-08-05T19:37:08.403-0300] GC(1566) Metaspace: 118708K->118708K(1163264K)
[2020-08-05T19:37:08.403-0300] GC(1566) Pause Young (Allocation Failure) 149M->128M(167M) 2.818ms
[2020-08-05T19:37:08.404-0300] GC(1566) User=0.01s Sys=0.00s Real=0.00s
[2020-08-05T19:37:09.921-0300] GC(1567) Pause Young (Allocation Failure)
[2020-08-05T19:37:09.926-0300] GC(1567) PSYoungGen: 24707K->2292K(28160K)
[2020-08-05T19:37:09.926-0300] GC(1567) ParOldGen: 128764K->129309K(142848K)
[2020-08-05T19:37:09.926-0300] GC(1567) Metaspace: 118708K->118708K(1163264K)
[2020-08-05T19:37:09.926-0300] GC(1567) Pause Young (Allocation Failure) 149M->128M(167M) 5.425ms
[2020-08-05T19:37:09.926-0300] GC(1567) User=0.00s Sys=0.00s Real=0.01s
[2020-08-05T19:37:12.016-0300] GC(1568) Pause Young (Allocation Failure)
[2020-08-05T19:37:12.020-0300] GC(1568) PSYoungGen: 24308K->1922K(28160K)
[2020-08-05T19:37:12.020-0300] GC(1568) ParOldGen: 129309K->129702K(142848K)
[2020-08-05T19:37:12.020-0300] GC(1568) Metaspace: 118708K->118708K(1163264K)
[2020-08-05T19:37:12.020-0300] GC(1568) Pause Young (Allocation Failure) 150M->128M(167M) 3.754ms
[2020-08-05T19:37:12.020-0300] GC(1568) User=0.00s Sys=0.00s Real=0.00s
[2020-08-05T19:37:13.678-0300] GC(1569) Pause Young (Allocation Failure)
[2020-08-05T19:37:13.682-0300] GC(1569) PSYoungGen: 23938K->1874K(28160K)
[2020-08-05T19:37:13.682-0300] GC(1569) ParOldGen: 129702K->129854K(142848K)
[2020-08-05T19:37:13.682-0300] GC(1569) Metaspace: 118708K->118708K(1163264K)
[2020-08-05T19:37:13.682-0300] GC(1569) Pause Young (Allocation Failure) 150M->128M(167M) 3.664ms
[2020-08-05T19:37:13.682-0300] GC(1569) User=0.01s Sys=0.00s Real=0.00s
[2020-08-05T19:37:34.477-0300] GC(1570) Pause Young (Allocation Failure)
[2020-08-05T19:37:34.481-0300] GC(1570) PSYoungGen: 23890K->1473K(28160K)
[2020-08-05T19:37:34.481-0300] GC(1570) ParOldGen: 129854K->130038K(142848K)
[2020-08-05T19:37:34.481-0300] GC(1570) Metaspace: 118709K->118709K(1163264K)
[2020-08-05T19:37:34.481-0300] GC(1570) Pause Young (Allocation Failure) 150M->128M(167M) 3.967ms
[2020-08-05T19:37:34.481-0300] GC(1570) User=0.01s Sys=0.00s Real=0.00s
[2020-08-05T19:37:59.845-0300] GC(1571) Pause Young (Allocation Failure)
[2020-08-05T19:37:59.849-0300] GC(1571) PSYoungGen: 23489K->913K(28160K)
[2020-08-05T19:37:59.849-0300] GC(1571) ParOldGen: 130038K->130518K(142848K)
[2020-08-05T19:37:59.849-0300] GC(1571) Metaspace: 118709K->118709K(1163264K)
[2020-08-05T19:37:59.849-0300] GC(1571) Pause Young (Allocation Failure) 149M->128M(167M) 3.714ms
[2020-08-05T19:37:59.849-0300] GC(1571) User=0.00s Sys=0.00s Real=0.00s
[2020-08-05T19:38:18.999-0300] GC(1572) Pause Young (Allocation Failure)
[2020-08-05T19:38:19.002-0300] GC(1572) PSYoungGen: 22929K->736K(28160K)
[2020-08-05T19:38:19.002-0300] GC(1572) ParOldGen: 130518K->130808K(142848K)
[2020-08-05T19:38:19.002-0300] GC(1572) Metaspace: 118709K->118709K(1163264K)
[2020-08-05T19:38:19.002-0300] GC(1572) Pause Young (Allocation Failure) 149M->128M(167M) 2.827ms
[2020-08-05T19:38:19.002-0300] GC(1572) User=0.00s Sys=0.00s Real=0.00s
[2020-08-05T19:38:32.015-0300] GC(1573) Pause Young (Allocation Failure)
[2020-08-05T19:38:32.018-0300] GC(1573) PSYoungGen: 22752K->1169K(28160K)
[2020-08-05T19:38:32.018-0300] GC(1573) ParOldGen: 130808K->130985K(142848K)
[2020-08-05T19:38:32.018-0300] GC(1573) Metaspace: 118709K->118709K(1163264K)
[2020-08-05T19:38:32.018-0300] GC(1573) Pause Young (Allocation Failure) 149M->129M(167M) 2.562ms
[2020-08-05T19:38:32.018-0300] GC(1573) User=0.01s Sys=0.00s Real=0.00s
[2020-08-05T19:38:45.498-0300] GC(1574) Pause Young (Allocation Failure)
[2020-08-05T19:38:45.502-0300] GC(1574) PSYoungGen: 23185K->1522K(27136K)
[2020-08-05T19:38:45.502-0300] GC(1574) ParOldGen: 130985K->130985K(142848K)
[2020-08-05T19:38:45.502-0300] GC(1574) Metaspace: 118709K->118709K(1163264K)
[2020-08-05T19:38:45.502-0300] GC(1574) Pause Young (Allocation Failure) 150M->129M(166M) 4.086ms
[2020-08-05T19:38:45.502-0300] GC(1574) User=0.01s Sys=0.00s Real=0.00s
[2020-08-05T19:39:01.241-0300] GC(1575) Pause Young (Allocation Failure)
[2020-08-05T19:39:01.246-0300] GC(1575) PSYoungGen: 23538K->2066K(27648K)
[2020-08-05T19:39:01.246-0300] GC(1575) ParOldGen: 130985K->130985K(142848K)
[2020-08-05T19:39:01.246-0300] GC(1575) Metaspace: 118709K->118709K(1163264K)
[2020-08-05T19:39:01.246-0300] GC(1575) Pause Young (Allocation Failure) 150M->129M(166M) 4.602ms
[2020-08-05T19:39:01.246-0300] GC(1575) User=0.01s Sys=0.00s Real=0.01s
[2020-08-05T19:39:14.852-0300] GC(1576) Pause Young (Allocation Failure)
[2020-08-05T19:39:14.856-0300] GC(1576) PSYoungGen: 24082K->2478K(26624K)
[2020-08-05T19:39:14.856-0300] GC(1576) ParOldGen: 130985K->130985K(142848K)
[2020-08-05T19:39:14.856-0300] GC(1576) Metaspace: 118709K->118709K(1163264K)
[2020-08-05T19:39:14.856-0300] GC(1576) Pause Young (Allocation Failure) 151M->130M(165M) 4.015ms
[2020-08-05T19:39:14.856-0300] GC(1576) User=0.01s Sys=0.00s Real=0.01s
[2020-08-05T19:39:18.684-0300] GC(1577) Pause Young (Allocation Failure)
[2020-08-05T19:39:18.687-0300] GC(1577) PSYoungGen: 24494K->2676K(27136K)
[2020-08-05T19:39:18.687-0300] GC(1577) ParOldGen: 130985K->130985K(142848K)
[2020-08-05T19:39:18.687-0300] GC(1577) Metaspace: 118709K->118709K(1163264K)
[2020-08-05T19:39:18.687-0300] GC(1577) Pause Young (Allocation Failure) 151M->130M(166M) 3.177ms
[2020-08-05T19:39:18.687-0300] GC(1577) User=0.01s Sys=0.00s Real=0.01s
[2020-08-05T19:39:20.528-0300] GC(1578) Pause Young (Allocation Failure)
[2020-08-05T19:39:20.531-0300] GC(1578) PSYoungGen: 24692K->2899K(27136K)
[2020-08-05T19:39:20.531-0300] GC(1578) ParOldGen: 130985K->130985K(142848K)
[2020-08-05T19:39:20.531-0300] GC(1578) Metaspace: 118709K->118709K(1163264K)
[2020-08-05T19:39:20.531-0300] GC(1578) Pause Young (Allocation Failure) 152M->130M(166M) 3.957ms
[2020-08-05T19:39:20.532-0300] GC(1578) User=0.01s Sys=0.00s Real=0.00s
[2020-08-05T19:39:22.014-0300] GC(1579) Pause Young (Allocation Failure)
[2020-08-05T19:39:22.018-0300] GC(1579) PSYoungGen: 24915K->3011K(27136K)
[2020-08-05T19:39:22.018-0300] GC(1579) ParOldGen: 130985K->131041K(142848K)
[2020-08-05T19:39:22.018-0300] GC(1579) Metaspace: 118709K->118709K(1163264K)
[2020-08-05T19:39:22.018-0300] GC(1579) Pause Young (Allocation Failure) 152M->130M(166M) 3.920ms
[2020-08-05T19:39:22.018-0300] GC(1579) User=0.01s Sys=0.00s Real=0.01s
[2020-08-05T19:39:43.015-0300] GC(1580) Pause Young (Allocation Failure)
[2020-08-05T19:39:43.019-0300] GC(1580) PSYoungGen: 25027K->2835K(27136K)
[2020-08-05T19:39:43.019-0300] GC(1580) ParOldGen: 131041K->131105K(142848K)
[2020-08-05T19:39:43.019-0300] GC(1580) Metaspace: 118709K->118709K(1163264K)
[2020-08-05T19:39:43.019-0300] GC(1580) Pause Young (Allocation Failure) 152M->130M(166M) 3.777ms
[2020-08-05T19:39:43.019-0300] GC(1580) User=0.01s Sys=0.00s Real=0.00s
[2020-08-05T19:40:08.014-0300] GC(1581) Pause Young (Allocation Failure)
[2020-08-05T19:40:08.017-0300] GC(1581) PSYoungGen: 24851K->3219K(27136K)
[2020-08-05T19:40:08.017-0300] GC(1581) ParOldGen: 131105K->131161K(142848K)
[2020-08-05T19:40:08.017-0300] GC(1581) Metaspace: 118709K->118709K(1163264K)
[2020-08-05T19:40:08.017-0300] GC(1581) Pause Young (Allocation Failure) 152M->131M(166M) 3.439ms
[2020-08-05T19:40:08.017-0300] GC(1581) User=0.00s Sys=0.00s Real=0.01s
[2020-08-05T19:40:24.013-0300] GC(1582) Pause Young (Allocation Failure)
[2020-08-05T19:40:24.016-0300] GC(1582) PSYoungGen: 25235K->2579K(26112K)
[2020-08-05T19:40:24.016-0300] GC(1582) ParOldGen: 131161K->131978K(142848K)
[2020-08-05T19:40:24.016-0300] GC(1582) Metaspace: 118709K->118709K(1163264K)
[2020-08-05T19:40:24.016-0300] GC(1582) Pause Young (Allocation Failure) 152M->131M(165M) 3.400ms
[2020-08-05T19:40:24.016-0300] GC(1582) User=0.01s Sys=0.00s Real=0.01s
[2020-08-05T19:40:49.078-0300] GC(1583) Pause Young (Allocation Failure)
[2020-08-05T19:40:49.080-0300] GC(1583) PSYoungGen: 24595K->2819K(26624K)
[2020-08-05T19:40:49.080-0300] GC(1583) ParOldGen: 131978K->131978K(142848K)
[2020-08-05T19:40:49.080-0300] GC(1583) Metaspace: 118709K->118709K(1163264K)
[2020-08-05T19:40:49.080-0300] GC(1583) Pause Young (Allocation Failure) 152M->131M(165M) 2.521ms
[2020-08-05T19:40:49.080-0300] GC(1583) User=0.00s Sys=0.00s Real=0.00s
[2020-08-05T19:41:14.845-0300] GC(1584) Pause Young (Allocation Failure)
[2020-08-05T19:41:14.848-0300] GC(1584) PSYoungGen: 24835K->3075K(26624K)
[2020-08-05T19:41:14.848-0300] GC(1584) ParOldGen: 131978K->131978K(142848K)
[2020-08-05T19:41:14.848-0300] GC(1584) Metaspace: 118709K->118709K(1163264K)
[2020-08-05T19:41:14.848-0300] GC(1584) Pause Young (Allocation Failure) 153M->131M(165M) 2.858ms
[2020-08-05T19:41:14.848-0300] GC(1584) User=0.00s Sys=0.00s Real=0.00s
[2020-08-05T19:41:29.853-0300] GC(1585) Pause Young (Allocation Failure)
[2020-08-05T19:41:29.856-0300] GC(1585) PSYoungGen: 25091K->3262K(26624K)
[2020-08-05T19:41:29.856-0300] GC(1585) ParOldGen: 131978K->131978K(142848K)
[2020-08-05T19:41:29.856-0300] GC(1585) Metaspace: 118709K->118709K(1163264K)
[2020-08-05T19:41:29.857-0300] GC(1585) Pause Young (Allocation Failure) 153M->132M(165M) 3.195ms
[2020-08-05T19:41:29.857-0300] GC(1585) User=0.01s Sys=0.00s Real=0.01s
[2020-08-05T19:41:44.845-0300] GC(1586) Pause Young (Allocation Failure)
[2020-08-05T19:41:44.849-0300] GC(1586) PSYoungGen: 25278K->3428K(26112K)
[2020-08-05T19:41:44.849-0300] GC(1586) ParOldGen: 131978K->131978K(142848K)
[2020-08-05T19:41:44.849-0300] GC(1586) Metaspace: 118709K->118709K(1163264K)
[2020-08-05T19:41:44.849-0300] GC(1586) Pause Young (Allocation Failure) 153M->132M(165M) 3.772ms
[2020-08-05T19:41:44.849-0300] GC(1586) User=0.01s Sys=0.00s Real=0.00s
[2020-08-05T19:41:59.881-0300] GC(1587) Pause Young (Allocation Failure)
[2020-08-05T19:41:59.884-0300] GC(1587) PSYoungGen: 24932K->3540K(26624K)
[2020-08-05T19:41:59.884-0300] GC(1587) ParOldGen: 131978K->131978K(142848K)
[2020-08-05T19:41:59.884-0300] GC(1587) Metaspace: 118709K->118709K(1163264K)
[2020-08-05T19:41:59.885-0300] GC(1587) Pause Young (Allocation Failure) 153M->132M(165M) 3.063ms
[2020-08-05T19:41:59.885-0300] GC(1587) User=0.01s Sys=0.00s Real=0.01s
[2020-08-05T19:42:14.011-0300] GC(1588) Pause Young (Allocation Failure)
[2020-08-05T19:42:14.015-0300] GC(1588) PSYoungGen: 25044K->3797K(26624K)
[2020-08-05T19:42:14.015-0300] GC(1588) ParOldGen: 131978K->131978K(142848K)
[2020-08-05T19:42:14.015-0300] GC(1588) Metaspace: 118709K->118709K(1163264K)
[2020-08-05T19:42:14.015-0300] GC(1588) Pause Young (Allocation Failure) 153M->132M(165M) 4.614ms
[2020-08-05T19:42:14.015-0300] GC(1588) User=0.01s Sys=0.00s Real=0.01s
[2020-08-05T19:42:26.254-0300] GC(1589) Pause Young (Allocation Failure)
[2020-08-05T19:42:26.258-0300] GC(1589) PSYoungGen: 25301K->3652K(26624K)
[2020-08-05T19:42:26.258-0300] GC(1589) ParOldGen: 131978K->132427K(142848K)
[2020-08-05T19:42:26.258-0300] GC(1589) Metaspace: 118717K->118717K(1163264K)
[2020-08-05T19:42:26.258-0300] GC(1589) Pause Young (Allocation Failure) 153M->132M(165M) 3.433ms
[2020-08-05T19:42:26.258-0300] GC(1589) User=0.00s Sys=0.00s Real=0.00s
[2020-08-05T19:42:39.848-0300] GC(1590) Pause Young (Allocation Failure)
[2020-08-05T19:42:39.853-0300] GC(1590) PSYoungGen: 25156K->3157K(26624K)
[2020-08-05T19:42:39.853-0300] GC(1590) ParOldGen: 132427K->132932K(142848K)
[2020-08-05T19:42:39.853-0300] GC(1590) Metaspace: 118717K->118717K(1163264K)
[2020-08-05T19:42:39.853-0300] GC(1590) Pause Young (Allocation Failure) 153M->132M(165M) 4.318ms
[2020-08-05T19:42:39.853-0300] GC(1590) User=0.01s Sys=0.00s Real=0.00s
[2020-08-05T19:42:53.162-0300] GC(1591) Pause Young (Allocation Failure)
[2020-08-05T19:42:53.165-0300] GC(1591) PSYoungGen: 24661K->2869K(26624K)
[2020-08-05T19:42:53.165-0300] GC(1591) ParOldGen: 132932K->133333K(142848K)
[2020-08-05T19:42:53.165-0300] GC(1591) Metaspace: 118717K->118717K(1163264K)
[2020-08-05T19:42:53.165-0300] GC(1591) Pause Young (Allocation Failure) 153M->133M(165M) 2.993ms
[2020-08-05T19:42:53.165-0300] GC(1591) User=0.01s Sys=0.00s Real=0.01s
[2020-08-05T19:42:59.453-0300] GC(1592) Pause Young (Allocation Failure)
[2020-08-05T19:42:59.456-0300] GC(1592) PSYoungGen: 24373K->3029K(25600K)
[2020-08-05T19:42:59.456-0300] GC(1592) ParOldGen: 133333K->133405K(142848K)
[2020-08-05T19:42:59.456-0300] GC(1592) Metaspace: 118717K->118717K(1163264K)
[2020-08-05T19:42:59.456-0300] GC(1592) Pause Young (Allocation Failure) 154M->133M(164M) 3.365ms
[2020-08-05T19:42:59.456-0300] GC(1592) User=0.01s Sys=0.00s Real=0.01s
[2020-08-05T19:43:06.839-0300] GC(1593) Pause Young (Allocation Failure)
[2020-08-05T19:43:06.843-0300] GC(1593) PSYoungGen: 24533K->2869K(26112K)
[2020-08-05T19:43:06.843-0300] GC(1593) ParOldGen: 133405K->133437K(142848K)
[2020-08-05T19:43:06.843-0300] GC(1593) Metaspace: 118717K->118717K(1163264K)
[2020-08-05T19:43:06.843-0300] GC(1593) Pause Young (Allocation Failure) 154M->133M(165M) 3.525ms
[2020-08-05T19:43:06.843-0300] GC(1593) User=0.01s Sys=0.00s Real=0.00s
[2020-08-05T19:43:29.851-0300] GC(1594) Pause Young (Allocation Failure)
[2020-08-05T19:43:29.855-0300] GC(1594) PSYoungGen: 24373K->3404K(26112K)
[2020-08-05T19:43:29.855-0300] GC(1594) ParOldGen: 133437K->133477K(142848K)
[2020-08-05T19:43:29.855-0300] GC(1594) Metaspace: 118717K->118717K(1163264K)
[2020-08-05T19:43:29.855-0300] GC(1594) Pause Young (Allocation Failure) 154M->133M(165M) 3.944ms
[2020-08-05T19:43:29.855-0300] GC(1594) User=0.00s Sys=0.00s Real=0.01s
[2020-08-05T19:43:54.846-0300] GC(1595) Pause Young (Allocation Failure)
[2020-08-05T19:43:54.850-0300] GC(1595) PSYoungGen: 24908K->3638K(26112K)
[2020-08-05T19:43:54.850-0300] GC(1595) ParOldGen: 133477K->133773K(142848K)
[2020-08-05T19:43:54.850-0300] GC(1595) Metaspace: 118717K->118717K(1163264K)
[2020-08-05T19:43:54.850-0300] GC(1595) Pause Young (Allocation Failure) 154M->134M(165M) 3.512ms
[2020-08-05T19:43:54.850-0300] GC(1595) User=0.01s Sys=0.00s Real=0.00s
[2020-08-05T19:44:09.846-0300] GC(1596) Pause Young (Allocation Failure)
[2020-08-05T19:44:09.850-0300] GC(1596) PSYoungGen: 25142K->3782K(26112K)
[2020-08-05T19:44:09.850-0300] GC(1596) ParOldGen: 133773K->134237K(142848K)
[2020-08-05T19:44:09.850-0300] GC(1596) Metaspace: 118717K->118717K(1163264K)
[2020-08-05T19:44:09.850-0300] GC(1596) Pause Young (Allocation Failure) 155M->134M(165M) 3.818ms
[2020-08-05T19:44:09.850-0300] GC(1596) User=0.01s Sys=0.00s Real=0.00s
[2020-08-05T19:44:21.755-0300] GC(1597) Pause Young (Allocation Failure)
[2020-08-05T19:44:21.758-0300] GC(1597) PSYoungGen: 25281K->3799K(26112K)
[2020-08-05T19:44:21.758-0300] GC(1597) ParOldGen: 134237K->134445K(142848K)
[2020-08-05T19:44:21.758-0300] GC(1597) Metaspace: 118717K->118717K(1163264K)
[2020-08-05T19:44:21.758-0300] GC(1597) Pause Young (Allocation Failure) 155M->135M(165M) 3.060ms
[2020-08-05T19:44:21.758-0300] GC(1597) User=0.00s Sys=0.00s Real=0.00s
[2020-08-05T19:44:37.525-0300] GC(1598) Pause Young (Allocation Failure)
[2020-08-05T19:44:37.529-0300] GC(1598) PSYoungGen: 25303K->3750K(26624K)
[2020-08-05T19:44:37.529-0300] GC(1598) ParOldGen: 134445K->134837K(142848K)
[2020-08-05T19:44:37.529-0300] GC(1598) Metaspace: 118717K->118717K(1163264K)
[2020-08-05T19:44:37.529-0300] GC(1598) Pause Young (Allocation Failure) 156M->135M(165M) 3.216ms
[2020-08-05T19:44:37.529-0300] GC(1598) User=0.01s Sys=0.00s Real=0.00s
[2020-08-05T19:44:50.006-0300] GC(1599) Pause Young (Allocation Failure)
[2020-08-05T19:44:50.010-0300] GC(1599) PSYoungGen: 25254K->3880K(26624K)
[2020-08-05T19:44:50.010-0300] GC(1599) ParOldGen: 134837K->135102K(142848K)
[2020-08-05T19:44:50.010-0300] GC(1599) Metaspace: 118717K->118717K(1163264K)
[2020-08-05T19:44:50.010-0300] GC(1599) Pause Young (Allocation Failure) 156M->135M(165M) 3.328ms
[2020-08-05T19:44:50.010-0300] GC(1599) User=0.01s Sys=0.00s Real=0.00s
[2020-08-05T19:45:04.090-0300] GC(1600) Pause Young (Allocation Failure)
[2020-08-05T19:45:04.094-0300] GC(1600) PSYoungGen: 25384K->4104K(26624K)
[2020-08-05T19:45:04.094-0300] GC(1600) ParOldGen: 135102K->135262K(142848K)
[2020-08-05T19:45:04.094-0300] GC(1600) Metaspace: 118717K->118717K(1163264K)
[2020-08-05T19:45:04.094-0300] GC(1600) Pause Young (Allocation Failure) 156M->136M(165M) 4.114ms
[2020-08-05T19:45:04.094-0300] GC(1600) User=0.00s Sys=0.00s Real=0.01s
[2020-08-05T19:45:19.845-0300] GC(1601) Pause Young (Allocation Failure)
[2020-08-05T19:45:19.849-0300] GC(1601) PSYoungGen: 25608K->4264K(26624K)
[2020-08-05T19:45:19.849-0300] GC(1601) ParOldGen: 135262K->135447K(142848K)
[2020-08-05T19:45:19.849-0300] GC(1601) Metaspace: 118717K->118717K(1163264K)
[2020-08-05T19:45:19.849-0300] GC(1601) Pause Young (Allocation Failure) 157M->136M(165M) 3.912ms
[2020-08-05T19:45:19.849-0300] GC(1601) User=0.01s Sys=0.00s Real=0.00s
[2020-08-05T19:45:31.018-0300] GC(1602) Pause Young (Allocation Failure)
[2020-08-05T19:45:31.023-0300] GC(1602) PSYoungGen: 25768K->4553K(26112K)
[2020-08-05T19:45:31.023-0300] GC(1602) ParOldGen: 135447K->135624K(142848K)
[2020-08-05T19:45:31.023-0300] GC(1602) Metaspace: 118717K->118717K(1163264K)
[2020-08-05T19:45:31.023-0300] GC(1602) Pause Young (Allocation Failure) 157M->136M(165M) 4.751ms
[2020-08-05T19:45:31.023-0300] GC(1602) User=0.01s Sys=0.00s Real=0.00s
[2020-08-05T19:45:37.145-0300] GC(1603) Pause Young (Allocation Failure)
[2020-08-05T19:45:37.148-0300] GC(1603) PSYoungGen: 25545K->4536K(26624K)
[2020-08-05T19:45:37.148-0300] GC(1603) ParOldGen: 135624K->135801K(142848K)
[2020-08-05T19:45:37.148-0300] GC(1603) Metaspace: 118717K->118717K(1163264K)
[2020-08-05T19:45:37.148-0300] GC(1603) Pause Young (Allocation Failure) 157M->137M(165M) 3.608ms
[2020-08-05T19:45:37.148-0300] GC(1603) User=0.01s Sys=0.00s Real=0.00s
[2020-08-05T19:45:44.845-0300] GC(1604) Pause Young (Allocation Failure)
[2020-08-05T19:45:44.853-0300] GC(1604) PSYoungGen: 25528K->4391K(26624K)
[2020-08-05T19:45:44.853-0300] GC(1604) ParOldGen: 135801K->135930K(142848K)
[2020-08-05T19:45:44.853-0300] GC(1604) Metaspace: 118717K->118717K(1163264K)
[2020-08-05T19:45:44.853-0300] GC(1604) Pause Young (Allocation Failure) 157M->137M(165M) 7.692ms
[2020-08-05T19:45:44.853-0300] GC(1604) User=0.01s Sys=0.00s Real=0.00s
[2020-08-05T19:46:08.035-0300] GC(1605) Pause Young (Allocation Failure)
[2020-08-05T19:46:08.040-0300] GC(1605) PSYoungGen: 25383K->4567K(26624K)
[2020-08-05T19:46:08.040-0300] GC(1605) ParOldGen: 135930K->136099K(142848K)
[2020-08-05T19:46:08.040-0300] GC(1605) Metaspace: 118717K->118717K(1163264K)
[2020-08-05T19:46:08.040-0300] GC(1605) Pause Young (Allocation Failure) 157M->137M(165M) 5.206ms
[2020-08-05T19:46:08.041-0300] GC(1605) User=0.01s Sys=0.00s Real=0.00s
[2020-08-05T19:46:31.034-0300] GC(1606) Pause Young (Allocation Failure)
[2020-08-05T19:46:31.039-0300] GC(1606) PSYoungGen: 25559K->4518K(27136K)
[2020-08-05T19:46:31.039-0300] GC(1606) ParOldGen: 136099K->136260K(142848K)
[2020-08-05T19:46:31.039-0300] GC(1606) Metaspace: 118717K->118717K(1163264K)
[2020-08-05T19:46:31.039-0300] GC(1606) Pause Young (Allocation Failure) 157M->137M(166M) 4.648ms
[2020-08-05T19:46:31.039-0300] GC(1606) User=0.01s Sys=0.01s Real=0.00s
[2020-08-05T19:46:45.309-0300] GC(1607) Pause Young (Allocation Failure)
[2020-08-05T19:46:45.313-0300] GC(1607) PSYoungGen: 25510K->4647K(27136K)
[2020-08-05T19:46:45.313-0300] GC(1607) ParOldGen: 136260K->136300K(142848K)
[2020-08-05T19:46:45.313-0300] GC(1607) Metaspace: 118717K->118717K(1163264K)
[2020-08-05T19:46:45.313-0300] GC(1607) Pause Young (Allocation Failure) 157M->137M(166M) 3.749ms
[2020-08-05T19:46:45.313-0300] GC(1607) User=0.00s Sys=0.00s Real=0.00s
[2020-08-05T19:46:59.165-0300] GC(1608) Pause Young (Allocation Failure)
[2020-08-05T19:46:59.169-0300] GC(1608) PSYoungGen: 25639K->4775K(27136K)
[2020-08-05T19:46:59.169-0300] GC(1608) ParOldGen: 136300K->136332K(142848K)
[2020-08-05T19:46:59.169-0300] GC(1608) Metaspace: 118717K->118717K(1163264K)
[2020-08-05T19:46:59.169-0300] GC(1608) Pause Young (Allocation Failure) 158M->137M(166M) 4.315ms
[2020-08-05T19:46:59.169-0300] GC(1608) User=0.01s Sys=0.00s Real=0.00s
[2020-08-05T19:47:14.399-0300] GC(1609) Pause Young (Allocation Failure)
[2020-08-05T19:47:14.402-0300] GC(1609) PSYoungGen: 25767K->4487K(27136K)
[2020-08-05T19:47:14.402-0300] GC(1609) ParOldGen: 136332K->136828K(142848K)
[2020-08-05T19:47:14.402-0300] GC(1609) Metaspace: 118717K->118717K(1163264K)
[2020-08-05T19:47:14.402-0300] GC(1609) Pause Young (Allocation Failure) 158M->138M(166M) 3.473ms
[2020-08-05T19:47:14.402-0300] GC(1609) User=0.01s Sys=0.00s Real=0.00s
[2020-08-05T19:47:25.542-0300] GC(1610) Pause Young (Allocation Failure)
[2020-08-05T19:47:25.550-0300] GC(1610) PSYoungGen: 25479K->4200K(27136K)
[2020-08-05T19:47:25.550-0300] GC(1610) ParOldGen: 136828K->137420K(142848K)
[2020-08-05T19:47:25.550-0300] GC(1610) Metaspace: 118720K->118720K(1163264K)
[2020-08-05T19:47:25.550-0300] GC(1610) Pause Young (Allocation Failure) 158M->138M(166M) 7.640ms
[2020-08-05T19:47:25.550-0300] GC(1610) User=0.01s Sys=0.00s Real=0.01s
[2020-08-05T19:47:39.846-0300] GC(1611) Pause Young (Allocation Failure)
[2020-08-05T19:47:39.849-0300] GC(1611) PSYoungGen: 25192K->3560K(27136K)
[2020-08-05T19:47:39.849-0300] GC(1611) ParOldGen: 137420K->138052K(142848K)
[2020-08-05T19:47:39.849-0300] GC(1611) Metaspace: 118720K->118720K(1163264K)
[2020-08-05T19:47:39.849-0300] GC(1611) Pause Young (Allocation Failure) 158M->138M(166M) 3.734ms
[2020-08-05T19:47:39.849-0300] GC(1611) User=0.01s Sys=0.00s Real=0.00s
[2020-08-05T19:47:52.071-0300] GC(1612) Pause Young (Allocation Failure)
[2020-08-05T19:47:52.074-0300] GC(1612) PSYoungGen: 24552K->3495K(27136K)
[2020-08-05T19:47:52.074-0300] GC(1612) ParOldGen: 138052K->138294K(142848K)
[2020-08-05T19:47:52.074-0300] GC(1612) Metaspace: 118720K->118720K(1163264K)
[2020-08-05T19:47:52.074-0300] GC(1612) Pause Young (Allocation Failure) 158M->138M(166M) 3.390ms
[2020-08-05T19:47:52.074-0300] GC(1612) User=0.01s Sys=0.00s Real=0.01s
[2020-08-05T19:48:07.032-0300] GC(1613) Pause Young (Allocation Failure)
[2020-08-05T19:48:07.036-0300] GC(1613) PSYoungGen: 24487K->3448K(24576K)
[2020-08-05T19:48:07.036-0300] GC(1613) ParOldGen: 138294K->138590K(142848K)
[2020-08-05T19:48:07.036-0300] GC(1613) Metaspace: 118720K->118720K(1163264K)
[2020-08-05T19:48:07.037-0300] GC(1613) Pause Young (Allocation Failure) 158M->138M(163M) 4.561ms
[2020-08-05T19:48:07.037-0300] GC(1613) User=0.01s Sys=0.00s Real=0.01s
[2020-08-05T19:48:14.192-0300] GC(1614) Pause Young (Allocation Failure)
[2020-08-05T19:48:14.196-0300] GC(1614) PSYoungGen: 24440K->3288K(26624K)
[2020-08-05T19:48:14.196-0300] GC(1614) ParOldGen: 138590K->138887K(142848K)
[2020-08-05T19:48:14.196-0300] GC(1614) Metaspace: 118720K->118720K(1163264K)
[2020-08-05T19:48:14.196-0300] GC(1614) Pause Young (Allocation Failure) 159M->138M(165M) 3.865ms
[2020-08-05T19:48:14.196-0300] GC(1614) User=0.01s Sys=0.00s Real=0.01s
[2020-08-05T19:48:15.434-0300] GC(1615) Pause Young (Allocation Failure)
[2020-08-05T19:48:15.439-0300] GC(1615) PSYoungGen: 24280K->2951K(26624K)
[2020-08-05T19:48:15.439-0300] GC(1615) ParOldGen: 138887K->139344K(142848K)
[2020-08-05T19:48:15.439-0300] GC(1615) Metaspace: 118720K->118720K(1163264K)
[2020-08-05T19:48:15.439-0300] GC(1615) Pause Young (Allocation Failure) 159M->138M(165M) 5.161ms
[2020-08-05T19:48:15.439-0300] GC(1615) User=0.01s Sys=0.00s Real=0.01s
[2020-08-05T19:48:38.966-0300] GC(1616) Pause Young (Allocation Failure)
[2020-08-05T19:48:38.970-0300] GC(1616) PSYoungGen: 23943K->2596K(26624K)
[2020-08-05T19:48:38.970-0300] GC(1616) ParOldGen: 139344K->140034K(142848K)
[2020-08-05T19:48:38.970-0300] GC(1616) Metaspace: 118720K->118720K(1163264K)
[2020-08-05T19:48:38.970-0300] GC(1616) Pause Young (Allocation Failure) 159M->139M(165M) 4.779ms
[2020-08-05T19:48:38.970-0300] GC(1616) User=0.01s Sys=0.00s Real=0.00s
[2020-08-05T19:49:01.545-0300] GC(1617) Pause Young (Allocation Failure)
[2020-08-05T19:49:01.549-0300] GC(1617) PSYoungGen: 23588K->2933K(26624K)
[2020-08-05T19:49:01.549-0300] GC(1617) ParOldGen: 140034K->140218K(142848K)
[2020-08-05T19:49:01.549-0300] GC(1617) Metaspace: 118720K->118720K(1163264K)
[2020-08-05T19:49:01.549-0300] GC(1617) Pause Young (Allocation Failure) 159M->139M(165M) 4.294ms
[2020-08-05T19:49:01.549-0300] GC(1617) User=0.01s Sys=0.00s Real=0.00s
[2020-08-05T19:49:17.031-0300] GC(1618) Pause Young (Allocation Failure)
[2020-08-05T19:49:17.035-0300] GC(1618) PSYoungGen: 23925K->2902K(26624K)
[2020-08-05T19:49:17.035-0300] GC(1618) ParOldGen: 140218K->140514K(142848K)
[2020-08-05T19:49:17.035-0300] GC(1618) Metaspace: 118720K->118720K(1163264K)
[2020-08-05T19:49:17.035-0300] GC(1618) Pause Young (Allocation Failure) 160M->140M(165M) 3.786ms
[2020-08-05T19:49:17.035-0300] GC(1618) User=0.01s Sys=0.00s Real=0.01s
[2020-08-05T19:49:39.853-0300] GC(1619) Pause Young (Allocation Failure)
[2020-08-05T19:49:39.856-0300] GC(1619) PSYoungGen: 23889K->3260K(26624K)
[2020-08-05T19:49:39.856-0300] GC(1619) ParOldGen: 140514K->140514K(142848K)
[2020-08-05T19:49:39.856-0300] GC(1619) Metaspace: 118720K->118720K(1163264K)
[2020-08-05T19:49:39.856-0300] GC(1619) Pause Young (Allocation Failure) 160M->140M(165M) 3.342ms
[2020-08-05T19:49:39.856-0300] GC(1619) User=0.01s Sys=0.00s Real=0.01s
[2020-08-05T19:50:04.846-0300] GC(1620) Pause Young (Allocation Failure)
[2020-08-05T19:50:04.850-0300] GC(1620) PSYoungGen: 24252K->3574K(25600K)
[2020-08-05T19:50:04.850-0300] GC(1620) ParOldGen: 140514K->140514K(142848K)
[2020-08-05T19:50:04.850-0300] GC(1620) Metaspace: 118720K->118720K(1163264K)
[2020-08-05T19:50:04.850-0300] GC(1620) Pause Young (Allocation Failure) 160M->140M(164M) 4.452ms
[2020-08-05T19:50:04.851-0300] GC(1620) User=0.01s Sys=0.00s Real=0.00s
[2020-08-05T19:50:21.350-0300] GC(1621) Pause Young (Allocation Failure)
[2020-08-05T19:50:21.356-0300] GC(1621) PSYoungGen: 24566K->3878K(26112K)
[2020-08-05T19:50:21.356-0300] GC(1621) ParOldGen: 140514K->140650K(142848K)
[2020-08-05T19:50:21.356-0300] GC(1621) Metaspace: 118720K->118720K(1163264K)
[2020-08-05T19:50:21.356-0300] GC(1621) Pause Young (Allocation Failure) 161M->141M(165M) 5.454ms
[2020-08-05T19:50:21.356-0300] GC(1621) User=0.01s Sys=0.00s Real=0.01s
[2020-08-05T19:50:34.848-0300] GC(1622) Pause Young (Allocation Failure)
[2020-08-05T19:50:34.851-0300] GC(1622) PSYoungGen: 24870K->3941K(26112K)
[2020-08-05T19:50:34.851-0300] GC(1622) ParOldGen: 140650K->140811K(142848K)
[2020-08-05T19:50:34.851-0300] GC(1622) Metaspace: 118720K->118720K(1163264K)
[2020-08-05T19:50:34.851-0300] GC(1622) Pause Young (Allocation Failure) 161M->141M(165M) 3.003ms
[2020-08-05T19:50:34.851-0300] GC(1622) User=0.00s Sys=0.00s Real=0.00s
[2020-08-05T19:50:47.908-0300] GC(1623) Pause Young (Allocation Failure)
[2020-08-05T19:50:47.912-0300] GC(1623) PSYoungGen: 24933K->4102K(26112K)
[2020-08-05T19:50:47.912-0300] GC(1623) ParOldGen: 140811K->140972K(142848K)
[2020-08-05T19:50:47.912-0300] GC(1623) Metaspace: 118720K->118720K(1163264K)
[2020-08-05T19:50:47.912-0300] GC(1623) Pause Young (Allocation Failure) 161M->141M(165M) 3.963ms
[2020-08-05T19:50:47.912-0300] GC(1623) User=0.01s Sys=0.00s Real=0.00s
[2020-08-05T19:51:03.496-0300] GC(1624) Pause Young (Allocation Failure)
[2020-08-05T19:51:03.499-0300] GC(1624) PSYoungGen: 25094K->4326K(26624K)
[2020-08-05T19:51:03.499-0300] GC(1624) ParOldGen: 140972K->141117K(142848K)
[2020-08-05T19:51:03.499-0300] GC(1624) Metaspace: 118720K->118720K(1163264K)
[2020-08-05T19:51:03.499-0300] GC(1624) Pause Young (Allocation Failure) 162M->142M(165M) 3.275ms
[2020-08-05T19:51:03.499-0300] GC(1624) User=0.01s Sys=0.00s Real=0.00s
[2020-08-05T19:51:14.849-0300] GC(1625) Pause Young (Allocation Failure)
[2020-08-05T19:51:14.854-0300] GC(1625) PSYoungGen: 25318K->4470K(26624K)
[2020-08-05T19:51:14.854-0300] GC(1625) ParOldGen: 141117K->141270K(142848K)
[2020-08-05T19:51:14.854-0300] GC(1625) Metaspace: 118720K->118720K(1163264K)
[2020-08-05T19:51:14.854-0300] GC(1625) Pause Young (Allocation Failure) 162M->142M(165M) 4.430ms
[2020-08-05T19:51:14.854-0300] GC(1625) User=0.01s Sys=0.00s Real=0.01s
[2020-08-05T19:51:29.852-0300] GC(1626) Pause Young (Allocation Failure)
[2020-08-05T19:51:29.856-0300] GC(1626) PSYoungGen: 25447K->4492K(26624K)
[2020-08-05T19:51:29.856-0300] GC(1626) ParOldGen: 141270K->141447K(142848K)
[2020-08-05T19:51:29.856-0300] GC(1626) Metaspace: 118720K->118720K(1163264K)
[2020-08-05T19:51:29.856-0300] GC(1626) Pause Young (Allocation Failure) 162M->142M(165M) 3.834ms
[2020-08-05T19:51:29.856-0300] GC(1626) User=0.01s Sys=0.00s Real=0.01s
[2020-08-05T19:51:42.521-0300] GC(1627) Pause Young (Allocation Failure)
[2020-08-05T19:51:42.524-0300] GC(1627) PSYoungGen: 25484K->4421K(26624K)
[2020-08-05T19:51:42.524-0300] GC(1627) ParOldGen: 141447K->141599K(142848K)
[2020-08-05T19:51:42.524-0300] GC(1627) Metaspace: 118720K->118720K(1163264K)
[2020-08-05T19:51:42.524-0300] GC(1627) Pause Young (Allocation Failure) 163M->142M(165M) 3.225ms
[2020-08-05T19:51:42.524-0300] GC(1627) User=0.01s Sys=0.00s Real=0.01s
[2020-08-05T19:51:52.027-0300] GC(1628) Pause Young (Allocation Failure)
[2020-08-05T19:51:52.031-0300] GC(1628) PSYoungGen: 25413K->4613K(26624K)
[2020-08-05T19:51:52.031-0300] GC(1628) ParOldGen: 141599K->141768K(142848K)
[2020-08-05T19:51:52.031-0300] GC(1628) Metaspace: 118720K->118720K(1163264K)
[2020-08-05T19:51:52.031-0300] GC(1628) Pause Young (Allocation Failure) 163M->142M(165M) 3.683ms
[2020-08-05T19:51:52.031-0300] GC(1628) User=0.00s Sys=0.00s Real=0.00s
[2020-08-05T19:51:53.542-0300] GC(1629) Pause Young (Allocation Failure)
[2020-08-05T19:51:53.547-0300] GC(1629) PSYoungGen: 25605K->4566K(26624K)
[2020-08-05T19:51:53.547-0300] GC(1629) ParOldGen: 141768K->141881K(142848K)
[2020-08-05T19:51:53.547-0300] GC(1629) Metaspace: 118720K->118720K(1163264K)
[2020-08-05T19:51:53.547-0300] GC(1629) Pause Young (Allocation Failure) 163M->143M(165M) 4.281ms
[2020-08-05T19:51:53.547-0300] GC(1629) User=0.00s Sys=0.00s Real=0.01s
[2020-08-05T19:52:14.849-0300] GC(1630) Pause Young (Allocation Failure)
[2020-08-05T19:52:14.852-0300] GC(1630) PSYoungGen: 25558K->3701K(26112K)
[2020-08-05T19:52:14.852-0300] GC(1630) ParOldGen: 141881K->142577K(142848K)
[2020-08-05T19:52:14.852-0300] GC(1630) Metaspace: 118720K->118720K(1163264K)
[2020-08-05T19:52:14.852-0300] GC(1630) Pause Young (Allocation Failure) 163M->142M(165M) 3.586ms
[2020-08-05T19:52:14.852-0300] GC(1630) User=0.01s Sys=0.00s Real=0.00s
[2020-08-05T19:52:14.852-0300] GC(1631) Pause Full (Ergonomics)
[2020-08-05T19:52:14.852-0300] GC(1631) Marking Phase
[2020-08-05T19:52:14.937-0300] GC(1631) Marking Phase 84.411ms
[2020-08-05T19:52:14.937-0300] GC(1631) Summary Phase
[2020-08-05T19:52:14.937-0300] GC(1631) Summary Phase 0.042ms
[2020-08-05T19:52:14.937-0300] GC(1631) Adjust Roots
[2020-08-05T19:52:14.971-0300] GC(1631) Adjust Roots 34.333ms
[2020-08-05T19:52:14.971-0300] GC(1631) Compaction Phase
[2020-08-05T19:52:15.014-0300] GC(1631) Compaction Phase 43.313ms
[2020-08-05T19:52:15.015-0300] GC(1631) Post Compact
[2020-08-05T19:52:15.015-0300] GC(1631) Post Compact 0.795ms
[2020-08-05T19:52:15.016-0300] GC(1631) PSYoungGen: 3701K->0K(26624K)
[2020-08-05T19:52:15.016-0300] GC(1631) ParOldGen: 142577K->103113K(140800K)
[2020-08-05T19:52:15.016-0300] GC(1631) Metaspace: 118720K->118720K(1163264K)
[2020-08-05T19:52:15.016-0300] GC(1631) Pause Full (Ergonomics) 142M->100M(163M) 163.446ms
[2020-08-05T19:52:15.016-0300] GC(1631) User=0.44s Sys=0.00s Real=0.17s
[2020-08-05T19:52:36.026-0300] GC(1632) Pause Young (Allocation Failure)
[2020-08-05T19:52:36.029-0300] GC(1632) PSYoungGen: 20992K->464K(26112K)
[2020-08-05T19:52:36.029-0300] GC(1632) ParOldGen: 103113K->103113K(140800K)
[2020-08-05T19:52:36.029-0300] GC(1632) Metaspace: 118726K->118726K(1163264K)
[2020-08-05T19:52:36.029-0300] GC(1632) Pause Young (Allocation Failure) 121M->101M(163M) 2.705ms
[2020-08-05T19:52:36.029-0300] GC(1632) User=0.01s Sys=0.00s Real=0.00s
[2020-08-05T19:52:54.099-0300] GC(1633) Pause Young (Allocation Failure)
[2020-08-05T19:52:54.101-0300] GC(1633) PSYoungGen: 20944K->320K(26624K)
[2020-08-05T19:52:54.101-0300] GC(1633) ParOldGen: 103113K->103113K(140800K)
[2020-08-05T19:52:54.101-0300] GC(1633) Metaspace: 118726K->118726K(1163264K)
[2020-08-05T19:52:54.101-0300] GC(1633) Pause Young (Allocation Failure) 121M->101M(163M) 2.496ms
[2020-08-05T19:52:54.101-0300] GC(1633) User=0.00s Sys=0.00s Real=0.00s
[2020-08-05T19:53:14.847-0300] GC(1634) Pause Young (Allocation Failure)
[2020-08-05T19:53:14.850-0300] GC(1634) PSYoungGen: 20800K->384K(27136K)
[2020-08-05T19:53:14.850-0300] GC(1634) ParOldGen: 103113K->103113K(140800K)
[2020-08-05T19:53:14.850-0300] GC(1634) Metaspace: 118726K->118726K(1163264K)
[2020-08-05T19:53:14.850-0300] GC(1634) Pause Young (Allocation Failure) 121M->101M(164M) 2.248ms
[2020-08-05T19:53:14.850-0300] GC(1634) User=0.00s Sys=0.00s Real=0.00s
[2020-08-05T19:53:37.688-0300] GC(1635) Pause Young (Allocation Failure)
[2020-08-05T19:53:37.690-0300] GC(1635) PSYoungGen: 20864K->944K(27136K)
[2020-08-05T19:53:37.690-0300] GC(1635) ParOldGen: 103113K->103113K(140800K)
[2020-08-05T19:53:37.690-0300] GC(1635) Metaspace: 118726K->118726K(1163264K)
[2020-08-05T19:53:37.691-0300] GC(1635) Pause Young (Allocation Failure) 121M->101M(164M) 2.467ms
[2020-08-05T19:53:37.691-0300] GC(1635) User=0.00s Sys=0.00s Real=0.00s
[2020-08-05T19:53:56.024-0300] GC(1636) Pause Young (Allocation Failure)
[2020-08-05T19:53:56.027-0300] GC(1636) PSYoungGen: 21424K->1472K(27136K)
[2020-08-05T19:53:56.027-0300] GC(1636) ParOldGen: 103113K->103113K(140800K)
[2020-08-05T19:53:56.027-0300] GC(1636) Metaspace: 118726K->118726K(1163264K)
[2020-08-05T19:53:56.027-0300] GC(1636) Pause Young (Allocation Failure) 121M->102M(164M) 2.501ms
[2020-08-05T19:53:56.027-0300] GC(1636) User=0.00s Sys=0.00s Real=0.00s
[2020-08-05T19:54:10.021-0300] GC(1637) Pause Young (Allocation Failure)
[2020-08-05T19:54:10.024-0300] GC(1637) PSYoungGen: 21952K->1873K(27136K)
[2020-08-05T19:54:10.024-0300] GC(1637) ParOldGen: 103113K->103113K(140800K)
[2020-08-05T19:54:10.024-0300] GC(1637) Metaspace: 118726K->118726K(1163264K)
[2020-08-05T19:54:10.024-0300] GC(1637) Pause Young (Allocation Failure) 122M->102M(164M) 3.697ms
[2020-08-05T19:54:10.024-0300] GC(1637) User=0.01s Sys=0.00s Real=0.01s
[2020-08-05T19:54:22.846-0300] GC(1638) Pause Young (Allocation Failure)
[2020-08-05T19:54:22.851-0300] GC(1638) PSYoungGen: 22353K->2130K(26112K)
[2020-08-05T19:54:22.851-0300] GC(1638) ParOldGen: 103113K->103113K(140800K)
[2020-08-05T19:54:22.851-0300] GC(1638) Metaspace: 118726K->118726K(1163264K)
[2020-08-05T19:54:22.851-0300] GC(1638) Pause Young (Allocation Failure) 122M->102M(163M) 5.254ms
[2020-08-05T19:54:22.852-0300] GC(1638) User=0.01s Sys=0.00s Real=0.00s
[2020-08-05T19:54:36.466-0300] GC(1639) Pause Young (Allocation Failure)
[2020-08-05T19:54:36.469-0300] GC(1639) PSYoungGen: 22610K->2451K(23040K)
[2020-08-05T19:54:36.469-0300] GC(1639) ParOldGen: 103113K->103113K(140800K)
[2020-08-05T19:54:36.469-0300] GC(1639) Metaspace: 118726K->118726K(1163264K)
[2020-08-05T19:54:36.469-0300] GC(1639) Pause Young (Allocation Failure) 122M->103M(160M) 3.111ms
[2020-08-05T19:54:36.469-0300] GC(1639) User=0.00s Sys=0.00s Real=0.00s
[2020-08-05T19:54:49.846-0300] GC(1640) Pause Young (Allocation Failure)
[2020-08-05T19:54:49.850-0300] GC(1640) PSYoungGen: 22931K->2690K(26112K)
[2020-08-05T19:54:49.850-0300] GC(1640) ParOldGen: 103113K->103113K(140800K)
[2020-08-05T19:54:49.850-0300] GC(1640) Metaspace: 118726K->118726K(1163264K)
[2020-08-05T19:54:49.850-0300] GC(1640) Pause Young (Allocation Failure) 123M->103M(163M) 3.596ms
[2020-08-05T19:54:49.850-0300] GC(1640) User=0.00s Sys=0.00s Real=0.00s
[2020-08-05T19:55:02.908-0300] GC(1641) Pause Young (Allocation Failure)
[2020-08-05T19:55:02.911-0300] GC(1641) PSYoungGen: 23170K->3251K(26112K)
[2020-08-05T19:55:02.911-0300] GC(1641) ParOldGen: 103113K->103113K(140800K)
[2020-08-05T19:55:02.911-0300] GC(1641) Metaspace: 118730K->118730K(1163264K)
[2020-08-05T19:55:02.911-0300] GC(1641) Pause Young (Allocation Failure) 123M->103M(163M) 3.072ms
[2020-08-05T19:55:02.911-0300] GC(1641) User=0.00s Sys=0.00s Real=0.00s
[2020-08-05T19:55:14.849-0300] GC(1642) Pause Young (Allocation Failure)
[2020-08-05T19:55:14.852-0300] GC(1642) PSYoungGen: 23731K->3572K(26112K)
[2020-08-05T19:55:14.852-0300] GC(1642) ParOldGen: 103113K->103113K(140800K)
[2020-08-05T19:55:14.852-0300] GC(1642) Metaspace: 118730K->118730K(1163264K)
[2020-08-05T19:55:14.852-0300] GC(1642) Pause Young (Allocation Failure) 123M->104M(163M) 3.173ms
[2020-08-05T19:55:14.852-0300] GC(1642) User=0.00s Sys=0.00s Real=0.00s
[2020-08-05T19:55:29.308-0300] GC(1643) Pause Young (Allocation Failure)
[2020-08-05T19:55:29.312-0300] GC(1643) PSYoungGen: 24052K->3892K(26112K)
[2020-08-05T19:55:29.312-0300] GC(1643) ParOldGen: 103113K->103113K(140800K)
[2020-08-05T19:55:29.312-0300] GC(1643) Metaspace: 118730K->118730K(1163264K)
[2020-08-05T19:55:29.312-0300] GC(1643) Pause Young (Allocation Failure) 124M->104M(163M) 3.518ms
[2020-08-05T19:55:29.312-0300] GC(1643) User=0.00s Sys=0.00s Real=0.00s
[2020-08-05T19:55:40.033-0300] GC(1644) Pause Young (Allocation Failure)
[2020-08-05T19:55:40.036-0300] GC(1644) PSYoungGen: 24372K->4245K(25600K)
[2020-08-05T19:55:40.036-0300] GC(1644) ParOldGen: 103113K->103113K(140800K)
[2020-08-05T19:55:40.036-0300] GC(1644) Metaspace: 118730K->118730K(1163264K)
[2020-08-05T19:55:40.036-0300] GC(1644) Pause Young (Allocation Failure) 124M->104M(162M) 3.654ms
[2020-08-05T19:55:40.036-0300] GC(1644) User=0.01s Sys=0.00s Real=0.01s
[2020-08-05T19:55:50.721-0300] GC(1645) Pause Young (Allocation Failure)
[2020-08-05T19:55:50.725-0300] GC(1645) PSYoungGen: 24213K->4455K(26112K)
[2020-08-05T19:55:50.725-0300] GC(1645) ParOldGen: 103113K->103113K(140800K)
[2020-08-05T19:55:50.725-0300] GC(1645) Metaspace: 118730K->118730K(1163264K)
[2020-08-05T19:55:50.725-0300] GC(1645) Pause Young (Allocation Failure) 124M->105M(163M) 4.099ms
[2020-08-05T19:55:50.725-0300] GC(1645) User=0.01s Sys=0.00s Real=0.01s
[2020-08-05T19:56:02.794-0300] GC(1646) Pause Young (Allocation Failure)
[2020-08-05T19:56:02.799-0300] GC(1646) PSYoungGen: 24423K->4728K(25600K)
[2020-08-05T19:56:02.799-0300] GC(1646) ParOldGen: 103113K->103113K(140800K)
[2020-08-05T19:56:02.799-0300] GC(1646) Metaspace: 118730K->118730K(1163264K)
[2020-08-05T19:56:02.799-0300] GC(1646) Pause Young (Allocation Failure) 124M->105M(162M) 4.638ms
[2020-08-05T19:56:02.799-0300] GC(1646) User=0.01s Sys=0.00s Real=0.00s
[2020-08-05T19:56:16.022-0300] GC(1647) Pause Young (Allocation Failure)
[2020-08-05T19:56:16.025-0300] GC(1647) PSYoungGen: 24184K->4936K(26112K)
[2020-08-05T19:56:16.025-0300] GC(1647) ParOldGen: 103113K->103209K(140800K)
[2020-08-05T19:56:16.025-0300] GC(1647) Metaspace: 118730K->118730K(1163264K)
[2020-08-05T19:56:16.025-0300] GC(1647) Pause Young (Allocation Failure) 124M->105M(163M) 3.513ms
[2020-08-05T19:56:16.025-0300] GC(1647) User=0.01s Sys=0.00s Real=0.01s
[2020-08-05T19:56:27.813-0300] GC(1648) Pause Young (Allocation Failure)
[2020-08-05T19:56:27.817-0300] GC(1648) PSYoungGen: 24392K->4953K(26624K)
[2020-08-05T19:56:27.817-0300] GC(1648) ParOldGen: 103209K->103257K(140800K)
[2020-08-05T19:56:27.817-0300] GC(1648) Metaspace: 118730K->118730K(1163264K)
[2020-08-05T19:56:27.817-0300] GC(1648) Pause Young (Allocation Failure) 124M->105M(163M) 3.982ms
[2020-08-05T19:56:27.817-0300] GC(1648) User=0.01s Sys=0.00s Real=0.01s
[2020-08-05T19:56:39.849-0300] GC(1649) Pause Young (Allocation Failure)
[2020-08-05T19:56:39.852-0300] GC(1649) PSYoungGen: 24409K->5034K(26624K)
[2020-08-05T19:56:39.852-0300] GC(1649) ParOldGen: 103257K->103365K(140800K)
[2020-08-05T19:56:39.852-0300] GC(1649) Metaspace: 118730K->118730K(1163264K)
[2020-08-05T19:56:39.852-0300] GC(1649) Pause Young (Allocation Failure) 124M->105M(163M) 3.909ms
[2020-08-05T19:56:39.852-0300] GC(1649) User=0.01s Sys=0.00s Real=0.00s
[2020-08-05T19:56:54.256-0300] GC(1650) Pause Young (Allocation Failure)
[2020-08-05T19:56:54.259-0300] GC(1650) PSYoungGen: 24490K->4538K(26624K)
[2020-08-05T19:56:54.259-0300] GC(1650) ParOldGen: 103365K->103981K(140800K)
[2020-08-05T19:56:54.259-0300] GC(1650) Metaspace: 118730K->118730K(1163264K)
[2020-08-05T19:56:54.259-0300] GC(1650) Pause Young (Allocation Failure) 124M->105M(163M) 3.796ms
[2020-08-05T19:56:54.259-0300] GC(1650) User=0.01s Sys=0.00s Real=0.00s
[2020-08-05T19:57:04.886-0300] GC(1651) Pause Young (Allocation Failure)
[2020-08-05T19:57:04.890-0300] GC(1651) PSYoungGen: 23994K->4250K(26624K)
[2020-08-05T19:57:04.890-0300] GC(1651) ParOldGen: 103981K->104446K(140800K)
[2020-08-05T19:57:04.890-0300] GC(1651) Metaspace: 118730K->118730K(1163264K)
[2020-08-05T19:57:04.890-0300] GC(1651) Pause Young (Allocation Failure) 124M->106M(163M) 3.786ms
[2020-08-05T19:57:04.890-0300] GC(1651) User=0.01s Sys=0.00s Real=0.00s
[2020-08-05T19:57:06.667-0300] GC(1652) Pause Young (Allocation Failure)
[2020-08-05T19:57:06.671-0300] GC(1652) PSYoungGen: 23705K->4009K(25600K)
[2020-08-05T19:57:06.671-0300] GC(1652) ParOldGen: 104446K->104927K(140800K)
[2020-08-05T19:57:06.671-0300] GC(1652) Metaspace: 118730K->118730K(1163264K)
[2020-08-05T19:57:06.671-0300] GC(1652) Pause Young (Allocation Failure) 125M->106M(162M) 4.011ms
[2020-08-05T19:57:06.671-0300] GC(1652) User=0.01s Sys=0.00s Real=0.00s
[2020-08-05T19:57:08.017-0300] GC(1653) Pause Young (Allocation Failure)
[2020-08-05T19:57:08.021-0300] GC(1653) PSYoungGen: 23465K->3673K(26112K)
[2020-08-05T19:57:08.021-0300] GC(1653) ParOldGen: 104927K->105432K(140800K)
[2020-08-05T19:57:08.021-0300] GC(1653) Metaspace: 118730K->118730K(1163264K)
[2020-08-05T19:57:08.021-0300] GC(1653) Pause Young (Allocation Failure) 125M->106M(163M) 3.439ms
[2020-08-05T19:57:08.021-0300] GC(1653) User=0.01s Sys=0.00s Real=0.00s
[2020-08-05T19:57:19.020-0300] GC(1654) Pause Young (Allocation Failure)
[2020-08-05T19:57:19.024-0300] GC(1654) PSYoungGen: 23129K->2807K(26112K)
[2020-08-05T19:57:19.024-0300] GC(1654) ParOldGen: 105432K->106210K(140800K)
[2020-08-05T19:57:19.024-0300] GC(1654) Metaspace: 118730K->118730K(1163264K)
[2020-08-05T19:57:19.024-0300] GC(1654) Pause Young (Allocation Failure) 125M->106M(163M) 3.980ms
[2020-08-05T19:57:19.024-0300] GC(1654) User=0.00s Sys=0.00s Real=0.01s
[2020-08-05T19:57:39.846-0300] GC(1655) Pause Young (Allocation Failure)
[2020-08-05T19:57:39.849-0300] GC(1655) PSYoungGen: 22263K->1893K(26112K)
[2020-08-05T19:57:39.849-0300] GC(1655) ParOldGen: 106210K->106852K(140800K)
[2020-08-05T19:57:39.849-0300] GC(1655) Metaspace: 118730K->118730K(1163264K)
[2020-08-05T19:57:39.849-0300] GC(1655) Pause Young (Allocation Failure) 125M->106M(163M) 3.219ms
[2020-08-05T19:57:39.849-0300] GC(1655) User=0.01s Sys=0.00s Real=0.00s
[2020-08-05T19:58:01.019-0300] GC(1656) Pause Young (Allocation Failure)
[2020-08-05T19:58:01.023-0300] GC(1656) PSYoungGen: 21349K->1491K(26112K)
[2020-08-05T19:58:01.023-0300] GC(1656) ParOldGen: 106852K->107374K(140800K)
[2020-08-05T19:58:01.023-0300] GC(1656) Metaspace: 118730K->118730K(1163264K)
[2020-08-05T19:58:01.023-0300] GC(1656) Pause Young (Allocation Failure) 125M->106M(163M) 4.028ms
[2020-08-05T19:58:01.023-0300] GC(1656) User=0.01s Sys=0.00s Real=0.00s
[2020-08-05T19:58:14.848-0300] GC(1657) Pause Young (Allocation Failure)
[2020-08-05T19:58:14.852-0300] GC(1657) PSYoungGen: 20947K->1155K(26112K)
[2020-08-05T19:58:14.852-0300] GC(1657) ParOldGen: 107374K->107679K(140800K)
[2020-08-05T19:58:14.852-0300] GC(1657) Metaspace: 118730K->118730K(1163264K)
[2020-08-05T19:58:14.852-0300] GC(1657) Pause Young (Allocation Failure) 125M->106M(163M) 3.733ms
[2020-08-05T19:58:14.852-0300] GC(1657) User=0.00s Sys=0.00s Real=0.00s
[2020-08-05T19:58:36.018-0300] GC(1658) Pause Young (Allocation Failure)
[2020-08-05T19:58:36.022-0300] GC(1658) PSYoungGen: 20611K->1523K(26112K)
[2020-08-05T19:58:36.022-0300] GC(1658) ParOldGen: 107679K->107911K(140800K)
[2020-08-05T19:58:36.022-0300] GC(1658) Metaspace: 118730K->118730K(1163264K)
[2020-08-05T19:58:36.022-0300] GC(1658) Pause Young (Allocation Failure) 125M->106M(163M) 3.299ms
[2020-08-05T19:58:36.022-0300] GC(1658) User=0.00s Sys=0.00s Real=0.00s
[2020-08-05T19:58:59.020-0300] GC(1659) Pause Young (Allocation Failure)
[2020-08-05T19:58:59.024-0300] GC(1659) PSYoungGen: 20979K->2066K(26112K)
[2020-08-05T19:58:59.024-0300] GC(1659) ParOldGen: 107911K->107911K(140800K)
[2020-08-05T19:58:59.024-0300] GC(1659) Metaspace: 118730K->118730K(1163264K)
[2020-08-05T19:58:59.024-0300] GC(1659) Pause Young (Allocation Failure) 125M->107M(163M) 4.910ms
[2020-08-05T19:58:59.024-0300] GC(1659) User=0.01s Sys=0.00s Real=0.01s
[2020-08-05T19:59:14.406-0300] GC(1660) Pause Young (Allocation Failure)
[2020-08-05T19:59:14.409-0300] GC(1660) PSYoungGen: 21522K->2339K(25088K)
[2020-08-05T19:59:14.409-0300] GC(1660) ParOldGen: 107911K->107911K(140800K)
[2020-08-05T19:59:14.409-0300] GC(1660) Metaspace: 118730K->118730K(1163264K)
[2020-08-05T19:59:14.409-0300] GC(1660) Pause Young (Allocation Failure) 126M->107M(162M) 3.026ms
[2020-08-05T19:59:14.409-0300] GC(1660) User=0.00s Sys=0.00s Real=0.00s
[2020-08-05T19:59:25.017-0300] GC(1661) Pause Young (Allocation Failure)
[2020-08-05T19:59:25.021-0300] GC(1661) PSYoungGen: 21795K->2644K(25600K)
[2020-08-05T19:59:25.021-0300] GC(1661) ParOldGen: 107911K->107911K(140800K)
[2020-08-05T19:59:25.021-0300] GC(1661) Metaspace: 118730K->118730K(1163264K)
[2020-08-05T19:59:25.021-0300] GC(1661) Pause Young (Allocation Failure) 126M->107M(162M) 3.201ms
[2020-08-05T19:59:25.021-0300] GC(1661) User=0.00s Sys=0.00s Real=0.00s
[2020-08-05T19:59:39.847-0300] GC(1662) Pause Young (Allocation Failure)
[2020-08-05T19:59:39.850-0300] GC(1662) PSYoungGen: 22100K->3013K(24576K)
[2020-08-05T19:59:39.850-0300] GC(1662) ParOldGen: 107911K->107911K(140800K)
[2020-08-05T19:59:39.850-0300] GC(1662) Metaspace: 118730K->118730K(1163264K)
[2020-08-05T19:59:39.850-0300] GC(1662) Pause Young (Allocation Failure) 126M->108M(161M) 3.276ms
[2020-08-05T19:59:39.850-0300] GC(1662) User=0.01s Sys=0.00s Real=0.00s
[2020-08-05T19:59:51.381-0300] GC(1663) Pause Young (Allocation Failure)
[2020-08-05T19:59:51.384-0300] GC(1663) PSYoungGen: 22469K->3059K(25088K)
[2020-08-05T19:59:51.384-0300] GC(1663) ParOldGen: 107911K->108080K(140800K)
[2020-08-05T19:59:51.384-0300] GC(1663) Metaspace: 118730K->118730K(1163264K)
[2020-08-05T19:59:51.384-0300] GC(1663) Pause Young (Allocation Failure) 127M->108M(162M) 3.037ms
[2020-08-05T19:59:51.384-0300] GC(1663) User=0.01s Sys=0.00s Real=0.01s
[2020-08-05T20:00:04.017-0300] GC(1664) Pause Young (Allocation Failure)
[2020-08-05T20:00:04.020-0300] GC(1664) PSYoungGen: 22515K->3364K(25088K)
[2020-08-05T20:00:04.020-0300] GC(1664) ParOldGen: 108080K->108257K(140800K)
[2020-08-05T20:00:04.020-0300] GC(1664) Metaspace: 118730K->118730K(1163264K)
[2020-08-05T20:00:04.020-0300] GC(1664) Pause Young (Allocation Failure) 127M->109M(162M) 2.846ms
[2020-08-05T20:00:04.020-0300] GC(1664) User=0.00s Sys=0.00s Real=0.00s
[2020-08-05T20:00:17.466-0300] GC(1665) Pause Young (Allocation Failure)
[2020-08-05T20:00:17.469-0300] GC(1665) PSYoungGen: 22798K->3412K(25088K)
[2020-08-05T20:00:17.469-0300] GC(1665) ParOldGen: 108257K->108394K(140800K)
[2020-08-05T20:00:17.469-0300] GC(1665) Metaspace: 118730K->118730K(1163264K)
[2020-08-05T20:00:17.469-0300] GC(1665) Pause Young (Allocation Failure) 127M->109M(162M) 3.144ms
[2020-08-05T20:00:17.469-0300] GC(1665) User=0.01s Sys=0.00s Real=0.00s
[2020-08-05T20:00:28.461-0300] GC(1666) Pause Young (Allocation Failure)
[2020-08-05T20:00:28.465-0300] GC(1666) PSYoungGen: 22868K->3572K(25088K)
[2020-08-05T20:00:28.465-0300] GC(1666) ParOldGen: 108394K->108523K(140800K)
[2020-08-05T20:00:28.465-0300] GC(1666) Metaspace: 118730K->118730K(1163264K)
[2020-08-05T20:00:28.465-0300] GC(1666) Pause Young (Allocation Failure) 128M->109M(162M) 3.773ms
[2020-08-05T20:00:28.465-0300] GC(1666) User=0.01s Sys=0.00s Real=0.01s
[2020-08-05T20:00:40.032-0300] GC(1667) Pause Young (Allocation Failure)
[2020-08-05T20:00:40.036-0300] GC(1667) PSYoungGen: 23028K->4020K(25088K)
[2020-08-05T20:00:40.036-0300] GC(1667) ParOldGen: 108523K->108563K(140800K)
[2020-08-05T20:00:40.036-0300] GC(1667) Metaspace: 118730K->118730K(1163264K)
[2020-08-05T20:00:40.036-0300] GC(1667) Pause Young (Allocation Failure) 128M->109M(162M) 3.562ms
[2020-08-05T20:00:40.036-0300] GC(1667) User=0.01s Sys=0.00s Real=0.01s
[2020-08-05T20:00:54.845-0300] GC(1668) Pause Young (Allocation Failure)
[2020-08-05T20:00:54.848-0300] GC(1668) PSYoungGen: 23476K->4165K(25088K)
[2020-08-05T20:00:54.848-0300] GC(1668) ParOldGen: 108563K->108603K(140800K)
[2020-08-05T20:00:54.848-0300] GC(1668) Metaspace: 118730K->118730K(1163264K)
[2020-08-05T20:00:54.848-0300] GC(1668) Pause Young (Allocation Failure) 128M->110M(162M) 3.373ms
[2020-08-05T20:00:54.848-0300] GC(1668) User=0.01s Sys=0.00s Real=0.00s
[2020-08-05T20:01:00.556-0300] GC(1669) Pause Young (Allocation Failure)
[2020-08-05T20:01:00.560-0300] GC(1669) PSYoungGen: 23621K->4389K(25088K)
[2020-08-05T20:01:00.560-0300] GC(1669) ParOldGen: 108603K->108643K(140800K)
[2020-08-05T20:01:00.560-0300] GC(1669) Metaspace: 118730K->118730K(1163264K)
[2020-08-05T20:01:00.560-0300] GC(1669) Pause Young (Allocation Failure) 129M->110M(162M) 4.051ms
[2020-08-05T20:01:00.560-0300] GC(1669) User=0.01s Sys=0.00s Real=0.00s
[2020-08-05T20:01:14.847-0300] GC(1670) Pause Young (Allocation Failure)
[2020-08-05T20:01:14.850-0300] GC(1670) PSYoungGen: 23845K->4631K(25600K)
[2020-08-05T20:01:14.850-0300] GC(1670) ParOldGen: 108643K->108675K(140800K)
[2020-08-05T20:01:14.850-0300] GC(1670) Metaspace: 118730K->118730K(1163264K)
[2020-08-05T20:01:14.850-0300] GC(1670) Pause Young (Allocation Failure) 129M->110M(162M) 3.558ms
[2020-08-05T20:01:14.850-0300] GC(1670) User=0.01s Sys=0.00s Real=0.00s
[2020-08-05T20:01:27.011-0300] GC(1671) Pause Young (Allocation Failure)
[2020-08-05T20:01:27.015-0300] GC(1671) PSYoungGen: 24087K->4791K(25600K)
[2020-08-05T20:01:27.015-0300] GC(1671) ParOldGen: 108675K->108699K(140800K)
[2020-08-05T20:01:27.015-0300] GC(1671) Metaspace: 118730K->118730K(1163264K)
[2020-08-05T20:01:27.015-0300] GC(1671) Pause Young (Allocation Failure) 129M->110M(162M) 3.861ms
[2020-08-05T20:01:27.015-0300] GC(1671) User=0.01s Sys=0.00s Real=0.01s
[2020-08-05T20:01:39.043-0300] GC(1672) Pause Young (Allocation Failure)
[2020-08-05T20:01:39.047-0300] GC(1672) PSYoungGen: 24247K->4953K(26112K)
[2020-08-05T20:01:39.047-0300] GC(1672) ParOldGen: 108699K->108799K(140800K)
[2020-08-05T20:01:39.047-0300] GC(1672) Metaspace: 118730K->118730K(1163264K)
[2020-08-05T20:01:39.047-0300] GC(1672) Pause Young (Allocation Failure) 129M->111M(163M) 3.622ms
[2020-08-05T20:01:39.047-0300] GC(1672) User=0.01s Sys=0.00s Real=0.01s
[2020-08-05T20:01:48.705-0300] GC(1673) Pause Young (Allocation Failure)
[2020-08-05T20:01:48.709-0300] GC(1673) PSYoungGen: 24409K->4440K(26112K)
[2020-08-05T20:01:48.709-0300] GC(1673) ParOldGen: 108799K->109351K(140800K)
[2020-08-05T20:01:48.709-0300] GC(1673) Metaspace: 118730K->118730K(1163264K)
[2020-08-05T20:01:48.709-0300] GC(1673) Pause Young (Allocation Failure) 130M->111M(163M) 3.125ms
[2020-08-05T20:01:48.709-0300] GC(1673) User=0.01s Sys=0.00s Real=0.00s
[2020-08-05T20:01:50.204-0300] GC(1674) Pause Young (Allocation Failure)
[2020-08-05T20:01:50.208-0300] GC(1674) PSYoungGen: 23896K->4105K(26112K)
[2020-08-05T20:01:50.208-0300] GC(1674) ParOldGen: 109351K->109895K(140800K)
[2020-08-05T20:01:50.208-0300] GC(1674) Metaspace: 118730K->118730K(1163264K)
[2020-08-05T20:01:50.208-0300] GC(1674) Pause Young (Allocation Failure) 130M->111M(163M) 3.541ms
[2020-08-05T20:01:50.208-0300] GC(1674) User=0.01s Sys=0.00s Real=0.00s
[2020-08-05T20:01:52.035-0300] GC(1675) Pause Young (Allocation Failure)
[2020-08-05T20:01:52.039-0300] GC(1675) PSYoungGen: 23561K->3736K(23552K)
[2020-08-05T20:01:52.039-0300] GC(1675) ParOldGen: 109895K->110480K(140800K)
[2020-08-05T20:01:52.039-0300] GC(1675) Metaspace: 118730K->118730K(1163264K)
[2020-08-05T20:01:52.039-0300] GC(1675) Pause Young (Allocation Failure) 130M->111M(160M) 4.192ms
[2020-08-05T20:01:52.039-0300] GC(1675) User=0.01s Sys=0.00s Real=0.00s
[2020-08-05T20:01:53.495-0300] GC(1676) Pause Young (Allocation Failure)
[2020-08-05T20:01:53.498-0300] GC(1676) PSYoungGen: 23192K->3111K(25600K)
[2020-08-05T20:01:53.498-0300] GC(1676) ParOldGen: 110480K->111138K(140800K)
[2020-08-05T20:01:53.498-0300] GC(1676) Metaspace: 118730K->118730K(1163264K)
[2020-08-05T20:01:53.498-0300] GC(1676) Pause Young (Allocation Failure) 130M->111M(162M) 3.137ms
[2020-08-05T20:01:53.498-0300] GC(1676) User=0.00s Sys=0.00s Real=0.00s
[2020-08-05T20:01:54.847-0300] GC(1677) Pause Young (Allocation Failure)
[2020-08-05T20:01:54.850-0300] GC(1677) PSYoungGen: 22567K->2564K(25600K)
[2020-08-05T20:01:54.850-0300] GC(1677) ParOldGen: 111138K->111820K(140800K)
[2020-08-05T20:01:54.850-0300] GC(1677) Metaspace: 118730K->118730K(1163264K)
[2020-08-05T20:01:54.850-0300] GC(1677) Pause Young (Allocation Failure) 130M->111M(162M) 3.284ms
[2020-08-05T20:01:54.850-0300] GC(1677) User=0.00s Sys=0.00s Real=0.00s
[2020-08-05T20:02:16.043-0300] GC(1678) Pause Young (Allocation Failure)
[2020-08-05T20:02:16.047-0300] GC(1678) PSYoungGen: 22020K->1523K(25600K)
[2020-08-05T20:02:16.047-0300] GC(1678) ParOldGen: 111820K->112478K(140800K)
[2020-08-05T20:02:16.047-0300] GC(1678) Metaspace: 118730K->118730K(1163264K)
[2020-08-05T20:02:16.047-0300] GC(1678) Pause Young (Allocation Failure) 130M->111M(162M) 4.151ms
[2020-08-05T20:02:16.047-0300] GC(1678) User=0.01s Sys=0.00s Real=0.01s
[2020-08-05T20:02:35.127-0300] GC(1679) Pause Young (Allocation Failure)
[2020-08-05T20:02:35.132-0300] GC(1679) PSYoungGen: 20979K->1169K(25600K)
[2020-08-05T20:02:35.132-0300] GC(1679) ParOldGen: 112478K->112943K(140800K)
[2020-08-05T20:02:35.132-0300] GC(1679) Metaspace: 118730K->118730K(1163264K)
[2020-08-05T20:02:35.132-0300] GC(1679) Pause Young (Allocation Failure) 130M->111M(162M) 4.570ms
[2020-08-05T20:02:35.132-0300] GC(1679) User=0.01s Sys=0.00s Real=0.00s
[2020-08-05T20:02:54.847-0300] GC(1680) Pause Young (Allocation Failure)
[2020-08-05T20:02:54.849-0300] GC(1680) PSYoungGen: 20625K->560K(26112K)
[2020-08-05T20:02:54.849-0300] GC(1680) ParOldGen: 112943K->113336K(140800K)
[2020-08-05T20:02:54.849-0300] GC(1680) Metaspace: 118730K->118730K(1163264K)
[2020-08-05T20:02:54.850-0300] GC(1680) Pause Young (Allocation Failure) 130M->111M(163M) 2.733ms
[2020-08-05T20:02:54.850-0300] GC(1680) User=0.00s Sys=0.00s Real=0.00s
[2020-08-05T20:03:11.161-0300] GC(1681) Pause Young (Allocation Failure)
[2020-08-05T20:03:11.164-0300] GC(1681) PSYoungGen: 20016K->416K(26112K)
[2020-08-05T20:03:11.164-0300] GC(1681) ParOldGen: 113336K->113586K(140800K)
[2020-08-05T20:03:11.164-0300] GC(1681) Metaspace: 118730K->118730K(1163264K)
[2020-08-05T20:03:11.164-0300] GC(1681) Pause Young (Allocation Failure) 130M->111M(163M) 3.315ms
[2020-08-05T20:03:11.165-0300] GC(1681) User=0.00s Sys=0.00s Real=0.01s
[2020-08-05T20:03:33.178-0300] GC(1682) Pause Young (Allocation Failure)
[2020-08-05T20:03:33.182-0300] GC(1682) PSYoungGen: 19872K->928K(26112K)
[2020-08-05T20:03:33.182-0300] GC(1682) ParOldGen: 113586K->113642K(140800K)
[2020-08-05T20:03:33.182-0300] GC(1682) Metaspace: 118730K->118730K(1163264K)
[2020-08-05T20:03:33.182-0300] GC(1682) Pause Young (Allocation Failure) 130M->111M(163M) 4.045ms
[2020-08-05T20:03:33.182-0300] GC(1682) User=0.00s Sys=0.00s Real=0.00s
[2020-08-05T20:03:54.848-0300] GC(1683) Pause Young (Allocation Failure)
[2020-08-05T20:03:54.851-0300] GC(1683) PSYoungGen: 20384K->1376K(26112K)
[2020-08-05T20:03:54.851-0300] GC(1683) ParOldGen: 113642K->113682K(140800K)
[2020-08-05T20:03:54.851-0300] GC(1683) Metaspace: 118730K->118730K(1163264K)
[2020-08-05T20:03:54.851-0300] GC(1683) Pause Young (Allocation Failure) 130M->112M(163M) 2.718ms
[2020-08-05T20:03:54.851-0300] GC(1683) User=0.00s Sys=0.00s Real=0.00s
[2020-08-05T20:04:05.891-0300] GC(1684) Pause Young (Allocation Failure)
[2020-08-05T20:04:05.895-0300] GC(1684) PSYoungGen: 20832K->1729K(25088K)
[2020-08-05T20:04:05.895-0300] GC(1684) ParOldGen: 113682K->113682K(140800K)
[2020-08-05T20:04:05.895-0300] GC(1684) Metaspace: 118730K->118730K(1163264K)
[2020-08-05T20:04:05.895-0300] GC(1684) Pause Young (Allocation Failure) 131M->112M(162M) 3.171ms
[2020-08-05T20:04:05.895-0300] GC(1684) User=0.00s Sys=0.01s Real=0.01s
[2020-08-05T20:04:19.004-0300] GC(1685) Pause Young (Allocation Failure)
[2020-08-05T20:04:19.007-0300] GC(1685) PSYoungGen: 21184K->2097K(22016K)
[2020-08-05T20:04:19.007-0300] GC(1685) ParOldGen: 113682K->113682K(140800K)
[2020-08-05T20:04:19.007-0300] GC(1685) Metaspace: 118730K->118730K(1163264K)
[2020-08-05T20:04:19.007-0300] GC(1685) Pause Young (Allocation Failure) 131M->113M(159M) 3.777ms
[2020-08-05T20:04:19.007-0300] GC(1685) User=0.00s Sys=0.00s Real=0.01s
[2020-08-05T20:04:27.569-0300] GC(1686) Pause Young (Allocation Failure)
[2020-08-05T20:04:27.573-0300] GC(1686) PSYoungGen: 21553K->2226K(25088K)
[2020-08-05T20:04:27.573-0300] GC(1686) ParOldGen: 113682K->113682K(140800K)
[2020-08-05T20:04:27.573-0300] GC(1686) Metaspace: 118730K->118730K(1163264K)
[2020-08-05T20:04:27.573-0300] GC(1686) Pause Young (Allocation Failure) 132M->113M(162M) 3.546ms
[2020-08-05T20:04:27.573-0300] GC(1686) User=0.01s Sys=0.00s Real=0.00s
[2020-08-05T20:04:29.308-0300] GC(1687) Pause Young (Allocation Failure)
[2020-08-05T20:04:29.311-0300] GC(1687) PSYoungGen: 21682K->2531K(22016K)
[2020-08-05T20:04:29.311-0300] GC(1687) ParOldGen: 113682K->113682K(140800K)
[2020-08-05T20:04:29.311-0300] GC(1687) Metaspace: 118730K->118730K(1163264K)
[2020-08-05T20:04:29.311-0300] GC(1687) Pause Young (Allocation Failure) 132M->113M(159M) 3.378ms
[2020-08-05T20:04:29.311-0300] GC(1687) User=0.00s Sys=0.00s Real=0.00s
[2020-08-05T20:04:30.932-0300] GC(1688) Pause Young (Allocation Failure)
[2020-08-05T20:04:30.935-0300] GC(1688) PSYoungGen: 21982K->2691K(24576K)
[2020-08-05T20:04:30.935-0300] GC(1688) ParOldGen: 113682K->113738K(140800K)
[2020-08-05T20:04:30.935-0300] GC(1688) Metaspace: 118730K->118730K(1163264K)
[2020-08-05T20:04:30.935-0300] GC(1688) Pause Young (Allocation Failure) 132M->113M(161M) 3.559ms
[2020-08-05T20:04:30.935-0300] GC(1688) User=0.00s Sys=0.00s Real=0.01s
[2020-08-05T20:04:32.380-0300] GC(1689) Pause Young (Allocation Failure)
[2020-08-05T20:04:32.383-0300] GC(1689) PSYoungGen: 22147K->2659K(24576K)
[2020-08-05T20:04:32.383-0300] GC(1689) ParOldGen: 113738K->113786K(140800K)
[2020-08-05T20:04:32.383-0300] GC(1689) Metaspace: 118730K->118730K(1163264K)
[2020-08-05T20:04:32.383-0300] GC(1689) Pause Young (Allocation Failure) 132M->113M(161M) 3.003ms
[2020-08-05T20:04:32.384-0300] GC(1689) User=0.00s Sys=0.00s Real=0.00s
[2020-08-05T20:04:34.039-0300] GC(1690) Pause Young (Allocation Failure)
[2020-08-05T20:04:34.043-0300] GC(1690) PSYoungGen: 22115K->2259K(23552K)
[2020-08-05T20:04:34.043-0300] GC(1690) ParOldGen: 113786K->114458K(140800K)
[2020-08-05T20:04:34.043-0300] GC(1690) Metaspace: 118731K->118731K(1163264K)
[2020-08-05T20:04:34.043-0300] GC(1690) Pause Young (Allocation Failure) 132M->113M(160M) 4.222ms
[2020-08-05T20:04:34.043-0300] GC(1690) User=0.01s Sys=0.00s Real=0.00s
[2020-08-05T20:04:37.039-0300] GC(1691) Pause Young (Allocation Failure)
[2020-08-05T20:04:37.042-0300] GC(1691) PSYoungGen: 21715K->1233K(24064K)
[2020-08-05T20:04:37.042-0300] GC(1691) ParOldGen: 114458K->115359K(140800K)
[2020-08-05T20:04:37.042-0300] GC(1691) Metaspace: 118731K->118731K(1163264K)
[2020-08-05T20:04:37.042-0300] GC(1691) Pause Young (Allocation Failure) 132M->113M(161M) 3.226ms
[2020-08-05T20:04:37.042-0300] GC(1691) User=0.00s Sys=0.00s Real=0.00s
[2020-08-05T20:04:59.039-0300] GC(1692) Pause Young (Allocation Failure)
[2020-08-05T20:04:59.042-0300] GC(1692) PSYoungGen: 20689K->1024K(24064K)
[2020-08-05T20:04:59.042-0300] GC(1692) ParOldGen: 115359K->115784K(140800K)
[2020-08-05T20:04:59.042-0300] GC(1692) Metaspace: 118731K->118731K(1163264K)
[2020-08-05T20:04:59.042-0300] GC(1692) Pause Young (Allocation Failure) 132M->114M(161M) 3.078ms
[2020-08-05T20:04:59.042-0300] GC(1692) User=0.00s Sys=0.00s Real=0.00s
[2020-08-05T20:05:19.847-0300] GC(1693) Pause Young (Allocation Failure)
[2020-08-05T20:05:19.850-0300] GC(1693) PSYoungGen: 20480K->1120K(24064K)
[2020-08-05T20:05:19.850-0300] GC(1693) ParOldGen: 115784K->115996K(140800K)
[2020-08-05T20:05:19.850-0300] GC(1693) Metaspace: 118731K->118731K(1163264K)
[2020-08-05T20:05:19.850-0300] GC(1693) Pause Young (Allocation Failure) 133M->114M(161M) 3.152ms
[2020-08-05T20:05:19.850-0300] GC(1693) User=0.01s Sys=0.00s Real=0.00s
[2020-08-05T20:05:37.038-0300] GC(1694) Pause Young (Allocation Failure)
[2020-08-05T20:05:37.041-0300] GC(1694) PSYoungGen: 20576K->1264K(24064K)
[2020-08-05T20:05:37.041-0300] GC(1694) ParOldGen: 115996K->116212K(140800K)
[2020-08-05T20:05:37.041-0300] GC(1694) Metaspace: 118731K->118731K(1163264K)
[2020-08-05T20:05:37.041-0300] GC(1694) Pause Young (Allocation Failure) 133M->114M(161M) 2.996ms
[2020-08-05T20:05:37.041-0300] GC(1694) User=0.00s Sys=0.00s Real=0.00s
[2020-08-05T20:05:41.049-0300] GC(1695) Pause Young (Allocation Failure)
[2020-08-05T20:05:41.052-0300] GC(1695) PSYoungGen: 20720K->1218K(24064K)
[2020-08-05T20:05:41.052-0300] GC(1695) ParOldGen: 116212K->116620K(140800K)
[2020-08-05T20:05:41.052-0300] GC(1695) Metaspace: 118731K->118731K(1163264K)
[2020-08-05T20:05:41.052-0300] GC(1695) Pause Young (Allocation Failure) 133M->115M(161M) 2.980ms
[2020-08-05T20:05:41.053-0300] GC(1695) User=0.01s Sys=0.00s Real=0.00s
[2020-08-05T20:05:41.124-0300] GC(1696) Pause Young (Allocation Failure)
[2020-08-05T20:05:41.127-0300] GC(1696) PSYoungGen: 20674K->937K(24064K)
[2020-08-05T20:05:41.127-0300] GC(1696) ParOldGen: 116620K->117301K(140800K)
[2020-08-05T20:05:41.127-0300] GC(1696) Metaspace: 118760K->118760K(1163264K)
[2020-08-05T20:05:41.127-0300] GC(1696) Pause Young (Allocation Failure) 134M->115M(161M) 2.508ms
[2020-08-05T20:05:41.127-0300] GC(1696) User=0.00s Sys=0.00s Real=0.00s
[2020-08-05T20:05:41.164-0300] GC(1697) Pause Young (Allocation Failure)
[2020-08-05T20:05:41.168-0300] GC(1697) PSYoungGen: 20393K->968K(24064K)
[2020-08-05T20:05:41.168-0300] GC(1697) ParOldGen: 117301K->118180K(140800K)
[2020-08-05T20:05:41.168-0300] GC(1697) Metaspace: 118811K->118811K(1163264K)
[2020-08-05T20:05:41.168-0300] GC(1697) Pause Young (Allocation Failure) 134M->116M(161M) 3.355ms
[2020-08-05T20:05:41.168-0300] GC(1697) User=0.01s Sys=0.00s Real=0.00s
[2020-08-05T20:05:41.212-0300] GC(1698) Pause Young (Allocation Failure)
[2020-08-05T20:05:41.215-0300] GC(1698) PSYoungGen: 20424K->406K(27648K)
[2020-08-05T20:05:41.215-0300] GC(1698) ParOldGen: 118180K->119019K(140800K)
[2020-08-05T20:05:41.215-0300] GC(1698) Metaspace: 118834K->118834K(1163264K)
[2020-08-05T20:05:41.215-0300] GC(1698) Pause Young (Allocation Failure) 135M->116M(164M) 3.421ms
[2020-08-05T20:05:41.215-0300] GC(1698) User=0.01s Sys=0.00s Real=0.01s
[2020-08-05T20:05:41.324-0300] GC(1699) Pause Young (Allocation Failure)
[2020-08-05T20:05:41.327-0300] GC(1699) PSYoungGen: 23958K->224K(27648K)
[2020-08-05T20:05:41.327-0300] GC(1699) ParOldGen: 119019K->119342K(140800K)
[2020-08-05T20:05:41.327-0300] GC(1699) Metaspace: 118835K->118835K(1163264K)
[2020-08-05T20:05:41.327-0300] GC(1699) Pause Young (Allocation Failure) 139M->116M(164M) 2.666ms
[2020-08-05T20:05:41.327-0300] GC(1699) User=0.01s Sys=0.00s Real=0.00s
[2020-08-05T20:05:41.467-0300] GC(1700) Pause Young (Allocation Failure)
[2020-08-05T20:05:41.470-0300] GC(1700) PSYoungGen: 23776K->128K(32768K)
[2020-08-05T20:05:41.470-0300] GC(1700) ParOldGen: 119342K->119478K(140800K)
[2020-08-05T20:05:41.470-0300] GC(1700) Metaspace: 118841K->118841K(1163264K)
[2020-08-05T20:05:41.470-0300] GC(1700) Pause Young (Allocation Failure) 139M->116M(169M) 2.995ms
[2020-08-05T20:05:41.470-0300] GC(1700) User=0.01s Sys=0.00s Real=0.00s
[2020-08-05T20:05:41.891-0300] GC(1701) Pause Young (Allocation Failure)
[2020-08-05T20:05:41.893-0300] GC(1701) PSYoungGen: 28800K->240K(32768K)
[2020-08-05T20:05:41.893-0300] GC(1701) ParOldGen: 119478K->119544K(140800K)
[2020-08-05T20:05:41.893-0300] GC(1701) Metaspace: 118853K->118853K(1163264K)
[2020-08-05T20:05:41.893-0300] GC(1701) Pause Young (Allocation Failure) 144M->116M(169M) 2.360ms
[2020-08-05T20:05:41.893-0300] GC(1701) User=0.00s Sys=0.00s Real=0.00s
[2020-08-05T20:05:57.037-0300] GC(1702) Pause Young (Allocation Failure)
[2020-08-05T20:05:57.041-0300] GC(1702) PSYoungGen: 28912K->754K(38912K)
[2020-08-05T20:05:57.041-0300] GC(1702) ParOldGen: 119544K->119705K(140800K)
[2020-08-05T20:05:57.041-0300] GC(1702) Metaspace: 118853K->118853K(1163264K)
[2020-08-05T20:05:57.041-0300] GC(1702) Pause Young (Allocation Failure) 144M->117M(175M) 3.767ms
[2020-08-05T20:05:57.041-0300] GC(1702) User=0.01s Sys=0.00s Real=0.00s
[2020-08-05T20:06:09.511-0300] GC(1703) Pause Young (Allocation Failure)
[2020-08-05T20:06:09.515-0300] GC(1703) PSYoungGen: 35570K->497K(38912K)
[2020-08-05T20:06:09.515-0300] GC(1703) ParOldGen: 119705K->120223K(140800K)
[2020-08-05T20:06:09.515-0300] GC(1703) Metaspace: 118853K->118853K(1163264K)
[2020-08-05T20:06:09.515-0300] GC(1703) Pause Young (Allocation Failure) 151M->117M(175M) 3.658ms
[2020-08-05T20:06:09.515-0300] GC(1703) User=0.01s Sys=0.00s Real=0.01s
[2020-08-05T20:06:12.365-0300] GC(1704) Pause Young (Allocation Failure)
[2020-08-05T20:06:12.368-0300] GC(1704) PSYoungGen: 35308K->545K(45568K)
[2020-08-05T20:06:12.368-0300] GC(1704) ParOldGen: 120223K->120476K(140800K)
[2020-08-05T20:06:12.368-0300] GC(1704) Metaspace: 118853K->118853K(1163264K)
[2020-08-05T20:06:12.368-0300] GC(1704) Pause Young (Allocation Failure) 151M->118M(182M) 3.108ms
[2020-08-05T20:06:12.368-0300] GC(1704) User=0.01s Sys=0.00s Real=0.00s
[2020-08-05T20:06:19.657-0300] GC(1705) Pause Young (Allocation Failure)
[2020-08-05T20:06:19.660-0300] GC(1705) PSYoungGen: 42529K->352K(41472K)
[2020-08-05T20:06:19.660-0300] GC(1705) ParOldGen: 120476K->120572K(140800K)
[2020-08-05T20:06:19.660-0300] GC(1705) Metaspace: 118853K->118853K(1163264K)
[2020-08-05T20:06:19.660-0300] GC(1705) Pause Young (Allocation Failure) 159M->118M(178M) 3.564ms
[2020-08-05T20:06:19.660-0300] GC(1705) User=0.00s Sys=0.00s Real=0.00s
[2020-08-05T20:07:05.330-0300] GC(1706) Pause Young (Allocation Failure)
[2020-08-05T20:07:05.333-0300] GC(1706) PSYoungGen: 41312K->160K(42496K)
[2020-08-05T20:07:05.333-0300] GC(1706) ParOldGen: 120572K->120800K(140800K)
[2020-08-05T20:07:05.333-0300] GC(1706) Metaspace: 118853K->118853K(1163264K)
[2020-08-05T20:07:05.333-0300] GC(1706) Pause Young (Allocation Failure) 158M->118M(179M) 2.965ms
[2020-08-05T20:07:05.333-0300] GC(1706) User=0.00s Sys=0.00s Real=0.00s
[2020-08-05T20:07:33.350-0300] GC(1707) Pause Young (Allocation Failure)
[2020-08-05T20:07:33.353-0300] GC(1707) PSYoungGen: 40096K->545K(39936K)
[2020-08-05T20:07:33.353-0300] GC(1707) ParOldGen: 120800K->120848K(140800K)
[2020-08-05T20:07:33.353-0300] GC(1707) Metaspace: 118853K->118853K(1163264K)
[2020-08-05T20:07:33.353-0300] GC(1707) Pause Young (Allocation Failure) 157M->118M(176M) 3.102ms
[2020-08-05T20:07:33.353-0300] GC(1707) User=0.01s Sys=0.00s Real=0.00s
[2020-08-05T20:07:59.173-0300] GC(1708) Pause Young (Allocation Failure)
[2020-08-05T20:07:59.178-0300] GC(1708) PSYoungGen: 39457K->385K(40960K)
[2020-08-05T20:07:59.178-0300] GC(1708) ParOldGen: 120848K->121109K(140800K)
[2020-08-05T20:07:59.178-0300] GC(1708) Metaspace: 118853K->118853K(1163264K)
[2020-08-05T20:07:59.178-0300] GC(1708) Pause Young (Allocation Failure) 156M->118M(177M) 4.549ms
[2020-08-05T20:07:59.178-0300] GC(1708) User=0.01s Sys=0.00s Real=0.01s
[2020-08-05T20:08:19.537-0300] GC(1709) Pause Young (Allocation Failure)
[2020-08-05T20:08:19.540-0300] GC(1709) PSYoungGen: 38785K->625K(38912K)
[2020-08-05T20:08:19.540-0300] GC(1709) ParOldGen: 121109K->121399K(140800K)
[2020-08-05T20:08:19.540-0300] GC(1709) Metaspace: 118853K->118853K(1163264K)
[2020-08-05T20:08:19.540-0300] GC(1709) Pause Young (Allocation Failure) 156M->119M(175M) 3.557ms
[2020-08-05T20:08:19.541-0300] GC(1709) User=0.01s Sys=0.00s Real=0.00s
[2020-08-05T20:08:22.438-0300] GC(1710) Pause Young (Allocation Failure)
[2020-08-05T20:08:22.441-0300] GC(1710) PSYoungGen: 38513K->593K(38912K)
[2020-08-05T20:08:22.441-0300] GC(1710) ParOldGen: 121399K->121813K(140800K)
[2020-08-05T20:08:22.441-0300] GC(1710) Metaspace: 118853K->118853K(1163264K)
[2020-08-05T20:08:22.441-0300] GC(1710) Pause Young (Allocation Failure) 156M->119M(175M) 3.217ms
[2020-08-05T20:08:22.441-0300] GC(1710) User=0.00s Sys=0.00s Real=0.00s
[2020-08-05T20:08:44.847-0300] GC(1711) Pause Young (Allocation Failure)
[2020-08-05T20:08:44.850-0300] GC(1711) PSYoungGen: 37969K->768K(37888K)
[2020-08-05T20:08:44.850-0300] GC(1711) ParOldGen: 121813K->122017K(140800K)
[2020-08-05T20:08:44.850-0300] GC(1711) Metaspace: 118853K->118853K(1163264K)
[2020-08-05T20:08:44.850-0300] GC(1711) Pause Young (Allocation Failure) 156M->119M(174M) 3.212ms
[2020-08-05T20:08:44.850-0300] GC(1711) User=0.01s Sys=0.00s Real=0.00s
[2020-08-05T20:09:23.678-0300] GC(1712) Pause Young (Allocation Failure)
[2020-08-05T20:09:23.681-0300] GC(1712) PSYoungGen: 37632K->816K(38400K)
[2020-08-05T20:09:23.681-0300] GC(1712) ParOldGen: 122017K->122621K(140800K)
[2020-08-05T20:09:23.681-0300] GC(1712) Metaspace: 118853K->118853K(1163264K)
[2020-08-05T20:09:23.681-0300] GC(1712) Pause Young (Allocation Failure) 155M->120M(175M) 3.327ms
[2020-08-05T20:09:23.681-0300] GC(1712) User=0.00s Sys=0.00s Real=0.00s
[2020-08-05T20:09:59.846-0300] GC(1713) Pause Young (Allocation Failure)
[2020-08-05T20:09:59.849-0300] GC(1713) PSYoungGen: 37168K->608K(36864K)
[2020-08-05T20:09:59.849-0300] GC(1713) ParOldGen: 122621K->123341K(140800K)
[2020-08-05T20:09:59.849-0300] GC(1713) Metaspace: 118853K->118853K(1163264K)
[2020-08-05T20:09:59.849-0300] GC(1713) Pause Young (Allocation Failure) 156M->121M(173M) 2.429ms
[2020-08-05T20:09:59.849-0300] GC(1713) User=0.00s Sys=0.00s Real=0.00s
[2020-08-05T20:10:31.742-0300] GC(1714) Pause Young (Allocation Failure)
[2020-08-05T20:10:31.745-0300] GC(1714) PSYoungGen: 36427K->768K(36352K)
[2020-08-05T20:10:31.745-0300] GC(1714) ParOldGen: 123341K->123809K(140800K)
[2020-08-05T20:10:31.745-0300] GC(1714) Metaspace: 118853K->118853K(1163264K)
[2020-08-05T20:10:31.745-0300] GC(1714) Pause Young (Allocation Failure) 156M->121M(173M) 2.995ms
[2020-08-05T20:10:31.745-0300] GC(1714) User=0.00s Sys=0.00s Real=0.01s
[2020-08-05T20:10:55.307-0300] GC(1715) Pause Young (Allocation Failure)
[2020-08-05T20:10:55.311-0300] GC(1715) PSYoungGen: 36096K->785K(35840K)
[2020-08-05T20:10:55.311-0300] GC(1715) ParOldGen: 123809K->124462K(140800K)
[2020-08-05T20:10:55.311-0300] GC(1715) Metaspace: 118853K->118853K(1163264K)
[2020-08-05T20:10:55.311-0300] GC(1715) Pause Young (Allocation Failure) 156M->122M(172M) 3.732ms
[2020-08-05T20:10:55.311-0300] GC(1715) User=0.00s Sys=0.01s Real=0.00s
[2020-08-05T20:10:58.915-0300] GC(1716) Pause Young (Allocation Failure)
[2020-08-05T20:10:58.918-0300] GC(1716) PSYoungGen: 35601K->577K(35840K)
[2020-08-05T20:10:58.918-0300] GC(1716) ParOldGen: 124462K->125163K(140800K)
[2020-08-05T20:10:58.918-0300] GC(1716) Metaspace: 118853K->118853K(1163264K)
[2020-08-05T20:10:58.918-0300] GC(1716) Pause Young (Allocation Failure) 156M->122M(172M) 2.571ms
[2020-08-05T20:10:58.918-0300] GC(1716) User=0.01s Sys=0.00s Real=0.00s
[2020-08-05T20:11:01.887-0300] GC(1717) Pause Young (Allocation Failure)
[2020-08-05T20:11:01.891-0300] GC(1717) PSYoungGen: 34880K->513K(34816K)
[2020-08-05T20:11:01.891-0300] GC(1717) ParOldGen: 125163K->125347K(140800K)
[2020-08-05T20:11:01.891-0300] GC(1717) Metaspace: 118853K->118853K(1163264K)
[2020-08-05T20:11:01.891-0300] GC(1717) Pause Young (Allocation Failure) 156M->122M(171M) 3.747ms
[2020-08-05T20:11:01.891-0300] GC(1717) User=0.01s Sys=0.00s Real=0.00s
[2020-08-05T20:11:05.030-0300] GC(1718) Pause Young (Allocation Failure)
[2020-08-05T20:11:05.033-0300] GC(1718) PSYoungGen: 34305K->497K(34816K)
[2020-08-05T20:11:05.033-0300] GC(1718) ParOldGen: 125347K->125479K(140800K)
[2020-08-05T20:11:05.033-0300] GC(1718) Metaspace: 118853K->118853K(1163264K)
[2020-08-05T20:11:05.033-0300] GC(1718) Pause Young (Allocation Failure) 155M->123M(171M) 2.742ms
[2020-08-05T20:11:05.033-0300] GC(1718) User=0.01s Sys=0.00s Real=0.00s
[2020-08-05T20:11:43.550-0300] GC(1719) Pause Young (Allocation Failure)
[2020-08-05T20:11:43.553-0300] GC(1719) PSYoungGen: 33777K->288K(33280K)
[2020-08-05T20:11:43.553-0300] GC(1719) ParOldGen: 125479K->125575K(140800K)
[2020-08-05T20:11:43.553-0300] GC(1719) Metaspace: 118853K->118853K(1163264K)
[2020-08-05T20:11:43.553-0300] GC(1719) Pause Young (Allocation Failure) 155M->122M(170M) 2.774ms
[2020-08-05T20:11:43.553-0300] GC(1719) User=0.01s Sys=0.00s Real=0.00s
[2020-08-05T20:12:13.029-0300] GC(1720) Pause Young (Allocation Failure)
[2020-08-05T20:12:13.033-0300] GC(1720) PSYoungGen: 33056K->224K(33792K)
[2020-08-05T20:12:13.033-0300] GC(1720) ParOldGen: 125575K->125743K(140800K)
[2020-08-05T20:12:13.033-0300] GC(1720) Metaspace: 118853K->118853K(1163264K)
[2020-08-05T20:12:13.033-0300] GC(1720) Pause Young (Allocation Failure) 154M->123M(170M) 3.841ms
[2020-08-05T20:12:13.033-0300] GC(1720) User=0.01s Sys=0.00s Real=0.00s
[2020-08-05T20:12:48.029-0300] GC(1721) Pause Young (Allocation Failure)
[2020-08-05T20:12:48.032-0300] GC(1721) PSYoungGen: 32480K->448K(32256K)
[2020-08-05T20:12:48.032-0300] GC(1721) ParOldGen: 125743K->125743K(140800K)
[2020-08-05T20:12:48.032-0300] GC(1721) Metaspace: 118857K->118857K(1163264K)
[2020-08-05T20:12:48.032-0300] GC(1721) Pause Young (Allocation Failure) 154M->123M(169M) 3.221ms
[2020-08-05T20:12:48.033-0300] GC(1721) User=0.01s Sys=0.00s Real=0.00s
[2020-08-05T20:13:14.848-0300] GC(1722) Pause Young (Allocation Failure)
[2020-08-05T20:13:14.853-0300] GC(1722) PSYoungGen: 32184K->480K(31744K)
[2020-08-05T20:13:14.853-0300] GC(1722) ParOldGen: 125743K->125743K(140800K)
[2020-08-05T20:13:14.853-0300] GC(1722) Metaspace: 118857K->118857K(1163264K)
[2020-08-05T20:13:14.853-0300] GC(1722) Pause Young (Allocation Failure) 154M->123M(168M) 5.013ms
[2020-08-05T20:13:14.853-0300] GC(1722) User=0.01s Sys=0.00s Real=0.00s
[2020-08-05T20:13:49.848-0300] GC(1723) Pause Young (Allocation Failure)
[2020-08-05T20:13:49.851-0300] GC(1723) PSYoungGen: 31712K->1328K(32256K)
[2020-08-05T20:13:49.851-0300] GC(1723) ParOldGen: 125743K->125743K(140800K)
[2020-08-05T20:13:49.851-0300] GC(1723) Metaspace: 118857K->118857K(1163264K)
[2020-08-05T20:13:49.851-0300] GC(1723) Pause Young (Allocation Failure) 153M->124M(169M) 3.120ms
[2020-08-05T20:13:49.851-0300] GC(1723) User=0.01s Sys=0.00s Real=0.00s
[2020-08-05T20:14:16.049-0300] GC(1724) Pause Young (Allocation Failure)
[2020-08-05T20:14:16.053-0300] GC(1724) PSYoungGen: 32048K->1840K(32256K)
[2020-08-05T20:14:16.053-0300] GC(1724) ParOldGen: 125743K->125743K(140800K)
[2020-08-05T20:14:16.053-0300] GC(1724) Metaspace: 118857K->118857K(1163264K)
[2020-08-05T20:14:16.053-0300] GC(1724) Pause Young (Allocation Failure) 154M->124M(169M) 3.922ms
[2020-08-05T20:14:16.053-0300] GC(1724) User=0.01s Sys=0.00s Real=0.00s
[2020-08-05T20:14:50.658-0300] GC(1725) Pause Young (Allocation Failure)
[2020-08-05T20:14:50.661-0300] GC(1725) PSYoungGen: 32048K->2032K(31744K)
[2020-08-05T20:14:50.661-0300] GC(1725) ParOldGen: 125743K->125783K(140800K)
[2020-08-05T20:14:50.661-0300] GC(1725) Metaspace: 118857K->118857K(1163264K)
[2020-08-05T20:14:50.662-0300] GC(1725) Pause Young (Allocation Failure) 154M->124M(168M) 3.722ms
[2020-08-05T20:14:50.662-0300] GC(1725) User=0.00s Sys=0.01s Real=0.00s
[2020-08-05T20:15:16.685-0300] GC(1726) Pause Young (Allocation Failure)
[2020-08-05T20:15:16.689-0300] GC(1726) PSYoungGen: 31728K->2033K(31232K)
[2020-08-05T20:15:16.689-0300] GC(1726) ParOldGen: 125783K->126372K(140800K)
[2020-08-05T20:15:16.689-0300] GC(1726) Metaspace: 118857K->118857K(1163264K)
[2020-08-05T20:15:16.689-0300] GC(1726) Pause Young (Allocation Failure) 153M->125M(168M) 4.209ms
[2020-08-05T20:15:16.689-0300] GC(1726) User=0.00s Sys=0.00s Real=0.00s
[2020-08-05T20:15:34.047-0300] GC(1727) Pause Young (Allocation Failure)
[2020-08-05T20:15:34.050-0300] GC(1727) PSYoungGen: 31217K->1473K(30208K)
[2020-08-05T20:15:34.050-0300] GC(1727) ParOldGen: 126372K->127499K(140800K)
[2020-08-05T20:15:34.050-0300] GC(1727) Metaspace: 118857K->118857K(1163264K)
[2020-08-05T20:15:34.050-0300] GC(1727) Pause Young (Allocation Failure) 153M->125M(167M) 3.096ms
[2020-08-05T20:15:34.050-0300] GC(1727) User=0.01s Sys=0.00s Real=0.00s
[2020-08-05T20:15:39.845-0300] GC(1728) Pause Young (Allocation Failure)
[2020-08-05T20:15:39.848-0300] GC(1728) PSYoungGen: 30145K->1858K(30720K)
[2020-08-05T20:15:39.848-0300] GC(1728) ParOldGen: 127499K->127499K(140800K)
[2020-08-05T20:15:39.848-0300] GC(1728) Metaspace: 118857K->118857K(1163264K)
[2020-08-05T20:15:39.848-0300] GC(1728) Pause Young (Allocation Failure) 153M->126M(167M) 2.940ms
[2020-08-05T20:15:39.848-0300] GC(1728) User=0.01s Sys=0.00s Real=0.00s
[2020-08-05T20:15:42.171-0300] GC(1729) Pause Young (Allocation Failure)
[2020-08-05T20:15:42.174-0300] GC(1729) PSYoungGen: 30018K->2113K(30720K)
[2020-08-05T20:15:42.174-0300] GC(1729) ParOldGen: 127499K->127499K(140800K)
[2020-08-05T20:15:42.174-0300] GC(1729) Metaspace: 118857K->118857K(1163264K)
[2020-08-05T20:15:42.174-0300] GC(1729) Pause Young (Allocation Failure) 153M->126M(167M) 3.203ms
[2020-08-05T20:15:42.174-0300] GC(1729) User=0.00s Sys=0.00s Real=0.01s
[2020-08-05T20:15:44.567-0300] GC(1730) Pause Young (Allocation Failure)
[2020-08-05T20:15:44.569-0300] GC(1730) PSYoungGen: 29761K->1874K(30208K)
[2020-08-05T20:15:44.569-0300] GC(1730) ParOldGen: 127499K->127819K(140800K)
[2020-08-05T20:15:44.569-0300] GC(1730) Metaspace: 118857K->118857K(1163264K)
[2020-08-05T20:15:44.569-0300] GC(1730) Pause Young (Allocation Failure) 153M->126M(167M) 2.611ms
[2020-08-05T20:15:44.569-0300] GC(1730) User=0.01s Sys=0.00s Real=0.00s
[2020-08-05T20:15:54.048-0300] GC(1731) Pause Young (Allocation Failure)
[2020-08-05T20:15:54.051-0300] GC(1731) PSYoungGen: 29010K->1217K(28160K)
[2020-08-05T20:15:54.051-0300] GC(1731) ParOldGen: 127819K->128424K(140800K)
[2020-08-05T20:15:54.051-0300] GC(1731) Metaspace: 118857K->118857K(1163264K)
[2020-08-05T20:15:54.051-0300] GC(1731) Pause Young (Allocation Failure) 153M->126M(165M) 3.213ms
[2020-08-05T20:15:54.051-0300] GC(1731) User=0.00s Sys=0.00s Real=0.00s
[2020-08-05T20:16:23.754-0300] GC(1732) Pause Young (Allocation Failure)
[2020-08-05T20:16:23.758-0300] GC(1732) PSYoungGen: 27841K->864K(28672K)
[2020-08-05T20:16:23.758-0300] GC(1732) ParOldGen: 128424K->128942K(140800K)
[2020-08-05T20:16:23.758-0300] GC(1732) Metaspace: 118857K->118857K(1163264K)
[2020-08-05T20:16:23.758-0300] GC(1732) Pause Young (Allocation Failure) 152M->126M(165M) 4.265ms
[2020-08-05T20:16:23.758-0300] GC(1732) User=0.01s Sys=0.00s Real=0.01s
[2020-08-05T20:16:49.845-0300] GC(1733) Pause Young (Allocation Failure)
[2020-08-05T20:16:49.848-0300] GC(1733) PSYoungGen: 26976K->832K(26624K)
[2020-08-05T20:16:49.848-0300] GC(1733) ParOldGen: 128942K->128942K(140800K)
[2020-08-05T20:16:49.848-0300] GC(1733) Metaspace: 118857K->118857K(1163264K)
[2020-08-05T20:16:49.848-0300] GC(1733) Pause Young (Allocation Failure) 152M->126M(163M) 3.112ms
[2020-08-05T20:16:49.848-0300] GC(1733) User=0.00s Sys=0.00s Real=0.00s
[2020-08-05T20:17:06.798-0300] GC(1734) Pause Young (Allocation Failure)
[2020-08-05T20:17:06.801-0300] GC(1734) PSYoungGen: 26432K->1009K(27648K)
[2020-08-05T20:17:06.801-0300] GC(1734) ParOldGen: 128942K->128942K(140800K)
[2020-08-05T20:17:06.801-0300] GC(1734) Metaspace: 118857K->118857K(1163264K)
[2020-08-05T20:17:06.801-0300] GC(1734) Pause Young (Allocation Failure) 151M->126M(164M) 3.123ms
[2020-08-05T20:17:06.801-0300] GC(1734) User=0.01s Sys=0.00s Real=0.00s
[2020-08-05T20:17:18.178-0300] GC(1735) Pause Young (Allocation Failure)
[2020-08-05T20:17:18.181-0300] GC(1735) PSYoungGen: 26097K->1393K(28160K)
[2020-08-05T20:17:18.181-0300] GC(1735) ParOldGen: 128942K->128942K(140800K)
[2020-08-05T20:17:18.181-0300] GC(1735) Metaspace: 118857K->118857K(1163264K)
[2020-08-05T20:17:18.181-0300] GC(1735) Pause Young (Allocation Failure) 151M->127M(165M) 3.109ms
[2020-08-05T20:17:18.181-0300] GC(1735) User=0.01s Sys=0.00s Real=0.00s
[2020-08-05T20:17:20.088-0300] GC(1736) Pause Young (Allocation Failure)
[2020-08-05T20:17:20.091-0300] GC(1736) PSYoungGen: 26481K->1458K(27136K)
[2020-08-05T20:17:20.091-0300] GC(1736) ParOldGen: 128942K->128942K(140800K)
[2020-08-05T20:17:20.091-0300] GC(1736) Metaspace: 118857K->118857K(1163264K)
[2020-08-05T20:17:20.091-0300] GC(1736) Pause Young (Allocation Failure) 151M->127M(164M) 2.933ms
[2020-08-05T20:17:20.091-0300] GC(1736) User=0.01s Sys=0.00s Real=0.00s
[2020-08-05T20:17:22.337-0300] GC(1737) Pause Young (Allocation Failure)
[2020-08-05T20:17:22.341-0300] GC(1737) PSYoungGen: 26544K->1491K(27648K)
[2020-08-05T20:17:22.341-0300] GC(1737) ParOldGen: 128942K->129078K(140800K)
[2020-08-05T20:17:22.341-0300] GC(1737) Metaspace: 118857K->118857K(1163264K)
[2020-08-05T20:17:22.341-0300] GC(1737) Pause Young (Allocation Failure) 151M->127M(164M) 3.932ms
[2020-08-05T20:17:22.341-0300] GC(1737) User=0.01s Sys=0.00s Real=0.00s
[2020-08-05T20:17:24.370-0300] GC(1738) Pause Young (Allocation Failure)
[2020-08-05T20:17:24.374-0300] GC(1738) PSYoungGen: 26579K->1490K(27648K)
[2020-08-05T20:17:24.374-0300] GC(1738) ParOldGen: 129078K->129174K(140800K)
[2020-08-05T20:17:24.374-0300] GC(1738) Metaspace: 118857K->118857K(1163264K)
[2020-08-05T20:17:24.374-0300] GC(1738) Pause Young (Allocation Failure) 152M->127M(164M) 3.837ms
[2020-08-05T20:17:24.374-0300] GC(1738) User=0.00s Sys=0.00s Real=0.01s
[2020-08-05T20:17:31.825-0300] GC(1739) Pause Young (Allocation Failure)
[2020-08-05T20:17:31.828-0300] GC(1739) PSYoungGen: 26578K->721K(27648K)
[2020-08-05T20:17:31.828-0300] GC(1739) ParOldGen: 129174K->129598K(140800K)
[2020-08-05T20:17:31.828-0300] GC(1739) Metaspace: 118857K->118857K(1163264K)
[2020-08-05T20:17:31.828-0300] GC(1739) Pause Young (Allocation Failure) 152M->127M(164M) 3.190ms
[2020-08-05T20:17:31.828-0300] GC(1739) User=0.00s Sys=0.00s Real=0.00s
[2020-08-05T20:17:59.852-0300] GC(1740) Pause Young (Allocation Failure)
[2020-08-05T20:17:59.855-0300] GC(1740) PSYoungGen: 25803K->550K(27648K)
[2020-08-05T20:17:59.855-0300] GC(1740) ParOldGen: 129598K->129839K(140800K)
[2020-08-05T20:17:59.855-0300] GC(1740) Metaspace: 118857K->118857K(1163264K)
[2020-08-05T20:17:59.855-0300] GC(1740) Pause Young (Allocation Failure) 151M->127M(164M) 2.748ms
[2020-08-05T20:17:59.855-0300] GC(1740) User=0.01s Sys=0.00s Real=0.01s
[2020-08-05T20:18:25.614-0300] GC(1741) Pause Young (Allocation Failure)
[2020-08-05T20:18:25.617-0300] GC(1741) PSYoungGen: 25638K->576K(27648K)
[2020-08-05T20:18:25.617-0300] GC(1741) ParOldGen: 129839K->130016K(140800K)
[2020-08-05T20:18:25.617-0300] GC(1741) Metaspace: 118857K->118857K(1163264K)
[2020-08-05T20:18:25.617-0300] GC(1741) Pause Young (Allocation Failure) 151M->127M(164M) 2.893ms
[2020-08-05T20:18:25.617-0300] GC(1741) User=0.00s Sys=0.01s Real=0.00s
[2020-08-05T20:18:41.558-0300] GC(1742) Pause Young (Allocation Failure)
[2020-08-05T20:18:41.561-0300] GC(1742) PSYoungGen: 25664K->1105K(27648K)
[2020-08-05T20:18:41.561-0300] GC(1742) ParOldGen: 130016K->130048K(140800K)
[2020-08-05T20:18:41.561-0300] GC(1742) Metaspace: 118857K->118857K(1163264K)
[2020-08-05T20:18:41.561-0300] GC(1742) Pause Young (Allocation Failure) 152M->128M(164M) 3.086ms
[2020-08-05T20:18:41.561-0300] GC(1742) User=0.00s Sys=0.00s Real=0.00s
[2020-08-05T20:18:57.892-0300] GC(1743) Pause Young (Allocation Failure)
[2020-08-05T20:18:57.896-0300] GC(1743) PSYoungGen: 26193K->1698K(27648K)
[2020-08-05T20:18:57.896-0300] GC(1743) ParOldGen: 130048K->130048K(140800K)
[2020-08-05T20:18:57.896-0300] GC(1743) Metaspace: 118857K->118857K(1163264K)
[2020-08-05T20:18:57.896-0300] GC(1743) Pause Young (Allocation Failure) 152M->128M(164M) 3.348ms
[2020-08-05T20:18:57.896-0300] GC(1743) User=0.01s Sys=0.00s Real=0.01s
[2020-08-05T20:19:14.846-0300] GC(1744) Pause Young (Allocation Failure)
[2020-08-05T20:19:14.849-0300] GC(1744) PSYoungGen: 26786K->2226K(27136K)
[2020-08-05T20:19:14.849-0300] GC(1744) ParOldGen: 130048K->130048K(140800K)
[2020-08-05T20:19:14.849-0300] GC(1744) Metaspace: 118857K->118857K(1163264K)
[2020-08-05T20:19:14.849-0300] GC(1744) Pause Young (Allocation Failure) 153M->129M(164M) 3.069ms
[2020-08-05T20:19:14.849-0300] GC(1744) User=0.01s Sys=0.00s Real=0.00s
[2020-08-05T20:19:29.847-0300] GC(1745) Pause Young (Allocation Failure)
[2020-08-05T20:19:29.850-0300] GC(1745) PSYoungGen: 26802K->2547K(27648K)
[2020-08-05T20:19:29.850-0300] GC(1745) ParOldGen: 130048K->130048K(140800K)
[2020-08-05T20:19:29.850-0300] GC(1745) Metaspace: 118857K->118857K(1163264K)
[2020-08-05T20:19:29.850-0300] GC(1745) Pause Young (Allocation Failure) 153M->129M(164M) 2.572ms
[2020-08-05T20:19:29.850-0300] GC(1745) User=0.01s Sys=0.00s Real=0.00s
[2020-08-05T20:19:45.065-0300] GC(1746) Pause Young (Allocation Failure)
[2020-08-05T20:19:45.068-0300] GC(1746) PSYoungGen: 27123K->2884K(27136K)
[2020-08-05T20:19:45.068-0300] GC(1746) ParOldGen: 130048K->130048K(140800K)
[2020-08-05T20:19:45.068-0300] GC(1746) Metaspace: 118857K->118857K(1163264K)
[2020-08-05T20:19:45.068-0300] GC(1746) Pause Young (Allocation Failure) 153M->129M(164M) 3.160ms
[2020-08-05T20:19:45.068-0300] GC(1746) User=0.01s Sys=0.01s Real=0.00s
[2020-08-05T20:20:01.041-0300] GC(1747) Pause Young (Allocation Failure)
[2020-08-05T20:20:01.046-0300] GC(1747) PSYoungGen: 26947K->3189K(27648K)
[2020-08-05T20:20:01.046-0300] GC(1747) ParOldGen: 130048K->130048K(140800K)
[2020-08-05T20:20:01.046-0300] GC(1747) Metaspace: 118857K->118857K(1163264K)
[2020-08-05T20:20:01.046-0300] GC(1747) Pause Young (Allocation Failure) 153M->130M(164M) 5.029ms
[2020-08-05T20:20:01.046-0300] GC(1747) User=0.01s Sys=0.00s Real=0.01s
[2020-08-05T20:20:02.649-0300] GC(1748) Pause Young (Allocation Failure)
[2020-08-05T20:20:02.652-0300] GC(1748) PSYoungGen: 27253K->3525K(27648K)
[2020-08-05T20:20:02.652-0300] GC(1748) ParOldGen: 130048K->130048K(140800K)
[2020-08-05T20:20:02.652-0300] GC(1748) Metaspace: 118857K->118857K(1163264K)
[2020-08-05T20:20:02.652-0300] GC(1748) Pause Young (Allocation Failure) 153M->130M(164M) 3.444ms
[2020-08-05T20:20:02.652-0300] GC(1748) User=0.01s Sys=0.00s Real=0.00s
[2020-08-05T20:20:24.050-0300] GC(1749) Pause Young (Allocation Failure)
[2020-08-05T20:20:24.054-0300] GC(1749) PSYoungGen: 27067K->3669K(28160K)
[2020-08-05T20:20:24.054-0300] GC(1749) ParOldGen: 130048K->130112K(140800K)
[2020-08-05T20:20:24.054-0300] GC(1749) Metaspace: 118857K->118857K(1163264K)
[2020-08-05T20:20:24.054-0300] GC(1749) Pause Young (Allocation Failure) 153M->130M(165M) 3.856ms
[2020-08-05T20:20:24.054-0300] GC(1749) User=0.00s Sys=0.00s Real=0.01s
[2020-08-05T20:20:49.852-0300] GC(1750) Pause Young (Allocation Failure)
[2020-08-05T20:20:49.856-0300] GC(1750) PSYoungGen: 27210K->3974K(28160K)
[2020-08-05T20:20:49.856-0300] GC(1750) ParOldGen: 130112K->130136K(140800K)
[2020-08-05T20:20:49.856-0300] GC(1750) Metaspace: 118857K->118857K(1163264K)
[2020-08-05T20:20:49.856-0300] GC(1750) Pause Young (Allocation Failure) 153M->130M(165M) 4.101ms
[2020-08-05T20:20:49.856-0300] GC(1750) User=0.00s Sys=0.00s Real=0.01s
[2020-08-05T20:21:08.919-0300] GC(1751) Pause Young (Allocation Failure)
[2020-08-05T20:21:08.924-0300] GC(1751) PSYoungGen: 27014K->4022K(28672K)
[2020-08-05T20:21:08.924-0300] GC(1751) ParOldGen: 130136K->130136K(140800K)
[2020-08-05T20:21:08.924-0300] GC(1751) Metaspace: 118857K->118857K(1163264K)
[2020-08-05T20:21:08.924-0300] GC(1751) Pause Young (Allocation Failure) 153M->131M(165M) 4.211ms
[2020-08-05T20:21:08.924-0300] GC(1751) User=0.01s Sys=0.00s Real=0.00s
[2020-08-05T20:21:34.846-0300] GC(1752) Pause Young (Allocation Failure)
[2020-08-05T20:21:34.849-0300] GC(1752) PSYoungGen: 27062K->4182K(28160K)
[2020-08-05T20:21:34.849-0300] GC(1752) ParOldGen: 130136K->130136K(140800K)
[2020-08-05T20:21:34.849-0300] GC(1752) Metaspace: 118857K->118857K(1163264K)
[2020-08-05T20:21:34.849-0300] GC(1752) Pause Young (Allocation Failure) 153M->131M(165M) 3.563ms
[2020-08-05T20:21:34.849-0300] GC(1752) User=0.01s Sys=0.00s Real=0.00s
[2020-08-05T20:22:00.033-0300] GC(1753) Pause Young (Allocation Failure)
[2020-08-05T20:22:00.037-0300] GC(1753) PSYoungGen: 26710K->4214K(28672K)
[2020-08-05T20:22:00.037-0300] GC(1753) ParOldGen: 130136K->130136K(140800K)
[2020-08-05T20:22:00.037-0300] GC(1753) Metaspace: 118857K->118857K(1163264K)
[2020-08-05T20:22:00.037-0300] GC(1753) Pause Young (Allocation Failure) 153M->131M(165M) 4.036ms
[2020-08-05T20:22:00.037-0300] GC(1753) User=0.01s Sys=0.00s Real=0.01s
[2020-08-05T20:22:17.548-0300] GC(1754) Pause Young (Allocation Failure)
[2020-08-05T20:22:17.552-0300] GC(1754) PSYoungGen: 26742K->4342K(28160K)
[2020-08-05T20:22:17.552-0300] GC(1754) ParOldGen: 130136K->130136K(140800K)
[2020-08-05T20:22:17.552-0300] GC(1754) Metaspace: 118857K->118857K(1163264K)
[2020-08-05T20:22:17.552-0300] GC(1754) Pause Young (Allocation Failure) 153M->131M(165M) 4.214ms
[2020-08-05T20:22:17.552-0300] GC(1754) User=0.01s Sys=0.00s Real=0.00s
[2020-08-05T20:22:40.059-0300] GC(1755) Pause Young (Allocation Failure)
[2020-08-05T20:22:40.062-0300] GC(1755) PSYoungGen: 26358K->4374K(28672K)
[2020-08-05T20:22:40.062-0300] GC(1755) ParOldGen: 130136K->130136K(140800K)
[2020-08-05T20:22:40.062-0300] GC(1755) Metaspace: 118857K->118857K(1163264K)
[2020-08-05T20:22:40.063-0300] GC(1755) Pause Young (Allocation Failure) 152M->131M(165M) 3.264ms
[2020-08-05T20:22:40.063-0300] GC(1755) User=0.01s Sys=0.00s Real=0.00s
[2020-08-05T20:23:04.193-0300] GC(1756) Pause Young (Allocation Failure)
[2020-08-05T20:23:04.196-0300] GC(1756) PSYoungGen: 26390K->3862K(28672K)
[2020-08-05T20:23:04.197-0300] GC(1756) ParOldGen: 130136K->130528K(140800K)
[2020-08-05T20:23:04.197-0300] GC(1756) Metaspace: 118857K->118857K(1163264K)
[2020-08-05T20:23:04.197-0300] GC(1756) Pause Young (Allocation Failure) 152M->131M(165M) 3.247ms
[2020-08-05T20:23:04.197-0300] GC(1756) User=0.00s Sys=0.00s Real=0.01s
[2020-08-05T20:23:19.254-0300] GC(1757) Pause Young (Allocation Failure)
[2020-08-05T20:23:19.257-0300] GC(1757) PSYoungGen: 25878K->3621K(28672K)
[2020-08-05T20:23:19.257-0300] GC(1757) ParOldGen: 130528K->131082K(140800K)
[2020-08-05T20:23:19.257-0300] GC(1757) Metaspace: 118857K->118857K(1163264K)
[2020-08-05T20:23:19.257-0300] GC(1757) Pause Young (Allocation Failure) 152M->131M(165M) 3.393ms
[2020-08-05T20:23:19.257-0300] GC(1757) User=0.01s Sys=0.00s Real=0.00s
[2020-08-05T20:23:31.097-0300] GC(1758) Pause Young (Allocation Failure)
[2020-08-05T20:23:31.101-0300] GC(1758) PSYoungGen: 25637K->3653K(28672K)
[2020-08-05T20:23:31.101-0300] GC(1758) ParOldGen: 131082K->131619K(140800K)
[2020-08-05T20:23:31.101-0300] GC(1758) Metaspace: 118857K->118857K(1163264K)
[2020-08-05T20:23:31.101-0300] GC(1758) Pause Young (Allocation Failure) 153M->132M(165M) 4.367ms
[2020-08-05T20:23:31.101-0300] GC(1758) User=0.01s Sys=0.00s Real=0.00s
[2020-08-05T20:23:37.463-0300] GC(1759) Pause Young (Allocation Failure)
[2020-08-05T20:23:37.467-0300] GC(1759) PSYoungGen: 25669K->3396K(25600K)
[2020-08-05T20:23:37.467-0300] GC(1759) ParOldGen: 131619K->132140K(140800K)
[2020-08-05T20:23:37.467-0300] GC(1759) Metaspace: 118857K->118857K(1163264K)
[2020-08-05T20:23:37.467-0300] GC(1759) Pause Young (Allocation Failure) 153M->132M(162M) 3.353ms
[2020-08-05T20:23:37.467-0300] GC(1759) User=0.01s Sys=0.00s Real=0.01s
[2020-08-05T20:23:39.380-0300] GC(1760) Pause Young (Allocation Failure)
[2020-08-05T20:23:39.384-0300] GC(1760) PSYoungGen: 25412K->3428K(28160K)
[2020-08-05T20:23:39.384-0300] GC(1760) ParOldGen: 132140K->132477K(140800K)
[2020-08-05T20:23:39.384-0300] GC(1760) Metaspace: 118857K->118857K(1163264K)
[2020-08-05T20:23:39.384-0300] GC(1760) Pause Young (Allocation Failure) 153M->132M(165M) 3.645ms
[2020-08-05T20:23:39.384-0300] GC(1760) User=0.00s Sys=0.00s Real=0.01s
[2020-08-05T20:23:40.950-0300] GC(1761) Pause Young (Allocation Failure)
[2020-08-05T20:23:40.956-0300] GC(1761) PSYoungGen: 25444K->2867K(25088K)
[2020-08-05T20:23:40.956-0300] GC(1761) ParOldGen: 132477K->133087K(140800K)
[2020-08-05T20:23:40.956-0300] GC(1761) Metaspace: 118857K->118857K(1163264K)
[2020-08-05T20:23:40.956-0300] GC(1761) Pause Young (Allocation Failure) 154M->132M(162M) 5.302ms
[2020-08-05T20:23:40.956-0300] GC(1761) User=0.01s Sys=0.00s Real=0.01s
[2020-08-05T20:23:42.820-0300] GC(1762) Pause Young (Allocation Failure)
[2020-08-05T20:23:42.824-0300] GC(1762) PSYoungGen: 24883K->2611K(27648K)
[2020-08-05T20:23:42.824-0300] GC(1762) ParOldGen: 133087K->133551K(140800K)
[2020-08-05T20:23:42.824-0300] GC(1762) Metaspace: 118857K->118857K(1163264K)
[2020-08-05T20:23:42.824-0300] GC(1762) Pause Young (Allocation Failure) 154M->132M(164M) 4.332ms
[2020-08-05T20:23:42.824-0300] GC(1762) User=0.01s Sys=0.00s Real=0.01s
[2020-08-05T20:23:47.047-0300] GC(1763) Pause Young (Allocation Failure)
[2020-08-05T20:23:47.050-0300] GC(1763) PSYoungGen: 24627K->1985K(27648K)
[2020-08-05T20:23:47.050-0300] GC(1763) ParOldGen: 133551K->134151K(140800K)
[2020-08-05T20:23:47.050-0300] GC(1763) Metaspace: 118873K->118873K(1163264K)
[2020-08-05T20:23:47.050-0300] GC(1763) Pause Young (Allocation Failure) 154M->132M(164M) 3.170ms
[2020-08-05T20:23:47.050-0300] GC(1763) User=0.01s Sys=0.00s Real=0.00s
[2020-08-05T20:24:11.045-0300] GC(1764) Pause Young (Allocation Failure)
[2020-08-05T20:24:11.049-0300] GC(1764) PSYoungGen: 24001K->2385K(27648K)
[2020-08-05T20:24:11.049-0300] GC(1764) ParOldGen: 134151K->134303K(140800K)
[2020-08-05T20:24:11.049-0300] GC(1764) Metaspace: 118873K->118873K(1163264K)
[2020-08-05T20:24:11.049-0300] GC(1764) Pause Young (Allocation Failure) 154M->133M(164M) 3.547ms
[2020-08-05T20:24:11.049-0300] GC(1764) User=0.00s Sys=0.00s Real=0.00s
[2020-08-05T20:24:35.045-0300] GC(1765) Pause Young (Allocation Failure)
[2020-08-05T20:24:35.048-0300] GC(1765) PSYoungGen: 24401K->2561K(27648K)
[2020-08-05T20:24:35.048-0300] GC(1765) ParOldGen: 134303K->134383K(140800K)
[2020-08-05T20:24:35.048-0300] GC(1765) Metaspace: 118873K->118873K(1163264K)
[2020-08-05T20:24:35.048-0300] GC(1765) Pause Young (Allocation Failure) 154M->133M(164M) 3.529ms
[2020-08-05T20:24:35.048-0300] GC(1765) User=0.00s Sys=0.00s Real=0.00s
[2020-08-05T20:24:52.071-0300] GC(1766) Pause Young (Allocation Failure)
[2020-08-05T20:24:52.075-0300] GC(1766) PSYoungGen: 24577K->2225K(26624K)
[2020-08-05T20:24:52.075-0300] GC(1766) ParOldGen: 134383K->134680K(140800K)
[2020-08-05T20:24:52.075-0300] GC(1766) Metaspace: 118873K->118873K(1163264K)
[2020-08-05T20:24:52.075-0300] GC(1766) Pause Young (Allocation Failure) 155M->133M(163M) 4.462ms
[2020-08-05T20:24:52.075-0300] GC(1766) User=0.00s Sys=0.00s Real=0.01s
[2020-08-05T20:25:17.160-0300] GC(1767) Pause Young (Allocation Failure)
[2020-08-05T20:25:17.163-0300] GC(1767) PSYoungGen: 24241K->1920K(27136K)
[2020-08-05T20:25:17.163-0300] GC(1767) ParOldGen: 134680K->135369K(140800K)
[2020-08-05T20:25:17.163-0300] GC(1767) Metaspace: 118873K->118873K(1163264K)
[2020-08-05T20:25:17.164-0300] GC(1767) Pause Young (Allocation Failure) 155M->134M(164M) 3.512ms
[2020-08-05T20:25:17.164-0300] GC(1767) User=0.01s Sys=0.00s Real=0.00s
[2020-08-05T20:25:42.042-0300] GC(1768) Pause Young (Allocation Failure)
[2020-08-05T20:25:42.045-0300] GC(1768) PSYoungGen: 23936K->2336K(27136K)
[2020-08-05T20:25:42.045-0300] GC(1768) ParOldGen: 135369K->135481K(140800K)
[2020-08-05T20:25:42.045-0300] GC(1768) Metaspace: 118873K->118873K(1163264K)
[2020-08-05T20:25:42.045-0300] GC(1768) Pause Young (Allocation Failure) 155M->134M(164M) 3.423ms
[2020-08-05T20:25:42.045-0300] GC(1768) User=0.01s Sys=0.00s Real=0.01s
[2020-08-05T20:25:59.128-0300] GC(1769) Pause Young (Allocation Failure)
[2020-08-05T20:25:59.131-0300] GC(1769) PSYoungGen: 24352K->2464K(27136K)
[2020-08-05T20:25:59.131-0300] GC(1769) ParOldGen: 135481K->135481K(140800K)
[2020-08-05T20:25:59.131-0300] GC(1769) Metaspace: 118873K->118873K(1163264K)
[2020-08-05T20:25:59.131-0300] GC(1769) Pause Young (Allocation Failure) 156M->134M(164M) 2.677ms
[2020-08-05T20:25:59.131-0300] GC(1769) User=0.00s Sys=0.00s Real=0.00s
[2020-08-05T20:26:24.201-0300] GC(1770) Pause Young (Allocation Failure)
[2020-08-05T20:26:24.207-0300] GC(1770) PSYoungGen: 24480K->2720K(26112K)
[2020-08-05T20:26:24.207-0300] GC(1770) ParOldGen: 135481K->135481K(140800K)
[2020-08-05T20:26:24.207-0300] GC(1770) Metaspace: 118873K->118873K(1163264K)
[2020-08-05T20:26:24.207-0300] GC(1770) Pause Young (Allocation Failure) 156M->134M(163M) 5.846ms
[2020-08-05T20:26:24.207-0300] GC(1770) User=0.01s Sys=0.00s Real=0.01s
[2020-08-05T20:26:45.219-0300] GC(1771) Pause Young (Allocation Failure)
[2020-08-05T20:26:45.222-0300] GC(1771) PSYoungGen: 24736K->2688K(26624K)
[2020-08-05T20:26:45.222-0300] GC(1771) ParOldGen: 135481K->135481K(140800K)
[2020-08-05T20:26:45.222-0300] GC(1771) Metaspace: 118873K->118873K(1163264K)
[2020-08-05T20:26:45.222-0300] GC(1771) Pause Young (Allocation Failure) 156M->134M(163M) 2.944ms
[2020-08-05T20:26:45.222-0300] GC(1771) User=0.01s Sys=0.00s Real=0.00s
[2020-08-05T20:27:00.968-0300] GC(1772) Pause Young (Allocation Failure)
[2020-08-05T20:27:00.971-0300] GC(1772) PSYoungGen: 24704K->2849K(26624K)
[2020-08-05T20:27:00.971-0300] GC(1772) ParOldGen: 135481K->135481K(140800K)
[2020-08-05T20:27:00.971-0300] GC(1772) Metaspace: 118873K->118873K(1163264K)
[2020-08-05T20:27:00.971-0300] GC(1772) Pause Young (Allocation Failure) 156M->135M(163M) 3.625ms
[2020-08-05T20:27:00.972-0300] GC(1772) User=0.01s Sys=0.00s Real=0.00s
[2020-08-05T20:27:15.240-0300] GC(1773) Pause Young (Allocation Failure)
[2020-08-05T20:27:15.243-0300] GC(1773) PSYoungGen: 24865K->3041K(26624K)
[2020-08-05T20:27:15.243-0300] GC(1773) ParOldGen: 135481K->135481K(140800K)
[2020-08-05T20:27:15.243-0300] GC(1773) Metaspace: 118873K->118873K(1163264K)
[2020-08-05T20:27:15.243-0300] GC(1773) Pause Young (Allocation Failure) 156M->135M(163M) 3.632ms
[2020-08-05T20:27:15.244-0300] GC(1773) User=0.01s Sys=0.00s Real=0.00s
[2020-08-05T20:27:27.525-0300] GC(1774) Pause Young (Allocation Failure)
[2020-08-05T20:27:27.528-0300] GC(1774) PSYoungGen: 25057K->3394K(26624K)
[2020-08-05T20:27:27.528-0300] GC(1774) ParOldGen: 135481K->135481K(140800K)
[2020-08-05T20:27:27.528-0300] GC(1774) Metaspace: 118873K->118873K(1163264K)
[2020-08-05T20:27:27.528-0300] GC(1774) Pause Young (Allocation Failure) 156M->135M(163M) 3.314ms
[2020-08-05T20:27:27.528-0300] GC(1774) User=0.01s Sys=0.01s Real=0.00s
[2020-08-05T20:27:43.271-0300] GC(1775) Pause Young (Allocation Failure)
[2020-08-05T20:27:43.274-0300] GC(1775) PSYoungGen: 25410K->3378K(26624K)
[2020-08-05T20:27:43.274-0300] GC(1775) ParOldGen: 135481K->135481K(140800K)
[2020-08-05T20:27:43.274-0300] GC(1775) Metaspace: 118873K->118873K(1163264K)
[2020-08-05T20:27:43.274-0300] GC(1775) Pause Young (Allocation Failure) 157M->135M(163M) 3.169ms
[2020-08-05T20:27:43.274-0300] GC(1775) User=0.01s Sys=0.00s Real=0.01s
[2020-08-05T20:27:57.289-0300] GC(1776) Pause Young (Allocation Failure)
[2020-08-05T20:27:57.292-0300] GC(1776) PSYoungGen: 25394K->3507K(26624K)
[2020-08-05T20:27:57.292-0300] GC(1776) ParOldGen: 135481K->135521K(140800K)
[2020-08-05T20:27:57.292-0300] GC(1776) Metaspace: 118873K->118873K(1163264K)
[2020-08-05T20:27:57.292-0300] GC(1776) Pause Young (Allocation Failure) 157M->135M(163M) 3.074ms
[2020-08-05T20:27:57.292-0300] GC(1776) User=0.01s Sys=0.00s Real=0.00s
[2020-08-05T20:28:09.856-0300] GC(1777) Pause Young (Allocation Failure)
[2020-08-05T20:28:09.859-0300] GC(1777) PSYoungGen: 25522K->3683K(26624K)
[2020-08-05T20:28:09.859-0300] GC(1777) ParOldGen: 135521K->135657K(140800K)
[2020-08-05T20:28:09.859-0300] GC(1777) Metaspace: 118873K->118873K(1163264K)
[2020-08-05T20:28:09.859-0300] GC(1777) Pause Young (Allocation Failure) 157M->136M(163M) 3.504ms
[2020-08-05T20:28:09.859-0300] GC(1777) User=0.01s Sys=0.00s Real=0.00s
[2020-08-05T20:28:20.906-0300] GC(1778) Pause Young (Allocation Failure)
[2020-08-05T20:28:20.911-0300] GC(1778) PSYoungGen: 25699K->3797K(26112K)
[2020-08-05T20:28:20.911-0300] GC(1778) ParOldGen: 135657K->135849K(140800K)
[2020-08-05T20:28:20.911-0300] GC(1778) Metaspace: 118873K->118873K(1163264K)
[2020-08-05T20:28:20.911-0300] GC(1778) Pause Young (Allocation Failure) 157M->136M(163M) 5.329ms
[2020-08-05T20:28:20.911-0300] GC(1778) User=0.01s Sys=0.00s Real=0.00s
[2020-08-05T20:28:22.547-0300] GC(1779) Pause Young (Allocation Failure)
[2020-08-05T20:28:22.551-0300] GC(1779) PSYoungGen: 25301K->3525K(26624K)
[2020-08-05T20:28:22.551-0300] GC(1779) ParOldGen: 135849K->136442K(140800K)
[2020-08-05T20:28:22.551-0300] GC(1779) Metaspace: 118873K->118873K(1163264K)
[2020-08-05T20:28:22.551-0300] GC(1779) Pause Young (Allocation Failure) 157M->136M(163M) 4.269ms
[2020-08-05T20:28:22.552-0300] GC(1779) User=0.00s Sys=0.00s Real=0.00s
[2020-08-05T20:28:44.385-0300] GC(1780) Pause Young (Allocation Failure)
[2020-08-05T20:28:44.389-0300] GC(1780) PSYoungGen: 25029K->3349K(26624K)
[2020-08-05T20:28:44.389-0300] GC(1780) ParOldGen: 136442K->136906K(140800K)
[2020-08-05T20:28:44.389-0300] GC(1780) Metaspace: 118873K->118873K(1163264K)
[2020-08-05T20:28:44.389-0300] GC(1780) Pause Young (Allocation Failure) 157M->136M(163M) 3.783ms
[2020-08-05T20:28:44.389-0300] GC(1780) User=0.01s Sys=0.00s Real=0.00s
[2020-08-05T20:29:08.347-0300] GC(1781) Pause Young (Allocation Failure)
[2020-08-05T20:29:08.350-0300] GC(1781) PSYoungGen: 24853K->3109K(25088K)
[2020-08-05T20:29:08.350-0300] GC(1781) ParOldGen: 136906K->137706K(140800K)
[2020-08-05T20:29:08.350-0300] GC(1781) Metaspace: 118873K->118873K(1163264K)
[2020-08-05T20:29:08.351-0300] GC(1781) Pause Young (Allocation Failure) 157M->137M(162M) 3.029ms
[2020-08-05T20:29:08.351-0300] GC(1781) User=0.01s Sys=0.00s Real=0.00s
[2020-08-05T20:29:24.038-0300] GC(1782) Pause Young (Allocation Failure)
[2020-08-05T20:29:24.042-0300] GC(1782) PSYoungGen: 24613K->3094K(26112K)
[2020-08-05T20:29:24.042-0300] GC(1782) ParOldGen: 137706K->137962K(140800K)
[2020-08-05T20:29:24.042-0300] GC(1782) Metaspace: 118873K->118873K(1163264K)
[2020-08-05T20:29:24.042-0300] GC(1782) Pause Young (Allocation Failure) 158M->137M(163M) 3.530ms
[2020-08-05T20:29:24.042-0300] GC(1782) User=0.01s Sys=0.00s Real=0.00s
[2020-08-05T20:29:48.507-0300] GC(1783) Pause Young (Allocation Failure)
[2020-08-05T20:29:48.509-0300] GC(1783) PSYoungGen: 24598K->3078K(26112K)
[2020-08-05T20:29:48.509-0300] GC(1783) ParOldGen: 137962K->137962K(140800K)
[2020-08-05T20:29:48.509-0300] GC(1783) Metaspace: 118873K->118873K(1163264K)
[2020-08-05T20:29:48.509-0300] GC(1783) Pause Young (Allocation Failure) 158M->137M(163M) 2.631ms
[2020-08-05T20:29:48.509-0300] GC(1783) User=0.01s Sys=0.00s Real=0.00s
[2020-08-05T20:30:13.039-0300] GC(1784) Pause Young (Allocation Failure)
[2020-08-05T20:30:13.043-0300] GC(1784) PSYoungGen: 24582K->3654K(26112K)
[2020-08-05T20:30:13.043-0300] GC(1784) ParOldGen: 137962K->137962K(140800K)
[2020-08-05T20:30:13.043-0300] GC(1784) Metaspace: 118873K->118873K(1163264K)
[2020-08-05T20:30:13.043-0300] GC(1784) Pause Young (Allocation Failure) 158M->138M(163M) 3.708ms
[2020-08-05T20:30:13.043-0300] GC(1784) User=0.00s Sys=0.00s Real=0.00s
[2020-08-05T20:30:29.047-0300] GC(1785) Pause Young (Allocation Failure)
[2020-08-05T20:30:29.050-0300] GC(1785) PSYoungGen: 25158K->3751K(26112K)
[2020-08-05T20:30:29.050-0300] GC(1785) ParOldGen: 137962K->138154K(140800K)
[2020-08-05T20:30:29.050-0300] GC(1785) Metaspace: 118873K->118873K(1163264K)
[2020-08-05T20:30:29.050-0300] GC(1785) Pause Young (Allocation Failure) 159M->138M(163M) 3.524ms
[2020-08-05T20:30:29.050-0300] GC(1785) User=0.01s Sys=0.00s Real=0.00s
[2020-08-05T20:30:44.311-0300] GC(1786) Pause Young (Allocation Failure)
[2020-08-05T20:30:44.314-0300] GC(1786) PSYoungGen: 25255K->3975K(26112K)
[2020-08-05T20:30:44.314-0300] GC(1786) ParOldGen: 138154K->138202K(140800K)
[2020-08-05T20:30:44.314-0300] GC(1786) Metaspace: 118873K->118873K(1163264K)
[2020-08-05T20:30:44.314-0300] GC(1786) Pause Young (Allocation Failure) 159M->138M(163M) 3.517ms
[2020-08-05T20:30:44.314-0300] GC(1786) User=0.01s Sys=0.00s Real=0.01s
[2020-08-05T20:30:55.397-0300] GC(1787) Pause Young (Allocation Failure)
[2020-08-05T20:30:55.401-0300] GC(1787) PSYoungGen: 25479K->4215K(26112K)
[2020-08-05T20:30:55.401-0300] GC(1787) ParOldGen: 138202K->138363K(140800K)
[2020-08-05T20:30:55.401-0300] GC(1787) Metaspace: 118873K->118873K(1163264K)
[2020-08-05T20:30:55.401-0300] GC(1787) Pause Young (Allocation Failure) 159M->139M(163M) 3.457ms
[2020-08-05T20:30:55.401-0300] GC(1787) User=0.01s Sys=0.00s Real=0.00s
[2020-08-05T20:30:57.089-0300] GC(1788) Pause Young (Allocation Failure)
[2020-08-05T20:30:57.093-0300] GC(1788) PSYoungGen: 25718K->4310K(26624K)
[2020-08-05T20:30:57.093-0300] GC(1788) ParOldGen: 138363K->138524K(140800K)
[2020-08-05T20:30:57.093-0300] GC(1788) Metaspace: 118873K->118873K(1163264K)
[2020-08-05T20:30:57.093-0300] GC(1788) Pause Young (Allocation Failure) 160M->139M(163M) 3.890ms
[2020-08-05T20:30:57.093-0300] GC(1788) User=0.01s Sys=0.00s Real=0.00s
[2020-08-05T20:30:58.828-0300] GC(1789) Pause Young (Allocation Failure)
[2020-08-05T20:30:58.832-0300] GC(1789) PSYoungGen: 25814K->4213K(26624K)
[2020-08-05T20:30:58.832-0300] GC(1789) ParOldGen: 138524K->138814K(140800K)
[2020-08-05T20:30:58.832-0300] GC(1789) Metaspace: 118873K->118873K(1163264K)
[2020-08-05T20:30:58.832-0300] GC(1789) Pause Young (Allocation Failure) 160M->139M(163M) 3.664ms
[2020-08-05T20:30:58.832-0300] GC(1789) User=0.01s Sys=0.00s Real=0.00s
[2020-08-05T20:31:00.672-0300] GC(1790) Pause Young (Allocation Failure)
[2020-08-05T20:31:00.676-0300] GC(1790) PSYoungGen: 25717K->3987K(26624K)
[2020-08-05T20:31:00.676-0300] GC(1790) ParOldGen: 138814K->139136K(140800K)
[2020-08-05T20:31:00.676-0300] GC(1790) Metaspace: 118873K->118873K(1163264K)
[2020-08-05T20:31:00.676-0300] GC(1790) Pause Young (Allocation Failure) 160M->139M(163M) 4.337ms
[2020-08-05T20:31:00.676-0300] GC(1790) User=0.01s Sys=0.00s Real=0.01s
[2020-08-05T20:31:02.425-0300] GC(1791) Pause Young (Allocation Failure)
[2020-08-05T20:31:02.429-0300] GC(1791) PSYoungGen: 25487K->3635K(26624K)
[2020-08-05T20:31:02.429-0300] GC(1791) ParOldGen: 139136K->139528K(140800K)
[2020-08-05T20:31:02.429-0300] GC(1791) Metaspace: 118873K->118873K(1163264K)
[2020-08-05T20:31:02.429-0300] GC(1791) Pause Young (Allocation Failure) 160M->139M(163M) 3.421ms
[2020-08-05T20:31:02.429-0300] GC(1791) User=0.00s Sys=0.00s Real=0.00s
[2020-08-05T20:31:14.849-0300] GC(1792) Pause Young (Allocation Failure)
[2020-08-05T20:31:14.852-0300] GC(1792) PSYoungGen: 25137K->2343K(26624K)
[2020-08-05T20:31:14.852-0300] GC(1792) ParOldGen: 139528K->140641K(140800K)
[2020-08-05T20:31:14.852-0300] GC(1792) Metaspace: 118873K->118873K(1163264K)
[2020-08-05T20:31:14.852-0300] GC(1792) Pause Young (Allocation Failure) 160M->139M(163M) 2.871ms
[2020-08-05T20:31:14.852-0300] GC(1792) User=0.01s Sys=0.00s Real=0.00s
[2020-08-05T20:31:14.852-0300] GC(1793) Pause Full (Ergonomics)
[2020-08-05T20:31:14.852-0300] GC(1793) Marking Phase
[2020-08-05T20:31:14.934-0300] GC(1793) Marking Phase 81.921ms
[2020-08-05T20:31:14.934-0300] GC(1793) Summary Phase
[2020-08-05T20:31:14.934-0300] GC(1793) Summary Phase 0.021ms
[2020-08-05T20:31:14.934-0300] GC(1793) Adjust Roots
[2020-08-05T20:31:14.962-0300] GC(1793) Adjust Roots 27.978ms
[2020-08-05T20:31:14.962-0300] GC(1793) Compaction Phase
[2020-08-05T20:31:14.997-0300] GC(1793) Compaction Phase 35.353ms
[2020-08-05T20:31:14.997-0300] GC(1793) Post Compact
[2020-08-05T20:31:14.998-0300] GC(1793) Post Compact 0.748ms
[2020-08-05T20:31:14.998-0300] GC(1793) PSYoungGen: 2343K->0K(26624K)
[2020-08-05T20:31:14.998-0300] GC(1793) ParOldGen: 140641K->105783K(142848K)
[2020-08-05T20:31:14.998-0300] GC(1793) Metaspace: 118873K->118873K(1163264K)
[2020-08-05T20:31:14.998-0300] GC(1793) Pause Full (Ergonomics) 139M->103M(165M) 146.314ms
[2020-08-05T20:31:14.998-0300] GC(1793) User=0.39s Sys=0.00s Real=0.15s
[2020-08-05T20:31:39.846-0300] GC(1794) Pause Young (Allocation Failure)
[2020-08-05T20:31:39.848-0300] GC(1794) PSYoungGen: 21504K->224K(26112K)
[2020-08-05T20:31:39.848-0300] GC(1794) ParOldGen: 105783K->105783K(142848K)
[2020-08-05T20:31:39.848-0300] GC(1794) Metaspace: 118873K->118873K(1163264K)
[2020-08-05T20:31:39.848-0300] GC(1794) Pause Young (Allocation Failure) 124M->103M(165M) 2.114ms
[2020-08-05T20:31:39.848-0300] GC(1794) User=0.00s Sys=0.00s Real=0.00s
[2020-08-05T20:32:03.034-0300] GC(1795) Pause Young (Allocation Failure)
[2020-08-05T20:32:03.036-0300] GC(1795) PSYoungGen: 21216K->256K(26624K)
[2020-08-05T20:32:03.036-0300] GC(1795) ParOldGen: 105783K->105783K(142848K)
[2020-08-05T20:32:03.036-0300] GC(1795) Metaspace: 118873K->118873K(1163264K)
[2020-08-05T20:32:03.036-0300] GC(1795) Pause Young (Allocation Failure) 124M->103M(165M) 2.288ms
[2020-08-05T20:32:03.036-0300] GC(1795) User=0.01s Sys=0.00s Real=0.00s
[2020-08-05T20:32:17.646-0300] GC(1796) Pause Young (Allocation Failure)
[2020-08-05T20:32:17.649-0300] GC(1796) PSYoungGen: 21248K->480K(27136K)
[2020-08-05T20:32:17.649-0300] GC(1796) ParOldGen: 105783K->105783K(142848K)
[2020-08-05T20:32:17.649-0300] GC(1796) Metaspace: 118873K->118873K(1163264K)
[2020-08-05T20:32:17.649-0300] GC(1796) Pause Young (Allocation Failure) 124M->103M(166M) 3.057ms
[2020-08-05T20:32:17.649-0300] GC(1796) User=0.00s Sys=0.00s Real=0.00s
[2020-08-05T20:32:40.064-0300] GC(1797) Pause Young (Allocation Failure)
[2020-08-05T20:32:40.067-0300] GC(1797) PSYoungGen: 21472K->384K(27136K)
[2020-08-05T20:32:40.068-0300] GC(1797) ParOldGen: 105783K->105783K(142848K)
[2020-08-05T20:32:40.068-0300] GC(1797) Metaspace: 118873K->118873K(1163264K)
[2020-08-05T20:32:40.068-0300] GC(1797) Pause Young (Allocation Failure) 124M->103M(166M) 3.429ms
[2020-08-05T20:32:40.068-0300] GC(1797) User=0.00s Sys=0.00s Real=0.00s
[2020-08-05T20:33:03.600-0300] GC(1798) Pause Young (Allocation Failure)
[2020-08-05T20:33:03.603-0300] GC(1798) PSYoungGen: 21376K->1024K(27136K)
[2020-08-05T20:33:03.603-0300] GC(1798) ParOldGen: 105783K->105783K(142848K)
[2020-08-05T20:33:03.603-0300] GC(1798) Metaspace: 118873K->118873K(1163264K)
[2020-08-05T20:33:03.604-0300] GC(1798) Pause Young (Allocation Failure) 124M->104M(166M) 3.479ms
[2020-08-05T20:33:03.604-0300] GC(1798) User=0.01s Sys=0.00s Real=0.00s
[2020-08-05T20:33:14.848-0300] GC(1799) Pause Young (Allocation Failure)
[2020-08-05T20:33:14.852-0300] GC(1799) PSYoungGen: 21991K->1468K(22528K)
[2020-08-05T20:33:14.852-0300] GC(1799) ParOldGen: 105783K->105783K(142848K)
[2020-08-05T20:33:14.852-0300] GC(1799) Metaspace: 118876K->118876K(1163264K)
[2020-08-05T20:33:14.852-0300] GC(1799) Pause Young (Allocation Failure) 124M->104M(161M) 3.806ms
[2020-08-05T20:33:14.852-0300] GC(1799) User=0.00s Sys=0.00s Real=0.00s
[2020-08-05T20:33:29.854-0300] GC(1800) Pause Young (Allocation Failure)
[2020-08-05T20:33:29.857-0300] GC(1800) PSYoungGen: 22451K->2012K(26624K)
[2020-08-05T20:33:29.857-0300] GC(1800) ParOldGen: 105783K->105783K(142848K)
[2020-08-05T20:33:29.857-0300] GC(1800) Metaspace: 118876K->118876K(1163264K)
[2020-08-05T20:33:29.857-0300] GC(1800) Pause Young (Allocation Failure) 125M->105M(165M) 3.846ms
[2020-08-05T20:33:29.857-0300] GC(1800) User=0.00s Sys=0.00s Real=0.01s
[2020-08-05T20:33:42.601-0300] GC(1801) Pause Young (Allocation Failure)
[2020-08-05T20:33:42.606-0300] GC(1801) PSYoungGen: 23004K->2466K(23552K)
[2020-08-05T20:33:42.606-0300] GC(1801) ParOldGen: 105783K->105783K(142848K)
[2020-08-05T20:33:42.606-0300] GC(1801) Metaspace: 118876K->118876K(1163264K)
[2020-08-05T20:33:42.606-0300] GC(1801) Pause Young (Allocation Failure) 125M->105M(162M) 5.504ms
[2020-08-05T20:33:42.606-0300] GC(1801) User=0.01s Sys=0.00s Real=0.01s
[2020-08-05T20:33:56.860-0300] GC(1802) Pause Young (Allocation Failure)
[2020-08-05T20:33:56.863-0300] GC(1802) PSYoungGen: 23458K->2834K(26112K)
[2020-08-05T20:33:56.863-0300] GC(1802) ParOldGen: 105783K->105783K(142848K)
[2020-08-05T20:33:56.863-0300] GC(1802) Metaspace: 118876K->118876K(1163264K)
[2020-08-05T20:33:56.863-0300] GC(1802) Pause Young (Allocation Failure) 126M->106M(165M) 2.639ms
[2020-08-05T20:33:56.863-0300] GC(1802) User=0.01s Sys=0.00s Real=0.00s
[2020-08-05T20:34:09.847-0300] GC(1803) Pause Young (Allocation Failure)
[2020-08-05T20:34:09.850-0300] GC(1803) PSYoungGen: 23826K->3363K(26112K)
[2020-08-05T20:34:09.851-0300] GC(1803) ParOldGen: 105783K->105783K(142848K)
[2020-08-05T20:34:09.851-0300] GC(1803) Metaspace: 118876K->118876K(1163264K)
[2020-08-05T20:34:09.851-0300] GC(1803) Pause Young (Allocation Failure) 126M->106M(165M) 3.041ms
[2020-08-05T20:34:09.851-0300] GC(1803) User=0.01s Sys=0.00s Real=0.00s
[2020-08-05T20:34:23.358-0300] GC(1804) Pause Young (Allocation Failure)
[2020-08-05T20:34:23.362-0300] GC(1804) PSYoungGen: 24355K->3555K(26624K)
[2020-08-05T20:34:23.362-0300] GC(1804) ParOldGen: 105783K->105783K(142848K)
[2020-08-05T20:34:23.362-0300] GC(1804) Metaspace: 118876K->118876K(1163264K)
[2020-08-05T20:34:23.362-0300] GC(1804) Pause Young (Allocation Failure) 127M->106M(165M) 3.764ms
[2020-08-05T20:34:23.362-0300] GC(1804) User=0.00s Sys=0.00s Real=0.00s
[2020-08-05T20:34:37.082-0300] GC(1805) Pause Young (Allocation Failure)
[2020-08-05T20:34:37.087-0300] GC(1805) PSYoungGen: 24547K->3828K(26624K)
[2020-08-05T20:34:37.087-0300] GC(1805) ParOldGen: 105783K->105783K(142848K)
[2020-08-05T20:34:37.087-0300] GC(1805) Metaspace: 118876K->118876K(1163264K)
[2020-08-05T20:34:37.087-0300] GC(1805) Pause Young (Allocation Failure) 127M->107M(165M) 4.377ms
[2020-08-05T20:34:37.087-0300] GC(1805) User=0.01s Sys=0.00s Real=0.01s
[2020-08-05T20:34:49.846-0300] GC(1806) Pause Young (Allocation Failure)
[2020-08-05T20:34:49.850-0300] GC(1806) PSYoungGen: 24820K->4101K(26112K)
[2020-08-05T20:34:49.850-0300] GC(1806) ParOldGen: 105783K->105783K(142848K)
[2020-08-05T20:34:49.850-0300] GC(1806) Metaspace: 118876K->118876K(1163264K)
[2020-08-05T20:34:49.850-0300] GC(1806) Pause Young (Allocation Failure) 127M->107M(165M) 3.294ms
[2020-08-05T20:34:49.850-0300] GC(1806) User=0.00s Sys=0.00s Real=0.00s
[2020-08-05T20:35:00.705-0300] GC(1807) Pause Young (Allocation Failure)
[2020-08-05T20:35:00.708-0300] GC(1807) PSYoungGen: 24581K->4358K(26624K)
[2020-08-05T20:35:00.708-0300] GC(1807) ParOldGen: 105783K->105783K(142848K)
[2020-08-05T20:35:00.708-0300] GC(1807) Metaspace: 118876K->118876K(1163264K)
[2020-08-05T20:35:00.708-0300] GC(1807) Pause Young (Allocation Failure) 127M->107M(165M) 3.607ms
[2020-08-05T20:35:00.708-0300] GC(1807) User=0.01s Sys=0.00s Real=0.00s
[2020-08-05T20:35:12.658-0300] GC(1808) Pause Young (Allocation Failure)
[2020-08-05T20:35:12.662-0300] GC(1808) PSYoungGen: 24838K->4903K(26112K)
[2020-08-05T20:35:12.662-0300] GC(1808) ParOldGen: 105783K->105783K(142848K)
[2020-08-05T20:35:12.662-0300] GC(1808) Metaspace: 118876K->118876K(1163264K)
[2020-08-05T20:35:12.662-0300] GC(1808) Pause Young (Allocation Failure) 127M->108M(165M) 4.243ms
[2020-08-05T20:35:12.662-0300] GC(1808) User=0.01s Sys=0.00s Real=0.00s
[2020-08-05T20:35:26.060-0300] GC(1809) Pause Young (Allocation Failure)
[2020-08-05T20:35:26.064-0300] GC(1809) PSYoungGen: 24871K->5112K(26624K)
[2020-08-05T20:35:26.064-0300] GC(1809) ParOldGen: 105783K->105903K(142848K)
[2020-08-05T20:35:26.064-0300] GC(1809) Metaspace: 118876K->118876K(1163264K)
[2020-08-05T20:35:26.064-0300] GC(1809) Pause Young (Allocation Failure) 127M->108M(165M) 4.335ms
[2020-08-05T20:35:26.064-0300] GC(1809) User=0.01s Sys=0.00s Real=0.01s
[2020-08-05T20:35:37.773-0300] GC(1810) Pause Young (Allocation Failure)
[2020-08-05T20:35:37.778-0300] GC(1810) PSYoungGen: 25080K->5305K(26624K)
[2020-08-05T20:35:37.778-0300] GC(1810) ParOldGen: 105903K->105943K(142848K)
[2020-08-05T20:35:37.778-0300] GC(1810) Metaspace: 118876K->118876K(1163264K)
[2020-08-05T20:35:37.778-0300] GC(1810) Pause Young (Allocation Failure) 127M->108M(165M) 5.050ms
[2020-08-05T20:35:37.778-0300] GC(1810) User=0.01s Sys=0.00s Real=0.01s
[2020-08-05T20:35:50.692-0300] GC(1811) Pause Young (Allocation Failure)
[2020-08-05T20:35:50.696-0300] GC(1811) PSYoungGen: 24761K->5658K(27136K)
[2020-08-05T20:35:50.696-0300] GC(1811) ParOldGen: 105943K->105987K(142848K)
[2020-08-05T20:35:50.696-0300] GC(1811) Metaspace: 118876K->118876K(1163264K)
[2020-08-05T20:35:50.696-0300] GC(1811) Pause Young (Allocation Failure) 127M->109M(166M) 4.667ms
[2020-08-05T20:35:50.697-0300] GC(1811) User=0.01s Sys=0.00s Real=0.01s
[2020-08-05T20:36:04.113-0300] GC(1812) Pause Young (Allocation Failure)
[2020-08-05T20:36:04.118-0300] GC(1812) PSYoungGen: 25114K->5834K(26624K)
[2020-08-05T20:36:04.118-0300] GC(1812) ParOldGen: 105987K->106043K(142848K)
[2020-08-05T20:36:04.118-0300] GC(1812) Metaspace: 118876K->118876K(1163264K)
[2020-08-05T20:36:04.118-0300] GC(1812) Pause Young (Allocation Failure) 128M->109M(165M) 5.049ms
[2020-08-05T20:36:04.118-0300] GC(1812) User=0.01s Sys=0.00s Real=0.01s
[2020-08-05T20:36:14.847-0300] GC(1813) Pause Young (Allocation Failure)
[2020-08-05T20:36:14.851-0300] GC(1813) PSYoungGen: 24778K->5483K(27136K)
[2020-08-05T20:36:14.851-0300] GC(1813) ParOldGen: 106043K->106691K(142848K)
[2020-08-05T20:36:14.851-0300] GC(1813) Metaspace: 118876K->118876K(1163264K)
[2020-08-05T20:36:14.851-0300] GC(1813) Pause Young (Allocation Failure) 127M->109M(166M) 4.836ms
[2020-08-05T20:36:14.851-0300] GC(1813) User=0.01s Sys=0.00s Real=0.00s
[2020-08-05T20:36:27.809-0300] GC(1814) Pause Young (Allocation Failure)
[2020-08-05T20:36:27.812-0300] GC(1814) PSYoungGen: 24427K->5195K(27648K)
[2020-08-05T20:36:27.812-0300] GC(1814) ParOldGen: 106691K->107092K(142848K)
[2020-08-05T20:36:27.812-0300] GC(1814) Metaspace: 118876K->118876K(1163264K)
[2020-08-05T20:36:27.812-0300] GC(1814) Pause Young (Allocation Failure) 128M->109M(166M) 3.578ms
[2020-08-05T20:36:27.812-0300] GC(1814) User=0.01s Sys=0.00s Real=0.00s
[2020-08-05T20:36:40.726-0300] GC(1815) Pause Young (Allocation Failure)
[2020-08-05T20:36:40.731-0300] GC(1815) PSYoungGen: 24139K->4843K(24064K)
[2020-08-05T20:36:40.731-0300] GC(1815) ParOldGen: 107092K->107613K(142848K)
[2020-08-05T20:36:40.731-0300] GC(1815) Metaspace: 118876K->118876K(1163264K)
[2020-08-05T20:36:40.731-0300] GC(1815) Pause Young (Allocation Failure) 128M->109M(163M) 4.461ms
[2020-08-05T20:36:40.731-0300] GC(1815) User=0.01s Sys=0.00s Real=0.00s
[2020-08-05T20:36:46.742-0300] GC(1816) Pause Young (Allocation Failure)
[2020-08-05T20:36:46.746-0300] GC(1816) PSYoungGen: 23787K->4522K(27136K)
[2020-08-05T20:36:46.746-0300] GC(1816) ParOldGen: 107613K->108110K(142848K)
[2020-08-05T20:36:46.746-0300] GC(1816) Metaspace: 118876K->118876K(1163264K)
[2020-08-05T20:36:46.746-0300] GC(1816) Pause Young (Allocation Failure) 128M->109M(166M) 3.911ms
[2020-08-05T20:36:46.746-0300] GC(1816) User=0.01s Sys=0.00s Real=0.01s
[2020-08-05T20:37:04.845-0300] GC(1817) Pause Young (Allocation Failure)
[2020-08-05T20:37:04.848-0300] GC(1817) PSYoungGen: 23466K->4009K(23040K)
[2020-08-05T20:37:04.848-0300] GC(1817) ParOldGen: 108110K->108526K(142848K)
[2020-08-05T20:37:04.848-0300] GC(1817) Metaspace: 118876K->118876K(1163264K)
[2020-08-05T20:37:04.848-0300] GC(1817) Pause Young (Allocation Failure) 128M->109M(162M) 3.018ms
[2020-08-05T20:37:04.848-0300] GC(1817) User=0.01s Sys=0.00s Real=0.00s
[2020-08-05T20:37:23.755-0300] GC(1818) Pause Young (Allocation Failure)
[2020-08-05T20:37:23.759-0300] GC(1818) PSYoungGen: 22953K->3737K(26624K)
[2020-08-05T20:37:23.759-0300] GC(1818) ParOldGen: 108526K->109056K(142848K)
[2020-08-05T20:37:23.759-0300] GC(1818) Metaspace: 118885K->118885K(1163264K)
[2020-08-05T20:37:23.759-0300] GC(1818) Pause Young (Allocation Failure) 128M->110M(165M) 3.529ms
[2020-08-05T20:37:23.759-0300] GC(1818) User=0.01s Sys=0.00s Real=0.00s
[2020-08-05T20:37:44.848-0300] GC(1819) Pause Young (Allocation Failure)
[2020-08-05T20:37:44.850-0300] GC(1819) PSYoungGen: 22681K->3368K(22528K)
[2020-08-05T20:37:44.850-0300] GC(1819) ParOldGen: 109056K->109248K(142848K)
[2020-08-05T20:37:44.850-0300] GC(1819) Metaspace: 118885K->118885K(1163264K)
[2020-08-05T20:37:44.850-0300] GC(1819) Pause Young (Allocation Failure) 128M->109M(161M) 2.848ms
[2020-08-05T20:37:44.850-0300] GC(1819) User=0.01s Sys=0.00s Real=0.00s
[2020-08-05T20:37:57.800-0300] GC(1820) Pause Young (Allocation Failure)
[2020-08-05T20:37:57.803-0300] GC(1820) PSYoungGen: 22312K->3145K(26112K)
[2020-08-05T20:37:57.803-0300] GC(1820) ParOldGen: 109248K->109577K(142848K)
[2020-08-05T20:37:57.803-0300] GC(1820) Metaspace: 118885K->118885K(1163264K)
[2020-08-05T20:37:57.803-0300] GC(1820) Pause Young (Allocation Failure) 128M->110M(165M) 2.975ms
[2020-08-05T20:37:57.803-0300] GC(1820) User=0.01s Sys=0.00s Real=0.00s
[2020-08-05T20:38:08.580-0300] GC(1821) Pause Young (Allocation Failure)
[2020-08-05T20:38:08.583-0300] GC(1821) PSYoungGen: 22089K->3096K(26112K)
[2020-08-05T20:38:08.583-0300] GC(1821) ParOldGen: 109577K->109834K(142848K)
[2020-08-05T20:38:08.583-0300] GC(1821) Metaspace: 118885K->118885K(1163264K)
[2020-08-05T20:38:08.583-0300] GC(1821) Pause Young (Allocation Failure) 128M->110M(165M) 2.995ms
[2020-08-05T20:38:08.583-0300] GC(1821) User=0.01s Sys=0.00s Real=0.00s
[2020-08-05T20:38:20.056-0300] GC(1822) Pause Young (Allocation Failure)
[2020-08-05T20:38:20.061-0300] GC(1822) PSYoungGen: 22040K->3144K(26112K)
[2020-08-05T20:38:20.061-0300] GC(1822) ParOldGen: 109834K->110083K(142848K)
[2020-08-05T20:38:20.061-0300] GC(1822) Metaspace: 118885K->118885K(1163264K)
[2020-08-05T20:38:20.061-0300] GC(1822) Pause Young (Allocation Failure) 128M->110M(165M) 4.146ms
[2020-08-05T20:38:20.061-0300] GC(1822) User=0.01s Sys=0.00s Real=0.00s
[2020-08-05T20:38:34.845-0300] GC(1823) Pause Young (Allocation Failure)
[2020-08-05T20:38:34.848-0300] GC(1823) PSYoungGen: 22088K->3096K(22528K)
[2020-08-05T20:38:34.848-0300] GC(1823) ParOldGen: 110083K->110620K(142848K)
[2020-08-05T20:38:34.848-0300] GC(1823) Metaspace: 118885K->118885K(1163264K)
[2020-08-05T20:38:34.848-0300] GC(1823) Pause Young (Allocation Failure) 129M->111M(161M) 3.553ms
[2020-08-05T20:38:34.848-0300] GC(1823) User=0.01s Sys=0.00s Real=0.00s
[2020-08-05T20:38:45.449-0300] GC(1824) Pause Young (Allocation Failure)
[2020-08-05T20:38:45.452-0300] GC(1824) PSYoungGen: 22040K->3159K(25600K)
[2020-08-05T20:38:45.452-0300] GC(1824) ParOldGen: 110620K->110909K(142848K)
[2020-08-05T20:38:45.452-0300] GC(1824) Metaspace: 118885K->118885K(1163264K)
[2020-08-05T20:38:45.452-0300] GC(1824) Pause Young (Allocation Failure) 129M->111M(164M) 3.414ms
[2020-08-05T20:38:45.452-0300] GC(1824) User=0.01s Sys=0.00s Real=0.00s
[2020-08-05T20:38:56.190-0300] GC(1825) Pause Young (Allocation Failure)
[2020-08-05T20:38:56.194-0300] GC(1825) PSYoungGen: 22102K->3287K(25600K)
[2020-08-05T20:38:56.194-0300] GC(1825) ParOldGen: 110909K->111198K(142848K)
[2020-08-05T20:38:56.194-0300] GC(1825) Metaspace: 118885K->118885K(1163264K)
[2020-08-05T20:38:56.194-0300] GC(1825) Pause Young (Allocation Failure) 129M->111M(164M) 3.785ms
[2020-08-05T20:38:56.194-0300] GC(1825) User=0.00s Sys=0.00s Real=0.00s
[2020-08-05T20:39:09.846-0300] GC(1826) Pause Young (Allocation Failure)
[2020-08-05T20:39:09.849-0300] GC(1826) PSYoungGen: 22231K->3382K(24576K)
[2020-08-05T20:39:09.849-0300] GC(1826) ParOldGen: 111198K->111575K(142848K)
[2020-08-05T20:39:09.849-0300] GC(1826) Metaspace: 118885K->118885K(1163264K)
[2020-08-05T20:39:09.849-0300] GC(1826) Pause Young (Allocation Failure) 130M->112M(163M) 3.119ms
[2020-08-05T20:39:09.849-0300] GC(1826) User=0.00s Sys=0.00s Real=0.00s
[2020-08-05T20:39:22.055-0300] GC(1827) Pause Young (Allocation Failure)
[2020-08-05T20:39:22.059-0300] GC(1827) PSYoungGen: 22326K->3383K(25088K)
[2020-08-05T20:39:22.059-0300] GC(1827) ParOldGen: 111575K->111831K(142848K)
[2020-08-05T20:39:22.059-0300] GC(1827) Metaspace: 118885K->118885K(1163264K)
[2020-08-05T20:39:22.059-0300] GC(1827) Pause Young (Allocation Failure) 130M->112M(164M) 3.789ms
[2020-08-05T20:39:22.059-0300] GC(1827) User=0.01s Sys=0.00s Real=0.00s
[2020-08-05T20:39:23.925-0300] GC(1828) Pause Young (Allocation Failure)
[2020-08-05T20:39:23.928-0300] GC(1828) PSYoungGen: 22327K->3271K(24064K)
[2020-08-05T20:39:23.928-0300] GC(1828) ParOldGen: 111831K->112064K(142848K)
[2020-08-05T20:39:23.928-0300] GC(1828) Metaspace: 118885K->118885K(1163264K)
[2020-08-05T20:39:23.928-0300] GC(1828) Pause Young (Allocation Failure) 131M->112M(163M) 3.280ms
[2020-08-05T20:39:23.928-0300] GC(1828) User=0.00s Sys=0.00s Real=0.00s
[2020-08-05T20:39:29.846-0300] GC(1829) Pause Young (Allocation Failure)
[2020-08-05T20:39:29.849-0300] GC(1829) PSYoungGen: 22215K->2982K(24576K)
[2020-08-05T20:39:29.850-0300] GC(1829) ParOldGen: 112064K->112362K(142848K)
[2020-08-05T20:39:29.850-0300] GC(1829) Metaspace: 118885K->118885K(1163264K)
[2020-08-05T20:39:29.850-0300] GC(1829) Pause Young (Allocation Failure) 131M->112M(163M) 3.296ms
[2020-08-05T20:39:29.850-0300] GC(1829) User=0.01s Sys=0.00s Real=0.00s
[2020-08-05T20:39:50.053-0300] GC(1830) Pause Young (Allocation Failure)
[2020-08-05T20:39:50.058-0300] GC(1830) PSYoungGen: 21926K->3093K(24576K)
[2020-08-05T20:39:50.058-0300] GC(1830) ParOldGen: 112362K->112458K(142848K)
[2020-08-05T20:39:50.058-0300] GC(1830) Metaspace: 118885K->118885K(1163264K)
[2020-08-05T20:39:50.058-0300] GC(1830) Pause Young (Allocation Failure) 131M->112M(163M) 4.141ms
[2020-08-05T20:39:50.058-0300] GC(1830) User=0.01s Sys=0.00s Real=0.01s
[2020-08-05T20:40:12.053-0300] GC(1831) Pause Young (Allocation Failure)
[2020-08-05T20:40:12.055-0300] GC(1831) PSYoungGen: 22037K->3446K(24576K)
[2020-08-05T20:40:12.055-0300] GC(1831) ParOldGen: 112458K->112514K(142848K)
[2020-08-05T20:40:12.055-0300] GC(1831) Metaspace: 118885K->118885K(1163264K)
[2020-08-05T20:40:12.055-0300] GC(1831) Pause Young (Allocation Failure) 131M->113M(163M) 2.841ms
[2020-08-05T20:40:12.055-0300] GC(1831) User=0.00s Sys=0.00s Real=0.01s
[2020-08-05T20:40:29.052-0300] GC(1832) Pause Young (Allocation Failure)
[2020-08-05T20:40:29.057-0300] GC(1832) PSYoungGen: 22390K->3494K(23552K)
[2020-08-05T20:40:29.057-0300] GC(1832) ParOldGen: 112514K->112627K(142848K)
[2020-08-05T20:40:29.057-0300] GC(1832) Metaspace: 118885K->118885K(1163264K)
[2020-08-05T20:40:29.057-0300] GC(1832) Pause Young (Allocation Failure) 131M->113M(162M) 4.226ms
[2020-08-05T20:40:29.057-0300] GC(1832) User=0.01s Sys=0.00s Real=0.01s
[2020-08-05T20:40:40.575-0300] GC(1833) Pause Young (Allocation Failure)
[2020-08-05T20:40:40.579-0300] GC(1833) PSYoungGen: 22438K->3814K(24064K)
[2020-08-05T20:40:40.579-0300] GC(1833) ParOldGen: 112627K->112627K(142848K)
[2020-08-05T20:40:40.579-0300] GC(1833) Metaspace: 118885K->118885K(1163264K)
[2020-08-05T20:40:40.579-0300] GC(1833) Pause Young (Allocation Failure) 131M->113M(163M) 4.315ms
[2020-08-05T20:40:40.579-0300] GC(1833) User=0.01s Sys=0.00s Real=0.00s
[2020-08-05T20:40:51.123-0300] GC(1834) Pause Young (Allocation Failure)
[2020-08-05T20:40:51.125-0300] GC(1834) PSYoungGen: 22758K->4199K(24064K)
[2020-08-05T20:40:51.125-0300] GC(1834) ParOldGen: 112627K->112627K(142848K)
[2020-08-05T20:40:51.125-0300] GC(1834) Metaspace: 118885K->118885K(1163264K)
[2020-08-05T20:40:51.125-0300] GC(1834) Pause Young (Allocation Failure) 132M->114M(163M) 2.655ms
[2020-08-05T20:40:51.125-0300] GC(1834) User=0.00s Sys=0.00s Real=0.01s
[2020-08-05T20:41:03.913-0300] GC(1835) Pause Young (Allocation Failure)
[2020-08-05T20:41:03.916-0300] GC(1835) PSYoungGen: 23143K->4551K(24064K)
[2020-08-05T20:41:03.916-0300] GC(1835) ParOldGen: 112627K->112627K(142848K)
[2020-08-05T20:41:03.916-0300] GC(1835) Metaspace: 118885K->118885K(1163264K)
[2020-08-05T20:41:03.916-0300] GC(1835) Pause Young (Allocation Failure) 132M->114M(163M) 3.421ms
[2020-08-05T20:41:03.916-0300] GC(1835) User=0.00s Sys=0.00s Real=0.01s
[2020-08-05T20:41:16.053-0300] GC(1836) Pause Young (Allocation Failure)
[2020-08-05T20:41:16.056-0300] GC(1836) PSYoungGen: 23495K->4662K(24576K)
[2020-08-05T20:41:16.056-0300] GC(1836) ParOldGen: 112627K->112796K(142848K)
[2020-08-05T20:41:16.056-0300] GC(1836) Metaspace: 118885K->118885K(1163264K)
[2020-08-05T20:41:16.056-0300] GC(1836) Pause Young (Allocation Failure) 132M->114M(163M) 3.329ms
[2020-08-05T20:41:16.056-0300] GC(1836) User=0.01s Sys=0.00s Real=0.01s
[2020-08-05T20:41:28.140-0300] GC(1837) Pause Young (Allocation Failure)
[2020-08-05T20:41:28.145-0300] GC(1837) PSYoungGen: 23606K->4423K(24576K)
[2020-08-05T20:41:28.145-0300] GC(1837) ParOldGen: 112796K->113085K(142848K)
[2020-08-05T20:41:28.145-0300] GC(1837) Metaspace: 118885K->118885K(1163264K)
[2020-08-05T20:41:28.145-0300] GC(1837) Pause Young (Allocation Failure) 133M->114M(163M) 4.360ms
[2020-08-05T20:41:28.145-0300] GC(1837) User=0.01s Sys=0.00s Real=0.01s
[2020-08-05T20:41:39.135-0300] GC(1838) Pause Young (Allocation Failure)
[2020-08-05T20:41:39.138-0300] GC(1838) PSYoungGen: 23367K->4118K(24576K)
[2020-08-05T20:41:39.138-0300] GC(1838) ParOldGen: 113085K->113597K(142848K)
[2020-08-05T20:41:39.138-0300] GC(1838) Metaspace: 118885K->118885K(1163264K)
[2020-08-05T20:41:39.138-0300] GC(1838) Pause Young (Allocation Failure) 133M->114M(163M) 3.060ms
[2020-08-05T20:41:39.138-0300] GC(1838) User=0.00s Sys=0.00s Real=0.00s
[2020-08-05T20:41:51.968-0300] GC(1839) Pause Young (Allocation Failure)
[2020-08-05T20:41:51.971-0300] GC(1839) PSYoungGen: 23062K->3863K(24576K)
[2020-08-05T20:41:51.971-0300] GC(1839) ParOldGen: 113597K->113982K(142848K)
[2020-08-05T20:41:51.971-0300] GC(1839) Metaspace: 118885K->118885K(1163264K)
[2020-08-05T20:41:51.971-0300] GC(1839) Pause Young (Allocation Failure) 133M->115M(163M) 3.395ms
[2020-08-05T20:41:51.971-0300] GC(1839) User=0.01s Sys=0.00s Real=0.00s
[2020-08-05T20:42:04.852-0300] GC(1840) Pause Young (Allocation Failure)
[2020-08-05T20:42:04.855-0300] GC(1840) PSYoungGen: 22807K->3725K(24576K)
[2020-08-05T20:42:04.855-0300] GC(1840) ParOldGen: 113982K->114335K(142848K)
[2020-08-05T20:42:04.855-0300] GC(1840) Metaspace: 118885K->118885K(1163264K)
[2020-08-05T20:42:04.855-0300] GC(1840) Pause Young (Allocation Failure) 133M->115M(163M) 3.694ms
[2020-08-05T20:42:04.855-0300] GC(1840) User=0.01s Sys=0.00s Real=0.01s
[2020-08-05T20:42:15.820-0300] GC(1841) Pause Young (Allocation Failure)
[2020-08-05T20:42:15.824-0300] GC(1841) PSYoungGen: 22669K->3222K(24576K)
[2020-08-05T20:42:15.824-0300] GC(1841) ParOldGen: 114335K->114840K(142848K)
[2020-08-05T20:42:15.824-0300] GC(1841) Metaspace: 118885K->118885K(1163264K)
[2020-08-05T20:42:15.824-0300] GC(1841) Pause Young (Allocation Failure) 133M->115M(163M) 3.742ms
[2020-08-05T20:42:15.824-0300] GC(1841) User=0.00s Sys=0.00s Real=0.01s
[2020-08-05T20:42:21.547-0300] GC(1842) Pause Young (Allocation Failure)
[2020-08-05T20:42:21.550-0300] GC(1842) PSYoungGen: 22160K->3399K(24576K)
[2020-08-05T20:42:21.550-0300] GC(1842) ParOldGen: 114840K->115033K(142848K)
[2020-08-05T20:42:21.550-0300] GC(1842) Metaspace: 118885K->118885K(1163264K)
[2020-08-05T20:42:21.550-0300] GC(1842) Pause Young (Allocation Failure) 133M->115M(163M) 3.415ms
[2020-08-05T20:42:21.550-0300] GC(1842) User=0.01s Sys=0.00s Real=0.00s
[2020-08-05T20:42:34.849-0300] GC(1843) Pause Young (Allocation Failure)
[2020-08-05T20:42:34.851-0300] GC(1843) PSYoungGen: 22343K->3302K(22528K)
[2020-08-05T20:42:34.851-0300] GC(1843) ParOldGen: 115033K->115081K(142848K)
[2020-08-05T20:42:34.851-0300] GC(1843) Metaspace: 118885K->118885K(1163264K)
[2020-08-05T20:42:34.851-0300] GC(1843) Pause Young (Allocation Failure) 134M->115M(161M) 2.817ms
[2020-08-05T20:42:34.851-0300] GC(1843) User=0.01s Sys=0.00s Real=0.00s
[2020-08-05T20:42:47.825-0300] GC(1844) Pause Young (Allocation Failure)
[2020-08-05T20:42:47.828-0300] GC(1844) PSYoungGen: 22246K->3224K(24064K)
[2020-08-05T20:42:47.828-0300] GC(1844) ParOldGen: 115081K->115209K(142848K)
[2020-08-05T20:42:47.828-0300] GC(1844) Metaspace: 118885K->118885K(1163264K)
[2020-08-05T20:42:47.828-0300] GC(1844) Pause Young (Allocation Failure) 134M->115M(163M) 3.023ms
[2020-08-05T20:42:47.828-0300] GC(1844) User=0.01s Sys=0.00s Real=0.00s
[2020-08-05T20:42:58.448-0300] GC(1845) Pause Young (Allocation Failure)
[2020-08-05T20:42:58.452-0300] GC(1845) PSYoungGen: 22167K->3192K(24064K)
[2020-08-05T20:42:58.452-0300] GC(1845) ParOldGen: 115209K->115425K(142848K)
[2020-08-05T20:42:58.452-0300] GC(1845) Metaspace: 118885K->118885K(1163264K)
[2020-08-05T20:42:58.452-0300] GC(1845) Pause Young (Allocation Failure) 134M->115M(163M) 4.577ms
[2020-08-05T20:42:58.453-0300] GC(1845) User=0.01s Sys=0.00s Real=0.00s
[2020-08-05T20:43:04.721-0300] GC(1846) Pause Young (Allocation Failure)
[2020-08-05T20:43:04.725-0300] GC(1846) PSYoungGen: 22136K->2888K(24064K)
[2020-08-05T20:43:04.725-0300] GC(1846) ParOldGen: 115425K->115873K(142848K)
[2020-08-05T20:43:04.725-0300] GC(1846) Metaspace: 118885K->118885K(1163264K)
[2020-08-05T20:43:04.725-0300] GC(1846) Pause Young (Allocation Failure) 134M->115M(163M) 3.490ms
[2020-08-05T20:43:04.725-0300] GC(1846) User=0.00s Sys=0.00s Real=0.01s
[2020-08-05T20:43:06.150-0300] GC(1847) Pause Young (Allocation Failure)
[2020-08-05T20:43:06.153-0300] GC(1847) PSYoungGen: 21832K->2905K(24064K)
[2020-08-05T20:43:06.153-0300] GC(1847) ParOldGen: 115873K->116113K(142848K)
[2020-08-05T20:43:06.153-0300] GC(1847) Metaspace: 118885K->118885K(1163264K)
[2020-08-05T20:43:06.153-0300] GC(1847) Pause Young (Allocation Failure) 134M->116M(163M) 3.356ms
[2020-08-05T20:43:06.153-0300] GC(1847) User=0.01s Sys=0.00s Real=0.00s
[2020-08-05T20:43:07.671-0300] GC(1848) Pause Young (Allocation Failure)
[2020-08-05T20:43:07.674-0300] GC(1848) PSYoungGen: 21849K->2472K(24064K)
[2020-08-05T20:43:07.674-0300] GC(1848) ParOldGen: 116113K->116795K(142848K)
[2020-08-05T20:43:07.674-0300] GC(1848) Metaspace: 118891K->118891K(1163264K)
[2020-08-05T20:43:07.674-0300] GC(1848) Pause Young (Allocation Failure) 134M->116M(163M) 3.451ms
[2020-08-05T20:43:07.674-0300] GC(1848) User=0.01s Sys=0.00s Real=0.01s
[2020-08-05T20:43:09.167-0300] GC(1849) Pause Young (Allocation Failure)
[2020-08-05T20:43:09.169-0300] GC(1849) PSYoungGen: 21415K->2102K(24064K)
[2020-08-05T20:43:09.169-0300] GC(1849) ParOldGen: 116795K->117285K(142848K)
[2020-08-05T20:43:09.169-0300] GC(1849) Metaspace: 118892K->118892K(1163264K)
[2020-08-05T20:43:09.170-0300] GC(1849) Pause Young (Allocation Failure) 134M->116M(163M) 2.943ms
[2020-08-05T20:43:09.170-0300] GC(1849) User=0.01s Sys=0.00s Real=0.00s
[2020-08-05T20:43:10.342-0300] GC(1850) Pause Young (Allocation Failure)
[2020-08-05T20:43:10.345-0300] GC(1850) PSYoungGen: 21046K->1811K(24064K)
[2020-08-05T20:43:10.345-0300] GC(1850) ParOldGen: 117285K->117591K(142848K)
[2020-08-05T20:43:10.345-0300] GC(1850) Metaspace: 118892K->118892K(1163264K)
[2020-08-05T20:43:10.345-0300] GC(1850) Pause Young (Allocation Failure) 135M->116M(163M) 2.724ms
[2020-08-05T20:43:10.345-0300] GC(1850) User=0.01s Sys=0.00s Real=0.01s
[2020-08-05T20:43:29.849-0300] GC(1851) Pause Young (Allocation Failure)
[2020-08-05T20:43:29.852-0300] GC(1851) PSYoungGen: 20750K->1753K(24064K)
[2020-08-05T20:43:29.852-0300] GC(1851) ParOldGen: 117591K->117816K(142848K)
[2020-08-05T20:43:29.852-0300] GC(1851) Metaspace: 118892K->118892K(1163264K)
[2020-08-05T20:43:29.852-0300] GC(1851) Pause Young (Allocation Failure) 135M->116M(163M) 3.253ms
[2020-08-05T20:43:29.853-0300] GC(1851) User=0.00s Sys=0.00s Real=0.00s
[2020-08-05T20:43:50.049-0300] GC(1852) Pause Young (Allocation Failure)
[2020-08-05T20:43:50.053-0300] GC(1852) PSYoungGen: 20697K->2017K(24064K)
[2020-08-05T20:43:50.053-0300] GC(1852) ParOldGen: 117816K->118065K(142848K)
[2020-08-05T20:43:50.053-0300] GC(1852) Metaspace: 118892K->118892K(1163264K)
[2020-08-05T20:43:50.053-0300] GC(1852) Pause Young (Allocation Failure) 135M->117M(163M) 4.094ms
[2020-08-05T20:43:50.053-0300] GC(1852) User=0.01s Sys=0.00s Real=0.00s
[2020-08-05T20:44:10.357-0300] GC(1853) Pause Young (Allocation Failure)
[2020-08-05T20:44:10.360-0300] GC(1853) PSYoungGen: 20961K->2128K(24064K)
[2020-08-05T20:44:10.360-0300] GC(1853) ParOldGen: 118065K->118307K(142848K)
[2020-08-05T20:44:10.360-0300] GC(1853) Metaspace: 118892K->118892K(1163264K)
[2020-08-05T20:44:10.360-0300] GC(1853) Pause Young (Allocation Failure) 135M->117M(163M) 3.180ms
[2020-08-05T20:44:10.360-0300] GC(1853) User=0.01s Sys=0.00s Real=0.00s
[2020-08-05T20:44:20.973-0300] GC(1854) Pause Young (Allocation Failure)
[2020-08-05T20:44:20.977-0300] GC(1854) PSYoungGen: 21072K->2128K(24064K)
[2020-08-05T20:44:20.977-0300] GC(1854) ParOldGen: 118307K->118508K(142848K)
[2020-08-05T20:44:20.977-0300] GC(1854) Metaspace: 118892K->118892K(1163264K)
[2020-08-05T20:44:20.977-0300] GC(1854) Pause Young (Allocation Failure) 136M->117M(163M) 3.929ms
[2020-08-05T20:44:20.977-0300] GC(1854) User=0.00s Sys=0.00s Real=0.01s
[2020-08-05T20:44:33.098-0300] GC(1855) Pause Young (Allocation Failure)
[2020-08-05T20:44:33.102-0300] GC(1855) PSYoungGen: 21072K->2241K(24064K)
[2020-08-05T20:44:33.102-0300] GC(1855) ParOldGen: 118508K->118707K(142848K)
[2020-08-05T20:44:33.102-0300] GC(1855) Metaspace: 118892K->118892K(1163264K)
[2020-08-05T20:44:33.102-0300] GC(1855) Pause Young (Allocation Failure) 136M->118M(163M) 4.077ms
[2020-08-05T20:44:33.102-0300] GC(1855) User=0.01s Sys=0.00s Real=0.00s
[2020-08-05T20:44:45.113-0300] GC(1856) Pause Young (Allocation Failure)
[2020-08-05T20:44:45.117-0300] GC(1856) PSYoungGen: 21185K->2322K(23040K)
[2020-08-05T20:44:45.117-0300] GC(1856) ParOldGen: 118707K->118843K(142848K)
[2020-08-05T20:44:45.117-0300] GC(1856) Metaspace: 118892K->118892K(1163264K)
[2020-08-05T20:44:45.117-0300] GC(1856) Pause Young (Allocation Failure) 136M->118M(162M) 4.034ms
[2020-08-05T20:44:45.117-0300] GC(1856) User=0.01s Sys=0.00s Real=0.01s
[2020-08-05T20:44:57.895-0300] GC(1857) Pause Young (Allocation Failure)
[2020-08-05T20:44:57.899-0300] GC(1857) PSYoungGen: 21266K->1617K(23552K)
[2020-08-05T20:44:57.899-0300] GC(1857) ParOldGen: 118843K->119812K(142848K)
[2020-08-05T20:44:57.899-0300] GC(1857) Metaspace: 118892K->118892K(1163264K)
[2020-08-05T20:44:57.899-0300] GC(1857) Pause Young (Allocation Failure) 136M->118M(162M) 3.815ms
[2020-08-05T20:44:57.899-0300] GC(1857) User=0.01s Sys=0.00s Real=0.00s
[2020-08-05T20:45:08.561-0300] GC(1858) Pause Young (Allocation Failure)
[2020-08-05T20:45:08.565-0300] GC(1858) PSYoungGen: 20556K->1587K(23552K)
[2020-08-05T20:45:08.565-0300] GC(1858) ParOldGen: 119812K->120340K(142848K)
[2020-08-05T20:45:08.565-0300] GC(1858) Metaspace: 118892K->118892K(1163264K)
[2020-08-05T20:45:08.565-0300] GC(1858) Pause Young (Allocation Failure) 137M->119M(162M) 4.037ms
[2020-08-05T20:45:08.565-0300] GC(1858) User=0.01s Sys=0.00s Real=0.01s
[2020-08-05T20:45:14.768-0300] GC(1859) Pause Young (Allocation Failure)
[2020-08-05T20:45:14.772-0300] GC(1859) PSYoungGen: 20531K->1538K(23552K)
[2020-08-05T20:45:14.772-0300] GC(1859) ParOldGen: 120340K->120553K(142848K)
[2020-08-05T20:45:14.772-0300] GC(1859) Metaspace: 118892K->118892K(1163264K)
[2020-08-05T20:45:14.772-0300] GC(1859) Pause Young (Allocation Failure) 137M->119M(162M) 3.725ms
[2020-08-05T20:45:14.772-0300] GC(1859) User=0.01s Sys=0.00s Real=0.00s
[2020-08-05T20:45:16.206-0300] GC(1860) Pause Young (Allocation Failure)
[2020-08-05T20:45:16.209-0300] GC(1860) PSYoungGen: 20482K->1442K(23552K)
[2020-08-05T20:45:16.209-0300] GC(1860) ParOldGen: 120553K->120830K(142848K)
[2020-08-05T20:45:16.209-0300] GC(1860) Metaspace: 118892K->118892K(1163264K)
[2020-08-05T20:45:16.209-0300] GC(1860) Pause Young (Allocation Failure) 137M->119M(162M) 2.729ms
[2020-08-05T20:45:16.209-0300] GC(1860) User=0.01s Sys=0.00s Real=0.00s
[2020-08-05T20:45:17.696-0300] GC(1861) Pause Young (Allocation Failure)
[2020-08-05T20:45:17.700-0300] GC(1861) PSYoungGen: 20386K->1250K(23552K)
[2020-08-05T20:45:17.700-0300] GC(1861) ParOldGen: 120830K->121351K(142848K)
[2020-08-05T20:45:17.700-0300] GC(1861) Metaspace: 118894K->118894K(1163264K)
[2020-08-05T20:45:17.700-0300] GC(1861) Pause Young (Allocation Failure) 137M->119M(162M) 3.942ms
[2020-08-05T20:45:17.700-0300] GC(1861) User=0.01s Sys=0.00s Real=0.00s
[2020-08-05T20:45:19.053-0300] GC(1862) Pause Young (Allocation Failure)
[2020-08-05T20:45:19.056-0300] GC(1862) PSYoungGen: 20194K->865K(23552K)
[2020-08-05T20:45:19.056-0300] GC(1862) ParOldGen: 121351K->121904K(142848K)
[2020-08-05T20:45:19.056-0300] GC(1862) Metaspace: 118894K->118894K(1163264K)
[2020-08-05T20:45:19.056-0300] GC(1862) Pause Young (Allocation Failure) 138M->119M(162M) 3.228ms
[2020-08-05T20:45:19.056-0300] GC(1862) User=0.01s Sys=0.00s Real=0.01s
[2020-08-05T20:45:39.846-0300] GC(1863) Pause Young (Allocation Failure)
[2020-08-05T20:45:39.849-0300] GC(1863) PSYoungGen: 19809K->576K(23552K)
[2020-08-05T20:45:39.849-0300] GC(1863) ParOldGen: 121904K->122132K(142848K)
[2020-08-05T20:45:39.849-0300] GC(1863) Metaspace: 118894K->118894K(1163264K)
[2020-08-05T20:45:39.849-0300] GC(1863) Pause Young (Allocation Failure) 138M->119M(162M) 2.874ms
[2020-08-05T20:45:39.849-0300] GC(1863) User=0.00s Sys=0.00s Real=0.00s
[2020-08-05T20:45:59.849-0300] GC(1864) Pause Young (Allocation Failure)
[2020-08-05T20:45:59.852-0300] GC(1864) PSYoungGen: 19520K->416K(23552K)
[2020-08-05T20:45:59.852-0300] GC(1864) ParOldGen: 122132K->122608K(142848K)
[2020-08-05T20:45:59.852-0300] GC(1864) Metaspace: 118894K->118894K(1163264K)
[2020-08-05T20:45:59.852-0300] GC(1864) Pause Young (Allocation Failure) 138M->120M(162M) 2.792ms
[2020-08-05T20:45:59.852-0300] GC(1864) User=0.00s Sys=0.00s Real=0.00s
[2020-08-05T20:46:18.888-0300] GC(1865) Pause Young (Allocation Failure)
[2020-08-05T20:46:18.891-0300] GC(1865) PSYoungGen: 19360K->320K(23552K)
[2020-08-05T20:46:18.891-0300] GC(1865) ParOldGen: 122608K->122880K(142848K)
[2020-08-05T20:46:18.891-0300] GC(1865) Metaspace: 118894K->118894K(1163264K)
[2020-08-05T20:46:18.891-0300] GC(1865) Pause Young (Allocation Failure) 138M->120M(162M) 3.246ms
[2020-08-05T20:46:18.891-0300] GC(1865) User=0.01s Sys=0.00s Real=0.00s
[2020-08-05T20:46:29.847-0300] GC(1866) Pause Young (Allocation Failure)
[2020-08-05T20:46:29.849-0300] GC(1866) PSYoungGen: 19264K->337K(23552K)
[2020-08-05T20:46:29.849-0300] GC(1866) ParOldGen: 122880K->123088K(142848K)
[2020-08-05T20:46:29.849-0300] GC(1866) Metaspace: 118894K->118894K(1163264K)
[2020-08-05T20:46:29.849-0300] GC(1866) Pause Young (Allocation Failure) 138M->120M(162M) 2.351ms
[2020-08-05T20:46:29.849-0300] GC(1866) User=0.01s Sys=0.00s Real=0.00s
[2020-08-05T20:46:43.208-0300] GC(1867) Pause Young (Allocation Failure)
[2020-08-05T20:46:43.210-0300] GC(1867) PSYoungGen: 19281K->272K(23552K)
[2020-08-05T20:46:43.210-0300] GC(1867) ParOldGen: 123088K->123285K(142848K)
[2020-08-05T20:46:43.210-0300] GC(1867) Metaspace: 118894K->118894K(1163264K)
[2020-08-05T20:46:43.210-0300] GC(1867) Pause Young (Allocation Failure) 139M->120M(162M) 2.653ms
[2020-08-05T20:46:43.210-0300] GC(1867) User=0.00s Sys=0.00s Real=0.00s
[2020-08-05T20:46:51.172-0300] GC(1868) Pause Young (Allocation Failure)
[2020-08-05T20:46:51.175-0300] GC(1868) PSYoungGen: 19216K->352K(23552K)
[2020-08-05T20:46:51.175-0300] GC(1868) ParOldGen: 123285K->123430K(142848K)
[2020-08-05T20:46:51.175-0300] GC(1868) Metaspace: 118894K->118894K(1163264K)
[2020-08-05T20:46:51.175-0300] GC(1868) Pause Young (Allocation Failure) 139M->120M(162M) 2.583ms
[2020-08-05T20:46:51.175-0300] GC(1868) User=0.01s Sys=0.00s Real=0.01s
[2020-08-05T20:46:52.609-0300] GC(1869) Pause Young (Allocation Failure)
[2020-08-05T20:46:52.611-0300] GC(1869) PSYoungGen: 19296K->320K(19456K)
[2020-08-05T20:46:52.612-0300] GC(1869) ParOldGen: 123430K->123722K(142848K)
[2020-08-05T20:46:52.612-0300] GC(1869) Metaspace: 118894K->118894K(1163264K)
[2020-08-05T20:46:52.612-0300] GC(1869) Pause Young (Allocation Failure) 139M->121M(158M) 2.494ms
[2020-08-05T20:46:52.612-0300] GC(1869) User=0.00s Sys=0.00s Real=0.00s
[2020-08-05T20:46:54.217-0300] GC(1870) Pause Young (Allocation Failure)
[2020-08-05T20:46:54.220-0300] GC(1870) PSYoungGen: 19264K->337K(23040K)
[2020-08-05T20:46:54.220-0300] GC(1870) ParOldGen: 123722K->123927K(142848K)
[2020-08-05T20:46:54.220-0300] GC(1870) Metaspace: 118894K->118894K(1163264K)
[2020-08-05T20:46:54.220-0300] GC(1870) Pause Young (Allocation Failure) 139M->121M(162M) 2.371ms
[2020-08-05T20:46:54.220-0300] GC(1870) User=0.01s Sys=0.00s Real=0.00s
[2020-08-05T20:46:55.738-0300] GC(1871) Pause Young (Allocation Failure)
[2020-08-05T20:46:55.741-0300] GC(1871) PSYoungGen: 19279K->353K(23040K)
[2020-08-05T20:46:55.741-0300] GC(1871) ParOldGen: 123927K->124140K(142848K)
[2020-08-05T20:46:55.741-0300] GC(1871) Metaspace: 118894K->118894K(1163264K)
[2020-08-05T20:46:55.742-0300] GC(1871) Pause Young (Allocation Failure) 139M->121M(162M) 3.058ms
[2020-08-05T20:46:55.742-0300] GC(1871) User=0.00s Sys=0.00s Real=0.00s
[2020-08-05T20:46:57.345-0300] GC(1872) Pause Young (Allocation Failure)
[2020-08-05T20:46:57.348-0300] GC(1872) PSYoungGen: 19297K->352K(22016K)
[2020-08-05T20:46:57.348-0300] GC(1872) ParOldGen: 124140K->124362K(142848K)
[2020-08-05T20:46:57.348-0300] GC(1872) Metaspace: 118894K->118894K(1163264K)
[2020-08-05T20:46:57.348-0300] GC(1872) Pause Young (Allocation Failure) 140M->121M(161M) 2.579ms
[2020-08-05T20:46:57.348-0300] GC(1872) User=0.01s Sys=0.00s Real=0.00s
[2020-08-05T20:46:58.561-0300] GC(1873) Pause Young (Allocation Failure)
[2020-08-05T20:46:58.564-0300] GC(1873) PSYoungGen: 19296K->305K(22528K)
[2020-08-05T20:46:58.564-0300] GC(1873) ParOldGen: 124362K->124575K(142848K)
[2020-08-05T20:46:58.564-0300] GC(1873) Metaspace: 118894K->118894K(1163264K)
[2020-08-05T20:46:58.564-0300] GC(1873) Pause Young (Allocation Failure) 140M->121M(161M) 2.686ms
[2020-08-05T20:46:58.564-0300] GC(1873) User=0.00s Sys=0.00s Real=0.00s
[2020-08-05T20:47:17.074-0300] GC(1874) Pause Young (Allocation Failure)
[2020-08-05T20:47:17.080-0300] GC(1874) PSYoungGen: 19249K->256K(22528K)
[2020-08-05T20:47:17.080-0300] GC(1874) ParOldGen: 124575K->124651K(142848K)
[2020-08-05T20:47:17.080-0300] GC(1874) Metaspace: 118894K->118894K(1163264K)
[2020-08-05T20:47:17.080-0300] GC(1874) Pause Young (Allocation Failure) 140M->121M(161M) 5.405ms
[2020-08-05T20:47:17.080-0300] GC(1874) User=0.01s Sys=0.00s Real=0.00s
[2020-08-05T20:47:35.074-0300] GC(1875) Pause Young (Allocation Failure)
[2020-08-05T20:47:35.076-0300] GC(1875) PSYoungGen: 19200K->416K(19456K)
[2020-08-05T20:47:35.076-0300] GC(1875) ParOldGen: 124651K->124699K(142848K)
[2020-08-05T20:47:35.076-0300] GC(1875) Metaspace: 118894K->118894K(1163264K)
[2020-08-05T20:47:35.076-0300] GC(1875) Pause Young (Allocation Failure) 140M->122M(158M) 2.556ms
[2020-08-05T20:47:35.076-0300] GC(1875) User=0.01s Sys=0.00s Real=0.01s
[2020-08-05T20:47:57.074-0300] GC(1876) Pause Young (Allocation Failure)
[2020-08-05T20:47:57.076-0300] GC(1876) PSYoungGen: 19360K->288K(22016K)
[2020-08-05T20:47:57.076-0300] GC(1876) ParOldGen: 124699K->124763K(142848K)
[2020-08-05T20:47:57.076-0300] GC(1876) Metaspace: 118894K->118894K(1163264K)
[2020-08-05T20:47:57.076-0300] GC(1876) Pause Young (Allocation Failure) 140M->122M(161M) 2.689ms
[2020-08-05T20:47:57.077-0300] GC(1876) User=0.00s Sys=0.00s Real=0.01s
[2020-08-05T20:48:09.184-0300] GC(1877) Pause Young (Allocation Failure)
[2020-08-05T20:48:09.187-0300] GC(1877) PSYoungGen: 19232K->272K(22016K)
[2020-08-05T20:48:09.187-0300] GC(1877) ParOldGen: 124763K->124811K(142848K)
[2020-08-05T20:48:09.187-0300] GC(1877) Metaspace: 118894K->118894K(1163264K)
[2020-08-05T20:48:09.187-0300] GC(1877) Pause Young (Allocation Failure) 140M->122M(161M) 2.875ms
[2020-08-05T20:48:09.187-0300] GC(1877) User=0.01s Sys=0.00s Real=0.00s
[2020-08-05T20:48:19.846-0300] GC(1878) Pause Young (Allocation Failure)
[2020-08-05T20:48:19.848-0300] GC(1878) PSYoungGen: 19216K->432K(22016K)
[2020-08-05T20:48:19.848-0300] GC(1878) ParOldGen: 124811K->124948K(142848K)
[2020-08-05T20:48:19.848-0300] GC(1878) Metaspace: 118894K->118894K(1163264K)
[2020-08-05T20:48:19.848-0300] GC(1878) Pause Young (Allocation Failure) 140M->122M(161M) 2.825ms
[2020-08-05T20:48:19.849-0300] GC(1878) User=0.00s Sys=0.00s Real=0.00s
[2020-08-05T20:48:30.617-0300] GC(1879) Pause Young (Allocation Failure)
[2020-08-05T20:48:30.620-0300] GC(1879) PSYoungGen: 19376K->528K(19968K)
[2020-08-05T20:48:30.620-0300] GC(1879) ParOldGen: 124948K->125253K(142848K)
[2020-08-05T20:48:30.620-0300] GC(1879) Metaspace: 118894K->118894K(1163264K)
[2020-08-05T20:48:30.620-0300] GC(1879) Pause Young (Allocation Failure) 140M->122M(159M) 2.897ms
[2020-08-05T20:48:30.620-0300] GC(1879) User=0.01s Sys=0.00s Real=0.00s
[2020-08-05T20:48:32.235-0300] GC(1880) Pause Young (Allocation Failure)
[2020-08-05T20:48:32.238-0300] GC(1880) PSYoungGen: 19472K->416K(21504K)
[2020-08-05T20:48:32.238-0300] GC(1880) ParOldGen: 125253K->125677K(142848K)
[2020-08-05T20:48:32.238-0300] GC(1880) Metaspace: 118894K->118894K(1163264K)
[2020-08-05T20:48:32.238-0300] GC(1880) Pause Young (Allocation Failure) 141M->123M(160M) 3.229ms
[2020-08-05T20:48:32.238-0300] GC(1880) User=0.00s Sys=0.00s Real=0.00s
[2020-08-05T20:48:33.674-0300] GC(1881) Pause Young (Allocation Failure)
[2020-08-05T20:48:33.677-0300] GC(1881) PSYoungGen: 19360K->320K(21504K)
[2020-08-05T20:48:33.677-0300] GC(1881) ParOldGen: 125677K->125991K(142848K)
[2020-08-05T20:48:33.677-0300] GC(1881) Metaspace: 118894K->118894K(1163264K)
[2020-08-05T20:48:33.677-0300] GC(1881) Pause Young (Allocation Failure) 141M->123M(160M) 2.521ms
[2020-08-05T20:48:33.677-0300] GC(1881) User=0.01s Sys=0.00s Real=0.00s
[2020-08-05T20:48:35.102-0300] GC(1882) Pause Young (Allocation Failure)
[2020-08-05T20:48:35.105-0300] GC(1882) PSYoungGen: 19264K->304K(21504K)
[2020-08-05T20:48:35.105-0300] GC(1882) ParOldGen: 125991K->126228K(142848K)
[2020-08-05T20:48:35.105-0300] GC(1882) Metaspace: 118894K->118894K(1163264K)
[2020-08-05T20:48:35.105-0300] GC(1882) Pause Young (Allocation Failure) 141M->123M(160M) 2.843ms
[2020-08-05T20:48:35.105-0300] GC(1882) User=0.00s Sys=0.00s Real=0.01s
[2020-08-05T20:48:36.600-0300] GC(1883) Pause Young (Allocation Failure)
[2020-08-05T20:48:36.603-0300] GC(1883) PSYoungGen: 19248K->384K(19456K)
[2020-08-05T20:48:36.603-0300] GC(1883) ParOldGen: 126228K->126429K(142848K)
[2020-08-05T20:48:36.603-0300] GC(1883) Metaspace: 118894K->118894K(1163264K)
[2020-08-05T20:48:36.603-0300] GC(1883) Pause Young (Allocation Failure) 142M->123M(158M) 3.336ms
[2020-08-05T20:48:36.603-0300] GC(1883) User=0.01s Sys=0.00s Real=0.00s
[2020-08-05T20:48:37.905-0300] GC(1884) Pause Young (Allocation Failure)
[2020-08-05T20:48:37.908-0300] GC(1884) PSYoungGen: 19328K->416K(20992K)
[2020-08-05T20:48:37.908-0300] GC(1884) ParOldGen: 126429K->126662K(142848K)
[2020-08-05T20:48:37.908-0300] GC(1884) Metaspace: 118894K->118894K(1163264K)
[2020-08-05T20:48:37.908-0300] GC(1884) Pause Young (Allocation Failure) 142M->124M(160M) 2.716ms
[2020-08-05T20:48:37.908-0300] GC(1884) User=0.01s Sys=0.00s Real=0.00s
[2020-08-05T20:48:54.285-0300] GC(1885) Pause Young (Allocation Failure)
[2020-08-05T20:48:54.287-0300] GC(1885) PSYoungGen: 19360K->512K(20992K)
[2020-08-05T20:48:54.287-0300] GC(1885) ParOldGen: 126662K->126814K(142848K)
[2020-08-05T20:48:54.287-0300] GC(1885) Metaspace: 118894K->118894K(1163264K)
[2020-08-05T20:48:54.287-0300] GC(1885) Pause Young (Allocation Failure) 142M->124M(160M) 2.477ms
[2020-08-05T20:48:54.287-0300] GC(1885) User=0.01s Sys=0.00s Real=0.00s
[2020-08-05T20:49:14.847-0300] GC(1886) Pause Young (Allocation Failure)
[2020-08-05T20:49:14.849-0300] GC(1886) PSYoungGen: 19456K->608K(20992K)
[2020-08-05T20:49:14.849-0300] GC(1886) ParOldGen: 126814K->127206K(142848K)
[2020-08-05T20:49:14.849-0300] GC(1886) Metaspace: 118894K->118894K(1163264K)
[2020-08-05T20:49:14.849-0300] GC(1886) Pause Young (Allocation Failure) 142M->124M(160M) 2.730ms
[2020-08-05T20:49:14.849-0300] GC(1886) User=0.00s Sys=0.00s Real=0.00s
[2020-08-05T20:49:34.848-0300] GC(1887) Pause Young (Allocation Failure)
[2020-08-05T20:49:34.851-0300] GC(1887) PSYoungGen: 19552K->400K(19456K)
[2020-08-05T20:49:34.851-0300] GC(1887) ParOldGen: 127206K->127694K(142848K)
[2020-08-05T20:49:34.851-0300] GC(1887) Metaspace: 118894K->118894K(1163264K)
[2020-08-05T20:49:34.851-0300] GC(1887) Pause Young (Allocation Failure) 143M->125M(158M) 2.449ms
[2020-08-05T20:49:34.851-0300] GC(1887) User=0.01s Sys=0.00s Real=0.00s
[2020-08-05T20:49:48.070-0300] GC(1888) Pause Young (Allocation Failure)
[2020-08-05T20:49:48.073-0300] GC(1888) PSYoungGen: 19344K->480K(20480K)
[2020-08-05T20:49:48.073-0300] GC(1888) ParOldGen: 127694K->127927K(142848K)
[2020-08-05T20:49:48.073-0300] GC(1888) Metaspace: 118894K->118894K(1163264K)
[2020-08-05T20:49:48.073-0300] GC(1888) Pause Young (Allocation Failure) 143M->125M(159M) 2.997ms
[2020-08-05T20:49:48.073-0300] GC(1888) User=0.01s Sys=0.00s Real=0.00s
[2020-08-05T20:49:59.392-0300] GC(1889) Pause Young (Allocation Failure)
[2020-08-05T20:49:59.395-0300] GC(1889) PSYoungGen: 19424K->416K(20480K)
[2020-08-05T20:49:59.395-0300] GC(1889) ParOldGen: 127927K->128203K(142848K)
[2020-08-05T20:49:59.395-0300] GC(1889) Metaspace: 118894K->118894K(1163264K)
[2020-08-05T20:49:59.395-0300] GC(1889) Pause Young (Allocation Failure) 143M->125M(159M) 3.251ms
[2020-08-05T20:49:59.395-0300] GC(1889) User=0.01s Sys=0.00s Real=0.01s
[2020-08-05T20:50:10.362-0300] GC(1890) Pause Young (Allocation Failure)
[2020-08-05T20:50:10.365-0300] GC(1890) PSYoungGen: 19359K->480K(20480K)
[2020-08-05T20:50:10.365-0300] GC(1890) ParOldGen: 128203K->128512K(142848K)
[2020-08-05T20:50:10.365-0300] GC(1890) Metaspace: 118894K->118894K(1163264K)
[2020-08-05T20:50:10.365-0300] GC(1890) Pause Young (Allocation Failure) 144M->125M(159M) 2.982ms
[2020-08-05T20:50:10.365-0300] GC(1890) User=0.01s Sys=0.00s Real=0.01s
[2020-08-05T20:50:12.023-0300] GC(1891) Pause Young (Allocation Failure)
[2020-08-05T20:50:12.027-0300] GC(1891) PSYoungGen: 19424K->369K(20480K)
[2020-08-05T20:50:12.027-0300] GC(1891) ParOldGen: 128512K->128889K(142848K)
[2020-08-05T20:50:12.027-0300] GC(1891) Metaspace: 118894K->118894K(1163264K)
[2020-08-05T20:50:12.027-0300] GC(1891) Pause Young (Allocation Failure) 144M->126M(159M) 3.590ms
[2020-08-05T20:50:12.027-0300] GC(1891) User=0.00s Sys=0.00s Real=0.01s
[2020-08-05T20:50:13.657-0300] GC(1892) Pause Young (Allocation Failure)
[2020-08-05T20:50:13.661-0300] GC(1892) PSYoungGen: 19313K->304K(20480K)
[2020-08-05T20:50:13.661-0300] GC(1892) ParOldGen: 128889K->129146K(142848K)
[2020-08-05T20:50:13.661-0300] GC(1892) Metaspace: 118894K->118894K(1163264K)
[2020-08-05T20:50:13.661-0300] GC(1892) Pause Young (Allocation Failure) 144M->126M(159M) 3.902ms
[2020-08-05T20:50:13.661-0300] GC(1892) User=0.00s Sys=0.00s Real=0.00s
[2020-08-05T20:50:15.093-0300] GC(1893) Pause Young (Allocation Failure)
[2020-08-05T20:50:15.095-0300] GC(1893) PSYoungGen: 19248K->337K(20480K)
[2020-08-05T20:50:15.095-0300] GC(1893) ParOldGen: 129146K->129363K(142848K)
[2020-08-05T20:50:15.095-0300] GC(1893) Metaspace: 118894K->118894K(1163264K)
[2020-08-05T20:50:15.095-0300] GC(1893) Pause Young (Allocation Failure) 144M->126M(159M) 2.436ms
[2020-08-05T20:50:15.095-0300] GC(1893) User=0.01s Sys=0.00s Real=0.01s
[2020-08-05T20:50:16.541-0300] GC(1894) Pause Young (Allocation Failure)
[2020-08-05T20:50:16.544-0300] GC(1894) PSYoungGen: 19281K->305K(20480K)
[2020-08-05T20:50:16.544-0300] GC(1894) ParOldGen: 129363K->129568K(142848K)
[2020-08-05T20:50:16.544-0300] GC(1894) Metaspace: 118894K->118894K(1163264K)
[2020-08-05T20:50:16.544-0300] GC(1894) Pause Young (Allocation Failure) 145M->126M(159M) 3.178ms
[2020-08-05T20:50:16.544-0300] GC(1894) User=0.00s Sys=0.00s Real=0.01s
[2020-08-05T20:50:17.773-0300] GC(1895) Pause Young (Allocation Failure)
[2020-08-05T20:50:17.777-0300] GC(1895) PSYoungGen: 19249K->320K(20480K)
[2020-08-05T20:50:17.777-0300] GC(1895) ParOldGen: 129568K->129781K(142848K)
[2020-08-05T20:50:17.777-0300] GC(1895) Metaspace: 118894K->118894K(1163264K)
[2020-08-05T20:50:17.777-0300] GC(1895) Pause Young (Allocation Failure) 145M->127M(159M) 3.409ms
[2020-08-05T20:50:17.777-0300] GC(1895) User=0.00s Sys=0.00s Real=0.01s
[2020-08-05T20:50:32.070-0300] GC(1896) Pause Young (Allocation Failure)
[2020-08-05T20:50:32.073-0300] GC(1896) PSYoungGen: 19264K->416K(19456K)
[2020-08-05T20:50:32.073-0300] GC(1896) ParOldGen: 129781K->129853K(142848K)
[2020-08-05T20:50:32.073-0300] GC(1896) Metaspace: 118894K->118894K(1163264K)
[2020-08-05T20:50:32.073-0300] GC(1896) Pause Young (Allocation Failure) 145M->127M(158M) 3.113ms
[2020-08-05T20:50:32.073-0300] GC(1896) User=0.01s Sys=0.00s Real=0.00s
[2020-08-05T20:50:53.070-0300] GC(1897) Pause Young (Allocation Failure)
[2020-08-05T20:50:53.073-0300] GC(1897) PSYoungGen: 19352K->576K(19968K)
[2020-08-05T20:50:53.073-0300] GC(1897) ParOldGen: 129853K->130138K(142848K)
[2020-08-05T20:50:53.073-0300] GC(1897) Metaspace: 118894K->118894K(1163264K)
[2020-08-05T20:50:53.073-0300] GC(1897) Pause Young (Allocation Failure) 145M->127M(159M) 2.492ms
[2020-08-05T20:50:53.073-0300] GC(1897) User=0.01s Sys=0.00s Real=0.00s
[2020-08-05T20:51:14.846-0300] GC(1898) Pause Young (Allocation Failure)
[2020-08-05T20:51:14.849-0300] GC(1898) PSYoungGen: 19520K->320K(19968K)
[2020-08-05T20:51:14.849-0300] GC(1898) ParOldGen: 130138K->130490K(142848K)
[2020-08-05T20:51:14.849-0300] GC(1898) Metaspace: 118894K->118894K(1163264K)
[2020-08-05T20:51:14.849-0300] GC(1898) Pause Young (Allocation Failure) 146M->127M(159M) 3.176ms
[2020-08-05T20:51:14.849-0300] GC(1898) User=0.01s Sys=0.00s Real=0.00s
[2020-08-05T20:51:26.068-0300] GC(1899) Pause Young (Allocation Failure)
[2020-08-05T20:51:26.071-0300] GC(1899) PSYoungGen: 19264K->432K(19968K)
[2020-08-05T20:51:26.071-0300] GC(1899) ParOldGen: 130490K->130682K(142848K)
[2020-08-05T20:51:26.071-0300] GC(1899) Metaspace: 118894K->118894K(1163264K)
[2020-08-05T20:51:26.071-0300] GC(1899) Pause Young (Allocation Failure) 146M->128M(159M) 3.233ms
[2020-08-05T20:51:26.071-0300] GC(1899) User=0.00s Sys=0.00s Real=0.00s
[2020-08-05T20:51:39.507-0300] GC(1900) Pause Young (Allocation Failure)
[2020-08-05T20:51:39.509-0300] GC(1900) PSYoungGen: 19376K->272K(19968K)
[2020-08-05T20:51:39.509-0300] GC(1900) ParOldGen: 130682K->130882K(142848K)
[2020-08-05T20:51:39.509-0300] GC(1900) Metaspace: 118894K->118894K(1163264K)
[2020-08-05T20:51:39.509-0300] GC(1900) Pause Young (Allocation Failure) 146M->128M(159M) 2.279ms
[2020-08-05T20:51:39.509-0300] GC(1900) User=0.01s Sys=0.00s Real=0.00s
[2020-08-05T20:51:50.078-0300] GC(1901) Pause Young (Allocation Failure)
[2020-08-05T20:51:50.081-0300] GC(1901) PSYoungGen: 19216K->256K(19968K)
[2020-08-05T20:51:50.081-0300] GC(1901) ParOldGen: 130882K->131031K(142848K)
[2020-08-05T20:51:50.081-0300] GC(1901) Metaspace: 118894K->118894K(1163264K)
[2020-08-05T20:51:50.081-0300] GC(1901) Pause Young (Allocation Failure) 146M->128M(159M) 2.665ms
[2020-08-05T20:51:50.081-0300] GC(1901) User=0.01s Sys=0.00s Real=0.00s
[2020-08-05T20:52:03.067-0300] GC(1902) Pause Young (Allocation Failure)
[2020-08-05T20:52:03.070-0300] GC(1902) PSYoungGen: 19200K->337K(19968K)
[2020-08-05T20:52:03.070-0300] GC(1902) ParOldGen: 131031K->131180K(142848K)
[2020-08-05T20:52:03.070-0300] GC(1902) Metaspace: 118894K->118894K(1163264K)
[2020-08-05T20:52:03.070-0300] GC(1902) Pause Young (Allocation Failure) 146M->128M(159M) 3.104ms
[2020-08-05T20:52:03.071-0300] GC(1902) User=0.01s Sys=0.00s Real=0.00s
[2020-08-05T20:52:15.067-0300] GC(1903) Pause Young (Allocation Failure)
[2020-08-05T20:52:15.070-0300] GC(1903) PSYoungGen: 19278K->384K(19968K)
[2020-08-05T20:52:15.071-0300] GC(1903) ParOldGen: 131180K->131365K(142848K)
[2020-08-05T20:52:15.071-0300] GC(1903) Metaspace: 118894K->118894K(1163264K)
[2020-08-05T20:52:15.071-0300] GC(1903) Pause Young (Allocation Failure) 146M->128M(159M) 3.297ms
[2020-08-05T20:52:15.071-0300] GC(1903) User=0.00s Sys=0.00s Real=0.00s
[2020-08-05T20:52:26.067-0300] GC(1904) Pause Young (Allocation Failure)
[2020-08-05T20:52:26.070-0300] GC(1904) PSYoungGen: 19328K->641K(19968K)
[2020-08-05T20:52:26.070-0300] GC(1904) ParOldGen: 131365K->131365K(142848K)
[2020-08-05T20:52:26.070-0300] GC(1904) Metaspace: 118894K->118894K(1163264K)
[2020-08-05T20:52:26.070-0300] GC(1904) Pause Young (Allocation Failure) 147M->128M(159M) 2.951ms
[2020-08-05T20:52:26.070-0300] GC(1904) User=0.01s Sys=0.00s Real=0.00s
[2020-08-05T20:52:37.715-0300] GC(1905) Pause Young (Allocation Failure)
[2020-08-05T20:52:37.718-0300] GC(1905) PSYoungGen: 19585K->481K(19968K)
[2020-08-05T20:52:37.718-0300] GC(1905) ParOldGen: 131365K->131365K(142848K)
[2020-08-05T20:52:37.718-0300] GC(1905) Metaspace: 118894K->118894K(1163264K)
[2020-08-05T20:52:37.719-0300] GC(1905) Pause Young (Allocation Failure) 147M->128M(159M) 3.177ms
[2020-08-05T20:52:37.719-0300] GC(1905) User=0.00s Sys=0.00s Real=0.00s
[2020-08-05T20:52:49.845-0300] GC(1906) Pause Young (Allocation Failure)
[2020-08-05T20:52:49.849-0300] GC(1906) PSYoungGen: 19425K->706K(19968K)
[2020-08-05T20:52:49.849-0300] GC(1906) ParOldGen: 131365K->131365K(142848K)
[2020-08-05T20:52:49.849-0300] GC(1906) Metaspace: 118894K->118894K(1163264K)
[2020-08-05T20:52:49.849-0300] GC(1906) Pause Young (Allocation Failure) 147M->128M(159M) 3.294ms
[2020-08-05T20:52:49.849-0300] GC(1906) User=0.00s Sys=0.00s Real=0.00s
[2020-08-05T20:53:02.234-0300] GC(1907) Pause Young (Allocation Failure)
[2020-08-05T20:53:02.237-0300] GC(1907) PSYoungGen: 19650K->786K(19968K)
[2020-08-05T20:53:02.237-0300] GC(1907) ParOldGen: 131365K->131365K(142848K)
[2020-08-05T20:53:02.237-0300] GC(1907) Metaspace: 118894K->118894K(1163264K)
[2020-08-05T20:53:02.237-0300] GC(1907) Pause Young (Allocation Failure) 147M->129M(159M) 3.086ms
[2020-08-05T20:53:02.237-0300] GC(1907) User=0.01s Sys=0.00s Real=0.00s
[2020-08-05T20:53:09.783-0300] GC(1908) Pause Young (Allocation Failure)
[2020-08-05T20:53:09.786-0300] GC(1908) PSYoungGen: 19730K->979K(19456K)
[2020-08-05T20:53:09.786-0300] GC(1908) ParOldGen: 131365K->131365K(142848K)
[2020-08-05T20:53:09.786-0300] GC(1908) Metaspace: 118894K->118894K(1163264K)
[2020-08-05T20:53:09.786-0300] GC(1908) Pause Young (Allocation Failure) 147M->129M(158M) 3.109ms
[2020-08-05T20:53:09.786-0300] GC(1908) User=0.00s Sys=0.00s Real=0.01s
[2020-08-05T20:53:20.344-0300] GC(1909) Pause Young (Allocation Failure)
[2020-08-05T20:53:20.347-0300] GC(1909) PSYoungGen: 19409K->1187K(19968K)
[2020-08-05T20:53:20.347-0300] GC(1909) ParOldGen: 131365K->131365K(142848K)
[2020-08-05T20:53:20.347-0300] GC(1909) Metaspace: 118894K->118894K(1163264K)
[2020-08-05T20:53:20.347-0300] GC(1909) Pause Young (Allocation Failure) 147M->129M(159M) 3.471ms
[2020-08-05T20:53:20.347-0300] GC(1909) User=0.00s Sys=0.00s Real=0.01s
[2020-08-05T20:53:26.616-0300] GC(1910) Pause Young (Allocation Failure)
[2020-08-05T20:53:26.619-0300] GC(1910) PSYoungGen: 19619K->1508K(19456K)
[2020-08-05T20:53:26.619-0300] GC(1910) ParOldGen: 131365K->131381K(142848K)
[2020-08-05T20:53:26.619-0300] GC(1910) Metaspace: 118894K->118894K(1163264K)
[2020-08-05T20:53:26.619-0300] GC(1910) Pause Young (Allocation Failure) 147M->129M(158M) 3.144ms
[2020-08-05T20:53:26.619-0300] GC(1910) User=0.00s Sys=0.00s Real=0.00s
[2020-08-05T20:53:28.057-0300] GC(1911) Pause Young (Allocation Failure)
[2020-08-05T20:53:28.060-0300] GC(1911) PSYoungGen: 19428K->1523K(19968K)
[2020-08-05T20:53:28.060-0300] GC(1911) ParOldGen: 131381K->131622K(142848K)
[2020-08-05T20:53:28.060-0300] GC(1911) Metaspace: 118894K->118894K(1163264K)
[2020-08-05T20:53:28.060-0300] GC(1911) Pause Young (Allocation Failure) 147M->130M(159M) 3.200ms
[2020-08-05T20:53:28.060-0300] GC(1911) User=0.01s Sys=0.00s Real=0.00s
[2020-08-05T20:53:29.505-0300] GC(1912) Pause Young (Allocation Failure)
[2020-08-05T20:53:29.508-0300] GC(1912) PSYoungGen: 19443K->1394K(19968K)
[2020-08-05T20:53:29.508-0300] GC(1912) ParOldGen: 131622K->131928K(142848K)
[2020-08-05T20:53:29.508-0300] GC(1912) Metaspace: 118894K->118894K(1163264K)
[2020-08-05T20:53:29.508-0300] GC(1912) Pause Young (Allocation Failure) 147M->130M(159M) 3.313ms
[2020-08-05T20:53:29.508-0300] GC(1912) User=0.01s Sys=0.00s Real=0.00s
[2020-08-05T20:53:30.929-0300] GC(1913) Pause Young (Allocation Failure)
[2020-08-05T20:53:30.932-0300] GC(1913) PSYoungGen: 19314K->1218K(19968K)
[2020-08-05T20:53:30.932-0300] GC(1913) ParOldGen: 131928K->132182K(142848K)
[2020-08-05T20:53:30.932-0300] GC(1913) Metaspace: 118894K->118894K(1163264K)
[2020-08-05T20:53:30.932-0300] GC(1913) Pause Young (Allocation Failure) 147M->130M(159M) 3.642ms
[2020-08-05T20:53:30.932-0300] GC(1913) User=0.01s Sys=0.00s Real=0.00s
[2020-08-05T20:53:32.363-0300] GC(1914) Pause Young (Allocation Failure)
[2020-08-05T20:53:32.366-0300] GC(1914) PSYoungGen: 19138K->801K(19968K)
[2020-08-05T20:53:32.366-0300] GC(1914) ParOldGen: 132182K->132746K(142848K)
[2020-08-05T20:53:32.366-0300] GC(1914) Metaspace: 118894K->118894K(1163264K)
[2020-08-05T20:53:32.366-0300] GC(1914) Pause Young (Allocation Failure) 147M->130M(159M) 3.093ms
[2020-08-05T20:53:32.366-0300] GC(1914) User=0.01s Sys=0.00s Real=0.01s
[2020-08-05T20:53:33.805-0300] GC(1915) Pause Young (Allocation Failure)
[2020-08-05T20:53:33.808-0300] GC(1915) PSYoungGen: 18721K->753K(19968K)
[2020-08-05T20:53:33.808-0300] GC(1915) ParOldGen: 132746K->132886K(142848K)
[2020-08-05T20:53:33.808-0300] GC(1915) Metaspace: 118894K->118894K(1163264K)
[2020-08-05T20:53:33.808-0300] GC(1915) Pause Young (Allocation Failure) 147M->130M(159M) 2.902ms
[2020-08-05T20:53:33.808-0300] GC(1915) User=0.01s Sys=0.00s Real=0.00s
[2020-08-05T20:53:35.024-0300] GC(1916) Pause Young (Allocation Failure)
[2020-08-05T20:53:35.027-0300] GC(1916) PSYoungGen: 18673K->529K(19968K)
[2020-08-05T20:53:35.027-0300] GC(1916) ParOldGen: 132886K->133167K(142848K)
[2020-08-05T20:53:35.027-0300] GC(1916) Metaspace: 118894K->118894K(1163264K)
[2020-08-05T20:53:35.027-0300] GC(1916) Pause Young (Allocation Failure) 148M->130M(159M) 3.308ms
[2020-08-05T20:53:35.027-0300] GC(1916) User=0.00s Sys=0.00s Real=0.00s
[2020-08-05T20:53:52.066-0300] GC(1917) Pause Young (Allocation Failure)
[2020-08-05T20:53:52.070-0300] GC(1917) PSYoungGen: 18449K->480K(19968K)
[2020-08-05T20:53:52.070-0300] GC(1917) ParOldGen: 133167K->133311K(142848K)
[2020-08-05T20:53:52.070-0300] GC(1917) Metaspace: 118894K->118894K(1163264K)
[2020-08-05T20:53:52.070-0300] GC(1917) Pause Young (Allocation Failure) 148M->130M(159M) 4.235ms
[2020-08-05T20:53:52.070-0300] GC(1917) User=0.01s Sys=0.00s Real=0.00s
[2020-08-05T20:54:11.066-0300] GC(1918) Pause Young (Allocation Failure)
[2020-08-05T20:54:11.069-0300] GC(1918) PSYoungGen: 18400K->640K(19968K)
[2020-08-05T20:54:11.069-0300] GC(1918) ParOldGen: 133311K->133735K(142848K)
[2020-08-05T20:54:11.069-0300] GC(1918) Metaspace: 118894K->118894K(1163264K)
[2020-08-05T20:54:11.069-0300] GC(1918) Pause Young (Allocation Failure) 148M->131M(159M) 3.288ms
[2020-08-05T20:54:11.070-0300] GC(1918) User=0.01s Sys=0.00s Real=0.00s
[2020-08-05T20:54:30.064-0300] GC(1919) Pause Young (Allocation Failure)
[2020-08-05T20:54:30.068-0300] GC(1919) PSYoungGen: 18560K->384K(19968K)
[2020-08-05T20:54:30.068-0300] GC(1919) ParOldGen: 133735K->134215K(142848K)
[2020-08-05T20:54:30.068-0300] GC(1919) Metaspace: 118894K->118894K(1163264K)
[2020-08-05T20:54:30.068-0300] GC(1919) Pause Young (Allocation Failure) 148M->131M(159M) 3.612ms
[2020-08-05T20:54:30.068-0300] GC(1919) User=0.00s Sys=0.00s Real=0.00s
[2020-08-05T20:54:42.496-0300] GC(1920) Pause Young (Allocation Failure)
[2020-08-05T20:54:42.498-0300] GC(1920) PSYoungGen: 18304K->336K(19968K)
[2020-08-05T20:54:42.498-0300] GC(1920) ParOldGen: 134215K->134415K(142848K)
[2020-08-05T20:54:42.498-0300] GC(1920) Metaspace: 118894K->118894K(1163264K)
[2020-08-05T20:54:42.498-0300] GC(1920) Pause Young (Allocation Failure) 148M->131M(159M) 2.601ms
[2020-08-05T20:54:42.498-0300] GC(1920) User=0.01s Sys=0.00s Real=0.00s
[2020-08-05T20:54:54.846-0300] GC(1921) Pause Young (Allocation Failure)
[2020-08-05T20:54:54.849-0300] GC(1921) PSYoungGen: 18256K->368K(19968K)
[2020-08-05T20:54:54.849-0300] GC(1921) ParOldGen: 134415K->134676K(142848K)
[2020-08-05T20:54:54.849-0300] GC(1921) Metaspace: 118894K->118894K(1163264K)
[2020-08-05T20:54:54.849-0300] GC(1921) Pause Young (Allocation Failure) 149M->131M(159M) 2.851ms
[2020-08-05T20:54:54.849-0300] GC(1921) User=0.01s Sys=0.00s Real=0.00s
[2020-08-05T20:55:05.853-0300] GC(1922) Pause Young (Allocation Failure)
[2020-08-05T20:55:05.858-0300] GC(1922) PSYoungGen: 18279K->432K(18944K)
[2020-08-05T20:55:05.858-0300] GC(1922) ParOldGen: 134676K->134945K(142848K)
[2020-08-05T20:55:05.858-0300] GC(1922) Metaspace: 118894K->118894K(1163264K)
[2020-08-05T20:55:05.858-0300] GC(1922) Pause Young (Allocation Failure) 149M->132M(158M) 4.864ms
[2020-08-05T20:55:05.858-0300] GC(1922) User=0.00s Sys=0.00s Real=0.01s
[2020-08-05T20:55:17.368-0300] GC(1923) Pause Young (Allocation Failure)
[2020-08-05T20:55:17.371-0300] GC(1923) PSYoungGen: 18352K->368K(19456K)
[2020-08-05T20:55:17.371-0300] GC(1923) ParOldGen: 134945K->135321K(142848K)
[2020-08-05T20:55:17.371-0300] GC(1923) Metaspace: 118894K->118894K(1163264K)
[2020-08-05T20:55:17.371-0300] GC(1923) Pause Young (Allocation Failure) 149M->132M(158M) 3.293ms
[2020-08-05T20:55:17.371-0300] GC(1923) User=0.01s Sys=0.00s Real=0.00s
[2020-08-05T20:55:27.921-0300] GC(1924) Pause Young (Allocation Failure)
[2020-08-05T20:55:27.924-0300] GC(1924) PSYoungGen: 18288K->400K(19456K)
[2020-08-05T20:55:27.924-0300] GC(1924) ParOldGen: 135321K->135594K(142848K)
[2020-08-05T20:55:27.924-0300] GC(1924) Metaspace: 118894K->118894K(1163264K)
[2020-08-05T20:55:27.924-0300] GC(1924) Pause Young (Allocation Failure) 150M->132M(158M) 2.993ms
[2020-08-05T20:55:27.924-0300] GC(1924) User=0.01s Sys=0.00s Real=0.01s
[2020-08-05T20:55:38.586-0300] GC(1925) Pause Young (Allocation Failure)
[2020-08-05T20:55:38.589-0300] GC(1925) PSYoungGen: 18320K->416K(19456K)
[2020-08-05T20:55:38.589-0300] GC(1925) ParOldGen: 135594K->135895K(142848K)
[2020-08-05T20:55:38.589-0300] GC(1925) Metaspace: 118894K->118894K(1163264K)
[2020-08-05T20:55:38.589-0300] GC(1925) Pause Young (Allocation Failure) 150M->133M(158M) 3.044ms
[2020-08-05T20:55:38.589-0300] GC(1925) User=0.00s Sys=0.00s Real=0.00s
[2020-08-05T20:55:49.845-0300] GC(1926) Pause Young (Allocation Failure)
[2020-08-05T20:55:49.848-0300] GC(1926) PSYoungGen: 18336K->737K(19456K)
[2020-08-05T20:55:49.848-0300] GC(1926) ParOldGen: 135895K->135895K(142848K)
[2020-08-05T20:55:49.848-0300] GC(1926) Metaspace: 118894K->118894K(1163264K)
[2020-08-05T20:55:49.848-0300] GC(1926) Pause Young (Allocation Failure) 150M->133M(158M) 2.730ms
[2020-08-05T20:55:49.848-0300] GC(1926) User=0.01s Sys=0.00s Real=0.00s
[2020-08-05T20:56:00.064-0300] GC(1927) Pause Young (Allocation Failure)
[2020-08-05T20:56:00.066-0300] GC(1927) PSYoungGen: 18657K->1089K(19456K)
[2020-08-05T20:56:00.066-0300] GC(1927) ParOldGen: 135895K->135895K(142848K)
[2020-08-05T20:56:00.066-0300] GC(1927) Metaspace: 118894K->118894K(1163264K)
[2020-08-05T20:56:00.066-0300] GC(1927) Pause Young (Allocation Failure) 150M->133M(158M) 2.874ms
[2020-08-05T20:56:00.066-0300] GC(1927) User=0.00s Sys=0.00s Real=0.01s
[2020-08-05T20:56:10.731-0300] GC(1928) Pause Young (Allocation Failure)
[2020-08-05T20:56:10.734-0300] GC(1928) PSYoungGen: 19009K->1218K(18944K)
[2020-08-05T20:56:10.734-0300] GC(1928) ParOldGen: 135895K->135895K(142848K)
[2020-08-05T20:56:10.734-0300] GC(1928) Metaspace: 118894K->118894K(1163264K)
[2020-08-05T20:56:10.734-0300] GC(1928) Pause Young (Allocation Failure) 151M->133M(158M) 3.032ms
[2020-08-05T20:56:10.734-0300] GC(1928) User=0.01s Sys=0.00s Real=0.01s
[2020-08-05T20:56:11.934-0300] GC(1929) Pause Young (Allocation Failure)
[2020-08-05T20:56:11.936-0300] GC(1929) PSYoungGen: 18626K->1490K(19456K)
[2020-08-05T20:56:11.936-0300] GC(1929) ParOldGen: 135895K->135895K(142848K)
[2020-08-05T20:56:11.936-0300] GC(1929) Metaspace: 118894K->118894K(1163264K)
[2020-08-05T20:56:11.936-0300] GC(1929) Pause Young (Allocation Failure) 150M->134M(158M) 2.696ms
[2020-08-05T20:56:11.937-0300] GC(1929) User=0.01s Sys=0.01s Real=0.01s
[2020-08-05T20:56:19.559-0300] GC(1930) Pause Young (Allocation Failure)
[2020-08-05T20:56:19.562-0300] GC(1930) PSYoungGen: 18898K->832K(19456K)
[2020-08-05T20:56:19.563-0300] GC(1930) ParOldGen: 135895K->136521K(142848K)
[2020-08-05T20:56:19.563-0300] GC(1930) Metaspace: 118924K->118924K(1163264K)
[2020-08-05T20:56:19.563-0300] GC(1930) Pause Young (Allocation Failure) 151M->134M(158M) 3.333ms
[2020-08-05T20:56:19.563-0300] GC(1930) User=0.01s Sys=0.00s Real=0.00s
[2020-08-05T20:56:39.061-0300] GC(1931) Pause Young (Allocation Failure)
[2020-08-05T20:56:39.064-0300] GC(1931) PSYoungGen: 18240K->480K(19456K)
[2020-08-05T20:56:39.064-0300] GC(1931) ParOldGen: 136521K->136922K(142848K)
[2020-08-05T20:56:39.064-0300] GC(1931) Metaspace: 118924K->118924K(1163264K)
[2020-08-05T20:56:39.064-0300] GC(1931) Pause Young (Allocation Failure) 151M->134M(158M) 3.166ms
[2020-08-05T20:56:39.064-0300] GC(1931) User=0.00s Sys=0.00s Real=0.01s
[2020-08-05T20:56:58.584-0300] GC(1932) Pause Young (Allocation Failure)
[2020-08-05T20:56:58.588-0300] GC(1932) PSYoungGen: 17888K->160K(19456K)
[2020-08-05T20:56:58.588-0300] GC(1932) ParOldGen: 136922K->137226K(142848K)
[2020-08-05T20:56:58.588-0300] GC(1932) Metaspace: 118924K->118924K(1163264K)
[2020-08-05T20:56:58.588-0300] GC(1932) Pause Young (Allocation Failure) 151M->134M(158M) 3.374ms
[2020-08-05T20:56:58.588-0300] GC(1932) User=0.01s Sys=0.00s Real=0.00s
[2020-08-05T20:57:12.822-0300] GC(1933) Pause Young (Allocation Failure)
[2020-08-05T20:57:12.824-0300] GC(1933) PSYoungGen: 17567K->240K(19456K)
[2020-08-05T20:57:12.824-0300] GC(1933) ParOldGen: 137226K->137266K(142848K)
[2020-08-05T20:57:12.824-0300] GC(1933) Metaspace: 118924K->118924K(1163264K)
[2020-08-05T20:57:12.824-0300] GC(1933) Pause Young (Allocation Failure) 151M->134M(158M) 2.810ms
[2020-08-05T20:57:12.824-0300] GC(1933) User=0.01s Sys=0.00s Real=0.01s
[2020-08-05T20:57:25.061-0300] GC(1934) Pause Young (Allocation Failure)
[2020-08-05T20:57:25.064-0300] GC(1934) PSYoungGen: 17648K->512K(19456K)
[2020-08-05T20:57:25.064-0300] GC(1934) ParOldGen: 137266K->137266K(142848K)
[2020-08-05T20:57:25.064-0300] GC(1934) Metaspace: 118924K->118924K(1163264K)
[2020-08-05T20:57:25.064-0300] GC(1934) Pause Young (Allocation Failure) 151M->134M(158M) 3.418ms
[2020-08-05T20:57:25.064-0300] GC(1934) User=0.01s Sys=0.00s Real=0.01s
[2020-08-05T20:57:44.852-0300] GC(1935) Pause Young (Allocation Failure)
[2020-08-05T20:57:44.855-0300] GC(1935) PSYoungGen: 17920K->342K(17920K)
[2020-08-05T20:57:44.855-0300] GC(1935) ParOldGen: 137266K->137266K(142848K)
[2020-08-05T20:57:44.855-0300] GC(1935) Metaspace: 118924K->118924K(1163264K)
[2020-08-05T20:57:44.855-0300] GC(1935) Pause Young (Allocation Failure) 151M->134M(157M) 2.919ms
[2020-08-05T20:57:44.855-0300] GC(1935) User=0.00s Sys=0.00s Real=0.01s
[2020-08-05T20:58:04.848-0300] GC(1936) Pause Young (Allocation Failure)
[2020-08-05T20:58:04.851-0300] GC(1936) PSYoungGen: 17750K->288K(18944K)
[2020-08-05T20:58:04.851-0300] GC(1936) ParOldGen: 137266K->137266K(142848K)
[2020-08-05T20:58:04.851-0300] GC(1936) Metaspace: 118924K->118924K(1163264K)
[2020-08-05T20:58:04.851-0300] GC(1936) Pause Young (Allocation Failure) 151M->134M(158M) 2.460ms
[2020-08-05T20:58:04.851-0300] GC(1936) User=0.00s Sys=0.00s Real=0.00s
[2020-08-05T20:58:15.331-0300] GC(1937) Pause Young (Allocation Failure)
[2020-08-05T20:58:15.335-0300] GC(1937) PSYoungGen: 17696K->368K(18944K)
[2020-08-05T20:58:15.335-0300] GC(1937) ParOldGen: 137266K->137266K(142848K)
[2020-08-05T20:58:15.335-0300] GC(1937) Metaspace: 118924K->118924K(1163264K)
[2020-08-05T20:58:15.335-0300] GC(1937) Pause Young (Allocation Failure) 151M->134M(158M) 4.705ms
[2020-08-05T20:58:15.336-0300] GC(1937) User=0.01s Sys=0.00s Real=0.01s
[2020-08-05T20:58:34.846-0300] GC(1938) Pause Young (Allocation Failure)
[2020-08-05T20:58:34.849-0300] GC(1938) PSYoungGen: 17776K->864K(18944K)
[2020-08-05T20:58:34.849-0300] GC(1938) ParOldGen: 137266K->137266K(142848K)
[2020-08-05T20:58:34.849-0300] GC(1938) Metaspace: 118924K->118924K(1163264K)
[2020-08-05T20:58:34.849-0300] GC(1938) Pause Young (Allocation Failure) 151M->134M(158M) 2.684ms
[2020-08-05T20:58:34.849-0300] GC(1938) User=0.01s Sys=0.00s Real=0.00s
[2020-08-05T20:58:54.655-0300] GC(1939) Pause Young (Allocation Failure)
[2020-08-05T20:58:54.658-0300] GC(1939) PSYoungGen: 18272K->1280K(18944K)
[2020-08-05T20:58:54.658-0300] GC(1939) ParOldGen: 137266K->137266K(142848K)
[2020-08-05T20:58:54.658-0300] GC(1939) Metaspace: 118924K->118924K(1163264K)
[2020-08-05T20:58:54.658-0300] GC(1939) Pause Young (Allocation Failure) 151M->135M(158M) 3.015ms
[2020-08-05T20:58:54.658-0300] GC(1939) User=0.01s Sys=0.00s Real=0.00s
[2020-08-05T20:59:13.584-0300] GC(1940) Pause Young (Allocation Failure)
[2020-08-05T20:59:13.587-0300] GC(1940) PSYoungGen: 18688K->1728K(19456K)
[2020-08-05T20:59:13.587-0300] GC(1940) ParOldGen: 137266K->137266K(142848K)
[2020-08-05T20:59:13.587-0300] GC(1940) Metaspace: 118924K->118924K(1163264K)
[2020-08-05T20:59:13.587-0300] GC(1940) Pause Young (Allocation Failure) 152M->135M(158M) 2.900ms
[2020-08-05T20:59:13.587-0300] GC(1940) User=0.01s Sys=0.00s Real=0.00s
[2020-08-05T20:59:24.249-0300] GC(1941) Pause Young (Allocation Failure)
[2020-08-05T20:59:24.253-0300] GC(1941) PSYoungGen: 19136K->1872K(19456K)
[2020-08-05T20:59:24.253-0300] GC(1941) ParOldGen: 137266K->137266K(142848K)
[2020-08-05T20:59:24.253-0300] GC(1941) Metaspace: 118924K->118924K(1163264K)
[2020-08-05T20:59:24.253-0300] GC(1941) Pause Young (Allocation Failure) 152M->135M(158M) 3.803ms
[2020-08-05T20:59:24.253-0300] GC(1941) User=0.01s Sys=0.00s Real=0.00s
[2020-08-05T20:59:34.806-0300] GC(1942) Pause Young (Allocation Failure)
[2020-08-05T20:59:34.809-0300] GC(1942) PSYoungGen: 19280K->2161K(19456K)
[2020-08-05T20:59:34.809-0300] GC(1942) ParOldGen: 137266K->137266K(142848K)
[2020-08-05T20:59:34.809-0300] GC(1942) Metaspace: 118924K->118924K(1163264K)
[2020-08-05T20:59:34.809-0300] GC(1942) Pause Young (Allocation Failure) 152M->136M(158M) 3.438ms
[2020-08-05T20:59:34.809-0300] GC(1942) User=0.01s Sys=0.00s Real=0.00s
[2020-08-05T20:59:45.349-0300] GC(1943) Pause Young (Allocation Failure)
[2020-08-05T20:59:45.352-0300] GC(1943) PSYoungGen: 19057K->2337K(19968K)
[2020-08-05T20:59:45.352-0300] GC(1943) ParOldGen: 137266K->137266K(142848K)
[2020-08-05T20:59:45.352-0300] GC(1943) Metaspace: 118924K->118924K(1163264K)
[2020-08-05T20:59:45.352-0300] GC(1943) Pause Young (Allocation Failure) 152M->136M(159M) 3.066ms
[2020-08-05T20:59:45.352-0300] GC(1943) User=0.01s Sys=0.00s Real=0.00s
[2020-08-05T20:59:56.100-0300] GC(1944) Pause Young (Allocation Failure)
[2020-08-05T20:59:56.105-0300] GC(1944) PSYoungGen: 19233K->2610K(19456K)
[2020-08-05T20:59:56.105-0300] GC(1944) ParOldGen: 137266K->137266K(142848K)
[2020-08-05T20:59:56.105-0300] GC(1944) Metaspace: 118924K->118924K(1163264K)
[2020-08-05T20:59:56.105-0300] GC(1944) Pause Young (Allocation Failure) 152M->136M(158M) 4.696ms
[2020-08-05T20:59:56.105-0300] GC(1944) User=0.00s Sys=0.00s Real=0.01s
[2020-08-05T21:00:06.676-0300] GC(1945) Pause Young (Allocation Failure)
[2020-08-05T21:00:06.680-0300] GC(1945) PSYoungGen: 18994K->3042K(19968K)
[2020-08-05T21:00:06.680-0300] GC(1945) ParOldGen: 137266K->137266K(142848K)
[2020-08-05T21:00:06.680-0300] GC(1945) Metaspace: 118924K->118924K(1163264K)
[2020-08-05T21:00:06.680-0300] GC(1945) Pause Young (Allocation Failure) 152M->137M(159M) 3.701ms
[2020-08-05T21:00:06.680-0300] GC(1945) User=0.01s Sys=0.00s Real=0.00s
[2020-08-05T21:00:16.843-0300] GC(1946) Pause Young (Allocation Failure)
[2020-08-05T21:00:16.847-0300] GC(1946) PSYoungGen: 19426K->3187K(19968K)
[2020-08-05T21:00:16.847-0300] GC(1946) ParOldGen: 137266K->137266K(142848K)
[2020-08-05T21:00:16.847-0300] GC(1946) Metaspace: 118924K->118924K(1163264K)
[2020-08-05T21:00:16.847-0300] GC(1946) Pause Young (Allocation Failure) 153M->137M(159M) 4.005ms
[2020-08-05T21:00:16.847-0300] GC(1946) User=0.01s Sys=0.00s Real=0.01s
[2020-08-05T21:00:25.066-0300] GC(1947) Pause Young (Allocation Failure)
[2020-08-05T21:00:25.071-0300] GC(1947) PSYoungGen: 19059K->3556K(20480K)
[2020-08-05T21:00:25.071-0300] GC(1947) ParOldGen: 137266K->137306K(142848K)
[2020-08-05T21:00:25.071-0300] GC(1947) Metaspace: 118924K->118924K(1163264K)
[2020-08-05T21:00:25.071-0300] GC(1947) Pause Young (Allocation Failure) 152M->137M(159M) 4.677ms
[2020-08-05T21:00:25.071-0300] GC(1947) User=0.01s Sys=0.00s Real=0.00s
[2020-08-05T21:00:34.849-0300] GC(1948) Pause Young (Allocation Failure)
[2020-08-05T21:00:34.853-0300] GC(1948) PSYoungGen: 19428K->3748K(19968K)
[2020-08-05T21:00:34.853-0300] GC(1948) ParOldGen: 137306K->137346K(142848K)
[2020-08-05T21:00:34.853-0300] GC(1948) Metaspace: 118924K->118924K(1163264K)
[2020-08-05T21:00:34.853-0300] GC(1948) Pause Young (Allocation Failure) 153M->137M(159M) 3.941ms
[2020-08-05T21:00:34.853-0300] GC(1948) User=0.01s Sys=0.00s Real=0.00s
[2020-08-05T21:00:44.845-0300] GC(1949) Pause Young (Allocation Failure)
[2020-08-05T21:00:44.848-0300] GC(1949) PSYoungGen: 19108K->3941K(20480K)
[2020-08-05T21:00:44.848-0300] GC(1949) ParOldGen: 137346K->137394K(142848K)
[2020-08-05T21:00:44.848-0300] GC(1949) Metaspace: 118924K->118924K(1163264K)
[2020-08-05T21:00:44.848-0300] GC(1949) Pause Young (Allocation Failure) 152M->138M(159M) 3.134ms
[2020-08-05T21:00:44.848-0300] GC(1949) User=0.01s Sys=0.01s Real=0.00s
[2020-08-05T21:00:49.846-0300] GC(1950) Pause Young (Allocation Failure)
[2020-08-05T21:00:49.850-0300] GC(1950) PSYoungGen: 19301K->4182K(20480K)
[2020-08-05T21:00:49.850-0300] GC(1950) ParOldGen: 137394K->137434K(142848K)
[2020-08-05T21:00:49.850-0300] GC(1950) Metaspace: 118924K->118924K(1163264K)
[2020-08-05T21:00:49.850-0300] GC(1950) Pause Young (Allocation Failure) 153M->138M(159M) 3.459ms
[2020-08-05T21:00:49.850-0300] GC(1950) User=0.00s Sys=0.00s Real=0.00s
[2020-08-05T21:00:50.700-0300] GC(1951) Pause Young (Allocation Failure)
[2020-08-05T21:00:50.703-0300] GC(1951) PSYoungGen: 19030K->4293K(20992K)
[2020-08-05T21:00:50.703-0300] GC(1951) ParOldGen: 137434K->137466K(142848K)
[2020-08-05T21:00:50.703-0300] GC(1951) Metaspace: 118924K->118924K(1163264K)
[2020-08-05T21:00:50.703-0300] GC(1951) Pause Young (Allocation Failure) 152M->138M(160M) 3.654ms
[2020-08-05T21:00:50.703-0300] GC(1951) User=0.01s Sys=0.00s Real=0.00s
[2020-08-05T21:00:57.979-0300] GC(1952) Pause Young (Allocation Failure)
[2020-08-05T21:00:57.983-0300] GC(1952) PSYoungGen: 19141K->3717K(21504K)
[2020-08-05T21:00:57.983-0300] GC(1952) ParOldGen: 137466K->138082K(142848K)
[2020-08-05T21:00:57.983-0300] GC(1952) Metaspace: 118927K->118927K(1163264K)
[2020-08-05T21:00:57.983-0300] GC(1952) Pause Young (Allocation Failure) 152M->138M(160M) 3.633ms
[2020-08-05T21:00:57.983-0300] GC(1952) User=0.01s Sys=0.00s Real=0.00s
[2020-08-05T21:01:14.845-0300] GC(1953) Pause Young (Allocation Failure)
[2020-08-05T21:01:14.849-0300] GC(1953) PSYoungGen: 18565K->2949K(17920K)
[2020-08-05T21:01:14.849-0300] GC(1953) ParOldGen: 138082K->139002K(142848K)
[2020-08-05T21:01:14.849-0300] GC(1953) Metaspace: 118927K->118927K(1163264K)
[2020-08-05T21:01:14.849-0300] GC(1953) Pause Young (Allocation Failure) 152M->138M(157M) 4.027ms
[2020-08-05T21:01:14.849-0300] GC(1953) User=0.01s Sys=0.00s Real=0.00s
[2020-08-05T21:01:29.848-0300] GC(1954) Pause Young (Allocation Failure)
[2020-08-05T21:01:29.852-0300] GC(1954) PSYoungGen: 17797K->2596K(20992K)
[2020-08-05T21:01:29.852-0300] GC(1954) ParOldGen: 139002K->139395K(142848K)
[2020-08-05T21:01:29.852-0300] GC(1954) Metaspace: 118927K->118927K(1163264K)
[2020-08-05T21:01:29.852-0300] GC(1954) Pause Young (Allocation Failure) 153M->138M(160M) 3.885ms
[2020-08-05T21:01:29.852-0300] GC(1954) User=0.01s Sys=0.00s Real=0.00s
[2020-08-05T21:01:46.772-0300] GC(1955) Pause Young (Allocation Failure)
[2020-08-05T21:01:46.775-0300] GC(1955) PSYoungGen: 17444K->2114K(17408K)
[2020-08-05T21:01:46.775-0300] GC(1955) ParOldGen: 139395K->139869K(142848K)
[2020-08-05T21:01:46.775-0300] GC(1955) Metaspace: 118927K->118927K(1163264K)
[2020-08-05T21:01:46.775-0300] GC(1955) Pause Young (Allocation Failure) 153M->138M(156M) 3.090ms
[2020-08-05T21:01:46.775-0300] GC(1955) User=0.00s Sys=0.00s Real=0.01s
[2020-08-05T21:01:56.530-0300] GC(1956) Pause Young (Allocation Failure)
[2020-08-05T21:01:56.534-0300] GC(1956) PSYoungGen: 16962K->1570K(20480K)
[2020-08-05T21:01:56.534-0300] GC(1956) ParOldGen: 139869K->140438K(142848K)
[2020-08-05T21:01:56.534-0300] GC(1956) Metaspace: 118927K->118927K(1163264K)
[2020-08-05T21:01:56.534-0300] GC(1956) Pause Young (Allocation Failure) 153M->138M(159M) 4.008ms
[2020-08-05T21:01:56.534-0300] GC(1956) User=0.00s Sys=0.00s Real=0.01s
[2020-08-05T21:02:07.104-0300] GC(1957) Pause Young (Allocation Failure)
[2020-08-05T21:02:07.107-0300] GC(1957) PSYoungGen: 16418K->1185K(20480K)
[2020-08-05T21:02:07.107-0300] GC(1957) ParOldGen: 140438K->140976K(142848K)
[2020-08-05T21:02:07.107-0300] GC(1957) Metaspace: 118927K->118927K(1163264K)
[2020-08-05T21:02:07.107-0300] GC(1957) Pause Young (Allocation Failure) 153M->138M(159M) 3.067ms
[2020-08-05T21:02:07.107-0300] GC(1957) User=0.01s Sys=0.00s Real=0.00s
[2020-08-05T21:02:15.793-0300] GC(1958) Pause Young (Allocation Failure)
[2020-08-05T21:02:15.796-0300] GC(1958) PSYoungGen: 16033K->1073K(20480K)
[2020-08-05T21:02:15.796-0300] GC(1958) ParOldGen: 140976K->141241K(142848K)
[2020-08-05T21:02:15.796-0300] GC(1958) Metaspace: 118927K->118927K(1163264K)
[2020-08-05T21:02:15.796-0300] GC(1958) Pause Young (Allocation Failure) 153M->138M(159M) 2.908ms
[2020-08-05T21:02:15.796-0300] GC(1958) User=0.01s Sys=0.00s Real=0.01s
[2020-08-05T21:02:23.117-0300] GC(1959) Pause Young (Allocation Failure)
[2020-08-05T21:02:23.120-0300] GC(1959) PSYoungGen: 15921K->1266K(20480K)
[2020-08-05T21:02:23.120-0300] GC(1959) ParOldGen: 141241K->141345K(142848K)
[2020-08-05T21:02:23.120-0300] GC(1959) Metaspace: 118933K->118933K(1163264K)
[2020-08-05T21:02:23.120-0300] GC(1959) Pause Young (Allocation Failure) 153M->139M(159M) 3.264ms
[2020-08-05T21:02:23.120-0300] GC(1959) User=0.01s Sys=0.00s Real=0.00s
[2020-08-05T21:02:24.477-0300] GC(1960) Pause Young (Allocation Failure)
[2020-08-05T21:02:24.481-0300] GC(1960) PSYoungGen: 16114K->1202K(19456K)
[2020-08-05T21:02:24.481-0300] GC(1960) ParOldGen: 141345K->141417K(142848K)
[2020-08-05T21:02:24.481-0300] GC(1960) Metaspace: 118933K->118933K(1163264K)
[2020-08-05T21:02:24.481-0300] GC(1960) Pause Young (Allocation Failure) 153M->139M(158M) 3.461ms
[2020-08-05T21:02:24.481-0300] GC(1960) User=0.01s Sys=0.01s Real=0.00s
[2020-08-05T21:02:25.441-0300] GC(1961) Pause Young (Allocation Failure)
[2020-08-05T21:02:25.444-0300] GC(1961) PSYoungGen: 16050K->1010K(19968K)
[2020-08-05T21:02:25.444-0300] GC(1961) ParOldGen: 141417K->141769K(142848K)
[2020-08-05T21:02:25.444-0300] GC(1961) Metaspace: 118933K->118933K(1163264K)
[2020-08-05T21:02:25.444-0300] GC(1961) Pause Young (Allocation Failure) 153M->139M(159M) 2.982ms
[2020-08-05T21:02:25.444-0300] GC(1961) User=0.01s Sys=0.00s Real=0.01s
[2020-08-05T21:02:26.763-0300] GC(1962) Pause Young (Allocation Failure)
[2020-08-05T21:02:26.766-0300] GC(1962) PSYoungGen: 15857K->994K(19968K)
[2020-08-05T21:02:26.766-0300] GC(1962) ParOldGen: 141769K->141913K(142848K)
[2020-08-05T21:02:26.766-0300] GC(1962) Metaspace: 118933K->118933K(1163264K)
[2020-08-05T21:02:26.766-0300] GC(1962) Pause Young (Allocation Failure) 153M->139M(159M) 3.343ms
[2020-08-05T21:02:26.766-0300] GC(1962) User=0.01s Sys=0.00s Real=0.01s
[2020-08-05T21:02:27.857-0300] GC(1963) Pause Young (Allocation Failure)
[2020-08-05T21:02:27.861-0300] GC(1963) PSYoungGen: 15842K->849K(19968K)
[2020-08-05T21:02:27.861-0300] GC(1963) ParOldGen: 141913K->142118K(142848K)
[2020-08-05T21:02:27.861-0300] GC(1963) Metaspace: 118933K->118933K(1163264K)
[2020-08-05T21:02:27.861-0300] GC(1963) Pause Young (Allocation Failure) 154M->139M(159M) 3.661ms
[2020-08-05T21:02:27.861-0300] GC(1963) User=0.01s Sys=0.00s Real=0.00s
[2020-08-05T21:02:29.277-0300] GC(1964) Pause Young (Allocation Failure)
[2020-08-05T21:02:29.280-0300] GC(1964) PSYoungGen: 15697K->657K(18944K)
[2020-08-05T21:02:29.280-0300] GC(1964) ParOldGen: 142118K->142339K(142848K)
[2020-08-05T21:02:29.280-0300] GC(1964) Metaspace: 118933K->118933K(1163264K)
[2020-08-05T21:02:29.280-0300] GC(1964) Pause Young (Allocation Failure) 154M->139M(158M) 3.157ms
[2020-08-05T21:02:29.280-0300] GC(1964) User=0.00s Sys=0.01s Real=0.00s
[2020-08-05T21:02:29.281-0300] GC(1965) Pause Full (Ergonomics)
[2020-08-05T21:02:29.281-0300] GC(1965) Marking Phase
[2020-08-05T21:02:29.354-0300] GC(1965) Marking Phase 73.419ms
[2020-08-05T21:02:29.354-0300] GC(1965) Summary Phase
[2020-08-05T21:02:29.354-0300] GC(1965) Summary Phase 0.024ms
[2020-08-05T21:02:29.354-0300] GC(1965) Adjust Roots
[2020-08-05T21:02:29.388-0300] GC(1965) Adjust Roots 34.426ms
[2020-08-05T21:02:29.388-0300] GC(1965) Compaction Phase
[2020-08-05T21:02:29.429-0300] GC(1965) Compaction Phase 40.274ms
[2020-08-05T21:02:29.429-0300] GC(1965) Post Compact
[2020-08-05T21:02:29.430-0300] GC(1965) Post Compact 0.744ms
[2020-08-05T21:02:29.430-0300] GC(1965) PSYoungGen: 657K->0K(19456K)
[2020-08-05T21:02:29.430-0300] GC(1965) ParOldGen: 142339K->104964K(140800K)
[2020-08-05T21:02:29.430-0300] GC(1965) Metaspace: 118933K->118933K(1163264K)
[2020-08-05T21:02:29.430-0300] GC(1965) Pause Full (Ergonomics) 139M->102M(156M) 149.424ms
[2020-08-05T21:02:29.430-0300] GC(1965) User=0.41s Sys=0.00s Real=0.15s
[2020-08-05T21:02:30.399-0300] GC(1966) Pause Young (Allocation Failure)
[2020-08-05T21:02:30.402-0300] GC(1966) PSYoungGen: 14848K->288K(19456K)
[2020-08-05T21:02:30.402-0300] GC(1966) ParOldGen: 104964K->104964K(140800K)
[2020-08-05T21:02:30.402-0300] GC(1966) Metaspace: 118935K->118935K(1163264K)
[2020-08-05T21:02:30.402-0300] GC(1966) Pause Young (Allocation Failure) 117M->102M(156M) 3.463ms
[2020-08-05T21:02:30.402-0300] GC(1966) User=0.00s Sys=0.00s Real=0.00s
[2020-08-05T21:02:32.475-0300] GC(1967) Pause Young (Allocation Failure)
[2020-08-05T21:02:32.480-0300] GC(1967) PSYoungGen: 15136K->432K(19456K)
[2020-08-05T21:02:32.480-0300] GC(1967) ParOldGen: 104964K->104964K(140800K)
[2020-08-05T21:02:32.480-0300] GC(1967) Metaspace: 118935K->118935K(1163264K)
[2020-08-05T21:02:32.480-0300] GC(1967) Pause Young (Allocation Failure) 117M->102M(156M) 5.294ms
[2020-08-05T21:02:32.480-0300] GC(1967) User=0.00s Sys=0.00s Real=0.00s
[2020-08-05T21:02:49.083-0300] GC(1968) Pause Young (Allocation Failure)
[2020-08-05T21:02:49.087-0300] GC(1968) PSYoungGen: 15280K->256K(19456K)
[2020-08-05T21:02:49.087-0300] GC(1968) ParOldGen: 104964K->105044K(140800K)
[2020-08-05T21:02:49.087-0300] GC(1968) Metaspace: 118935K->118935K(1163264K)
[2020-08-05T21:02:49.087-0300] GC(1968) Pause Young (Allocation Failure) 117M->102M(156M) 3.923ms
[2020-08-05T21:02:49.087-0300] GC(1968) User=0.00s Sys=0.00s Real=0.01s
[2020-08-05T21:03:04.848-0300] GC(1969) Pause Young (Allocation Failure)
[2020-08-05T21:03:04.851-0300] GC(1969) PSYoungGen: 15104K->128K(19456K)
[2020-08-05T21:03:04.851-0300] GC(1969) ParOldGen: 105044K->105108K(140800K)
[2020-08-05T21:03:04.851-0300] GC(1969) Metaspace: 118935K->118935K(1163264K)
[2020-08-05T21:03:04.851-0300] GC(1969) Pause Young (Allocation Failure) 117M->102M(156M) 2.597ms
[2020-08-05T21:03:04.851-0300] GC(1969) User=0.00s Sys=0.00s Real=0.00s
[2020-08-05T21:03:20.083-0300] GC(1970) Pause Young (Allocation Failure)
[2020-08-05T21:03:20.086-0300] GC(1970) PSYoungGen: 14976K->384K(18432K)
[2020-08-05T21:03:20.086-0300] GC(1970) ParOldGen: 105108K->105124K(140800K)
[2020-08-05T21:03:20.086-0300] GC(1970) Metaspace: 118937K->118937K(1163264K)
[2020-08-05T21:03:20.086-0300] GC(1970) Pause Young (Allocation Failure) 117M->103M(155M) 3.157ms
[2020-08-05T21:03:20.086-0300] GC(1970) User=0.01s Sys=0.00s Real=0.01s
[2020-08-05T21:03:32.850-0300] GC(1971) Pause Young (Allocation Failure)
[2020-08-05T21:03:32.853-0300] GC(1971) PSYoungGen: 15232K->608K(18944K)
[2020-08-05T21:03:32.853-0300] GC(1971) ParOldGen: 105124K->105372K(140800K)
[2020-08-05T21:03:32.853-0300] GC(1971) Metaspace: 118937K->118937K(1163264K)
[2020-08-05T21:03:32.853-0300] GC(1971) Pause Young (Allocation Failure) 117M->103M(156M) 2.722ms
[2020-08-05T21:03:32.853-0300] GC(1971) User=0.00s Sys=0.00s Real=0.00s
[2020-08-05T21:03:41.952-0300] GC(1972) Pause Young (Allocation Failure)
[2020-08-05T21:03:41.955-0300] GC(1972) PSYoungGen: 15456K->352K(18944K)
[2020-08-05T21:03:41.955-0300] GC(1972) ParOldGen: 105372K->105837K(140800K)
[2020-08-05T21:03:41.955-0300] GC(1972) Metaspace: 118937K->118937K(1163264K)
[2020-08-05T21:03:41.955-0300] GC(1972) Pause Young (Allocation Failure) 117M->103M(156M) 2.963ms
[2020-08-05T21:03:41.955-0300] GC(1972) User=0.01s Sys=0.00s Real=0.01s
[2020-08-05T21:03:52.471-0300] GC(1973) Pause Young (Allocation Failure)
[2020-08-05T21:03:52.473-0300] GC(1973) PSYoungGen: 15200K->496K(15360K)
[2020-08-05T21:03:52.473-0300] GC(1973) ParOldGen: 105837K->106118K(140800K)
[2020-08-05T21:03:52.473-0300] GC(1973) Metaspace: 118937K->118937K(1163264K)
[2020-08-05T21:03:52.473-0300] GC(1973) Pause Young (Allocation Failure) 118M->104M(152M) 2.709ms
[2020-08-05T21:03:52.473-0300] GC(1973) User=0.00s Sys=0.00s Real=0.00s
[2020-08-05T21:04:01.081-0300] GC(1974) Pause Young (Allocation Failure)
[2020-08-05T21:04:01.085-0300] GC(1974) PSYoungGen: 15344K->544K(18432K)
[2020-08-05T21:04:01.085-0300] GC(1974) ParOldGen: 106118K->106474K(140800K)
[2020-08-05T21:04:01.085-0300] GC(1974) Metaspace: 118937K->118937K(1163264K)
[2020-08-05T21:04:01.086-0300] GC(1974) Pause Young (Allocation Failure) 118M->104M(155M) 4.036ms
[2020-08-05T21:04:01.086-0300] GC(1974) User=0.01s Sys=0.00s Real=0.01s
[2020-08-05T21:04:04.104-0300] GC(1975) Pause Young (Allocation Failure)
[2020-08-05T21:04:04.108-0300] GC(1975) PSYoungGen: 15392K->304K(18432K)
[2020-08-05T21:04:04.108-0300] GC(1975) ParOldGen: 106474K->106827K(140800K)
[2020-08-05T21:04:04.108-0300] GC(1975) Metaspace: 118937K->118937K(1163264K)
[2020-08-05T21:04:04.108-0300] GC(1975) Pause Young (Allocation Failure) 119M->104M(155M) 3.982ms
[2020-08-05T21:04:04.108-0300] GC(1975) User=0.00s Sys=0.00s Real=0.00s
[2020-08-05T21:04:05.128-0300] GC(1976) Pause Young (Allocation Failure)
[2020-08-05T21:04:05.131-0300] GC(1976) PSYoungGen: 15152K->352K(17408K)
[2020-08-05T21:04:05.131-0300] GC(1976) ParOldGen: 106827K->107044K(140800K)
[2020-08-05T21:04:05.131-0300] GC(1976) Metaspace: 118937K->118937K(1163264K)
[2020-08-05T21:04:05.131-0300] GC(1976) Pause Young (Allocation Failure) 119M->104M(154M) 3.513ms
[2020-08-05T21:04:05.131-0300] GC(1976) User=0.01s Sys=0.00s Real=0.00s
[2020-08-05T21:04:06.498-0300] GC(1977) Pause Young (Allocation Failure)
[2020-08-05T21:04:06.500-0300] GC(1977) PSYoungGen: 15200K->320K(17920K)
[2020-08-05T21:04:06.500-0300] GC(1977) ParOldGen: 107044K->107228K(140800K)
[2020-08-05T21:04:06.500-0300] GC(1977) Metaspace: 118937K->118937K(1163264K)
[2020-08-05T21:04:06.500-0300] GC(1977) Pause Young (Allocation Failure) 119M->105M(155M) 2.477ms
[2020-08-05T21:04:06.500-0300] GC(1977) User=0.01s Sys=0.00s Real=0.00s
[2020-08-05T21:04:07.767-0300] GC(1978) Pause Young (Allocation Failure)
[2020-08-05T21:04:07.770-0300] GC(1978) PSYoungGen: 15167K->288K(17920K)
[2020-08-05T21:04:07.770-0300] GC(1978) ParOldGen: 107228K->107449K(140800K)
[2020-08-05T21:04:07.770-0300] GC(1978) Metaspace: 118937K->118937K(1163264K)
[2020-08-05T21:04:07.770-0300] GC(1978) Pause Young (Allocation Failure) 119M->105M(155M) 2.314ms
[2020-08-05T21:04:07.770-0300] GC(1978) User=0.00s Sys=0.00s Real=0.00s
[2020-08-05T21:04:08.907-0300] GC(1979) Pause Young (Allocation Failure)
[2020-08-05T21:04:08.909-0300] GC(1979) PSYoungGen: 15136K->320K(17920K)
[2020-08-05T21:04:08.909-0300] GC(1979) ParOldGen: 107449K->107626K(140800K)
[2020-08-05T21:04:08.909-0300] GC(1979) Metaspace: 118937K->118937K(1163264K)
[2020-08-05T21:04:08.909-0300] GC(1979) Pause Young (Allocation Failure) 119M->105M(155M) 2.336ms
[2020-08-05T21:04:08.909-0300] GC(1979) User=0.00s Sys=0.00s Real=0.00s
[2020-08-05T21:04:09.921-0300] GC(1980) Pause Young (Allocation Failure)
[2020-08-05T21:04:09.923-0300] GC(1980) PSYoungGen: 15167K->288K(16896K)
[2020-08-05T21:04:09.923-0300] GC(1980) ParOldGen: 107626K->107827K(140800K)
[2020-08-05T21:04:09.923-0300] GC(1980) Metaspace: 118937K->118937K(1163264K)
[2020-08-05T21:04:09.923-0300] GC(1980) Pause Young (Allocation Failure) 119M->105M(154M) 2.651ms
[2020-08-05T21:04:09.923-0300] GC(1980) User=0.00s Sys=0.00s Real=0.00s
[2020-08-05T21:04:11.008-0300] GC(1981) Pause Young (Allocation Failure)
[2020-08-05T21:04:11.011-0300] GC(1981) PSYoungGen: 15136K->352K(17408K)
[2020-08-05T21:04:11.011-0300] GC(1981) ParOldGen: 107827K->108016K(140800K)
[2020-08-05T21:04:11.011-0300] GC(1981) Metaspace: 118937K->118937K(1163264K)
[2020-08-05T21:04:11.011-0300] GC(1981) Pause Young (Allocation Failure) 120M->105M(154M) 2.646ms
[2020-08-05T21:04:11.011-0300] GC(1981) User=0.01s Sys=0.00s Real=0.00s
[2020-08-05T21:04:24.845-0300] GC(1982) Pause Young (Allocation Failure)
[2020-08-05T21:04:24.848-0300] GC(1982) PSYoungGen: 15200K->160K(17408K)
[2020-08-05T21:04:24.848-0300] GC(1982) ParOldGen: 108016K->108148K(140800K)
[2020-08-05T21:04:24.848-0300] GC(1982) Metaspace: 118937K->118937K(1163264K)
[2020-08-05T21:04:24.848-0300] GC(1982) Pause Young (Allocation Failure) 120M->105M(154M) 3.434ms
[2020-08-05T21:04:24.848-0300] GC(1982) User=0.00s Sys=0.00s Real=0.00s
[2020-08-05T21:04:39.849-0300] GC(1983) Pause Young (Allocation Failure)
[2020-08-05T21:04:39.852-0300] GC(1983) PSYoungGen: 15008K->368K(17408K)
[2020-08-05T21:04:39.852-0300] GC(1983) ParOldGen: 108148K->108272K(140800K)
[2020-08-05T21:04:39.852-0300] GC(1983) Metaspace: 118937K->118937K(1163264K)
[2020-08-05T21:04:39.852-0300] GC(1983) Pause Young (Allocation Failure) 120M->106M(154M) 2.691ms
[2020-08-05T21:04:39.852-0300] GC(1983) User=0.00s Sys=0.00s Real=0.00s
[2020-08-05T21:04:56.079-0300] GC(1984) Pause Young (Allocation Failure)
[2020-08-05T21:04:56.081-0300] GC(1984) PSYoungGen: 15216K->416K(16384K)
[2020-08-05T21:04:56.081-0300] GC(1984) ParOldGen: 108272K->108504K(140800K)
[2020-08-05T21:04:56.081-0300] GC(1984) Metaspace: 118937K->118937K(1163264K)
[2020-08-05T21:04:56.081-0300] GC(1984) Pause Young (Allocation Failure) 120M->106M(153M) 2.342ms
[2020-08-05T21:04:56.081-0300] GC(1984) User=0.00s Sys=0.00s Real=0.00s
[2020-08-05T21:05:11.148-0300] GC(1985) Pause Young (Allocation Failure)
[2020-08-05T21:05:11.151-0300] GC(1985) PSYoungGen: 15264K->448K(16896K)
[2020-08-05T21:05:11.151-0300] GC(1985) ParOldGen: 108504K->108744K(140800K)
[2020-08-05T21:05:11.151-0300] GC(1985) Metaspace: 118938K->118938K(1163264K)
[2020-08-05T21:05:11.151-0300] GC(1985) Pause Young (Allocation Failure) 120M->106M(154M) 2.727ms
[2020-08-05T21:05:11.151-0300] GC(1985) User=0.00s Sys=0.00s Real=0.00s
[2020-08-05T21:05:19.849-0300] GC(1986) Pause Young (Allocation Failure)
[2020-08-05T21:05:19.851-0300] GC(1986) PSYoungGen: 15296K->384K(16896K)
[2020-08-05T21:05:19.851-0300] GC(1986) ParOldGen: 108744K->109073K(140800K)
[2020-08-05T21:05:19.851-0300] GC(1986) Metaspace: 118938K->118938K(1163264K)
[2020-08-05T21:05:19.851-0300] GC(1986) Pause Young (Allocation Failure) 121M->106M(154M) 2.696ms
[2020-08-05T21:05:19.851-0300] GC(1986) User=0.01s Sys=0.00s Real=0.00s
[2020-08-05T21:05:29.080-0300] GC(1987) Pause Young (Allocation Failure)
[2020-08-05T21:05:29.083-0300] GC(1987) PSYoungGen: 15232K->416K(16896K)
[2020-08-05T21:05:29.083-0300] GC(1987) ParOldGen: 109073K->109305K(140800K)
[2020-08-05T21:05:29.083-0300] GC(1987) Metaspace: 118938K->118938K(1163264K)
[2020-08-05T21:05:29.083-0300] GC(1987) Pause Young (Allocation Failure) 121M->107M(154M) 2.531ms
[2020-08-05T21:05:29.083-0300] GC(1987) User=0.00s Sys=0.00s Real=0.00s
[2020-08-05T21:05:37.711-0300] GC(1988) Pause Young (Allocation Failure)
[2020-08-05T21:05:37.714-0300] GC(1988) PSYoungGen: 15264K->336K(15872K)
[2020-08-05T21:05:37.714-0300] GC(1988) ParOldGen: 109305K->109546K(140800K)
[2020-08-05T21:05:37.714-0300] GC(1988) Metaspace: 118938K->118938K(1163264K)
[2020-08-05T21:05:37.714-0300] GC(1988) Pause Young (Allocation Failure) 121M->107M(153M) 3.855ms
[2020-08-05T21:05:37.714-0300] GC(1988) User=0.00s Sys=0.00s Real=0.01s
[2020-08-05T21:05:43.642-0300] GC(1989) Pause Young (Allocation Failure)
[2020-08-05T21:05:43.645-0300] GC(1989) PSYoungGen: 15177K->416K(16384K)
[2020-08-05T21:05:43.645-0300] GC(1989) ParOldGen: 109546K->109795K(140800K)
[2020-08-05T21:05:43.645-0300] GC(1989) Metaspace: 118938K->118938K(1163264K)
[2020-08-05T21:05:43.645-0300] GC(1989) Pause Young (Allocation Failure) 121M->107M(153M) 3.179ms
[2020-08-05T21:05:43.645-0300] GC(1989) User=0.00s Sys=0.00s Real=0.01s
[2020-08-05T21:05:44.947-0300] GC(1990) Pause Young (Allocation Failure)
[2020-08-05T21:05:44.950-0300] GC(1990) PSYoungGen: 15264K->384K(16384K)
[2020-08-05T21:05:44.950-0300] GC(1990) ParOldGen: 109795K->110011K(140800K)
[2020-08-05T21:05:44.950-0300] GC(1990) Metaspace: 118938K->118938K(1163264K)
[2020-08-05T21:05:44.950-0300] GC(1990) Pause Young (Allocation Failure) 122M->107M(153M) 3.200ms
[2020-08-05T21:05:44.950-0300] GC(1990) User=0.00s Sys=0.00s Real=0.00s
[2020-08-05T21:05:45.953-0300] GC(1991) Pause Young (Allocation Failure)
[2020-08-05T21:05:45.956-0300] GC(1991) PSYoungGen: 15232K->272K(16384K)
[2020-08-05T21:05:45.956-0300] GC(1991) ParOldGen: 110011K->110224K(140800K)
[2020-08-05T21:05:45.956-0300] GC(1991) Metaspace: 118938K->118938K(1163264K)
[2020-08-05T21:05:45.956-0300] GC(1991) Pause Young (Allocation Failure) 122M->107M(153M) 3.220ms
[2020-08-05T21:05:45.956-0300] GC(1991) User=0.01s Sys=0.00s Real=0.01s
[2020-08-05T21:05:47.323-0300] GC(1992) Pause Young (Allocation Failure)
[2020-08-05T21:05:47.326-0300] GC(1992) PSYoungGen: 15120K->352K(16384K)
[2020-08-05T21:05:47.326-0300] GC(1992) ParOldGen: 110224K->110373K(140800K)
[2020-08-05T21:05:47.326-0300] GC(1992) Metaspace: 118938K->118938K(1163264K)
[2020-08-05T21:05:47.326-0300] GC(1992) Pause Young (Allocation Failure) 122M->108M(153M) 2.911ms
[2020-08-05T21:05:47.326-0300] GC(1992) User=0.00s Sys=0.00s Real=0.01s
[2020-08-05T21:05:48.348-0300] GC(1993) Pause Young (Allocation Failure)
[2020-08-05T21:05:48.350-0300] GC(1993) PSYoungGen: 15200K->352K(16384K)
[2020-08-05T21:05:48.350-0300] GC(1993) ParOldGen: 110373K->110602K(140800K)
[2020-08-05T21:05:48.350-0300] GC(1993) Metaspace: 118938K->118938K(1163264K)
[2020-08-05T21:05:48.350-0300] GC(1993) Pause Young (Allocation Failure) 122M->108M(153M) 2.481ms
[2020-08-05T21:05:48.350-0300] GC(1993) User=0.01s Sys=0.00s Real=0.00s
[2020-08-05T21:05:49.707-0300] GC(1994) Pause Young (Allocation Failure)
[2020-08-05T21:05:49.710-0300] GC(1994) PSYoungGen: 15200K->320K(16384K)
[2020-08-05T21:05:49.710-0300] GC(1994) ParOldGen: 110602K->110791K(140800K)
[2020-08-05T21:05:49.710-0300] GC(1994) Metaspace: 118938K->118938K(1163264K)
[2020-08-05T21:05:49.710-0300] GC(1994) Pause Young (Allocation Failure) 122M->108M(153M) 3.135ms
[2020-08-05T21:05:49.710-0300] GC(1994) User=0.00s Sys=0.00s Real=0.00s
[2020-08-05T21:05:50.466-0300] GC(1995) Pause Young (Allocation Failure)
[2020-08-05T21:05:50.469-0300] GC(1995) PSYoungGen: 15168K->304K(16384K)
[2020-08-05T21:05:50.469-0300] GC(1995) ParOldGen: 110791K->110980K(140800K)
[2020-08-05T21:05:50.469-0300] GC(1995) Metaspace: 118938K->118938K(1163264K)
[2020-08-05T21:05:50.469-0300] GC(1995) Pause Young (Allocation Failure) 123M->108M(153M) 3.572ms
[2020-08-05T21:05:50.469-0300] GC(1995) User=0.01s Sys=0.00s Real=0.00s
[2020-08-05T21:05:59.847-0300] GC(1996) Pause Young (Allocation Failure)
[2020-08-05T21:05:59.850-0300] GC(1996) PSYoungGen: 15152K->288K(15360K)
[2020-08-05T21:05:59.850-0300] GC(1996) ParOldGen: 110980K->111080K(140800K)
[2020-08-05T21:05:59.850-0300] GC(1996) Metaspace: 118938K->118938K(1163264K)
[2020-08-05T21:05:59.850-0300] GC(1996) Pause Young (Allocation Failure) 123M->108M(152M) 2.973ms
[2020-08-05T21:05:59.850-0300] GC(1996) User=0.01s Sys=0.00s Real=0.00s
[2020-08-05T21:06:15.080-0300] GC(1997) Pause Young (Allocation Failure)
[2020-08-05T21:06:15.083-0300] GC(1997) PSYoungGen: 15136K->288K(15872K)
[2020-08-05T21:06:15.083-0300] GC(1997) ParOldGen: 111080K->111232K(140800K)
[2020-08-05T21:06:15.083-0300] GC(1997) Metaspace: 118938K->118938K(1163264K)
[2020-08-05T21:06:15.083-0300] GC(1997) Pause Young (Allocation Failure) 123M->108M(153M) 3.375ms
[2020-08-05T21:06:15.083-0300] GC(1997) User=0.01s Sys=0.00s Real=0.00s
[2020-08-05T21:06:32.004-0300] GC(1998) Pause Young (Allocation Failure)
[2020-08-05T21:06:32.006-0300] GC(1998) PSYoungGen: 15136K->192K(15872K)
[2020-08-05T21:06:32.006-0300] GC(1998) ParOldGen: 111232K->111352K(140800K)
[2020-08-05T21:06:32.006-0300] GC(1998) Metaspace: 118938K->118938K(1163264K)
[2020-08-05T21:06:32.006-0300] GC(1998) Pause Young (Allocation Failure) 123M->108M(153M) 2.841ms
[2020-08-05T21:06:32.006-0300] GC(1998) User=0.00s Sys=0.00s Real=0.01s
[2020-08-05T21:06:49.078-0300] GC(1999) Pause Young (Allocation Failure)
[2020-08-05T21:06:49.081-0300] GC(1999) PSYoungGen: 15040K->224K(15872K)
[2020-08-05T21:06:49.081-0300] GC(1999) ParOldGen: 111352K->111448K(140800K)
[2020-08-05T21:06:49.081-0300] GC(1999) Metaspace: 118938K->118938K(1163264K)
[2020-08-05T21:06:49.081-0300] GC(1999) Pause Young (Allocation Failure) 123M->109M(153M) 2.601ms
[2020-08-05T21:06:49.081-0300] GC(1999) User=0.01s Sys=0.00s Real=0.00s
[2020-08-05T21:06:57.043-0300] GC(2000) Pause Young (Allocation Failure)
[2020-08-05T21:06:57.046-0300] GC(2000) PSYoungGen: 15072K->256K(15872K)
[2020-08-05T21:06:57.046-0300] GC(2000) ParOldGen: 111448K->111472K(140800K)
[2020-08-05T21:06:57.046-0300] GC(2000) Metaspace: 118938K->118938K(1163264K)
[2020-08-05T21:06:57.046-0300] GC(2000) Pause Young (Allocation Failure) 123M->109M(153M) 2.725ms
[2020-08-05T21:06:57.046-0300] GC(2000) User=0.01s Sys=0.00s Real=0.01s
[2020-08-05T21:07:06.881-0300] GC(2001) Pause Young (Allocation Failure)
[2020-08-05T21:07:06.885-0300] GC(2001) PSYoungGen: 15104K->176K(15872K)
[2020-08-05T21:07:06.885-0300] GC(2001) ParOldGen: 111472K->111605K(140800K)
[2020-08-05T21:07:06.885-0300] GC(2001) Metaspace: 118938K->118938K(1163264K)
[2020-08-05T21:07:06.885-0300] GC(2001) Pause Young (Allocation Failure) 123M->109M(153M) 3.324ms
[2020-08-05T21:07:06.885-0300] GC(2001) User=0.01s Sys=0.01s Real=0.01s
[2020-08-05T21:07:17.411-0300] GC(2002) Pause Young (Allocation Failure)
[2020-08-05T21:07:17.414-0300] GC(2002) PSYoungGen: 15023K->272K(15872K)
[2020-08-05T21:07:17.414-0300] GC(2002) ParOldGen: 111605K->111705K(140800K)
[2020-08-05T21:07:17.414-0300] GC(2002) Metaspace: 118938K->118938K(1163264K)
[2020-08-05T21:07:17.414-0300] GC(2002) Pause Young (Allocation Failure) 123M->109M(153M) 2.566ms
[2020-08-05T21:07:17.414-0300] GC(2002) User=0.00s Sys=0.00s Real=0.00s
[2020-08-05T21:07:23.078-0300] GC(2003) Pause Young (Allocation Failure)
[2020-08-05T21:07:23.081-0300] GC(2003) PSYoungGen: 15120K->400K(15872K)
[2020-08-05T21:07:23.081-0300] GC(2003) ParOldGen: 111705K->111882K(140800K)
[2020-08-05T21:07:23.081-0300] GC(2003) Metaspace: 118938K->118938K(1163264K)
[2020-08-05T21:07:23.081-0300] GC(2003) Pause Young (Allocation Failure) 123M->109M(153M) 2.999ms
[2020-08-05T21:07:23.082-0300] GC(2003) User=0.01s Sys=0.00s Real=0.00s
[2020-08-05T21:07:24.224-0300] GC(2004) Pause Young (Allocation Failure)
[2020-08-05T21:07:24.227-0300] GC(2004) PSYoungGen: 15248K->288K(15872K)
[2020-08-05T21:07:24.227-0300] GC(2004) ParOldGen: 111882K->112022K(140800K)
[2020-08-05T21:07:24.227-0300] GC(2004) Metaspace: 118938K->118938K(1163264K)
[2020-08-05T21:07:24.227-0300] GC(2004) Pause Young (Allocation Failure) 124M->109M(153M) 2.652ms
[2020-08-05T21:07:24.227-0300] GC(2004) User=0.01s Sys=0.00s Real=0.00s
[2020-08-05T21:07:25.302-0300] GC(2005) Pause Young (Allocation Failure)
[2020-08-05T21:07:25.305-0300] GC(2005) PSYoungGen: 15136K->336K(15872K)
[2020-08-05T21:07:25.305-0300] GC(2005) ParOldGen: 112022K->112187K(140800K)
[2020-08-05T21:07:25.305-0300] GC(2005) Metaspace: 118938K->118938K(1163264K)
[2020-08-05T21:07:25.305-0300] GC(2005) Pause Young (Allocation Failure) 124M->109M(153M) 3.514ms
[2020-08-05T21:07:25.305-0300] GC(2005) User=0.00s Sys=0.01s Real=0.01s
[2020-08-05T21:07:26.605-0300] GC(2006) Pause Young (Allocation Failure)
[2020-08-05T21:07:26.608-0300] GC(2006) PSYoungGen: 15184K->320K(15872K)
[2020-08-05T21:07:26.608-0300] GC(2006) ParOldGen: 112187K->112336K(140800K)
[2020-08-05T21:07:26.608-0300] GC(2006) Metaspace: 118938K->118938K(1163264K)
[2020-08-05T21:07:26.608-0300] GC(2006) Pause Young (Allocation Failure) 124M->110M(153M) 2.511ms
[2020-08-05T21:07:26.608-0300] GC(2006) User=0.00s Sys=0.00s Real=0.00s
[2020-08-05T21:07:27.852-0300] GC(2007) Pause Young (Allocation Failure)
[2020-08-05T21:07:27.855-0300] GC(2007) PSYoungGen: 15168K->288K(15872K)
[2020-08-05T21:07:27.855-0300] GC(2007) ParOldGen: 112336K->112521K(140800K)
[2020-08-05T21:07:27.855-0300] GC(2007) Metaspace: 118938K->118938K(1163264K)
[2020-08-05T21:07:27.855-0300] GC(2007) Pause Young (Allocation Failure) 124M->110M(153M) 3.208ms
[2020-08-05T21:07:27.855-0300] GC(2007) User=0.00s Sys=0.00s Real=0.01s
[2020-08-05T21:07:28.995-0300] GC(2008) Pause Young (Allocation Failure)
[2020-08-05T21:07:28.997-0300] GC(2008) PSYoungGen: 15136K->272K(15872K)
[2020-08-05T21:07:28.997-0300] GC(2008) ParOldGen: 112521K->112690K(140800K)
[2020-08-05T21:07:28.997-0300] GC(2008) Metaspace: 118938K->118938K(1163264K)
[2020-08-05T21:07:28.997-0300] GC(2008) Pause Young (Allocation Failure) 124M->110M(153M) 2.910ms
[2020-08-05T21:07:28.997-0300] GC(2008) User=0.01s Sys=0.00s Real=0.00s
[2020-08-05T21:07:30.065-0300] GC(2009) Pause Young (Allocation Failure)
[2020-08-05T21:07:30.068-0300] GC(2009) PSYoungGen: 15120K->352K(15872K)
[2020-08-05T21:07:30.068-0300] GC(2009) ParOldGen: 112690K->112855K(140800K)
[2020-08-05T21:07:30.068-0300] GC(2009) Metaspace: 118938K->118938K(1163264K)
[2020-08-05T21:07:30.068-0300] GC(2009) Pause Young (Allocation Failure) 124M->110M(153M) 2.809ms
[2020-08-05T21:07:30.068-0300] GC(2009) User=0.01s Sys=0.00s Real=0.00s
[2020-08-05T21:07:34.849-0300] GC(2010) Pause Young (Allocation Failure)
[2020-08-05T21:07:34.851-0300] GC(2010) PSYoungGen: 15200K->192K(15872K)
[2020-08-05T21:07:34.851-0300] GC(2010) ParOldGen: 112855K->112927K(140800K)
[2020-08-05T21:07:34.851-0300] GC(2010) Metaspace: 118938K->118938K(1163264K)
[2020-08-05T21:07:34.851-0300] GC(2010) Pause Young (Allocation Failure) 125M->110M(153M) 2.607ms
[2020-08-05T21:07:34.851-0300] GC(2010) User=0.00s Sys=0.00s Real=0.00s
[2020-08-05T21:07:51.077-0300] GC(2011) Pause Young (Allocation Failure)
[2020-08-05T21:07:51.079-0300] GC(2011) PSYoungGen: 15040K->160K(15872K)
[2020-08-05T21:07:51.079-0300] GC(2011) ParOldGen: 112927K->112983K(140800K)
[2020-08-05T21:07:51.079-0300] GC(2011) Metaspace: 118938K->118938K(1163264K)
[2020-08-05T21:07:51.080-0300] GC(2011) Pause Young (Allocation Failure) 124M->110M(153M) 2.816ms
[2020-08-05T21:07:51.080-0300] GC(2011) User=0.01s Sys=0.00s Real=0.00s
[2020-08-05T21:08:08.093-0300] GC(2012) Pause Young (Allocation Failure)
[2020-08-05T21:08:08.096-0300] GC(2012) PSYoungGen: 15008K->160K(15872K)
[2020-08-05T21:08:08.096-0300] GC(2012) ParOldGen: 112983K->113015K(140800K)
[2020-08-05T21:08:08.096-0300] GC(2012) Metaspace: 118938K->118938K(1163264K)
[2020-08-05T21:08:08.096-0300] GC(2012) Pause Young (Allocation Failure) 124M->110M(153M) 2.738ms
[2020-08-05T21:08:08.096-0300] GC(2012) User=0.01s Sys=0.00s Real=0.01s
[2020-08-05T21:08:24.107-0300] GC(2013) Pause Young (Allocation Failure)
[2020-08-05T21:08:24.111-0300] GC(2013) PSYoungGen: 15008K->352K(15872K)
[2020-08-05T21:08:24.111-0300] GC(2013) ParOldGen: 113015K->113031K(140800K)
[2020-08-05T21:08:24.111-0300] GC(2013) Metaspace: 118938K->118938K(1163264K)
[2020-08-05T21:08:24.111-0300] GC(2013) Pause Young (Allocation Failure) 125M->110M(153M) 4.049ms
[2020-08-05T21:08:24.111-0300] GC(2013) User=0.00s Sys=0.00s Real=0.00s
[2020-08-05T21:08:31.537-0300] GC(2014) Pause Young (Allocation Failure)
[2020-08-05T21:08:31.539-0300] GC(2014) PSYoungGen: 15200K->400K(15872K)
[2020-08-05T21:08:31.539-0300] GC(2014) ParOldGen: 113031K->113351K(140800K)
[2020-08-05T21:08:31.539-0300] GC(2014) Metaspace: 118938K->118938K(1163264K)
[2020-08-05T21:08:31.539-0300] GC(2014) Pause Young (Allocation Failure) 125M->111M(153M) 2.526ms
[2020-08-05T21:08:31.539-0300] GC(2014) User=0.01s Sys=0.00s Real=0.00s
[2020-08-05T21:08:48.075-0300] GC(2015) Pause Young (Allocation Failure)
[2020-08-05T21:08:48.077-0300] GC(2015) PSYoungGen: 15248K->608K(15872K)
[2020-08-05T21:08:48.077-0300] GC(2015) ParOldGen: 113351K->113567K(140800K)
[2020-08-05T21:08:48.077-0300] GC(2015) Metaspace: 118938K->118938K(1163264K)
[2020-08-05T21:08:48.077-0300] GC(2015) Pause Young (Allocation Failure) 125M->111M(153M) 2.258ms
[2020-08-05T21:08:48.077-0300] GC(2015) User=0.01s Sys=0.00s Real=0.00s
[2020-08-05T21:09:04.845-0300] GC(2016) Pause Young (Allocation Failure)
[2020-08-05T21:09:04.848-0300] GC(2016) PSYoungGen: 15456K->576K(15872K)
[2020-08-05T21:09:04.848-0300] GC(2016) ParOldGen: 113567K->113999K(140800K)
[2020-08-05T21:09:04.848-0300] GC(2016) Metaspace: 118938K->118938K(1163264K)
[2020-08-05T21:09:04.848-0300] GC(2016) Pause Young (Allocation Failure) 125M->111M(153M) 2.884ms
[2020-08-05T21:09:04.848-0300] GC(2016) User=0.00s Sys=0.00s Real=0.00s
[2020-08-05T21:09:19.848-0300] GC(2017) Pause Young (Allocation Failure)
[2020-08-05T21:09:19.851-0300] GC(2017) PSYoungGen: 15424K->384K(15872K)
[2020-08-05T21:09:19.851-0300] GC(2017) ParOldGen: 113999K->114455K(140800K)
[2020-08-05T21:09:19.851-0300] GC(2017) Metaspace: 118938K->118938K(1163264K)
[2020-08-05T21:09:19.851-0300] GC(2017) Pause Young (Allocation Failure) 126M->112M(153M) 3.042ms
[2020-08-05T21:09:19.852-0300] GC(2017) User=0.01s Sys=0.00s Real=0.00s
[2020-08-05T21:09:32.170-0300] GC(2018) Pause Young (Allocation Failure)
[2020-08-05T21:09:32.173-0300] GC(2018) PSYoungGen: 15232K->304K(15872K)
[2020-08-05T21:09:32.173-0300] GC(2018) ParOldGen: 114455K->114679K(140800K)
[2020-08-05T21:09:32.173-0300] GC(2018) Metaspace: 118938K->118938K(1163264K)
[2020-08-05T21:09:32.173-0300] GC(2018) Pause Young (Allocation Failure) 126M->112M(153M) 2.878ms
[2020-08-05T21:09:32.173-0300] GC(2018) User=0.00s Sys=0.00s Real=0.00s
[2020-08-05T21:09:42.218-0300] GC(2019) Pause Young (Allocation Failure)
[2020-08-05T21:09:42.221-0300] GC(2019) PSYoungGen: 15152K->272K(15872K)
[2020-08-05T21:09:42.221-0300] GC(2019) ParOldGen: 114679K->114856K(140800K)
[2020-08-05T21:09:42.221-0300] GC(2019) Metaspace: 118938K->118938K(1163264K)
[2020-08-05T21:09:42.221-0300] GC(2019) Pause Young (Allocation Failure) 126M->112M(153M) 2.994ms
[2020-08-05T21:09:42.221-0300] GC(2019) User=0.01s Sys=0.00s Real=0.00s
[2020-08-05T21:09:52.756-0300] GC(2020) Pause Young (Allocation Failure)
[2020-08-05T21:09:52.759-0300] GC(2020) PSYoungGen: 15120K->384K(15872K)
[2020-08-05T21:09:52.759-0300] GC(2020) ParOldGen: 114856K->115032K(140800K)
[2020-08-05T21:09:52.759-0300] GC(2020) Metaspace: 118938K->118938K(1163264K)
[2020-08-05T21:09:52.759-0300] GC(2020) Pause Young (Allocation Failure) 126M->112M(153M) 2.845ms
[2020-08-05T21:09:52.759-0300] GC(2020) User=0.00s Sys=0.00s Real=0.00s
[2020-08-05T21:10:00.075-0300] GC(2021) Pause Young (Allocation Failure)
[2020-08-05T21:10:00.078-0300] GC(2021) PSYoungGen: 15232K->785K(15872K)
[2020-08-05T21:10:00.078-0300] GC(2021) ParOldGen: 115032K->115032K(140800K)
[2020-08-05T21:10:00.078-0300] GC(2021) Metaspace: 118938K->118938K(1163264K)
[2020-08-05T21:10:00.078-0300] GC(2021) Pause Young (Allocation Failure) 127M->113M(153M) 2.860ms
[2020-08-05T21:10:00.078-0300] GC(2021) User=0.00s Sys=0.00s Real=0.00s
[2020-08-05T21:10:09.846-0300] GC(2022) Pause Young (Allocation Failure)
[2020-08-05T21:10:09.849-0300] GC(2022) PSYoungGen: 15633K->768K(15872K)
[2020-08-05T21:10:09.849-0300] GC(2022) ParOldGen: 115032K->115305K(140800K)
[2020-08-05T21:10:09.849-0300] GC(2022) Metaspace: 118938K->118938K(1163264K)
[2020-08-05T21:10:09.849-0300] GC(2022) Pause Young (Allocation Failure) 127M->113M(153M) 2.976ms
[2020-08-05T21:10:09.849-0300] GC(2022) User=0.01s Sys=0.00s Real=0.00s
[2020-08-05T21:10:19.197-0300] GC(2023) Pause Young (Allocation Failure)
[2020-08-05T21:10:19.200-0300] GC(2023) PSYoungGen: 15616K->625K(15872K)
[2020-08-05T21:10:19.200-0300] GC(2023) ParOldGen: 115305K->115653K(140800K)
[2020-08-05T21:10:19.200-0300] GC(2023) Metaspace: 118938K->118938K(1163264K)
[2020-08-05T21:10:19.200-0300] GC(2023) Pause Young (Allocation Failure) 127M->113M(153M) 3.339ms
[2020-08-05T21:10:19.200-0300] GC(2023) User=0.01s Sys=0.00s Real=0.00s
[2020-08-05T21:10:29.698-0300] GC(2024) Pause Young (Allocation Failure)
[2020-08-05T21:10:29.701-0300] GC(2024) PSYoungGen: 15473K->512K(15872K)
[2020-08-05T21:10:29.701-0300] GC(2024) ParOldGen: 115653K->116010K(140800K)
[2020-08-05T21:10:29.701-0300] GC(2024) Metaspace: 118938K->118938K(1163264K)
[2020-08-05T21:10:29.701-0300] GC(2024) Pause Young (Allocation Failure) 128M->113M(153M) 2.699ms
[2020-08-05T21:10:29.701-0300] GC(2024) User=0.00s Sys=0.00s Real=0.00s
[2020-08-05T21:10:35.501-0300] GC(2025) Pause Young (Allocation Failure)
[2020-08-05T21:10:35.503-0300] GC(2025) PSYoungGen: 15360K->785K(15872K)
[2020-08-05T21:10:35.503-0300] GC(2025) ParOldGen: 116010K->116010K(140800K)
[2020-08-05T21:10:35.503-0300] GC(2025) Metaspace: 118938K->118938K(1163264K)
[2020-08-05T21:10:35.503-0300] GC(2025) Pause Young (Allocation Failure) 128M->114M(153M) 2.487ms
[2020-08-05T21:10:35.503-0300] GC(2025) User=0.00s Sys=0.00s Real=0.00s
[2020-08-05T21:10:36.482-0300] GC(2026) Pause Young (Allocation Failure)
[2020-08-05T21:10:36.484-0300] GC(2026) PSYoungGen: 15633K->721K(15872K)
[2020-08-05T21:10:36.484-0300] GC(2026) ParOldGen: 116010K->116202K(140800K)
[2020-08-05T21:10:36.484-0300] GC(2026) Metaspace: 118938K->118938K(1163264K)
[2020-08-05T21:10:36.484-0300] GC(2026) Pause Young (Allocation Failure) 128M->114M(153M) 2.607ms
[2020-08-05T21:10:36.484-0300] GC(2026) User=0.01s Sys=0.01s Real=0.01s
[2020-08-05T21:10:37.901-0300] GC(2027) Pause Young (Allocation Failure)
[2020-08-05T21:10:37.905-0300] GC(2027) PSYoungGen: 15569K->465K(15872K)
[2020-08-05T21:10:37.905-0300] GC(2027) ParOldGen: 116202K->116700K(140800K)
[2020-08-05T21:10:37.905-0300] GC(2027) Metaspace: 118938K->118938K(1163264K)
[2020-08-05T21:10:37.905-0300] GC(2027) Pause Young (Allocation Failure) 128M->114M(153M) 3.765ms
[2020-08-05T21:10:37.905-0300] GC(2027) User=0.00s Sys=0.00s Real=0.01s
[2020-08-05T21:10:38.932-0300] GC(2028) Pause Young (Allocation Failure)
[2020-08-05T21:10:38.935-0300] GC(2028) PSYoungGen: 15312K->320K(15872K)
[2020-08-05T21:10:38.935-0300] GC(2028) ParOldGen: 116700K->117021K(140800K)
[2020-08-05T21:10:38.935-0300] GC(2028) Metaspace: 118938K->118938K(1163264K)
[2020-08-05T21:10:38.935-0300] GC(2028) Pause Young (Allocation Failure) 128M->114M(153M) 3.309ms
[2020-08-05T21:10:38.935-0300] GC(2028) User=0.00s Sys=0.00s Real=0.01s
[2020-08-05T21:10:39.847-0300] GC(2029) Pause Young (Allocation Failure)
[2020-08-05T21:10:39.849-0300] GC(2029) PSYoungGen: 15168K->352K(15872K)
[2020-08-05T21:10:39.849-0300] GC(2029) ParOldGen: 117021K->117178K(140800K)
[2020-08-05T21:10:39.849-0300] GC(2029) Metaspace: 118938K->118938K(1163264K)
[2020-08-05T21:10:39.849-0300] GC(2029) Pause Young (Allocation Failure) 129M->114M(153M) 2.679ms
[2020-08-05T21:10:39.849-0300] GC(2029) User=0.00s Sys=0.00s Real=0.00s
[2020-08-05T21:10:51.225-0300] GC(2030) Pause Young (Allocation Failure)
[2020-08-05T21:10:51.228-0300] GC(2030) PSYoungGen: 15200K->352K(15872K)
[2020-08-05T21:10:51.228-0300] GC(2030) ParOldGen: 117178K->117319K(140800K)
[2020-08-05T21:10:51.228-0300] GC(2030) Metaspace: 118938K->118938K(1163264K)
[2020-08-05T21:10:51.228-0300] GC(2030) Pause Young (Allocation Failure) 129M->114M(153M) 3.154ms
[2020-08-05T21:10:51.228-0300] GC(2030) User=0.00s Sys=0.00s Real=0.00s
[2020-08-05T21:11:08.239-0300] GC(2031) Pause Young (Allocation Failure)
[2020-08-05T21:11:08.242-0300] GC(2031) PSYoungGen: 15200K->288K(15872K)
[2020-08-05T21:11:08.242-0300] GC(2031) ParOldGen: 117319K->117563K(140800K)
[2020-08-05T21:11:08.242-0300] GC(2031) Metaspace: 118938K->118938K(1163264K)
[2020-08-05T21:11:08.242-0300] GC(2031) Pause Young (Allocation Failure) 129M->115M(153M) 2.864ms
[2020-08-05T21:11:08.242-0300] GC(2031) User=0.01s Sys=0.00s Real=0.00s
[2020-08-05T21:11:24.254-0300] GC(2032) Pause Young (Allocation Failure)
[2020-08-05T21:11:24.256-0300] GC(2032) PSYoungGen: 15136K->256K(15872K)
[2020-08-05T21:11:24.256-0300] GC(2032) ParOldGen: 117563K->117755K(140800K)
[2020-08-05T21:11:24.256-0300] GC(2032) Metaspace: 118938K->118938K(1163264K)
[2020-08-05T21:11:24.256-0300] GC(2032) Pause Young (Allocation Failure) 129M->115M(153M) 2.607ms
[2020-08-05T21:11:24.256-0300] GC(2032) User=0.01s Sys=0.00s Real=0.01s
[2020-08-05T21:11:39.852-0300] GC(2033) Pause Young (Allocation Failure)
[2020-08-05T21:11:39.854-0300] GC(2033) PSYoungGen: 15104K->262K(15872K)
[2020-08-05T21:11:39.854-0300] GC(2033) ParOldGen: 117755K->117907K(140800K)
[2020-08-05T21:11:39.854-0300] GC(2033) Metaspace: 118938K->118938K(1163264K)
[2020-08-05T21:11:39.854-0300] GC(2033) Pause Young (Allocation Failure) 129M->115M(153M) 2.337ms
[2020-08-05T21:11:39.854-0300] GC(2033) User=0.00s Sys=0.00s Real=0.01s
[2020-08-05T21:11:49.071-0300] GC(2034) Pause Young (Allocation Failure)
[2020-08-05T21:11:49.074-0300] GC(2034) PSYoungGen: 15110K->336K(15872K)
[2020-08-05T21:11:49.074-0300] GC(2034) ParOldGen: 117907K->117931K(140800K)
[2020-08-05T21:11:49.074-0300] GC(2034) Metaspace: 118938K->118938K(1163264K)
[2020-08-05T21:11:49.074-0300] GC(2034) Pause Young (Allocation Failure) 129M->115M(153M) 2.740ms
[2020-08-05T21:11:49.074-0300] GC(2034) User=0.00s Sys=0.00s Real=0.01s
[2020-08-05T21:11:57.071-0300] GC(2035) Pause Young (Allocation Failure)
[2020-08-05T21:11:57.075-0300] GC(2035) PSYoungGen: 15184K->304K(15872K)
[2020-08-05T21:11:57.075-0300] GC(2035) ParOldGen: 117931K->118055K(140800K)
[2020-08-05T21:11:57.075-0300] GC(2035) Metaspace: 118938K->118938K(1163264K)
[2020-08-05T21:11:57.075-0300] GC(2035) Pause Young (Allocation Failure) 129M->115M(153M) 3.826ms
[2020-08-05T21:11:57.075-0300] GC(2035) User=0.01s Sys=0.01s Real=0.01s
[2020-08-05T21:12:06.621-0300] GC(2036) Pause Young (Allocation Failure)
[2020-08-05T21:12:06.624-0300] GC(2036) PSYoungGen: 15152K->224K(15872K)
[2020-08-05T21:12:06.624-0300] GC(2036) ParOldGen: 118055K->118192K(140800K)
[2020-08-05T21:12:06.624-0300] GC(2036) Metaspace: 118938K->118938K(1163264K)
[2020-08-05T21:12:06.624-0300] GC(2036) Pause Young (Allocation Failure) 130M->115M(153M) 3.184ms
[2020-08-05T21:12:06.624-0300] GC(2036) User=0.01s Sys=0.00s Real=0.01s
[2020-08-05T21:12:12.440-0300] GC(2037) Pause Young (Allocation Failure)
[2020-08-05T21:12:12.443-0300] GC(2037) PSYoungGen: 15072K->256K(15872K)
[2020-08-05T21:12:12.444-0300] GC(2037) ParOldGen: 118192K->118317K(140800K)
[2020-08-05T21:12:12.444-0300] GC(2037) Metaspace: 118938K->118938K(1163264K)
[2020-08-05T21:12:12.444-0300] GC(2037) Pause Young (Allocation Failure) 130M->115M(153M) 3.997ms
[2020-08-05T21:12:12.444-0300] GC(2037) User=0.00s Sys=0.00s Real=0.00s
[2020-08-05T21:12:13.814-0300] GC(2038) Pause Young (Allocation Failure)
[2020-08-05T21:12:13.817-0300] GC(2038) PSYoungGen: 15104K->305K(15872K)
[2020-08-05T21:12:13.817-0300] GC(2038) ParOldGen: 118317K->118433K(140800K)
[2020-08-05T21:12:13.817-0300] GC(2038) Metaspace: 118938K->118938K(1163264K)
[2020-08-05T21:12:13.817-0300] GC(2038) Pause Young (Allocation Failure) 130M->115M(153M) 2.983ms
[2020-08-05T21:12:13.817-0300] GC(2038) User=0.00s Sys=0.00s Real=0.00s
[2020-08-05T21:12:14.845-0300] GC(2039) Pause Young (Allocation Failure)
[2020-08-05T21:12:14.849-0300] GC(2039) PSYoungGen: 15153K->304K(15872K)
[2020-08-05T21:12:14.849-0300] GC(2039) ParOldGen: 118433K->118662K(140800K)
[2020-08-05T21:12:14.849-0300] GC(2039) Metaspace: 118938K->118938K(1163264K)
[2020-08-05T21:12:14.849-0300] GC(2039) Pause Young (Allocation Failure) 130M->116M(153M) 3.233ms
[2020-08-05T21:12:14.849-0300] GC(2039) User=0.01s Sys=0.00s Real=0.00s
[2020-08-05T21:12:16.036-0300] GC(2040) Pause Young (Allocation Failure)
[2020-08-05T21:12:16.040-0300] GC(2040) PSYoungGen: 15152K->368K(15872K)
[2020-08-05T21:12:16.040-0300] GC(2040) ParOldGen: 118662K->118859K(140800K)
[2020-08-05T21:12:16.040-0300] GC(2040) Metaspace: 118938K->118938K(1163264K)
[2020-08-05T21:12:16.040-0300] GC(2040) Pause Young (Allocation Failure) 130M->116M(153M) 3.461ms
[2020-08-05T21:12:16.040-0300] GC(2040) User=0.01s Sys=0.00s Real=0.00s
[2020-08-05T21:12:17.203-0300] GC(2041) Pause Young (Allocation Failure)
[2020-08-05T21:12:17.206-0300] GC(2041) PSYoungGen: 15216K->256K(15872K)
[2020-08-05T21:12:17.206-0300] GC(2041) ParOldGen: 118859K->119136K(140800K)
[2020-08-05T21:12:17.206-0300] GC(2041) Metaspace: 118938K->118938K(1163264K)
[2020-08-05T21:12:17.206-0300] GC(2041) Pause Young (Allocation Failure) 130M->116M(153M) 2.666ms
[2020-08-05T21:12:17.206-0300] GC(2041) User=0.01s Sys=0.00s Real=0.01s
[2020-08-05T21:12:18.224-0300] GC(2042) Pause Young (Allocation Failure)
[2020-08-05T21:12:18.227-0300] GC(2042) PSYoungGen: 15104K->432K(15872K)
[2020-08-05T21:12:18.227-0300] GC(2042) ParOldGen: 119136K->119300K(140800K)
[2020-08-05T21:12:18.227-0300] GC(2042) Metaspace: 118938K->118938K(1163264K)
[2020-08-05T21:12:18.227-0300] GC(2042) Pause Young (Allocation Failure) 131M->116M(153M) 3.282ms
[2020-08-05T21:12:18.227-0300] GC(2042) User=0.01s Sys=0.00s Real=0.01s
[2020-08-05T21:12:19.366-0300] GC(2043) Pause Young (Allocation Failure)
[2020-08-05T21:12:19.369-0300] GC(2043) PSYoungGen: 15280K->304K(15872K)
[2020-08-05T21:12:19.369-0300] GC(2043) ParOldGen: 119300K->119453K(140800K)
[2020-08-05T21:12:19.369-0300] GC(2043) Metaspace: 118938K->118938K(1163264K)
[2020-08-05T21:12:19.369-0300] GC(2043) Pause Young (Allocation Failure) 131M->116M(153M) 3.024ms
[2020-08-05T21:12:19.369-0300] GC(2043) User=0.01s Sys=0.00s Real=0.00s
[2020-08-05T21:12:24.849-0300] GC(2044) Pause Young (Allocation Failure)
[2020-08-05T21:12:24.852-0300] GC(2044) PSYoungGen: 15152K->192K(15872K)
[2020-08-05T21:12:24.852-0300] GC(2044) ParOldGen: 119453K->119553K(140800K)
[2020-08-05T21:12:24.852-0300] GC(2044) Metaspace: 118938K->118938K(1163264K)
[2020-08-05T21:12:24.852-0300] GC(2044) Pause Young (Allocation Failure) 131M->116M(153M) 2.711ms
[2020-08-05T21:12:24.852-0300] GC(2044) User=0.00s Sys=0.00s Real=0.00s
[2020-08-05T21:12:41.070-0300] GC(2045) Pause Young (Allocation Failure)
[2020-08-05T21:12:41.072-0300] GC(2045) PSYoungGen: 15040K->224K(15872K)
[2020-08-05T21:12:41.073-0300] GC(2045) ParOldGen: 119553K->119609K(140800K)
[2020-08-05T21:12:41.073-0300] GC(2045) Metaspace: 118938K->118938K(1163264K)
[2020-08-05T21:12:41.073-0300] GC(2045) Pause Young (Allocation Failure) 131M->117M(153M) 2.329ms
[2020-08-05T21:12:41.073-0300] GC(2045) User=0.00s Sys=0.00s Real=0.00s
[2020-08-05T21:12:58.328-0300] GC(2046) Pause Young (Allocation Failure)
[2020-08-05T21:12:58.331-0300] GC(2046) PSYoungGen: 15072K->160K(15872K)
[2020-08-05T21:12:58.331-0300] GC(2046) ParOldGen: 119609K->119641K(140800K)
[2020-08-05T21:12:58.331-0300] GC(2046) Metaspace: 118938K->118938K(1163264K)
[2020-08-05T21:12:58.331-0300] GC(2046) Pause Young (Allocation Failure) 131M->116M(153M) 2.714ms
[2020-08-05T21:12:58.331-0300] GC(2046) User=0.01s Sys=0.00s Real=0.00s
[2020-08-05T21:13:14.846-0300] GC(2047) Pause Young (Allocation Failure)
[2020-08-05T21:13:14.849-0300] GC(2047) PSYoungGen: 15008K->192K(15872K)
[2020-08-05T21:13:14.849-0300] GC(2047) ParOldGen: 119641K->119657K(140800K)
[2020-08-05T21:13:14.849-0300] GC(2047) Metaspace: 118938K->118938K(1163264K)
[2020-08-05T21:13:14.849-0300] GC(2047) Pause Young (Allocation Failure) 131M->117M(153M) 2.900ms
[2020-08-05T21:13:14.849-0300] GC(2047) User=0.01s Sys=0.00s Real=0.00s
[2020-08-05T21:13:21.070-0300] GC(2048) Pause Young (Allocation Failure)
[2020-08-05T21:13:21.072-0300] GC(2048) PSYoungGen: 15040K->400K(15872K)
[2020-08-05T21:13:21.073-0300] GC(2048) ParOldGen: 119657K->119729K(140800K)
[2020-08-05T21:13:21.073-0300] GC(2048) Metaspace: 118938K->118938K(1163264K)
[2020-08-05T21:13:21.073-0300] GC(2048) Pause Young (Allocation Failure) 131M->117M(153M) 2.903ms
[2020-08-05T21:13:21.073-0300] GC(2048) User=0.01s Sys=0.00s Real=0.00s
[2020-08-05T21:13:38.070-0300] GC(2049) Pause Young (Allocation Failure)
[2020-08-05T21:13:38.073-0300] GC(2049) PSYoungGen: 15248K->608K(15872K)
[2020-08-05T21:13:38.073-0300] GC(2049) ParOldGen: 119729K->119902K(140800K)
[2020-08-05T21:13:38.073-0300] GC(2049) Metaspace: 118938K->118938K(1163264K)
[2020-08-05T21:13:38.073-0300] GC(2049) Pause Young (Allocation Failure) 131M->117M(153M) 2.955ms
[2020-08-05T21:13:38.073-0300] GC(2049) User=0.01s Sys=0.00s Real=0.00s
[2020-08-05T21:13:54.846-0300] GC(2050) Pause Young (Allocation Failure)
[2020-08-05T21:13:54.848-0300] GC(2050) PSYoungGen: 15456K->544K(15872K)
[2020-08-05T21:13:54.848-0300] GC(2050) ParOldGen: 119902K->120358K(140800K)
[2020-08-05T21:13:54.848-0300] GC(2050) Metaspace: 118938K->118938K(1163264K)
[2020-08-05T21:13:54.848-0300] GC(2050) Pause Young (Allocation Failure) 132M->118M(153M) 2.182ms
[2020-08-05T21:13:54.848-0300] GC(2050) User=0.01s Sys=0.00s Real=0.00s
[2020-08-05T21:14:10.068-0300] GC(2051) Pause Young (Allocation Failure)
[2020-08-05T21:14:10.071-0300] GC(2051) PSYoungGen: 15392K->576K(15872K)
[2020-08-05T21:14:10.071-0300] GC(2051) ParOldGen: 120358K->120782K(140800K)
[2020-08-05T21:14:10.071-0300] GC(2051) Metaspace: 118938K->118938K(1163264K)
[2020-08-05T21:14:10.071-0300] GC(2051) Pause Young (Allocation Failure) 132M->118M(153M) 3.184ms
[2020-08-05T21:14:10.071-0300] GC(2051) User=0.00s Sys=0.00s Real=0.00s
[2020-08-05T21:14:22.068-0300] GC(2052) Pause Young (Allocation Failure)
[2020-08-05T21:14:22.072-0300] GC(2052) PSYoungGen: 15424K->352K(15872K)
[2020-08-05T21:14:22.072-0300] GC(2052) ParOldGen: 120782K->121190K(140800K)
[2020-08-05T21:14:22.072-0300] GC(2052) Metaspace: 118938K->118938K(1163264K)
[2020-08-05T21:14:22.072-0300] GC(2052) Pause Young (Allocation Failure) 133M->118M(153M) 3.396ms
[2020-08-05T21:14:22.072-0300] GC(2052) User=0.00s Sys=0.00s Real=0.00s
[2020-08-05T21:14:31.320-0300] GC(2053) Pause Young (Allocation Failure)
[2020-08-05T21:14:31.323-0300] GC(2053) PSYoungGen: 15199K->304K(15872K)
[2020-08-05T21:14:31.323-0300] GC(2053) ParOldGen: 121190K->121374K(140800K)
[2020-08-05T21:14:31.323-0300] GC(2053) Metaspace: 118938K->118938K(1163264K)
[2020-08-05T21:14:31.323-0300] GC(2053) Pause Young (Allocation Failure) 133M->118M(153M) 2.397ms
[2020-08-05T21:14:31.323-0300] GC(2053) User=0.01s Sys=0.00s Real=0.00s
[2020-08-05T21:14:41.759-0300] GC(2054) Pause Young (Allocation Failure)
[2020-08-05T21:14:41.762-0300] GC(2054) PSYoungGen: 15152K->288K(15872K)
[2020-08-05T21:14:41.762-0300] GC(2054) ParOldGen: 121374K->121595K(140800K)
[2020-08-05T21:14:41.762-0300] GC(2054) Metaspace: 118938K->118938K(1163264K)
[2020-08-05T21:14:41.762-0300] GC(2054) Pause Young (Allocation Failure) 133M->119M(153M) 2.543ms
[2020-08-05T21:14:41.762-0300] GC(2054) User=0.01s Sys=0.00s Real=0.00s
[2020-08-05T21:14:51.214-0300] GC(2055) Pause Young (Allocation Failure)
[2020-08-05T21:14:51.217-0300] GC(2055) PSYoungGen: 15136K->512K(15872K)
[2020-08-05T21:14:51.217-0300] GC(2055) ParOldGen: 121595K->121595K(140800K)
[2020-08-05T21:14:51.217-0300] GC(2055) Metaspace: 118938K->118938K(1163264K)
[2020-08-05T21:14:51.217-0300] GC(2055) Pause Young (Allocation Failure) 133M->119M(153M) 2.753ms
[2020-08-05T21:14:51.217-0300] GC(2055) User=0.01s Sys=0.00s Real=0.00s
[2020-08-05T21:14:59.847-0300] GC(2056) Pause Young (Allocation Failure)
[2020-08-05T21:14:59.850-0300] GC(2056) PSYoungGen: 15360K->864K(15872K)
[2020-08-05T21:14:59.850-0300] GC(2056) ParOldGen: 121595K->121595K(140800K)
[2020-08-05T21:14:59.850-0300] GC(2056) Metaspace: 118938K->118938K(1163264K)
[2020-08-05T21:14:59.850-0300] GC(2056) Pause Young (Allocation Failure) 133M->119M(153M) 2.464ms
[2020-08-05T21:14:59.850-0300] GC(2056) User=0.01s Sys=0.00s Real=0.00s
[2020-08-05T21:15:08.288-0300] GC(2057) Pause Young (Allocation Failure)
[2020-08-05T21:15:08.291-0300] GC(2057) PSYoungGen: 15712K->993K(15872K)
[2020-08-05T21:15:08.291-0300] GC(2057) ParOldGen: 121595K->121659K(140800K)
[2020-08-05T21:15:08.291-0300] GC(2057) Metaspace: 118938K->118938K(1163264K)
[2020-08-05T21:15:08.291-0300] GC(2057) Pause Young (Allocation Failure) 134M->119M(153M) 3.054ms
[2020-08-05T21:15:08.291-0300] GC(2057) User=0.01s Sys=0.00s Real=0.00s
[2020-08-05T21:15:18.661-0300] GC(2058) Pause Young (Allocation Failure)
[2020-08-05T21:15:18.665-0300] GC(2058) PSYoungGen: 15841K->897K(16384K)
[2020-08-05T21:15:18.665-0300] GC(2058) ParOldGen: 121659K->122016K(140800K)
[2020-08-05T21:15:18.665-0300] GC(2058) Metaspace: 118938K->118938K(1163264K)
[2020-08-05T21:15:18.665-0300] GC(2058) Pause Young (Allocation Failure) 134M->120M(153M) 4.361ms
[2020-08-05T21:15:18.666-0300] GC(2058) User=0.01s Sys=0.00s Real=0.01s
[2020-08-05T21:15:24.493-0300] GC(2059) Pause Young (Allocation Failure)
[2020-08-05T21:15:24.496-0300] GC(2059) PSYoungGen: 15745K->800K(16384K)
[2020-08-05T21:15:24.496-0300] GC(2059) ParOldGen: 122016K->122317K(140800K)
[2020-08-05T21:15:24.496-0300] GC(2059) Metaspace: 118938K->118938K(1163264K)
[2020-08-05T21:15:24.496-0300] GC(2059) Pause Young (Allocation Failure) 134M->120M(153M) 3.459ms
[2020-08-05T21:15:24.496-0300] GC(2059) User=0.01s Sys=0.00s Real=0.01s
[2020-08-05T21:15:25.549-0300] GC(2060) Pause Young (Allocation Failure)
[2020-08-05T21:15:25.553-0300] GC(2060) PSYoungGen: 15648K->481K(16384K)
[2020-08-05T21:15:25.553-0300] GC(2060) ParOldGen: 122317K->122814K(140800K)
[2020-08-05T21:15:25.553-0300] GC(2060) Metaspace: 118938K->118938K(1163264K)
[2020-08-05T21:15:25.553-0300] GC(2060) Pause Young (Allocation Failure) 134M->120M(153M) 4.149ms
[2020-08-05T21:15:25.553-0300] GC(2060) User=0.00s Sys=0.00s Real=0.00s
[2020-08-05T21:15:26.920-0300] GC(2061) Pause Young (Allocation Failure)
[2020-08-05T21:15:26.923-0300] GC(2061) PSYoungGen: 15329K->369K(16384K)
[2020-08-05T21:15:26.923-0300] GC(2061) ParOldGen: 122814K->123199K(140800K)
[2020-08-05T21:15:26.923-0300] GC(2061) Metaspace: 118938K->118938K(1163264K)
[2020-08-05T21:15:26.923-0300] GC(2061) Pause Young (Allocation Failure) 134M->120M(153M) 3.223ms
[2020-08-05T21:15:26.923-0300] GC(2061) User=0.00s Sys=0.00s Real=0.00s
[2020-08-05T21:15:28.077-0300] GC(2062) Pause Young (Allocation Failure)
[2020-08-05T21:15:28.080-0300] GC(2062) PSYoungGen: 15217K->384K(16384K)
[2020-08-05T21:15:28.080-0300] GC(2062) ParOldGen: 123199K->123417K(140800K)
[2020-08-05T21:15:28.080-0300] GC(2062) Metaspace: 118938K->118938K(1163264K)
[2020-08-05T21:15:28.080-0300] GC(2062) Pause Young (Allocation Failure) 135M->120M(153M) 3.595ms
[2020-08-05T21:15:28.080-0300] GC(2062) User=0.00s Sys=0.00s Real=0.00s
[2020-08-05T21:15:29.088-0300] GC(2063) Pause Young (Allocation Failure)
[2020-08-05T21:15:29.090-0300] GC(2063) PSYoungGen: 15232K->320K(16384K)
[2020-08-05T21:15:29.090-0300] GC(2063) ParOldGen: 123417K->123569K(140800K)
[2020-08-05T21:15:29.090-0300] GC(2063) Metaspace: 118938K->118938K(1163264K)
[2020-08-05T21:15:29.090-0300] GC(2063) Pause Young (Allocation Failure) 135M->120M(153M) 2.704ms
[2020-08-05T21:15:29.090-0300] GC(2063) User=0.01s Sys=0.00s Real=0.00s
[2020-08-05T21:15:41.543-0300] GC(2064) Pause Young (Allocation Failure)
[2020-08-05T21:15:41.547-0300] GC(2064) PSYoungGen: 15168K->384K(15360K)
[2020-08-05T21:15:41.547-0300] GC(2064) ParOldGen: 123569K->123670K(140800K)
[2020-08-05T21:15:41.547-0300] GC(2064) Metaspace: 118938K->118938K(1163264K)
[2020-08-05T21:15:41.547-0300] GC(2064) Pause Young (Allocation Failure) 135M->121M(152M) 3.176ms
[2020-08-05T21:15:41.547-0300] GC(2064) User=0.00s Sys=0.00s Real=0.01s
[2020-08-05T21:15:58.485-0300] GC(2065) Pause Young (Allocation Failure)
[2020-08-05T21:15:58.488-0300] GC(2065) PSYoungGen: 15232K->384K(15872K)
[2020-08-05T21:15:58.488-0300] GC(2065) ParOldGen: 123670K->123942K(140800K)
[2020-08-05T21:15:58.488-0300] GC(2065) Metaspace: 118938K->118938K(1163264K)
[2020-08-05T21:15:58.488-0300] GC(2065) Pause Young (Allocation Failure) 135M->121M(153M) 3.077ms
[2020-08-05T21:15:58.488-0300] GC(2065) User=0.01s Sys=0.00s Real=0.00s
[2020-08-05T21:16:14.847-0300] GC(2066) Pause Young (Allocation Failure)
[2020-08-05T21:16:14.849-0300] GC(2066) PSYoungGen: 15232K->256K(15872K)
[2020-08-05T21:16:14.849-0300] GC(2066) ParOldGen: 123942K->124206K(140800K)
[2020-08-05T21:16:14.849-0300] GC(2066) Metaspace: 118938K->118938K(1163264K)
[2020-08-05T21:16:14.849-0300] GC(2066) Pause Young (Allocation Failure) 135M->121M(153M) 2.812ms
[2020-08-05T21:16:14.849-0300] GC(2066) User=0.01s Sys=0.00s Real=0.00s
[2020-08-05T21:16:29.120-0300] GC(2067) Pause Young (Allocation Failure)
[2020-08-05T21:16:29.124-0300] GC(2067) PSYoungGen: 15104K->224K(15872K)
[2020-08-05T21:16:29.124-0300] GC(2067) ParOldGen: 124206K->124302K(140800K)
[2020-08-05T21:16:29.124-0300] GC(2067) Metaspace: 118938K->118938K(1163264K)
[2020-08-05T21:16:29.124-0300] GC(2067) Pause Young (Allocation Failure) 136M->121M(153M) 4.503ms
[2020-08-05T21:16:29.124-0300] GC(2067) User=0.01s Sys=0.00s Real=0.01s
[2020-08-05T21:16:39.515-0300] GC(2068) Pause Young (Allocation Failure)
[2020-08-05T21:16:39.518-0300] GC(2068) PSYoungGen: 15072K->208K(15872K)
[2020-08-05T21:16:39.518-0300] GC(2068) ParOldGen: 124302K->124430K(140800K)
[2020-08-05T21:16:39.519-0300] GC(2068) Metaspace: 118938K->118938K(1163264K)
[2020-08-05T21:16:39.519-0300] GC(2068) Pause Young (Allocation Failure) 136M->121M(153M) 3.129ms
[2020-08-05T21:16:39.519-0300] GC(2068) User=0.00s Sys=0.00s Real=0.00s
[2020-08-05T21:16:47.207-0300] GC(2069) Pause Young (Allocation Failure)
[2020-08-05T21:16:47.210-0300] GC(2069) PSYoungGen: 15056K->256K(15872K)
[2020-08-05T21:16:47.210-0300] GC(2069) ParOldGen: 124430K->124558K(140800K)
[2020-08-05T21:16:47.210-0300] GC(2069) Metaspace: 118938K->118938K(1163264K)
[2020-08-05T21:16:47.210-0300] GC(2069) Pause Young (Allocation Failure) 136M->121M(153M) 2.636ms
[2020-08-05T21:16:47.210-0300] GC(2069) User=0.01s Sys=0.00s Real=0.00s
[2020-08-05T21:16:55.572-0300] GC(2070) Pause Young (Allocation Failure)
[2020-08-05T21:16:55.575-0300] GC(2070) PSYoungGen: 15104K->240K(15872K)
[2020-08-05T21:16:55.575-0300] GC(2070) ParOldGen: 124558K->124695K(140800K)
[2020-08-05T21:16:55.575-0300] GC(2070) Metaspace: 118938K->118938K(1163264K)
[2020-08-05T21:16:55.575-0300] GC(2070) Pause Young (Allocation Failure) 136M->122M(153M) 3.087ms
[2020-08-05T21:16:55.575-0300] GC(2070) User=0.00s Sys=0.00s Real=0.01s
[2020-08-05T21:17:06.136-0300] GC(2071) Pause Young (Allocation Failure)
[2020-08-05T21:17:06.139-0300] GC(2071) PSYoungGen: 15088K->256K(15872K)
[2020-08-05T21:17:06.139-0300] GC(2071) ParOldGen: 124695K->124820K(140800K)
[2020-08-05T21:17:06.139-0300] GC(2071) Metaspace: 118938K->118938K(1163264K)
[2020-08-05T21:17:06.139-0300] GC(2071) Pause Young (Allocation Failure) 136M->122M(153M) 2.540ms
[2020-08-05T21:17:06.139-0300] GC(2071) User=0.01s Sys=0.00s Real=0.00s
[2020-08-05T21:17:16.544-0300] GC(2072) Pause Young (Allocation Failure)
[2020-08-05T21:17:16.548-0300] GC(2072) PSYoungGen: 15104K->240K(15872K)
[2020-08-05T21:17:16.548-0300] GC(2072) ParOldGen: 124820K->124928K(140800K)
[2020-08-05T21:17:16.548-0300] GC(2072) Metaspace: 118938K->118938K(1163264K)
[2020-08-05T21:17:16.548-0300] GC(2072) Pause Young (Allocation Failure) 136M->122M(153M) 4.463ms
[2020-08-05T21:17:16.548-0300] GC(2072) User=0.00s Sys=0.00s Real=0.00s
[2020-08-05T21:17:22.902-0300] GC(2073) Pause Young (Allocation Failure)
[2020-08-05T21:17:22.905-0300] GC(2073) PSYoungGen: 15088K->448K(15872K)
[2020-08-05T21:17:22.905-0300] GC(2073) ParOldGen: 124928K->125109K(140800K)
[2020-08-05T21:17:22.905-0300] GC(2073) Metaspace: 118945K->118945K(1163264K)
[2020-08-05T21:17:22.905-0300] GC(2073) Pause Young (Allocation Failure) 136M->122M(153M) 3.283ms
[2020-08-05T21:17:22.905-0300] GC(2073) User=0.00s Sys=0.00s Real=0.01s
[2020-08-05T21:17:32.565-0300] GC(2074) Pause Young (Allocation Failure)
[2020-08-05T21:17:32.568-0300] GC(2074) PSYoungGen: 15296K->208K(15872K)
[2020-08-05T21:17:32.568-0300] GC(2074) ParOldGen: 125109K->125254K(140800K)
[2020-08-05T21:17:32.568-0300] GC(2074) Metaspace: 118945K->118945K(1163264K)
[2020-08-05T21:17:32.568-0300] GC(2074) Pause Young (Allocation Failure) 137M->122M(153M) 3.117ms
[2020-08-05T21:17:32.568-0300] GC(2074) User=0.01s Sys=0.00s Real=0.00s
[2020-08-05T21:17:34.048-0300] GC(2075) Pause Young (Allocation Failure)
[2020-08-05T21:17:34.051-0300] GC(2075) PSYoungGen: 15056K->320K(15872K)
[2020-08-05T21:17:34.051-0300] GC(2075) ParOldGen: 125254K->125338K(140800K)
[2020-08-05T21:17:34.051-0300] GC(2075) Metaspace: 118945K->118945K(1163264K)
[2020-08-05T21:17:34.051-0300] GC(2075) Pause Young (Allocation Failure) 137M->122M(153M) 3.074ms
[2020-08-05T21:17:34.051-0300] GC(2075) User=0.01s Sys=0.00s Real=0.00s
[2020-08-05T21:17:35.021-0300] GC(2076) Pause Young (Allocation Failure)
[2020-08-05T21:17:35.024-0300] GC(2076) PSYoungGen: 15168K->240K(15872K)
[2020-08-05T21:17:35.024-0300] GC(2076) ParOldGen: 125338K->125535K(140800K)
[2020-08-05T21:17:35.024-0300] GC(2076) Metaspace: 118945K->118945K(1163264K)
[2020-08-05T21:17:35.024-0300] GC(2076) Pause Young (Allocation Failure) 137M->122M(153M) 3.053ms
[2020-08-05T21:17:35.024-0300] GC(2076) User=0.00s Sys=0.00s Real=0.01s
[2020-08-05T21:17:36.273-0300] GC(2077) Pause Young (Allocation Failure)
[2020-08-05T21:17:36.277-0300] GC(2077) PSYoungGen: 15088K->304K(15872K)
[2020-08-05T21:17:36.277-0300] GC(2077) ParOldGen: 125535K->125672K(140800K)
[2020-08-05T21:17:36.277-0300] GC(2077) Metaspace: 118945K->118945K(1163264K)
[2020-08-05T21:17:36.277-0300] GC(2077) Pause Young (Allocation Failure) 137M->123M(153M) 3.837ms
[2020-08-05T21:17:36.277-0300] GC(2077) User=0.00s Sys=0.00s Real=0.01s
[2020-08-05T21:17:37.200-0300] GC(2078) Pause Young (Allocation Failure)
[2020-08-05T21:17:37.203-0300] GC(2078) PSYoungGen: 15152K->288K(15872K)
[2020-08-05T21:17:37.203-0300] GC(2078) ParOldGen: 125672K->125845K(140800K)
[2020-08-05T21:17:37.203-0300] GC(2078) Metaspace: 118945K->118945K(1163264K)
[2020-08-05T21:17:37.203-0300] GC(2078) Pause Young (Allocation Failure) 137M->123M(153M) 3.092ms
[2020-08-05T21:17:37.203-0300] GC(2078) User=0.00s Sys=0.00s Real=0.00s
[2020-08-05T21:17:44.849-0300] GC(2079) Pause Young (Allocation Failure)
[2020-08-05T21:17:44.853-0300] GC(2079) PSYoungGen: 15136K->192K(15872K)
[2020-08-05T21:17:44.853-0300] GC(2079) ParOldGen: 125845K->125917K(140800K)
[2020-08-05T21:17:44.853-0300] GC(2079) Metaspace: 118945K->118945K(1163264K)
[2020-08-05T21:17:44.853-0300] GC(2079) Pause Young (Allocation Failure) 137M->123M(153M) 3.513ms
[2020-08-05T21:17:44.853-0300] GC(2079) User=0.00s Sys=0.00s Real=0.00s
[2020-08-05T21:18:01.094-0300] GC(2080) Pause Young (Allocation Failure)
[2020-08-05T21:18:01.097-0300] GC(2080) PSYoungGen: 15040K->272K(15872K)
[2020-08-05T21:18:01.097-0300] GC(2080) ParOldGen: 125917K->125961K(140800K)
[2020-08-05T21:18:01.097-0300] GC(2080) Metaspace: 118945K->118945K(1163264K)
[2020-08-05T21:18:01.097-0300] GC(2080) Pause Young (Allocation Failure) 137M->123M(153M) 3.230ms
[2020-08-05T21:18:01.097-0300] GC(2080) User=0.00s Sys=0.00s Real=0.01s
[2020-08-05T21:18:18.093-0300] GC(2081) Pause Young (Allocation Failure)
[2020-08-05T21:18:18.095-0300] GC(2081) PSYoungGen: 15112K->352K(15872K)
[2020-08-05T21:18:18.095-0300] GC(2081) ParOldGen: 125961K->126025K(140800K)
[2020-08-05T21:18:18.095-0300] GC(2081) Metaspace: 118945K->118945K(1163264K)
[2020-08-05T21:18:18.095-0300] GC(2081) Pause Young (Allocation Failure) 137M->123M(153M) 2.392ms
[2020-08-05T21:18:18.095-0300] GC(2081) User=0.01s Sys=0.00s Real=0.01s
[2020-08-05T21:18:34.093-0300] GC(2082) Pause Young (Allocation Failure)
[2020-08-05T21:18:34.095-0300] GC(2082) PSYoungGen: 15200K->640K(15872K)
[2020-08-05T21:18:34.095-0300] GC(2082) ParOldGen: 126025K->126145K(140800K)
[2020-08-05T21:18:34.095-0300] GC(2082) Metaspace: 118946K->118946K(1163264K)
[2020-08-05T21:18:34.095-0300] GC(2082) Pause Young (Allocation Failure) 137M->123M(153M) 2.522ms
[2020-08-05T21:18:34.096-0300] GC(2082) User=0.00s Sys=0.00s Real=0.01s
[2020-08-05T21:18:43.100-0300] GC(2083) Pause Young (Allocation Failure)
[2020-08-05T21:18:43.103-0300] GC(2083) PSYoungGen: 15488K->368K(15872K)
[2020-08-05T21:18:43.103-0300] GC(2083) ParOldGen: 126145K->126633K(140800K)
[2020-08-05T21:18:43.103-0300] GC(2083) Metaspace: 118946K->118946K(1163264K)
[2020-08-05T21:18:43.103-0300] GC(2083) Pause Young (Allocation Failure) 138M->124M(153M) 2.644ms
[2020-08-05T21:18:43.103-0300] GC(2083) User=0.01s Sys=0.00s Real=0.00s
[2020-08-05T21:18:53.596-0300] GC(2084) Pause Young (Allocation Failure)
[2020-08-05T21:18:53.598-0300] GC(2084) PSYoungGen: 15216K->448K(15872K)
[2020-08-05T21:18:53.598-0300] GC(2084) ParOldGen: 126633K->126886K(140800K)
[2020-08-05T21:18:53.598-0300] GC(2084) Metaspace: 118946K->118946K(1163264K)
[2020-08-05T21:18:53.598-0300] GC(2084) Pause Young (Allocation Failure) 138M->124M(153M) 2.514ms
[2020-08-05T21:18:53.598-0300] GC(2084) User=0.00s Sys=0.00s Real=0.00s
[2020-08-05T21:19:01.634-0300] GC(2085) Pause Young (Allocation Failure)
[2020-08-05T21:19:01.637-0300] GC(2085) PSYoungGen: 15296K->480K(15872K)
[2020-08-05T21:19:01.637-0300] GC(2085) ParOldGen: 126886K->127250K(140800K)
[2020-08-05T21:19:01.637-0300] GC(2085) Metaspace: 118946K->118946K(1163264K)
[2020-08-05T21:19:01.637-0300] GC(2085) Pause Young (Allocation Failure) 138M->124M(153M) 3.158ms
[2020-08-05T21:19:01.637-0300] GC(2085) User=0.00s Sys=0.00s Real=0.01s
[2020-08-05T21:19:09.848-0300] GC(2086) Pause Young (Allocation Failure)
[2020-08-05T21:19:09.850-0300] GC(2086) PSYoungGen: 15328K->480K(15872K)
[2020-08-05T21:19:09.850-0300] GC(2086) ParOldGen: 127250K->127607K(140800K)
[2020-08-05T21:19:09.850-0300] GC(2086) Metaspace: 118946K->118946K(1163264K)
[2020-08-05T21:19:09.850-0300] GC(2086) Pause Young (Allocation Failure) 139M->125M(153M) 2.393ms
[2020-08-05T21:19:09.850-0300] GC(2086) User=0.01s Sys=0.00s Real=0.00s
[2020-08-05T21:19:20.090-0300] GC(2087) Pause Young (Allocation Failure)
[2020-08-05T21:19:20.093-0300] GC(2087) PSYoungGen: 15328K->400K(15872K)
[2020-08-05T21:19:20.093-0300] GC(2087) ParOldGen: 127607K->127940K(140800K)
[2020-08-05T21:19:20.093-0300] GC(2087) Metaspace: 118946K->118946K(1163264K)
[2020-08-05T21:19:20.093-0300] GC(2087) Pause Young (Allocation Failure) 139M->125M(153M) 2.510ms
[2020-08-05T21:19:20.093-0300] GC(2087) User=0.01s Sys=0.00s Real=0.00s
[2020-08-05T21:19:29.845-0300] GC(2088) Pause Young (Allocation Failure)
[2020-08-05T21:19:29.849-0300] GC(2088) PSYoungGen: 15248K->320K(15872K)
[2020-08-05T21:19:29.849-0300] GC(2088) ParOldGen: 127940K->128244K(140800K)
[2020-08-05T21:19:29.849-0300] GC(2088) Metaspace: 118946K->118946K(1163264K)
[2020-08-05T21:19:29.849-0300] GC(2088) Pause Young (Allocation Failure) 139M->125M(153M) 3.488ms
[2020-08-05T21:19:29.849-0300] GC(2088) User=0.00s Sys=0.00s Real=0.00s
[2020-08-05T21:19:37.167-0300] GC(2089) Pause Young (Allocation Failure)
[2020-08-05T21:19:37.170-0300] GC(2089) PSYoungGen: 15168K->336K(15872K)
[2020-08-05T21:19:37.170-0300] GC(2089) ParOldGen: 128244K->128441K(140800K)
[2020-08-05T21:19:37.170-0300] GC(2089) Metaspace: 118946K->118946K(1163264K)
[2020-08-05T21:19:37.170-0300] GC(2089) Pause Young (Allocation Failure) 140M->125M(153M) 3.107ms
[2020-08-05T21:19:37.170-0300] GC(2089) User=0.01s Sys=0.00s Real=0.00s
[2020-08-05T21:19:46.685-0300] GC(2090) Pause Young (Allocation Failure)
[2020-08-05T21:19:46.688-0300] GC(2090) PSYoungGen: 15184K->320K(15872K)
[2020-08-05T21:19:46.688-0300] GC(2090) ParOldGen: 128441K->128693K(140800K)
[2020-08-05T21:19:46.688-0300] GC(2090) Metaspace: 118946K->118946K(1163264K)
[2020-08-05T21:19:46.688-0300] GC(2090) Pause Young (Allocation Failure) 140M->125M(153M) 3.206ms
[2020-08-05T21:19:46.688-0300] GC(2090) User=0.01s Sys=0.00s Real=0.00s
[2020-08-05T21:19:57.185-0300] GC(2091) Pause Young (Allocation Failure)
[2020-08-05T21:19:57.188-0300] GC(2091) PSYoungGen: 15168K->384K(15872K)
[2020-08-05T21:19:57.188-0300] GC(2091) ParOldGen: 128693K->128910K(140800K)
[2020-08-05T21:19:57.188-0300] GC(2091) Metaspace: 118946K->118946K(1163264K)
[2020-08-05T21:19:57.188-0300] GC(2091) Pause Young (Allocation Failure) 140M->126M(153M) 3.268ms
[2020-08-05T21:19:57.188-0300] GC(2091) User=0.01s Sys=0.00s Real=0.00s
[2020-08-05T21:20:05.090-0300] GC(2092) Pause Young (Allocation Failure)
[2020-08-05T21:20:05.093-0300] GC(2092) PSYoungGen: 15232K->512K(15872K)
[2020-08-05T21:20:05.093-0300] GC(2092) ParOldGen: 128910K->129174K(140800K)
[2020-08-05T21:20:05.093-0300] GC(2092) Metaspace: 118946K->118946K(1163264K)
[2020-08-05T21:20:05.093-0300] GC(2092) Pause Young (Allocation Failure) 140M->126M(153M) 2.874ms
[2020-08-05T21:20:05.093-0300] GC(2092) User=0.00s Sys=0.00s Real=0.00s
[2020-08-05T21:20:05.937-0300] GC(2093) Pause Young (Allocation Failure)
[2020-08-05T21:20:05.941-0300] GC(2093) PSYoungGen: 15360K->417K(15872K)
[2020-08-05T21:20:05.941-0300] GC(2093) ParOldGen: 129174K->129515K(140800K)
[2020-08-05T21:20:05.941-0300] GC(2093) Metaspace: 118950K->118950K(1163264K)
[2020-08-05T21:20:05.941-0300] GC(2093) Pause Young (Allocation Failure) 141M->126M(153M) 3.802ms
[2020-08-05T21:20:05.941-0300] GC(2093) User=0.01s Sys=0.00s Real=0.00s
[2020-08-05T21:20:05.996-0300] GC(2094) Pause Young (Allocation Failure)
[2020-08-05T21:20:05.999-0300] GC(2094) PSYoungGen: 15265K->353K(15872K)
[2020-08-05T21:20:05.999-0300] GC(2094) ParOldGen: 129515K->129811K(140800K)
[2020-08-05T21:20:05.999-0300] GC(2094) Metaspace: 118960K->118960K(1163264K)
[2020-08-05T21:20:05.999-0300] GC(2094) Pause Young (Allocation Failure) 141M->127M(153M) 2.345ms
[2020-08-05T21:20:05.999-0300] GC(2094) User=0.01s Sys=0.00s Real=0.00s
[2020-08-05T21:20:06.027-0300] GC(2095) Pause Young (Allocation Failure)
[2020-08-05T21:20:06.030-0300] GC(2095) PSYoungGen: 15197K->1020K(15872K)
[2020-08-05T21:20:06.030-0300] GC(2095) ParOldGen: 129811K->130146K(140800K)
[2020-08-05T21:20:06.030-0300] GC(2095) Metaspace: 119008K->119008K(1163264K)
[2020-08-05T21:20:06.030-0300] GC(2095) Pause Young (Allocation Failure) 141M->128M(153M) 2.375ms
[2020-08-05T21:20:06.030-0300] GC(2095) User=0.01s Sys=0.00s Real=0.00s
[2020-08-05T21:20:06.056-0300] GC(2096) Pause Young (Allocation Failure)
[2020-08-05T21:20:06.060-0300] GC(2096) PSYoungGen: 15834K->305K(18944K)
[2020-08-05T21:20:06.060-0300] GC(2096) ParOldGen: 130146K->131050K(140800K)
[2020-08-05T21:20:06.060-0300] GC(2096) Metaspace: 119028K->119028K(1163264K)
[2020-08-05T21:20:06.060-0300] GC(2096) Pause Young (Allocation Failure) 142M->128M(156M) 3.166ms
[2020-08-05T21:20:06.060-0300] GC(2096) User=0.01s Sys=0.00s Real=0.00s
[2020-08-05T21:20:09.991-0300] GC(2097) Pause Young (Allocation Failure)
[2020-08-05T21:20:09.994-0300] GC(2097) PSYoungGen: 18225K->406K(18944K)
[2020-08-05T21:20:09.994-0300] GC(2097) ParOldGen: 131050K->131154K(140800K)
[2020-08-05T21:20:09.994-0300] GC(2097) Metaspace: 119033K->119033K(1163264K)
[2020-08-05T21:20:09.994-0300] GC(2097) Pause Young (Allocation Failure) 145M->128M(156M) 3.344ms
[2020-08-05T21:20:09.994-0300] GC(2097) User=0.01s Sys=0.00s Real=0.01s
[2020-08-05T21:20:21.723-0300] GC(2098) Pause Young (Allocation Failure)
[2020-08-05T21:20:21.727-0300] GC(2098) PSYoungGen: 18326K->368K(22528K)
[2020-08-05T21:20:21.727-0300] GC(2098) ParOldGen: 131154K->131545K(140800K)
[2020-08-05T21:20:21.727-0300] GC(2098) Metaspace: 119033K->119033K(1163264K)
[2020-08-05T21:20:21.727-0300] GC(2098) Pause Young (Allocation Failure) 145M->128M(159M) 3.529ms
[2020-08-05T21:20:21.727-0300] GC(2098) User=0.00s Sys=0.00s Real=0.01s
[2020-08-05T21:20:30.090-0300] GC(2099) Pause Young (Allocation Failure)
[2020-08-05T21:20:30.094-0300] GC(2099) PSYoungGen: 21872K->465K(22528K)
[2020-08-05T21:20:30.094-0300] GC(2099) ParOldGen: 131545K->131794K(140800K)
[2020-08-05T21:20:30.094-0300] GC(2099) Metaspace: 119033K->119033K(1163264K)
[2020-08-05T21:20:30.094-0300] GC(2099) Pause Young (Allocation Failure) 149M->129M(159M) 4.167ms
[2020-08-05T21:20:30.094-0300] GC(2099) User=0.01s Sys=0.00s Real=0.01s
[2020-08-05T21:20:43.294-0300] GC(2100) Pause Young (Allocation Failure)
[2020-08-05T21:20:43.298-0300] GC(2100) PSYoungGen: 21969K->480K(27136K)
[2020-08-05T21:20:43.298-0300] GC(2100) ParOldGen: 131794K->132087K(140800K)
[2020-08-05T21:20:43.298-0300] GC(2100) Metaspace: 119033K->119033K(1163264K)
[2020-08-05T21:20:43.298-0300] GC(2100) Pause Young (Allocation Failure) 150M->129M(164M) 3.365ms
[2020-08-05T21:20:43.298-0300] GC(2100) User=0.01s Sys=0.00s Real=0.00s
[2020-08-05T21:20:59.765-0300] GC(2101) Pause Young (Allocation Failure)
[2020-08-05T21:20:59.768-0300] GC(2101) PSYoungGen: 26592K->560K(27136K)
[2020-08-05T21:20:59.768-0300] GC(2101) ParOldGen: 132087K->132456K(140800K)
[2020-08-05T21:20:59.768-0300] GC(2101) Metaspace: 119033K->119033K(1163264K)
[2020-08-05T21:20:59.768-0300] GC(2101) Pause Young (Allocation Failure) 154M->129M(164M) 2.957ms
[2020-08-05T21:20:59.769-0300] GC(2101) User=0.01s Sys=0.00s Real=0.00s
[2020-08-05T21:21:15.627-0300] GC(2102) Pause Young (Allocation Failure)
[2020-08-05T21:21:15.630-0300] GC(2102) PSYoungGen: 26672K->401K(26112K)
[2020-08-05T21:21:15.630-0300] GC(2102) ParOldGen: 132456K->132913K(140800K)
[2020-08-05T21:21:15.630-0300] GC(2102) Metaspace: 119033K->119033K(1163264K)
[2020-08-05T21:21:15.630-0300] GC(2102) Pause Young (Allocation Failure) 155M->130M(163M) 3.174ms
[2020-08-05T21:21:15.630-0300] GC(2102) User=0.01s Sys=0.00s Real=0.00s
[2020-08-05T21:21:32.088-0300] GC(2103) Pause Young (Allocation Failure)
[2020-08-05T21:21:32.092-0300] GC(2103) PSYoungGen: 26001K->465K(26112K)
[2020-08-05T21:21:32.092-0300] GC(2103) ParOldGen: 132913K->133202K(140800K)
[2020-08-05T21:21:32.092-0300] GC(2103) Metaspace: 119033K->119033K(1163264K)
[2020-08-05T21:21:32.092-0300] GC(2103) Pause Young (Allocation Failure) 155M->130M(163M) 3.255ms
[2020-08-05T21:21:32.092-0300] GC(2103) User=0.00s Sys=0.01s Real=0.00s
[2020-08-05T21:21:47.088-0300] GC(2104) Pause Young (Allocation Failure)
[2020-08-05T21:21:47.092-0300] GC(2104) PSYoungGen: 25553K->561K(25600K)
[2020-08-05T21:21:47.092-0300] GC(2104) ParOldGen: 133202K->133459K(140800K)
[2020-08-05T21:21:47.092-0300] GC(2104) Metaspace: 119033K->119033K(1163264K)
[2020-08-05T21:21:47.092-0300] GC(2104) Pause Young (Allocation Failure) 155M->130M(162M) 3.810ms
[2020-08-05T21:21:47.092-0300] GC(2104) User=0.00s Sys=0.00s Real=0.00s
[2020-08-05T21:22:03.088-0300] GC(2105) Pause Young (Allocation Failure)
[2020-08-05T21:22:03.092-0300] GC(2105) PSYoungGen: 25137K->352K(25088K)
[2020-08-05T21:22:03.092-0300] GC(2105) ParOldGen: 133459K->133772K(140800K)
[2020-08-05T21:22:03.092-0300] GC(2105) Metaspace: 119033K->119033K(1163264K)
[2020-08-05T21:22:03.092-0300] GC(2105) Pause Young (Allocation Failure) 154M->130M(162M) 3.454ms
[2020-08-05T21:22:03.092-0300] GC(2105) User=0.00s Sys=0.00s Real=0.00s
[2020-08-05T21:22:09.850-0300] GC(2106) Pause Young (Allocation Failure)
[2020-08-05T21:22:09.853-0300] GC(2106) PSYoungGen: 24928K->224K(25088K)
[2020-08-05T21:22:09.853-0300] GC(2106) ParOldGen: 133772K->133969K(140800K)
[2020-08-05T21:22:09.853-0300] GC(2106) Metaspace: 119033K->119033K(1163264K)
[2020-08-05T21:22:09.853-0300] GC(2106) Pause Young (Allocation Failure) 154M->131M(162M) 3.041ms
[2020-08-05T21:22:09.853-0300] GC(2106) User=0.01s Sys=0.00s Real=0.00s
[2020-08-05T21:22:19.848-0300] GC(2107) Pause Young (Allocation Failure)
[2020-08-05T21:22:19.852-0300] GC(2107) PSYoungGen: 24800K->528K(25600K)
[2020-08-05T21:22:19.852-0300] GC(2107) ParOldGen: 133969K->134069K(140800K)
[2020-08-05T21:22:19.852-0300] GC(2107) Metaspace: 119033K->119033K(1163264K)
[2020-08-05T21:22:19.852-0300] GC(2107) Pause Young (Allocation Failure) 155M->131M(162M) 3.703ms
[2020-08-05T21:22:19.852-0300] GC(2107) User=0.01s Sys=0.00s Real=0.00s
[2020-08-05T21:22:24.171-0300] GC(2108) Pause Young (Allocation Failure)
[2020-08-05T21:22:24.174-0300] GC(2108) PSYoungGen: 25104K->384K(25088K)
[2020-08-05T21:22:24.174-0300] GC(2108) ParOldGen: 134069K->134314K(140800K)
[2020-08-05T21:22:24.174-0300] GC(2108) Metaspace: 119033K->119033K(1163264K)
[2020-08-05T21:22:24.174-0300] GC(2108) Pause Young (Allocation Failure) 155M->131M(162M) 3.879ms
[2020-08-05T21:22:24.174-0300] GC(2108) User=0.01s Sys=0.00s Real=0.01s
[2020-08-05T21:22:26.084-0300] GC(2109) Pause Young (Allocation Failure)
[2020-08-05T21:22:26.088-0300] GC(2109) PSYoungGen: 24960K->384K(25600K)
[2020-08-05T21:22:26.088-0300] GC(2109) ParOldGen: 134314K->134544K(140800K)
[2020-08-05T21:22:26.088-0300] GC(2109) Metaspace: 119033K->119033K(1163264K)
[2020-08-05T21:22:26.088-0300] GC(2109) Pause Young (Allocation Failure) 155M->131M(162M) 4.295ms
[2020-08-05T21:22:26.088-0300] GC(2109) User=0.01s Sys=0.00s Real=0.00s
[2020-08-05T21:22:28.138-0300] GC(2110) Pause Young (Allocation Failure)
[2020-08-05T21:22:28.141-0300] GC(2110) PSYoungGen: 24960K->384K(25088K)
[2020-08-05T21:22:28.141-0300] GC(2110) ParOldGen: 134544K->134753K(140800K)
[2020-08-05T21:22:28.141-0300] GC(2110) Metaspace: 119033K->119033K(1163264K)
[2020-08-05T21:22:28.141-0300] GC(2110) Pause Young (Allocation Failure) 155M->131M(162M) 3.877ms
[2020-08-05T21:22:28.141-0300] GC(2110) User=0.01s Sys=0.00s Real=0.00s
[2020-08-05T21:22:29.986-0300] GC(2111) Pause Young (Allocation Failure)
[2020-08-05T21:22:29.990-0300] GC(2111) PSYoungGen: 24960K->432K(25600K)
[2020-08-05T21:22:29.990-0300] GC(2111) ParOldGen: 134753K->134978K(140800K)
[2020-08-05T21:22:29.990-0300] GC(2111) Metaspace: 119033K->119033K(1163264K)
[2020-08-05T21:22:29.990-0300] GC(2111) Pause Young (Allocation Failure) 155M->132M(162M) 4.183ms
[2020-08-05T21:22:29.990-0300] GC(2111) User=0.01s Sys=0.00s Real=0.00s
[2020-08-05T21:22:32.018-0300] GC(2112) Pause Young (Allocation Failure)
[2020-08-05T21:22:32.022-0300] GC(2112) PSYoungGen: 25008K->416K(25088K)
[2020-08-05T21:22:32.022-0300] GC(2112) ParOldGen: 134978K->135199K(140800K)
[2020-08-05T21:22:32.022-0300] GC(2112) Metaspace: 119033K->119033K(1163264K)
[2020-08-05T21:22:32.022-0300] GC(2112) Pause Young (Allocation Failure) 156M->132M(162M) 4.403ms
[2020-08-05T21:22:32.022-0300] GC(2112) User=0.00s Sys=0.00s Real=0.00s
[2020-08-05T21:22:43.867-0300] GC(2113) Pause Young (Allocation Failure)
[2020-08-05T21:22:43.871-0300] GC(2113) PSYoungGen: 24992K->160K(25600K)
[2020-08-05T21:22:43.871-0300] GC(2113) ParOldGen: 135199K->135287K(140800K)
[2020-08-05T21:22:43.871-0300] GC(2113) Metaspace: 119033K->119033K(1163264K)
[2020-08-05T21:22:43.871-0300] GC(2113) Pause Young (Allocation Failure) 156M->132M(162M) 3.933ms
[2020-08-05T21:22:43.871-0300] GC(2113) User=0.00s Sys=0.00s Real=0.00s
[2020-08-05T21:23:09.853-0300] GC(2114) Pause Young (Allocation Failure)
[2020-08-05T21:23:09.857-0300] GC(2114) PSYoungGen: 24706K->160K(25088K)
[2020-08-05T21:23:09.857-0300] GC(2114) ParOldGen: 135287K->135351K(140800K)
[2020-08-05T21:23:09.857-0300] GC(2114) Metaspace: 119033K->119033K(1163264K)
[2020-08-05T21:23:09.857-0300] GC(2114) Pause Young (Allocation Failure) 156M->132M(162M) 3.354ms
[2020-08-05T21:23:09.857-0300] GC(2114) User=0.01s Sys=0.00s Real=0.01s
[2020-08-05T21:23:32.938-0300] GC(2115) Pause Young (Allocation Failure)
[2020-08-05T21:23:32.942-0300] GC(2115) PSYoungGen: 24736K->672K(25600K)
[2020-08-05T21:23:32.942-0300] GC(2115) ParOldGen: 135351K->135375K(140800K)
[2020-08-05T21:23:32.942-0300] GC(2115) Metaspace: 119033K->119033K(1163264K)
[2020-08-05T21:23:32.942-0300] GC(2115) Pause Young (Allocation Failure) 156M->132M(162M) 3.470ms
[2020-08-05T21:23:32.942-0300] GC(2115) User=0.00s Sys=0.00s Real=0.00s
[2020-08-05T21:23:48.837-0300] GC(2116) Pause Young (Allocation Failure)
[2020-08-05T21:23:48.840-0300] GC(2116) PSYoungGen: 25248K->608K(25600K)
[2020-08-05T21:23:48.840-0300] GC(2116) ParOldGen: 135375K->135983K(140800K)
[2020-08-05T21:23:48.840-0300] GC(2116) Metaspace: 119033K->119033K(1163264K)
[2020-08-05T21:23:48.840-0300] GC(2116) Pause Young (Allocation Failure) 156M->133M(162M) 3.301ms
[2020-08-05T21:23:48.840-0300] GC(2116) User=0.01s Sys=0.00s Real=0.00s
[2020-08-05T21:24:04.634-0300] GC(2117) Pause Young (Allocation Failure)
[2020-08-05T21:24:04.637-0300] GC(2117) PSYoungGen: 25184K->640K(25600K)
[2020-08-05T21:24:04.637-0300] GC(2117) ParOldGen: 135983K->136496K(140800K)
[2020-08-05T21:24:04.637-0300] GC(2117) Metaspace: 119033K->119033K(1163264K)
[2020-08-05T21:24:04.637-0300] GC(2117) Pause Young (Allocation Failure) 157M->133M(162M) 3.191ms
[2020-08-05T21:24:04.637-0300] GC(2117) User=0.01s Sys=0.00s Real=0.00s
[2020-08-05T21:24:06.609-0300] GC(2118) Pause Young (Allocation Failure)
[2020-08-05T21:24:06.612-0300] GC(2118) PSYoungGen: 25216K->384K(25088K)
[2020-08-05T21:24:06.612-0300] GC(2118) ParOldGen: 136496K->137053K(140800K)
[2020-08-05T21:24:06.612-0300] GC(2118) Metaspace: 119033K->119033K(1163264K)
[2020-08-05T21:24:06.612-0300] GC(2118) Pause Young (Allocation Failure) 157M->134M(162M) 3.845ms
[2020-08-05T21:24:06.613-0300] GC(2118) User=0.00s Sys=0.00s Real=0.00s
[2020-08-05T21:24:08.544-0300] GC(2119) Pause Young (Allocation Failure)
[2020-08-05T21:24:08.547-0300] GC(2119) PSYoungGen: 24960K->384K(25600K)
[2020-08-05T21:24:08.547-0300] GC(2119) ParOldGen: 137053K->137326K(140800K)
[2020-08-05T21:24:08.547-0300] GC(2119) Metaspace: 119033K->119033K(1163264K)
[2020-08-05T21:24:08.547-0300] GC(2119) Pause Young (Allocation Failure) 158M->134M(162M) 3.376ms
[2020-08-05T21:24:08.547-0300] GC(2119) User=0.01s Sys=0.00s Real=0.01s
[2020-08-05T21:24:10.457-0300] GC(2120) Pause Young (Allocation Failure)
[2020-08-05T21:24:10.461-0300] GC(2120) PSYoungGen: 24960K->416K(25088K)
[2020-08-05T21:24:10.461-0300] GC(2120) ParOldGen: 137326K->137587K(140800K)
[2020-08-05T21:24:10.461-0300] GC(2120) Metaspace: 119033K->119033K(1163264K)
[2020-08-05T21:24:10.461-0300] GC(2120) Pause Young (Allocation Failure) 158M->134M(162M) 4.042ms
[2020-08-05T21:24:10.461-0300] GC(2120) User=0.01s Sys=0.00s Real=0.00s
[2020-08-05T21:24:12.168-0300] GC(2121) Pause Young (Allocation Failure)
[2020-08-05T21:24:12.172-0300] GC(2121) PSYoungGen: 24992K->384K(25600K)
[2020-08-05T21:24:12.172-0300] GC(2121) ParOldGen: 137587K->137861K(140800K)
[2020-08-05T21:24:12.172-0300] GC(2121) Metaspace: 119033K->119033K(1163264K)
[2020-08-05T21:24:12.172-0300] GC(2121) Pause Young (Allocation Failure) 158M->135M(162M) 3.878ms
[2020-08-05T21:24:12.172-0300] GC(2121) User=0.01s Sys=0.00s Real=0.00s
[2020-08-05T21:24:32.690-0300] GC(2122) Pause Young (Allocation Failure)
[2020-08-05T21:24:32.694-0300] GC(2122) PSYoungGen: 24960K->288K(25088K)
[2020-08-05T21:24:32.695-0300] GC(2122) ParOldGen: 137861K->137969K(140800K)
[2020-08-05T21:24:32.695-0300] GC(2122) Metaspace: 119033K->119033K(1163264K)
[2020-08-05T21:24:32.695-0300] GC(2122) Pause Young (Allocation Failure) 159M->135M(162M) 4.298ms
[2020-08-05T21:24:32.695-0300] GC(2122) User=0.00s Sys=0.00s Real=0.01s
[2020-08-05T21:24:59.847-0300] GC(2123) Pause Young (Allocation Failure)
[2020-08-05T21:24:59.850-0300] GC(2123) PSYoungGen: 24864K->480K(25600K)
[2020-08-05T21:24:59.850-0300] GC(2123) ParOldGen: 137969K->138197K(140800K)
[2020-08-05T21:24:59.850-0300] GC(2123) Metaspace: 119033K->119033K(1163264K)
[2020-08-05T21:24:59.850-0300] GC(2123) Pause Young (Allocation Failure) 159M->135M(162M) 3.087ms
[2020-08-05T21:24:59.850-0300] GC(2123) User=0.00s Sys=0.00s Real=0.00s
[2020-08-05T21:25:17.986-0300] GC(2124) Pause Young (Allocation Failure)
[2020-08-05T21:25:17.989-0300] GC(2124) PSYoungGen: 25056K->464K(25088K)
[2020-08-05T21:25:17.989-0300] GC(2124) ParOldGen: 138197K->138589K(140800K)
[2020-08-05T21:25:17.989-0300] GC(2124) Metaspace: 119033K->119033K(1163264K)
[2020-08-05T21:25:17.989-0300] GC(2124) Pause Young (Allocation Failure) 159M->135M(162M) 3.081ms
[2020-08-05T21:25:17.989-0300] GC(2124) User=0.01s Sys=0.00s Real=0.00s
[2020-08-05T21:25:44.847-0300] GC(2125) Pause Young (Allocation Failure)
[2020-08-05T21:25:44.850-0300] GC(2125) PSYoungGen: 25040K->576K(25600K)
[2020-08-05T21:25:44.850-0300] GC(2125) ParOldGen: 138589K->138941K(140800K)
[2020-08-05T21:25:44.850-0300] GC(2125) Metaspace: 119033K->119033K(1163264K)
[2020-08-05T21:25:44.850-0300] GC(2125) Pause Young (Allocation Failure) 159M->136M(162M) 3.557ms
[2020-08-05T21:25:44.851-0300] GC(2125) User=0.00s Sys=0.00s Real=0.00s
[2020-08-05T21:26:12.082-0300] GC(2126) Pause Young (Allocation Failure)
[2020-08-05T21:26:12.085-0300] GC(2126) PSYoungGen: 25152K->480K(25088K)
[2020-08-05T21:26:12.085-0300] GC(2126) ParOldGen: 138941K->139389K(140800K)
[2020-08-05T21:26:12.085-0300] GC(2126) Metaspace: 119033K->119033K(1163264K)
[2020-08-05T21:26:12.085-0300] GC(2126) Pause Young (Allocation Failure) 160M->136M(162M) 2.516ms
[2020-08-05T21:26:12.085-0300] GC(2126) User=0.01s Sys=0.00s Real=0.01s
[2020-08-05T21:26:25.063-0300] GC(2127) Pause Young (Allocation Failure)
[2020-08-05T21:26:25.066-0300] GC(2127) PSYoungGen: 25056K->560K(25600K)
[2020-08-05T21:26:25.066-0300] GC(2127) ParOldGen: 139389K->139733K(140800K)
[2020-08-05T21:26:25.066-0300] GC(2127) Metaspace: 119033K->119033K(1163264K)
[2020-08-05T21:26:25.066-0300] GC(2127) Pause Young (Allocation Failure) 160M->137M(162M) 3.537ms
[2020-08-05T21:26:25.066-0300] GC(2127) User=0.00s Sys=0.00s Real=0.01s
[2020-08-05T21:26:40.787-0300] GC(2128) Pause Young (Allocation Failure)
[2020-08-05T21:26:40.791-0300] GC(2128) PSYoungGen: 25136K->288K(25088K)
[2020-08-05T21:26:40.791-0300] GC(2128) ParOldGen: 139733K->140146K(140800K)
[2020-08-05T21:26:40.791-0300] GC(2128) Metaspace: 119033K->119033K(1163264K)
[2020-08-05T21:26:40.791-0300] GC(2128) Pause Young (Allocation Failure) 161M->137M(162M) 4.095ms
[2020-08-05T21:26:40.791-0300] GC(2128) User=0.00s Sys=0.00s Real=0.00s
[2020-08-05T21:26:46.576-0300] GC(2129) Pause Young (Allocation Failure)
[2020-08-05T21:26:46.578-0300] GC(2129) PSYoungGen: 24864K->336K(25600K)
[2020-08-05T21:26:46.579-0300] GC(2129) ParOldGen: 140146K->140347K(140800K)
[2020-08-05T21:26:46.579-0300] GC(2129) Metaspace: 119033K->119033K(1163264K)
[2020-08-05T21:26:46.579-0300] GC(2129) Pause Young (Allocation Failure) 161M->137M(162M) 2.972ms
[2020-08-05T21:26:46.579-0300] GC(2129) User=0.01s Sys=0.00s Real=0.00s
[2020-08-05T21:26:46.579-0300] GC(2130) Pause Full (Ergonomics)
[2020-08-05T21:26:46.579-0300] GC(2130) Marking Phase
[2020-08-05T21:26:46.663-0300] GC(2130) Marking Phase 84.296ms
[2020-08-05T21:26:46.663-0300] GC(2130) Summary Phase
[2020-08-05T21:26:46.663-0300] GC(2130) Summary Phase 0.023ms
[2020-08-05T21:26:46.663-0300] GC(2130) Adjust Roots
[2020-08-05T21:26:46.694-0300] GC(2130) Adjust Roots 30.626ms
[2020-08-05T21:26:46.694-0300] GC(2130) Compaction Phase
[2020-08-05T21:26:46.738-0300] GC(2130) Compaction Phase 43.943ms
[2020-08-05T21:26:46.738-0300] GC(2130) Post Compact
[2020-08-05T21:26:46.739-0300] GC(2130) Post Compact 0.780ms
[2020-08-05T21:26:46.739-0300] GC(2130) PSYoungGen: 336K->0K(25088K)
[2020-08-05T21:26:46.739-0300] GC(2130) ParOldGen: 140347K->106669K(141824K)
[2020-08-05T21:26:46.739-0300] GC(2130) Metaspace: 119033K->119033K(1163264K)
[2020-08-05T21:26:46.739-0300] GC(2130) Pause Full (Ergonomics) 137M->104M(163M) 160.088ms
[2020-08-05T21:26:46.739-0300] GC(2130) User=0.42s Sys=0.00s Real=0.16s
[2020-08-05T21:26:48.714-0300] GC(2131) Pause Young (Allocation Failure)
[2020-08-05T21:26:48.717-0300] GC(2131) PSYoungGen: 24575K->497K(25088K)
[2020-08-05T21:26:48.717-0300] GC(2131) ParOldGen: 106669K->106669K(141824K)
[2020-08-05T21:26:48.717-0300] GC(2131) Metaspace: 119033K->119033K(1163264K)
[2020-08-05T21:26:48.717-0300] GC(2131) Pause Young (Allocation Failure) 128M->104M(163M) 3.067ms
[2020-08-05T21:26:48.717-0300] GC(2131) User=0.01s Sys=0.00s Real=0.00s
[2020-08-05T21:26:50.551-0300] GC(2132) Pause Young (Allocation Failure)
[2020-08-05T21:26:50.553-0300] GC(2132) PSYoungGen: 24561K->401K(24576K)
[2020-08-05T21:26:50.553-0300] GC(2132) ParOldGen: 106669K->106971K(141824K)
[2020-08-05T21:26:50.553-0300] GC(2132) Metaspace: 119033K->119033K(1163264K)
[2020-08-05T21:26:50.553-0300] GC(2132) Pause Young (Allocation Failure) 128M->104M(162M) 2.527ms
[2020-08-05T21:26:50.554-0300] GC(2132) User=0.01s Sys=0.00s Real=0.00s
[2020-08-05T21:26:52.454-0300] GC(2133) Pause Young (Allocation Failure)
[2020-08-05T21:26:52.458-0300] GC(2133) PSYoungGen: 24464K->416K(25088K)
[2020-08-05T21:26:52.458-0300] GC(2133) ParOldGen: 106971K->107216K(141824K)
[2020-08-05T21:26:52.458-0300] GC(2133) Metaspace: 119033K->119033K(1163264K)
[2020-08-05T21:26:52.458-0300] GC(2133) Pause Young (Allocation Failure) 128M->105M(163M) 3.584ms
[2020-08-05T21:26:52.458-0300] GC(2133) User=0.00s Sys=0.00s Real=0.00s
[2020-08-05T21:27:07.094-0300] GC(2134) Pause Young (Allocation Failure)
[2020-08-05T21:27:07.097-0300] GC(2134) PSYoungGen: 24480K->192K(25088K)
[2020-08-05T21:27:07.097-0300] GC(2134) ParOldGen: 107216K->107345K(141824K)
[2020-08-05T21:27:07.097-0300] GC(2134) Metaspace: 119033K->119033K(1163264K)
[2020-08-05T21:27:07.097-0300] GC(2134) Pause Young (Allocation Failure) 128M->105M(163M) 2.768ms
[2020-08-05T21:27:07.097-0300] GC(2134) User=0.00s Sys=0.00s Real=0.00s
[2020-08-05T21:27:32.080-0300] GC(2135) Pause Young (Allocation Failure)
[2020-08-05T21:27:32.083-0300] GC(2135) PSYoungGen: 24256K->352K(25088K)
[2020-08-05T21:27:32.083-0300] GC(2135) ParOldGen: 107345K->107417K(141824K)
[2020-08-05T21:27:32.083-0300] GC(2135) Metaspace: 119033K->119033K(1163264K)
[2020-08-05T21:27:32.083-0300] GC(2135) Pause Young (Allocation Failure) 128M->105M(163M) 2.680ms
[2020-08-05T21:27:32.083-0300] GC(2135) User=0.00s Sys=0.00s Real=0.00s
[2020-08-05T21:27:54.848-0300] GC(2136) Pause Young (Allocation Failure)
[2020-08-05T21:27:54.851-0300] GC(2136) PSYoungGen: 24416K->240K(25088K)
[2020-08-05T21:27:54.851-0300] GC(2136) ParOldGen: 107417K->107465K(141824K)
[2020-08-05T21:27:54.851-0300] GC(2136) Metaspace: 119033K->119033K(1163264K)
[2020-08-05T21:27:54.851-0300] GC(2136) Pause Young (Allocation Failure) 128M->105M(163M) 3.006ms
[2020-08-05T21:27:54.851-0300] GC(2136) User=0.00s Sys=0.00s Real=0.00s
[2020-08-05T21:28:09.852-0300] GC(2137) Pause Young (Allocation Failure)
[2020-08-05T21:28:09.856-0300] GC(2137) PSYoungGen: 24304K->471K(25088K)
[2020-08-05T21:28:09.856-0300] GC(2137) ParOldGen: 107465K->107553K(141824K)
[2020-08-05T21:28:09.856-0300] GC(2137) Metaspace: 119033K->119033K(1163264K)
[2020-08-05T21:28:09.856-0300] GC(2137) Pause Young (Allocation Failure) 128M->105M(163M) 3.504ms
[2020-08-05T21:28:09.856-0300] GC(2137) User=0.01s Sys=0.00s Real=0.01s
[2020-08-05T21:28:25.295-0300] GC(2138) Pause Young (Allocation Failure)
[2020-08-05T21:28:25.298-0300] GC(2138) PSYoungGen: 24534K->560K(25088K)
[2020-08-05T21:28:25.298-0300] GC(2138) ParOldGen: 107553K->107782K(141824K)
[2020-08-05T21:28:25.298-0300] GC(2138) Metaspace: 119033K->119033K(1163264K)
[2020-08-05T21:28:25.298-0300] GC(2138) Pause Young (Allocation Failure) 128M->105M(163M) 2.896ms
[2020-08-05T21:28:25.298-0300] GC(2138) User=0.01s Sys=0.00s Real=0.00s
[2020-08-05T21:28:41.094-0300] GC(2139) Pause Young (Allocation Failure)
[2020-08-05T21:28:41.097-0300] GC(2139) PSYoungGen: 24624K->656K(25088K)
[2020-08-05T21:28:41.097-0300] GC(2139) ParOldGen: 107782K->108243K(141824K)
[2020-08-05T21:28:41.097-0300] GC(2139) Metaspace: 119033K->119033K(1163264K)
[2020-08-05T21:28:41.097-0300] GC(2139) Pause Young (Allocation Failure) 129M->106M(163M) 2.641ms
[2020-08-05T21:28:41.097-0300] GC(2139) User=0.01s Sys=0.01s Real=0.00s
[2020-08-05T21:28:56.931-0300] GC(2140) Pause Young (Allocation Failure)
[2020-08-05T21:28:56.934-0300] GC(2140) PSYoungGen: 24720K->608K(25088K)
[2020-08-05T21:28:56.934-0300] GC(2140) ParOldGen: 108243K->108780K(141824K)
[2020-08-05T21:28:56.934-0300] GC(2140) Metaspace: 119033K->119033K(1163264K)
[2020-08-05T21:28:56.934-0300] GC(2140) Pause Young (Allocation Failure) 129M->106M(163M) 3.686ms
[2020-08-05T21:28:56.935-0300] GC(2140) User=0.00s Sys=0.01s Real=0.01s
[2020-08-05T21:28:58.991-0300] GC(2141) Pause Young (Allocation Failure)
[2020-08-05T21:28:58.994-0300] GC(2141) PSYoungGen: 24672K->465K(25088K)
[2020-08-05T21:28:58.994-0300] GC(2141) ParOldGen: 108780K->109305K(141824K)
[2020-08-05T21:28:58.994-0300] GC(2141) Metaspace: 119033K->119033K(1163264K)
[2020-08-05T21:28:58.994-0300] GC(2141) Pause Young (Allocation Failure) 130M->107M(163M) 3.192ms
[2020-08-05T21:28:58.994-0300] GC(2141) User=0.01s Sys=0.00s Real=0.01s
[2020-08-05T21:29:00.841-0300] GC(2142) Pause Young (Allocation Failure)
[2020-08-05T21:29:00.844-0300] GC(2142) PSYoungGen: 24529K->417K(25088K)
[2020-08-05T21:29:00.844-0300] GC(2142) ParOldGen: 109305K->109594K(141824K)
[2020-08-05T21:29:00.844-0300] GC(2142) Metaspace: 119033K->119033K(1163264K)
[2020-08-05T21:29:00.844-0300] GC(2142) Pause Young (Allocation Failure) 130M->107M(163M) 2.450ms
[2020-08-05T21:29:00.844-0300] GC(2142) User=0.00s Sys=0.00s Real=0.00s
[2020-08-05T21:29:09.079-0300] GC(2143) Pause Young (Allocation Failure)
[2020-08-05T21:29:09.082-0300] GC(2143) PSYoungGen: 24481K->448K(25088K)
[2020-08-05T21:29:09.082-0300] GC(2143) ParOldGen: 109594K->109743K(141824K)
[2020-08-05T21:29:09.082-0300] GC(2143) Metaspace: 119033K->119033K(1163264K)
[2020-08-05T21:29:09.082-0300] GC(2143) Pause Young (Allocation Failure) 130M->107M(163M) 3.121ms
[2020-08-05T21:29:09.082-0300] GC(2143) User=0.00s Sys=0.00s Real=0.00s
[2020-08-05T21:29:34.847-0300] GC(2144) Pause Young (Allocation Failure)
[2020-08-05T21:29:34.851-0300] GC(2144) PSYoungGen: 24512K->352K(25088K)
[2020-08-05T21:29:34.851-0300] GC(2144) ParOldGen: 109743K->110043K(141824K)
[2020-08-05T21:29:34.851-0300] GC(2144) Metaspace: 119033K->119033K(1163264K)
[2020-08-05T21:29:34.851-0300] GC(2144) Pause Young (Allocation Failure) 131M->107M(163M) 3.557ms
[2020-08-05T21:29:34.851-0300] GC(2144) User=0.01s Sys=0.00s Real=0.00s
[2020-08-05T21:30:01.595-0300] GC(2145) Pause Young (Allocation Failure)
[2020-08-05T21:30:01.599-0300] GC(2145) PSYoungGen: 24416K->432K(25088K)
[2020-08-05T21:30:01.599-0300] GC(2145) ParOldGen: 110043K->110339K(141824K)
[2020-08-05T21:30:01.599-0300] GC(2145) Metaspace: 119033K->119033K(1163264K)
[2020-08-05T21:30:01.599-0300] GC(2145) Pause Young (Allocation Failure) 131M->108M(163M) 3.765ms
[2020-08-05T21:30:01.599-0300] GC(2145) User=0.00s Sys=0.00s Real=0.00s
[2020-08-05T21:30:16.217-0300] GC(2146) Pause Young (Allocation Failure)
[2020-08-05T21:30:16.219-0300] GC(2146) PSYoungGen: 24496K->561K(25088K)
[2020-08-05T21:30:16.219-0300] GC(2146) ParOldGen: 110339K->110699K(141824K)
[2020-08-05T21:30:16.219-0300] GC(2146) Metaspace: 119033K->119033K(1163264K)
[2020-08-05T21:30:16.219-0300] GC(2146) Pause Young (Allocation Failure) 131M->108M(163M) 2.352ms
[2020-08-05T21:30:16.219-0300] GC(2146) User=0.01s Sys=0.00s Real=0.00s
[2020-08-05T21:30:31.088-0300] GC(2147) Pause Young (Allocation Failure)
[2020-08-05T21:30:31.091-0300] GC(2147) PSYoungGen: 24625K->512K(25088K)
[2020-08-05T21:30:31.091-0300] GC(2147) ParOldGen: 110699K->111140K(141824K)
[2020-08-05T21:30:31.091-0300] GC(2147) Metaspace: 119033K->119033K(1163264K)
[2020-08-05T21:30:31.091-0300] GC(2147) Pause Young (Allocation Failure) 132M->109M(163M) 2.831ms
[2020-08-05T21:30:31.091-0300] GC(2147) User=0.01s Sys=0.00s Real=0.00s
[2020-08-05T21:30:46.096-0300] GC(2148) Pause Young (Allocation Failure)
[2020-08-05T21:30:46.098-0300] GC(2148) PSYoungGen: 24576K->593K(25088K)
[2020-08-05T21:30:46.098-0300] GC(2148) ParOldGen: 111140K->111549K(141824K)
[2020-08-05T21:30:46.098-0300] GC(2148) Metaspace: 119033K->119033K(1163264K)
[2020-08-05T21:30:46.099-0300] GC(2148) Pause Young (Allocation Failure) 132M->109M(163M) 2.783ms
[2020-08-05T21:30:46.099-0300] GC(2148) User=0.01s Sys=0.00s Real=0.00s
[2020-08-05T21:31:01.252-0300] GC(2149) Pause Young (Allocation Failure)
[2020-08-05T21:31:01.256-0300] GC(2149) PSYoungGen: 24657K->544K(25088K)
[2020-08-05T21:31:01.256-0300] GC(2149) ParOldGen: 111549K->111942K(141824K)
[2020-08-05T21:31:01.256-0300] GC(2149) Metaspace: 119033K->119033K(1163264K)
[2020-08-05T21:31:01.257-0300] GC(2149) Pause Young (Allocation Failure) 133M->109M(163M) 5.013ms
[2020-08-05T21:31:01.257-0300] GC(2149) User=0.00s Sys=0.00s Real=0.01s
[2020-08-05T21:31:07.165-0300] GC(2150) Pause Young (Allocation Failure)
[2020-08-05T21:31:07.168-0300] GC(2150) PSYoungGen: 24608K->320K(25088K)
[2020-08-05T21:31:07.168-0300] GC(2150) ParOldGen: 111942K->112359K(141824K)
[2020-08-05T21:31:07.168-0300] GC(2150) Metaspace: 119033K->119033K(1163264K)
[2020-08-05T21:31:07.168-0300] GC(2150) Pause Young (Allocation Failure) 133M->110M(163M) 2.777ms
[2020-08-05T21:31:07.168-0300] GC(2150) User=0.01s Sys=0.00s Real=0.00s
[2020-08-05T21:31:09.110-0300] GC(2151) Pause Young (Allocation Failure)
[2020-08-05T21:31:09.114-0300] GC(2151) PSYoungGen: 24384K->449K(25088K)
[2020-08-05T21:31:09.114-0300] GC(2151) ParOldGen: 112359K->112573K(141824K)
[2020-08-05T21:31:09.114-0300] GC(2151) Metaspace: 119033K->119033K(1163264K)
[2020-08-05T21:31:09.114-0300] GC(2151) Pause Young (Allocation Failure) 133M->110M(163M) 3.837ms
[2020-08-05T21:31:09.114-0300] GC(2151) User=0.00s Sys=0.01s Real=0.01s
[2020-08-05T21:31:10.721-0300] GC(2152) Pause Young (Allocation Failure)
[2020-08-05T21:31:10.724-0300] GC(2152) PSYoungGen: 24513K->337K(25088K)
[2020-08-05T21:31:10.724-0300] GC(2152) ParOldGen: 112573K->112858K(141824K)
[2020-08-05T21:31:10.724-0300] GC(2152) Metaspace: 119033K->119033K(1163264K)
[2020-08-05T21:31:10.724-0300] GC(2152) Pause Young (Allocation Failure) 133M->110M(163M) 3.164ms
[2020-08-05T21:31:10.724-0300] GC(2152) User=0.00s Sys=0.00s Real=0.01s
[2020-08-05T21:31:37.206-0300] GC(2153) Pause Young (Allocation Failure)
[2020-08-05T21:31:37.209-0300] GC(2153) PSYoungGen: 24401K->256K(25088K)
[2020-08-05T21:31:37.209-0300] GC(2153) ParOldGen: 112858K->112970K(141824K)
[2020-08-05T21:31:37.209-0300] GC(2153) Metaspace: 119033K->119033K(1163264K)
[2020-08-05T21:31:37.209-0300] GC(2153) Pause Young (Allocation Failure) 134M->110M(163M) 2.654ms
[2020-08-05T21:31:37.209-0300] GC(2153) User=0.01s Sys=0.01s Real=0.00s
[2020-08-05T21:32:04.847-0300] GC(2154) Pause Young (Allocation Failure)
[2020-08-05T21:32:04.850-0300] GC(2154) PSYoungGen: 24320K->160K(25088K)
[2020-08-05T21:32:04.850-0300] GC(2154) ParOldGen: 112970K->113114K(141824K)
[2020-08-05T21:32:04.850-0300] GC(2154) Metaspace: 119033K->119033K(1163264K)
[2020-08-05T21:32:04.850-0300] GC(2154) Pause Young (Allocation Failure) 134M->110M(163M) 2.898ms
[2020-08-05T21:32:04.850-0300] GC(2154) User=0.01s Sys=0.00s Real=0.00s
[2020-08-05T21:32:20.106-0300] GC(2155) Pause Young (Allocation Failure)
[2020-08-05T21:32:20.108-0300] GC(2155) PSYoungGen: 24224K->480K(25088K)
[2020-08-05T21:32:20.108-0300] GC(2155) ParOldGen: 113114K->113154K(141824K)
[2020-08-05T21:32:20.108-0300] GC(2155) Metaspace: 119062K->119062K(1163264K)
[2020-08-05T21:32:20.108-0300] GC(2155) Pause Young (Allocation Failure) 134M->110M(163M) 2.718ms
[2020-08-05T21:32:20.108-0300] GC(2155) User=0.01s Sys=0.00s Real=0.00s
[2020-08-05T21:32:49.104-0300] GC(2156) Pause Young (Allocation Failure)
[2020-08-05T21:32:49.106-0300] GC(2156) PSYoungGen: 24544K->224K(25088K)
[2020-08-05T21:32:49.106-0300] GC(2156) ParOldGen: 113154K->113242K(141824K)
[2020-08-05T21:32:49.106-0300] GC(2156) Metaspace: 119062K->119062K(1163264K)
[2020-08-05T21:32:49.106-0300] GC(2156) Pause Young (Allocation Failure) 134M->110M(163M) 2.585ms
[2020-08-05T21:32:49.107-0300] GC(2156) User=0.01s Sys=0.00s Real=0.00s
[2020-08-05T21:33:11.376-0300] GC(2157) Pause Young (Allocation Failure)
[2020-08-05T21:33:11.380-0300] GC(2157) PSYoungGen: 24288K->960K(25088K)
[2020-08-05T21:33:11.380-0300] GC(2157) ParOldGen: 113242K->113266K(141824K)
[2020-08-05T21:33:11.380-0300] GC(2157) Metaspace: 119062K->119062K(1163264K)
[2020-08-05T21:33:11.380-0300] GC(2157) Pause Young (Allocation Failure) 134M->111M(163M) 4.346ms
[2020-08-05T21:33:11.380-0300] GC(2157) User=0.01s Sys=0.00s Real=0.00s
[2020-08-05T21:33:27.283-0300] GC(2158) Pause Young (Allocation Failure)
[2020-08-05T21:33:27.287-0300] GC(2158) PSYoungGen: 25024K->785K(25088K)
[2020-08-05T21:33:27.287-0300] GC(2158) ParOldGen: 113266K->114122K(141824K)
[2020-08-05T21:33:27.287-0300] GC(2158) Metaspace: 119062K->119062K(1163264K)
[2020-08-05T21:33:27.287-0300] GC(2158) Pause Young (Allocation Failure) 135M->112M(163M) 3.362ms
[2020-08-05T21:33:27.287-0300] GC(2158) User=0.01s Sys=0.00s Real=0.01s
[2020-08-05T21:33:43.077-0300] GC(2159) Pause Young (Allocation Failure)
[2020-08-05T21:33:43.080-0300] GC(2159) PSYoungGen: 24849K->672K(25088K)
[2020-08-05T21:33:43.080-0300] GC(2159) ParOldGen: 114122K->114760K(141824K)
[2020-08-05T21:33:43.080-0300] GC(2159) Metaspace: 119062K->119062K(1163264K)
[2020-08-05T21:33:43.080-0300] GC(2159) Pause Young (Allocation Failure) 135M->112M(163M) 3.035ms
[2020-08-05T21:33:43.080-0300] GC(2159) User=0.01s Sys=0.00s Real=0.00s
[2020-08-05T21:33:45.035-0300] GC(2160) Pause Young (Allocation Failure)
[2020-08-05T21:33:45.038-0300] GC(2160) PSYoungGen: 24736K->480K(25088K)
[2020-08-05T21:33:45.038-0300] GC(2160) ParOldGen: 114760K->115317K(141824K)
[2020-08-05T21:33:45.038-0300] GC(2160) Metaspace: 119062K->119062K(1163264K)
[2020-08-05T21:33:45.038-0300] GC(2160) Pause Young (Allocation Failure) 136M->113M(163M) 2.530ms
[2020-08-05T21:33:45.038-0300] GC(2160) User=0.00s Sys=0.00s Real=0.00s
[2020-08-05T21:33:46.960-0300] GC(2161) Pause Young (Allocation Failure)
[2020-08-05T21:33:46.963-0300] GC(2161) PSYoungGen: 24544K->416K(25088K)
[2020-08-05T21:33:46.963-0300] GC(2161) ParOldGen: 115317K->115586K(141824K)
[2020-08-05T21:33:46.964-0300] GC(2161) Metaspace: 119062K->119062K(1163264K)
[2020-08-05T21:33:46.964-0300] GC(2161) Pause Young (Allocation Failure) 136M->113M(163M) 3.424ms
[2020-08-05T21:33:46.964-0300] GC(2161) User=0.01s Sys=0.00s Real=0.00s
[2020-08-05T21:33:48.881-0300] GC(2162) Pause Young (Allocation Failure)
[2020-08-05T21:33:48.884-0300] GC(2162) PSYoungGen: 24480K->417K(25088K)
[2020-08-05T21:33:48.884-0300] GC(2162) ParOldGen: 115586K->115835K(141824K)
[2020-08-05T21:33:48.884-0300] GC(2162) Metaspace: 119062K->119062K(1163264K)
[2020-08-05T21:33:48.884-0300] GC(2162) Pause Young (Allocation Failure) 136M->113M(163M) 3.064ms
[2020-08-05T21:33:48.884-0300] GC(2162) User=0.01s Sys=0.00s Real=0.01s
[2020-08-05T21:33:50.576-0300] GC(2163) Pause Young (Allocation Failure)
[2020-08-05T21:33:50.578-0300] GC(2163) PSYoungGen: 24481K->369K(25088K)
[2020-08-05T21:33:50.578-0300] GC(2163) ParOldGen: 115835K->116084K(141824K)
[2020-08-05T21:33:50.578-0300] GC(2163) Metaspace: 119062K->119062K(1163264K)
[2020-08-05T21:33:50.578-0300] GC(2163) Pause Young (Allocation Failure) 137M->113M(163M) 2.366ms
[2020-08-05T21:33:50.578-0300] GC(2163) User=0.00s Sys=0.00s Real=0.00s
[2020-08-05T21:34:09.848-0300] GC(2164) Pause Young (Allocation Failure)
[2020-08-05T21:34:09.851-0300] GC(2164) PSYoungGen: 24433K->640K(25088K)
[2020-08-05T21:34:09.851-0300] GC(2164) ParOldGen: 116084K->116240K(141824K)
[2020-08-05T21:34:09.851-0300] GC(2164) Metaspace: 119062K->119062K(1163264K)
[2020-08-05T21:34:09.851-0300] GC(2164) Pause Young (Allocation Failure) 137M->114M(163M) 2.636ms
[2020-08-05T21:34:09.851-0300] GC(2164) User=0.01s Sys=0.00s Real=0.00s
[2020-08-05T21:34:36.101-0300] GC(2165) Pause Young (Allocation Failure)
[2020-08-05T21:34:36.103-0300] GC(2165) PSYoungGen: 24704K->448K(25088K)
[2020-08-05T21:34:36.103-0300] GC(2165) ParOldGen: 116240K->116745K(141824K)
[2020-08-05T21:34:36.103-0300] GC(2165) Metaspace: 119062K->119062K(1163264K)
[2020-08-05T21:34:36.103-0300] GC(2165) Pause Young (Allocation Failure) 137M->114M(163M) 2.611ms
[2020-08-05T21:34:36.103-0300] GC(2165) User=0.01s Sys=0.00s Real=0.00s
[2020-08-05T21:34:54.847-0300] GC(2166) Pause Young (Allocation Failure)
[2020-08-05T21:34:54.850-0300] GC(2166) PSYoungGen: 24512K->320K(25088K)
[2020-08-05T21:34:54.850-0300] GC(2166) ParOldGen: 116745K->117033K(141824K)
[2020-08-05T21:34:54.850-0300] GC(2166) Metaspace: 119062K->119062K(1163264K)
[2020-08-05T21:34:54.850-0300] GC(2166) Pause Young (Allocation Failure) 137M->114M(163M) 2.822ms
[2020-08-05T21:34:54.850-0300] GC(2166) User=0.00s Sys=0.00s Real=0.00s
[2020-08-05T21:35:21.101-0300] GC(2167) Pause Young (Allocation Failure)
[2020-08-05T21:35:21.104-0300] GC(2167) PSYoungGen: 24384K->640K(25088K)
[2020-08-05T21:35:21.104-0300] GC(2167) ParOldGen: 117033K->117281K(141824K)
[2020-08-05T21:35:21.104-0300] GC(2167) Metaspace: 119062K->119062K(1163264K)
[2020-08-05T21:35:21.104-0300] GC(2167) Pause Young (Allocation Failure) 138M->115M(163M) 3.374ms
[2020-08-05T21:35:21.104-0300] GC(2167) User=0.01s Sys=0.00s Real=0.01s
[2020-08-05T21:35:49.099-0300] GC(2168) Pause Young (Allocation Failure)
[2020-08-05T21:35:49.102-0300] GC(2168) PSYoungGen: 24704K->768K(25088K)
[2020-08-05T21:35:49.102-0300] GC(2168) ParOldGen: 117281K->117745K(141824K)
[2020-08-05T21:35:49.102-0300] GC(2168) Metaspace: 119062K->119062K(1163264K)
[2020-08-05T21:35:49.102-0300] GC(2168) Pause Young (Allocation Failure) 138M->115M(163M) 2.953ms
[2020-08-05T21:35:49.102-0300] GC(2168) User=0.00s Sys=0.00s Real=0.00s
[2020-08-05T21:36:07.259-0300] GC(2169) Pause Young (Allocation Failure)
[2020-08-05T21:36:07.262-0300] GC(2169) PSYoungGen: 24832K->320K(25088K)
[2020-08-05T21:36:07.262-0300] GC(2169) ParOldGen: 117745K->118329K(141824K)
[2020-08-05T21:36:07.262-0300] GC(2169) Metaspace: 119062K->119062K(1163264K)
[2020-08-05T21:36:07.262-0300] GC(2169) Pause Young (Allocation Failure) 139M->115M(163M) 2.918ms
[2020-08-05T21:36:07.262-0300] GC(2169) User=0.01s Sys=0.00s Real=0.00s
[2020-08-05T21:36:34.846-0300] GC(2170) Pause Young (Allocation Failure)
[2020-08-05T21:36:34.849-0300] GC(2170) PSYoungGen: 24384K->256K(25088K)
[2020-08-05T21:36:34.849-0300] GC(2170) ParOldGen: 118329K->118549K(141824K)
[2020-08-05T21:36:34.849-0300] GC(2170) Metaspace: 119062K->119062K(1163264K)
[2020-08-05T21:36:34.849-0300] GC(2170) Pause Young (Allocation Failure) 139M->116M(163M) 2.948ms
[2020-08-05T21:36:34.849-0300] GC(2170) User=0.00s Sys=0.00s Real=0.00s
[2020-08-05T21:36:57.549-0300] GC(2171) Pause Young (Allocation Failure)
[2020-08-05T21:36:57.551-0300] GC(2171) PSYoungGen: 24320K->336K(25088K)
[2020-08-05T21:36:57.551-0300] GC(2171) ParOldGen: 118549K->118549K(141824K)
[2020-08-05T21:36:57.551-0300] GC(2171) Metaspace: 119062K->119062K(1163264K)
[2020-08-05T21:36:57.551-0300] GC(2171) Pause Young (Allocation Failure) 139M->116M(163M) 2.437ms
[2020-08-05T21:36:57.551-0300] GC(2171) User=0.00s Sys=0.00s Real=0.00s
[2020-08-05T21:37:13.099-0300] GC(2172) Pause Young (Allocation Failure)
[2020-08-05T21:37:13.101-0300] GC(2172) PSYoungGen: 24390K->641K(25088K)
[2020-08-05T21:37:13.101-0300] GC(2172) ParOldGen: 118549K->118549K(141824K)
[2020-08-05T21:37:13.101-0300] GC(2172) Metaspace: 119062K->119062K(1163264K)
[2020-08-05T21:37:13.101-0300] GC(2172) Pause Young (Allocation Failure) 139M->116M(163M) 2.598ms
[2020-08-05T21:37:13.101-0300] GC(2172) User=0.01s Sys=0.00s Real=0.00s
[2020-08-05T21:37:24.525-0300] GC(2173) Pause Young (Allocation Failure)
[2020-08-05T21:37:24.529-0300] GC(2173) PSYoungGen: 24705K->913K(25088K)
[2020-08-05T21:37:24.529-0300] GC(2173) ParOldGen: 118549K->118549K(141824K)
[2020-08-05T21:37:24.529-0300] GC(2173) Metaspace: 119062K->119062K(1163264K)
[2020-08-05T21:37:24.529-0300] GC(2173) Pause Young (Allocation Failure) 139M->116M(163M) 3.515ms
[2020-08-05T21:37:24.529-0300] GC(2173) User=0.01s Sys=0.00s Real=0.00s
[2020-08-05T21:37:26.434-0300] GC(2174) Pause Young (Allocation Failure)
[2020-08-05T21:37:26.440-0300] GC(2174) PSYoungGen: 24977K->1009K(25600K)
[2020-08-05T21:37:26.440-0300] GC(2174) ParOldGen: 118549K->118549K(141824K)
[2020-08-05T21:37:26.440-0300] GC(2174) Metaspace: 119062K->119062K(1163264K)
[2020-08-05T21:37:26.440-0300] GC(2174) Pause Young (Allocation Failure) 140M->116M(163M) 5.597ms
[2020-08-05T21:37:26.440-0300] GC(2174) User=0.01s Sys=0.00s Real=0.00s
[2020-08-05T21:37:29.469-0300] GC(2175) Pause Young (Allocation Failure)
[2020-08-05T21:37:29.472-0300] GC(2175) PSYoungGen: 25066K->865K(25600K)
[2020-08-05T21:37:29.472-0300] GC(2175) ParOldGen: 118549K->118765K(141824K)
[2020-08-05T21:37:29.472-0300] GC(2175) Metaspace: 119062K->119062K(1163264K)
[2020-08-05T21:37:29.472-0300] GC(2175) Pause Young (Allocation Failure) 140M->116M(163M) 2.876ms
[2020-08-05T21:37:29.472-0300] GC(2175) User=0.00s Sys=0.00s Real=0.00s
[2020-08-05T21:37:31.331-0300] GC(2176) Pause Young (Allocation Failure)
[2020-08-05T21:37:31.333-0300] GC(2176) PSYoungGen: 24929K->704K(25600K)
[2020-08-05T21:37:31.333-0300] GC(2176) ParOldGen: 118765K->119099K(141824K)
[2020-08-05T21:37:31.333-0300] GC(2176) Metaspace: 119062K->119062K(1163264K)
[2020-08-05T21:37:31.333-0300] GC(2176) Pause Young (Allocation Failure) 140M->116M(163M) 2.543ms
[2020-08-05T21:37:31.333-0300] GC(2176) User=0.00s Sys=0.00s Real=0.00s
[2020-08-05T21:37:33.053-0300] GC(2177) Pause Young (Allocation Failure)
[2020-08-05T21:37:33.055-0300] GC(2177) PSYoungGen: 24768K->610K(25600K)
[2020-08-05T21:37:33.055-0300] GC(2177) ParOldGen: 119099K->119347K(141824K)
[2020-08-05T21:37:33.055-0300] GC(2177) Metaspace: 119062K->119062K(1163264K)
[2020-08-05T21:37:33.055-0300] GC(2177) Pause Young (Allocation Failure) 140M->117M(163M) 2.404ms
[2020-08-05T21:37:33.056-0300] GC(2177) User=0.01s Sys=0.00s Real=0.01s
[2020-08-05T21:37:55.097-0300] GC(2178) Pause Young (Allocation Failure)
[2020-08-05T21:37:55.100-0300] GC(2178) PSYoungGen: 24674K->224K(25600K)
[2020-08-05T21:37:55.100-0300] GC(2178) ParOldGen: 119347K->119495K(141824K)
[2020-08-05T21:37:55.100-0300] GC(2178) Metaspace: 119062K->119062K(1163264K)
[2020-08-05T21:37:55.100-0300] GC(2178) Pause Young (Allocation Failure) 140M->116M(163M) 2.879ms
[2020-08-05T21:37:55.100-0300] GC(2178) User=0.00s Sys=0.00s Real=0.00s
[2020-08-05T21:38:22.601-0300] GC(2179) Pause Young (Allocation Failure)
[2020-08-05T21:38:22.605-0300] GC(2179) PSYoungGen: 24288K->352K(25600K)
[2020-08-05T21:38:22.605-0300] GC(2179) ParOldGen: 119495K->119535K(141824K)
[2020-08-05T21:38:22.605-0300] GC(2179) Metaspace: 119062K->119062K(1163264K)
[2020-08-05T21:38:22.605-0300] GC(2179) Pause Young (Allocation Failure) 140M->117M(163M) 3.433ms
[2020-08-05T21:38:22.605-0300] GC(2179) User=0.01s Sys=0.00s Real=0.01s
[2020-08-05T21:38:40.096-0300] GC(2180) Pause Young (Allocation Failure)
[2020-08-05T21:38:40.099-0300] GC(2180) PSYoungGen: 24416K->672K(25600K)
[2020-08-05T21:38:40.099-0300] GC(2180) ParOldGen: 119535K->119767K(141824K)
[2020-08-05T21:38:40.099-0300] GC(2180) Metaspace: 119062K->119062K(1163264K)
[2020-08-05T21:38:40.099-0300] GC(2180) Pause Young (Allocation Failure) 140M->117M(163M) 3.025ms
[2020-08-05T21:38:40.099-0300] GC(2180) User=0.00s Sys=0.01s Real=0.00s
[2020-08-05T21:39:07.657-0300] GC(2181) Pause Young (Allocation Failure)
[2020-08-05T21:39:07.660-0300] GC(2181) PSYoungGen: 24736K->800K(25600K)
[2020-08-05T21:39:07.660-0300] GC(2181) ParOldGen: 119767K->120279K(141824K)
[2020-08-05T21:39:07.660-0300] GC(2181) Metaspace: 119062K->119062K(1163264K)
[2020-08-05T21:39:07.660-0300] GC(2181) Pause Young (Allocation Failure) 141M->118M(163M) 3.199ms
[2020-08-05T21:39:07.660-0300] GC(2181) User=0.00s Sys=0.00s Real=0.00s
[2020-08-05T21:39:33.830-0300] GC(2182) Pause Young (Allocation Failure)
[2020-08-05T21:39:33.833-0300] GC(2182) PSYoungGen: 24864K->416K(25600K)
[2020-08-05T21:39:33.833-0300] GC(2182) ParOldGen: 120279K->120959K(141824K)
[2020-08-05T21:39:33.833-0300] GC(2182) Metaspace: 119062K->119062K(1163264K)
[2020-08-05T21:39:33.833-0300] GC(2182) Pause Young (Allocation Failure) 141M->118M(163M) 2.423ms
[2020-08-05T21:39:33.833-0300] GC(2182) User=0.01s Sys=0.00s Real=0.00s
[2020-08-05T21:39:49.712-0300] GC(2183) Pause Young (Allocation Failure)
[2020-08-05T21:39:49.715-0300] GC(2183) PSYoungGen: 24480K->480K(25600K)
[2020-08-05T21:39:49.715-0300] GC(2183) ParOldGen: 120959K->121255K(141824K)
[2020-08-05T21:39:49.715-0300] GC(2183) Metaspace: 119062K->119062K(1163264K)
[2020-08-05T21:39:49.715-0300] GC(2183) Pause Young (Allocation Failure) 142M->118M(163M) 2.683ms
[2020-08-05T21:39:49.715-0300] GC(2183) User=0.01s Sys=0.00s Real=0.01s
[2020-08-05T21:40:04.846-0300] GC(2184) Pause Young (Allocation Failure)
[2020-08-05T21:40:04.848-0300] GC(2184) PSYoungGen: 24544K->576K(25600K)
[2020-08-05T21:40:04.849-0300] GC(2184) ParOldGen: 121255K->121608K(141824K)
[2020-08-05T21:40:04.849-0300] GC(2184) Metaspace: 119062K->119062K(1163264K)
[2020-08-05T21:40:04.849-0300] GC(2184) Pause Young (Allocation Failure) 142M->119M(163M) 2.994ms
[2020-08-05T21:40:04.849-0300] GC(2184) User=0.01s Sys=0.00s Real=0.00s
[2020-08-05T21:40:07.521-0300] GC(2185) Pause Young (Allocation Failure)
[2020-08-05T21:40:07.524-0300] GC(2185) PSYoungGen: 24636K->528K(25088K)
[2020-08-05T21:40:07.524-0300] GC(2185) ParOldGen: 121608K->122081K(141824K)
[2020-08-05T21:40:07.524-0300] GC(2185) Metaspace: 119062K->119062K(1163264K)
[2020-08-05T21:40:07.524-0300] GC(2185) Pause Young (Allocation Failure) 142M->119M(163M) 2.998ms
[2020-08-05T21:40:07.524-0300] GC(2185) User=0.01s Sys=0.00s Real=0.01s
[2020-08-05T21:40:09.482-0300] GC(2186) Pause Young (Allocation Failure)
[2020-08-05T21:40:09.485-0300] GC(2186) PSYoungGen: 24585K->416K(25088K)
[2020-08-05T21:40:09.485-0300] GC(2186) ParOldGen: 122081K->122387K(141824K)
[2020-08-05T21:40:09.485-0300] GC(2186) Metaspace: 119062K->119062K(1163264K)
[2020-08-05T21:40:09.485-0300] GC(2186) Pause Young (Allocation Failure) 143M->119M(163M) 3.471ms
[2020-08-05T21:40:09.485-0300] GC(2186) User=0.01s Sys=0.00s Real=0.01s
[2020-08-05T21:40:11.273-0300] GC(2187) Pause Young (Allocation Failure)
[2020-08-05T21:40:11.276-0300] GC(2187) PSYoungGen: 24480K->496K(25088K)
[2020-08-05T21:40:11.276-0300] GC(2187) ParOldGen: 122387K->122632K(141824K)
[2020-08-05T21:40:11.276-0300] GC(2187) Metaspace: 119062K->119062K(1163264K)
[2020-08-05T21:40:11.276-0300] GC(2187) Pause Young (Allocation Failure) 143M->120M(163M) 3.540ms
[2020-08-05T21:40:11.276-0300] GC(2187) User=0.01s Sys=0.00s Real=0.01s
[2020-08-05T21:40:13.086-0300] GC(2188) Pause Young (Allocation Failure)
[2020-08-05T21:40:13.089-0300] GC(2188) PSYoungGen: 24560K->400K(25088K)
[2020-08-05T21:40:13.089-0300] GC(2188) ParOldGen: 122632K->122952K(141824K)
[2020-08-05T21:40:13.089-0300] GC(2188) Metaspace: 119062K->119062K(1163264K)
[2020-08-05T21:40:13.089-0300] GC(2188) Pause Young (Allocation Failure) 143M->120M(163M) 3.580ms
[2020-08-05T21:40:13.089-0300] GC(2188) User=0.00s Sys=0.00s Real=0.00s
[2020-08-05T21:40:29.846-0300] GC(2189) Pause Young (Allocation Failure)
[2020-08-05T21:40:29.849-0300] GC(2189) PSYoungGen: 24464K->352K(25088K)
[2020-08-05T21:40:29.849-0300] GC(2189) ParOldGen: 122952K->123076K(141824K)
[2020-08-05T21:40:29.849-0300] GC(2189) Metaspace: 119062K->119062K(1163264K)
[2020-08-05T21:40:29.849-0300] GC(2189) Pause Young (Allocation Failure) 143M->120M(163M) 3.223ms
[2020-08-05T21:40:29.849-0300] GC(2189) User=0.01s Sys=0.00s Real=0.00s
[2020-08-05T21:40:55.376-0300] GC(2190) Pause Young (Allocation Failure)
[2020-08-05T21:40:55.379-0300] GC(2190) PSYoungGen: 24416K->528K(25088K)
[2020-08-05T21:40:55.379-0300] GC(2190) ParOldGen: 123076K->123296K(141824K)
[2020-08-05T21:40:55.379-0300] GC(2190) Metaspace: 119062K->119062K(1163264K)
[2020-08-05T21:40:55.379-0300] GC(2190) Pause Young (Allocation Failure) 144M->120M(163M) 2.976ms
[2020-08-05T21:40:55.379-0300] GC(2190) User=0.00s Sys=0.00s Real=0.00s
[2020-08-05T21:41:14.846-0300] GC(2191) Pause Young (Allocation Failure)
[2020-08-05T21:41:14.849-0300] GC(2191) PSYoungGen: 24592K->336K(25088K)
[2020-08-05T21:41:14.849-0300] GC(2191) ParOldGen: 123296K->123753K(141824K)
[2020-08-05T21:41:14.849-0300] GC(2191) Metaspace: 119062K->119062K(1163264K)
[2020-08-05T21:41:14.849-0300] GC(2191) Pause Young (Allocation Failure) 144M->121M(163M) 2.404ms
[2020-08-05T21:41:14.849-0300] GC(2191) User=0.00s Sys=0.00s Real=0.00s
[2020-08-05T21:41:41.092-0300] GC(2192) Pause Young (Allocation Failure)
[2020-08-05T21:41:41.095-0300] GC(2192) PSYoungGen: 24400K->352K(25088K)
[2020-08-05T21:41:41.095-0300] GC(2192) ParOldGen: 123753K->123933K(141824K)
[2020-08-05T21:41:41.095-0300] GC(2192) Metaspace: 119062K->119062K(1163264K)
[2020-08-05T21:41:41.095-0300] GC(2192) Pause Young (Allocation Failure) 144M->121M(163M) 2.538ms
[2020-08-05T21:41:41.095-0300] GC(2192) User=0.01s Sys=0.00s Real=0.01s
[2020-08-05T21:42:09.846-0300] GC(2193) Pause Young (Allocation Failure)
[2020-08-05T21:42:09.848-0300] GC(2193) PSYoungGen: 24416K->160K(25088K)
[2020-08-05T21:42:09.848-0300] GC(2193) ParOldGen: 123933K->124077K(141824K)
[2020-08-05T21:42:09.848-0300] GC(2193) Metaspace: 119062K->119062K(1163264K)
[2020-08-05T21:42:09.848-0300] GC(2193) Pause Young (Allocation Failure) 144M->121M(163M) 2.751ms
[2020-08-05T21:42:09.849-0300] GC(2193) User=0.01s Sys=0.00s Real=0.00s
[2020-08-05T21:42:24.846-0300] GC(2194) Pause Young (Allocation Failure)
[2020-08-05T21:42:24.849-0300] GC(2194) PSYoungGen: 24224K->512K(25088K)
[2020-08-05T21:42:24.849-0300] GC(2194) ParOldGen: 124077K->124101K(141824K)
[2020-08-05T21:42:24.850-0300] GC(2194) Metaspace: 119062K->119062K(1163264K)
[2020-08-05T21:42:24.850-0300] GC(2194) Pause Young (Allocation Failure) 144M->121M(163M) 3.332ms
[2020-08-05T21:42:24.850-0300] GC(2194) User=0.01s Sys=0.00s Real=0.00s
[2020-08-05T21:42:52.336-0300] GC(2195) Pause Young (Allocation Failure)
[2020-08-05T21:42:52.339-0300] GC(2195) PSYoungGen: 24576K->160K(25088K)
[2020-08-05T21:42:52.339-0300] GC(2195) ParOldGen: 124101K->124312K(141824K)
[2020-08-05T21:42:52.339-0300] GC(2195) Metaspace: 119062K->119062K(1163264K)
[2020-08-05T21:42:52.339-0300] GC(2195) Pause Young (Allocation Failure) 145M->121M(163M) 2.555ms
[2020-08-05T21:42:52.339-0300] GC(2195) User=0.01s Sys=0.00s Real=0.00s
[2020-08-05T21:43:14.973-0300] GC(2196) Pause Young (Allocation Failure)
[2020-08-05T21:43:14.975-0300] GC(2196) PSYoungGen: 24224K->224K(25088K)
[2020-08-05T21:43:14.975-0300] GC(2196) ParOldGen: 124312K->124344K(141824K)
[2020-08-05T21:43:14.975-0300] GC(2196) Metaspace: 119062K->119062K(1163264K)
[2020-08-05T21:43:14.975-0300] GC(2196) Pause Young (Allocation Failure) 145M->121M(163M) 2.519ms
[2020-08-05T21:43:14.975-0300] GC(2196) User=0.00s Sys=0.01s Real=0.01s
[2020-08-05T21:43:30.688-0300] GC(2197) Pause Young (Allocation Failure)
[2020-08-05T21:43:30.690-0300] GC(2197) PSYoungGen: 24288K->721K(25088K)
[2020-08-05T21:43:30.690-0300] GC(2197) ParOldGen: 124344K->124344K(141824K)
[2020-08-05T21:43:30.690-0300] GC(2197) Metaspace: 119062K->119062K(1163264K)
[2020-08-05T21:43:30.690-0300] GC(2197) Pause Young (Allocation Failure) 145M->122M(163M) 2.824ms
[2020-08-05T21:43:30.691-0300] GC(2197) User=0.00s Sys=0.00s Real=0.00s
[2020-08-05T21:43:46.454-0300] GC(2198) Pause Young (Allocation Failure)
[2020-08-05T21:43:46.457-0300] GC(2198) PSYoungGen: 24785K->992K(24576K)
[2020-08-05T21:43:46.457-0300] GC(2198) ParOldGen: 124344K->124586K(141824K)
[2020-08-05T21:43:46.457-0300] GC(2198) Metaspace: 119062K->119062K(1163264K)
[2020-08-05T21:43:46.457-0300] GC(2198) Pause Young (Allocation Failure) 145M->122M(162M) 2.844ms
[2020-08-05T21:43:46.457-0300] GC(2198) User=0.00s Sys=0.00s Real=0.00s
[2020-08-05T21:43:48.428-0300] GC(2199) Pause Young (Allocation Failure)
[2020-08-05T21:43:48.432-0300] GC(2199) PSYoungGen: 24544K->864K(25088K)
[2020-08-05T21:43:48.432-0300] GC(2199) ParOldGen: 124586K->125126K(141824K)
[2020-08-05T21:43:48.432-0300] GC(2199) Metaspace: 119062K->119062K(1163264K)
[2020-08-05T21:43:48.432-0300] GC(2199) Pause Young (Allocation Failure) 145M->123M(163M) 4.014ms
[2020-08-05T21:43:48.432-0300] GC(2199) User=0.01s Sys=0.00s Real=0.00s
[2020-08-05T21:43:50.317-0300] GC(2200) Pause Young (Allocation Failure)
[2020-08-05T21:43:50.320-0300] GC(2200) PSYoungGen: 24416K->400K(25088K)
[2020-08-05T21:43:50.320-0300] GC(2200) ParOldGen: 125126K->125816K(141824K)
[2020-08-05T21:43:50.320-0300] GC(2200) Metaspace: 119062K->119062K(1163264K)
[2020-08-05T21:43:50.320-0300] GC(2200) Pause Young (Allocation Failure) 146M->123M(163M) 2.483ms
[2020-08-05T21:43:50.320-0300] GC(2200) User=0.01s Sys=0.00s Real=0.00s
[2020-08-05T21:43:52.216-0300] GC(2201) Pause Young (Allocation Failure)
[2020-08-05T21:43:52.219-0300] GC(2201) PSYoungGen: 23952K->416K(25088K)
[2020-08-05T21:43:52.220-0300] GC(2201) ParOldGen: 125816K->126057K(141824K)
[2020-08-05T21:43:52.220-0300] GC(2201) Metaspace: 119062K->119062K(1163264K)
[2020-08-05T21:43:52.220-0300] GC(2201) Pause Young (Allocation Failure) 146M->123M(163M) 3.695ms
[2020-08-05T21:43:52.220-0300] GC(2201) User=0.00s Sys=0.00s Real=0.00s
[2020-08-05T21:43:53.903-0300] GC(2202) Pause Young (Allocation Failure)
[2020-08-05T21:43:53.906-0300] GC(2202) PSYoungGen: 23968K->416K(25088K)
[2020-08-05T21:43:53.906-0300] GC(2202) ParOldGen: 126057K->126338K(141824K)
[2020-08-05T21:43:53.906-0300] GC(2202) Metaspace: 119062K->119062K(1163264K)
[2020-08-05T21:43:53.906-0300] GC(2202) Pause Young (Allocation Failure) 146M->123M(163M) 3.313ms
[2020-08-05T21:43:53.906-0300] GC(2202) User=0.00s Sys=0.00s Real=0.01s
[2020-08-05T21:44:11.090-0300] GC(2203) Pause Young (Allocation Failure)
[2020-08-05T21:44:11.094-0300] GC(2203) PSYoungGen: 23968K->704K(25088K)
[2020-08-05T21:44:11.094-0300] GC(2203) ParOldGen: 126338K->126414K(141824K)
[2020-08-05T21:44:11.094-0300] GC(2203) Metaspace: 119062K->119062K(1163264K)
[2020-08-05T21:44:11.094-0300] GC(2203) Pause Young (Allocation Failure) 146M->124M(163M) 3.192ms
[2020-08-05T21:44:11.094-0300] GC(2203) User=0.00s Sys=0.00s Real=0.00s
[2020-08-05T21:44:37.318-0300] GC(2204) Pause Young (Allocation Failure)
[2020-08-05T21:44:37.322-0300] GC(2204) PSYoungGen: 24256K->320K(25088K)
[2020-08-05T21:44:37.322-0300] GC(2204) ParOldGen: 126414K->126910K(141824K)
[2020-08-05T21:44:37.322-0300] GC(2204) Metaspace: 119062K->119062K(1163264K)
[2020-08-05T21:44:37.322-0300] GC(2204) Pause Young (Allocation Failure) 147M->124M(163M) 3.401ms
[2020-08-05T21:44:37.322-0300] GC(2204) User=0.00s Sys=0.00s Real=0.00s
[2020-08-05T21:44:59.777-0300] GC(2205) Pause Young (Allocation Failure)
[2020-08-05T21:44:59.779-0300] GC(2205) PSYoungGen: 23871K->448K(25088K)
[2020-08-05T21:44:59.779-0300] GC(2205) ParOldGen: 126910K->127142K(141824K)
[2020-08-05T21:44:59.779-0300] GC(2205) Metaspace: 119062K->119062K(1163264K)
[2020-08-05T21:44:59.779-0300] GC(2205) Pause Young (Allocation Failure) 147M->124M(163M) 2.549ms
[2020-08-05T21:44:59.779-0300] GC(2205) User=0.00s Sys=0.00s Real=0.00s
[2020-08-05T21:45:14.845-0300] GC(2206) Pause Young (Allocation Failure)
[2020-08-05T21:45:14.848-0300] GC(2206) PSYoungGen: 24000K->592K(25088K)
[2020-08-05T21:45:14.848-0300] GC(2206) ParOldGen: 127142K->127510K(141824K)
[2020-08-05T21:45:14.848-0300] GC(2206) Metaspace: 119062K->119062K(1163264K)
[2020-08-05T21:45:14.848-0300] GC(2206) Pause Young (Allocation Failure) 147M->125M(163M) 2.767ms
[2020-08-05T21:45:14.848-0300] GC(2206) User=0.00s Sys=0.00s Real=0.00s
[2020-08-05T21:45:26.578-0300] GC(2207) Pause Young (Allocation Failure)
[2020-08-05T21:45:26.581-0300] GC(2207) PSYoungGen: 24142K->448K(24064K)
[2020-08-05T21:45:26.581-0300] GC(2207) ParOldGen: 127510K->128000K(141824K)
[2020-08-05T21:45:26.581-0300] GC(2207) Metaspace: 119062K->119062K(1163264K)
[2020-08-05T21:45:26.581-0300] GC(2207) Pause Young (Allocation Failure) 148M->125M(162M) 2.944ms
[2020-08-05T21:45:26.581-0300] GC(2207) User=0.00s Sys=0.00s Real=0.00s
[2020-08-05T21:45:28.603-0300] GC(2208) Pause Young (Allocation Failure)
[2020-08-05T21:45:28.605-0300] GC(2208) PSYoungGen: 24000K->416K(24576K)
[2020-08-05T21:45:28.605-0300] GC(2208) ParOldGen: 128000K->128317K(141824K)
[2020-08-05T21:45:28.605-0300] GC(2208) Metaspace: 119062K->119062K(1163264K)
[2020-08-05T21:45:28.605-0300] GC(2208) Pause Young (Allocation Failure) 148M->125M(162M) 2.561ms
[2020-08-05T21:45:28.605-0300] GC(2208) User=0.01s Sys=0.00s Real=0.01s
[2020-08-05T21:45:30.323-0300] GC(2209) Pause Young (Allocation Failure)
[2020-08-05T21:45:30.327-0300] GC(2209) PSYoungGen: 23968K->336K(24576K)
[2020-08-05T21:45:30.327-0300] GC(2209) ParOldGen: 128317K->128566K(141824K)
[2020-08-05T21:45:30.327-0300] GC(2209) Metaspace: 119062K->119062K(1163264K)
[2020-08-05T21:45:30.327-0300] GC(2209) Pause Young (Allocation Failure) 148M->125M(162M) 4.175ms
[2020-08-05T21:45:30.327-0300] GC(2209) User=0.00s Sys=0.00s Real=0.01s
[2020-08-05T21:45:32.284-0300] GC(2210) Pause Young (Allocation Failure)
[2020-08-05T21:45:32.289-0300] GC(2210) PSYoungGen: 23888K->480K(24576K)
[2020-08-05T21:45:32.289-0300] GC(2210) ParOldGen: 128566K->128755K(141824K)
[2020-08-05T21:45:32.289-0300] GC(2210) Metaspace: 119062K->119062K(1163264K)
[2020-08-05T21:45:32.289-0300] GC(2210) Pause Young (Allocation Failure) 148M->126M(162M) 4.239ms
[2020-08-05T21:45:32.289-0300] GC(2210) User=0.01s Sys=0.00s Real=0.00s
[2020-08-05T21:45:33.866-0300] GC(2211) Pause Young (Allocation Failure)
[2020-08-05T21:45:33.870-0300] GC(2211) PSYoungGen: 24032K->480K(24576K)
[2020-08-05T21:45:33.870-0300] GC(2211) ParOldGen: 128755K->129088K(141824K)
[2020-08-05T21:45:33.870-0300] GC(2211) Metaspace: 119062K->119062K(1163264K)
[2020-08-05T21:45:33.870-0300] GC(2211) Pause Young (Allocation Failure) 149M->126M(162M) 3.985ms
[2020-08-05T21:45:33.870-0300] GC(2211) User=0.01s Sys=0.00s Real=0.00s
[2020-08-05T21:45:54.849-0300] GC(2212) Pause Young (Allocation Failure)
[2020-08-05T21:45:54.852-0300] GC(2212) PSYoungGen: 24032K->416K(24576K)
[2020-08-05T21:45:54.852-0300] GC(2212) ParOldGen: 129088K->129244K(141824K)
[2020-08-05T21:45:54.852-0300] GC(2212) Metaspace: 119062K->119062K(1163264K)
[2020-08-05T21:45:54.852-0300] GC(2212) Pause Young (Allocation Failure) 149M->126M(162M) 2.920ms
[2020-08-05T21:45:54.852-0300] GC(2212) User=0.00s Sys=0.00s Real=0.00s
[2020-08-05T21:46:20.115-0300] GC(2213) Pause Young (Allocation Failure)
[2020-08-05T21:46:20.118-0300] GC(2213) PSYoungGen: 23968K->416K(24576K)
[2020-08-05T21:46:20.118-0300] GC(2213) ParOldGen: 129244K->129540K(141824K)
[2020-08-05T21:46:20.118-0300] GC(2213) Metaspace: 119062K->119062K(1163264K)
[2020-08-05T21:46:20.118-0300] GC(2213) Pause Young (Allocation Failure) 149M->126M(162M) 2.531ms
[2020-08-05T21:46:20.118-0300] GC(2213) User=0.01s Sys=0.00s Real=0.00s
[2020-08-05T21:46:39.759-0300] GC(2214) Pause Young (Allocation Failure)
[2020-08-05T21:46:39.761-0300] GC(2214) PSYoungGen: 23968K->160K(24576K)
[2020-08-05T21:46:39.761-0300] GC(2214) ParOldGen: 129540K->129804K(141824K)
[2020-08-05T21:46:39.761-0300] GC(2214) Metaspace: 119062K->119062K(1163264K)
[2020-08-05T21:46:39.761-0300] GC(2214) Pause Young (Allocation Failure) 149M->126M(162M) 2.515ms
[2020-08-05T21:46:39.762-0300] GC(2214) User=0.00s Sys=0.00s Real=0.00s
[2020-08-05T21:47:05.115-0300] GC(2215) Pause Young (Allocation Failure)
[2020-08-05T21:47:05.118-0300] GC(2215) PSYoungGen: 23712K->224K(24576K)
[2020-08-05T21:47:05.118-0300] GC(2215) ParOldGen: 129804K->129856K(141824K)
[2020-08-05T21:47:05.118-0300] GC(2215) Metaspace: 119062K->119062K(1163264K)
[2020-08-05T21:47:05.118-0300] GC(2215) Pause Young (Allocation Failure) 149M->127M(162M) 2.793ms
[2020-08-05T21:47:05.118-0300] GC(2215) User=0.01s Sys=0.01s Real=0.00s
[2020-08-05T21:47:29.937-0300] GC(2216) Pause Young (Allocation Failure)
[2020-08-05T21:47:29.940-0300] GC(2216) PSYoungGen: 23776K->320K(24576K)
[2020-08-05T21:47:29.940-0300] GC(2216) ParOldGen: 129856K->129872K(141824K)
[2020-08-05T21:47:29.940-0300] GC(2216) Metaspace: 119062K->119062K(1163264K)
[2020-08-05T21:47:29.940-0300] GC(2216) Pause Young (Allocation Failure) 150M->127M(162M) 2.730ms
[2020-08-05T21:47:29.940-0300] GC(2216) User=0.01s Sys=0.00s Real=0.00s
[2020-08-05T21:47:45.437-0300] GC(2217) Pause Young (Allocation Failure)
[2020-08-05T21:47:45.440-0300] GC(2217) PSYoungGen: 23872K->224K(24576K)
[2020-08-05T21:47:45.440-0300] GC(2217) ParOldGen: 129872K->129912K(141824K)
[2020-08-05T21:47:45.440-0300] GC(2217) Metaspace: 119062K->119062K(1163264K)
[2020-08-05T21:47:45.440-0300] GC(2217) Pause Young (Allocation Failure) 150M->127M(162M) 3.030ms
[2020-08-05T21:47:45.440-0300] GC(2217) User=0.01s Sys=0.00s Real=0.00s
[2020-08-05T21:48:01.253-0300] GC(2218) Pause Young (Allocation Failure)
[2020-08-05T21:48:01.256-0300] GC(2218) PSYoungGen: 23775K->273K(24576K)
[2020-08-05T21:48:01.256-0300] GC(2218) ParOldGen: 129912K->130057K(141824K)
[2020-08-05T21:48:01.256-0300] GC(2218) Metaspace: 119062K->119062K(1163264K)
[2020-08-05T21:48:01.256-0300] GC(2218) Pause Young (Allocation Failure) 150M->127M(162M) 2.880ms
[2020-08-05T21:48:01.256-0300] GC(2218) User=0.01s Sys=0.00s Real=0.01s
[2020-08-05T21:48:17.205-0300] GC(2219) Pause Young (Allocation Failure)
[2020-08-05T21:48:17.208-0300] GC(2219) PSYoungGen: 23825K->352K(24576K)
[2020-08-05T21:48:17.208-0300] GC(2219) ParOldGen: 130057K->130238K(141824K)
[2020-08-05T21:48:17.208-0300] GC(2219) Metaspace: 119062K->119062K(1163264K)
[2020-08-05T21:48:17.208-0300] GC(2219) Pause Young (Allocation Failure) 150M->127M(162M) 3.018ms
[2020-08-05T21:48:17.208-0300] GC(2219) User=0.00s Sys=0.00s Real=0.00s
[2020-08-05T21:48:31.936-0300] GC(2220) Pause Young (Allocation Failure)
[2020-08-05T21:48:31.940-0300] GC(2220) PSYoungGen: 23902K->704K(24576K)
[2020-08-05T21:48:31.940-0300] GC(2220) ParOldGen: 130238K->130495K(141824K)
[2020-08-05T21:48:31.940-0300] GC(2220) Metaspace: 119062K->119062K(1163264K)
[2020-08-05T21:48:31.940-0300] GC(2220) Pause Young (Allocation Failure) 150M->128M(162M) 4.101ms
[2020-08-05T21:48:31.940-0300] GC(2220) User=0.01s Sys=0.00s Real=0.00s
[2020-08-05T21:48:45.112-0300] GC(2221) Pause Young (Allocation Failure)
[2020-08-05T21:48:45.115-0300] GC(2221) PSYoungGen: 24256K->720K(24576K)
[2020-08-05T21:48:45.115-0300] GC(2221) ParOldGen: 130495K->131037K(141824K)
[2020-08-05T21:48:45.115-0300] GC(2221) Metaspace: 119062K->119062K(1163264K)
[2020-08-05T21:48:45.115-0300] GC(2221) Pause Young (Allocation Failure) 151M->128M(162M) 2.996ms
[2020-08-05T21:48:45.116-0300] GC(2221) User=0.00s Sys=0.00s Real=0.01s
[2020-08-05T21:48:59.849-0300] GC(2222) Pause Young (Allocation Failure)
[2020-08-05T21:48:59.854-0300] GC(2222) PSYoungGen: 24272K->656K(24576K)
[2020-08-05T21:48:59.854-0300] GC(2222) ParOldGen: 131037K->131594K(141824K)
[2020-08-05T21:48:59.854-0300] GC(2222) Metaspace: 119062K->119062K(1163264K)
[2020-08-05T21:48:59.854-0300] GC(2222) Pause Young (Allocation Failure) 151M->129M(162M) 4.735ms
[2020-08-05T21:48:59.854-0300] GC(2222) User=0.01s Sys=0.00s Real=0.00s
[2020-08-05T21:49:15.362-0300] GC(2223) Pause Young (Allocation Failure)
[2020-08-05T21:49:15.365-0300] GC(2223) PSYoungGen: 24208K->608K(24576K)
[2020-08-05T21:49:15.365-0300] GC(2223) ParOldGen: 131594K->132107K(141824K)
[2020-08-05T21:49:15.365-0300] GC(2223) Metaspace: 119062K->119062K(1163264K)
[2020-08-05T21:49:15.365-0300] GC(2223) Pause Young (Allocation Failure) 152M->129M(162M) 2.719ms
[2020-08-05T21:49:15.365-0300] GC(2223) User=0.00s Sys=0.00s Real=0.01s
[2020-08-05T21:49:26.195-0300] GC(2224) Pause Young (Allocation Failure)
[2020-08-05T21:49:26.197-0300] GC(2224) PSYoungGen: 24160K->768K(24576K)
[2020-08-05T21:49:26.197-0300] GC(2224) ParOldGen: 132107K->132107K(141824K)
[2020-08-05T21:49:26.197-0300] GC(2224) Metaspace: 119062K->119062K(1163264K)
[2020-08-05T21:49:26.197-0300] GC(2224) Pause Young (Allocation Failure) 152M->129M(162M) 2.599ms
[2020-08-05T21:49:26.197-0300] GC(2224) User=0.01s Sys=0.00s Real=0.00s
[2020-08-05T21:49:42.130-0300] GC(2225) Pause Young (Allocation Failure)
[2020-08-05T21:49:42.133-0300] GC(2225) PSYoungGen: 24320K->1009K(24576K)
[2020-08-05T21:49:42.133-0300] GC(2225) ParOldGen: 132107K->132240K(141824K)
[2020-08-05T21:49:42.133-0300] GC(2225) Metaspace: 119062K->119062K(1163264K)
[2020-08-05T21:49:42.133-0300] GC(2225) Pause Young (Allocation Failure) 152M->130M(162M) 2.615ms
[2020-08-05T21:49:42.133-0300] GC(2225) User=0.01s Sys=0.00s Real=0.00s
[2020-08-05T21:49:57.144-0300] GC(2226) Pause Young (Allocation Failure)
[2020-08-05T21:49:57.148-0300] GC(2226) PSYoungGen: 24561K->817K(25088K)
[2020-08-05T21:49:57.148-0300] GC(2226) ParOldGen: 132240K->132865K(141824K)
[2020-08-05T21:49:57.148-0300] GC(2226) Metaspace: 119062K->119062K(1163264K)
[2020-08-05T21:49:57.148-0300] GC(2226) Pause Young (Allocation Failure) 153M->130M(163M) 3.441ms
[2020-08-05T21:49:57.148-0300] GC(2226) User=0.01s Sys=0.00s Real=0.00s
[2020-08-05T21:50:11.112-0300] GC(2227) Pause Young (Allocation Failure)
[2020-08-05T21:50:11.115-0300] GC(2227) PSYoungGen: 24369K->1394K(25088K)
[2020-08-05T21:50:11.115-0300] GC(2227) ParOldGen: 132865K->132865K(141824K)
[2020-08-05T21:50:11.115-0300] GC(2227) Metaspace: 119062K->119062K(1163264K)
[2020-08-05T21:50:11.115-0300] GC(2227) Pause Young (Allocation Failure) 153M->131M(163M) 2.779ms
[2020-08-05T21:50:11.115-0300] GC(2227) User=0.01s Sys=0.00s Real=0.01s
[2020-08-05T21:50:15.459-0300] GC(2228) Pause Young (Allocation Failure)
[2020-08-05T21:50:15.462-0300] GC(2228) PSYoungGen: 24946K->1491K(24576K)
[2020-08-05T21:50:15.462-0300] GC(2228) ParOldGen: 132865K->132865K(141824K)
[2020-08-05T21:50:15.462-0300] GC(2228) Metaspace: 119062K->119062K(1163264K)
[2020-08-05T21:50:15.462-0300] GC(2228) Pause Young (Allocation Failure) 154M->131M(162M) 3.400ms
[2020-08-05T21:50:15.462-0300] GC(2228) User=0.00s Sys=0.00s Real=0.00s
[2020-08-05T21:50:17.369-0300] GC(2229) Pause Young (Allocation Failure)
[2020-08-05T21:50:17.373-0300] GC(2229) PSYoungGen: 24531K->1090K(25088K)
[2020-08-05T21:50:17.373-0300] GC(2229) ParOldGen: 132865K->133547K(141824K)
[2020-08-05T21:50:17.373-0300] GC(2229) Metaspace: 119062K->119062K(1163264K)
[2020-08-05T21:50:17.373-0300] GC(2229) Pause Young (Allocation Failure) 153M->131M(163M) 4.190ms
[2020-08-05T21:50:17.373-0300] GC(2229) User=0.01s Sys=0.00s Real=0.00s
[2020-08-05T21:50:19.273-0300] GC(2230) Pause Young (Allocation Failure)
[2020-08-05T21:50:19.277-0300] GC(2230) PSYoungGen: 24130K->625K(25088K)
[2020-08-05T21:50:19.277-0300] GC(2230) ParOldGen: 133547K->134124K(141824K)
[2020-08-05T21:50:19.277-0300] GC(2230) Metaspace: 119062K->119062K(1163264K)
[2020-08-05T21:50:19.277-0300] GC(2230) Pause Young (Allocation Failure) 153M->131M(163M) 3.516ms
[2020-08-05T21:50:19.277-0300] GC(2230) User=0.00s Sys=0.00s Real=0.01s
[2020-08-05T21:50:22.110-0300] GC(2231) Pause Young (Allocation Failure)
[2020-08-05T21:50:22.113-0300] GC(2231) PSYoungGen: 23665K->544K(25088K)
[2020-08-05T21:50:22.113-0300] GC(2231) ParOldGen: 134124K->134341K(141824K)
[2020-08-05T21:50:22.113-0300] GC(2231) Metaspace: 119062K->119062K(1163264K)
[2020-08-05T21:50:22.113-0300] GC(2231) Pause Young (Allocation Failure) 154M->131M(163M) 3.361ms
[2020-08-05T21:50:22.113-0300] GC(2231) User=0.01s Sys=0.00s Real=0.00s
[2020-08-05T21:50:46.366-0300] GC(2232) Pause Young (Allocation Failure)
[2020-08-05T21:50:46.369-0300] GC(2232) PSYoungGen: 23584K->512K(25088K)
[2020-08-05T21:50:46.369-0300] GC(2232) ParOldGen: 134341K->134612K(141824K)
[2020-08-05T21:50:46.369-0300] GC(2232) Metaspace: 119062K->119062K(1163264K)
[2020-08-05T21:50:46.369-0300] GC(2232) Pause Young (Allocation Failure) 154M->131M(163M) 3.064ms
[2020-08-05T21:50:46.369-0300] GC(2232) User=0.00s Sys=0.00s Real=0.00s
[2020-08-05T21:51:12.597-0300] GC(2233) Pause Young (Allocation Failure)
[2020-08-05T21:51:12.599-0300] GC(2233) PSYoungGen: 23552K->416K(23552K)
[2020-08-05T21:51:12.599-0300] GC(2233) ParOldGen: 134612K->134996K(141824K)
[2020-08-05T21:51:12.599-0300] GC(2233) Metaspace: 119062K->119062K(1163264K)
[2020-08-05T21:51:12.599-0300] GC(2233) Pause Young (Allocation Failure) 154M->132M(161M) 2.342ms
[2020-08-05T21:51:12.599-0300] GC(2233) User=0.00s Sys=0.00s Real=0.00s
[2020-08-05T21:51:29.846-0300] GC(2234) Pause Young (Allocation Failure)
[2020-08-05T21:51:29.850-0300] GC(2234) PSYoungGen: 23456K->304K(24576K)
[2020-08-05T21:51:29.850-0300] GC(2234) ParOldGen: 134996K->135276K(141824K)
[2020-08-05T21:51:29.850-0300] GC(2234) Metaspace: 119062K->119062K(1163264K)
[2020-08-05T21:51:29.850-0300] GC(2234) Pause Young (Allocation Failure) 154M->132M(162M) 3.352ms
[2020-08-05T21:51:29.850-0300] GC(2234) User=0.00s Sys=0.00s Real=0.00s
[2020-08-05T21:51:44.108-0300] GC(2235) Pause Young (Allocation Failure)
[2020-08-05T21:51:44.111-0300] GC(2235) PSYoungGen: 23344K->352K(24576K)
[2020-08-05T21:51:44.111-0300] GC(2235) ParOldGen: 135276K->135505K(141824K)
[2020-08-05T21:51:44.111-0300] GC(2235) Metaspace: 119062K->119062K(1163264K)
[2020-08-05T21:51:44.111-0300] GC(2235) Pause Young (Allocation Failure) 154M->132M(162M) 3.358ms
[2020-08-05T21:51:44.111-0300] GC(2235) User=0.00s Sys=0.00s Real=0.00s
[2020-08-05T21:51:57.676-0300] GC(2236) Pause Young (Allocation Failure)
[2020-08-05T21:51:57.679-0300] GC(2236) PSYoungGen: 23392K->272K(24576K)
[2020-08-05T21:51:57.679-0300] GC(2236) ParOldGen: 135505K->135734K(141824K)
[2020-08-05T21:51:57.679-0300] GC(2236) Metaspace: 119062K->119062K(1163264K)
[2020-08-05T21:51:57.679-0300] GC(2236) Pause Young (Allocation Failure) 155M->132M(162M) 3.201ms
[2020-08-05T21:51:57.679-0300] GC(2236) User=0.00s Sys=0.00s Real=0.00s
[2020-08-05T21:52:13.456-0300] GC(2237) Pause Young (Allocation Failure)
[2020-08-05T21:52:13.460-0300] GC(2237) PSYoungGen: 23312K->336K(24576K)
[2020-08-05T21:52:13.460-0300] GC(2237) ParOldGen: 135734K->135903K(141824K)
[2020-08-05T21:52:13.460-0300] GC(2237) Metaspace: 119062K->119062K(1163264K)
[2020-08-05T21:52:13.460-0300] GC(2237) Pause Young (Allocation Failure) 155M->133M(162M) 3.272ms
[2020-08-05T21:52:13.460-0300] GC(2237) User=0.00s Sys=0.00s Real=0.00s
[2020-08-05T21:52:24.555-0300] GC(2238) Pause Young (Allocation Failure)
[2020-08-05T21:52:24.558-0300] GC(2238) PSYoungGen: 23376K->496K(24576K)
[2020-08-05T21:52:24.558-0300] GC(2238) ParOldGen: 135903K->136092K(141824K)
[2020-08-05T21:52:24.558-0300] GC(2238) Metaspace: 119062K->119062K(1163264K)
[2020-08-05T21:52:24.559-0300] GC(2238) Pause Young (Allocation Failure) 155M->133M(162M) 3.526ms
[2020-08-05T21:52:24.559-0300] GC(2238) User=0.00s Sys=0.00s Real=0.00s
[2020-08-05T21:52:26.047-0300] GC(2239) Pause Young (Allocation Failure)
[2020-08-05T21:52:26.050-0300] GC(2239) PSYoungGen: 23536K->497K(24576K)
[2020-08-05T21:52:26.050-0300] GC(2239) ParOldGen: 136092K->136301K(141824K)
[2020-08-05T21:52:26.050-0300] GC(2239) Metaspace: 119064K->119064K(1163264K)
[2020-08-05T21:52:26.051-0300] GC(2239) Pause Young (Allocation Failure) 155M->133M(162M) 3.063ms
[2020-08-05T21:52:26.051-0300] GC(2239) User=0.01s Sys=0.00s Real=0.00s
[2020-08-05T21:52:27.991-0300] GC(2240) Pause Young (Allocation Failure)
[2020-08-05T21:52:27.994-0300] GC(2240) PSYoungGen: 23537K->416K(24576K)
[2020-08-05T21:52:27.994-0300] GC(2240) ParOldGen: 136301K->136650K(141824K)
[2020-08-05T21:52:27.994-0300] GC(2240) Metaspace: 119064K->119064K(1163264K)
[2020-08-05T21:52:27.994-0300] GC(2240) Pause Young (Allocation Failure) 156M->133M(162M) 3.322ms
[2020-08-05T21:52:27.994-0300] GC(2240) User=0.01s Sys=0.00s Real=0.01s
[2020-08-05T21:52:34.374-0300] GC(2241) Pause Young (Allocation Failure)
[2020-08-05T21:52:34.377-0300] GC(2241) PSYoungGen: 23456K->160K(24576K)
[2020-08-05T21:52:34.377-0300] GC(2241) ParOldGen: 136650K->136770K(141824K)
[2020-08-05T21:52:34.377-0300] GC(2241) Metaspace: 119064K->119064K(1163264K)
[2020-08-05T21:52:34.377-0300] GC(2241) Pause Young (Allocation Failure) 156M->133M(162M) 2.836ms
[2020-08-05T21:52:34.377-0300] GC(2241) User=0.00s Sys=0.00s Real=0.00s
[2020-08-05T21:52:59.847-0300] GC(2242) Pause Young (Allocation Failure)
[2020-08-05T21:52:59.849-0300] GC(2242) PSYoungGen: 23200K->160K(24576K)
[2020-08-05T21:52:59.849-0300] GC(2242) ParOldGen: 136770K->136846K(141824K)
[2020-08-05T21:52:59.849-0300] GC(2242) Metaspace: 119064K->119064K(1163264K)
[2020-08-05T21:52:59.849-0300] GC(2242) Pause Young (Allocation Failure) 156M->133M(162M) 2.537ms
[2020-08-05T21:52:59.849-0300] GC(2242) User=0.00s Sys=0.00s Real=0.00s
[2020-08-05T21:53:24.846-0300] GC(2243) Pause Young (Allocation Failure)
[2020-08-05T21:53:24.850-0300] GC(2243) PSYoungGen: 23200K->464K(24576K)
[2020-08-05T21:53:24.850-0300] GC(2243) ParOldGen: 136846K->136886K(141824K)
[2020-08-05T21:53:24.850-0300] GC(2243) Metaspace: 119064K->119064K(1163264K)
[2020-08-05T21:53:24.850-0300] GC(2243) Pause Young (Allocation Failure) 156M->134M(162M) 3.235ms
[2020-08-05T21:53:24.850-0300] GC(2243) User=0.01s Sys=0.00s Real=0.00s
[2020-08-05T21:53:39.846-0300] GC(2244) Pause Young (Allocation Failure)
[2020-08-05T21:53:39.849-0300] GC(2244) PSYoungGen: 23504K->624K(24576K)
[2020-08-05T21:53:39.849-0300] GC(2244) ParOldGen: 136886K->137230K(141824K)
[2020-08-05T21:53:39.849-0300] GC(2244) Metaspace: 119064K->119064K(1163264K)
[2020-08-05T21:53:39.849-0300] GC(2244) Pause Young (Allocation Failure) 156M->134M(162M) 3.234ms
[2020-08-05T21:53:39.849-0300] GC(2244) User=0.00s Sys=0.00s Real=0.00s
[2020-08-05T21:53:54.848-0300] GC(2245) Pause Young (Allocation Failure)
[2020-08-05T21:53:54.851-0300] GC(2245) PSYoungGen: 23664K->736K(24576K)
[2020-08-05T21:53:54.851-0300] GC(2245) ParOldGen: 137230K->137727K(141824K)
[2020-08-05T21:53:54.851-0300] GC(2245) Metaspace: 119064K->119064K(1163264K)
[2020-08-05T21:53:54.851-0300] GC(2245) Pause Young (Allocation Failure) 157M->135M(162M) 3.362ms
[2020-08-05T21:53:54.851-0300] GC(2245) User=0.01s Sys=0.00s Real=0.00s
[2020-08-05T21:54:01.976-0300] GC(2246) Pause Young (Allocation Failure)
[2020-08-05T21:54:01.982-0300] GC(2246) PSYoungGen: 23776K->512K(24576K)
[2020-08-05T21:54:01.982-0300] GC(2246) ParOldGen: 137727K->138280K(141824K)
[2020-08-05T21:54:01.982-0300] GC(2246) Metaspace: 119064K->119064K(1163264K)
[2020-08-05T21:54:01.982-0300] GC(2246) Pause Young (Allocation Failure) 157M->135M(162M) 6.091ms
[2020-08-05T21:54:01.982-0300] GC(2246) User=0.01s Sys=0.00s Real=0.00s
[2020-08-05T21:54:03.947-0300] GC(2247) Pause Young (Allocation Failure)
[2020-08-05T21:54:03.950-0300] GC(2247) PSYoungGen: 23552K->416K(24576K)
[2020-08-05T21:54:03.950-0300] GC(2247) ParOldGen: 138280K->138685K(141824K)
[2020-08-05T21:54:03.950-0300] GC(2247) Metaspace: 119064K->119064K(1163264K)
[2020-08-05T21:54:03.950-0300] GC(2247) Pause Young (Allocation Failure) 158M->135M(162M) 3.192ms
[2020-08-05T21:54:03.950-0300] GC(2247) User=0.01s Sys=0.01s Real=0.00s
[2020-08-05T21:54:05.737-0300] GC(2248) Pause Young (Allocation Failure)
[2020-08-05T21:54:05.740-0300] GC(2248) PSYoungGen: 23456K->448K(23552K)
[2020-08-05T21:54:05.740-0300] GC(2248) ParOldGen: 138685K->138922K(141824K)
[2020-08-05T21:54:05.740-0300] GC(2248) Metaspace: 119064K->119064K(1163264K)
[2020-08-05T21:54:05.740-0300] GC(2248) Pause Young (Allocation Failure) 158M->136M(161M) 3.579ms
[2020-08-05T21:54:05.740-0300] GC(2248) User=0.00s Sys=0.00s Real=0.00s
[2020-08-05T21:54:07.588-0300] GC(2249) Pause Young (Allocation Failure)
[2020-08-05T21:54:07.591-0300] GC(2249) PSYoungGen: 23488K->352K(24064K)
[2020-08-05T21:54:07.591-0300] GC(2249) ParOldGen: 138922K->139192K(141824K)
[2020-08-05T21:54:07.591-0300] GC(2249) Metaspace: 119064K->119064K(1163264K)
[2020-08-05T21:54:07.591-0300] GC(2249) Pause Young (Allocation Failure) 158M->136M(162M) 2.999ms
[2020-08-05T21:54:07.591-0300] GC(2249) User=0.01s Sys=0.00s Real=0.00s
[2020-08-05T21:54:09.848-0300] GC(2250) Pause Young (Allocation Failure)
[2020-08-05T21:54:09.851-0300] GC(2250) PSYoungGen: 23392K->384K(24064K)
[2020-08-05T21:54:09.851-0300] GC(2250) ParOldGen: 139192K->139388K(141824K)
[2020-08-05T21:54:09.851-0300] GC(2250) Metaspace: 119064K->119064K(1163264K)
[2020-08-05T21:54:09.851-0300] GC(2250) Pause Young (Allocation Failure) 158M->136M(162M) 3.470ms
[2020-08-05T21:54:09.851-0300] GC(2250) User=0.01s Sys=0.00s Real=0.00s
[2020-08-05T21:54:34.790-0300] GC(2251) Pause Young (Allocation Failure)
[2020-08-05T21:54:34.793-0300] GC(2251) PSYoungGen: 23424K->400K(24064K)
[2020-08-05T21:54:34.793-0300] GC(2251) ParOldGen: 139388K->139516K(141824K)
[2020-08-05T21:54:34.793-0300] GC(2251) Metaspace: 119064K->119064K(1163264K)
[2020-08-05T21:54:34.793-0300] GC(2251) Pause Young (Allocation Failure) 158M->136M(162M) 3.386ms
[2020-08-05T21:54:34.793-0300] GC(2251) User=0.00s Sys=0.00s Real=0.00s
[2020-08-05T21:54:59.846-0300] GC(2252) Pause Young (Allocation Failure)
[2020-08-05T21:54:59.849-0300] GC(2252) PSYoungGen: 23440K->416K(24064K)
[2020-08-05T21:54:59.849-0300] GC(2252) ParOldGen: 139516K->139828K(141824K)
[2020-08-05T21:54:59.849-0300] GC(2252) Metaspace: 119067K->119067K(1163264K)
[2020-08-05T21:54:59.849-0300] GC(2252) Pause Young (Allocation Failure) 159M->136M(162M) 2.928ms
[2020-08-05T21:54:59.849-0300] GC(2252) User=0.01s Sys=0.00s Real=0.00s
[2020-08-05T21:55:15.502-0300] GC(2253) Pause Young (Allocation Failure)
[2020-08-05T21:55:15.505-0300] GC(2253) PSYoungGen: 23456K->480K(24064K)
[2020-08-05T21:55:15.505-0300] GC(2253) ParOldGen: 139828K->140132K(141824K)
[2020-08-05T21:55:15.505-0300] GC(2253) Metaspace: 119067K->119067K(1163264K)
[2020-08-05T21:55:15.505-0300] GC(2253) Pause Young (Allocation Failure) 159M->137M(162M) 3.585ms
[2020-08-05T21:55:15.505-0300] GC(2253) User=0.01s Sys=0.00s Real=0.01s
[2020-08-05T21:55:41.103-0300] GC(2254) Pause Young (Allocation Failure)
[2020-08-05T21:55:41.106-0300] GC(2254) PSYoungGen: 23520K->608K(24064K)
[2020-08-05T21:55:41.106-0300] GC(2254) ParOldGen: 140132K->140521K(141824K)
[2020-08-05T21:55:41.106-0300] GC(2254) Metaspace: 119067K->119067K(1163264K)
[2020-08-05T21:55:41.106-0300] GC(2254) Pause Young (Allocation Failure) 159M->137M(162M) 2.710ms
[2020-08-05T21:55:41.106-0300] GC(2254) User=0.01s Sys=0.00s Real=0.01s
[2020-08-05T21:56:07.547-0300] GC(2255) Pause Young (Allocation Failure)
[2020-08-05T21:56:07.550-0300] GC(2255) PSYoungGen: 23648K->416K(24064K)
[2020-08-05T21:56:07.550-0300] GC(2255) ParOldGen: 140521K->140945K(141824K)
[2020-08-05T21:56:07.550-0300] GC(2255) Metaspace: 119067K->119067K(1163264K)
[2020-08-05T21:56:07.550-0300] GC(2255) Pause Young (Allocation Failure) 160M->138M(162M) 2.294ms
[2020-08-05T21:56:07.550-0300] GC(2255) User=0.00s Sys=0.00s Real=0.00s
[2020-08-05T21:56:20.306-0300] GC(2256) Pause Young (Allocation Failure)
[2020-08-05T21:56:20.309-0300] GC(2256) PSYoungGen: 23456K->416K(24064K)
[2020-08-05T21:56:20.309-0300] GC(2256) ParOldGen: 140945K->141233K(141824K)
[2020-08-05T21:56:20.309-0300] GC(2256) Metaspace: 119067K->119067K(1163264K)
[2020-08-05T21:56:20.309-0300] GC(2256) Pause Young (Allocation Failure) 160M->138M(162M) 3.171ms
[2020-08-05T21:56:20.309-0300] GC(2256) User=0.00s Sys=0.00s Real=0.00s
[2020-08-05T21:56:36.018-0300] GC(2257) Pause Young (Allocation Failure)
[2020-08-05T21:56:36.022-0300] GC(2257) PSYoungGen: 23456K->272K(24064K)
[2020-08-05T21:56:36.022-0300] GC(2257) ParOldGen: 141233K->141530K(141824K)
[2020-08-05T21:56:36.022-0300] GC(2257) Metaspace: 119067K->119067K(1163264K)
[2020-08-05T21:56:36.022-0300] GC(2257) Pause Young (Allocation Failure) 160M->138M(162M) 3.879ms
[2020-08-05T21:56:36.022-0300] GC(2257) User=0.01s Sys=0.00s Real=0.00s
[2020-08-05T21:56:36.022-0300] GC(2258) Pause Full (Ergonomics)
[2020-08-05T21:56:36.023-0300] GC(2258) Marking Phase
[2020-08-05T21:56:36.101-0300] GC(2258) Marking Phase 78.183ms
[2020-08-05T21:56:36.101-0300] GC(2258) Summary Phase
[2020-08-05T21:56:36.101-0300] GC(2258) Summary Phase 0.035ms
[2020-08-05T21:56:36.101-0300] GC(2258) Adjust Roots
[2020-08-05T21:56:36.130-0300] GC(2258) Adjust Roots 29.320ms
[2020-08-05T21:56:36.130-0300] GC(2258) Compaction Phase
[2020-08-05T21:56:36.165-0300] GC(2258) Compaction Phase 35.163ms
[2020-08-05T21:56:36.165-0300] GC(2258) Post Compact
[2020-08-05T21:56:36.166-0300] GC(2258) Post Compact 0.706ms
[2020-08-05T21:56:36.166-0300] GC(2258) PSYoungGen: 272K->0K(24064K)
[2020-08-05T21:56:36.166-0300] GC(2258) ParOldGen: 141530K->105646K(139776K)
[2020-08-05T21:56:36.166-0300] GC(2258) Metaspace: 119067K->119067K(1163264K)
[2020-08-05T21:56:36.166-0300] GC(2258) Pause Full (Ergonomics) 138M->103M(160M) 143.923ms
[2020-08-05T21:56:36.166-0300] GC(2258) User=0.38s Sys=0.00s Real=0.15s
[2020-08-05T21:56:42.583-0300] GC(2259) Pause Young (Allocation Failure)
[2020-08-05T21:56:42.586-0300] GC(2259) PSYoungGen: 23040K->529K(24064K)
[2020-08-05T21:56:42.586-0300] GC(2259) ParOldGen: 105646K->105646K(139776K)
[2020-08-05T21:56:42.586-0300] GC(2259) Metaspace: 119067K->119067K(1163264K)
[2020-08-05T21:56:42.586-0300] GC(2259) Pause Young (Allocation Failure) 125M->103M(160M) 2.641ms
[2020-08-05T21:56:42.586-0300] GC(2259) User=0.01s Sys=0.00s Real=0.01s
[2020-08-05T21:56:44.487-0300] GC(2260) Pause Young (Allocation Failure)
[2020-08-05T21:56:44.491-0300] GC(2260) PSYoungGen: 23567K->384K(24064K)
[2020-08-05T21:56:44.491-0300] GC(2260) ParOldGen: 105646K->105990K(139776K)
[2020-08-05T21:56:44.491-0300] GC(2260) Metaspace: 119067K->119067K(1163264K)
[2020-08-05T21:56:44.491-0300] GC(2260) Pause Young (Allocation Failure) 126M->103M(160M) 3.628ms
[2020-08-05T21:56:44.491-0300] GC(2260) User=0.00s Sys=0.00s Real=0.00s
[2020-08-05T21:56:46.387-0300] GC(2261) Pause Young (Allocation Failure)
[2020-08-05T21:56:46.390-0300] GC(2261) PSYoungGen: 23424K->369K(24064K)
[2020-08-05T21:56:46.390-0300] GC(2261) ParOldGen: 105990K->106256K(139776K)
[2020-08-05T21:56:46.390-0300] GC(2261) Metaspace: 119067K->119067K(1163264K)
[2020-08-05T21:56:46.390-0300] GC(2261) Pause Young (Allocation Failure) 126M->104M(160M) 2.696ms
[2020-08-05T21:56:46.390-0300] GC(2261) User=0.00s Sys=0.00s Real=0.00s
[2020-08-05T21:56:48.286-0300] GC(2262) Pause Young (Allocation Failure)
[2020-08-05T21:56:48.289-0300] GC(2262) PSYoungGen: 23409K->384K(24064K)
[2020-08-05T21:56:48.289-0300] GC(2262) ParOldGen: 106256K->106489K(139776K)
[2020-08-05T21:56:48.289-0300] GC(2262) Metaspace: 119067K->119067K(1163264K)
[2020-08-05T21:56:48.289-0300] GC(2262) Pause Young (Allocation Failure) 126M->104M(160M) 2.963ms
[2020-08-05T21:56:48.289-0300] GC(2262) User=0.00s Sys=0.00s Real=0.00s
[2020-08-05T21:56:54.194-0300] GC(2263) Pause Young (Allocation Failure)
[2020-08-05T21:56:54.197-0300] GC(2263) PSYoungGen: 23424K->160K(24064K)
[2020-08-05T21:56:54.197-0300] GC(2263) ParOldGen: 106489K->106565K(139776K)
[2020-08-05T21:56:54.197-0300] GC(2263) Metaspace: 119067K->119067K(1163264K)
[2020-08-05T21:56:54.197-0300] GC(2263) Pause Young (Allocation Failure) 126M->104M(160M) 2.988ms
[2020-08-05T21:56:54.197-0300] GC(2263) User=0.00s Sys=0.00s Real=0.00s
[2020-08-05T21:57:18.291-0300] GC(2264) Pause Young (Allocation Failure)
[2020-08-05T21:57:18.294-0300] GC(2264) PSYoungGen: 23200K->352K(24064K)
[2020-08-05T21:57:18.294-0300] GC(2264) ParOldGen: 106565K->106661K(139776K)
[2020-08-05T21:57:18.294-0300] GC(2264) Metaspace: 119069K->119069K(1163264K)
[2020-08-05T21:57:18.294-0300] GC(2264) Pause Young (Allocation Failure) 126M->104M(160M) 2.861ms
[2020-08-05T21:57:18.294-0300] GC(2264) User=0.01s Sys=0.00s Real=0.01s
[2020-08-05T21:57:43.171-0300] GC(2265) Pause Young (Allocation Failure)
[2020-08-05T21:57:43.173-0300] GC(2265) PSYoungGen: 23392K->160K(24064K)
[2020-08-05T21:57:43.173-0300] GC(2265) ParOldGen: 106661K->106717K(139776K)
[2020-08-05T21:57:43.173-0300] GC(2265) Metaspace: 119069K->119069K(1163264K)
[2020-08-05T21:57:43.173-0300] GC(2265) Pause Young (Allocation Failure) 127M->104M(160M) 2.108ms
[2020-08-05T21:57:43.173-0300] GC(2265) User=0.00s Sys=0.00s Real=0.00s
[2020-08-05T21:58:00.118-0300] GC(2266) Pause Young (Allocation Failure)
[2020-08-05T21:58:00.120-0300] GC(2266) PSYoungGen: 23200K->256K(24064K)
[2020-08-05T21:58:00.120-0300] GC(2266) ParOldGen: 106717K->106757K(139776K)
[2020-08-05T21:58:00.120-0300] GC(2266) Metaspace: 119069K->119069K(1163264K)
[2020-08-05T21:58:00.120-0300] GC(2266) Pause Young (Allocation Failure) 126M->104M(160M) 2.662ms
[2020-08-05T21:58:00.120-0300] GC(2266) User=0.01s Sys=0.00s Real=0.00s
[2020-08-05T21:58:14.848-0300] GC(2267) Pause Young (Allocation Failure)
[2020-08-05T21:58:14.851-0300] GC(2267) PSYoungGen: 23296K->352K(24064K)
[2020-08-05T21:58:14.851-0300] GC(2267) ParOldGen: 106757K->106890K(139776K)
[2020-08-05T21:58:14.851-0300] GC(2267) Metaspace: 119069K->119069K(1163264K)
[2020-08-05T21:58:14.851-0300] GC(2267) Pause Young (Allocation Failure) 127M->104M(160M) 2.879ms
[2020-08-05T21:58:14.851-0300] GC(2267) User=0.00s Sys=0.00s Real=0.00s
[2020-08-05T21:58:22.183-0300] GC(2268) Pause Young (Allocation Failure)
[2020-08-05T21:58:22.186-0300] GC(2268) PSYoungGen: 23392K->480K(24064K)
[2020-08-05T21:58:22.186-0300] GC(2268) ParOldGen: 106890K->107079K(139776K)
[2020-08-05T21:58:22.186-0300] GC(2268) Metaspace: 119069K->119069K(1163264K)
[2020-08-05T21:58:22.186-0300] GC(2268) Pause Young (Allocation Failure) 127M->105M(160M) 2.778ms
[2020-08-05T21:58:22.186-0300] GC(2268) User=0.01s Sys=0.00s Real=0.01s
[2020-08-05T21:58:24.085-0300] GC(2269) Pause Young (Allocation Failure)
[2020-08-05T21:58:24.087-0300] GC(2269) PSYoungGen: 23520K->480K(24064K)
[2020-08-05T21:58:24.087-0300] GC(2269) ParOldGen: 107079K->107480K(139776K)
[2020-08-05T21:58:24.087-0300] GC(2269) Metaspace: 119069K->119069K(1163264K)
[2020-08-05T21:58:24.087-0300] GC(2269) Pause Young (Allocation Failure) 127M->105M(160M) 2.513ms
[2020-08-05T21:58:24.087-0300] GC(2269) User=0.01s Sys=0.00s Real=0.00s
[2020-08-05T21:58:25.975-0300] GC(2270) Pause Young (Allocation Failure)
[2020-08-05T21:58:25.979-0300] GC(2270) PSYoungGen: 23520K->368K(24064K)
[2020-08-05T21:58:25.979-0300] GC(2270) ParOldGen: 107480K->107786K(139776K)
[2020-08-05T21:58:25.979-0300] GC(2270) Metaspace: 119069K->119069K(1163264K)
[2020-08-05T21:58:25.979-0300] GC(2270) Pause Young (Allocation Failure) 127M->105M(160M) 4.004ms
[2020-08-05T21:58:25.979-0300] GC(2270) User=0.00s Sys=0.00s Real=0.00s
[2020-08-05T21:58:27.869-0300] GC(2271) Pause Young (Allocation Failure)
[2020-08-05T21:58:27.873-0300] GC(2271) PSYoungGen: 23408K->448K(24064K)
[2020-08-05T21:58:27.873-0300] GC(2271) ParOldGen: 107786K->108039K(139776K)
[2020-08-05T21:58:27.873-0300] GC(2271) Metaspace: 119069K->119069K(1163264K)
[2020-08-05T21:58:27.873-0300] GC(2271) Pause Young (Allocation Failure) 128M->105M(160M) 3.741ms
[2020-08-05T21:58:27.873-0300] GC(2271) User=0.01s Sys=0.00s Real=0.00s
[2020-08-05T21:58:31.662-0300] GC(2272) Pause Young (Allocation Failure)
[2020-08-05T21:58:31.665-0300] GC(2272) PSYoungGen: 23488K->304K(24064K)
[2020-08-05T21:58:31.665-0300] GC(2272) ParOldGen: 108039K->108183K(139776K)
[2020-08-05T21:58:31.665-0300] GC(2272) Metaspace: 119069K->119069K(1163264K)
[2020-08-05T21:58:31.665-0300] GC(2272) Pause Young (Allocation Failure) 128M->105M(160M) 2.560ms
[2020-08-05T21:58:31.665-0300] GC(2272) User=0.00s Sys=0.00s Real=0.01s
[2020-08-05T21:58:56.686-0300] GC(2273) Pause Young (Allocation Failure)
[2020-08-05T21:58:56.689-0300] GC(2273) PSYoungGen: 23344K->736K(24064K)
[2020-08-05T21:58:56.689-0300] GC(2273) ParOldGen: 108183K->108331K(139776K)
[2020-08-05T21:58:56.689-0300] GC(2273) Metaspace: 119069K->119069K(1163264K)
[2020-08-05T21:58:56.689-0300] GC(2273) Pause Young (Allocation Failure) 128M->106M(160M) 2.896ms
[2020-08-05T21:58:56.689-0300] GC(2273) User=0.00s Sys=0.00s Real=0.00s
[2020-08-05T21:59:21.705-0300] GC(2274) Pause Young (Allocation Failure)
[2020-08-05T21:59:21.709-0300] GC(2274) PSYoungGen: 23776K->608K(24064K)
[2020-08-05T21:59:21.709-0300] GC(2274) ParOldGen: 108331K->108955K(139776K)
[2020-08-05T21:59:21.709-0300] GC(2274) Metaspace: 119069K->119069K(1163264K)
[2020-08-05T21:59:21.709-0300] GC(2274) Pause Young (Allocation Failure) 129M->106M(160M) 4.132ms
[2020-08-05T21:59:21.709-0300] GC(2274) User=0.00s Sys=0.00s Real=0.00s
[2020-08-05T21:59:39.847-0300] GC(2275) Pause Young (Allocation Failure)
[2020-08-05T21:59:39.850-0300] GC(2275) PSYoungGen: 23648K->320K(24064K)
[2020-08-05T21:59:39.851-0300] GC(2275) ParOldGen: 108955K->109443K(139776K)
[2020-08-05T21:59:39.851-0300] GC(2275) Metaspace: 119069K->119069K(1163264K)
[2020-08-05T21:59:39.851-0300] GC(2275) Pause Young (Allocation Failure) 129M->107M(160M) 3.493ms
[2020-08-05T21:59:39.851-0300] GC(2275) User=0.00s Sys=0.00s Real=0.00s
[2020-08-05T22:00:05.098-0300] GC(2276) Pause Young (Allocation Failure)
[2020-08-05T22:00:05.101-0300] GC(2276) PSYoungGen: 23360K->528K(24064K)
[2020-08-05T22:00:05.101-0300] GC(2276) ParOldGen: 109443K->109651K(139776K)
[2020-08-05T22:00:05.101-0300] GC(2276) Metaspace: 119069K->119069K(1163264K)
[2020-08-05T22:00:05.101-0300] GC(2276) Pause Young (Allocation Failure) 129M->107M(160M) 2.799ms
[2020-08-05T22:00:05.101-0300] GC(2276) User=0.00s Sys=0.00s Real=0.00s
[2020-08-05T22:00:29.632-0300] GC(2277) Pause Young (Allocation Failure)
[2020-08-05T22:00:29.637-0300] GC(2277) PSYoungGen: 23568K->352K(24064K)
[2020-08-05T22:00:29.637-0300] GC(2277) ParOldGen: 109651K->110083K(139776K)
[2020-08-05T22:00:29.637-0300] GC(2277) Metaspace: 119069K->119069K(1163264K)
[2020-08-05T22:00:29.637-0300] GC(2277) Pause Young (Allocation Failure) 130M->107M(160M) 4.309ms
[2020-08-05T22:00:29.637-0300] GC(2277) User=0.00s Sys=0.00s Real=0.01s
[2020-08-05T22:00:44.848-0300] GC(2278) Pause Young (Allocation Failure)
[2020-08-05T22:00:44.851-0300] GC(2278) PSYoungGen: 23392K->593K(24064K)
[2020-08-05T22:00:44.851-0300] GC(2278) ParOldGen: 110083K->110411K(139776K)
[2020-08-05T22:00:44.851-0300] GC(2278) Metaspace: 119069K->119069K(1163264K)
[2020-08-05T22:00:44.851-0300] GC(2278) Pause Young (Allocation Failure) 130M->108M(160M) 2.862ms
[2020-08-05T22:00:44.851-0300] GC(2278) User=0.01s Sys=0.00s Real=0.00s
[2020-08-05T22:00:59.845-0300] GC(2279) Pause Young (Allocation Failure)
[2020-08-05T22:00:59.849-0300] GC(2279) PSYoungGen: 23633K->576K(24064K)
[2020-08-05T22:00:59.849-0300] GC(2279) ParOldGen: 110411K->110824K(139776K)
[2020-08-05T22:00:59.849-0300] GC(2279) Metaspace: 119069K->119069K(1163264K)
[2020-08-05T22:00:59.849-0300] GC(2279) Pause Young (Allocation Failure) 130M->108M(160M) 3.613ms
[2020-08-05T22:00:59.849-0300] GC(2279) User=0.01s Sys=0.00s Real=0.00s
[2020-08-05T22:01:13.778-0300] GC(2280) Pause Young (Allocation Failure)
[2020-08-05T22:01:13.780-0300] GC(2280) PSYoungGen: 23616K->369K(24064K)
[2020-08-05T22:01:13.780-0300] GC(2280) ParOldGen: 110824K->111274K(139776K)
[2020-08-05T22:01:13.780-0300] GC(2280) Metaspace: 119069K->119069K(1163264K)
[2020-08-05T22:01:13.780-0300] GC(2280) Pause Young (Allocation Failure) 131M->109M(160M) 2.288ms
[2020-08-05T22:01:13.781-0300] GC(2280) User=0.00s Sys=0.00s Real=0.00s
[2020-08-05T22:01:27.918-0300] GC(2281) Pause Young (Allocation Failure)
[2020-08-05T22:01:27.921-0300] GC(2281) PSYoungGen: 23408K->368K(24064K)
[2020-08-05T22:01:27.921-0300] GC(2281) ParOldGen: 111274K->111527K(139776K)
[2020-08-05T22:01:27.921-0300] GC(2281) Metaspace: 119069K->119069K(1163264K)
[2020-08-05T22:01:27.921-0300] GC(2281) Pause Young (Allocation Failure) 131M->109M(160M) 3.198ms
[2020-08-05T22:01:27.921-0300] GC(2281) User=0.00s Sys=0.00s Real=0.00s
[2020-08-05T22:01:43.767-0300] GC(2282) Pause Young (Allocation Failure)
[2020-08-05T22:01:43.769-0300] GC(2282) PSYoungGen: 23408K->272K(24064K)
[2020-08-05T22:01:43.769-0300] GC(2282) ParOldGen: 111527K->111804K(139776K)
[2020-08-05T22:01:43.769-0300] GC(2282) Metaspace: 119069K->119069K(1163264K)
[2020-08-05T22:01:43.769-0300] GC(2282) Pause Young (Allocation Failure) 131M->109M(160M) 2.696ms
[2020-08-05T22:01:43.769-0300] GC(2282) User=0.01s Sys=0.00s Real=0.00s
[2020-08-05T22:01:59.610-0300] GC(2283) Pause Young (Allocation Failure)
[2020-08-05T22:01:59.613-0300] GC(2283) PSYoungGen: 23312K->304K(24064K)
[2020-08-05T22:01:59.613-0300] GC(2283) ParOldGen: 111804K->111985K(139776K)
[2020-08-05T22:01:59.613-0300] GC(2283) Metaspace: 119069K->119069K(1163264K)
[2020-08-05T22:01:59.613-0300] GC(2283) Pause Young (Allocation Failure) 131M->109M(160M) 3.120ms
[2020-08-05T22:01:59.613-0300] GC(2283) User=0.01s Sys=0.00s Real=0.00s
[2020-08-05T22:02:12.124-0300] GC(2284) Pause Young (Allocation Failure)
[2020-08-05T22:02:12.127-0300] GC(2284) PSYoungGen: 23344K->480K(24064K)
[2020-08-05T22:02:12.127-0300] GC(2284) ParOldGen: 111985K->112166K(139776K)
[2020-08-05T22:02:12.127-0300] GC(2284) Metaspace: 119069K->119069K(1163264K)
[2020-08-05T22:02:12.127-0300] GC(2284) Pause Young (Allocation Failure) 132M->110M(160M) 2.979ms
[2020-08-05T22:02:12.127-0300] GC(2284) User=0.01s Sys=0.00s Real=0.01s
[2020-08-05T22:02:21.085-0300] GC(2285) Pause Young (Allocation Failure)
[2020-08-05T22:02:21.090-0300] GC(2285) PSYoungGen: 23520K->480K(24064K)
[2020-08-05T22:02:21.090-0300] GC(2285) ParOldGen: 112166K->112474K(139776K)
[2020-08-05T22:02:21.090-0300] GC(2285) Metaspace: 119070K->119070K(1163264K)
[2020-08-05T22:02:21.090-0300] GC(2285) Pause Young (Allocation Failure) 132M->110M(160M) 4.828ms
[2020-08-05T22:02:21.090-0300] GC(2285) User=0.01s Sys=0.00s Real=0.00s
[2020-08-05T22:02:36.824-0300] GC(2286) Pause Young (Allocation Failure)
[2020-08-05T22:02:36.826-0300] GC(2286) PSYoungGen: 23520K->272K(24064K)
[2020-08-05T22:02:36.826-0300] GC(2286) ParOldGen: 112474K->112655K(139776K)
[2020-08-05T22:02:36.826-0300] GC(2286) Metaspace: 119070K->119070K(1163264K)
[2020-08-05T22:02:36.826-0300] GC(2286) Pause Young (Allocation Failure) 132M->110M(160M) 2.682ms
[2020-08-05T22:02:36.827-0300] GC(2286) User=0.00s Sys=0.00s Real=0.01s
[2020-08-05T22:02:52.685-0300] GC(2287) Pause Young (Allocation Failure)
[2020-08-05T22:02:52.688-0300] GC(2287) PSYoungGen: 23312K->256K(24064K)
[2020-08-05T22:02:52.688-0300] GC(2287) ParOldGen: 112655K->112816K(139776K)
[2020-08-05T22:02:52.688-0300] GC(2287) Metaspace: 119070K->119070K(1163264K)
[2020-08-05T22:02:52.688-0300] GC(2287) Pause Young (Allocation Failure) 132M->110M(160M) 2.843ms
[2020-08-05T22:02:52.688-0300] GC(2287) User=0.01s Sys=0.00s Real=0.00s
[2020-08-05T22:03:06.123-0300] GC(2288) Pause Young (Allocation Failure)
[2020-08-05T22:03:06.126-0300] GC(2288) PSYoungGen: 23296K->401K(24064K)
[2020-08-05T22:03:06.126-0300] GC(2288) ParOldGen: 112816K->112993K(139776K)
[2020-08-05T22:03:06.126-0300] GC(2288) Metaspace: 119070K->119070K(1163264K)
[2020-08-05T22:03:06.126-0300] GC(2288) Pause Young (Allocation Failure) 132M->110M(160M) 3.047ms
[2020-08-05T22:03:06.126-0300] GC(2288) User=0.00s Sys=0.00s Real=0.01s
[2020-08-05T22:03:19.848-0300] GC(2289) Pause Young (Allocation Failure)
[2020-08-05T22:03:19.851-0300] GC(2289) PSYoungGen: 23441K->480K(24064K)
[2020-08-05T22:03:19.851-0300] GC(2289) ParOldGen: 112993K->113198K(139776K)
[2020-08-05T22:03:19.851-0300] GC(2289) Metaspace: 119070K->119070K(1163264K)
[2020-08-05T22:03:19.851-0300] GC(2289) Pause Young (Allocation Failure) 133M->111M(160M) 2.592ms
[2020-08-05T22:03:19.851-0300] GC(2289) User=0.00s Sys=0.00s Real=0.00s
[2020-08-05T22:03:34.971-0300] GC(2290) Pause Young (Allocation Failure)
[2020-08-05T22:03:34.975-0300] GC(2290) PSYoungGen: 23520K->752K(24064K)
[2020-08-05T22:03:34.975-0300] GC(2290) ParOldGen: 113198K->113527K(139776K)
[2020-08-05T22:03:34.975-0300] GC(2290) Metaspace: 119071K->119071K(1163264K)
[2020-08-05T22:03:34.975-0300] GC(2290) Pause Young (Allocation Failure) 133M->111M(160M) 4.159ms
[2020-08-05T22:03:34.976-0300] GC(2290) User=0.00s Sys=0.00s Real=0.01s
[2020-08-05T22:03:49.888-0300] GC(2291) Pause Young (Allocation Failure)
[2020-08-05T22:03:49.890-0300] GC(2291) PSYoungGen: 23792K->624K(24064K)
[2020-08-05T22:03:49.890-0300] GC(2291) ParOldGen: 113527K->114180K(139776K)
[2020-08-05T22:03:49.890-0300] GC(2291) Metaspace: 119071K->119071K(1163264K)
[2020-08-05T22:03:49.890-0300] GC(2291) Pause Young (Allocation Failure) 134M->112M(160M) 2.364ms
[2020-08-05T22:03:49.890-0300] GC(2291) User=0.01s Sys=0.00s Real=0.00s
[2020-08-05T22:04:04.846-0300] GC(2292) Pause Young (Allocation Failure)
[2020-08-05T22:04:04.849-0300] GC(2292) PSYoungGen: 23664K->1009K(23552K)
[2020-08-05T22:04:04.849-0300] GC(2292) ParOldGen: 114180K->114288K(139776K)
[2020-08-05T22:04:04.849-0300] GC(2292) Metaspace: 119071K->119071K(1163264K)
[2020-08-05T22:04:04.849-0300] GC(2292) Pause Young (Allocation Failure) 134M->112M(159M) 3.300ms
[2020-08-05T22:04:04.849-0300] GC(2292) User=0.01s Sys=0.00s Real=0.00s
[2020-08-05T22:04:14.845-0300] GC(2293) Pause Young (Allocation Failure)
[2020-08-05T22:04:14.848-0300] GC(2293) PSYoungGen: 23537K->545K(23552K)
[2020-08-05T22:04:14.848-0300] GC(2293) ParOldGen: 114288K->115238K(139776K)
[2020-08-05T22:04:14.848-0300] GC(2293) Metaspace: 119071K->119071K(1163264K)
[2020-08-05T22:04:14.848-0300] GC(2293) Pause Young (Allocation Failure) 134M->113M(159M) 2.795ms
[2020-08-05T22:04:14.848-0300] GC(2293) User=0.00s Sys=0.00s Real=0.00s
[2020-08-05T22:04:28.474-0300] GC(2294) Pause Young (Allocation Failure)
[2020-08-05T22:04:28.478-0300] GC(2294) PSYoungGen: 23073K->256K(23552K)
[2020-08-05T22:04:28.478-0300] GC(2294) ParOldGen: 115238K->115652K(139776K)
[2020-08-05T22:04:28.478-0300] GC(2294) Metaspace: 119071K->119071K(1163264K)
[2020-08-05T22:04:28.478-0300] GC(2294) Pause Young (Allocation Failure) 135M->113M(159M) 3.533ms
[2020-08-05T22:04:28.478-0300] GC(2294) User=0.00s Sys=0.00s Real=0.00s
[2020-08-05T22:04:44.121-0300] GC(2295) Pause Young (Allocation Failure)
[2020-08-05T22:04:44.125-0300] GC(2295) PSYoungGen: 22784K->544K(23552K)
[2020-08-05T22:04:44.125-0300] GC(2295) ParOldGen: 115652K->115820K(139776K)
[2020-08-05T22:04:44.125-0300] GC(2295) Metaspace: 119071K->119071K(1163264K)
[2020-08-05T22:04:44.125-0300] GC(2295) Pause Young (Allocation Failure) 135M->113M(159M) 3.559ms
[2020-08-05T22:04:44.125-0300] GC(2295) User=0.01s Sys=0.00s Real=0.01s
[2020-08-05T22:04:45.924-0300] GC(2296) Pause Young (Allocation Failure)
[2020-08-05T22:04:45.927-0300] GC(2296) PSYoungGen: 23072K->385K(23552K)
[2020-08-05T22:04:45.927-0300] GC(2296) ParOldGen: 115820K->116221K(139776K)
[2020-08-05T22:04:45.927-0300] GC(2296) Metaspace: 119071K->119071K(1163264K)
[2020-08-05T22:04:45.927-0300] GC(2296) Pause Young (Allocation Failure) 135M->113M(159M) 2.940ms
[2020-08-05T22:04:45.927-0300] GC(2296) User=0.01s Sys=0.00s Real=0.01s
[2020-08-05T22:04:47.722-0300] GC(2297) Pause Young (Allocation Failure)
[2020-08-05T22:04:47.725-0300] GC(2297) PSYoungGen: 22913K->401K(23552K)
[2020-08-05T22:04:47.725-0300] GC(2297) ParOldGen: 116221K->116435K(139776K)
[2020-08-05T22:04:47.725-0300] GC(2297) Metaspace: 119071K->119071K(1163264K)
[2020-08-05T22:04:47.725-0300] GC(2297) Pause Young (Allocation Failure) 135M->114M(159M) 3.756ms
[2020-08-05T22:04:47.725-0300] GC(2297) User=0.01s Sys=0.00s Real=0.01s
[2020-08-05T22:04:49.600-0300] GC(2298) Pause Young (Allocation Failure)
[2020-08-05T22:04:49.603-0300] GC(2298) PSYoungGen: 22929K->352K(23552K)
[2020-08-05T22:04:49.603-0300] GC(2298) ParOldGen: 116435K->116716K(139776K)
[2020-08-05T22:04:49.603-0300] GC(2298) Metaspace: 119071K->119071K(1163264K)
[2020-08-05T22:04:49.604-0300] GC(2298) Pause Young (Allocation Failure) 136M->114M(159M) 3.454ms
[2020-08-05T22:04:49.604-0300] GC(2298) User=0.00s Sys=0.00s Real=0.00s
[2020-08-05T22:04:51.485-0300] GC(2299) Pause Young (Allocation Failure)
[2020-08-05T22:04:51.488-0300] GC(2299) PSYoungGen: 22880K->401K(23552K)
[2020-08-05T22:04:51.488-0300] GC(2299) ParOldGen: 116716K->116973K(139776K)
[2020-08-05T22:04:51.488-0300] GC(2299) Metaspace: 119071K->119071K(1163264K)
[2020-08-05T22:04:51.488-0300] GC(2299) Pause Young (Allocation Failure) 136M->114M(159M) 3.364ms
[2020-08-05T22:04:51.488-0300] GC(2299) User=0.00s Sys=0.00s Real=0.00s
[2020-08-05T22:04:59.850-0300] GC(2300) Pause Young (Allocation Failure)
[2020-08-05T22:04:59.852-0300] GC(2300) PSYoungGen: 22917K->288K(23552K)
[2020-08-05T22:04:59.852-0300] GC(2300) ParOldGen: 116973K->117049K(139776K)
[2020-08-05T22:04:59.852-0300] GC(2300) Metaspace: 119071K->119071K(1163264K)
[2020-08-05T22:04:59.852-0300] GC(2300) Pause Young (Allocation Failure) 136M->114M(159M) 2.408ms
[2020-08-05T22:04:59.852-0300] GC(2300) User=0.00s Sys=0.00s Real=0.00s
[2020-08-05T22:05:24.846-0300] GC(2301) Pause Young (Allocation Failure)
[2020-08-05T22:05:24.849-0300] GC(2301) PSYoungGen: 22816K->576K(23552K)
[2020-08-05T22:05:24.849-0300] GC(2301) ParOldGen: 117049K->117217K(139776K)
[2020-08-05T22:05:24.849-0300] GC(2301) Metaspace: 119071K->119071K(1163264K)
[2020-08-05T22:05:24.849-0300] GC(2301) Pause Young (Allocation Failure) 136M->115M(159M) 2.915ms
[2020-08-05T22:05:24.849-0300] GC(2301) User=0.01s Sys=0.00s Real=0.00s
[2020-08-05T22:05:49.846-0300] GC(2302) Pause Young (Allocation Failure)
[2020-08-05T22:05:49.849-0300] GC(2302) PSYoungGen: 23104K->544K(23552K)
[2020-08-05T22:05:49.849-0300] GC(2302) ParOldGen: 117217K->117666K(139776K)
[2020-08-05T22:05:49.849-0300] GC(2302) Metaspace: 119071K->119071K(1163264K)
[2020-08-05T22:05:49.850-0300] GC(2302) Pause Young (Allocation Failure) 137M->115M(159M) 3.313ms
[2020-08-05T22:05:49.850-0300] GC(2302) User=0.01s Sys=0.00s Real=0.00s
[2020-08-05T22:06:05.118-0300] GC(2303) Pause Young (Allocation Failure)
[2020-08-05T22:06:05.122-0300] GC(2303) PSYoungGen: 23072K->320K(23552K)
[2020-08-05T22:06:05.122-0300] GC(2303) ParOldGen: 117666K->118098K(139776K)
[2020-08-05T22:06:05.122-0300] GC(2303) Metaspace: 119071K->119071K(1163264K)
[2020-08-05T22:06:05.122-0300] GC(2303) Pause Young (Allocation Failure) 137M->115M(159M) 3.450ms
[2020-08-05T22:06:05.122-0300] GC(2303) User=0.00s Sys=0.00s Real=0.00s
[2020-08-05T22:06:29.992-0300] GC(2304) Pause Young (Allocation Failure)
[2020-08-05T22:06:29.994-0300] GC(2304) PSYoungGen: 22848K->320K(23552K)
[2020-08-05T22:06:29.994-0300] GC(2304) ParOldGen: 118098K->118322K(139776K)
[2020-08-05T22:06:29.994-0300] GC(2304) Metaspace: 119071K->119071K(1163264K)
[2020-08-05T22:06:29.994-0300] GC(2304) Pause Young (Allocation Failure) 137M->115M(159M) 2.695ms
[2020-08-05T22:06:29.994-0300] GC(2304) User=0.01s Sys=0.00s Real=0.01s
[2020-08-05T22:06:52.810-0300] GC(2305) Pause Young (Allocation Failure)
[2020-08-05T22:06:52.812-0300] GC(2305) PSYoungGen: 22848K->208K(23552K)
[2020-08-05T22:06:52.812-0300] GC(2305) ParOldGen: 118322K->118506K(139776K)
[2020-08-05T22:06:52.812-0300] GC(2305) Metaspace: 119071K->119071K(1163264K)
[2020-08-05T22:06:52.812-0300] GC(2305) Pause Young (Allocation Failure) 137M->115M(159M) 2.573ms
[2020-08-05T22:06:52.812-0300] GC(2305) User=0.00s Sys=0.00s Real=0.00s
[2020-08-05T22:07:05.481-0300] GC(2306) Pause Young (Allocation Failure)
[2020-08-05T22:07:05.483-0300] GC(2306) PSYoungGen: 22736K->305K(23552K)
[2020-08-05T22:07:05.483-0300] GC(2306) ParOldGen: 118506K->118618K(139776K)
[2020-08-05T22:07:05.483-0300] GC(2306) Metaspace: 119071K->119071K(1163264K)
[2020-08-05T22:07:05.483-0300] GC(2306) Pause Young (Allocation Failure) 137M->116M(159M) 2.376ms
[2020-08-05T22:07:05.484-0300] GC(2306) User=0.01s Sys=0.00s Real=0.00s
[2020-08-05T22:07:19.257-0300] GC(2307) Pause Young (Allocation Failure)
[2020-08-05T22:07:19.261-0300] GC(2307) PSYoungGen: 22833K->448K(23552K)
[2020-08-05T22:07:19.261-0300] GC(2307) ParOldGen: 118618K->118803K(139776K)
[2020-08-05T22:07:19.261-0300] GC(2307) Metaspace: 119071K->119071K(1163264K)
[2020-08-05T22:07:19.261-0300] GC(2307) Pause Young (Allocation Failure) 138M->116M(159M) 3.867ms
[2020-08-05T22:07:19.261-0300] GC(2307) User=0.00s Sys=0.00s Real=0.00s
[2020-08-05T22:07:34.846-0300] GC(2308) Pause Young (Allocation Failure)
[2020-08-05T22:07:34.850-0300] GC(2308) PSYoungGen: 22976K->352K(23552K)
[2020-08-05T22:07:34.850-0300] GC(2308) ParOldGen: 118803K->118972K(139776K)
[2020-08-05T22:07:34.850-0300] GC(2308) Metaspace: 119071K->119071K(1163264K)
[2020-08-05T22:07:34.850-0300] GC(2308) Pause Young (Allocation Failure) 138M->116M(159M) 3.457ms
[2020-08-05T22:07:34.850-0300] GC(2308) User=0.01s Sys=0.00s Real=0.00s
[2020-08-05T22:07:48.043-0300] GC(2309) Pause Young (Allocation Failure)
[2020-08-05T22:07:48.046-0300] GC(2309) PSYoungGen: 22880K->336K(23552K)
[2020-08-05T22:07:48.046-0300] GC(2309) ParOldGen: 118972K->119181K(139776K)
[2020-08-05T22:07:48.046-0300] GC(2309) Metaspace: 119071K->119071K(1163264K)
[2020-08-05T22:07:48.046-0300] GC(2309) Pause Young (Allocation Failure) 138M->116M(159M) 3.244ms
[2020-08-05T22:07:48.046-0300] GC(2309) User=0.00s Sys=0.00s Real=0.01s
[2020-08-05T22:07:57.174-0300] GC(2310) Pause Young (Allocation Failure)
[2020-08-05T22:07:57.177-0300] GC(2310) PSYoungGen: 22864K->368K(23552K)
[2020-08-05T22:07:57.177-0300] GC(2310) ParOldGen: 119181K->119390K(139776K)
[2020-08-05T22:07:57.177-0300] GC(2310) Metaspace: 119071K->119071K(1163264K)
[2020-08-05T22:07:57.177-0300] GC(2310) Pause Young (Allocation Failure) 138M->116M(159M) 3.428ms
[2020-08-05T22:07:57.178-0300] GC(2310) User=0.01s Sys=0.00s Real=0.00s
[2020-08-05T22:07:59.027-0300] GC(2311) Pause Young (Allocation Failure)
[2020-08-05T22:07:59.031-0300] GC(2311) PSYoungGen: 22895K->369K(23552K)
[2020-08-05T22:07:59.031-0300] GC(2311) ParOldGen: 119390K->119575K(139776K)
[2020-08-05T22:07:59.031-0300] GC(2311) Metaspace: 119071K->119071K(1163264K)
[2020-08-05T22:07:59.031-0300] GC(2311) Pause Young (Allocation Failure) 138M->117M(159M) 3.852ms
[2020-08-05T22:07:59.031-0300] GC(2311) User=0.00s Sys=0.00s Real=0.00s
[2020-08-05T22:08:00.647-0300] GC(2312) Pause Young (Allocation Failure)
[2020-08-05T22:08:00.650-0300] GC(2312) PSYoungGen: 22897K->368K(23552K)
[2020-08-05T22:08:00.650-0300] GC(2312) ParOldGen: 119575K->119820K(139776K)
[2020-08-05T22:08:00.650-0300] GC(2312) Metaspace: 119071K->119071K(1163264K)
[2020-08-05T22:08:00.650-0300] GC(2312) Pause Young (Allocation Failure) 139M->117M(159M) 3.587ms
[2020-08-05T22:08:00.650-0300] GC(2312) User=0.00s Sys=0.00s Real=0.00s
[2020-08-05T22:08:12.116-0300] GC(2313) Pause Young (Allocation Failure)
[2020-08-05T22:08:12.119-0300] GC(2313) PSYoungGen: 22896K->224K(23552K)
[2020-08-05T22:08:12.119-0300] GC(2313) ParOldGen: 119820K->119904K(139776K)
[2020-08-05T22:08:12.119-0300] GC(2313) Metaspace: 119071K->119071K(1163264K)
[2020-08-05T22:08:12.119-0300] GC(2313) Pause Young (Allocation Failure) 139M->117M(159M) 3.221ms
[2020-08-05T22:08:12.119-0300] GC(2313) User=0.01s Sys=0.00s Real=0.00s
[2020-08-05T22:08:36.089-0300] GC(2314) Pause Young (Allocation Failure)
[2020-08-05T22:08:36.093-0300] GC(2314) PSYoungGen: 22752K->672K(23552K)
[2020-08-05T22:08:36.093-0300] GC(2314) ParOldGen: 119904K->119968K(139776K)
[2020-08-05T22:08:36.093-0300] GC(2314) Metaspace: 119071K->119071K(1163264K)
[2020-08-05T22:08:36.093-0300] GC(2314) Pause Young (Allocation Failure) 139M->117M(159M) 3.711ms
[2020-08-05T22:08:36.093-0300] GC(2314) User=0.01s Sys=0.00s Real=0.00s
[2020-08-05T22:09:00.967-0300] GC(2315) Pause Young (Allocation Failure)
[2020-08-05T22:09:00.970-0300] GC(2315) PSYoungGen: 23200K->672K(23552K)
[2020-08-05T22:09:00.970-0300] GC(2315) ParOldGen: 119968K->120568K(139776K)
[2020-08-05T22:09:00.970-0300] GC(2315) Metaspace: 119071K->119071K(1163264K)
[2020-08-05T22:09:00.970-0300] GC(2315) Pause Young (Allocation Failure) 139M->118M(159M) 3.006ms
[2020-08-05T22:09:00.970-0300] GC(2315) User=0.00s Sys=0.00s Real=0.00s
[2020-08-05T22:09:14.118-0300] GC(2316) Pause Young (Allocation Failure)
[2020-08-05T22:09:14.121-0300] GC(2316) PSYoungGen: 23200K->608K(23552K)
[2020-08-05T22:09:14.121-0300] GC(2316) ParOldGen: 120568K->121160K(139776K)
[2020-08-05T22:09:14.122-0300] GC(2316) Metaspace: 119071K->119071K(1163264K)
[2020-08-05T22:09:14.122-0300] GC(2316) Pause Young (Allocation Failure) 140M->118M(159M) 3.372ms
[2020-08-05T22:09:14.122-0300] GC(2316) User=0.01s Sys=0.00s Real=0.00s
[2020-08-05T22:09:27.879-0300] GC(2317) Pause Young (Allocation Failure)
[2020-08-05T22:09:27.883-0300] GC(2317) PSYoungGen: 23136K->352K(23552K)
[2020-08-05T22:09:27.883-0300] GC(2317) ParOldGen: 121160K->121646K(139776K)
[2020-08-05T22:09:27.883-0300] GC(2317) Metaspace: 119071K->119071K(1163264K)
[2020-08-05T22:09:27.883-0300] GC(2317) Pause Young (Allocation Failure) 140M->119M(159M) 3.414ms
[2020-08-05T22:09:27.883-0300] GC(2317) User=0.00s Sys=0.00s Real=0.00s
[2020-08-05T22:09:34.455-0300] GC(2318) Pause Young (Allocation Failure)
[2020-08-05T22:09:34.458-0300] GC(2318) PSYoungGen: 22880K->448K(23552K)
[2020-08-05T22:09:34.458-0300] GC(2318) ParOldGen: 121646K->121891K(139776K)
[2020-08-05T22:09:34.458-0300] GC(2318) Metaspace: 119071K->119071K(1163264K)
[2020-08-05T22:09:34.458-0300] GC(2318) Pause Young (Allocation Failure) 141M->119M(159M) 2.681ms
[2020-08-05T22:09:34.458-0300] GC(2318) User=0.01s Sys=0.00s Real=0.00s
[2020-08-05T22:09:36.058-0300] GC(2319) Pause Young (Allocation Failure)
[2020-08-05T22:09:36.061-0300] GC(2319) PSYoungGen: 22975K->384K(23552K)
[2020-08-05T22:09:36.061-0300] GC(2319) ParOldGen: 121891K->122200K(139776K)
[2020-08-05T22:09:36.061-0300] GC(2319) Metaspace: 119071K->119071K(1163264K)
[2020-08-05T22:09:36.061-0300] GC(2319) Pause Young (Allocation Failure) 141M->119M(159M) 2.948ms
[2020-08-05T22:09:36.061-0300] GC(2319) User=0.00s Sys=0.00s Real=0.00s
[2020-08-05T22:09:37.907-0300] GC(2320) Pause Young (Allocation Failure)
[2020-08-05T22:09:37.910-0300] GC(2320) PSYoungGen: 22912K->352K(23552K)
[2020-08-05T22:09:37.910-0300] GC(2320) ParOldGen: 122200K->122445K(139776K)
[2020-08-05T22:09:37.910-0300] GC(2320) Metaspace: 119071K->119071K(1163264K)
[2020-08-05T22:09:37.910-0300] GC(2320) Pause Young (Allocation Failure) 141M->119M(159M) 3.265ms
[2020-08-05T22:09:37.910-0300] GC(2320) User=0.01s Sys=0.00s Real=0.00s
[2020-08-05T22:09:39.802-0300] GC(2321) Pause Young (Allocation Failure)
[2020-08-05T22:09:39.805-0300] GC(2321) PSYoungGen: 22880K->384K(23552K)
[2020-08-05T22:09:39.805-0300] GC(2321) ParOldGen: 122445K->122686K(139776K)
[2020-08-05T22:09:39.805-0300] GC(2321) Metaspace: 119071K->119071K(1163264K)
[2020-08-05T22:09:39.805-0300] GC(2321) Pause Young (Allocation Failure) 141M->120M(159M) 2.938ms
[2020-08-05T22:09:39.805-0300] GC(2321) User=0.00s Sys=0.00s Real=0.01s
[2020-08-05T22:09:44.114-0300] GC(2322) Pause Young (Allocation Failure)
[2020-08-05T22:09:44.117-0300] GC(2322) PSYoungGen: 22912K->288K(23552K)
[2020-08-05T22:09:44.117-0300] GC(2322) ParOldGen: 122686K->122810K(139776K)
[2020-08-05T22:09:44.117-0300] GC(2322) Metaspace: 119071K->119071K(1163264K)
[2020-08-05T22:09:44.117-0300] GC(2322) Pause Young (Allocation Failure) 142M->120M(159M) 2.882ms
[2020-08-05T22:09:44.117-0300] GC(2322) User=0.00s Sys=0.00s Real=0.01s
[2020-08-05T22:10:08.174-0300] GC(2323) Pause Young (Allocation Failure)
[2020-08-05T22:10:08.177-0300] GC(2323) PSYoungGen: 22814K->544K(23552K)
[2020-08-05T22:10:08.177-0300] GC(2323) ParOldGen: 122810K->122954K(139776K)
[2020-08-05T22:10:08.177-0300] GC(2323) Metaspace: 119076K->119076K(1163264K)
[2020-08-05T22:10:08.178-0300] GC(2323) Pause Young (Allocation Failure) 142M->120M(159M) 3.195ms
[2020-08-05T22:10:08.178-0300] GC(2323) User=0.01s Sys=0.00s Real=0.00s
[2020-08-05T22:10:32.193-0300] GC(2324) Pause Young (Allocation Failure)
[2020-08-05T22:10:32.196-0300] GC(2324) PSYoungGen: 23072K->448K(23552K)
[2020-08-05T22:10:32.196-0300] GC(2324) ParOldGen: 122954K->123378K(139776K)
[2020-08-05T22:10:32.196-0300] GC(2324) Metaspace: 119076K->119076K(1163264K)
[2020-08-05T22:10:32.196-0300] GC(2324) Pause Young (Allocation Failure) 142M->120M(159M) 2.669ms
[2020-08-05T22:10:32.196-0300] GC(2324) User=0.01s Sys=0.00s Real=0.01s
[2020-08-05T22:10:49.845-0300] GC(2325) Pause Young (Allocation Failure)
[2020-08-05T22:10:49.849-0300] GC(2325) PSYoungGen: 22976K->384K(23552K)
[2020-08-05T22:10:49.849-0300] GC(2325) ParOldGen: 123378K->123699K(139776K)
[2020-08-05T22:10:49.849-0300] GC(2325) Metaspace: 119076K->119076K(1163264K)
[2020-08-05T22:10:49.849-0300] GC(2325) Pause Young (Allocation Failure) 142M->121M(159M) 3.227ms
[2020-08-05T22:10:49.849-0300] GC(2325) User=0.01s Sys=0.00s Real=0.00s
[2020-08-05T22:11:14.847-0300] GC(2326) Pause Young (Allocation Failure)
[2020-08-05T22:11:14.850-0300] GC(2326) PSYoungGen: 22912K->352K(23552K)
[2020-08-05T22:11:14.850-0300] GC(2326) ParOldGen: 123699K->124011K(139776K)
[2020-08-05T22:11:14.850-0300] GC(2326) Metaspace: 119076K->119076K(1163264K)
[2020-08-05T22:11:14.850-0300] GC(2326) Pause Young (Allocation Failure) 143M->121M(159M) 2.406ms
[2020-08-05T22:11:14.850-0300] GC(2326) User=0.01s Sys=0.00s Real=0.00s
[2020-08-05T22:11:39.848-0300] GC(2327) Pause Young (Allocation Failure)
[2020-08-05T22:11:39.851-0300] GC(2327) PSYoungGen: 22880K->288K(23552K)
[2020-08-05T22:11:39.851-0300] GC(2327) ParOldGen: 124011K->124235K(139776K)
[2020-08-05T22:11:39.851-0300] GC(2327) Metaspace: 119076K->119076K(1163264K)
[2020-08-05T22:11:39.851-0300] GC(2327) Pause Young (Allocation Failure) 143M->121M(159M) 2.654ms
[2020-08-05T22:11:39.851-0300] GC(2327) User=0.01s Sys=0.00s Real=0.00s
[2020-08-05T22:11:57.111-0300] GC(2328) Pause Young (Allocation Failure)
[2020-08-05T22:11:57.113-0300] GC(2328) PSYoungGen: 22816K->240K(23552K)
[2020-08-05T22:11:57.113-0300] GC(2328) ParOldGen: 124235K->124371K(139776K)
[2020-08-05T22:11:57.113-0300] GC(2328) Metaspace: 119076K->119076K(1163264K)
[2020-08-05T22:11:57.113-0300] GC(2328) Pause Young (Allocation Failure) 143M->121M(159M) 2.341ms
[2020-08-05T22:11:57.113-0300] GC(2328) User=0.01s Sys=0.00s Real=0.00s
[2020-08-05T22:12:19.849-0300] GC(2329) Pause Young (Allocation Failure)
[2020-08-05T22:12:19.852-0300] GC(2329) PSYoungGen: 22758K->406K(23552K)
[2020-08-05T22:12:19.852-0300] GC(2329) ParOldGen: 124371K->124455K(139776K)
[2020-08-05T22:12:19.852-0300] GC(2329) Metaspace: 119077K->119077K(1163264K)
[2020-08-05T22:12:19.852-0300] GC(2329) Pause Young (Allocation Failure) 143M->121M(159M) 2.800ms
[2020-08-05T22:12:19.852-0300] GC(2329) User=0.00s Sys=0.00s Real=0.00s
[2020-08-05T22:12:42.184-0300] GC(2330) Pause Young (Allocation Failure)
[2020-08-05T22:12:42.187-0300] GC(2330) PSYoungGen: 22933K->256K(23552K)
[2020-08-05T22:12:42.187-0300] GC(2330) ParOldGen: 124455K->124527K(139776K)
[2020-08-05T22:12:42.187-0300] GC(2330) Metaspace: 119077K->119077K(1163264K)
[2020-08-05T22:12:42.187-0300] GC(2330) Pause Young (Allocation Failure) 143M->121M(159M) 3.070ms
[2020-08-05T22:12:42.187-0300] GC(2330) User=0.01s Sys=0.00s Real=0.00s
[2020-08-05T22:12:57.996-0300] GC(2331) Pause Young (Allocation Failure)
[2020-08-05T22:12:57.999-0300] GC(2331) PSYoungGen: 22784K->465K(23552K)
[2020-08-05T22:12:57.999-0300] GC(2331) ParOldGen: 124527K->124527K(139776K)
[2020-08-05T22:12:57.999-0300] GC(2331) Metaspace: 119077K->119077K(1163264K)
[2020-08-05T22:12:57.999-0300] GC(2331) Pause Young (Allocation Failure) 143M->122M(159M) 2.400ms
[2020-08-05T22:12:57.999-0300] GC(2331) User=0.01s Sys=0.00s Real=0.00s
[2020-08-05T22:13:10.110-0300] GC(2332) Pause Young (Allocation Failure)
[2020-08-05T22:13:10.113-0300] GC(2332) PSYoungGen: 22993K->816K(23552K)
[2020-08-05T22:13:10.113-0300] GC(2332) ParOldGen: 124527K->124527K(139776K)
[2020-08-05T22:13:10.113-0300] GC(2332) Metaspace: 119077K->119077K(1163264K)
[2020-08-05T22:13:10.113-0300] GC(2332) Pause Young (Allocation Failure) 144M->122M(159M) 2.847ms
[2020-08-05T22:13:10.113-0300] GC(2332) User=0.01s Sys=0.00s Real=0.00s
[2020-08-05T22:13:15.317-0300] GC(2333) Pause Young (Allocation Failure)
[2020-08-05T22:13:15.320-0300] GC(2333) PSYoungGen: 23344K->946K(23552K)
[2020-08-05T22:13:15.320-0300] GC(2333) ParOldGen: 124527K->124527K(139776K)
[2020-08-05T22:13:15.320-0300] GC(2333) Metaspace: 119077K->119077K(1163264K)
[2020-08-05T22:13:15.320-0300] GC(2333) Pause Young (Allocation Failure) 144M->122M(159M) 2.871ms
[2020-08-05T22:13:15.320-0300] GC(2333) User=0.01s Sys=0.00s Real=0.00s
[2020-08-05T22:13:17.217-0300] GC(2334) Pause Young (Allocation Failure)
[2020-08-05T22:13:17.221-0300] GC(2334) PSYoungGen: 23465K->945K(23040K)
[2020-08-05T22:13:17.221-0300] GC(2334) ParOldGen: 124527K->124887K(139776K)
[2020-08-05T22:13:17.221-0300] GC(2334) Metaspace: 119077K->119077K(1163264K)
[2020-08-05T22:13:17.221-0300] GC(2334) Pause Young (Allocation Failure) 144M->122M(159M) 3.975ms
[2020-08-05T22:13:17.222-0300] GC(2334) User=0.01s Sys=0.00s Real=0.00s
[2020-08-05T22:13:19.034-0300] GC(2335) Pause Young (Allocation Failure)
[2020-08-05T22:13:19.037-0300] GC(2335) PSYoungGen: 22961K->673K(23552K)
[2020-08-05T22:13:19.037-0300] GC(2335) ParOldGen: 124887K->125244K(139776K)
[2020-08-05T22:13:19.037-0300] GC(2335) Metaspace: 119077K->119077K(1163264K)
[2020-08-05T22:13:19.037-0300] GC(2335) Pause Young (Allocation Failure) 144M->122M(159M) 3.513ms
[2020-08-05T22:13:19.037-0300] GC(2335) User=0.01s Sys=0.00s Real=0.01s
[2020-08-05T22:13:20.596-0300] GC(2336) Pause Young (Allocation Failure)
[2020-08-05T22:13:20.599-0300] GC(2336) PSYoungGen: 22689K->369K(23552K)
[2020-08-05T22:13:20.599-0300] GC(2336) ParOldGen: 125244K->125637K(139776K)
[2020-08-05T22:13:20.599-0300] GC(2336) Metaspace: 119077K->119077K(1163264K)
[2020-08-05T22:13:20.599-0300] GC(2336) Pause Young (Allocation Failure) 144M->123M(159M) 2.843ms
[2020-08-05T22:13:20.599-0300] GC(2336) User=0.01s Sys=0.00s Real=0.00s
[2020-08-05T22:13:24.849-0300] GC(2337) Pause Young (Allocation Failure)
[2020-08-05T22:13:24.852-0300] GC(2337) PSYoungGen: 22385K->320K(23552K)
[2020-08-05T22:13:24.852-0300] GC(2337) ParOldGen: 125637K->125746K(139776K)
[2020-08-05T22:13:24.852-0300] GC(2337) Metaspace: 119077K->119077K(1163264K)
[2020-08-05T22:13:24.852-0300] GC(2337) Pause Young (Allocation Failure) 144M->123M(159M) 2.737ms
[2020-08-05T22:13:24.852-0300] GC(2337) User=0.01s Sys=0.00s Real=0.00s
[2020-08-05T22:13:49.846-0300] GC(2338) Pause Young (Allocation Failure)
[2020-08-05T22:13:49.849-0300] GC(2338) PSYoungGen: 22336K->704K(23552K)
[2020-08-05T22:13:49.849-0300] GC(2338) ParOldGen: 125746K->125954K(139776K)
[2020-08-05T22:13:49.849-0300] GC(2338) Metaspace: 119077K->119077K(1163264K)
[2020-08-05T22:13:49.849-0300] GC(2338) Pause Young (Allocation Failure) 144M->123M(159M) 3.226ms
[2020-08-05T22:13:49.849-0300] GC(2338) User=0.01s Sys=0.00s Real=0.00s
[2020-08-05T22:14:14.108-0300] GC(2339) Pause Young (Allocation Failure)
[2020-08-05T22:14:14.111-0300] GC(2339) PSYoungGen: 22720K->752K(23552K)
[2020-08-05T22:14:14.111-0300] GC(2339) ParOldGen: 125954K->126570K(139776K)
[2020-08-05T22:14:14.111-0300] GC(2339) Metaspace: 119077K->119077K(1163264K)
[2020-08-05T22:14:14.111-0300] GC(2339) Pause Young (Allocation Failure) 145M->124M(159M) 2.823ms
[2020-08-05T22:14:14.111-0300] GC(2339) User=0.00s Sys=0.00s Real=0.00s
[2020-08-05T22:14:29.845-0300] GC(2340) Pause Young (Allocation Failure)
[2020-08-05T22:14:29.848-0300] GC(2340) PSYoungGen: 22768K->320K(23552K)
[2020-08-05T22:14:29.848-0300] GC(2340) ParOldGen: 126570K->127186K(139776K)
[2020-08-05T22:14:29.848-0300] GC(2340) Metaspace: 119077K->119077K(1163264K)
[2020-08-05T22:14:29.848-0300] GC(2340) Pause Young (Allocation Failure) 145M->124M(159M) 2.900ms
[2020-08-05T22:14:29.848-0300] GC(2340) User=0.00s Sys=0.01s Real=0.00s
[2020-08-05T22:14:43.020-0300] GC(2341) Pause Young (Allocation Failure)
[2020-08-05T22:14:43.023-0300] GC(2341) PSYoungGen: 22335K->448K(22528K)
[2020-08-05T22:14:43.023-0300] GC(2341) ParOldGen: 127186K->127395K(139776K)
[2020-08-05T22:14:43.023-0300] GC(2341) Metaspace: 119078K->119078K(1163264K)
[2020-08-05T22:14:43.023-0300] GC(2341) Pause Young (Allocation Failure) 146M->124M(158M) 3.158ms
[2020-08-05T22:14:43.024-0300] GC(2341) User=0.01s Sys=0.00s Real=0.00s
[2020-08-05T22:14:58.389-0300] GC(2342) Pause Young (Allocation Failure)
[2020-08-05T22:14:58.391-0300] GC(2342) PSYoungGen: 22464K->432K(23040K)
[2020-08-05T22:14:58.391-0300] GC(2342) ParOldGen: 127395K->127755K(139776K)
[2020-08-05T22:14:58.391-0300] GC(2342) Metaspace: 119078K->119078K(1163264K)
[2020-08-05T22:14:58.391-0300] GC(2342) Pause Young (Allocation Failure) 146M->125M(159M) 2.629ms
[2020-08-05T22:14:58.391-0300] GC(2342) User=0.00s Sys=0.00s Real=0.00s
[2020-08-05T22:15:09.855-0300] GC(2343) Pause Young (Allocation Failure)
[2020-08-05T22:15:09.857-0300] GC(2343) PSYoungGen: 22445K->668K(23040K)
[2020-08-05T22:15:09.857-0300] GC(2343) ParOldGen: 127755K->128089K(139776K)
[2020-08-05T22:15:09.857-0300] GC(2343) Metaspace: 119078K->119078K(1163264K)
[2020-08-05T22:15:09.857-0300] GC(2343) Pause Young (Allocation Failure) 146M->125M(159M) 2.500ms
[2020-08-05T22:15:09.857-0300] GC(2343) User=0.01s Sys=0.00s Real=0.00s
[2020-08-05T22:15:25.175-0300] GC(2344) Pause Young (Allocation Failure)
[2020-08-05T22:15:25.179-0300] GC(2344) PSYoungGen: 22684K->384K(23040K)
[2020-08-05T22:15:25.179-0300] GC(2344) ParOldGen: 128089K->128566K(139776K)
[2020-08-05T22:15:25.179-0300] GC(2344) Metaspace: 119078K->119078K(1163264K)
[2020-08-05T22:15:25.179-0300] GC(2344) Pause Young (Allocation Failure) 147M->125M(159M) 3.270ms
[2020-08-05T22:15:25.179-0300] GC(2344) User=0.01s Sys=0.00s Real=0.00s
[2020-08-05T22:15:38.449-0300] GC(2345) Pause Young (Allocation Failure)
[2020-08-05T22:15:38.453-0300] GC(2345) PSYoungGen: 22400K->608K(23040K)
[2020-08-05T22:15:38.453-0300] GC(2345) ParOldGen: 128566K->128830K(139776K)
[2020-08-05T22:15:38.453-0300] GC(2345) Metaspace: 119078K->119078K(1163264K)
[2020-08-05T22:15:38.453-0300] GC(2345) Pause Young (Allocation Failure) 147M->126M(159M) 3.478ms
[2020-08-05T22:15:38.453-0300] GC(2345) User=0.01s Sys=0.00s Real=0.00s
[2020-08-05T22:15:51.762-0300] GC(2346) Pause Young (Allocation Failure)
[2020-08-05T22:15:51.765-0300] GC(2346) PSYoungGen: 22624K->448K(23040K)
[2020-08-05T22:15:51.765-0300] GC(2346) ParOldGen: 128830K->129335K(139776K)
[2020-08-05T22:15:51.765-0300] GC(2346) Metaspace: 119078K->119078K(1163264K)
[2020-08-05T22:15:51.765-0300] GC(2346) Pause Young (Allocation Failure) 147M->126M(159M) 3.110ms
[2020-08-05T22:15:51.765-0300] GC(2346) User=0.01s Sys=0.00s Real=0.01s
[2020-08-05T22:16:07.137-0300] GC(2347) Pause Young (Allocation Failure)
[2020-08-05T22:16:07.140-0300] GC(2347) PSYoungGen: 22464K->480K(23040K)
[2020-08-05T22:16:07.140-0300] GC(2347) ParOldGen: 129335K->129692K(139776K)
[2020-08-05T22:16:07.140-0300] GC(2347) Metaspace: 119078K->119078K(1163264K)
[2020-08-05T22:16:07.140-0300] GC(2347) Pause Young (Allocation Failure) 148M->127M(159M) 3.398ms
[2020-08-05T22:16:07.140-0300] GC(2347) User=0.01s Sys=0.00s Real=0.00s
[2020-08-05T22:16:16.136-0300] GC(2348) Pause Young (Allocation Failure)
[2020-08-05T22:16:16.139-0300] GC(2348) PSYoungGen: 22496K->401K(23040K)
[2020-08-05T22:16:16.139-0300] GC(2348) ParOldGen: 129692K->130005K(139776K)
[2020-08-05T22:16:16.139-0300] GC(2348) Metaspace: 119078K->119078K(1163264K)
[2020-08-05T22:16:16.139-0300] GC(2348) Pause Young (Allocation Failure) 148M->127M(159M) 2.715ms
[2020-08-05T22:16:16.139-0300] GC(2348) User=0.01s Sys=0.00s Real=0.00s
[2020-08-05T22:16:29.191-0300] GC(2349) Pause Young (Allocation Failure)
[2020-08-05T22:16:29.195-0300] GC(2349) PSYoungGen: 22417K->400K(23040K)
[2020-08-05T22:16:29.195-0300] GC(2349) ParOldGen: 130005K->130218K(139776K)
[2020-08-05T22:16:29.195-0300] GC(2349) Metaspace: 119078K->119078K(1163264K)
[2020-08-05T22:16:29.195-0300] GC(2349) Pause Young (Allocation Failure) 148M->127M(159M) 3.265ms
[2020-08-05T22:16:29.195-0300] GC(2349) User=0.00s Sys=0.00s Real=0.01s
[2020-08-05T22:16:30.966-0300] GC(2350) Pause Young (Allocation Failure)
[2020-08-05T22:16:30.969-0300] GC(2350) PSYoungGen: 22416K->369K(23040K)
[2020-08-05T22:16:30.969-0300] GC(2350) ParOldGen: 130218K->130467K(139776K)
[2020-08-05T22:16:30.969-0300] GC(2350) Metaspace: 119078K->119078K(1163264K)
[2020-08-05T22:16:30.969-0300] GC(2350) Pause Young (Allocation Failure) 149M->127M(159M) 3.588ms
[2020-08-05T22:16:30.969-0300] GC(2350) User=0.01s Sys=0.00s Real=0.00s
[2020-08-05T22:16:32.854-0300] GC(2351) Pause Young (Allocation Failure)
[2020-08-05T22:16:32.857-0300] GC(2351) PSYoungGen: 22385K->337K(23040K)
[2020-08-05T22:16:32.857-0300] GC(2351) ParOldGen: 130467K->130712K(139776K)
[2020-08-05T22:16:32.857-0300] GC(2351) Metaspace: 119078K->119078K(1163264K)
[2020-08-05T22:16:32.857-0300] GC(2351) Pause Young (Allocation Failure) 149M->127M(159M) 2.522ms
[2020-08-05T22:16:32.857-0300] GC(2351) User=0.01s Sys=0.00s Real=0.00s
[2020-08-05T22:16:34.518-0300] GC(2352) Pause Young (Allocation Failure)
[2020-08-05T22:16:34.521-0300] GC(2352) PSYoungGen: 22351K->369K(23040K)
[2020-08-05T22:16:34.521-0300] GC(2352) ParOldGen: 130712K->130913K(139776K)
[2020-08-05T22:16:34.521-0300] GC(2352) Metaspace: 119078K->119078K(1163264K)
[2020-08-05T22:16:34.521-0300] GC(2352) Pause Young (Allocation Failure) 149M->128M(159M) 3.210ms
[2020-08-05T22:16:34.521-0300] GC(2352) User=0.01s Sys=0.00s Real=0.00s
[2020-08-05T22:16:36.309-0300] GC(2353) Pause Young (Allocation Failure)
[2020-08-05T22:16:36.314-0300] GC(2353) PSYoungGen: 22385K->304K(23040K)
[2020-08-05T22:16:36.314-0300] GC(2353) ParOldGen: 130913K->131118K(139776K)
[2020-08-05T22:16:36.314-0300] GC(2353) Metaspace: 119078K->119078K(1163264K)
[2020-08-05T22:16:36.314-0300] GC(2353) Pause Young (Allocation Failure) 149M->128M(159M) 4.970ms
[2020-08-05T22:16:36.314-0300] GC(2353) User=0.01s Sys=0.00s Real=0.01s
[2020-08-05T22:16:37.995-0300] GC(2354) Pause Young (Allocation Failure)
[2020-08-05T22:16:37.998-0300] GC(2354) PSYoungGen: 22320K->384K(23040K)
[2020-08-05T22:16:37.998-0300] GC(2354) ParOldGen: 131118K->131360K(139776K)
[2020-08-05T22:16:37.999-0300] GC(2354) Metaspace: 119078K->119078K(1163264K)
[2020-08-05T22:16:37.999-0300] GC(2354) Pause Young (Allocation Failure) 149M->128M(159M) 3.693ms
[2020-08-05T22:16:37.999-0300] GC(2354) User=0.01s Sys=0.00s Real=0.00s
[2020-08-05T22:16:52.496-0300] GC(2355) Pause Young (Allocation Failure)
[2020-08-05T22:16:52.498-0300] GC(2355) PSYoungGen: 22400K->128K(23040K)
[2020-08-05T22:16:52.498-0300] GC(2355) ParOldGen: 131360K->131436K(139776K)
[2020-08-05T22:16:52.498-0300] GC(2355) Metaspace: 119078K->119078K(1163264K)
[2020-08-05T22:16:52.498-0300] GC(2355) Pause Young (Allocation Failure) 150M->128M(159M) 2.638ms
[2020-08-05T22:16:52.498-0300] GC(2355) User=0.00s Sys=0.00s Real=0.00s
[2020-08-05T22:17:16.519-0300] GC(2356) Pause Young (Allocation Failure)
[2020-08-05T22:17:16.521-0300] GC(2356) PSYoungGen: 22144K->192K(23040K)
[2020-08-05T22:17:16.521-0300] GC(2356) ParOldGen: 131436K->131496K(139776K)
[2020-08-05T22:17:16.521-0300] GC(2356) Metaspace: 119079K->119079K(1163264K)
[2020-08-05T22:17:16.521-0300] GC(2356) Pause Young (Allocation Failure) 149M->128M(159M) 2.417ms
[2020-08-05T22:17:16.521-0300] GC(2356) User=0.00s Sys=0.00s Real=0.00s
[2020-08-05T22:17:38.500-0300] GC(2357) Pause Young (Allocation Failure)
[2020-08-05T22:17:38.503-0300] GC(2357) PSYoungGen: 22208K->320K(23040K)
[2020-08-05T22:17:38.503-0300] GC(2357) ParOldGen: 131496K->131536K(139776K)
[2020-08-05T22:17:38.503-0300] GC(2357) Metaspace: 119081K->119081K(1163264K)
[2020-08-05T22:17:38.503-0300] GC(2357) Pause Young (Allocation Failure) 150M->128M(159M) 2.507ms
[2020-08-05T22:17:38.503-0300] GC(2357) User=0.00s Sys=0.00s Real=0.00s
[2020-08-05T22:17:54.849-0300] GC(2358) Pause Young (Allocation Failure)
[2020-08-05T22:17:54.851-0300] GC(2358) PSYoungGen: 22336K->192K(23040K)
[2020-08-05T22:17:54.851-0300] GC(2358) ParOldGen: 131536K->131576K(139776K)
[2020-08-05T22:17:54.851-0300] GC(2358) Metaspace: 119081K->119081K(1163264K)
[2020-08-05T22:17:54.851-0300] GC(2358) Pause Young (Allocation Failure) 150M->128M(159M) 2.587ms
[2020-08-05T22:17:54.851-0300] GC(2358) User=0.00s Sys=0.00s Real=0.00s
[2020-08-05T22:18:19.846-0300] GC(2359) Pause Young (Allocation Failure)
[2020-08-05T22:18:19.849-0300] GC(2359) PSYoungGen: 22208K->288K(23040K)
[2020-08-05T22:18:19.849-0300] GC(2359) ParOldGen: 131576K->131636K(139776K)
[2020-08-05T22:18:19.849-0300] GC(2359) Metaspace: 119081K->119081K(1163264K)
[2020-08-05T22:18:19.849-0300] GC(2359) Pause Young (Allocation Failure) 150M->128M(159M) 3.001ms
[2020-08-05T22:18:19.850-0300] GC(2359) User=0.00s Sys=0.00s Real=0.00s
[2020-08-05T22:18:39.413-0300] GC(2360) Pause Young (Allocation Failure)
[2020-08-05T22:18:39.416-0300] GC(2360) PSYoungGen: 22304K->720K(23040K)
[2020-08-05T22:18:39.416-0300] GC(2360) ParOldGen: 131636K->131820K(139776K)
[2020-08-05T22:18:39.416-0300] GC(2360) Metaspace: 119081K->119081K(1163264K)
[2020-08-05T22:18:39.416-0300] GC(2360) Pause Young (Allocation Failure) 150M->129M(159M) 2.420ms
[2020-08-05T22:18:39.416-0300] GC(2360) User=0.00s Sys=0.00s Real=0.01s
[2020-08-05T22:18:59.846-0300] GC(2361) Pause Young (Allocation Failure)
[2020-08-05T22:18:59.849-0300] GC(2361) PSYoungGen: 22736K->640K(23040K)
[2020-08-05T22:18:59.849-0300] GC(2361) ParOldGen: 131820K->132380K(139776K)
[2020-08-05T22:18:59.849-0300] GC(2361) Metaspace: 119081K->119081K(1163264K)
[2020-08-05T22:18:59.849-0300] GC(2361) Pause Young (Allocation Failure) 150M->129M(159M) 2.352ms
[2020-08-05T22:18:59.849-0300] GC(2361) User=0.01s Sys=0.00s Real=0.00s
[2020-08-05T22:19:24.625-0300] GC(2362) Pause Young (Allocation Failure)
[2020-08-05T22:19:24.628-0300] GC(2362) PSYoungGen: 22656K->544K(23040K)
[2020-08-05T22:19:24.628-0300] GC(2362) ParOldGen: 132380K->132860K(139776K)
[2020-08-05T22:19:24.628-0300] GC(2362) Metaspace: 119081K->119081K(1163264K)
[2020-08-05T22:19:24.628-0300] GC(2362) Pause Young (Allocation Failure) 151M->130M(159M) 3.519ms
[2020-08-05T22:19:24.628-0300] GC(2362) User=0.01s Sys=0.00s Real=0.00s
[2020-08-05T22:19:44.845-0300] GC(2363) Pause Young (Allocation Failure)
[2020-08-05T22:19:44.848-0300] GC(2363) PSYoungGen: 22560K->432K(23040K)
[2020-08-05T22:19:44.848-0300] GC(2363) ParOldGen: 132860K->133284K(139776K)
[2020-08-05T22:19:44.848-0300] GC(2363) Metaspace: 119081K->119081K(1163264K)
[2020-08-05T22:19:44.848-0300] GC(2363) Pause Young (Allocation Failure) 151M->130M(159M) 2.617ms
[2020-08-05T22:19:44.848-0300] GC(2363) User=0.01s Sys=0.00s Real=0.00s
[2020-08-05T22:19:55.671-0300] GC(2364) Pause Young (Allocation Failure)
[2020-08-05T22:19:55.674-0300] GC(2364) PSYoungGen: 22448K->480K(23040K)
[2020-08-05T22:19:55.674-0300] GC(2364) ParOldGen: 133284K->133597K(139776K)
[2020-08-05T22:19:55.674-0300] GC(2364) Metaspace: 119083K->119083K(1163264K)
[2020-08-05T22:19:55.674-0300] GC(2364) Pause Young (Allocation Failure) 152M->130M(159M) 3.004ms
[2020-08-05T22:19:55.674-0300] GC(2364) User=0.00s Sys=0.00s Real=0.01s
[2020-08-05T22:20:11.501-0300] GC(2365) Pause Young (Allocation Failure)
[2020-08-05T22:20:11.506-0300] GC(2365) PSYoungGen: 22496K->619K(23040K)
[2020-08-05T22:20:11.506-0300] GC(2365) ParOldGen: 133597K->133989K(139776K)
[2020-08-05T22:20:11.506-0300] GC(2365) Metaspace: 119083K->119083K(1163264K)
[2020-08-05T22:20:11.506-0300] GC(2365) Pause Young (Allocation Failure) 152M->131M(159M) 4.620ms
[2020-08-05T22:20:11.506-0300] GC(2365) User=0.01s Sys=0.00s Real=0.01s
[2020-08-05T22:20:24.666-0300] GC(2366) Pause Young (Allocation Failure)
[2020-08-05T22:20:24.669-0300] GC(2366) PSYoungGen: 22635K->465K(23040K)
[2020-08-05T22:20:24.669-0300] GC(2366) ParOldGen: 133989K->134482K(139776K)
[2020-08-05T22:20:24.669-0300] GC(2366) Metaspace: 119083K->119083K(1163264K)
[2020-08-05T22:20:24.669-0300] GC(2366) Pause Young (Allocation Failure) 152M->131M(159M) 3.360ms
[2020-08-05T22:20:24.669-0300] GC(2366) User=0.00s Sys=0.00s Real=0.00s
[2020-08-05T22:20:37.983-0300] GC(2367) Pause Young (Allocation Failure)
[2020-08-05T22:20:37.987-0300] GC(2367) PSYoungGen: 22481K->448K(23040K)
[2020-08-05T22:20:37.987-0300] GC(2367) ParOldGen: 134482K->134815K(139776K)
[2020-08-05T22:20:37.987-0300] GC(2367) Metaspace: 119083K->119083K(1163264K)
[2020-08-05T22:20:37.987-0300] GC(2367) Pause Young (Allocation Failure) 153M->132M(159M) 3.680ms
[2020-08-05T22:20:37.987-0300] GC(2367) User=0.01s Sys=0.00s Real=0.01s
[2020-08-05T22:20:44.526-0300] GC(2368) Pause Young (Allocation Failure)
[2020-08-05T22:20:44.529-0300] GC(2368) PSYoungGen: 22464K->464K(23040K)
[2020-08-05T22:20:44.529-0300] GC(2368) ParOldGen: 134815K->135160K(139776K)
[2020-08-05T22:20:44.529-0300] GC(2368) Metaspace: 119083K->119083K(1163264K)
[2020-08-05T22:20:44.529-0300] GC(2368) Pause Young (Allocation Failure) 153M->132M(159M) 2.943ms
[2020-08-05T22:20:44.529-0300] GC(2368) User=0.01s Sys=0.00s Real=0.00s
[2020-08-05T22:20:46.131-0300] GC(2369) Pause Young (Allocation Failure)
[2020-08-05T22:20:46.134-0300] GC(2369) PSYoungGen: 22480K->464K(23040K)
[2020-08-05T22:20:46.134-0300] GC(2369) ParOldGen: 135160K->135497K(139776K)
[2020-08-05T22:20:46.134-0300] GC(2369) Metaspace: 119083K->119083K(1163264K)
[2020-08-05T22:20:46.134-0300] GC(2369) Pause Young (Allocation Failure) 153M->132M(159M) 3.046ms
[2020-08-05T22:20:46.134-0300] GC(2369) User=0.01s Sys=0.00s Real=0.01s
[2020-08-05T22:20:47.824-0300] GC(2370) Pause Young (Allocation Failure)
[2020-08-05T22:20:47.827-0300] GC(2370) PSYoungGen: 22480K->401K(23040K)
[2020-08-05T22:20:47.827-0300] GC(2370) ParOldGen: 135497K->135747K(139776K)
[2020-08-05T22:20:47.827-0300] GC(2370) Metaspace: 119083K->119083K(1163264K)
[2020-08-05T22:20:47.827-0300] GC(2370) Pause Young (Allocation Failure) 154M->132M(159M) 3.372ms
[2020-08-05T22:20:47.827-0300] GC(2370) User=0.00s Sys=0.01s Real=0.01s
[2020-08-05T22:21:01.699-0300] GC(2371) Pause Young (Allocation Failure)
[2020-08-05T22:21:01.703-0300] GC(2371) PSYoungGen: 22417K->320K(23040K)
[2020-08-05T22:21:01.703-0300] GC(2371) ParOldGen: 135747K->135819K(139776K)
[2020-08-05T22:21:01.703-0300] GC(2371) Metaspace: 119083K->119083K(1163264K)
[2020-08-05T22:21:01.703-0300] GC(2371) Pause Young (Allocation Failure) 154M->132M(159M) 3.314ms
[2020-08-05T22:21:01.703-0300] GC(2371) User=0.01s Sys=0.00s Real=0.00s
[2020-08-05T22:21:24.855-0300] GC(2372) Pause Young (Allocation Failure)
[2020-08-05T22:21:24.858-0300] GC(2372) PSYoungGen: 22329K->411K(23040K)
[2020-08-05T22:21:24.858-0300] GC(2372) ParOldGen: 135819K->136083K(139776K)
[2020-08-05T22:21:24.858-0300] GC(2372) Metaspace: 119083K->119083K(1163264K)
[2020-08-05T22:21:24.858-0300] GC(2372) Pause Young (Allocation Failure) 154M->133M(159M) 3.535ms
[2020-08-05T22:21:24.858-0300] GC(2372) User=0.00s Sys=0.00s Real=0.00s
[2020-08-05T22:21:48.344-0300] GC(2373) Pause Young (Allocation Failure)
[2020-08-05T22:21:48.347-0300] GC(2373) PSYoungGen: 22427K->160K(23040K)
[2020-08-05T22:21:48.347-0300] GC(2373) ParOldGen: 136083K->136307K(139776K)
[2020-08-05T22:21:48.347-0300] GC(2373) Metaspace: 119083K->119083K(1163264K)
[2020-08-05T22:21:48.347-0300] GC(2373) Pause Young (Allocation Failure) 154M->133M(159M) 2.846ms
[2020-08-05T22:21:48.347-0300] GC(2373) User=0.00s Sys=0.00s Real=0.00s
[2020-08-05T22:22:02.753-0300] GC(2374) Pause Young (Allocation Failure)
[2020-08-05T22:22:02.755-0300] GC(2374) PSYoungGen: 22176K->288K(23040K)
[2020-08-05T22:22:02.755-0300] GC(2374) ParOldGen: 136307K->136339K(139776K)
[2020-08-05T22:22:02.755-0300] GC(2374) Metaspace: 119083K->119083K(1163264K)
[2020-08-05T22:22:02.755-0300] GC(2374) Pause Young (Allocation Failure) 154M->133M(159M) 2.437ms
[2020-08-05T22:22:02.756-0300] GC(2374) User=0.00s Sys=0.00s Real=0.01s
[2020-08-05T22:22:14.864-0300] GC(2375) Pause Young (Allocation Failure)
[2020-08-05T22:22:14.867-0300] GC(2375) PSYoungGen: 22304K->320K(23040K)
[2020-08-05T22:22:14.867-0300] GC(2375) ParOldGen: 136339K->136524K(139776K)
[2020-08-05T22:22:14.867-0300] GC(2375) Metaspace: 119083K->119083K(1163264K)
[2020-08-05T22:22:14.867-0300] GC(2375) Pause Young (Allocation Failure) 154M->133M(159M) 2.744ms
[2020-08-05T22:22:14.867-0300] GC(2375) User=0.01s Sys=0.00s Real=0.00s
[2020-08-05T22:22:21.156-0300] GC(2376) Pause Young (Allocation Failure)
[2020-08-05T22:22:21.161-0300] GC(2376) PSYoungGen: 22336K->432K(23040K)
[2020-08-05T22:22:21.161-0300] GC(2376) ParOldGen: 136524K->136721K(139776K)
[2020-08-05T22:22:21.161-0300] GC(2376) Metaspace: 119103K->119103K(1163264K)
[2020-08-05T22:22:21.161-0300] GC(2376) Pause Young (Allocation Failure) 155M->133M(159M) 5.321ms
[2020-08-05T22:22:21.161-0300] GC(2376) User=0.00s Sys=0.00s Real=0.00s
[2020-08-05T22:22:23.002-0300] GC(2377) Pause Young (Allocation Failure)
[2020-08-05T22:22:23.004-0300] GC(2377) PSYoungGen: 22448K->337K(23040K)
[2020-08-05T22:22:23.004-0300] GC(2377) ParOldGen: 136721K->136914K(139776K)
[2020-08-05T22:22:23.004-0300] GC(2377) Metaspace: 119103K->119103K(1163264K)
[2020-08-05T22:22:23.004-0300] GC(2377) Pause Young (Allocation Failure) 155M->134M(159M) 2.454ms
[2020-08-05T22:22:23.004-0300] GC(2377) User=0.01s Sys=0.00s Real=0.01s
[2020-08-05T22:22:24.849-0300] GC(2378) Pause Young (Allocation Failure)
[2020-08-05T22:22:24.851-0300] GC(2378) PSYoungGen: 22353K->417K(23040K)
[2020-08-05T22:22:24.851-0300] GC(2378) ParOldGen: 136914K->137167K(139776K)
[2020-08-05T22:22:24.851-0300] GC(2378) Metaspace: 119103K->119103K(1163264K)
[2020-08-05T22:22:24.851-0300] GC(2378) Pause Young (Allocation Failure) 155M->134M(159M) 2.538ms
[2020-08-05T22:22:24.851-0300] GC(2378) User=0.01s Sys=0.00s Real=0.00s
[2020-08-05T22:22:26.371-0300] GC(2379) Pause Young (Allocation Failure)
[2020-08-05T22:22:26.374-0300] GC(2379) PSYoungGen: 22433K->352K(23040K)
[2020-08-05T22:22:26.374-0300] GC(2379) ParOldGen: 137167K->137412K(139776K)
[2020-08-05T22:22:26.374-0300] GC(2379) Metaspace: 119103K->119103K(1163264K)
[2020-08-05T22:22:26.374-0300] GC(2379) Pause Young (Allocation Failure) 155M->134M(159M) 3.744ms
[2020-08-05T22:22:26.374-0300] GC(2379) User=0.01s Sys=0.00s Real=0.01s
[2020-08-05T22:22:28.012-0300] GC(2380) Pause Young (Allocation Failure)
[2020-08-05T22:22:28.016-0300] GC(2380) PSYoungGen: 22368K->465K(23040K)
[2020-08-05T22:22:28.016-0300] GC(2380) ParOldGen: 137412K->137682K(139776K)
[2020-08-05T22:22:28.016-0300] GC(2380) Metaspace: 119103K->119103K(1163264K)
[2020-08-05T22:22:28.016-0300] GC(2380) Pause Young (Allocation Failure) 156M->134M(159M) 3.327ms
[2020-08-05T22:22:28.016-0300] GC(2380) User=0.01s Sys=0.00s Real=0.01s
[2020-08-05T22:22:49.847-0300] GC(2381) Pause Young (Allocation Failure)
[2020-08-05T22:22:49.850-0300] GC(2381) PSYoungGen: 22481K->192K(23040K)
[2020-08-05T22:22:49.850-0300] GC(2381) ParOldGen: 137682K->137877K(139776K)
[2020-08-05T22:22:49.850-0300] GC(2381) Metaspace: 119103K->119103K(1163264K)
[2020-08-05T22:22:49.850-0300] GC(2381) Pause Young (Allocation Failure) 156M->134M(159M) 2.723ms
[2020-08-05T22:22:49.850-0300] GC(2381) User=0.00s Sys=0.00s Real=0.00s
[2020-08-05T22:23:14.846-0300] GC(2382) Pause Young (Allocation Failure)
[2020-08-05T22:23:14.850-0300] GC(2382) PSYoungGen: 22208K->144K(23040K)
[2020-08-05T22:23:14.850-0300] GC(2382) ParOldGen: 137877K->137909K(139776K)
[2020-08-05T22:23:14.850-0300] GC(2382) Metaspace: 119103K->119103K(1163264K)
[2020-08-05T22:23:14.850-0300] GC(2382) Pause Young (Allocation Failure) 156M->134M(159M) 4.036ms
[2020-08-05T22:23:14.850-0300] GC(2382) User=0.00s Sys=0.01s Real=0.00s
[2020-08-05T22:23:33.363-0300] GC(2383) Pause Young (Allocation Failure)
[2020-08-05T22:23:33.366-0300] GC(2383) PSYoungGen: 22160K->736K(23040K)
[2020-08-05T22:23:33.366-0300] GC(2383) ParOldGen: 137909K->137949K(139776K)
[2020-08-05T22:23:33.366-0300] GC(2383) Metaspace: 119103K->119103K(1163264K)
[2020-08-05T22:23:33.366-0300] GC(2383) Pause Young (Allocation Failure) 156M->135M(159M) 3.015ms
[2020-08-05T22:23:33.366-0300] GC(2383) User=0.00s Sys=0.00s Real=0.01s
[2020-08-05T22:23:45.136-0300] GC(2384) Pause Young (Allocation Failure)
[2020-08-05T22:23:45.140-0300] GC(2384) PSYoungGen: 22729K->544K(23040K)
[2020-08-05T22:23:45.140-0300] GC(2384) ParOldGen: 137949K->138534K(139776K)
[2020-08-05T22:23:45.140-0300] GC(2384) Metaspace: 119103K->119103K(1163264K)
[2020-08-05T22:23:45.140-0300] GC(2384) Pause Young (Allocation Failure) 156M->135M(159M) 3.964ms
[2020-08-05T22:23:45.140-0300] GC(2384) User=0.01s Sys=0.00s Real=0.00s
[2020-08-05T22:23:59.846-0300] GC(2385) Pause Young (Allocation Failure)
[2020-08-05T22:23:59.848-0300] GC(2385) PSYoungGen: 22560K->576K(23040K)
[2020-08-05T22:23:59.848-0300] GC(2385) ParOldGen: 138534K->138983K(139776K)
[2020-08-05T22:23:59.848-0300] GC(2385) Metaspace: 119103K->119103K(1163264K)
[2020-08-05T22:23:59.848-0300] GC(2385) Pause Young (Allocation Failure) 157M->136M(159M) 2.532ms
[2020-08-05T22:23:59.848-0300] GC(2385) User=0.01s Sys=0.00s Real=0.00s
[2020-08-05T22:24:14.846-0300] GC(2386) Pause Young (Allocation Failure)
[2020-08-05T22:24:14.849-0300] GC(2386) PSYoungGen: 22592K->608K(23040K)
[2020-08-05T22:24:14.849-0300] GC(2386) ParOldGen: 138983K->139456K(139776K)
[2020-08-05T22:24:14.849-0300] GC(2386) Metaspace: 119103K->119103K(1163264K)
[2020-08-05T22:24:14.849-0300] GC(2386) Pause Young (Allocation Failure) 157M->136M(159M) 2.641ms
[2020-08-05T22:24:14.849-0300] GC(2386) User=0.00s Sys=0.00s Real=0.00s
[2020-08-05T22:24:14.849-0300] GC(2387) Pause Full (Ergonomics)
[2020-08-05T22:24:14.849-0300] GC(2387) Marking Phase
[2020-08-05T22:24:14.923-0300] GC(2387) Marking Phase 73.964ms
[2020-08-05T22:24:14.923-0300] GC(2387) Summary Phase
[2020-08-05T22:24:14.923-0300] GC(2387) Summary Phase 0.015ms
[2020-08-05T22:24:14.923-0300] GC(2387) Adjust Roots
[2020-08-05T22:24:14.953-0300] GC(2387) Adjust Roots 29.683ms
[2020-08-05T22:24:14.953-0300] GC(2387) Compaction Phase
[2020-08-05T22:24:14.989-0300] GC(2387) Compaction Phase 35.561ms
[2020-08-05T22:24:14.989-0300] GC(2387) Post Compact
[2020-08-05T22:24:14.989-0300] GC(2387) Post Compact 0.703ms
[2020-08-05T22:24:14.989-0300] GC(2387) PSYoungGen: 608K->0K(23040K)
[2020-08-05T22:24:14.989-0300] GC(2387) ParOldGen: 139456K->105819K(139264K)
[2020-08-05T22:24:14.989-0300] GC(2387) Metaspace: 119103K->119103K(1163264K)
[2020-08-05T22:24:14.989-0300] GC(2387) Pause Full (Ergonomics) 136M->103M(158M) 140.289ms
[2020-08-05T22:24:14.989-0300] GC(2387) User=0.37s Sys=0.00s Real=0.14s
[2020-08-05T22:24:26.305-0300] GC(2388) Pause Young (Allocation Failure)
[2020-08-05T22:24:26.310-0300] GC(2388) PSYoungGen: 22016K->400K(23040K)
[2020-08-05T22:24:26.310-0300] GC(2388) ParOldGen: 105819K->105819K(139264K)
[2020-08-05T22:24:26.310-0300] GC(2388) Metaspace: 119103K->119103K(1163264K)
[2020-08-05T22:24:26.310-0300] GC(2388) Pause Young (Allocation Failure) 124M->103M(158M) 4.763ms
[2020-08-05T22:24:26.310-0300] GC(2388) User=0.01s Sys=0.00s Real=0.00s
[2020-08-05T22:24:42.050-0300] GC(2389) Pause Young (Allocation Failure)
[2020-08-05T22:24:42.053-0300] GC(2389) PSYoungGen: 22416K->432K(23040K)
[2020-08-05T22:24:42.053-0300] GC(2389) ParOldGen: 105819K->106137K(139264K)
[2020-08-05T22:24:42.053-0300] GC(2389) Metaspace: 119103K->119103K(1163264K)
[2020-08-05T22:24:42.053-0300] GC(2389) Pause Young (Allocation Failure) 125M->104M(158M) 3.183ms
[2020-08-05T22:24:42.054-0300] GC(2389) User=0.00s Sys=0.00s Real=0.00s
[2020-08-05T22:24:55.125-0300] GC(2390) Pause Young (Allocation Failure)
[2020-08-05T22:24:55.128-0300] GC(2390) PSYoungGen: 22448K->512K(23040K)
[2020-08-05T22:24:55.128-0300] GC(2390) ParOldGen: 106137K->106477K(139264K)
[2020-08-05T22:24:55.128-0300] GC(2390) Metaspace: 119103K->119103K(1163264K)
[2020-08-05T22:24:55.128-0300] GC(2390) Pause Young (Allocation Failure) 125M->104M(158M) 3.162ms
[2020-08-05T22:24:55.128-0300] GC(2390) User=0.00s Sys=0.00s Real=0.00s
[2020-08-05T22:25:04.102-0300] GC(2391) Pause Young (Allocation Failure)
[2020-08-05T22:25:04.106-0300] GC(2391) PSYoungGen: 22515K->544K(23040K)
[2020-08-05T22:25:04.106-0300] GC(2391) ParOldGen: 106477K->106810K(139264K)
[2020-08-05T22:25:04.106-0300] GC(2391) Metaspace: 119103K->119103K(1163264K)
[2020-08-05T22:25:04.106-0300] GC(2391) Pause Young (Allocation Failure) 125M->104M(158M) 3.862ms
[2020-08-05T22:25:04.106-0300] GC(2391) User=0.01s Sys=0.00s Real=0.01s
[2020-08-05T22:25:05.330-0300] GC(2392) Pause Young (Allocation Failure)
[2020-08-05T22:25:05.332-0300] GC(2392) PSYoungGen: 22560K->369K(23040K)
[2020-08-05T22:25:05.332-0300] GC(2392) ParOldGen: 106810K->107184K(139264K)
[2020-08-05T22:25:05.332-0300] GC(2392) Metaspace: 119103K->119103K(1163264K)
[2020-08-05T22:25:05.333-0300] GC(2392) Pause Young (Allocation Failure) 126M->105M(158M) 2.557ms
[2020-08-05T22:25:05.333-0300] GC(2392) User=0.00s Sys=0.00s Real=0.00s
[2020-08-05T22:25:29.849-0300] GC(2393) Pause Young (Allocation Failure)
[2020-08-05T22:25:29.851-0300] GC(2393) PSYoungGen: 22385K->512K(23040K)
[2020-08-05T22:25:29.851-0300] GC(2393) ParOldGen: 107184K->107324K(139264K)
[2020-08-05T22:25:29.851-0300] GC(2393) Metaspace: 119103K->119103K(1163264K)
[2020-08-05T22:25:29.851-0300] GC(2393) Pause Young (Allocation Failure) 126M->105M(158M) 2.306ms
[2020-08-05T22:25:29.851-0300] GC(2393) User=0.01s Sys=0.00s Real=0.00s
[2020-08-05T22:25:54.846-0300] GC(2394) Pause Young (Allocation Failure)
[2020-08-05T22:25:54.849-0300] GC(2394) PSYoungGen: 22528K->544K(23040K)
[2020-08-05T22:25:54.849-0300] GC(2394) ParOldGen: 107324K->107676K(139264K)
[2020-08-05T22:25:54.849-0300] GC(2394) Metaspace: 119103K->119103K(1163264K)
[2020-08-05T22:25:54.849-0300] GC(2394) Pause Young (Allocation Failure) 126M->105M(158M) 2.900ms
[2020-08-05T22:25:54.849-0300] GC(2394) User=0.01s Sys=0.00s Real=0.00s
[2020-08-05T22:26:09.847-0300] GC(2395) Pause Young (Allocation Failure)
[2020-08-05T22:26:09.850-0300] GC(2395) PSYoungGen: 22560K->416K(23040K)
[2020-08-05T22:26:09.850-0300] GC(2395) ParOldGen: 107676K->108148K(139264K)
[2020-08-05T22:26:09.850-0300] GC(2395) Metaspace: 119103K->119103K(1163264K)
[2020-08-05T22:26:09.850-0300] GC(2395) Pause Young (Allocation Failure) 127M->106M(158M) 2.855ms
[2020-08-05T22:26:09.850-0300] GC(2395) User=0.01s Sys=0.00s Real=0.00s
[2020-08-05T22:26:34.846-0300] GC(2396) Pause Young (Allocation Failure)
[2020-08-05T22:26:34.849-0300] GC(2396) PSYoungGen: 22432K->256K(23040K)
[2020-08-05T22:26:34.849-0300] GC(2396) ParOldGen: 108148K->108447K(139264K)
[2020-08-05T22:26:34.849-0300] GC(2396) Metaspace: 119103K->119103K(1163264K)
[2020-08-05T22:26:34.849-0300] GC(2396) Pause Young (Allocation Failure) 127M->106M(158M) 2.966ms
[2020-08-05T22:26:34.849-0300] GC(2396) User=0.01s Sys=0.00s Real=0.00s
[2020-08-05T22:26:59.847-0300] GC(2397) Pause Young (Allocation Failure)
[2020-08-05T22:26:59.850-0300] GC(2397) PSYoungGen: 22272K->128K(23040K)
[2020-08-05T22:26:59.850-0300] GC(2397) ParOldGen: 108447K->108567K(139264K)
[2020-08-05T22:26:59.850-0300] GC(2397) Metaspace: 119103K->119103K(1163264K)
[2020-08-05T22:26:59.851-0300] GC(2397) Pause Young (Allocation Failure) 127M->106M(158M) 3.831ms
[2020-08-05T22:26:59.851-0300] GC(2397) User=0.01s Sys=0.00s Real=0.00s
[2020-08-05T22:27:15.122-0300] GC(2398) Pause Young (Allocation Failure)
[2020-08-05T22:27:15.124-0300] GC(2398) PSYoungGen: 22144K->288K(23040K)
[2020-08-05T22:27:15.124-0300] GC(2398) ParOldGen: 108567K->108607K(139264K)
[2020-08-05T22:27:15.124-0300] GC(2398) Metaspace: 119103K->119103K(1163264K)
[2020-08-05T22:27:15.124-0300] GC(2398) Pause Young (Allocation Failure) 127M->106M(158M) 2.323ms
[2020-08-05T22:27:15.124-0300] GC(2398) User=0.01s Sys=0.00s Real=0.01s
[2020-08-05T22:27:39.121-0300] GC(2399) Pause Young (Allocation Failure)
[2020-08-05T22:27:39.123-0300] GC(2399) PSYoungGen: 22304K->448K(23040K)
[2020-08-05T22:27:39.123-0300] GC(2399) ParOldGen: 108607K->108679K(139264K)
[2020-08-05T22:27:39.123-0300] GC(2399) Metaspace: 119104K->119104K(1163264K)
[2020-08-05T22:27:39.123-0300] GC(2399) Pause Young (Allocation Failure) 127M->106M(158M) 2.787ms
[2020-08-05T22:27:39.124-0300] GC(2399) User=0.01s Sys=0.00s Real=0.00s
[2020-08-05T22:28:04.845-0300] GC(2400) Pause Young (Allocation Failure)
[2020-08-05T22:28:04.848-0300] GC(2400) PSYoungGen: 22464K->128K(23040K)
[2020-08-05T22:28:04.848-0300] GC(2400) ParOldGen: 108679K->108735K(139264K)
[2020-08-05T22:28:04.848-0300] GC(2400) Metaspace: 119104K->119104K(1163264K)
[2020-08-05T22:28:04.848-0300] GC(2400) Pause Young (Allocation Failure) 128M->106M(158M) 2.649ms
[2020-08-05T22:28:04.848-0300] GC(2400) User=0.00s Sys=0.00s Real=0.00s
[2020-08-05T22:28:17.176-0300] GC(2401) Pause Young (Allocation Failure)
[2020-08-05T22:28:17.178-0300] GC(2401) PSYoungGen: 22143K->288K(23040K)
[2020-08-05T22:28:17.179-0300] GC(2401) ParOldGen: 108735K->108759K(139264K)
[2020-08-05T22:28:17.179-0300] GC(2401) Metaspace: 119104K->119104K(1163264K)
[2020-08-05T22:28:17.179-0300] GC(2401) Pause Young (Allocation Failure) 127M->106M(158M) 2.803ms
[2020-08-05T22:28:17.179-0300] GC(2401) User=0.00s Sys=0.00s Real=0.00s
[2020-08-05T22:28:32.929-0300] GC(2402) Pause Young (Allocation Failure)
[2020-08-05T22:28:32.932-0300] GC(2402) PSYoungGen: 22304K->672K(23040K)
[2020-08-05T22:28:32.932-0300] GC(2402) ParOldGen: 108759K->108965K(139264K)
[2020-08-05T22:28:32.932-0300] GC(2402) Metaspace: 119104K->119104K(1163264K)
[2020-08-05T22:28:32.932-0300] GC(2402) Pause Young (Allocation Failure) 127M->107M(158M) 2.571ms
[2020-08-05T22:28:32.932-0300] GC(2402) User=0.00s Sys=0.00s Real=0.00s
[2020-08-05T22:28:44.849-0300] GC(2403) Pause Young (Allocation Failure)
[2020-08-05T22:28:44.852-0300] GC(2403) PSYoungGen: 22677K->652K(23040K)
[2020-08-05T22:28:44.852-0300] GC(2403) ParOldGen: 108965K->109541K(139264K)
[2020-08-05T22:28:44.852-0300] GC(2403) Metaspace: 119104K->119104K(1163264K)
[2020-08-05T22:28:44.852-0300] GC(2403) Pause Young (Allocation Failure) 128M->107M(158M) 3.062ms
[2020-08-05T22:28:44.852-0300] GC(2403) User=0.00s Sys=0.00s Real=0.00s
[2020-08-05T22:28:59.443-0300] GC(2404) Pause Young (Allocation Failure)
[2020-08-05T22:28:59.446-0300] GC(2404) PSYoungGen: 22668K->576K(23040K)
[2020-08-05T22:28:59.446-0300] GC(2404) ParOldGen: 109541K->110023K(139264K)
[2020-08-05T22:28:59.446-0300] GC(2404) Metaspace: 119104K->119104K(1163264K)
[2020-08-05T22:28:59.446-0300] GC(2404) Pause Young (Allocation Failure) 129M->108M(158M) 3.343ms
[2020-08-05T22:28:59.446-0300] GC(2404) User=0.01s Sys=0.00s Real=0.01s
[2020-08-05T22:29:14.846-0300] GC(2405) Pause Young (Allocation Failure)
[2020-08-05T22:29:14.849-0300] GC(2405) PSYoungGen: 22592K->592K(23040K)
[2020-08-05T22:29:14.849-0300] GC(2405) ParOldGen: 110023K->110496K(139264K)
[2020-08-05T22:29:14.849-0300] GC(2405) Metaspace: 119104K->119104K(1163264K)
[2020-08-05T22:29:14.849-0300] GC(2405) Pause Young (Allocation Failure) 129M->108M(158M) 3.082ms
[2020-08-05T22:29:14.849-0300] GC(2405) User=0.01s Sys=0.00s Real=0.00s
[2020-08-05T22:29:26.107-0300] GC(2406) Pause Young (Allocation Failure)
[2020-08-05T22:29:26.111-0300] GC(2406) PSYoungGen: 22608K->368K(23040K)
[2020-08-05T22:29:26.111-0300] GC(2406) ParOldGen: 110496K->111012K(139264K)
[2020-08-05T22:29:26.111-0300] GC(2406) Metaspace: 119104K->119104K(1163264K)
[2020-08-05T22:29:26.111-0300] GC(2406) Pause Young (Allocation Failure) 129M->108M(158M) 3.946ms
[2020-08-05T22:29:26.111-0300] GC(2406) User=0.00s Sys=0.00s Real=0.00s
[2020-08-05T22:29:41.678-0300] GC(2407) Pause Young (Allocation Failure)
[2020-08-05T22:29:41.681-0300] GC(2407) PSYoungGen: 22384K->448K(23040K)
[2020-08-05T22:29:41.681-0300] GC(2407) ParOldGen: 111012K->111282K(139264K)
[2020-08-05T22:29:41.681-0300] GC(2407) Metaspace: 119104K->119104K(1163264K)
[2020-08-05T22:29:41.681-0300] GC(2407) Pause Young (Allocation Failure) 130M->109M(158M) 3.057ms
[2020-08-05T22:29:41.681-0300] GC(2407) User=0.01s Sys=0.00s Real=0.00s
[2020-08-05T22:29:55.119-0300] GC(2408) Pause Young (Allocation Failure)
[2020-08-05T22:29:55.122-0300] GC(2408) PSYoungGen: 22464K->544K(23040K)
[2020-08-05T22:29:55.122-0300] GC(2408) ParOldGen: 111282K->111602K(139264K)
[2020-08-05T22:29:55.122-0300] GC(2408) Metaspace: 119104K->119104K(1163264K)
[2020-08-05T22:29:55.122-0300] GC(2408) Pause Young (Allocation Failure) 130M->109M(158M) 3.115ms
[2020-08-05T22:29:55.122-0300] GC(2408) User=0.01s Sys=0.00s Real=0.00s
[2020-08-05T22:30:04.848-0300] GC(2409) Pause Young (Allocation Failure)
[2020-08-05T22:30:04.851-0300] GC(2409) PSYoungGen: 22560K->544K(23040K)
[2020-08-05T22:30:04.851-0300] GC(2409) ParOldGen: 111602K->111959K(139264K)
[2020-08-05T22:30:04.851-0300] GC(2409) Metaspace: 119104K->119104K(1163264K)
[2020-08-05T22:30:04.851-0300] GC(2409) Pause Young (Allocation Failure) 131M->109M(158M) 2.729ms
[2020-08-05T22:30:04.851-0300] GC(2409) User=0.01s Sys=0.00s Real=0.00s
[2020-08-05T22:30:19.037-0300] GC(2410) Pause Young (Allocation Failure)
[2020-08-05T22:30:19.040-0300] GC(2410) PSYoungGen: 22560K->384K(23040K)
[2020-08-05T22:30:19.040-0300] GC(2410) ParOldGen: 111959K->112397K(139264K)
[2020-08-05T22:30:19.040-0300] GC(2410) Metaspace: 119104K->119104K(1163264K)
[2020-08-05T22:30:19.040-0300] GC(2410) Pause Young (Allocation Failure) 131M->110M(158M) 2.946ms
[2020-08-05T22:30:19.040-0300] GC(2410) User=0.00s Sys=0.00s Real=0.00s
[2020-08-05T22:30:34.130-0300] GC(2411) Pause Young (Allocation Failure)
[2020-08-05T22:30:34.133-0300] GC(2411) PSYoungGen: 22400K->625K(23040K)
[2020-08-05T22:30:34.133-0300] GC(2411) ParOldGen: 112397K->112685K(139264K)
[2020-08-05T22:30:34.133-0300] GC(2411) Metaspace: 119104K->119104K(1163264K)
[2020-08-05T22:30:34.133-0300] GC(2411) Pause Young (Allocation Failure) 131M->110M(158M) 3.258ms
[2020-08-05T22:30:34.133-0300] GC(2411) User=0.00s Sys=0.00s Real=0.00s
[2020-08-05T22:30:45.617-0300] GC(2412) Pause Young (Allocation Failure)
[2020-08-05T22:30:45.620-0300] GC(2412) PSYoungGen: 22641K->529K(23040K)
[2020-08-05T22:30:45.620-0300] GC(2412) ParOldGen: 112685K->113086K(139264K)
[2020-08-05T22:30:45.620-0300] GC(2412) Metaspace: 119104K->119104K(1163264K)
[2020-08-05T22:30:45.621-0300] GC(2412) Pause Young (Allocation Failure) 132M->110M(158M) 3.129ms
[2020-08-05T22:30:45.621-0300] GC(2412) User=0.01s Sys=0.00s Real=0.00s
[2020-08-05T22:31:01.320-0300] GC(2413) Pause Young (Allocation Failure)
[2020-08-05T22:31:01.323-0300] GC(2413) PSYoungGen: 22545K->496K(23040K)
[2020-08-05T22:31:01.323-0300] GC(2413) ParOldGen: 113086K->113432K(139264K)
[2020-08-05T22:31:01.323-0300] GC(2413) Metaspace: 119104K->119104K(1163264K)
[2020-08-05T22:31:01.323-0300] GC(2413) Pause Young (Allocation Failure) 132M->111M(158M) 2.992ms
[2020-08-05T22:31:01.324-0300] GC(2413) User=0.00s Sys=0.00s Real=0.00s
[2020-08-05T22:31:14.853-0300] GC(2414) Pause Young (Allocation Failure)
[2020-08-05T22:31:14.855-0300] GC(2414) PSYoungGen: 22512K->448K(23040K)
[2020-08-05T22:31:14.855-0300] GC(2414) ParOldGen: 113432K->113792K(139264K)
[2020-08-05T22:31:14.855-0300] GC(2414) Metaspace: 119104K->119104K(1163264K)
[2020-08-05T22:31:14.855-0300] GC(2414) Pause Young (Allocation Failure) 132M->111M(158M) 2.357ms
[2020-08-05T22:31:14.855-0300] GC(2414) User=0.01s Sys=0.00s Real=0.01s
[2020-08-05T22:31:18.612-0300] GC(2415) Pause Young (Allocation Failure)
[2020-08-05T22:31:18.615-0300] GC(2415) PSYoungGen: 22464K->368K(23040K)
[2020-08-05T22:31:18.615-0300] GC(2415) ParOldGen: 113792K->114045K(139264K)
[2020-08-05T22:31:18.615-0300] GC(2415) Metaspace: 119104K->119104K(1163264K)
[2020-08-05T22:31:18.615-0300] GC(2415) Pause Young (Allocation Failure) 133M->111M(158M) 2.933ms
[2020-08-05T22:31:18.615-0300] GC(2415) User=0.01s Sys=0.00s Real=0.01s
[2020-08-05T22:31:20.273-0300] GC(2416) Pause Young (Allocation Failure)
[2020-08-05T22:31:20.276-0300] GC(2416) PSYoungGen: 22374K->384K(23040K)
[2020-08-05T22:31:20.276-0300] GC(2416) ParOldGen: 114045K->114310K(139264K)
[2020-08-05T22:31:20.276-0300] GC(2416) Metaspace: 119104K->119104K(1163264K)
[2020-08-05T22:31:20.276-0300] GC(2416) Pause Young (Allocation Failure) 133M->112M(158M) 3.362ms
[2020-08-05T22:31:20.276-0300] GC(2416) User=0.01s Sys=0.00s Real=0.01s
[2020-08-05T22:31:34.847-0300] GC(2417) Pause Young (Allocation Failure)
[2020-08-05T22:31:34.850-0300] GC(2417) PSYoungGen: 22400K->224K(23040K)
[2020-08-05T22:31:34.850-0300] GC(2417) ParOldGen: 114310K->114394K(139264K)
[2020-08-05T22:31:34.850-0300] GC(2417) Metaspace: 119104K->119104K(1163264K)
[2020-08-05T22:31:34.850-0300] GC(2417) Pause Young (Allocation Failure) 133M->111M(158M) 2.376ms
[2020-08-05T22:31:34.850-0300] GC(2417) User=0.01s Sys=0.00s Real=0.00s
[2020-08-05T22:31:59.847-0300] GC(2418) Pause Young (Allocation Failure)
[2020-08-05T22:31:59.850-0300] GC(2418) PSYoungGen: 22240K->160K(23040K)
[2020-08-05T22:31:59.850-0300] GC(2418) ParOldGen: 114394K->114479K(139264K)
[2020-08-05T22:31:59.850-0300] GC(2418) Metaspace: 119104K->119104K(1163264K)
[2020-08-05T22:31:59.850-0300] GC(2418) Pause Young (Allocation Failure) 133M->111M(158M) 2.248ms
[2020-08-05T22:31:59.850-0300] GC(2418) User=0.01s Sys=0.00s Real=0.00s
[2020-08-05T22:32:20.785-0300] GC(2419) Pause Young (Allocation Failure)
[2020-08-05T22:32:20.788-0300] GC(2419) PSYoungGen: 22176K->352K(23040K)
[2020-08-05T22:32:20.788-0300] GC(2419) ParOldGen: 114479K->114495K(139264K)
[2020-08-05T22:32:20.788-0300] GC(2419) Metaspace: 119104K->119104K(1163264K)
[2020-08-05T22:32:20.788-0300] GC(2419) Pause Young (Allocation Failure) 133M->112M(158M) 2.671ms
[2020-08-05T22:32:20.788-0300] GC(2419) User=0.01s Sys=0.00s Real=0.00s
[2020-08-05T22:32:34.247-0300] GC(2420) Pause Young (Allocation Failure)
[2020-08-05T22:32:34.249-0300] GC(2420) PSYoungGen: 22368K->448K(23040K)
[2020-08-05T22:32:34.249-0300] GC(2420) ParOldGen: 114495K->114535K(139264K)
[2020-08-05T22:32:34.249-0300] GC(2420) Metaspace: 119105K->119105K(1163264K)
[2020-08-05T22:32:34.249-0300] GC(2420) Pause Young (Allocation Failure) 133M->112M(158M) 2.508ms
[2020-08-05T22:32:34.249-0300] GC(2420) User=0.01s Sys=0.00s Real=0.00s
[2020-08-05T22:32:47.238-0300] GC(2421) Pause Young (Allocation Failure)
[2020-08-05T22:32:47.243-0300] GC(2421) PSYoungGen: 22464K->288K(23040K)
[2020-08-05T22:32:47.243-0300] GC(2421) ParOldGen: 114535K->114843K(139264K)
[2020-08-05T22:32:47.243-0300] GC(2421) Metaspace: 119105K->119105K(1163264K)
[2020-08-05T22:32:47.243-0300] GC(2421) Pause Young (Allocation Failure) 133M->112M(158M) 5.098ms
[2020-08-05T22:32:47.243-0300] GC(2421) User=0.00s Sys=0.00s Real=0.00s
[2020-08-05T22:33:03.088-0300] GC(2422) Pause Young (Allocation Failure)
[2020-08-05T22:33:03.093-0300] GC(2422) PSYoungGen: 22304K->224K(23040K)
[2020-08-05T22:33:03.093-0300] GC(2422) ParOldGen: 114843K->115004K(139264K)
[2020-08-05T22:33:03.093-0300] GC(2422) Metaspace: 119105K->119105K(1163264K)
[2020-08-05T22:33:03.093-0300] GC(2422) Pause Young (Allocation Failure) 133M->112M(158M) 4.293ms
[2020-08-05T22:33:03.093-0300] GC(2422) User=0.00s Sys=0.00s Real=0.00s
[2020-08-05T22:33:14.849-0300] GC(2423) Pause Young (Allocation Failure)
[2020-08-05T22:33:14.853-0300] GC(2423) PSYoungGen: 22240K->992K(23040K)
[2020-08-05T22:33:14.853-0300] GC(2423) ParOldGen: 115004K->115229K(139264K)
[2020-08-05T22:33:14.853-0300] GC(2423) Metaspace: 119105K->119105K(1163264K)
[2020-08-05T22:33:14.853-0300] GC(2423) Pause Young (Allocation Failure) 134M->113M(158M) 3.499ms
[2020-08-05T22:33:14.853-0300] GC(2423) User=0.01s Sys=0.00s Real=0.00s
[2020-08-05T22:33:24.869-0300] GC(2424) Pause Young (Allocation Failure)
[2020-08-05T22:33:24.873-0300] GC(2424) PSYoungGen: 23007K->656K(23040K)
[2020-08-05T22:33:24.873-0300] GC(2424) ParOldGen: 115229K->116174K(139264K)
[2020-08-05T22:33:24.873-0300] GC(2424) Metaspace: 119105K->119105K(1163264K)
[2020-08-05T22:33:24.873-0300] GC(2424) Pause Young (Allocation Failure) 134M->114M(158M) 3.806ms
[2020-08-05T22:33:24.873-0300] GC(2424) User=0.00s Sys=0.00s Real=0.00s
[2020-08-05T22:33:26.793-0300] GC(2425) Pause Young (Allocation Failure)
[2020-08-05T22:33:26.796-0300] GC(2425) PSYoungGen: 22672K->401K(23040K)
[2020-08-05T22:33:26.796-0300] GC(2425) ParOldGen: 116174K->116619K(139264K)
[2020-08-05T22:33:26.796-0300] GC(2425) Metaspace: 119105K->119105K(1163264K)
[2020-08-05T22:33:26.796-0300] GC(2425) Pause Young (Allocation Failure) 135M->114M(158M) 2.582ms
[2020-08-05T22:33:26.796-0300] GC(2425) User=0.00s Sys=0.00s Real=0.01s
[2020-08-05T22:33:28.687-0300] GC(2426) Pause Young (Allocation Failure)
[2020-08-05T22:33:28.689-0300] GC(2426) PSYoungGen: 22417K->512K(23040K)
[2020-08-05T22:33:28.689-0300] GC(2426) ParOldGen: 116619K->116904K(139264K)
[2020-08-05T22:33:28.689-0300] GC(2426) Metaspace: 119105K->119105K(1163264K)
[2020-08-05T22:33:28.689-0300] GC(2426) Pause Young (Allocation Failure) 135M->114M(158M) 2.454ms
[2020-08-05T22:33:28.689-0300] GC(2426) User=0.01s Sys=0.00s Real=0.00s
[2020-08-05T22:33:35.141-0300] GC(2427) Pause Young (Allocation Failure)
[2020-08-05T22:33:35.145-0300] GC(2427) PSYoungGen: 22528K->352K(23040K)
[2020-08-05T22:33:35.145-0300] GC(2427) ParOldGen: 116904K->117140K(139264K)
[2020-08-05T22:33:35.145-0300] GC(2427) Metaspace: 119105K->119105K(1163264K)
[2020-08-05T22:33:35.145-0300] GC(2427) Pause Young (Allocation Failure) 136M->114M(158M) 3.295ms
[2020-08-05T22:33:35.145-0300] GC(2427) User=0.00s Sys=0.00s Real=0.01s
[2020-08-05T22:33:59.847-0300] GC(2428) Pause Young (Allocation Failure)
[2020-08-05T22:33:59.850-0300] GC(2428) PSYoungGen: 22368K->736K(23040K)
[2020-08-05T22:33:59.850-0300] GC(2428) ParOldGen: 117140K->117412K(139264K)
[2020-08-05T22:33:59.850-0300] GC(2428) Metaspace: 119105K->119105K(1163264K)
[2020-08-05T22:33:59.850-0300] GC(2428) Pause Young (Allocation Failure) 136M->115M(158M) 2.567ms
[2020-08-05T22:33:59.850-0300] GC(2428) User=0.00s Sys=0.00s Real=0.00s
[2020-08-05T22:34:24.142-0300] GC(2429) Pause Young (Allocation Failure)
[2020-08-05T22:34:24.146-0300] GC(2429) PSYoungGen: 22752K->624K(23040K)
[2020-08-05T22:34:24.146-0300] GC(2429) ParOldGen: 117412K->117981K(139264K)
[2020-08-05T22:34:24.146-0300] GC(2429) Metaspace: 119105K->119105K(1163264K)
[2020-08-05T22:34:24.146-0300] GC(2429) Pause Young (Allocation Failure) 136M->115M(158M) 3.507ms
[2020-08-05T22:34:24.146-0300] GC(2429) User=0.01s Sys=0.00s Real=0.01s
[2020-08-05T22:34:39.846-0300] GC(2430) Pause Young (Allocation Failure)
[2020-08-05T22:34:39.849-0300] GC(2430) PSYoungGen: 22640K->352K(23040K)
[2020-08-05T22:34:39.849-0300] GC(2430) ParOldGen: 117981K->118453K(139264K)
[2020-08-05T22:34:39.849-0300] GC(2430) Metaspace: 119105K->119105K(1163264K)
[2020-08-05T22:34:39.849-0300] GC(2430) Pause Young (Allocation Failure) 137M->116M(158M) 2.577ms
[2020-08-05T22:34:39.849-0300] GC(2430) User=0.01s Sys=0.00s Real=0.00s
[2020-08-05T22:35:04.846-0300] GC(2431) Pause Young (Allocation Failure)
[2020-08-05T22:35:04.848-0300] GC(2431) PSYoungGen: 22368K->560K(23040K)
[2020-08-05T22:35:04.848-0300] GC(2431) ParOldGen: 118453K->118673K(139264K)
[2020-08-05T22:35:04.848-0300] GC(2431) Metaspace: 119105K->119105K(1163264K)
[2020-08-05T22:35:04.848-0300] GC(2431) Pause Young (Allocation Failure) 137M->116M(158M) 2.499ms
[2020-08-05T22:35:04.848-0300] GC(2431) User=0.00s Sys=0.00s Real=0.00s
[2020-08-05T22:35:29.139-0300] GC(2432) Pause Young (Allocation Failure)
[2020-08-05T22:35:29.142-0300] GC(2432) PSYoungGen: 22576K->480K(23040K)
[2020-08-05T22:35:29.142-0300] GC(2432) ParOldGen: 118673K->119145K(139264K)
[2020-08-05T22:35:29.142-0300] GC(2432) Metaspace: 119105K->119105K(1163264K)
[2020-08-05T22:35:29.142-0300] GC(2432) Pause Young (Allocation Failure) 137M->116M(158M) 2.984ms
[2020-08-05T22:35:29.142-0300] GC(2432) User=0.00s Sys=0.00s Real=0.00s
[2020-08-05T22:35:44.845-0300] GC(2433) Pause Young (Allocation Failure)
[2020-08-05T22:35:44.848-0300] GC(2433) PSYoungGen: 22496K->480K(23040K)
[2020-08-05T22:35:44.848-0300] GC(2433) ParOldGen: 119145K->119473K(139264K)
[2020-08-05T22:35:44.848-0300] GC(2433) Metaspace: 119105K->119105K(1163264K)
[2020-08-05T22:35:44.848-0300] GC(2433) Pause Young (Allocation Failure) 138M->117M(158M) 2.715ms
[2020-08-05T22:35:44.848-0300] GC(2433) User=0.01s Sys=0.00s Real=0.00s
[2020-08-05T22:36:09.651-0300] GC(2434) Pause Young (Allocation Failure)
[2020-08-05T22:36:09.654-0300] GC(2434) PSYoungGen: 22496K->416K(23040K)
[2020-08-05T22:36:09.654-0300] GC(2434) ParOldGen: 119473K->119885K(139264K)
[2020-08-05T22:36:09.654-0300] GC(2434) Metaspace: 119105K->119105K(1163264K)
[2020-08-05T22:36:09.654-0300] GC(2434) Pause Young (Allocation Failure) 138M->117M(158M) 2.991ms
[2020-08-05T22:36:09.654-0300] GC(2434) User=0.01s Sys=0.00s Real=0.01s
[2020-08-05T22:36:30.542-0300] GC(2435) Pause Young (Allocation Failure)
[2020-08-05T22:36:30.545-0300] GC(2435) PSYoungGen: 22432K->256K(23040K)
[2020-08-05T22:36:30.545-0300] GC(2435) ParOldGen: 119885K->120197K(139264K)
[2020-08-05T22:36:30.545-0300] GC(2435) Metaspace: 119105K->119105K(1163264K)
[2020-08-05T22:36:30.545-0300] GC(2435) Pause Young (Allocation Failure) 138M->117M(158M) 3.281ms
[2020-08-05T22:36:30.545-0300] GC(2435) User=0.00s Sys=0.00s Real=0.01s
[2020-08-05T22:36:45.138-0300] GC(2436) Pause Young (Allocation Failure)
[2020-08-05T22:36:45.140-0300] GC(2436) PSYoungGen: 22272K->384K(23040K)
[2020-08-05T22:36:45.140-0300] GC(2436) ParOldGen: 120197K->120373K(139264K)
[2020-08-05T22:36:45.140-0300] GC(2436) Metaspace: 119105K->119105K(1163264K)
[2020-08-05T22:36:45.140-0300] GC(2436) Pause Young (Allocation Failure) 139M->117M(158M) 2.313ms
[2020-08-05T22:36:45.140-0300] GC(2436) User=0.00s Sys=0.00s Real=0.00s
[2020-08-05T22:36:59.465-0300] GC(2437) Pause Young (Allocation Failure)
[2020-08-05T22:36:59.467-0300] GC(2437) PSYoungGen: 22400K->497K(23040K)
[2020-08-05T22:36:59.467-0300] GC(2437) ParOldGen: 120373K->120373K(139264K)
[2020-08-05T22:36:59.467-0300] GC(2437) Metaspace: 119105K->119105K(1163264K)
[2020-08-05T22:36:59.467-0300] GC(2437) Pause Young (Allocation Failure) 139M->118M(158M) 2.622ms
[2020-08-05T22:36:59.468-0300] GC(2437) User=0.00s Sys=0.00s Real=0.00s
[2020-08-05T22:37:03.859-0300] GC(2438) Pause Young (Allocation Failure)
[2020-08-05T22:37:03.861-0300] GC(2438) PSYoungGen: 22513K->641K(23040K)
[2020-08-05T22:37:03.861-0300] GC(2438) ParOldGen: 120373K->120373K(139264K)
[2020-08-05T22:37:03.861-0300] GC(2438) Metaspace: 119105K->119105K(1163264K)
[2020-08-05T22:37:03.861-0300] GC(2438) Pause Young (Allocation Failure) 139M->118M(158M) 2.643ms
[2020-08-05T22:37:03.861-0300] GC(2438) User=0.00s Sys=0.00s Real=0.00s
[2020-08-05T22:37:05.661-0300] GC(2439) Pause Young (Allocation Failure)
[2020-08-05T22:37:05.665-0300] GC(2439) PSYoungGen: 22657K->545K(23040K)
[2020-08-05T22:37:05.665-0300] GC(2439) ParOldGen: 120373K->120735K(139264K)
[2020-08-05T22:37:05.665-0300] GC(2439) Metaspace: 119105K->119105K(1163264K)
[2020-08-05T22:37:05.665-0300] GC(2439) Pause Young (Allocation Failure) 139M->118M(158M) 3.294ms
[2020-08-05T22:37:05.665-0300] GC(2439) User=0.00s Sys=0.00s Real=0.01s
[2020-08-05T22:37:07.396-0300] GC(2440) Pause Young (Allocation Failure)
[2020-08-05T22:37:07.398-0300] GC(2440) PSYoungGen: 22561K->401K(23040K)
[2020-08-05T22:37:07.398-0300] GC(2440) ParOldGen: 120735K->120984K(139264K)
[2020-08-05T22:37:07.398-0300] GC(2440) Metaspace: 119105K->119105K(1163264K)
[2020-08-05T22:37:07.398-0300] GC(2440) Pause Young (Allocation Failure) 139M->118M(158M) 2.441ms
[2020-08-05T22:37:07.398-0300] GC(2440) User=0.01s Sys=0.00s Real=0.00s
[2020-08-05T22:37:09.245-0300] GC(2441) Pause Young (Allocation Failure)
[2020-08-05T22:37:09.248-0300] GC(2441) PSYoungGen: 22417K->369K(23040K)
[2020-08-05T22:37:09.248-0300] GC(2441) ParOldGen: 120984K->121217K(139264K)
[2020-08-05T22:37:09.248-0300] GC(2441) Metaspace: 119105K->119105K(1163264K)
[2020-08-05T22:37:09.248-0300] GC(2441) Pause Young (Allocation Failure) 140M->118M(158M) 3.708ms
[2020-08-05T22:37:09.248-0300] GC(2441) User=0.01s Sys=0.00s Real=0.00s
[2020-08-05T22:37:14.483-0300] GC(2442) Pause Young (Allocation Failure)
[2020-08-05T22:37:14.486-0300] GC(2442) PSYoungGen: 22385K->192K(23040K)
[2020-08-05T22:37:14.486-0300] GC(2442) ParOldGen: 121217K->121330K(139264K)
[2020-08-05T22:37:14.486-0300] GC(2442) Metaspace: 119105K->119105K(1163264K)
[2020-08-05T22:37:14.486-0300] GC(2442) Pause Young (Allocation Failure) 140M->118M(158M) 3.139ms
[2020-08-05T22:37:14.486-0300] GC(2442) User=0.01s Sys=0.00s Real=0.01s
[2020-08-05T22:37:34.848-0300] GC(2443) Pause Young (Allocation Failure)
[2020-08-05T22:37:34.851-0300] GC(2443) PSYoungGen: 22208K->480K(23040K)
[2020-08-05T22:37:34.851-0300] GC(2443) ParOldGen: 121330K->121398K(139264K)
[2020-08-05T22:37:34.851-0300] GC(2443) Metaspace: 119121K->119121K(1163264K)
[2020-08-05T22:37:34.851-0300] GC(2443) Pause Young (Allocation Failure) 140M->119M(158M) 2.806ms
[2020-08-05T22:37:34.851-0300] GC(2443) User=0.01s Sys=0.00s Real=0.00s
[2020-08-05T22:37:59.847-0300] GC(2444) Pause Young (Allocation Failure)
[2020-08-05T22:37:59.849-0300] GC(2444) PSYoungGen: 22496K->208K(23040K)
[2020-08-05T22:37:59.849-0300] GC(2444) ParOldGen: 121398K->121573K(139264K)
[2020-08-05T22:37:59.849-0300] GC(2444) Metaspace: 119122K->119122K(1163264K)
[2020-08-05T22:37:59.849-0300] GC(2444) Pause Young (Allocation Failure) 140M->118M(158M) 2.180ms
[2020-08-05T22:37:59.849-0300] GC(2444) User=0.01s Sys=0.00s Real=0.00s
[2020-08-05T22:38:15.888-0300] GC(2445) Pause Young (Allocation Failure)
[2020-08-05T22:38:15.890-0300] GC(2445) PSYoungGen: 22222K->272K(23040K)
[2020-08-05T22:38:15.890-0300] GC(2445) ParOldGen: 121573K->121653K(139264K)
[2020-08-05T22:38:15.890-0300] GC(2445) Metaspace: 119122K->119122K(1163264K)
[2020-08-05T22:38:15.890-0300] GC(2445) Pause Young (Allocation Failure) 140M->119M(158M) 2.482ms
[2020-08-05T22:38:15.890-0300] GC(2445) User=0.00s Sys=0.00s Real=0.00s
[2020-08-05T22:38:31.599-0300] GC(2446) Pause Young (Allocation Failure)
[2020-08-05T22:38:31.602-0300] GC(2446) PSYoungGen: 22288K->640K(23040K)
[2020-08-05T22:38:31.602-0300] GC(2446) ParOldGen: 121653K->121798K(139264K)
[2020-08-05T22:38:31.602-0300] GC(2446) Metaspace: 119122K->119122K(1163264K)
[2020-08-05T22:38:31.602-0300] GC(2446) Pause Young (Allocation Failure) 140M->119M(158M) 2.667ms
[2020-08-05T22:38:31.602-0300] GC(2446) User=0.00s Sys=0.00s Real=0.00s
[2020-08-05T22:38:44.846-0300] GC(2447) Pause Young (Allocation Failure)
[2020-08-05T22:38:44.849-0300] GC(2447) PSYoungGen: 22656K->640K(23040K)
[2020-08-05T22:38:44.849-0300] GC(2447) ParOldGen: 121798K->122335K(139264K)
[2020-08-05T22:38:44.849-0300] GC(2447) Metaspace: 119125K->119125K(1163264K)
[2020-08-05T22:38:44.849-0300] GC(2447) Pause Young (Allocation Failure) 141M->120M(158M) 3.008ms
[2020-08-05T22:38:44.849-0300] GC(2447) User=0.01s Sys=0.00s Real=0.00s
[2020-08-05T22:38:58.120-0300] GC(2448) Pause Young (Allocation Failure)
[2020-08-05T22:38:58.123-0300] GC(2448) PSYoungGen: 22656K->561K(23040K)
[2020-08-05T22:38:58.123-0300] GC(2448) ParOldGen: 122335K->122836K(139264K)
[2020-08-05T22:38:58.123-0300] GC(2448) Metaspace: 119125K->119125K(1163264K)
[2020-08-05T22:38:58.123-0300] GC(2448) Pause Young (Allocation Failure) 141M->120M(158M) 3.048ms
[2020-08-05T22:38:58.123-0300] GC(2448) User=0.01s Sys=0.00s Real=0.00s
[2020-08-05T22:39:13.135-0300] GC(2449) Pause Young (Allocation Failure)
[2020-08-05T22:39:13.138-0300] GC(2449) PSYoungGen: 22577K->768K(23040K)
[2020-08-05T22:39:13.138-0300] GC(2449) ParOldGen: 122836K->123293K(139264K)
[2020-08-05T22:39:13.138-0300] GC(2449) Metaspace: 119125K->119125K(1163264K)
[2020-08-05T22:39:13.138-0300] GC(2449) Pause Young (Allocation Failure) 142M->121M(158M) 3.389ms
[2020-08-05T22:39:13.138-0300] GC(2449) User=0.01s Sys=0.00s Real=0.00s
[2020-08-05T22:39:24.848-0300] GC(2450) Pause Young (Allocation Failure)
[2020-08-05T22:39:24.851-0300] GC(2450) PSYoungGen: 22784K->384K(23040K)
[2020-08-05T22:39:24.851-0300] GC(2450) ParOldGen: 123293K->123838K(139264K)
[2020-08-05T22:39:24.851-0300] GC(2450) Metaspace: 119125K->119125K(1163264K)
[2020-08-05T22:39:24.851-0300] GC(2450) Pause Young (Allocation Failure) 142M->121M(158M) 2.740ms
[2020-08-05T22:39:24.851-0300] GC(2450) User=0.01s Sys=0.00s Real=0.00s
[2020-08-05T22:39:40.307-0300] GC(2451) Pause Young (Allocation Failure)
[2020-08-05T22:39:40.309-0300] GC(2451) PSYoungGen: 22400K->416K(23040K)
[2020-08-05T22:39:40.309-0300] GC(2451) ParOldGen: 123838K->124099K(139264K)
[2020-08-05T22:39:40.309-0300] GC(2451) Metaspace: 119125K->119125K(1163264K)
[2020-08-05T22:39:40.309-0300] GC(2451) Pause Young (Allocation Failure) 142M->121M(158M) 2.690ms
[2020-08-05T22:39:40.309-0300] GC(2451) User=0.01s Sys=0.00s Real=0.00s
[2020-08-05T22:39:46.692-0300] GC(2452) Pause Young (Allocation Failure)
[2020-08-05T22:39:46.695-0300] GC(2452) PSYoungGen: 22432K->352K(23040K)
[2020-08-05T22:39:46.695-0300] GC(2452) ParOldGen: 124099K->124396K(139264K)
[2020-08-05T22:39:46.695-0300] GC(2452) Metaspace: 119125K->119125K(1163264K)
[2020-08-05T22:39:46.695-0300] GC(2452) Pause Young (Allocation Failure) 143M->121M(158M) 2.906ms
[2020-08-05T22:39:46.695-0300] GC(2452) User=0.01s Sys=0.00s Real=0.01s
[2020-08-05T22:39:51.432-0300] GC(2453) Pause Young (Allocation Failure)
[2020-08-05T22:39:51.435-0300] GC(2453) PSYoungGen: 22368K->192K(23040K)
[2020-08-05T22:39:51.435-0300] GC(2453) ParOldGen: 124396K->124580K(139264K)
[2020-08-05T22:39:51.435-0300] GC(2453) Metaspace: 119125K->119125K(1163264K)
[2020-08-05T22:39:51.435-0300] GC(2453) Pause Young (Allocation Failure) 143M->121M(158M) 3.151ms
[2020-08-05T22:39:51.435-0300] GC(2453) User=0.01s Sys=0.00s Real=0.01s
[2020-08-05T22:40:15.622-0300] GC(2454) Pause Young (Allocation Failure)
[2020-08-05T22:40:15.624-0300] GC(2454) PSYoungGen: 22208K->576K(23040K)
[2020-08-05T22:40:15.624-0300] GC(2454) ParOldGen: 124580K->124684K(139264K)
[2020-08-05T22:40:15.624-0300] GC(2454) Metaspace: 119125K->119125K(1163264K)
[2020-08-05T22:40:15.624-0300] GC(2454) Pause Young (Allocation Failure) 143M->122M(158M) 2.640ms
[2020-08-05T22:40:15.624-0300] GC(2454) User=0.01s Sys=0.00s Real=0.01s
[2020-08-05T22:40:39.849-0300] GC(2455) Pause Young (Allocation Failure)
[2020-08-05T22:40:39.853-0300] GC(2455) PSYoungGen: 22592K->480K(23040K)
[2020-08-05T22:40:39.853-0300] GC(2455) ParOldGen: 124684K->125124K(139264K)
[2020-08-05T22:40:39.853-0300] GC(2455) Metaspace: 119125K->119125K(1163264K)
[2020-08-05T22:40:39.853-0300] GC(2455) Pause Young (Allocation Failure) 143M->122M(158M) 3.327ms
[2020-08-05T22:40:39.853-0300] GC(2455) User=0.00s Sys=0.00s Real=0.00s
[2020-08-05T22:40:56.134-0300] GC(2456) Pause Young (Allocation Failure)
[2020-08-05T22:40:56.138-0300] GC(2456) PSYoungGen: 22496K->400K(23040K)
[2020-08-05T22:40:56.138-0300] GC(2456) ParOldGen: 125124K->125429K(139264K)
[2020-08-05T22:40:56.138-0300] GC(2456) Metaspace: 119125K->119125K(1163264K)
[2020-08-05T22:40:56.138-0300] GC(2456) Pause Young (Allocation Failure) 144M->122M(158M) 4.350ms
[2020-08-05T22:40:56.138-0300] GC(2456) User=0.00s Sys=0.00s Real=0.01s
[2020-08-05T22:41:20.132-0300] GC(2457) Pause Young (Allocation Failure)
[2020-08-05T22:41:20.134-0300] GC(2457) PSYoungGen: 22416K->416K(23040K)
[2020-08-05T22:41:20.134-0300] GC(2457) ParOldGen: 125429K->125765K(139264K)
[2020-08-05T22:41:20.134-0300] GC(2457) Metaspace: 119125K->119125K(1163264K)
[2020-08-05T22:41:20.134-0300] GC(2457) Pause Young (Allocation Failure) 144M->123M(158M) 2.473ms
[2020-08-05T22:41:20.134-0300] GC(2457) User=0.01s Sys=0.00s Real=0.01s
[2020-08-05T22:41:45.407-0300] GC(2458) Pause Young (Allocation Failure)
[2020-08-05T22:41:45.410-0300] GC(2458) PSYoungGen: 22432K->192K(23040K)
[2020-08-05T22:41:45.410-0300] GC(2458) ParOldGen: 125765K->125997K(139264K)
[2020-08-05T22:41:45.410-0300] GC(2458) Metaspace: 119125K->119125K(1163264K)
[2020-08-05T22:41:45.410-0300] GC(2458) Pause Young (Allocation Failure) 144M->123M(158M) 2.843ms
[2020-08-05T22:41:45.410-0300] GC(2458) User=0.00s Sys=0.00s Real=0.00s
[2020-08-05T22:42:02.131-0300] GC(2459) Pause Young (Allocation Failure)
[2020-08-05T22:42:02.134-0300] GC(2459) PSYoungGen: 22208K->288K(23040K)
[2020-08-05T22:42:02.135-0300] GC(2459) ParOldGen: 125997K->126069K(139264K)
[2020-08-05T22:42:02.135-0300] GC(2459) Metaspace: 119125K->119125K(1163264K)
[2020-08-05T22:42:02.135-0300] GC(2459) Pause Young (Allocation Failure) 144M->123M(158M) 3.094ms
[2020-08-05T22:42:02.135-0300] GC(2459) User=0.01s Sys=0.00s Real=0.01s
[2020-08-05T22:42:24.847-0300] GC(2460) Pause Young (Allocation Failure)
[2020-08-05T22:42:24.850-0300] GC(2460) PSYoungGen: 22304K->320K(23040K)
[2020-08-05T22:42:24.851-0300] GC(2460) ParOldGen: 126069K->126129K(139264K)
[2020-08-05T22:42:24.851-0300] GC(2460) Metaspace: 119125K->119125K(1163264K)
[2020-08-05T22:42:24.851-0300] GC(2460) Pause Young (Allocation Failure) 144M->123M(158M) 3.501ms
[2020-08-05T22:42:24.851-0300] GC(2460) User=0.00s Sys=0.00s Real=0.00s
[2020-08-05T22:42:48.961-0300] GC(2461) Pause Young (Allocation Failure)
[2020-08-05T22:42:48.964-0300] GC(2461) PSYoungGen: 22336K->320K(23040K)
[2020-08-05T22:42:48.964-0300] GC(2461) ParOldGen: 126129K->126129K(139264K)
[2020-08-05T22:42:48.964-0300] GC(2461) Metaspace: 119128K->119128K(1163264K)
[2020-08-05T22:42:48.964-0300] GC(2461) Pause Young (Allocation Failure) 144M->123M(158M) 2.956ms
[2020-08-05T22:42:48.964-0300] GC(2461) User=0.01s Sys=0.00s Real=0.01s
[2020-08-05T22:43:04.848-0300] GC(2462) Pause Young (Allocation Failure)
[2020-08-05T22:43:04.851-0300] GC(2462) PSYoungGen: 22336K->384K(23040K)
[2020-08-05T22:43:04.851-0300] GC(2462) ParOldGen: 126129K->126129K(139264K)
[2020-08-05T22:43:04.851-0300] GC(2462) Metaspace: 119128K->119128K(1163264K)
[2020-08-05T22:43:04.851-0300] GC(2462) Pause Young (Allocation Failure) 144M->123M(158M) 2.678ms
[2020-08-05T22:43:04.851-0300] GC(2462) User=0.01s Sys=0.00s Real=0.00s
[2020-08-05T22:43:29.846-0300] GC(2463) Pause Young (Allocation Failure)
[2020-08-05T22:43:29.848-0300] GC(2463) PSYoungGen: 22400K->800K(23040K)
[2020-08-05T22:43:29.848-0300] GC(2463) ParOldGen: 126129K->126129K(139264K)
[2020-08-05T22:43:29.848-0300] GC(2463) Metaspace: 119128K->119128K(1163264K)
[2020-08-05T22:43:29.849-0300] GC(2463) Pause Young (Allocation Failure) 145M->123M(158M) 2.859ms
[2020-08-05T22:43:29.849-0300] GC(2463) User=0.01s Sys=0.00s Real=0.00s
[2020-08-05T22:43:49.846-0300] GC(2464) Pause Young (Allocation Failure)
[2020-08-05T22:43:49.848-0300] GC(2464) PSYoungGen: 22816K->992K(22528K)
[2020-08-05T22:43:49.848-0300] GC(2464) ParOldGen: 126129K->126357K(139264K)
[2020-08-05T22:43:49.848-0300] GC(2464) Metaspace: 119128K->119128K(1163264K)
[2020-08-05T22:43:49.848-0300] GC(2464) Pause Young (Allocation Failure) 145M->124M(158M) 2.465ms
[2020-08-05T22:43:49.848-0300] GC(2464) User=0.00s Sys=0.00s Real=0.00s
[2020-08-05T22:44:04.848-0300] GC(2465) Pause Young (Allocation Failure)
[2020-08-05T22:44:04.851-0300] GC(2465) PSYoungGen: 22496K->1425K(23040K)
[2020-08-05T22:44:04.851-0300] GC(2465) ParOldGen: 126357K->126516K(139264K)
[2020-08-05T22:44:04.851-0300] GC(2465) Metaspace: 119128K->119128K(1163264K)
[2020-08-05T22:44:04.851-0300] GC(2465) Pause Young (Allocation Failure) 145M->124M(158M) 2.986ms
[2020-08-05T22:44:04.851-0300] GC(2465) User=0.01s Sys=0.00s Real=0.00s
[2020-08-05T22:44:16.784-0300] GC(2466) Pause Young (Allocation Failure)
[2020-08-05T22:44:16.787-0300] GC(2466) PSYoungGen: 22929K->1521K(22528K)
[2020-08-05T22:44:16.787-0300] GC(2466) ParOldGen: 126516K->126785K(139264K)
[2020-08-05T22:44:16.787-0300] GC(2466) Metaspace: 119128K->119128K(1163264K)
[2020-08-05T22:44:16.787-0300] GC(2466) Pause Young (Allocation Failure) 145M->125M(158M) 3.107ms
[2020-08-05T22:44:16.787-0300] GC(2466) User=0.01s Sys=0.00s Real=0.01s
[2020-08-05T22:44:31.797-0300] GC(2467) Pause Young (Allocation Failure)
[2020-08-05T22:44:31.800-0300] GC(2467) PSYoungGen: 22513K->1409K(23040K)
[2020-08-05T22:44:31.800-0300] GC(2467) ParOldGen: 126785K->127218K(139264K)
[2020-08-05T22:44:31.800-0300] GC(2467) Metaspace: 119128K->119128K(1163264K)
[2020-08-05T22:44:31.800-0300] GC(2467) Pause Young (Allocation Failure) 145M->125M(158M) 3.060ms
[2020-08-05T22:44:31.800-0300] GC(2467) User=0.01s Sys=0.00s Real=0.00s
[2020-08-05T22:44:43.808-0300] GC(2468) Pause Young (Allocation Failure)
[2020-08-05T22:44:43.811-0300] GC(2468) PSYoungGen: 22401K->1713K(22528K)
[2020-08-05T22:44:43.811-0300] GC(2468) ParOldGen: 127218K->127218K(139264K)
[2020-08-05T22:44:43.811-0300] GC(2468) Metaspace: 119128K->119128K(1163264K)
[2020-08-05T22:44:43.811-0300] GC(2468) Pause Young (Allocation Failure) 146M->125M(158M) 3.141ms
[2020-08-05T22:44:43.811-0300] GC(2468) User=0.01s Sys=0.01s Real=0.00s
[2020-08-05T22:44:58.128-0300] GC(2469) Pause Young (Allocation Failure)
[2020-08-05T22:44:58.131-0300] GC(2469) PSYoungGen: 22193K->1746K(23040K)
[2020-08-05T22:44:58.131-0300] GC(2469) ParOldGen: 127218K->127578K(139264K)
[2020-08-05T22:44:58.131-0300] GC(2469) Metaspace: 119128K->119128K(1163264K)
[2020-08-05T22:44:58.131-0300] GC(2469) Pause Young (Allocation Failure) 145M->126M(158M) 3.269ms
[2020-08-05T22:44:58.131-0300] GC(2469) User=0.00s Sys=0.00s Real=0.00s
[2020-08-05T22:45:08.987-0300] GC(2470) Pause Young (Allocation Failure)
[2020-08-05T22:45:08.991-0300] GC(2470) PSYoungGen: 22225K->1666K(23040K)
[2020-08-05T22:45:08.991-0300] GC(2470) ParOldGen: 127578K->128002K(139264K)
[2020-08-05T22:45:08.991-0300] GC(2470) Metaspace: 119128K->119128K(1163264K)
[2020-08-05T22:45:08.991-0300] GC(2470) Pause Young (Allocation Failure) 146M->126M(158M) 3.782ms
[2020-08-05T22:45:08.991-0300] GC(2470) User=0.01s Sys=0.00s Real=0.00s
[2020-08-05T22:45:20.786-0300] GC(2471) Pause Young (Allocation Failure)
[2020-08-05T22:45:20.789-0300] GC(2471) PSYoungGen: 22146K->1553K(23040K)
[2020-08-05T22:45:20.789-0300] GC(2471) ParOldGen: 128002K->128528K(139264K)
[2020-08-05T22:45:20.789-0300] GC(2471) Metaspace: 119128K->119128K(1163264K)
[2020-08-05T22:45:20.789-0300] GC(2471) Pause Young (Allocation Failure) 146M->127M(158M) 3.580ms
[2020-08-05T22:45:20.789-0300] GC(2471) User=0.01s Sys=0.00s Real=0.00s
[2020-08-05T22:45:26.049-0300] GC(2472) Pause Young (Allocation Failure)
[2020-08-05T22:45:26.053-0300] GC(2472) PSYoungGen: 22033K->1138K(23040K)
[2020-08-05T22:45:26.053-0300] GC(2472) ParOldGen: 128528K->129145K(139264K)
[2020-08-05T22:45:26.053-0300] GC(2472) Metaspace: 119128K->119128K(1163264K)
[2020-08-05T22:45:26.053-0300] GC(2472) Pause Young (Allocation Failure) 147M->127M(158M) 3.553ms
[2020-08-05T22:45:26.053-0300] GC(2472) User=0.00s Sys=0.00s Real=0.00s
[2020-08-05T22:45:31.009-0300] GC(2473) Pause Young (Allocation Failure)
[2020-08-05T22:45:31.013-0300] GC(2473) PSYoungGen: 21618K->320K(23040K)
[2020-08-05T22:45:31.013-0300] GC(2473) ParOldGen: 129145K->129947K(139264K)
[2020-08-05T22:45:31.013-0300] GC(2473) Metaspace: 119128K->119128K(1163264K)
[2020-08-05T22:45:31.013-0300] GC(2473) Pause Young (Allocation Failure) 147M->127M(158M) 3.452ms
[2020-08-05T22:45:31.013-0300] GC(2473) User=0.01s Sys=0.00s Real=0.00s
[2020-08-05T22:45:54.846-0300] GC(2474) Pause Young (Allocation Failure)
[2020-08-05T22:45:54.848-0300] GC(2474) PSYoungGen: 20800K->544K(23040K)
[2020-08-05T22:45:54.848-0300] GC(2474) ParOldGen: 129947K->130167K(139264K)
[2020-08-05T22:45:54.848-0300] GC(2474) Metaspace: 119128K->119128K(1163264K)
[2020-08-05T22:45:54.848-0300] GC(2474) Pause Young (Allocation Failure) 147M->127M(158M) 2.394ms
[2020-08-05T22:45:54.848-0300] GC(2474) User=0.01s Sys=0.00s Real=0.00s
[2020-08-05T22:46:17.114-0300] GC(2475) Pause Young (Allocation Failure)
[2020-08-05T22:46:17.116-0300] GC(2475) PSYoungGen: 21024K->320K(23040K)
[2020-08-05T22:46:17.116-0300] GC(2475) ParOldGen: 130167K->130591K(139264K)
[2020-08-05T22:46:17.116-0300] GC(2475) Metaspace: 119128K->119128K(1163264K)
[2020-08-05T22:46:17.116-0300] GC(2475) Pause Young (Allocation Failure) 147M->127M(158M) 2.261ms
[2020-08-05T22:46:17.116-0300] GC(2475) User=0.01s Sys=0.00s Real=0.01s
[2020-08-05T22:46:30.157-0300] GC(2476) Pause Young (Allocation Failure)
[2020-08-05T22:46:30.160-0300] GC(2476) PSYoungGen: 20800K->368K(23040K)
[2020-08-05T22:46:30.160-0300] GC(2476) ParOldGen: 130591K->130791K(139264K)
[2020-08-05T22:46:30.160-0300] GC(2476) Metaspace: 119128K->119128K(1163264K)
[2020-08-05T22:46:30.160-0300] GC(2476) Pause Young (Allocation Failure) 147M->128M(158M) 3.826ms
[2020-08-05T22:46:30.160-0300] GC(2476) User=0.01s Sys=0.00s Real=0.00s
[2020-08-05T22:46:54.846-0300] GC(2477) Pause Young (Allocation Failure)
[2020-08-05T22:46:54.849-0300] GC(2477) PSYoungGen: 20848K->160K(23040K)
[2020-08-05T22:46:54.849-0300] GC(2477) ParOldGen: 130791K->130911K(139264K)
[2020-08-05T22:46:54.849-0300] GC(2477) Metaspace: 119128K->119128K(1163264K)
[2020-08-05T22:46:54.849-0300] GC(2477) Pause Young (Allocation Failure) 148M->127M(158M) 2.650ms
[2020-08-05T22:46:54.849-0300] GC(2477) User=0.00s Sys=0.00s Real=0.00s
[2020-08-05T22:47:17.914-0300] GC(2478) Pause Young (Allocation Failure)
[2020-08-05T22:47:17.917-0300] GC(2478) PSYoungGen: 20640K->160K(23040K)
[2020-08-05T22:47:17.917-0300] GC(2478) ParOldGen: 130911K->130935K(139264K)
[2020-08-05T22:47:17.917-0300] GC(2478) Metaspace: 119128K->119128K(1163264K)
[2020-08-05T22:47:17.917-0300] GC(2478) Pause Young (Allocation Failure) 147M->128M(158M) 3.468ms
[2020-08-05T22:47:17.917-0300] GC(2478) User=0.01s Sys=0.00s Real=0.01s
[2020-08-05T22:47:32.910-0300] GC(2479) Pause Young (Allocation Failure)
[2020-08-05T22:47:32.913-0300] GC(2479) PSYoungGen: 20640K->400K(23040K)
[2020-08-05T22:47:32.913-0300] GC(2479) ParOldGen: 130935K->130967K(139264K)
[2020-08-05T22:47:32.913-0300] GC(2479) Metaspace: 119128K->119128K(1163264K)
[2020-08-05T22:47:32.913-0300] GC(2479) Pause Young (Allocation Failure) 148M->128M(158M) 3.000ms
[2020-08-05T22:47:32.913-0300] GC(2479) User=0.01s Sys=0.00s Real=0.00s
[2020-08-05T22:47:44.849-0300] GC(2480) Pause Young (Allocation Failure)
[2020-08-05T22:47:44.852-0300] GC(2480) PSYoungGen: 20880K->337K(22016K)
[2020-08-05T22:47:44.852-0300] GC(2480) ParOldGen: 130967K->131063K(139264K)
[2020-08-05T22:47:44.852-0300] GC(2480) Metaspace: 119128K->119128K(1163264K)
[2020-08-05T22:47:44.852-0300] GC(2480) Pause Young (Allocation Failure) 148M->128M(157M) 3.188ms
[2020-08-05T22:47:44.852-0300] GC(2480) User=0.01s Sys=0.00s Real=0.00s
[2020-08-05T22:47:59.303-0300] GC(2481) Pause Young (Allocation Failure)
[2020-08-05T22:47:59.306-0300] GC(2481) PSYoungGen: 20816K->256K(22528K)
[2020-08-05T22:47:59.306-0300] GC(2481) ParOldGen: 131063K->131257K(139264K)
[2020-08-05T22:47:59.306-0300] GC(2481) Metaspace: 119128K->119128K(1163264K)
[2020-08-05T22:47:59.306-0300] GC(2481) Pause Young (Allocation Failure) 148M->128M(158M) 2.984ms
[2020-08-05T22:47:59.306-0300] GC(2481) User=0.01s Sys=0.00s Real=0.01s
[2020-08-05T22:48:00.808-0300] GC(2482) Pause Young (Allocation Failure)
[2020-08-05T22:48:00.811-0300] GC(2482) PSYoungGen: 20736K->320K(22528K)
[2020-08-05T22:48:00.811-0300] GC(2482) ParOldGen: 131257K->131397K(139264K)
[2020-08-05T22:48:00.811-0300] GC(2482) Metaspace: 119128K->119128K(1163264K)
[2020-08-05T22:48:00.811-0300] GC(2482) Pause Young (Allocation Failure) 148M->128M(158M) 3.330ms
[2020-08-05T22:48:00.811-0300] GC(2482) User=0.00s Sys=0.00s Real=0.00s
[2020-08-05T22:48:02.701-0300] GC(2483) Pause Young (Allocation Failure)
[2020-08-05T22:48:02.704-0300] GC(2483) PSYoungGen: 20800K->384K(22528K)
[2020-08-05T22:48:02.704-0300] GC(2483) ParOldGen: 131397K->131594K(139264K)
[2020-08-05T22:48:02.704-0300] GC(2483) Metaspace: 119128K->119128K(1163264K)
[2020-08-05T22:48:02.704-0300] GC(2483) Pause Young (Allocation Failure) 148M->128M(158M) 3.064ms
[2020-08-05T22:48:02.704-0300] GC(2483) User=0.01s Sys=0.00s Real=0.01s
[2020-08-05T22:48:04.153-0300] GC(2484) Pause Young (Allocation Failure)
[2020-08-05T22:48:04.156-0300] GC(2484) PSYoungGen: 20864K->384K(22528K)
[2020-08-05T22:48:04.156-0300] GC(2484) ParOldGen: 131594K->131832K(139264K)
[2020-08-05T22:48:04.156-0300] GC(2484) Metaspace: 119128K->119128K(1163264K)
[2020-08-05T22:48:04.156-0300] GC(2484) Pause Young (Allocation Failure) 148M->129M(158M) 2.815ms
[2020-08-05T22:48:04.156-0300] GC(2484) User=0.00s Sys=0.00s Real=0.01s
[2020-08-05T22:48:05.861-0300] GC(2485) Pause Young (Allocation Failure)
[2020-08-05T22:48:05.864-0300] GC(2485) PSYoungGen: 20864K->368K(22528K)
[2020-08-05T22:48:05.864-0300] GC(2485) ParOldGen: 131832K->132037K(139264K)
[2020-08-05T22:48:05.864-0300] GC(2485) Metaspace: 119128K->119128K(1163264K)
[2020-08-05T22:48:05.864-0300] GC(2485) Pause Young (Allocation Failure) 149M->129M(158M) 3.142ms
[2020-08-05T22:48:05.864-0300] GC(2485) User=0.01s Sys=0.00s Real=0.01s
[2020-08-05T22:48:07.261-0300] GC(2486) Pause Young (Allocation Failure)
[2020-08-05T22:48:07.265-0300] GC(2486) PSYoungGen: 20848K->368K(21504K)
[2020-08-05T22:48:07.265-0300] GC(2486) ParOldGen: 132037K->132274K(139264K)
[2020-08-05T22:48:07.265-0300] GC(2486) Metaspace: 119128K->119128K(1163264K)
[2020-08-05T22:48:07.265-0300] GC(2486) Pause Young (Allocation Failure) 149M->129M(157M) 3.995ms
[2020-08-05T22:48:07.265-0300] GC(2486) User=0.01s Sys=0.00s Real=0.01s
[2020-08-05T22:48:27.153-0300] GC(2487) Pause Young (Allocation Failure)
[2020-08-05T22:48:27.155-0300] GC(2487) PSYoungGen: 20848K->448K(22016K)
[2020-08-05T22:48:27.155-0300] GC(2487) ParOldGen: 132274K->132366K(139264K)
[2020-08-05T22:48:27.155-0300] GC(2487) Metaspace: 119128K->119128K(1163264K)
[2020-08-05T22:48:27.155-0300] GC(2487) Pause Young (Allocation Failure) 149M->129M(157M) 2.367ms
[2020-08-05T22:48:27.156-0300] GC(2487) User=0.00s Sys=0.00s Real=0.01s
[2020-08-05T22:48:49.847-0300] GC(2488) Pause Young (Allocation Failure)
[2020-08-05T22:48:49.850-0300] GC(2488) PSYoungGen: 20928K->704K(22016K)
[2020-08-05T22:48:49.850-0300] GC(2488) ParOldGen: 132366K->132686K(139264K)
[2020-08-05T22:48:49.850-0300] GC(2488) Metaspace: 119128K->119128K(1163264K)
[2020-08-05T22:48:49.850-0300] GC(2488) Pause Young (Allocation Failure) 149M->130M(157M) 3.119ms
[2020-08-05T22:48:49.850-0300] GC(2488) User=0.00s Sys=0.00s Real=0.00s
[2020-08-05T22:49:07.485-0300] GC(2489) Pause Young (Allocation Failure)
[2020-08-05T22:49:07.488-0300] GC(2489) PSYoungGen: 21184K->704K(22016K)
[2020-08-05T22:49:07.488-0300] GC(2489) ParOldGen: 132686K->133270K(139264K)
[2020-08-05T22:49:07.488-0300] GC(2489) Metaspace: 119128K->119128K(1163264K)
[2020-08-05T22:49:07.488-0300] GC(2489) Pause Young (Allocation Failure) 150M->130M(157M) 2.704ms
[2020-08-05T22:49:07.488-0300] GC(2489) User=0.01s Sys=0.00s Real=0.00s
[2020-08-05T22:49:21.152-0300] GC(2490) Pause Young (Allocation Failure)
[2020-08-05T22:49:21.156-0300] GC(2490) PSYoungGen: 21184K->544K(22016K)
[2020-08-05T22:49:21.156-0300] GC(2490) ParOldGen: 133270K->133807K(139264K)
[2020-08-05T22:49:21.156-0300] GC(2490) Metaspace: 119128K->119128K(1163264K)
[2020-08-05T22:49:21.156-0300] GC(2490) Pause Young (Allocation Failure) 150M->131M(157M) 3.660ms
[2020-08-05T22:49:21.156-0300] GC(2490) User=0.01s Sys=0.00s Real=0.01s
[2020-08-05T22:49:33.816-0300] GC(2491) Pause Young (Allocation Failure)
[2020-08-05T22:49:33.819-0300] GC(2491) PSYoungGen: 21023K->400K(22016K)
[2020-08-05T22:49:33.819-0300] GC(2491) ParOldGen: 133807K->134132K(139264K)
[2020-08-05T22:49:33.819-0300] GC(2491) Metaspace: 119128K->119128K(1163264K)
[2020-08-05T22:49:33.819-0300] GC(2491) Pause Young (Allocation Failure) 151M->131M(157M) 2.793ms
[2020-08-05T22:49:33.819-0300] GC(2491) User=0.01s Sys=0.00s Real=0.00s
[2020-08-05T22:49:47.280-0300] GC(2492) Pause Young (Allocation Failure)
[2020-08-05T22:49:47.283-0300] GC(2492) PSYoungGen: 20880K->400K(22016K)
[2020-08-05T22:49:47.283-0300] GC(2492) ParOldGen: 134132K->134445K(139264K)
[2020-08-05T22:49:47.283-0300] GC(2492) Metaspace: 119128K->119128K(1163264K)
[2020-08-05T22:49:47.283-0300] GC(2492) Pause Young (Allocation Failure) 151M->131M(157M) 3.059ms
[2020-08-05T22:49:47.283-0300] GC(2492) User=0.00s Sys=0.00s Real=0.00s
[2020-08-05T22:50:00.187-0300] GC(2493) Pause Young (Allocation Failure)
[2020-08-05T22:50:00.191-0300] GC(2493) PSYoungGen: 20880K->368K(22016K)
[2020-08-05T22:50:00.191-0300] GC(2493) ParOldGen: 134445K->134738K(139264K)
[2020-08-05T22:50:00.191-0300] GC(2493) Metaspace: 119128K->119128K(1163264K)
[2020-08-05T22:50:00.191-0300] GC(2493) Pause Young (Allocation Failure) 151M->131M(157M) 3.611ms
[2020-08-05T22:50:00.191-0300] GC(2493) User=0.00s Sys=0.00s Real=0.00s
[2020-08-05T22:50:11.155-0300] GC(2494) Pause Young (Allocation Failure)
[2020-08-05T22:50:11.158-0300] GC(2494) PSYoungGen: 20847K->592K(22016K)
[2020-08-05T22:50:11.158-0300] GC(2494) ParOldGen: 134738K->135018K(139264K)
[2020-08-05T22:50:11.158-0300] GC(2494) Metaspace: 119128K->119128K(1163264K)
[2020-08-05T22:50:11.158-0300] GC(2494) Pause Young (Allocation Failure) 151M->132M(157M) 2.608ms
[2020-08-05T22:50:11.158-0300] GC(2494) User=0.00s Sys=0.00s Real=0.00s
[2020-08-05T22:50:12.735-0300] GC(2495) Pause Young (Allocation Failure)
[2020-08-05T22:50:12.737-0300] GC(2495) PSYoungGen: 21072K->320K(22016K)
[2020-08-05T22:50:12.737-0300] GC(2495) ParOldGen: 135018K->135500K(139264K)
[2020-08-05T22:50:12.737-0300] GC(2495) Metaspace: 119128K->119128K(1163264K)
[2020-08-05T22:50:12.737-0300] GC(2495) Pause Young (Allocation Failure) 152M->132M(157M) 2.712ms
[2020-08-05T22:50:12.738-0300] GC(2495) User=0.01s Sys=0.00s Real=0.00s
[2020-08-05T22:50:14.451-0300] GC(2496) Pause Young (Allocation Failure)
[2020-08-05T22:50:14.453-0300] GC(2496) PSYoungGen: 20799K->417K(22016K)
[2020-08-05T22:50:14.453-0300] GC(2496) ParOldGen: 135500K->135713K(139264K)
[2020-08-05T22:50:14.453-0300] GC(2496) Metaspace: 119128K->119128K(1163264K)
[2020-08-05T22:50:14.453-0300] GC(2496) Pause Young (Allocation Failure) 152M->132M(157M) 2.789ms
[2020-08-05T22:50:14.453-0300] GC(2496) User=0.00s Sys=0.00s Real=0.00s
[2020-08-05T22:50:15.685-0300] GC(2497) Pause Young (Allocation Failure)
[2020-08-05T22:50:15.689-0300] GC(2497) PSYoungGen: 20897K->337K(20992K)
[2020-08-05T22:50:15.689-0300] GC(2497) ParOldGen: 135713K->135986K(139264K)
[2020-08-05T22:50:15.689-0300] GC(2497) Metaspace: 119128K->119128K(1163264K)
[2020-08-05T22:50:15.689-0300] GC(2497) Pause Young (Allocation Failure) 152M->133M(156M) 4.186ms
[2020-08-05T22:50:15.689-0300] GC(2497) User=0.01s Sys=0.00s Real=0.00s
[2020-08-05T22:50:34.847-0300] GC(2498) Pause Young (Allocation Failure)
[2020-08-05T22:50:34.850-0300] GC(2498) PSYoungGen: 20817K->448K(21504K)
[2020-08-05T22:50:34.850-0300] GC(2498) ParOldGen: 135986K->136070K(139264K)
[2020-08-05T22:50:34.850-0300] GC(2498) Metaspace: 119128K->119128K(1163264K)
[2020-08-05T22:50:34.850-0300] GC(2498) Pause Young (Allocation Failure) 153M->133M(157M) 3.069ms
[2020-08-05T22:50:34.850-0300] GC(2498) User=0.01s Sys=0.00s Real=0.00s
[2020-08-05T22:50:57.151-0300] GC(2499) Pause Young (Allocation Failure)
[2020-08-05T22:50:57.154-0300] GC(2499) PSYoungGen: 20928K->480K(21504K)
[2020-08-05T22:50:57.154-0300] GC(2499) ParOldGen: 136070K->136406K(139264K)
[2020-08-05T22:50:57.155-0300] GC(2499) Metaspace: 119128K->119128K(1163264K)
[2020-08-05T22:50:57.155-0300] GC(2499) Pause Young (Allocation Failure) 153M->133M(157M) 3.296ms
[2020-08-05T22:50:57.155-0300] GC(2499) User=0.01s Sys=0.00s Real=0.01s
[2020-08-05T22:51:16.018-0300] GC(2500) Pause Young (Allocation Failure)
[2020-08-05T22:51:16.021-0300] GC(2500) PSYoungGen: 20960K->320K(21504K)
[2020-08-05T22:51:16.021-0300] GC(2500) ParOldGen: 136406K->136702K(139264K)
[2020-08-05T22:51:16.021-0300] GC(2500) Metaspace: 119128K->119128K(1163264K)
[2020-08-05T22:51:16.021-0300] GC(2500) Pause Young (Allocation Failure) 153M->133M(157M) 2.534ms
[2020-08-05T22:51:16.021-0300] GC(2500) User=0.01s Sys=0.00s Real=0.00s
[2020-08-05T22:51:29.849-0300] GC(2501) Pause Young (Allocation Failure)
[2020-08-05T22:51:29.852-0300] GC(2501) PSYoungGen: 20800K->400K(21504K)
[2020-08-05T22:51:29.852-0300] GC(2501) ParOldGen: 136702K->136895K(139264K)
[2020-08-05T22:51:29.852-0300] GC(2501) Metaspace: 119128K->119128K(1163264K)
[2020-08-05T22:51:29.852-0300] GC(2501) Pause Young (Allocation Failure) 153M->134M(157M) 3.116ms
[2020-08-05T22:51:29.852-0300] GC(2501) User=0.01s Sys=0.00s Real=0.00s
[2020-08-05T22:51:42.263-0300] GC(2502) Pause Young (Allocation Failure)
[2020-08-05T22:51:42.267-0300] GC(2502) PSYoungGen: 20880K->240K(21504K)
[2020-08-05T22:51:42.267-0300] GC(2502) ParOldGen: 136895K->137151K(139264K)
[2020-08-05T22:51:42.267-0300] GC(2502) Metaspace: 119128K->119128K(1163264K)
[2020-08-05T22:51:42.267-0300] GC(2502) Pause Young (Allocation Failure) 154M->134M(157M) 3.945ms
[2020-08-05T22:51:42.267-0300] GC(2502) User=0.01s Sys=0.00s Real=0.01s
[2020-08-05T22:51:54.849-0300] GC(2503) Pause Young (Allocation Failure)
[2020-08-05T22:51:54.852-0300] GC(2503) PSYoungGen: 20720K->465K(21504K)
[2020-08-05T22:51:54.852-0300] GC(2503) ParOldGen: 137151K->137280K(139264K)
[2020-08-05T22:51:54.852-0300] GC(2503) Metaspace: 119128K->119128K(1163264K)
[2020-08-05T22:51:54.852-0300] GC(2503) Pause Young (Allocation Failure) 154M->134M(157M) 2.993ms
[2020-08-05T22:51:54.852-0300] GC(2503) User=0.00s Sys=0.01s Real=0.00s
[2020-08-05T22:52:08.629-0300] GC(2504) Pause Young (Allocation Failure)
[2020-08-05T22:52:08.632-0300] GC(2504) PSYoungGen: 20945K->256K(21504K)
[2020-08-05T22:52:08.632-0300] GC(2504) ParOldGen: 137280K->137609K(139264K)
[2020-08-05T22:52:08.632-0300] GC(2504) Metaspace: 119128K->119128K(1163264K)
[2020-08-05T22:52:08.632-0300] GC(2504) Pause Young (Allocation Failure) 154M->134M(157M) 2.435ms
[2020-08-05T22:52:08.632-0300] GC(2504) User=0.01s Sys=0.00s Real=0.00s
[2020-08-05T22:52:19.269-0300] GC(2505) Pause Young (Allocation Failure)
[2020-08-05T22:52:19.272-0300] GC(2505) PSYoungGen: 20736K->497K(21504K)
[2020-08-05T22:52:19.272-0300] GC(2505) ParOldGen: 137609K->137745K(139264K)
[2020-08-05T22:52:19.272-0300] GC(2505) Metaspace: 119129K->119129K(1163264K)
[2020-08-05T22:52:19.272-0300] GC(2505) Pause Young (Allocation Failure) 154M->135M(157M) 3.007ms
[2020-08-05T22:52:19.272-0300] GC(2505) User=0.00s Sys=0.00s Real=0.00s
[2020-08-05T22:52:33.191-0300] GC(2506) Pause Young (Allocation Failure)
[2020-08-05T22:52:33.194-0300] GC(2506) PSYoungGen: 20977K->272K(21504K)
[2020-08-05T22:52:33.194-0300] GC(2506) ParOldGen: 137745K->137930K(139264K)
[2020-08-05T22:52:33.194-0300] GC(2506) Metaspace: 119129K->119129K(1163264K)
[2020-08-05T22:52:33.194-0300] GC(2506) Pause Young (Allocation Failure) 155M->134M(157M) 2.813ms
[2020-08-05T22:52:33.194-0300] GC(2506) User=0.01s Sys=0.00s Real=0.01s
[2020-08-05T22:52:45.582-0300] GC(2507) Pause Young (Allocation Failure)
[2020-08-05T22:52:45.585-0300] GC(2507) PSYoungGen: 20752K->256K(21504K)
[2020-08-05T22:52:45.585-0300] GC(2507) ParOldGen: 137930K->138083K(139264K)
[2020-08-05T22:52:45.585-0300] GC(2507) Metaspace: 119129K->119129K(1163264K)
[2020-08-05T22:52:45.585-0300] GC(2507) Pause Young (Allocation Failure) 154M->135M(157M) 3.130ms
[2020-08-05T22:52:45.585-0300] GC(2507) User=0.00s Sys=0.00s Real=0.01s
[2020-08-05T22:52:59.846-0300] GC(2508) Pause Young (Allocation Failure)
[2020-08-05T22:52:59.848-0300] GC(2508) PSYoungGen: 20736K->320K(21504K)
[2020-08-05T22:52:59.848-0300] GC(2508) ParOldGen: 138083K->138240K(139264K)
[2020-08-05T22:52:59.848-0300] GC(2508) Metaspace: 119129K->119129K(1163264K)
[2020-08-05T22:52:59.848-0300] GC(2508) Pause Young (Allocation Failure) 155M->135M(157M) 2.537ms
[2020-08-05T22:52:59.848-0300] GC(2508) User=0.00s Sys=0.00s Real=0.00s
[2020-08-05T22:53:07.099-0300] GC(2509) Pause Young (Allocation Failure)
[2020-08-05T22:53:07.102-0300] GC(2509) PSYoungGen: 20800K->256K(21504K)
[2020-08-05T22:53:07.102-0300] GC(2509) ParOldGen: 138240K->138429K(139264K)
[2020-08-05T22:53:07.102-0300] GC(2509) Metaspace: 119133K->119133K(1163264K)
[2020-08-05T22:53:07.102-0300] GC(2509) Pause Young (Allocation Failure) 155M->135M(157M) 3.243ms
[2020-08-05T22:53:07.102-0300] GC(2509) User=0.01s Sys=0.00s Real=0.00s
[2020-08-05T22:53:19.853-0300] GC(2510) Pause Young (Allocation Failure)
[2020-08-05T22:53:19.856-0300] GC(2510) PSYoungGen: 20730K->428K(21504K)
[2020-08-05T22:53:19.856-0300] GC(2510) ParOldGen: 138429K->138602K(139264K)
[2020-08-05T22:53:19.856-0300] GC(2510) Metaspace: 119133K->119133K(1163264K)
[2020-08-05T22:53:19.856-0300] GC(2510) Pause Young (Allocation Failure) 155M->135M(157M) 3.007ms
[2020-08-05T22:53:19.856-0300] GC(2510) User=0.01s Sys=0.00s Real=0.01s
[2020-08-05T22:53:33.504-0300] GC(2511) Pause Young (Allocation Failure)
[2020-08-05T22:53:33.509-0300] GC(2511) PSYoungGen: 20908K->624K(21504K)
[2020-08-05T22:53:33.509-0300] GC(2511) ParOldGen: 138602K->138863K(139264K)
[2020-08-05T22:53:33.509-0300] GC(2511) Metaspace: 119133K->119133K(1163264K)
[2020-08-05T22:53:33.509-0300] GC(2511) Pause Young (Allocation Failure) 155M->136M(157M) 4.726ms
[2020-08-05T22:53:33.509-0300] GC(2511) User=0.01s Sys=0.00s Real=0.00s
[2020-08-05T22:53:33.509-0300] GC(2512) Pause Full (Ergonomics)
[2020-08-05T22:53:33.509-0300] GC(2512) Marking Phase
[2020-08-05T22:53:33.590-0300] GC(2512) Marking Phase 80.980ms
[2020-08-05T22:53:33.590-0300] GC(2512) Summary Phase
[2020-08-05T22:53:33.590-0300] GC(2512) Summary Phase 0.015ms
[2020-08-05T22:53:33.590-0300] GC(2512) Adjust Roots
[2020-08-05T22:53:33.620-0300] GC(2512) Adjust Roots 29.573ms
[2020-08-05T22:53:33.620-0300] GC(2512) Compaction Phase
[2020-08-05T22:53:33.661-0300] GC(2512) Compaction Phase 41.037ms
[2020-08-05T22:53:33.661-0300] GC(2512) Post Compact
[2020-08-05T22:53:33.661-0300] GC(2512) Post Compact 0.702ms
[2020-08-05T22:53:33.661-0300] GC(2512) PSYoungGen: 624K->0K(21504K)
[2020-08-05T22:53:33.661-0300] GC(2512) ParOldGen: 138863K->106311K(139264K)
[2020-08-05T22:53:33.661-0300] GC(2512) Metaspace: 119133K->119133K(1163264K)
[2020-08-05T22:53:33.661-0300] GC(2512) Pause Full (Ergonomics) 136M->103M(157M) 152.585ms
[2020-08-05T22:53:33.662-0300] GC(2512) User=0.39s Sys=0.00s Real=0.15s
[2020-08-05T22:53:44.846-0300] GC(2513) Pause Young (Allocation Failure)
[2020-08-05T22:53:44.849-0300] GC(2513) PSYoungGen: 20480K->704K(21504K)
[2020-08-05T22:53:44.849-0300] GC(2513) ParOldGen: 106311K->106311K(139264K)
[2020-08-05T22:53:44.849-0300] GC(2513) Metaspace: 119133K->119133K(1163264K)
[2020-08-05T22:53:44.849-0300] GC(2513) Pause Young (Allocation Failure) 123M->104M(157M) 2.633ms
[2020-08-05T22:53:44.849-0300] GC(2513) User=0.01s Sys=0.00s Real=0.00s
[2020-08-05T22:53:59.845-0300] GC(2514) Pause Young (Allocation Failure)
[2020-08-05T22:53:59.848-0300] GC(2514) PSYoungGen: 21184K->576K(21504K)
[2020-08-05T22:53:59.848-0300] GC(2514) ParOldGen: 106311K->106887K(139264K)
[2020-08-05T22:53:59.849-0300] GC(2514) Metaspace: 119133K->119133K(1163264K)
[2020-08-05T22:53:59.849-0300] GC(2514) Pause Young (Allocation Failure) 124M->104M(157M) 3.149ms
[2020-08-05T22:53:59.849-0300] GC(2514) User=0.00s Sys=0.00s Real=0.00s
[2020-08-05T22:54:10.611-0300] GC(2515) Pause Young (Allocation Failure)
[2020-08-05T22:54:10.614-0300] GC(2515) PSYoungGen: 21056K->608K(21504K)
[2020-08-05T22:54:10.614-0300] GC(2515) ParOldGen: 106887K->107344K(139264K)
[2020-08-05T22:54:10.614-0300] GC(2515) Metaspace: 119133K->119133K(1163264K)
[2020-08-05T22:54:10.614-0300] GC(2515) Pause Young (Allocation Failure) 124M->105M(157M) 2.903ms
[2020-08-05T22:54:10.614-0300] GC(2515) User=0.00s Sys=0.00s Real=0.00s
[2020-08-05T22:54:24.277-0300] GC(2516) Pause Young (Allocation Failure)
[2020-08-05T22:54:24.280-0300] GC(2516) PSYoungGen: 21088K->432K(21504K)
[2020-08-05T22:54:24.280-0300] GC(2516) ParOldGen: 107344K->107813K(139264K)
[2020-08-05T22:54:24.280-0300] GC(2516) Metaspace: 119133K->119133K(1163264K)
[2020-08-05T22:54:24.280-0300] GC(2516) Pause Young (Allocation Failure) 125M->105M(157M) 3.019ms
[2020-08-05T22:54:24.280-0300] GC(2516) User=0.01s Sys=0.00s Real=0.00s
[2020-08-05T22:54:37.046-0300] GC(2517) Pause Young (Allocation Failure)
[2020-08-05T22:54:37.049-0300] GC(2517) PSYoungGen: 20912K->400K(21504K)
[2020-08-05T22:54:37.049-0300] GC(2517) ParOldGen: 107813K->108138K(139264K)
[2020-08-05T22:54:37.049-0300] GC(2517) Metaspace: 119133K->119133K(1163264K)
[2020-08-05T22:54:37.049-0300] GC(2517) Pause Young (Allocation Failure) 125M->105M(157M) 3.078ms
[2020-08-05T22:54:37.049-0300] GC(2517) User=0.00s Sys=0.00s Real=0.00s
[2020-08-05T22:54:49.846-0300] GC(2518) Pause Young (Allocation Failure)
[2020-08-05T22:54:49.849-0300] GC(2518) PSYoungGen: 20880K->480K(21504K)
[2020-08-05T22:54:49.849-0300] GC(2518) ParOldGen: 108138K->108427K(139264K)
[2020-08-05T22:54:49.849-0300] GC(2518) Metaspace: 119133K->119133K(1163264K)
[2020-08-05T22:54:49.849-0300] GC(2518) Pause Young (Allocation Failure) 125M->106M(157M) 2.531ms
[2020-08-05T22:54:49.849-0300] GC(2518) User=0.00s Sys=0.00s Real=0.00s
[2020-08-05T22:54:58.472-0300] GC(2519) Pause Young (Allocation Failure)
[2020-08-05T22:54:58.476-0300] GC(2519) PSYoungGen: 20960K->336K(21504K)
[2020-08-05T22:54:58.476-0300] GC(2519) ParOldGen: 108427K->108740K(139264K)
[2020-08-05T22:54:58.476-0300] GC(2519) Metaspace: 119134K->119134K(1163264K)
[2020-08-05T22:54:58.476-0300] GC(2519) Pause Young (Allocation Failure) 126M->106M(157M) 3.971ms
[2020-08-05T22:54:58.476-0300] GC(2519) User=0.00s Sys=0.00s Real=0.01s
[2020-08-05T22:55:14.845-0300] GC(2520) Pause Young (Allocation Failure)
[2020-08-05T22:55:14.848-0300] GC(2520) PSYoungGen: 20816K->512K(21504K)
[2020-08-05T22:55:14.848-0300] GC(2520) ParOldGen: 108740K->108952K(139264K)
[2020-08-05T22:55:14.848-0300] GC(2520) Metaspace: 119134K->119134K(1163264K)
[2020-08-05T22:55:14.848-0300] GC(2520) Pause Young (Allocation Failure) 126M->106M(157M) 3.444ms
[2020-08-05T22:55:14.848-0300] GC(2520) User=0.00s Sys=0.00s Real=0.00s
[2020-08-05T22:55:36.143-0300] GC(2521) Pause Young (Allocation Failure)
[2020-08-05T22:55:36.147-0300] GC(2521) PSYoungGen: 20992K->448K(21504K)
[2020-08-05T22:55:36.147-0300] GC(2521) ParOldGen: 108952K->109332K(139264K)
[2020-08-05T22:55:36.147-0300] GC(2521) Metaspace: 119134K->119134K(1163264K)
[2020-08-05T22:55:36.147-0300] GC(2521) Pause Young (Allocation Failure) 126M->107M(157M) 3.600ms
[2020-08-05T22:55:36.147-0300] GC(2521) User=0.00s Sys=0.00s Real=0.01s
[2020-08-05T22:55:58.967-0300] GC(2522) Pause Young (Allocation Failure)
[2020-08-05T22:55:58.969-0300] GC(2522) PSYoungGen: 20928K->448K(21504K)
[2020-08-05T22:55:58.969-0300] GC(2522) ParOldGen: 109332K->109652K(139264K)
[2020-08-05T22:55:58.969-0300] GC(2522) Metaspace: 119134K->119134K(1163264K)
[2020-08-05T22:55:58.969-0300] GC(2522) Pause Young (Allocation Failure) 127M->107M(157M) 2.866ms
[2020-08-05T22:55:58.969-0300] GC(2522) User=0.01s Sys=0.00s Real=0.00s
[2020-08-05T22:56:14.366-0300] GC(2523) Pause Young (Allocation Failure)
[2020-08-05T22:56:14.369-0300] GC(2523) PSYoungGen: 20928K->256K(21504K)
[2020-08-05T22:56:14.369-0300] GC(2523) ParOldGen: 109652K->109981K(139264K)
[2020-08-05T22:56:14.369-0300] GC(2523) Metaspace: 119134K->119134K(1163264K)
[2020-08-05T22:56:14.369-0300] GC(2523) Pause Young (Allocation Failure) 127M->107M(157M) 2.599ms
[2020-08-05T22:56:14.369-0300] GC(2523) User=0.01s Sys=0.00s Real=0.00s
[2020-08-05T22:56:36.143-0300] GC(2524) Pause Young (Allocation Failure)
[2020-08-05T22:56:36.147-0300] GC(2524) PSYoungGen: 20736K->320K(21504K)
[2020-08-05T22:56:36.147-0300] GC(2524) ParOldGen: 109981K->110121K(139264K)
[2020-08-05T22:56:36.147-0300] GC(2524) Metaspace: 119134K->119134K(1163264K)
[2020-08-05T22:56:36.147-0300] GC(2524) Pause Young (Allocation Failure) 127M->107M(157M) 4.502ms
[2020-08-05T22:56:36.147-0300] GC(2524) User=0.01s Sys=0.00s Real=0.01s
[2020-08-05T22:56:59.505-0300] GC(2525) Pause Young (Allocation Failure)
[2020-08-05T22:56:59.508-0300] GC(2525) PSYoungGen: 20800K->128K(21504K)
[2020-08-05T22:56:59.508-0300] GC(2525) ParOldGen: 110121K->110257K(139264K)
[2020-08-05T22:56:59.508-0300] GC(2525) Metaspace: 119134K->119134K(1163264K)
[2020-08-05T22:56:59.508-0300] GC(2525) Pause Young (Allocation Failure) 127M->107M(157M) 3.676ms
[2020-08-05T22:56:59.508-0300] GC(2525) User=0.01s Sys=0.00s Real=0.00s
[2020-08-05T22:57:14.846-0300] GC(2526) Pause Young (Allocation Failure)
[2020-08-05T22:57:14.848-0300] GC(2526) PSYoungGen: 20608K->192K(21504K)
[2020-08-05T22:57:14.848-0300] GC(2526) ParOldGen: 110257K->110313K(139264K)
[2020-08-05T22:57:14.848-0300] GC(2526) Metaspace: 119134K->119134K(1163264K)
[2020-08-05T22:57:14.849-0300] GC(2526) Pause Young (Allocation Failure) 127M->107M(157M) 2.826ms
[2020-08-05T22:57:14.849-0300] GC(2526) User=0.01s Sys=0.00s Real=0.00s
[2020-08-05T22:57:34.848-0300] GC(2527) Pause Young (Allocation Failure)
[2020-08-05T22:57:34.850-0300] GC(2527) PSYoungGen: 20672K->368K(21504K)
[2020-08-05T22:57:34.850-0300] GC(2527) ParOldGen: 110313K->110369K(139264K)
[2020-08-05T22:57:34.850-0300] GC(2527) Metaspace: 119145K->119145K(1163264K)
[2020-08-05T22:57:34.851-0300] GC(2527) Pause Young (Allocation Failure) 127M->108M(157M) 2.538ms
[2020-08-05T22:57:34.851-0300] GC(2527) User=0.01s Sys=0.01s Real=0.00s
[2020-08-05T22:57:59.142-0300] GC(2528) Pause Young (Allocation Failure)
[2020-08-05T22:57:59.145-0300] GC(2528) PSYoungGen: 20848K->272K(21504K)
[2020-08-05T22:57:59.145-0300] GC(2528) ParOldGen: 110369K->110433K(139264K)
[2020-08-05T22:57:59.145-0300] GC(2528) Metaspace: 119145K->119145K(1163264K)
[2020-08-05T22:57:59.145-0300] GC(2528) Pause Young (Allocation Failure) 128M->108M(157M) 2.791ms
[2020-08-05T22:57:59.145-0300] GC(2528) User=0.00s Sys=0.00s Real=0.01s
[2020-08-05T22:58:10.679-0300] GC(2529) Pause Young (Allocation Failure)
[2020-08-05T22:58:10.682-0300] GC(2529) PSYoungGen: 20752K->336K(21504K)
[2020-08-05T22:58:10.682-0300] GC(2529) ParOldGen: 110433K->110433K(139264K)
[2020-08-05T22:58:10.682-0300] GC(2529) Metaspace: 119145K->119145K(1163264K)
[2020-08-05T22:58:10.682-0300] GC(2529) Pause Young (Allocation Failure) 128M->108M(157M) 2.982ms
[2020-08-05T22:58:10.682-0300] GC(2529) User=0.01s Sys=0.00s Real=0.00s
[2020-08-05T22:58:24.141-0300] GC(2530) Pause Young (Allocation Failure)
[2020-08-05T22:58:24.144-0300] GC(2530) PSYoungGen: 20816K->737K(21504K)
[2020-08-05T22:58:24.144-0300] GC(2530) ParOldGen: 110433K->110513K(139264K)
[2020-08-05T22:58:24.144-0300] GC(2530) Metaspace: 119145K->119145K(1163264K)
[2020-08-05T22:58:24.144-0300] GC(2530) Pause Young (Allocation Failure) 128M->108M(157M) 3.052ms
[2020-08-05T22:58:24.144-0300] GC(2530) User=0.00s Sys=0.00s Real=0.01s
[2020-08-05T22:58:32.452-0300] GC(2531) Pause Young (Allocation Failure)
[2020-08-05T22:58:32.455-0300] GC(2531) PSYoungGen: 21217K->928K(21504K)
[2020-08-05T22:58:32.455-0300] GC(2531) ParOldGen: 110513K->110657K(139264K)
[2020-08-05T22:58:32.455-0300] GC(2531) Metaspace: 119145K->119145K(1163264K)
[2020-08-05T22:58:32.455-0300] GC(2531) Pause Young (Allocation Failure) 128M->108M(157M) 2.572ms
[2020-08-05T22:58:32.455-0300] GC(2531) User=0.00s Sys=0.00s Real=0.01s
[2020-08-05T22:58:34.225-0300] GC(2532) Pause Young (Allocation Failure)
[2020-08-05T22:58:34.228-0300] GC(2532) PSYoungGen: 21408K->465K(21504K)
[2020-08-05T22:58:34.228-0300] GC(2532) ParOldGen: 110657K->111387K(139264K)
[2020-08-05T22:58:34.228-0300] GC(2532) Metaspace: 119145K->119145K(1163264K)
[2020-08-05T22:58:34.228-0300] GC(2532) Pause Young (Allocation Failure) 128M->109M(157M) 2.781ms
[2020-08-05T22:58:34.228-0300] GC(2532) User=0.00s Sys=0.00s Real=0.00s
[2020-08-05T22:58:35.654-0300] GC(2533) Pause Young (Allocation Failure)
[2020-08-05T22:58:35.657-0300] GC(2533) PSYoungGen: 20945K->384K(21504K)
[2020-08-05T22:58:35.657-0300] GC(2533) ParOldGen: 111387K->111725K(139264K)
[2020-08-05T22:58:35.657-0300] GC(2533) Metaspace: 119145K->119145K(1163264K)
[2020-08-05T22:58:35.657-0300] GC(2533) Pause Young (Allocation Failure) 129M->109M(157M) 2.813ms
[2020-08-05T22:58:35.657-0300] GC(2533) User=0.00s Sys=0.00s Real=0.00s
[2020-08-05T22:58:37.528-0300] GC(2534) Pause Young (Allocation Failure)
[2020-08-05T22:58:37.530-0300] GC(2534) PSYoungGen: 20864K->384K(21504K)
[2020-08-05T22:58:37.530-0300] GC(2534) ParOldGen: 111725K->111998K(139264K)
[2020-08-05T22:58:37.530-0300] GC(2534) Metaspace: 119145K->119145K(1163264K)
[2020-08-05T22:58:37.530-0300] GC(2534) Pause Young (Allocation Failure) 129M->109M(157M) 2.314ms
[2020-08-05T22:58:37.530-0300] GC(2534) User=0.01s Sys=0.00s Real=0.00s
[2020-08-05T22:58:38.964-0300] GC(2535) Pause Young (Allocation Failure)
[2020-08-05T22:58:38.966-0300] GC(2535) PSYoungGen: 20864K->368K(21504K)
[2020-08-05T22:58:38.966-0300] GC(2535) ParOldGen: 111998K->112243K(139264K)
[2020-08-05T22:58:38.966-0300] GC(2535) Metaspace: 119145K->119145K(1163264K)
[2020-08-05T22:58:38.966-0300] GC(2535) Pause Young (Allocation Failure) 129M->109M(157M) 2.556ms
[2020-08-05T22:58:38.966-0300] GC(2535) User=0.01s Sys=0.00s Real=0.01s
[2020-08-05T22:58:47.141-0300] GC(2536) Pause Young (Allocation Failure)
[2020-08-05T22:58:47.144-0300] GC(2536) PSYoungGen: 20848K->544K(21504K)
[2020-08-05T22:58:47.144-0300] GC(2536) ParOldGen: 112243K->112355K(139264K)
[2020-08-05T22:58:47.144-0300] GC(2536) Metaspace: 119145K->119145K(1163264K)
[2020-08-05T22:58:47.144-0300] GC(2536) Pause Young (Allocation Failure) 129M->110M(157M) 3.650ms
[2020-08-05T22:58:47.144-0300] GC(2536) User=0.00s Sys=0.00s Real=0.01s
[2020-08-05T22:59:09.846-0300] GC(2537) Pause Young (Allocation Failure)
[2020-08-05T22:59:09.849-0300] GC(2537) PSYoungGen: 21024K->736K(21504K)
[2020-08-05T22:59:09.849-0300] GC(2537) ParOldGen: 112355K->112731K(139264K)
[2020-08-05T22:59:09.849-0300] GC(2537) Metaspace: 119145K->119145K(1163264K)
[2020-08-05T22:59:09.849-0300] GC(2537) Pause Young (Allocation Failure) 130M->110M(157M) 3.012ms
[2020-08-05T22:59:09.849-0300] GC(2537) User=0.00s Sys=0.00s Real=0.00s
[2020-08-05T22:59:31.460-0300] GC(2538) Pause Young (Allocation Failure)
[2020-08-05T22:59:31.463-0300] GC(2538) PSYoungGen: 21216K->400K(21504K)
[2020-08-05T22:59:31.463-0300] GC(2538) ParOldGen: 112731K->113299K(139264K)
[2020-08-05T22:59:31.463-0300] GC(2538) Metaspace: 119145K->119145K(1163264K)
[2020-08-05T22:59:31.463-0300] GC(2538) Pause Young (Allocation Failure) 130M->111M(157M) 2.715ms
[2020-08-05T22:59:31.463-0300] GC(2538) User=0.01s Sys=0.00s Real=0.00s
[2020-08-05T22:59:45.529-0300] GC(2539) Pause Young (Allocation Failure)
[2020-08-05T22:59:45.531-0300] GC(2539) PSYoungGen: 20880K->432K(21504K)
[2020-08-05T22:59:45.531-0300] GC(2539) ParOldGen: 113299K->113579K(139264K)
[2020-08-05T22:59:45.531-0300] GC(2539) Metaspace: 119145K->119145K(1163264K)
[2020-08-05T22:59:45.531-0300] GC(2539) Pause Young (Allocation Failure) 131M->111M(157M) 2.841ms
[2020-08-05T22:59:45.532-0300] GC(2539) User=0.00s Sys=0.00s Real=0.00s
[2020-08-05T23:00:00.672-0300] GC(2540) Pause Young (Allocation Failure)
[2020-08-05T23:00:00.675-0300] GC(2540) PSYoungGen: 20912K->384K(21504K)
[2020-08-05T23:00:00.675-0300] GC(2540) ParOldGen: 113579K->113924K(139264K)
[2020-08-05T23:00:00.675-0300] GC(2540) Metaspace: 119145K->119145K(1163264K)
[2020-08-05T23:00:00.675-0300] GC(2540) Pause Young (Allocation Failure) 131M->111M(157M) 3.138ms
[2020-08-05T23:00:00.675-0300] GC(2540) User=0.01s Sys=0.00s Real=0.01s
[2020-08-05T23:00:12.140-0300] GC(2541) Pause Young (Allocation Failure)
[2020-08-05T23:00:12.144-0300] GC(2541) PSYoungGen: 20864K->657K(21504K)
[2020-08-05T23:00:12.144-0300] GC(2541) ParOldGen: 113924K->114205K(139264K)
[2020-08-05T23:00:12.144-0300] GC(2541) Metaspace: 119145K->119145K(1163264K)
[2020-08-05T23:00:12.144-0300] GC(2541) Pause Young (Allocation Failure) 131M->112M(157M) 3.600ms
[2020-08-05T23:00:12.144-0300] GC(2541) User=0.01s Sys=0.00s Real=0.00s
[2020-08-05T23:00:26.147-0300] GC(2542) Pause Young (Allocation Failure)
[2020-08-05T23:00:26.151-0300] GC(2542) PSYoungGen: 21137K->480K(21504K)
[2020-08-05T23:00:26.151-0300] GC(2542) ParOldGen: 114205K->114682K(139264K)
[2020-08-05T23:00:26.151-0300] GC(2542) Metaspace: 119145K->119145K(1163264K)
[2020-08-05T23:00:26.151-0300] GC(2542) Pause Young (Allocation Failure) 132M->112M(157M) 3.295ms
[2020-08-05T23:00:26.151-0300] GC(2542) User=0.01s Sys=0.00s Real=0.00s
[2020-08-05T23:00:38.112-0300] GC(2543) Pause Young (Allocation Failure)
[2020-08-05T23:00:38.114-0300] GC(2543) PSYoungGen: 20960K->496K(21504K)
[2020-08-05T23:00:38.114-0300] GC(2543) ParOldGen: 114682K->114943K(139264K)
[2020-08-05T23:00:38.114-0300] GC(2543) Metaspace: 119145K->119145K(1163264K)
[2020-08-05T23:00:38.114-0300] GC(2543) Pause Young (Allocation Failure) 132M->112M(157M) 2.598ms
[2020-08-05T23:00:38.114-0300] GC(2543) User=0.01s Sys=0.00s Real=0.01s
[2020-08-05T23:00:52.590-0300] GC(2544) Pause Young (Allocation Failure)
[2020-08-05T23:00:52.593-0300] GC(2544) PSYoungGen: 20976K->448K(21504K)
[2020-08-05T23:00:52.593-0300] GC(2544) ParOldGen: 114943K->115328K(139264K)
[2020-08-05T23:00:52.593-0300] GC(2544) Metaspace: 119145K->119145K(1163264K)
[2020-08-05T23:00:52.593-0300] GC(2544) Pause Young (Allocation Failure) 132M->113M(157M) 3.038ms
[2020-08-05T23:00:52.593-0300] GC(2544) User=0.00s Sys=0.00s Real=0.00s
[2020-08-05T23:01:04.475-0300] GC(2545) Pause Young (Allocation Failure)
[2020-08-05T23:01:04.477-0300] GC(2545) PSYoungGen: 20928K->432K(21504K)
[2020-08-05T23:01:04.477-0300] GC(2545) ParOldGen: 115328K->115692K(139264K)
[2020-08-05T23:01:04.477-0300] GC(2545) Metaspace: 119145K->119145K(1163264K)
[2020-08-05T23:01:04.477-0300] GC(2545) Pause Young (Allocation Failure) 133M->113M(157M) 2.757ms
[2020-08-05T23:01:04.477-0300] GC(2545) User=0.00s Sys=0.00s Real=0.00s
[2020-08-05T23:01:17.607-0300] GC(2546) Pause Young (Allocation Failure)
[2020-08-05T23:01:17.610-0300] GC(2546) PSYoungGen: 20912K->464K(21504K)
[2020-08-05T23:01:17.610-0300] GC(2546) ParOldGen: 115692K->115986K(139264K)
[2020-08-05T23:01:17.610-0300] GC(2546) Metaspace: 119153K->119153K(1163264K)
[2020-08-05T23:01:17.610-0300] GC(2546) Pause Young (Allocation Failure) 133M->113M(157M) 2.588ms
[2020-08-05T23:01:17.610-0300] GC(2546) User=0.01s Sys=0.01s Real=0.00s
[2020-08-05T23:01:30.906-0300] GC(2547) Pause Young (Allocation Failure)
[2020-08-05T23:01:30.909-0300] GC(2547) PSYoungGen: 20944K->320K(21504K)
[2020-08-05T23:01:30.909-0300] GC(2547) ParOldGen: 115986K->116322K(139264K)
[2020-08-05T23:01:30.909-0300] GC(2547) Metaspace: 119153K->119153K(1163264K)
[2020-08-05T23:01:30.909-0300] GC(2547) Pause Young (Allocation Failure) 133M->113M(157M) 3.298ms
[2020-08-05T23:01:30.909-0300] GC(2547) User=0.00s Sys=0.00s Real=0.00s
[2020-08-05T23:01:39.847-0300] GC(2548) Pause Young (Allocation Failure)
[2020-08-05T23:01:39.849-0300] GC(2548) PSYoungGen: 20800K->288K(21504K)
[2020-08-05T23:01:39.849-0300] GC(2548) ParOldGen: 116322K->116523K(139264K)
[2020-08-05T23:01:39.849-0300] GC(2548) Metaspace: 119153K->119153K(1163264K)
[2020-08-05T23:01:39.849-0300] GC(2548) Pause Young (Allocation Failure) 133M->114M(157M) 2.522ms
[2020-08-05T23:01:39.849-0300] GC(2548) User=0.00s Sys=0.00s Real=0.00s
[2020-08-05T23:01:52.354-0300] GC(2549) Pause Young (Allocation Failure)
[2020-08-05T23:01:52.358-0300] GC(2549) PSYoungGen: 20768K->192K(21504K)
[2020-08-05T23:01:52.358-0300] GC(2549) ParOldGen: 116523K->116696K(139264K)
[2020-08-05T23:01:52.358-0300] GC(2549) Metaspace: 119153K->119153K(1163264K)
[2020-08-05T23:01:52.359-0300] GC(2549) Pause Young (Allocation Failure) 134M->114M(157M) 4.492ms
[2020-08-05T23:01:52.359-0300] GC(2549) User=0.00s Sys=0.00s Real=0.00s
[2020-08-05T23:02:04.852-0300] GC(2550) Pause Young (Allocation Failure)
[2020-08-05T23:02:04.855-0300] GC(2550) PSYoungGen: 20672K->391K(21504K)
[2020-08-05T23:02:04.855-0300] GC(2550) ParOldGen: 116696K->116836K(139264K)
[2020-08-05T23:02:04.855-0300] GC(2550) Metaspace: 119153K->119153K(1163264K)
[2020-08-05T23:02:04.855-0300] GC(2550) Pause Young (Allocation Failure) 134M->114M(157M) 2.416ms
[2020-08-05T23:02:04.855-0300] GC(2550) User=0.00s Sys=0.00s Real=0.01s
[2020-08-05T23:02:18.756-0300] GC(2551) Pause Young (Allocation Failure)
[2020-08-05T23:02:18.759-0300] GC(2551) PSYoungGen: 20871K->384K(21504K)
[2020-08-05T23:02:18.759-0300] GC(2551) ParOldGen: 116836K->117013K(139264K)
[2020-08-05T23:02:18.759-0300] GC(2551) Metaspace: 119153K->119153K(1163264K)
[2020-08-05T23:02:18.759-0300] GC(2551) Pause Young (Allocation Failure) 134M->114M(157M) 3.285ms
[2020-08-05T23:02:18.759-0300] GC(2551) User=0.01s Sys=0.00s Real=0.00s
[2020-08-05T23:02:29.527-0300] GC(2552) Pause Young (Allocation Failure)
[2020-08-05T23:02:29.531-0300] GC(2552) PSYoungGen: 20864K->320K(21504K)
[2020-08-05T23:02:29.531-0300] GC(2552) ParOldGen: 117013K->117158K(139264K)
[2020-08-05T23:02:29.531-0300] GC(2552) Metaspace: 119153K->119153K(1163264K)
[2020-08-05T23:02:29.531-0300] GC(2552) Pause Young (Allocation Failure) 134M->114M(157M) 4.013ms
[2020-08-05T23:02:29.531-0300] GC(2552) User=0.01s Sys=0.00s Real=0.00s
[2020-08-05T23:02:44.166-0300] GC(2553) Pause Young (Allocation Failure)
[2020-08-05T23:02:44.168-0300] GC(2553) PSYoungGen: 20800K->336K(21504K)
[2020-08-05T23:02:44.168-0300] GC(2553) ParOldGen: 117158K->117339K(139264K)
[2020-08-05T23:02:44.168-0300] GC(2553) Metaspace: 119153K->119153K(1163264K)
[2020-08-05T23:02:44.168-0300] GC(2553) Pause Young (Allocation Failure) 134M->114M(157M) 2.517ms
[2020-08-05T23:02:44.168-0300] GC(2553) User=0.00s Sys=0.00s Real=0.00s
[2020-08-05T23:02:55.760-0300] GC(2554) Pause Young (Allocation Failure)
[2020-08-05T23:02:55.763-0300] GC(2554) PSYoungGen: 20816K->288K(21504K)
[2020-08-05T23:02:55.763-0300] GC(2554) ParOldGen: 117339K->117476K(139264K)
[2020-08-05T23:02:55.763-0300] GC(2554) Metaspace: 119153K->119153K(1163264K)
[2020-08-05T23:02:55.763-0300] GC(2554) Pause Young (Allocation Failure) 134M->115M(157M) 3.007ms
[2020-08-05T23:02:55.763-0300] GC(2554) User=0.01s Sys=0.00s Real=0.00s
[2020-08-05T23:03:09.166-0300] GC(2555) Pause Young (Allocation Failure)
[2020-08-05T23:03:09.170-0300] GC(2555) PSYoungGen: 20768K->401K(21504K)
[2020-08-05T23:03:09.170-0300] GC(2555) ParOldGen: 117476K->117621K(139264K)
[2020-08-05T23:03:09.170-0300] GC(2555) Metaspace: 119153K->119153K(1163264K)
[2020-08-05T23:03:09.170-0300] GC(2555) Pause Young (Allocation Failure) 135M->115M(157M) 3.493ms
[2020-08-05T23:03:09.170-0300] GC(2555) User=0.01s Sys=0.00s Real=0.00s
[2020-08-05T23:03:22.139-0300] GC(2556) Pause Young (Allocation Failure)
[2020-08-05T23:03:22.142-0300] GC(2556) PSYoungGen: 20881K->368K(21504K)
[2020-08-05T23:03:22.142-0300] GC(2556) ParOldGen: 117621K->117814K(139264K)
[2020-08-05T23:03:22.142-0300] GC(2556) Metaspace: 119153K->119153K(1163264K)
[2020-08-05T23:03:22.142-0300] GC(2556) Pause Young (Allocation Failure) 135M->115M(157M) 3.080ms
[2020-08-05T23:03:22.142-0300] GC(2556) User=0.01s Sys=0.00s Real=0.00s
[2020-08-05T23:03:29.163-0300] GC(2557) Pause Young (Allocation Failure)
[2020-08-05T23:03:29.166-0300] GC(2557) PSYoungGen: 20848K->576K(21504K)
[2020-08-05T23:03:29.166-0300] GC(2557) ParOldGen: 117814K->118091K(139264K)
[2020-08-05T23:03:29.166-0300] GC(2557) Metaspace: 119153K->119153K(1163264K)
[2020-08-05T23:03:29.166-0300] GC(2557) Pause Young (Allocation Failure) 135M->115M(157M) 3.221ms
[2020-08-05T23:03:29.166-0300] GC(2557) User=0.01s Sys=0.00s Real=0.01s
[2020-08-05T23:03:50.351-0300] GC(2558) Pause Young (Allocation Failure)
[2020-08-05T23:03:50.354-0300] GC(2558) PSYoungGen: 21056K->640K(21504K)
[2020-08-05T23:03:50.354-0300] GC(2558) ParOldGen: 118091K->118491K(139264K)
[2020-08-05T23:03:50.354-0300] GC(2558) Metaspace: 119153K->119153K(1163264K)
[2020-08-05T23:03:50.354-0300] GC(2558) Pause Young (Allocation Failure) 135M->116M(157M) 3.280ms
[2020-08-05T23:03:50.354-0300] GC(2558) User=0.01s Sys=0.00s Real=0.01s
[2020-08-05T23:04:14.164-0300] GC(2559) Pause Young (Allocation Failure)
[2020-08-05T23:04:14.167-0300] GC(2559) PSYoungGen: 21120K->800K(21504K)
[2020-08-05T23:04:14.167-0300] GC(2559) ParOldGen: 118491K->119011K(139264K)
[2020-08-05T23:04:14.167-0300] GC(2559) Metaspace: 119153K->119153K(1163264K)
[2020-08-05T23:04:14.167-0300] GC(2559) Pause Young (Allocation Failure) 136M->117M(157M) 2.573ms
[2020-08-05T23:04:14.167-0300] GC(2559) User=0.00s Sys=0.00s Real=0.00s
[2020-08-05T23:04:28.352-0300] GC(2560) Pause Young (Allocation Failure)
[2020-08-05T23:04:28.355-0300] GC(2560) PSYoungGen: 21280K->304K(21504K)
[2020-08-05T23:04:28.355-0300] GC(2560) ParOldGen: 119011K->119595K(139264K)
[2020-08-05T23:04:28.355-0300] GC(2560) Metaspace: 119153K->119153K(1163264K)
[2020-08-05T23:04:28.355-0300] GC(2560) Pause Young (Allocation Failure) 137M->117M(157M) 2.629ms
[2020-08-05T23:04:28.355-0300] GC(2560) User=0.01s Sys=0.00s Real=0.01s
[2020-08-05T23:04:42.758-0300] GC(2561) Pause Young (Allocation Failure)
[2020-08-05T23:04:42.760-0300] GC(2561) PSYoungGen: 20784K->464K(21504K)
[2020-08-05T23:04:42.760-0300] GC(2561) ParOldGen: 119595K->119788K(139264K)
[2020-08-05T23:04:42.760-0300] GC(2561) Metaspace: 119153K->119153K(1163264K)
[2020-08-05T23:04:42.760-0300] GC(2561) Pause Young (Allocation Failure) 137M->117M(157M) 2.897ms
[2020-08-05T23:04:42.760-0300] GC(2561) User=0.01s Sys=0.00s Real=0.00s
[2020-08-05T23:04:54.803-0300] GC(2562) Pause Young (Allocation Failure)
[2020-08-05T23:04:54.806-0300] GC(2562) PSYoungGen: 20944K->352K(21504K)
[2020-08-05T23:04:54.806-0300] GC(2562) ParOldGen: 119788K->120132K(139264K)
[2020-08-05T23:04:54.806-0300] GC(2562) Metaspace: 119153K->119153K(1163264K)
[2020-08-05T23:04:54.806-0300] GC(2562) Pause Young (Allocation Failure) 137M->117M(157M) 2.800ms
[2020-08-05T23:04:54.806-0300] GC(2562) User=0.01s Sys=0.00s Real=0.01s
[2020-08-05T23:05:08.189-0300] GC(2563) Pause Young (Allocation Failure)
[2020-08-05T23:05:08.192-0300] GC(2563) PSYoungGen: 20832K->464K(21504K)
[2020-08-05T23:05:08.192-0300] GC(2563) ParOldGen: 120132K->120405K(139264K)
[2020-08-05T23:05:08.192-0300] GC(2563) Metaspace: 119153K->119153K(1163264K)
[2020-08-05T23:05:08.192-0300] GC(2563) Pause Young (Allocation Failure) 137M->118M(157M) 3.232ms
[2020-08-05T23:05:08.192-0300] GC(2563) User=0.00s Sys=0.00s Real=0.00s
[2020-08-05T23:05:21.102-0300] GC(2564) Pause Young (Allocation Failure)
[2020-08-05T23:05:21.105-0300] GC(2564) PSYoungGen: 20944K->464K(21504K)
[2020-08-05T23:05:21.105-0300] GC(2564) ParOldGen: 120405K->120826K(139264K)
[2020-08-05T23:05:21.105-0300] GC(2564) Metaspace: 119153K->119153K(1163264K)
[2020-08-05T23:05:21.105-0300] GC(2564) Pause Young (Allocation Failure) 138M->118M(157M) 3.590ms
[2020-08-05T23:05:21.105-0300] GC(2564) User=0.01s Sys=0.00s Real=0.01s
[2020-08-05T23:05:27.378-0300] GC(2565) Pause Young (Allocation Failure)
[2020-08-05T23:05:27.381-0300] GC(2565) PSYoungGen: 20944K->416K(21504K)
[2020-08-05T23:05:27.381-0300] GC(2565) ParOldGen: 120826K->121171K(139264K)
[2020-08-05T23:05:27.381-0300] GC(2565) Metaspace: 119153K->119153K(1163264K)
[2020-08-05T23:05:27.381-0300] GC(2565) Pause Young (Allocation Failure) 138M->118M(157M) 3.330ms
[2020-08-05T23:05:27.382-0300] GC(2565) User=0.01s Sys=0.00s Real=0.00s
[2020-08-05T23:05:28.930-0300] GC(2566) Pause Young (Allocation Failure)
[2020-08-05T23:05:28.932-0300] GC(2566) PSYoungGen: 20892K->401K(21504K)
[2020-08-05T23:05:28.932-0300] GC(2566) ParOldGen: 121171K->121436K(139264K)
[2020-08-05T23:05:28.932-0300] GC(2566) Metaspace: 119153K->119153K(1163264K)
[2020-08-05T23:05:28.932-0300] GC(2566) Pause Young (Allocation Failure) 138M->118M(157M) 2.432ms
[2020-08-05T23:05:28.932-0300] GC(2566) User=0.01s Sys=0.00s Real=0.00s
[2020-08-05T23:05:30.646-0300] GC(2567) Pause Young (Allocation Failure)
[2020-08-05T23:05:30.649-0300] GC(2567) PSYoungGen: 20878K->417K(21504K)
[2020-08-05T23:05:30.649-0300] GC(2567) ParOldGen: 121436K->121685K(139264K)
[2020-08-05T23:05:30.649-0300] GC(2567) Metaspace: 119153K->119153K(1163264K)
[2020-08-05T23:05:30.649-0300] GC(2567) Pause Young (Allocation Failure) 138M->119M(157M) 3.515ms
[2020-08-05T23:05:30.649-0300] GC(2567) User=0.00s Sys=0.00s Real=0.00s
[2020-08-05T23:05:35.810-0300] GC(2568) Pause Young (Allocation Failure)
[2020-08-05T23:05:35.813-0300] GC(2568) PSYoungGen: 20897K->320K(21504K)
[2020-08-05T23:05:35.813-0300] GC(2568) ParOldGen: 121685K->121802K(139264K)
[2020-08-05T23:05:35.813-0300] GC(2568) Metaspace: 119153K->119153K(1163264K)
[2020-08-05T23:05:35.813-0300] GC(2568) Pause Young (Allocation Failure) 139M->119M(157M) 3.279ms
[2020-08-05T23:05:35.813-0300] GC(2568) User=0.00s Sys=0.00s Real=0.00s
[2020-08-05T23:05:59.360-0300] GC(2569) Pause Young (Allocation Failure)
[2020-08-05T23:05:59.363-0300] GC(2569) PSYoungGen: 20800K->448K(21504K)
[2020-08-05T23:05:59.363-0300] GC(2569) ParOldGen: 121802K->121998K(139264K)
[2020-08-05T23:05:59.363-0300] GC(2569) Metaspace: 119153K->119153K(1163264K)
[2020-08-05T23:05:59.363-0300] GC(2569) Pause Young (Allocation Failure) 139M->119M(157M) 3.448ms
[2020-08-05T23:05:59.363-0300] GC(2569) User=0.01s Sys=0.00s Real=0.00s
[2020-08-05T23:06:20.160-0300] GC(2570) Pause Young (Allocation Failure)
[2020-08-05T23:06:20.163-0300] GC(2570) PSYoungGen: 20928K->384K(21504K)
[2020-08-05T23:06:20.163-0300] GC(2570) ParOldGen: 121998K->122350K(139264K)
[2020-08-05T23:06:20.163-0300] GC(2570) Metaspace: 119153K->119153K(1163264K)
[2020-08-05T23:06:20.163-0300] GC(2570) Pause Young (Allocation Failure) 139M->119M(157M) 3.266ms
[2020-08-05T23:06:20.164-0300] GC(2570) User=0.00s Sys=0.00s Real=0.00s
[2020-08-05T23:06:36.824-0300] GC(2571) Pause Young (Allocation Failure)
[2020-08-05T23:06:36.826-0300] GC(2571) PSYoungGen: 20864K->240K(21504K)
[2020-08-05T23:06:36.826-0300] GC(2571) ParOldGen: 122350K->122558K(139264K)
[2020-08-05T23:06:36.826-0300] GC(2571) Metaspace: 119153K->119153K(1163264K)
[2020-08-05T23:06:36.826-0300] GC(2571) Pause Young (Allocation Failure) 139M->119M(157M) 2.376ms
[2020-08-05T23:06:36.826-0300] GC(2571) User=0.01s Sys=0.00s Real=0.01s
[2020-08-05T23:06:49.853-0300] GC(2572) Pause Young (Allocation Failure)
[2020-08-05T23:06:49.855-0300] GC(2572) PSYoungGen: 20720K->391K(21504K)
[2020-08-05T23:06:49.855-0300] GC(2572) ParOldGen: 122558K->122694K(139264K)
[2020-08-05T23:06:49.855-0300] GC(2572) Metaspace: 119153K->119153K(1163264K)
[2020-08-05T23:06:49.855-0300] GC(2572) Pause Young (Allocation Failure) 139M->120M(157M) 2.305ms
[2020-08-05T23:06:49.855-0300] GC(2572) User=0.00s Sys=0.00s Real=0.01s
[2020-08-05T23:07:03.267-0300] GC(2573) Pause Young (Allocation Failure)
[2020-08-05T23:07:03.270-0300] GC(2573) PSYoungGen: 20871K->240K(21504K)
[2020-08-05T23:07:03.270-0300] GC(2573) ParOldGen: 122694K->122883K(139264K)
[2020-08-05T23:07:03.270-0300] GC(2573) Metaspace: 119153K->119153K(1163264K)
[2020-08-05T23:07:03.270-0300] GC(2573) Pause Young (Allocation Failure) 140M->120M(157M) 2.755ms
[2020-08-05T23:07:03.270-0300] GC(2573) User=0.01s Sys=0.00s Real=0.00s
[2020-08-05T23:07:15.736-0300] GC(2574) Pause Young (Allocation Failure)
[2020-08-05T23:07:15.739-0300] GC(2574) PSYoungGen: 20720K->320K(21504K)
[2020-08-05T23:07:15.739-0300] GC(2574) ParOldGen: 122883K->123032K(139264K)
[2020-08-05T23:07:15.739-0300] GC(2574) Metaspace: 119153K->119153K(1163264K)
[2020-08-05T23:07:15.739-0300] GC(2574) Pause Young (Allocation Failure) 140M->120M(157M) 3.377ms
[2020-08-05T23:07:15.739-0300] GC(2574) User=0.00s Sys=0.00s Real=0.00s
[2020-08-05T23:07:29.158-0300] GC(2575) Pause Young (Allocation Failure)
[2020-08-05T23:07:29.161-0300] GC(2575) PSYoungGen: 20800K->416K(21504K)
[2020-08-05T23:07:29.161-0300] GC(2575) ParOldGen: 123032K->123229K(139264K)
[2020-08-05T23:07:29.161-0300] GC(2575) Metaspace: 119153K->119153K(1163264K)
[2020-08-05T23:07:29.161-0300] GC(2575) Pause Young (Allocation Failure) 140M->120M(157M) 3.316ms
[2020-08-05T23:07:29.161-0300] GC(2575) User=0.01s Sys=0.00s Real=0.00s
[2020-08-05T23:07:40.796-0300] GC(2576) Pause Young (Allocation Failure)
[2020-08-05T23:07:40.799-0300] GC(2576) PSYoungGen: 20896K->272K(21504K)
[2020-08-05T23:07:40.799-0300] GC(2576) ParOldGen: 123229K->123386K(139264K)
[2020-08-05T23:07:40.799-0300] GC(2576) Metaspace: 119153K->119153K(1163264K)
[2020-08-05T23:07:40.799-0300] GC(2576) Pause Young (Allocation Failure) 140M->120M(157M) 2.947ms
[2020-08-05T23:07:40.799-0300] GC(2576) User=0.01s Sys=0.00s Real=0.00s
[2020-08-05T23:07:54.846-0300] GC(2577) Pause Young (Allocation Failure)
[2020-08-05T23:07:54.849-0300] GC(2577) PSYoungGen: 20752K->336K(21504K)
[2020-08-05T23:07:54.849-0300] GC(2577) ParOldGen: 123386K->123530K(139264K)
[2020-08-05T23:07:54.849-0300] GC(2577) Metaspace: 119153K->119153K(1163264K)
[2020-08-05T23:07:54.849-0300] GC(2577) Pause Young (Allocation Failure) 140M->120M(157M) 2.806ms
[2020-08-05T23:07:54.849-0300] GC(2577) User=0.00s Sys=0.00s Real=0.00s
[2020-08-05T23:08:07.220-0300] GC(2578) Pause Young (Allocation Failure)
[2020-08-05T23:08:07.224-0300] GC(2578) PSYoungGen: 20816K->288K(21504K)
[2020-08-05T23:08:07.224-0300] GC(2578) ParOldGen: 123530K->123723K(139264K)
[2020-08-05T23:08:07.224-0300] GC(2578) Metaspace: 119153K->119153K(1163264K)
[2020-08-05T23:08:07.224-0300] GC(2578) Pause Young (Allocation Failure) 140M->121M(157M) 3.564ms
[2020-08-05T23:08:07.224-0300] GC(2578) User=0.01s Sys=0.00s Real=0.00s
[2020-08-05T23:08:08.909-0300] GC(2579) Pause Young (Allocation Failure)
[2020-08-05T23:08:08.912-0300] GC(2579) PSYoungGen: 20768K->384K(21504K)
[2020-08-05T23:08:08.912-0300] GC(2579) ParOldGen: 123723K->123880K(139264K)
[2020-08-05T23:08:08.912-0300] GC(2579) Metaspace: 119153K->119153K(1163264K)
[2020-08-05T23:08:08.912-0300] GC(2579) Pause Young (Allocation Failure) 141M->121M(157M) 2.793ms
[2020-08-05T23:08:08.912-0300] GC(2579) User=0.01s Sys=0.00s Real=0.00s
[2020-08-05T23:08:19.158-0300] GC(2580) Pause Young (Allocation Failure)
[2020-08-05T23:08:19.161-0300] GC(2580) PSYoungGen: 20864K->320K(21504K)
[2020-08-05T23:08:19.161-0300] GC(2580) ParOldGen: 123880K->123964K(139264K)
[2020-08-05T23:08:19.161-0300] GC(2580) Metaspace: 119153K->119153K(1163264K)
[2020-08-05T23:08:19.161-0300] GC(2580) Pause Young (Allocation Failure) 141M->121M(157M) 2.520ms
[2020-08-05T23:08:19.161-0300] GC(2580) User=0.01s Sys=0.00s Real=0.00s
[2020-08-05T23:08:40.470-0300] GC(2581) Pause Young (Allocation Failure)
[2020-08-05T23:08:40.473-0300] GC(2581) PSYoungGen: 20799K->704K(21504K)
[2020-08-05T23:08:40.473-0300] GC(2581) ParOldGen: 123964K->124096K(139264K)
[2020-08-05T23:08:40.473-0300] GC(2581) Metaspace: 119153K->119153K(1163264K)
[2020-08-05T23:08:40.473-0300] GC(2581) Pause Young (Allocation Failure) 141M->121M(157M) 3.171ms
[2020-08-05T23:08:40.474-0300] GC(2581) User=0.01s Sys=0.00s Real=0.00s
[2020-08-05T23:09:04.157-0300] GC(2582) Pause Young (Allocation Failure)
[2020-08-05T23:09:04.160-0300] GC(2582) PSYoungGen: 21184K->800K(21504K)
[2020-08-05T23:09:04.160-0300] GC(2582) ParOldGen: 124096K->124672K(139264K)
[2020-08-05T23:09:04.160-0300] GC(2582) Metaspace: 119153K->119153K(1163264K)
[2020-08-05T23:09:04.160-0300] GC(2582) Pause Young (Allocation Failure) 141M->122M(157M) 2.920ms
[2020-08-05T23:09:04.160-0300] GC(2582) User=0.00s Sys=0.01s Real=0.00s
[2020-08-05T23:09:18.077-0300] GC(2583) Pause Young (Allocation Failure)
[2020-08-05T23:09:18.082-0300] GC(2583) PSYoungGen: 21280K->352K(21504K)
[2020-08-05T23:09:18.082-0300] GC(2583) ParOldGen: 124672K->125233K(139264K)
[2020-08-05T23:09:18.082-0300] GC(2583) Metaspace: 119153K->119153K(1163264K)
[2020-08-05T23:09:18.082-0300] GC(2583) Pause Young (Allocation Failure) 142M->122M(157M) 4.559ms
[2020-08-05T23:09:18.082-0300] GC(2583) User=0.00s Sys=0.00s Real=0.00s
[2020-08-05T23:09:39.849-0300] GC(2584) Pause Young (Allocation Failure)
[2020-08-05T23:09:39.852-0300] GC(2584) PSYoungGen: 20825K->406K(21504K)
[2020-08-05T23:09:39.852-0300] GC(2584) ParOldGen: 125233K->125537K(139264K)
[2020-08-05T23:09:39.852-0300] GC(2584) Metaspace: 119156K->119156K(1163264K)
[2020-08-05T23:09:39.852-0300] GC(2584) Pause Young (Allocation Failure) 142M->122M(157M) 3.100ms
[2020-08-05T23:09:39.852-0300] GC(2584) User=0.00s Sys=0.01s Real=0.00s
[2020-08-05T23:10:04.011-0300] GC(2585) Pause Young (Allocation Failure)
[2020-08-05T23:10:04.014-0300] GC(2585) PSYoungGen: 20886K->416K(21504K)
[2020-08-05T23:10:04.014-0300] GC(2585) ParOldGen: 125537K->125785K(139264K)
[2020-08-05T23:10:04.014-0300] GC(2585) Metaspace: 119156K->119156K(1163264K)
[2020-08-05T23:10:04.014-0300] GC(2585) Pause Young (Allocation Failure) 142M->123M(157M) 2.820ms
[2020-08-05T23:10:04.014-0300] GC(2585) User=0.00s Sys=0.01s Real=0.00s
[2020-08-05T23:10:17.768-0300] GC(2586) Pause Young (Allocation Failure)
[2020-08-05T23:10:17.770-0300] GC(2586) PSYoungGen: 20896K->496K(21504K)
[2020-08-05T23:10:17.770-0300] GC(2586) ParOldGen: 125785K->126089K(139264K)
[2020-08-05T23:10:17.770-0300] GC(2586) Metaspace: 119156K->119156K(1163264K)
[2020-08-05T23:10:17.770-0300] GC(2586) Pause Young (Allocation Failure) 143M->123M(157M) 2.527ms
[2020-08-05T23:10:17.770-0300] GC(2586) User=0.01s Sys=0.00s Real=0.00s
[2020-08-05T23:10:31.123-0300] GC(2587) Pause Young (Allocation Failure)
[2020-08-05T23:10:31.126-0300] GC(2587) PSYoungGen: 20976K->400K(21504K)
[2020-08-05T23:10:31.126-0300] GC(2587) ParOldGen: 126089K->126493K(139264K)
[2020-08-05T23:10:31.126-0300] GC(2587) Metaspace: 119156K->119156K(1163264K)
[2020-08-05T23:10:31.126-0300] GC(2587) Pause Young (Allocation Failure) 143M->123M(157M) 2.896ms
[2020-08-05T23:10:31.126-0300] GC(2587) User=0.00s Sys=0.00s Real=0.01s
[2020-08-05T23:10:42.041-0300] GC(2588) Pause Young (Allocation Failure)
[2020-08-05T23:10:42.043-0300] GC(2588) PSYoungGen: 20880K->401K(21504K)
[2020-08-05T23:10:42.043-0300] GC(2588) ParOldGen: 126493K->126810K(139264K)
[2020-08-05T23:10:42.043-0300] GC(2588) Metaspace: 119156K->119156K(1163264K)
[2020-08-05T23:10:42.043-0300] GC(2588) Pause Young (Allocation Failure) 143M->124M(157M) 2.673ms
[2020-08-05T23:10:42.043-0300] GC(2588) User=0.01s Sys=0.00s Real=0.00s
[2020-08-05T23:10:43.668-0300] GC(2589) Pause Young (Allocation Failure)
[2020-08-05T23:10:43.672-0300] GC(2589) PSYoungGen: 20881K->432K(21504K)
[2020-08-05T23:10:43.672-0300] GC(2589) ParOldGen: 126810K->127119K(139264K)
[2020-08-05T23:10:43.672-0300] GC(2589) Metaspace: 119156K->119156K(1163264K)
[2020-08-05T23:10:43.672-0300] GC(2589) Pause Young (Allocation Failure) 144M->124M(157M) 3.542ms
[2020-08-05T23:10:43.672-0300] GC(2589) User=0.01s Sys=0.00s Real=0.00s
[2020-08-05T23:10:45.112-0300] GC(2590) Pause Young (Allocation Failure)
[2020-08-05T23:10:45.115-0300] GC(2590) PSYoungGen: 20912K->288K(21504K)
[2020-08-05T23:10:45.115-0300] GC(2590) ParOldGen: 127119K->127432K(139264K)
[2020-08-05T23:10:45.115-0300] GC(2590) Metaspace: 119156K->119156K(1163264K)
[2020-08-05T23:10:45.115-0300] GC(2590) Pause Young (Allocation Failure) 144M->124M(157M) 3.013ms
[2020-08-05T23:10:45.115-0300] GC(2590) User=0.01s Sys=0.00s Real=0.01s
[2020-08-05T23:10:46.975-0300] GC(2591) Pause Young (Allocation Failure)
[2020-08-05T23:10:46.978-0300] GC(2591) PSYoungGen: 20768K->369K(21504K)
[2020-08-05T23:10:46.978-0300] GC(2591) ParOldGen: 127432K->127642K(139264K)
[2020-08-05T23:10:46.978-0300] GC(2591) Metaspace: 119156K->119156K(1163264K)
[2020-08-05T23:10:46.978-0300] GC(2591) Pause Young (Allocation Failure) 144M->125M(157M) 3.442ms
[2020-08-05T23:10:46.978-0300] GC(2591) User=0.01s Sys=0.00s Real=0.00s
[2020-08-05T23:10:48.411-0300] GC(2592) Pause Young (Allocation Failure)
[2020-08-05T23:10:48.414-0300] GC(2592) PSYoungGen: 20849K->320K(21504K)
[2020-08-05T23:10:48.414-0300] GC(2592) ParOldGen: 127642K->127895K(139264K)
[2020-08-05T23:10:48.414-0300] GC(2592) Metaspace: 119156K->119156K(1163264K)
[2020-08-05T23:10:48.414-0300] GC(2592) Pause Young (Allocation Failure) 145M->125M(157M) 2.678ms
[2020-08-05T23:10:48.414-0300] GC(2592) User=0.01s Sys=0.00s Real=0.01s
[2020-08-05T23:10:51.122-0300] GC(2593) Pause Young (Allocation Failure)
[2020-08-05T23:10:51.125-0300] GC(2593) PSYoungGen: 20800K->352K(21504K)
[2020-08-05T23:10:51.125-0300] GC(2593) ParOldGen: 127895K->128043K(139264K)
[2020-08-05T23:10:51.125-0300] GC(2593) Metaspace: 119156K->119156K(1163264K)
[2020-08-05T23:10:51.125-0300] GC(2593) Pause Young (Allocation Failure) 145M->125M(157M) 3.117ms
[2020-08-05T23:10:51.125-0300] GC(2593) User=0.00s Sys=0.00s Real=0.01s
[2020-08-05T23:11:14.155-0300] GC(2594) Pause Young (Allocation Failure)
[2020-08-05T23:11:14.158-0300] GC(2594) PSYoungGen: 20832K->416K(21504K)
[2020-08-05T23:11:14.158-0300] GC(2594) ParOldGen: 128043K->128228K(139264K)
[2020-08-05T23:11:14.158-0300] GC(2594) Metaspace: 119156K->119156K(1163264K)
[2020-08-05T23:11:14.158-0300] GC(2594) Pause Young (Allocation Failure) 145M->125M(157M) 3.763ms
[2020-08-05T23:11:14.158-0300] GC(2594) User=0.01s Sys=0.00s Real=0.00s
[2020-08-05T23:11:35.165-0300] GC(2595) Pause Young (Allocation Failure)
[2020-08-05T23:11:35.168-0300] GC(2595) PSYoungGen: 20896K->256K(21504K)
[2020-08-05T23:11:35.168-0300] GC(2595) ParOldGen: 128228K->128452K(139264K)
[2020-08-05T23:11:35.168-0300] GC(2595) Metaspace: 119156K->119156K(1163264K)
[2020-08-05T23:11:35.168-0300] GC(2595) Pause Young (Allocation Failure) 145M->125M(157M) 2.916ms
[2020-08-05T23:11:35.168-0300] GC(2595) User=0.00s Sys=0.00s Real=0.00s
[2020-08-05T23:11:50.165-0300] GC(2596) Pause Young (Allocation Failure)
[2020-08-05T23:11:50.167-0300] GC(2596) PSYoungGen: 20736K->208K(21504K)
[2020-08-05T23:11:50.167-0300] GC(2596) ParOldGen: 128452K->128580K(139264K)
[2020-08-05T23:11:50.167-0300] GC(2596) Metaspace: 119156K->119156K(1163264K)
[2020-08-05T23:11:50.167-0300] GC(2596) Pause Young (Allocation Failure) 145M->125M(157M) 2.485ms
[2020-08-05T23:11:50.167-0300] GC(2596) User=0.01s Sys=0.00s Real=0.00s
[2020-08-05T23:12:14.153-0300] GC(2597) Pause Young (Allocation Failure)
[2020-08-05T23:12:14.155-0300] GC(2597) PSYoungGen: 20688K->288K(21504K)
[2020-08-05T23:12:14.155-0300] GC(2597) ParOldGen: 128580K->128648K(139264K)
[2020-08-05T23:12:14.155-0300] GC(2597) Metaspace: 119156K->119156K(1163264K)
[2020-08-05T23:12:14.155-0300] GC(2597) Pause Young (Allocation Failure) 145M->125M(157M) 2.362ms
[2020-08-05T23:12:14.155-0300] GC(2597) User=0.01s Sys=0.00s Real=0.01s
[2020-08-05T23:12:33.208-0300] GC(2598) Pause Young (Allocation Failure)
[2020-08-05T23:12:33.212-0300] GC(2598) PSYoungGen: 20768K->480K(21504K)
[2020-08-05T23:12:33.212-0300] GC(2598) ParOldGen: 128648K->128704K(139264K)
[2020-08-05T23:12:33.212-0300] GC(2598) Metaspace: 119156K->119156K(1163264K)
[2020-08-05T23:12:33.212-0300] GC(2598) Pause Young (Allocation Failure) 145M->126M(157M) 4.090ms
[2020-08-05T23:12:33.212-0300] GC(2598) User=0.00s Sys=0.00s Real=0.00s
[2020-08-05T23:12:51.522-0300] GC(2599) Pause Young (Allocation Failure)
[2020-08-05T23:12:51.525-0300] GC(2599) PSYoungGen: 20960K->208K(21504K)
[2020-08-05T23:12:51.525-0300] GC(2599) ParOldGen: 128704K->128911K(139264K)
[2020-08-05T23:12:51.525-0300] GC(2599) Metaspace: 119156K->119156K(1163264K)
[2020-08-05T23:12:51.525-0300] GC(2599) Pause Young (Allocation Failure) 146M->126M(157M) 2.636ms
[2020-08-05T23:12:51.525-0300] GC(2599) User=0.01s Sys=0.01s Real=0.01s
[2020-08-05T23:13:06.088-0300] GC(2600) Pause Young (Allocation Failure)
[2020-08-05T23:13:06.091-0300] GC(2600) PSYoungGen: 20688K->256K(21504K)
[2020-08-05T23:13:06.091-0300] GC(2600) ParOldGen: 128911K->129000K(139264K)
[2020-08-05T23:13:06.091-0300] GC(2600) Metaspace: 119156K->119156K(1163264K)
[2020-08-05T23:13:06.091-0300] GC(2600) Pause Young (Allocation Failure) 146M->126M(157M) 3.109ms
[2020-08-05T23:13:06.091-0300] GC(2600) User=0.00s Sys=0.00s Real=0.00s
[2020-08-05T23:13:18.151-0300] GC(2601) Pause Young (Allocation Failure)
[2020-08-05T23:13:18.155-0300] GC(2601) PSYoungGen: 20736K->384K(21504K)
[2020-08-05T23:13:18.155-0300] GC(2601) ParOldGen: 129000K->129144K(139264K)
[2020-08-05T23:13:18.155-0300] GC(2601) Metaspace: 119156K->119156K(1163264K)
[2020-08-05T23:13:18.155-0300] GC(2601) Pause Young (Allocation Failure) 146M->126M(157M) 4.266ms
[2020-08-05T23:13:18.156-0300] GC(2601) User=0.00s Sys=0.00s Real=0.01s
[2020-08-05T23:13:23.242-0300] GC(2602) Pause Young (Allocation Failure)
[2020-08-05T23:13:23.245-0300] GC(2602) PSYoungGen: 20864K->448K(21504K)
[2020-08-05T23:13:23.245-0300] GC(2602) ParOldGen: 129144K->129370K(139264K)
[2020-08-05T23:13:23.245-0300] GC(2602) Metaspace: 119156K->119156K(1163264K)
[2020-08-05T23:13:23.245-0300] GC(2602) Pause Young (Allocation Failure) 146M->126M(157M) 2.930ms
[2020-08-05T23:13:23.245-0300] GC(2602) User=0.01s Sys=0.00s Real=0.01s
[2020-08-05T23:13:24.879-0300] GC(2603) Pause Young (Allocation Failure)
[2020-08-05T23:13:24.882-0300] GC(2603) PSYoungGen: 20928K->369K(21504K)
[2020-08-05T23:13:24.882-0300] GC(2603) ParOldGen: 129370K->129662K(139264K)
[2020-08-05T23:13:24.882-0300] GC(2603) Metaspace: 119156K->119156K(1163264K)
[2020-08-05T23:13:24.882-0300] GC(2603) Pause Young (Allocation Failure) 146M->126M(157M) 3.357ms
[2020-08-05T23:13:24.882-0300] GC(2603) User=0.01s Sys=0.00s Real=0.00s
[2020-08-05T23:13:26.373-0300] GC(2604) Pause Young (Allocation Failure)
[2020-08-05T23:13:26.376-0300] GC(2604) PSYoungGen: 20849K->352K(21504K)
[2020-08-05T23:13:26.376-0300] GC(2604) ParOldGen: 129662K->129932K(139264K)
[2020-08-05T23:13:26.376-0300] GC(2604) Metaspace: 119156K->119156K(1163264K)
[2020-08-05T23:13:26.376-0300] GC(2604) Pause Young (Allocation Failure) 146M->127M(157M) 3.229ms
[2020-08-05T23:13:26.376-0300] GC(2604) User=0.01s Sys=0.00s Real=0.01s
[2020-08-05T23:13:28.262-0300] GC(2605) Pause Young (Allocation Failure)
[2020-08-05T23:13:28.265-0300] GC(2605) PSYoungGen: 20832K->401K(21504K)
[2020-08-05T23:13:28.265-0300] GC(2605) ParOldGen: 129932K->130209K(139264K)
[2020-08-05T23:13:28.265-0300] GC(2605) Metaspace: 119156K->119156K(1163264K)
[2020-08-05T23:13:28.265-0300] GC(2605) Pause Young (Allocation Failure) 147M->127M(157M) 2.911ms
[2020-08-05T23:13:28.265-0300] GC(2605) User=0.01s Sys=0.00s Real=0.01s
[2020-08-05T23:13:29.482-0300] GC(2606) Pause Young (Allocation Failure)
[2020-08-05T23:13:29.484-0300] GC(2606) PSYoungGen: 20881K->384K(21504K)
[2020-08-05T23:13:29.485-0300] GC(2606) ParOldGen: 130209K->130482K(139264K)
[2020-08-05T23:13:29.485-0300] GC(2606) Metaspace: 119156K->119156K(1163264K)
[2020-08-05T23:13:29.485-0300] GC(2606) Pause Young (Allocation Failure) 147M->127M(157M) 2.525ms
[2020-08-05T23:13:29.485-0300] GC(2606) User=0.01s Sys=0.00s Real=0.01s
[2020-08-05T23:13:44.845-0300] GC(2607) Pause Young (Allocation Failure)
[2020-08-05T23:13:44.848-0300] GC(2607) PSYoungGen: 20864K->544K(21504K)
[2020-08-05T23:13:44.848-0300] GC(2607) ParOldGen: 130482K->130622K(139264K)
[2020-08-05T23:13:44.848-0300] GC(2607) Metaspace: 119156K->119156K(1163264K)
[2020-08-05T23:13:44.848-0300] GC(2607) Pause Young (Allocation Failure) 147M->128M(157M) 2.776ms
[2020-08-05T23:13:44.848-0300] GC(2607) User=0.00s Sys=0.00s Real=0.00s
[2020-08-05T23:14:05.823-0300] GC(2608) Pause Young (Allocation Failure)
[2020-08-05T23:14:05.826-0300] GC(2608) PSYoungGen: 21024K->672K(21504K)
[2020-08-05T23:14:05.826-0300] GC(2608) ParOldGen: 130622K->131034K(139264K)
[2020-08-05T23:14:05.826-0300] GC(2608) Metaspace: 119156K->119156K(1163264K)
[2020-08-05T23:14:05.826-0300] GC(2608) Pause Young (Allocation Failure) 148M->128M(157M) 3.240ms
[2020-08-05T23:14:05.827-0300] GC(2608) User=0.01s Sys=0.00s Real=0.01s
[2020-08-05T23:14:29.150-0300] GC(2609) Pause Young (Allocation Failure)
[2020-08-05T23:14:29.152-0300] GC(2609) PSYoungGen: 21152K->480K(21504K)
[2020-08-05T23:14:29.152-0300] GC(2609) ParOldGen: 131034K->131587K(139264K)
[2020-08-05T23:14:29.152-0300] GC(2609) Metaspace: 119156K->119156K(1163264K)
[2020-08-05T23:14:29.152-0300] GC(2609) Pause Young (Allocation Failure) 148M->128M(157M) 2.699ms
[2020-08-05T23:14:29.152-0300] GC(2609) User=0.00s Sys=0.00s Real=0.00s
[2020-08-05T23:14:40.528-0300] GC(2610) Pause Young (Allocation Failure)
[2020-08-05T23:14:40.531-0300] GC(2610) PSYoungGen: 20960K->400K(21504K)
[2020-08-05T23:14:40.531-0300] GC(2610) ParOldGen: 131587K->131851K(139264K)
[2020-08-05T23:14:40.531-0300] GC(2610) Metaspace: 119156K->119156K(1163264K)
[2020-08-05T23:14:40.531-0300] GC(2610) Pause Young (Allocation Failure) 148M->129M(157M) 3.241ms
[2020-08-05T23:14:40.531-0300] GC(2610) User=0.00s Sys=0.00s Real=0.00s
[2020-08-05T23:14:54.350-0300] GC(2611) Pause Young (Allocation Failure)
[2020-08-05T23:14:54.352-0300] GC(2611) PSYoungGen: 20880K->384K(21504K)
[2020-08-05T23:14:54.352-0300] GC(2611) ParOldGen: 131851K->132151K(139264K)
[2020-08-05T23:14:54.352-0300] GC(2611) Metaspace: 119156K->119156K(1163264K)
[2020-08-05T23:14:54.352-0300] GC(2611) Pause Young (Allocation Failure) 149M->129M(157M) 2.832ms
[2020-08-05T23:14:54.352-0300] GC(2611) User=0.00s Sys=0.00s Real=0.00s
[2020-08-05T23:15:07.116-0300] GC(2612) Pause Young (Allocation Failure)
[2020-08-05T23:15:07.121-0300] GC(2612) PSYoungGen: 20864K->544K(21504K)
[2020-08-05T23:15:07.121-0300] GC(2612) ParOldGen: 132151K->132424K(139264K)
[2020-08-05T23:15:07.121-0300] GC(2612) Metaspace: 119156K->119156K(1163264K)
[2020-08-05T23:15:07.121-0300] GC(2612) Pause Young (Allocation Failure) 149M->129M(157M) 4.590ms
[2020-08-05T23:15:07.121-0300] GC(2612) User=0.00s Sys=0.00s Real=0.00s
[2020-08-05T23:15:19.329-0300] GC(2613) Pause Young (Allocation Failure)
[2020-08-05T23:15:19.332-0300] GC(2613) PSYoungGen: 21024K->448K(21504K)
[2020-08-05T23:15:19.332-0300] GC(2613) ParOldGen: 132424K->132857K(139264K)
[2020-08-05T23:15:19.332-0300] GC(2613) Metaspace: 119156K->119156K(1163264K)
[2020-08-05T23:15:19.332-0300] GC(2613) Pause Young (Allocation Failure) 149M->130M(157M) 2.913ms
[2020-08-05T23:15:19.332-0300] GC(2613) User=0.00s Sys=0.00s Real=0.00s
[2020-08-05T23:15:33.461-0300] GC(2614) Pause Young (Allocation Failure)
[2020-08-05T23:15:33.464-0300] GC(2614) PSYoungGen: 20928K->496K(21504K)
[2020-08-05T23:15:33.464-0300] GC(2614) ParOldGen: 132857K->133182K(139264K)
[2020-08-05T23:15:33.464-0300] GC(2614) Metaspace: 119156K->119156K(1163264K)
[2020-08-05T23:15:33.464-0300] GC(2614) Pause Young (Allocation Failure) 150M->130M(157M) 3.152ms
[2020-08-05T23:15:33.464-0300] GC(2614) User=0.01s Sys=0.00s Real=0.01s
[2020-08-05T23:15:44.167-0300] GC(2615) Pause Young (Allocation Failure)
[2020-08-05T23:15:44.170-0300] GC(2615) PSYoungGen: 20976K->672K(21504K)
[2020-08-05T23:15:44.170-0300] GC(2615) ParOldGen: 133182K->133559K(139264K)
[2020-08-05T23:15:44.170-0300] GC(2615) Metaspace: 119158K->119158K(1163264K)
[2020-08-05T23:15:44.170-0300] GC(2615) Pause Young (Allocation Failure) 150M->131M(157M) 2.766ms
[2020-08-05T23:15:44.170-0300] GC(2615) User=0.00s Sys=0.00s Real=0.00s
[2020-08-05T23:15:58.280-0300] GC(2616) Pause Young (Allocation Failure)
[2020-08-05T23:15:58.283-0300] GC(2616) PSYoungGen: 21152K->416K(21504K)
[2020-08-05T23:15:58.283-0300] GC(2616) ParOldGen: 133559K->134020K(139264K)
[2020-08-05T23:15:58.283-0300] GC(2616) Metaspace: 119158K->119158K(1163264K)
[2020-08-05T23:15:58.283-0300] GC(2616) Pause Young (Allocation Failure) 151M->131M(157M) 2.728ms
[2020-08-05T23:15:58.283-0300] GC(2616) User=0.01s Sys=0.00s Real=0.00s
[2020-08-05T23:16:10.477-0300] GC(2617) Pause Young (Allocation Failure)
[2020-08-05T23:16:10.480-0300] GC(2617) PSYoungGen: 20896K->384K(21504K)
[2020-08-05T23:16:10.480-0300] GC(2617) ParOldGen: 134020K->134333K(139264K)
[2020-08-05T23:16:10.480-0300] GC(2617) Metaspace: 119158K->119158K(1163264K)
[2020-08-05T23:16:10.480-0300] GC(2617) Pause Young (Allocation Failure) 151M->131M(157M) 3.193ms
[2020-08-05T23:16:10.480-0300] GC(2617) User=0.00s Sys=0.01s Real=0.00s
[2020-08-05T23:16:21.239-0300] GC(2618) Pause Young (Allocation Failure)
[2020-08-05T23:16:21.242-0300] GC(2618) PSYoungGen: 20864K->369K(21504K)
[2020-08-05T23:16:21.242-0300] GC(2618) ParOldGen: 134333K->134605K(139264K)
[2020-08-05T23:16:21.242-0300] GC(2618) Metaspace: 119158K->119158K(1163264K)
[2020-08-05T23:16:21.242-0300] GC(2618) Pause Young (Allocation Failure) 151M->131M(157M) 2.842ms
[2020-08-05T23:16:21.242-0300] GC(2618) User=0.00s Sys=0.00s Real=0.00s
[2020-08-05T23:16:31.790-0300] GC(2619) Pause Young (Allocation Failure)
[2020-08-05T23:16:31.793-0300] GC(2619) PSYoungGen: 20849K->288K(21504K)
[2020-08-05T23:16:31.793-0300] GC(2619) ParOldGen: 134605K->134854K(139264K)
[2020-08-05T23:16:31.793-0300] GC(2619) Metaspace: 119158K->119158K(1163264K)
[2020-08-05T23:16:31.793-0300] GC(2619) Pause Young (Allocation Failure) 151M->131M(157M) 3.270ms
[2020-08-05T23:16:31.793-0300] GC(2619) User=0.00s Sys=0.00s Real=0.00s
[2020-08-05T23:16:38.081-0300] GC(2620) Pause Young (Allocation Failure)
[2020-08-05T23:16:38.083-0300] GC(2620) PSYoungGen: 20768K->304K(21504K)
[2020-08-05T23:16:38.083-0300] GC(2620) ParOldGen: 134854K->135027K(139264K)
[2020-08-05T23:16:38.083-0300] GC(2620) Metaspace: 119158K->119158K(1163264K)
[2020-08-05T23:16:38.084-0300] GC(2620) Pause Young (Allocation Failure) 151M->132M(157M) 2.870ms
[2020-08-05T23:16:38.084-0300] GC(2620) User=0.00s Sys=0.00s Real=0.00s
[2020-08-05T23:16:39.846-0300] GC(2621) Pause Young (Allocation Failure)
[2020-08-05T23:16:39.849-0300] GC(2621) PSYoungGen: 20784K->385K(21504K)
[2020-08-05T23:16:39.849-0300] GC(2621) ParOldGen: 135027K->135224K(139264K)
[2020-08-05T23:16:39.849-0300] GC(2621) Metaspace: 119158K->119158K(1163264K)
[2020-08-05T23:16:39.849-0300] GC(2621) Pause Young (Allocation Failure) 152M->132M(157M) 2.984ms
[2020-08-05T23:16:39.849-0300] GC(2621) User=0.00s Sys=0.00s Real=0.00s
[2020-08-05T23:16:41.358-0300] GC(2622) Pause Young (Allocation Failure)
[2020-08-05T23:16:41.361-0300] GC(2622) PSYoungGen: 20865K->320K(21504K)
[2020-08-05T23:16:41.361-0300] GC(2622) ParOldGen: 135224K->135458K(139264K)
[2020-08-05T23:16:41.361-0300] GC(2622) Metaspace: 119158K->119158K(1163264K)
[2020-08-05T23:16:41.361-0300] GC(2622) Pause Young (Allocation Failure) 152M->132M(157M) 3.060ms
[2020-08-05T23:16:41.361-0300] GC(2622) User=0.01s Sys=0.00s Real=0.00s
[2020-08-05T23:16:42.916-0300] GC(2623) Pause Young (Allocation Failure)
[2020-08-05T23:16:42.918-0300] GC(2623) PSYoungGen: 20800K->369K(21504K)
[2020-08-05T23:16:42.918-0300] GC(2623) ParOldGen: 135458K->135695K(139264K)
[2020-08-05T23:16:42.918-0300] GC(2623) Metaspace: 119158K->119158K(1163264K)
[2020-08-05T23:16:42.918-0300] GC(2623) Pause Young (Allocation Failure) 152M->132M(157M) 2.793ms
[2020-08-05T23:16:42.918-0300] GC(2623) User=0.01s Sys=0.00s Real=0.00s
[2020-08-05T23:16:44.689-0300] GC(2624) Pause Young (Allocation Failure)
[2020-08-05T23:16:44.692-0300] GC(2624) PSYoungGen: 20849K->337K(21504K)
[2020-08-05T23:16:44.692-0300] GC(2624) ParOldGen: 135695K->135904K(139264K)
[2020-08-05T23:16:44.692-0300] GC(2624) Metaspace: 119158K->119158K(1163264K)
[2020-08-05T23:16:44.692-0300] GC(2624) Pause Young (Allocation Failure) 152M->133M(157M) 2.983ms
[2020-08-05T23:16:44.692-0300] GC(2624) User=0.01s Sys=0.00s Real=0.00s
[2020-08-05T23:16:45.898-0300] GC(2625) Pause Young (Allocation Failure)
[2020-08-05T23:16:45.901-0300] GC(2625) PSYoungGen: 20817K->320K(21504K)
[2020-08-05T23:16:45.901-0300] GC(2625) ParOldGen: 135904K->136141K(139264K)
[2020-08-05T23:16:45.901-0300] GC(2625) Metaspace: 119158K->119158K(1163264K)
[2020-08-05T23:16:45.901-0300] GC(2625) Pause Young (Allocation Failure) 153M->133M(157M) 3.430ms
[2020-08-05T23:16:45.901-0300] GC(2625) User=0.01s Sys=0.00s Real=0.00s
[2020-08-05T23:17:01.178-0300] GC(2626) Pause Young (Allocation Failure)
[2020-08-05T23:17:01.180-0300] GC(2626) PSYoungGen: 20800K->256K(21504K)
[2020-08-05T23:17:01.180-0300] GC(2626) ParOldGen: 136141K->136201K(139264K)
[2020-08-05T23:17:01.180-0300] GC(2626) Metaspace: 119158K->119158K(1163264K)
[2020-08-05T23:17:01.180-0300] GC(2626) Pause Young (Allocation Failure) 153M->133M(157M) 2.859ms
[2020-08-05T23:17:01.180-0300] GC(2626) User=0.00s Sys=0.00s Real=0.00s
[2020-08-05T23:17:21.175-0300] GC(2627) Pause Young (Allocation Failure)
[2020-08-05T23:17:21.179-0300] GC(2627) PSYoungGen: 20736K->416K(21504K)
[2020-08-05T23:17:21.179-0300] GC(2627) ParOldGen: 136201K->136245K(139264K)
[2020-08-05T23:17:21.179-0300] GC(2627) Metaspace: 119162K->119162K(1163264K)
[2020-08-05T23:17:21.179-0300] GC(2627) Pause Young (Allocation Failure) 153M->133M(157M) 3.519ms
[2020-08-05T23:17:21.179-0300] GC(2627) User=0.00s Sys=0.00s Real=0.00s
[2020-08-05T23:17:44.846-0300] GC(2628) Pause Young (Allocation Failure)
[2020-08-05T23:17:44.849-0300] GC(2628) PSYoungGen: 20896K->160K(21504K)
[2020-08-05T23:17:44.849-0300] GC(2628) ParOldGen: 136245K->136293K(139264K)
[2020-08-05T23:17:44.849-0300] GC(2628) Metaspace: 119162K->119162K(1163264K)
[2020-08-05T23:17:44.849-0300] GC(2628) Pause Young (Allocation Failure) 153M->133M(157M) 2.430ms
[2020-08-05T23:17:44.849-0300] GC(2628) User=0.01s Sys=0.00s Real=0.00s
[2020-08-05T23:17:56.998-0300] GC(2629) Pause Young (Allocation Failure)
[2020-08-05T23:17:57.001-0300] GC(2629) PSYoungGen: 20640K->256K(21504K)
[2020-08-05T23:17:57.001-0300] GC(2629) ParOldGen: 136293K->136325K(139264K)
[2020-08-05T23:17:57.001-0300] GC(2629) Metaspace: 119162K->119162K(1163264K)
[2020-08-05T23:17:57.001-0300] GC(2629) Pause Young (Allocation Failure) 153M->133M(157M) 2.926ms
[2020-08-05T23:17:57.001-0300] GC(2629) User=0.00s Sys=0.00s Real=0.00s
[2020-08-05T23:18:09.849-0300] GC(2630) Pause Young (Allocation Failure)
[2020-08-05T23:18:09.852-0300] GC(2630) PSYoungGen: 20736K->337K(21504K)
[2020-08-05T23:18:09.852-0300] GC(2630) ParOldGen: 136325K->136458K(139264K)
[2020-08-05T23:18:09.852-0300] GC(2630) Metaspace: 119162K->119162K(1163264K)
[2020-08-05T23:18:09.852-0300] GC(2630) Pause Young (Allocation Failure) 153M->133M(157M) 2.773ms
[2020-08-05T23:18:09.852-0300] GC(2630) User=0.01s Sys=0.00s Real=0.00s
[2020-08-05T23:18:23.408-0300] GC(2631) Pause Young (Allocation Failure)
[2020-08-05T23:18:23.411-0300] GC(2631) PSYoungGen: 20817K->416K(21504K)
[2020-08-05T23:18:23.411-0300] GC(2631) ParOldGen: 136458K->136655K(139264K)
[2020-08-05T23:18:23.411-0300] GC(2631) Metaspace: 119162K->119162K(1163264K)
[2020-08-05T23:18:23.411-0300] GC(2631) Pause Young (Allocation Failure) 153M->133M(157M) 3.268ms
[2020-08-05T23:18:23.412-0300] GC(2631) User=0.01s Sys=0.00s Real=0.00s
[2020-08-05T23:18:34.846-0300] GC(2632) Pause Young (Allocation Failure)
[2020-08-05T23:18:34.849-0300] GC(2632) PSYoungGen: 20896K->608K(21504K)
[2020-08-05T23:18:34.850-0300] GC(2632) ParOldGen: 136655K->137000K(139264K)
[2020-08-05T23:18:34.850-0300] GC(2632) Metaspace: 119162K->119162K(1163264K)
[2020-08-05T23:18:34.850-0300] GC(2632) Pause Young (Allocation Failure) 153M->134M(157M) 3.206ms
[2020-08-05T23:18:34.850-0300] GC(2632) User=0.01s Sys=0.00s Real=0.00s
[2020-08-05T23:18:49.291-0300] GC(2633) Pause Young (Allocation Failure)
[2020-08-05T23:18:49.295-0300] GC(2633) PSYoungGen: 21088K->592K(21504K)
[2020-08-05T23:18:49.295-0300] GC(2633) ParOldGen: 137000K->137513K(139264K)
[2020-08-05T23:18:49.295-0300] GC(2633) Metaspace: 119162K->119162K(1163264K)
[2020-08-05T23:18:49.295-0300] GC(2633) Pause Young (Allocation Failure) 154M->134M(157M) 3.617ms
[2020-08-05T23:18:49.295-0300] GC(2633) User=0.00s Sys=0.00s Real=0.01s
[2020-08-05T23:19:00.456-0300] GC(2634) Pause Young (Allocation Failure)
[2020-08-05T23:19:00.459-0300] GC(2634) PSYoungGen: 21072K->464K(21504K)
[2020-08-05T23:19:00.459-0300] GC(2634) ParOldGen: 137513K->138006K(139264K)
[2020-08-05T23:19:00.459-0300] GC(2634) Metaspace: 119162K->119162K(1163264K)
[2020-08-05T23:19:00.459-0300] GC(2634) Pause Young (Allocation Failure) 154M->135M(157M) 3.248ms
[2020-08-05T23:19:00.459-0300] GC(2634) User=0.00s Sys=0.00s Real=0.00s
[2020-08-05T23:19:14.173-0300] GC(2635) Pause Young (Allocation Failure)
[2020-08-05T23:19:14.177-0300] GC(2635) PSYoungGen: 20944K->768K(21504K)
[2020-08-05T23:19:14.177-0300] GC(2635) ParOldGen: 138006K->138375K(139264K)
[2020-08-05T23:19:14.177-0300] GC(2635) Metaspace: 119162K->119162K(1163264K)
[2020-08-05T23:19:14.177-0300] GC(2635) Pause Young (Allocation Failure) 155M->135M(157M) 4.360ms
[2020-08-05T23:19:14.177-0300] GC(2635) User=0.01s Sys=0.00s Real=0.01s
[2020-08-05T23:19:22.116-0300] GC(2636) Pause Young (Allocation Failure)
[2020-08-05T23:19:22.120-0300] GC(2636) PSYoungGen: 21248K->320K(21504K)
[2020-08-05T23:19:22.120-0300] GC(2636) ParOldGen: 138375K->138916K(139264K)
[2020-08-05T23:19:22.120-0300] GC(2636) Metaspace: 119162K->119162K(1163264K)
[2020-08-05T23:19:22.120-0300] GC(2636) Pause Young (Allocation Failure) 155M->135M(157M) 4.218ms
[2020-08-05T23:19:22.120-0300] GC(2636) User=0.01s Sys=0.00s Real=0.00s
[2020-08-05T23:19:22.120-0300] GC(2637) Pause Full (Ergonomics)
[2020-08-05T23:19:22.120-0300] GC(2637) Marking Phase
[2020-08-05T23:19:22.200-0300] GC(2637) Marking Phase 79.617ms
[2020-08-05T23:19:22.200-0300] GC(2637) Summary Phase
[2020-08-05T23:19:22.200-0300] GC(2637) Summary Phase 0.032ms
[2020-08-05T23:19:22.200-0300] GC(2637) Adjust Roots
[2020-08-05T23:19:22.229-0300] GC(2637) Adjust Roots 28.919ms
[2020-08-05T23:19:22.229-0300] GC(2637) Compaction Phase
[2020-08-05T23:19:22.263-0300] GC(2637) Compaction Phase 33.783ms
[2020-08-05T23:19:22.263-0300] GC(2637) Post Compact
[2020-08-05T23:19:22.263-0300] GC(2637) Post Compact 0.693ms
[2020-08-05T23:19:22.264-0300] GC(2637) PSYoungGen: 320K->0K(21504K)
[2020-08-05T23:19:22.264-0300] GC(2637) ParOldGen: 138916K->106568K(139264K)
[2020-08-05T23:19:22.264-0300] GC(2637) Metaspace: 119162K->119162K(1163264K)
[2020-08-05T23:19:22.264-0300] GC(2637) Pause Full (Ergonomics) 135M->104M(157M) 143.313ms
[2020-08-05T23:19:22.264-0300] GC(2637) User=0.38s Sys=0.00s Real=0.14s
[2020-08-05T23:19:23.702-0300] GC(2638) Pause Young (Allocation Failure)
[2020-08-05T23:19:23.705-0300] GC(2638) PSYoungGen: 20480K->368K(21504K)
[2020-08-05T23:19:23.705-0300] GC(2638) ParOldGen: 106568K->106568K(139264K)
[2020-08-05T23:19:23.705-0300] GC(2638) Metaspace: 119162K->119162K(1163264K)
[2020-08-05T23:19:23.705-0300] GC(2638) Pause Young (Allocation Failure) 124M->104M(157M) 3.040ms
[2020-08-05T23:19:23.705-0300] GC(2638) User=0.01s Sys=0.00s Real=0.01s
[2020-08-05T23:19:42.363-0300] GC(2639) Pause Young (Allocation Failure)
[2020-08-05T23:19:42.366-0300] GC(2639) PSYoungGen: 20848K->320K(21504K)
[2020-08-05T23:19:42.366-0300] GC(2639) ParOldGen: 106568K->106749K(139264K)
[2020-08-05T23:19:42.366-0300] GC(2639) Metaspace: 119162K->119162K(1163264K)
[2020-08-05T23:19:42.366-0300] GC(2639) Pause Young (Allocation Failure) 124M->104M(157M) 3.751ms
[2020-08-05T23:19:42.366-0300] GC(2639) User=0.00s Sys=0.00s Real=0.01s
[2020-08-05T23:20:04.849-0300] GC(2640) Pause Young (Allocation Failure)
[2020-08-05T23:20:04.852-0300] GC(2640) PSYoungGen: 20800K->544K(21504K)
[2020-08-05T23:20:04.852-0300] GC(2640) ParOldGen: 106749K->106941K(139264K)
[2020-08-05T23:20:04.852-0300] GC(2640) Metaspace: 119162K->119162K(1163264K)
[2020-08-05T23:20:04.852-0300] GC(2640) Pause Young (Allocation Failure) 124M->104M(157M) 2.892ms
[2020-08-05T23:20:04.852-0300] GC(2640) User=0.00s Sys=0.00s Real=0.00s
[2020-08-05T23:20:24.026-0300] GC(2641) Pause Young (Allocation Failure)
[2020-08-05T23:20:24.029-0300] GC(2641) PSYoungGen: 21024K->448K(21504K)
[2020-08-05T23:20:24.029-0300] GC(2641) ParOldGen: 106941K->107293K(139264K)
[2020-08-05T23:20:24.029-0300] GC(2641) Metaspace: 119162K->119162K(1163264K)
[2020-08-05T23:20:24.029-0300] GC(2641) Pause Young (Allocation Failure) 124M->105M(157M) 2.738ms
[2020-08-05T23:20:24.029-0300] GC(2641) User=0.01s Sys=0.00s Real=0.00s
[2020-08-05T23:20:38.171-0300] GC(2642) Pause Young (Allocation Failure)
[2020-08-05T23:20:38.173-0300] GC(2642) PSYoungGen: 20928K->528K(21504K)
[2020-08-05T23:20:38.173-0300] GC(2642) ParOldGen: 107293K->107669K(139264K)
[2020-08-05T23:20:38.173-0300] GC(2642) Metaspace: 119162K->119162K(1163264K)
[2020-08-05T23:20:38.173-0300] GC(2642) Pause Young (Allocation Failure) 125M->105M(157M) 2.759ms
[2020-08-05T23:20:38.174-0300] GC(2642) User=0.00s Sys=0.00s Real=0.00s
[2020-08-05T23:20:50.354-0300] GC(2643) Pause Young (Allocation Failure)
[2020-08-05T23:20:50.358-0300] GC(2643) PSYoungGen: 21008K->432K(21504K)
[2020-08-05T23:20:50.358-0300] GC(2643) ParOldGen: 107669K->108054K(139264K)
[2020-08-05T23:20:50.358-0300] GC(2643) Metaspace: 119162K->119162K(1163264K)
[2020-08-05T23:20:50.358-0300] GC(2643) Pause Young (Allocation Failure) 125M->105M(157M) 3.205ms
[2020-08-05T23:20:50.358-0300] GC(2643) User=0.01s Sys=0.00s Real=0.00s
[2020-08-05T23:20:56.661-0300] GC(2644) Pause Young (Allocation Failure)
[2020-08-05T23:20:56.664-0300] GC(2644) PSYoungGen: 20912K->384K(21504K)
[2020-08-05T23:20:56.664-0300] GC(2644) ParOldGen: 108054K->108407K(139264K)
[2020-08-05T23:20:56.664-0300] GC(2644) Metaspace: 119162K->119162K(1163264K)
[2020-08-05T23:20:56.664-0300] GC(2644) Pause Young (Allocation Failure) 125M->106M(157M) 2.947ms
[2020-08-05T23:20:56.664-0300] GC(2644) User=0.01s Sys=0.00s Real=0.01s
[2020-08-05T23:20:58.370-0300] GC(2645) Pause Young (Allocation Failure)
[2020-08-05T23:20:58.372-0300] GC(2645) PSYoungGen: 20864K->337K(21504K)
[2020-08-05T23:20:58.372-0300] GC(2645) ParOldGen: 108407K->108668K(139264K)
[2020-08-05T23:20:58.372-0300] GC(2645) Metaspace: 119162K->119162K(1163264K)
[2020-08-05T23:20:58.372-0300] GC(2645) Pause Young (Allocation Failure) 126M->106M(157M) 2.479ms
[2020-08-05T23:20:58.373-0300] GC(2645) User=0.01s Sys=0.00s Real=0.00s
[2020-08-05T23:20:59.966-0300] GC(2646) Pause Young (Allocation Failure)
[2020-08-05T23:20:59.969-0300] GC(2646) PSYoungGen: 20817K->384K(21504K)
[2020-08-05T23:20:59.969-0300] GC(2646) ParOldGen: 108668K->108905K(139264K)
[2020-08-05T23:20:59.969-0300] GC(2646) Metaspace: 119162K->119162K(1163264K)
[2020-08-05T23:20:59.969-0300] GC(2646) Pause Young (Allocation Failure) 126M->106M(157M) 3.098ms
[2020-08-05T23:20:59.969-0300] GC(2646) User=0.01s Sys=0.00s Real=0.00s
[2020-08-05T23:21:01.524-0300] GC(2647) Pause Young (Allocation Failure)
[2020-08-05T23:21:01.527-0300] GC(2647) PSYoungGen: 20864K->401K(21504K)
[2020-08-05T23:21:01.527-0300] GC(2647) ParOldGen: 108905K->109162K(139264K)
[2020-08-05T23:21:01.527-0300] GC(2647) Metaspace: 119162K->119162K(1163264K)
[2020-08-05T23:21:01.527-0300] GC(2647) Pause Young (Allocation Failure) 126M->106M(157M) 2.695ms
[2020-08-05T23:21:01.527-0300] GC(2647) User=0.01s Sys=0.00s Real=0.00s
[2020-08-05T23:21:03.187-0300] GC(2648) Pause Young (Allocation Failure)
[2020-08-05T23:21:03.190-0300] GC(2648) PSYoungGen: 20881K->353K(21504K)
[2020-08-05T23:21:03.190-0300] GC(2648) ParOldGen: 109162K->109415K(139264K)
[2020-08-05T23:21:03.190-0300] GC(2648) Metaspace: 119165K->119165K(1163264K)
[2020-08-05T23:21:03.190-0300] GC(2648) Pause Young (Allocation Failure) 126M->107M(157M) 2.773ms
[2020-08-05T23:21:03.190-0300] GC(2648) User=0.00s Sys=0.00s Real=0.00s
[2020-08-05T23:21:16.171-0300] GC(2649) Pause Young (Allocation Failure)
[2020-08-05T23:21:16.174-0300] GC(2649) PSYoungGen: 20833K->256K(21504K)
[2020-08-05T23:21:16.175-0300] GC(2649) ParOldGen: 109415K->109524K(139264K)
[2020-08-05T23:21:16.175-0300] GC(2649) Metaspace: 119165K->119165K(1163264K)
[2020-08-05T23:21:16.175-0300] GC(2649) Pause Young (Allocation Failure) 127M->107M(157M) 3.462ms
[2020-08-05T23:21:16.175-0300] GC(2649) User=0.00s Sys=0.00s Real=0.01s
[2020-08-05T23:21:39.307-0300] GC(2650) Pause Young (Allocation Failure)
[2020-08-05T23:21:39.310-0300] GC(2650) PSYoungGen: 20736K->256K(21504K)
[2020-08-05T23:21:39.310-0300] GC(2650) ParOldGen: 109524K->109652K(139264K)
[2020-08-05T23:21:39.310-0300] GC(2650) Metaspace: 119165K->119165K(1163264K)
[2020-08-05T23:21:39.310-0300] GC(2650) Pause Young (Allocation Failure) 127M->107M(157M) 3.476ms
[2020-08-05T23:21:39.310-0300] GC(2650) User=0.00s Sys=0.00s Real=0.00s
[2020-08-05T23:22:01.661-0300] GC(2651) Pause Young (Allocation Failure)
[2020-08-05T23:22:01.663-0300] GC(2651) PSYoungGen: 20736K->160K(21504K)
[2020-08-05T23:22:01.663-0300] GC(2651) ParOldGen: 109652K->109804K(139264K)
[2020-08-05T23:22:01.663-0300] GC(2651) Metaspace: 119165K->119165K(1163264K)
[2020-08-05T23:22:01.663-0300] GC(2651) Pause Young (Allocation Failure) 127M->107M(157M) 2.561ms
[2020-08-05T23:22:01.663-0300] GC(2651) User=0.00s Sys=0.00s Real=0.00s
[2020-08-05T23:22:14.398-0300] GC(2652) Pause Young (Allocation Failure)
[2020-08-05T23:22:14.401-0300] GC(2652) PSYoungGen: 20639K->352K(21504K)
[2020-08-05T23:22:14.401-0300] GC(2652) ParOldGen: 109804K->109820K(139264K)
[2020-08-05T23:22:14.401-0300] GC(2652) Metaspace: 119165K->119165K(1163264K)
[2020-08-05T23:22:14.401-0300] GC(2652) Pause Young (Allocation Failure) 127M->107M(157M) 3.026ms
[2020-08-05T23:22:14.401-0300] GC(2652) User=0.01s Sys=0.00s Real=0.00s
[2020-08-05T23:22:24.953-0300] GC(2653) Pause Young (Allocation Failure)
[2020-08-05T23:22:24.956-0300] GC(2653) PSYoungGen: 20832K->400K(21504K)
[2020-08-05T23:22:24.956-0300] GC(2653) ParOldGen: 109820K->110025K(139264K)
[2020-08-05T23:22:24.956-0300] GC(2653) Metaspace: 119165K->119165K(1163264K)
[2020-08-05T23:22:24.956-0300] GC(2653) Pause Young (Allocation Failure) 127M->107M(157M) 3.178ms
[2020-08-05T23:22:24.956-0300] GC(2653) User=0.01s Sys=0.00s Real=0.01s
[2020-08-05T23:22:35.998-0300] GC(2654) Pause Young (Allocation Failure)
[2020-08-05T23:22:36.001-0300] GC(2654) PSYoungGen: 20880K->304K(21504K)
[2020-08-05T23:22:36.001-0300] GC(2654) ParOldGen: 110025K->110178K(139264K)
[2020-08-05T23:22:36.001-0300] GC(2654) Metaspace: 119165K->119165K(1163264K)
[2020-08-05T23:22:36.001-0300] GC(2654) Pause Young (Allocation Failure) 127M->107M(157M) 3.015ms
[2020-08-05T23:22:36.001-0300] GC(2654) User=0.01s Sys=0.00s Real=0.00s
[2020-08-05T23:22:37.706-0300] GC(2655) Pause Young (Allocation Failure)
[2020-08-05T23:22:37.709-0300] GC(2655) PSYoungGen: 20784K->353K(21504K)
[2020-08-05T23:22:37.709-0300] GC(2655) ParOldGen: 110178K->110338K(139264K)
[2020-08-05T23:22:37.709-0300] GC(2655) Metaspace: 119165K->119165K(1163264K)
[2020-08-05T23:22:37.709-0300] GC(2655) Pause Young (Allocation Failure) 127M->108M(157M) 3.468ms
[2020-08-05T23:22:37.709-0300] GC(2655) User=0.00s Sys=0.00s Real=0.00s
[2020-08-05T23:22:39.346-0300] GC(2656) Pause Young (Allocation Failure)
[2020-08-05T23:22:39.350-0300] GC(2656) PSYoungGen: 20833K->384K(21504K)
[2020-08-05T23:22:39.350-0300] GC(2656) ParOldGen: 110338K->110580K(139264K)
[2020-08-05T23:22:39.350-0300] GC(2656) Metaspace: 119165K->119165K(1163264K)
[2020-08-05T23:22:39.350-0300] GC(2656) Pause Young (Allocation Failure) 128M->108M(157M) 4.099ms
[2020-08-05T23:22:39.350-0300] GC(2656) User=0.00s Sys=0.00s Real=0.00s
[2020-08-05T23:22:40.885-0300] GC(2657) Pause Young (Allocation Failure)
[2020-08-05T23:22:40.889-0300] GC(2657) PSYoungGen: 20864K->384K(21504K)
[2020-08-05T23:22:40.889-0300] GC(2657) ParOldGen: 110580K->110805K(139264K)
[2020-08-05T23:22:40.889-0300] GC(2657) Metaspace: 119165K->119165K(1163264K)
[2020-08-05T23:22:40.889-0300] GC(2657) Pause Young (Allocation Failure) 128M->108M(157M) 3.444ms
[2020-08-05T23:22:40.889-0300] GC(2657) User=0.00s Sys=0.00s Real=0.00s
[2020-08-05T23:22:42.657-0300] GC(2658) Pause Young (Allocation Failure)
[2020-08-05T23:22:42.660-0300] GC(2658) PSYoungGen: 20864K->369K(21504K)
[2020-08-05T23:22:42.660-0300] GC(2658) ParOldGen: 110805K->111022K(139264K)
[2020-08-05T23:22:42.660-0300] GC(2658) Metaspace: 119165K->119165K(1163264K)
[2020-08-05T23:22:42.660-0300] GC(2658) Pause Young (Allocation Failure) 128M->108M(157M) 3.565ms
[2020-08-05T23:22:42.660-0300] GC(2658) User=0.00s Sys=0.00s Real=0.00s
[2020-08-05T23:22:49.849-0300] GC(2659) Pause Young (Allocation Failure)
[2020-08-05T23:22:49.852-0300] GC(2659) PSYoungGen: 20849K->224K(21504K)
[2020-08-05T23:22:49.852-0300] GC(2659) ParOldGen: 111022K->111126K(139264K)
[2020-08-05T23:22:49.852-0300] GC(2659) Metaspace: 119165K->119165K(1163264K)
[2020-08-05T23:22:49.852-0300] GC(2659) Pause Young (Allocation Failure) 128M->108M(157M) 3.432ms
[2020-08-05T23:22:49.852-0300] GC(2659) User=0.00s Sys=0.00s Real=0.00s
[2020-08-05T23:23:13.446-0300] GC(2660) Pause Young (Allocation Failure)
[2020-08-05T23:23:13.450-0300] GC(2660) PSYoungGen: 20703K->144K(21504K)
[2020-08-05T23:23:13.450-0300] GC(2660) ParOldGen: 111126K->111194K(139264K)
[2020-08-05T23:23:13.450-0300] GC(2660) Metaspace: 119165K->119165K(1163264K)
[2020-08-05T23:23:13.450-0300] GC(2660) Pause Young (Allocation Failure) 128M->108M(157M) 3.782ms
[2020-08-05T23:23:13.450-0300] GC(2660) User=0.00s Sys=0.00s Real=0.00s
[2020-08-05T23:23:34.849-0300] GC(2661) Pause Young (Allocation Failure)
[2020-08-05T23:23:34.852-0300] GC(2661) PSYoungGen: 20624K->704K(21504K)
[2020-08-05T23:23:34.852-0300] GC(2661) ParOldGen: 111194K->111267K(139264K)
[2020-08-05T23:23:34.852-0300] GC(2661) Metaspace: 119165K->119165K(1163264K)
[2020-08-05T23:23:34.852-0300] GC(2661) Pause Young (Allocation Failure) 128M->109M(157M) 3.628ms
[2020-08-05T23:23:34.852-0300] GC(2661) User=0.00s Sys=0.00s Real=0.00s
[2020-08-05T23:23:49.732-0300] GC(2662) Pause Young (Allocation Failure)
[2020-08-05T23:23:49.735-0300] GC(2662) PSYoungGen: 21184K->592K(21504K)
[2020-08-05T23:23:49.735-0300] GC(2662) ParOldGen: 111267K->111811K(139264K)
[2020-08-05T23:23:49.735-0300] GC(2662) Metaspace: 119165K->119165K(1163264K)
[2020-08-05T23:23:49.735-0300] GC(2662) Pause Young (Allocation Failure) 129M->109M(157M) 3.329ms
[2020-08-05T23:23:49.735-0300] GC(2662) User=0.01s Sys=0.00s Real=0.01s
[2020-08-05T23:24:11.751-0300] GC(2663) Pause Young (Allocation Failure)
[2020-08-05T23:24:11.754-0300] GC(2663) PSYoungGen: 21072K->672K(21504K)
[2020-08-05T23:24:11.754-0300] GC(2663) ParOldGen: 111811K->112271K(139264K)
[2020-08-05T23:24:11.754-0300] GC(2663) Metaspace: 119165K->119165K(1163264K)
[2020-08-05T23:24:11.754-0300] GC(2663) Pause Young (Allocation Failure) 129M->110M(157M) 3.362ms
[2020-08-05T23:24:11.754-0300] GC(2663) User=0.00s Sys=0.00s Real=0.01s
[2020-08-05T23:24:34.846-0300] GC(2664) Pause Young (Allocation Failure)
[2020-08-05T23:24:34.849-0300] GC(2664) PSYoungGen: 21152K->384K(21504K)
[2020-08-05T23:24:34.849-0300] GC(2664) ParOldGen: 112271K->112799K(139264K)
[2020-08-05T23:24:34.849-0300] GC(2664) Metaspace: 119165K->119165K(1163264K)
[2020-08-05T23:24:34.849-0300] GC(2664) Pause Young (Allocation Failure) 130M->110M(157M) 2.668ms
[2020-08-05T23:24:34.849-0300] GC(2664) User=0.00s Sys=0.00s Real=0.00s
[2020-08-05T23:24:49.845-0300] GC(2665) Pause Young (Allocation Failure)
[2020-08-05T23:24:49.847-0300] GC(2665) PSYoungGen: 20864K->416K(21504K)
[2020-08-05T23:24:49.848-0300] GC(2665) ParOldGen: 112799K->113071K(139264K)
[2020-08-05T23:24:49.848-0300] GC(2665) Metaspace: 119165K->119165K(1163264K)
[2020-08-05T23:24:49.848-0300] GC(2665) Pause Young (Allocation Failure) 130M->110M(157M) 2.700ms
[2020-08-05T23:24:49.848-0300] GC(2665) User=0.01s Sys=0.00s Real=0.00s
[2020-08-05T23:25:04.845-0300] GC(2666) Pause Young (Allocation Failure)
[2020-08-05T23:25:04.848-0300] GC(2666) PSYoungGen: 20896K->448K(21504K)
[2020-08-05T23:25:04.848-0300] GC(2666) ParOldGen: 113071K->113368K(139264K)
[2020-08-05T23:25:04.848-0300] GC(2666) Metaspace: 119165K->119165K(1163264K)
[2020-08-05T23:25:04.848-0300] GC(2666) Pause Young (Allocation Failure) 130M->111M(157M) 2.601ms
[2020-08-05T23:25:04.848-0300] GC(2666) User=0.01s Sys=0.00s Real=0.00s
[2020-08-05T23:25:15.700-0300] GC(2667) Pause Young (Allocation Failure)
[2020-08-05T23:25:15.703-0300] GC(2667) PSYoungGen: 20928K->544K(21504K)
[2020-08-05T23:25:15.703-0300] GC(2667) ParOldGen: 113368K->113664K(139264K)
[2020-08-05T23:25:15.703-0300] GC(2667) Metaspace: 119165K->119165K(1163264K)
[2020-08-05T23:25:15.703-0300] GC(2667) Pause Young (Allocation Failure) 131M->111M(157M) 2.979ms
[2020-08-05T23:25:15.703-0300] GC(2667) User=0.00s Sys=0.00s Real=0.00s
[2020-08-05T23:25:29.846-0300] GC(2668) Pause Young (Allocation Failure)
[2020-08-05T23:25:29.849-0300] GC(2668) PSYoungGen: 21024K->432K(21504K)
[2020-08-05T23:25:29.849-0300] GC(2668) ParOldGen: 113664K->114090K(139264K)
[2020-08-05T23:25:29.849-0300] GC(2668) Metaspace: 119165K->119165K(1163264K)
[2020-08-05T23:25:29.849-0300] GC(2668) Pause Young (Allocation Failure) 131M->111M(157M) 2.608ms
[2020-08-05T23:25:29.849-0300] GC(2668) User=0.01s Sys=0.00s Real=0.00s
[2020-08-05T23:25:41.938-0300] GC(2669) Pause Young (Allocation Failure)
[2020-08-05T23:25:41.942-0300] GC(2669) PSYoungGen: 20912K->432K(21504K)
[2020-08-05T23:25:41.942-0300] GC(2669) ParOldGen: 114090K->114414K(139264K)
[2020-08-05T23:25:41.942-0300] GC(2669) Metaspace: 119165K->119165K(1163264K)
[2020-08-05T23:25:41.942-0300] GC(2669) Pause Young (Allocation Failure) 131M->112M(157M) 4.255ms
[2020-08-05T23:25:41.942-0300] GC(2669) User=0.00s Sys=0.00s Real=0.00s
[2020-08-05T23:25:48.227-0300] GC(2670) Pause Young (Allocation Failure)
[2020-08-05T23:25:48.230-0300] GC(2670) PSYoungGen: 20912K->416K(21504K)
[2020-08-05T23:25:48.230-0300] GC(2670) ParOldGen: 114414K->114703K(139264K)
[2020-08-05T23:25:48.230-0300] GC(2670) Metaspace: 119165K->119165K(1163264K)
[2020-08-05T23:25:48.230-0300] GC(2670) Pause Young (Allocation Failure) 132M->112M(157M) 3.227ms
[2020-08-05T23:25:48.230-0300] GC(2670) User=0.01s Sys=0.00s Real=0.00s
[2020-08-05T23:25:49.852-0300] GC(2671) Pause Young (Allocation Failure)
[2020-08-05T23:25:49.855-0300] GC(2671) PSYoungGen: 20872K->443K(21504K)
[2020-08-05T23:25:49.855-0300] GC(2671) ParOldGen: 114703K->115036K(139264K)
[2020-08-05T23:25:49.855-0300] GC(2671) Metaspace: 119165K->119165K(1163264K)
[2020-08-05T23:25:49.855-0300] GC(2671) Pause Young (Allocation Failure) 132M->112M(157M) 3.068ms
[2020-08-05T23:25:49.855-0300] GC(2671) User=0.01s Sys=0.00s Real=0.01s
[2020-08-05T23:25:51.532-0300] GC(2672) Pause Young (Allocation Failure)
[2020-08-05T23:25:51.535-0300] GC(2672) PSYoungGen: 20923K->384K(21504K)
[2020-08-05T23:25:51.535-0300] GC(2672) ParOldGen: 115036K->115277K(139264K)
[2020-08-05T23:25:51.535-0300] GC(2672) Metaspace: 119165K->119165K(1163264K)
[2020-08-05T23:25:51.535-0300] GC(2672) Pause Young (Allocation Failure) 132M->112M(157M) 3.499ms
[2020-08-05T23:25:51.535-0300] GC(2672) User=0.00s Sys=0.00s Real=0.01s
[2020-08-05T23:25:59.846-0300] GC(2673) Pause Young (Allocation Failure)
[2020-08-05T23:25:59.849-0300] GC(2673) PSYoungGen: 20864K->288K(21504K)
[2020-08-05T23:25:59.849-0300] GC(2673) ParOldGen: 115277K->115418K(139264K)
[2020-08-05T23:25:59.849-0300] GC(2673) Metaspace: 119165K->119165K(1163264K)
[2020-08-05T23:25:59.849-0300] GC(2673) Pause Young (Allocation Failure) 132M->112M(157M) 3.166ms
[2020-08-05T23:25:59.849-0300] GC(2673) User=0.01s Sys=0.00s Real=0.00s
[2020-08-05T23:26:21.164-0300] GC(2674) Pause Young (Allocation Failure)
[2020-08-05T23:26:21.167-0300] GC(2674) PSYoungGen: 20768K->400K(21504K)
[2020-08-05T23:26:21.167-0300] GC(2674) ParOldGen: 115418K->115586K(139264K)
[2020-08-05T23:26:21.167-0300] GC(2674) Metaspace: 119165K->119165K(1163264K)
[2020-08-05T23:26:21.167-0300] GC(2674) Pause Young (Allocation Failure) 132M->113M(157M) 3.490ms
[2020-08-05T23:26:21.167-0300] GC(2674) User=0.01s Sys=0.00s Real=0.00s
[2020-08-05T23:26:44.848-0300] GC(2675) Pause Young (Allocation Failure)
[2020-08-05T23:26:44.851-0300] GC(2675) PSYoungGen: 20880K->224K(21504K)
[2020-08-05T23:26:44.851-0300] GC(2675) ParOldGen: 115586K->115826K(139264K)
[2020-08-05T23:26:44.851-0300] GC(2675) Metaspace: 119165K->119165K(1163264K)
[2020-08-05T23:26:44.851-0300] GC(2675) Pause Young (Allocation Failure) 133M->113M(157M) 2.960ms
[2020-08-05T23:26:44.851-0300] GC(2675) User=0.01s Sys=0.00s Real=0.00s
[2020-08-05T23:26:59.846-0300] GC(2676) Pause Young (Allocation Failure)
[2020-08-05T23:26:59.851-0300] GC(2676) PSYoungGen: 20704K->144K(21504K)
[2020-08-05T23:26:59.851-0300] GC(2676) ParOldGen: 115826K->115890K(139264K)
[2020-08-05T23:26:59.851-0300] GC(2676) Metaspace: 119165K->119165K(1163264K)
[2020-08-05T23:26:59.851-0300] GC(2676) Pause Young (Allocation Failure) 133M->113M(157M) 4.504ms
[2020-08-05T23:26:59.851-0300] GC(2676) User=0.00s Sys=0.00s Real=0.00s
[2020-08-05T23:27:19.848-0300] GC(2677) Pause Young (Allocation Failure)
[2020-08-05T23:27:19.851-0300] GC(2677) PSYoungGen: 20624K->416K(21504K)
[2020-08-05T23:27:19.851-0300] GC(2677) ParOldGen: 115890K->115934K(139264K)
[2020-08-05T23:27:19.851-0300] GC(2677) Metaspace: 119165K->119165K(1163264K)
[2020-08-05T23:27:19.851-0300] GC(2677) Pause Young (Allocation Failure) 133M->113M(157M) 3.172ms
[2020-08-05T23:27:19.852-0300] GC(2677) User=0.01s Sys=0.00s Real=0.00s
[2020-08-05T23:27:44.163-0300] GC(2678) Pause Young (Allocation Failure)
[2020-08-05T23:27:44.167-0300] GC(2678) PSYoungGen: 20896K->256K(21504K)
[2020-08-05T23:27:44.167-0300] GC(2678) ParOldGen: 115934K->116022K(139264K)
[2020-08-05T23:27:44.167-0300] GC(2678) Metaspace: 119165K->119165K(1163264K)
[2020-08-05T23:27:44.167-0300] GC(2678) Pause Young (Allocation Failure) 133M->113M(157M) 3.163ms
[2020-08-05T23:27:44.167-0300] GC(2678) User=0.01s Sys=0.00s Real=0.01s
[2020-08-05T23:27:58.889-0300] GC(2679) Pause Young (Allocation Failure)
[2020-08-05T23:27:58.891-0300] GC(2679) PSYoungGen: 20736K->128K(21504K)
[2020-08-05T23:27:58.891-0300] GC(2679) ParOldGen: 116022K->116078K(139264K)
[2020-08-05T23:27:58.891-0300] GC(2679) Metaspace: 119165K->119165K(1163264K)
[2020-08-05T23:27:58.891-0300] GC(2679) Pause Young (Allocation Failure) 133M->113M(157M) 2.631ms
[2020-08-05T23:27:58.891-0300] GC(2679) User=0.01s Sys=0.00s Real=0.00s
[2020-08-05T23:28:20.295-0300] GC(2680) Pause Young (Allocation Failure)
[2020-08-05T23:28:20.297-0300] GC(2680) PSYoungGen: 20608K->256K(21504K)
[2020-08-05T23:28:20.297-0300] GC(2680) ParOldGen: 116078K->116130K(139264K)
[2020-08-05T23:28:20.297-0300] GC(2680) Metaspace: 119165K->119165K(1163264K)
[2020-08-05T23:28:20.298-0300] GC(2680) Pause Young (Allocation Failure) 133M->113M(157M) 2.649ms
[2020-08-05T23:28:20.298-0300] GC(2680) User=0.00s Sys=0.00s Real=0.00s
[2020-08-05T23:28:44.845-0300] GC(2681) Pause Young (Allocation Failure)
[2020-08-05T23:28:44.848-0300] GC(2681) PSYoungGen: 20736K->736K(21504K)
[2020-08-05T23:28:44.848-0300] GC(2681) ParOldGen: 116130K->116266K(139264K)
[2020-08-05T23:28:44.848-0300] GC(2681) Metaspace: 119165K->119165K(1163264K)
[2020-08-05T23:28:44.848-0300] GC(2681) Pause Young (Allocation Failure) 133M->114M(157M) 3.164ms
[2020-08-05T23:28:44.849-0300] GC(2681) User=0.00s Sys=0.00s Real=0.00s
[2020-08-05T23:28:59.024-0300] GC(2682) Pause Young (Allocation Failure)
[2020-08-05T23:28:59.027-0300] GC(2682) PSYoungGen: 21216K->576K(21504K)
[2020-08-05T23:28:59.027-0300] GC(2682) ParOldGen: 116266K->116882K(139264K)
[2020-08-05T23:28:59.027-0300] GC(2682) Metaspace: 119165K->119165K(1163264K)
[2020-08-05T23:28:59.027-0300] GC(2682) Pause Young (Allocation Failure) 134M->114M(157M) 2.911ms
[2020-08-05T23:28:59.027-0300] GC(2682) User=0.00s Sys=0.00s Real=0.00s
[2020-08-05T23:29:13.931-0300] GC(2683) Pause Young (Allocation Failure)
[2020-08-05T23:29:13.934-0300] GC(2683) PSYoungGen: 21056K->640K(21504K)
[2020-08-05T23:29:13.934-0300] GC(2683) ParOldGen: 116882K->117343K(139264K)
[2020-08-05T23:29:13.934-0300] GC(2683) Metaspace: 119165K->119165K(1163264K)
[2020-08-05T23:29:13.934-0300] GC(2683) Pause Young (Allocation Failure) 134M->115M(157M) 2.740ms
[2020-08-05T23:29:13.934-0300] GC(2683) User=0.00s Sys=0.01s Real=0.00s
[2020-08-05T23:29:25.032-0300] GC(2684) Pause Young (Allocation Failure)
[2020-08-05T23:29:25.036-0300] GC(2684) PSYoungGen: 21120K->320K(21504K)
[2020-08-05T23:29:25.036-0300] GC(2684) ParOldGen: 117343K->117860K(139264K)
[2020-08-05T23:29:25.036-0300] GC(2684) Metaspace: 119165K->119165K(1163264K)
[2020-08-05T23:29:25.036-0300] GC(2684) Pause Young (Allocation Failure) 135M->115M(157M) 3.268ms
[2020-08-05T23:29:25.036-0300] GC(2684) User=0.00s Sys=0.00s Real=0.01s
[2020-08-05T23:29:39.276-0300] GC(2685) Pause Young (Allocation Failure)
[2020-08-05T23:29:39.278-0300] GC(2685) PSYoungGen: 20800K->416K(21504K)
[2020-08-05T23:29:39.278-0300] GC(2685) ParOldGen: 117860K->118060K(139264K)
[2020-08-05T23:29:39.278-0300] GC(2685) Metaspace: 119165K->119165K(1163264K)
[2020-08-05T23:29:39.278-0300] GC(2685) Pause Young (Allocation Failure) 135M->115M(157M) 2.891ms
[2020-08-05T23:29:39.278-0300] GC(2685) User=0.00s Sys=0.00s Real=0.00s
[2020-08-05T23:29:51.461-0300] GC(2686) Pause Young (Allocation Failure)
[2020-08-05T23:29:51.463-0300] GC(2686) PSYoungGen: 20896K->400K(21504K)
[2020-08-05T23:29:51.463-0300] GC(2686) ParOldGen: 118060K->118374K(139264K)
[2020-08-05T23:29:51.463-0300] GC(2686) Metaspace: 119165K->119165K(1163264K)
[2020-08-05T23:29:51.463-0300] GC(2686) Pause Young (Allocation Failure) 135M->115M(157M) 2.458ms
[2020-08-05T23:29:51.463-0300] GC(2686) User=0.01s Sys=0.00s Real=0.00s
[2020-08-05T23:30:04.848-0300] GC(2687) Pause Young (Allocation Failure)
[2020-08-05T23:30:04.851-0300] GC(2687) PSYoungGen: 20880K->432K(21504K)
[2020-08-05T23:30:04.851-0300] GC(2687) ParOldGen: 118374K->118638K(139264K)
[2020-08-05T23:30:04.851-0300] GC(2687) Metaspace: 119165K->119165K(1163264K)
[2020-08-05T23:30:04.851-0300] GC(2687) Pause Young (Allocation Failure) 135M->116M(157M) 3.022ms
[2020-08-05T23:30:04.851-0300] GC(2687) User=0.01s Sys=0.00s Real=0.00s
[2020-08-05T23:30:17.961-0300] GC(2688) Pause Young (Allocation Failure)
[2020-08-05T23:30:17.964-0300] GC(2688) PSYoungGen: 20912K->512K(21504K)
[2020-08-05T23:30:17.964-0300] GC(2688) ParOldGen: 118638K->118995K(139264K)
[2020-08-05T23:30:17.964-0300] GC(2688) Metaspace: 119165K->119165K(1163264K)
[2020-08-05T23:30:17.964-0300] GC(2688) Pause Young (Allocation Failure) 136M->116M(157M) 2.935ms
[2020-08-05T23:30:17.964-0300] GC(2688) User=0.00s Sys=0.00s Real=0.01s
[2020-08-05T23:30:28.986-0300] GC(2689) Pause Young (Allocation Failure)
[2020-08-05T23:30:28.989-0300] GC(2689) PSYoungGen: 20992K->448K(21504K)
[2020-08-05T23:30:28.989-0300] GC(2689) ParOldGen: 118995K->119404K(139264K)
[2020-08-05T23:30:28.989-0300] GC(2689) Metaspace: 119165K->119165K(1163264K)
[2020-08-05T23:30:28.989-0300] GC(2689) Pause Young (Allocation Failure) 136M->117M(157M) 3.434ms
[2020-08-05T23:30:28.989-0300] GC(2689) User=0.01s Sys=0.00s Real=0.00s
[2020-08-05T23:30:30.234-0300] GC(2690) Pause Young (Allocation Failure)
[2020-08-05T23:30:30.237-0300] GC(2690) PSYoungGen: 20928K->352K(21504K)
[2020-08-05T23:30:30.237-0300] GC(2690) ParOldGen: 119404K->119733K(139264K)
[2020-08-05T23:30:30.237-0300] GC(2690) Metaspace: 119165K->119165K(1163264K)
[2020-08-05T23:30:30.237-0300] GC(2690) Pause Young (Allocation Failure) 137M->117M(157M) 3.243ms
[2020-08-05T23:30:30.238-0300] GC(2690) User=0.01s Sys=0.00s Real=0.00s
[2020-08-05T23:30:44.846-0300] GC(2691) Pause Young (Allocation Failure)
[2020-08-05T23:30:44.848-0300] GC(2691) PSYoungGen: 20832K->384K(21504K)
[2020-08-05T23:30:44.848-0300] GC(2691) ParOldGen: 119733K->119837K(139264K)
[2020-08-05T23:30:44.848-0300] GC(2691) Metaspace: 119165K->119165K(1163264K)
[2020-08-05T23:30:44.848-0300] GC(2691) Pause Young (Allocation Failure) 137M->117M(157M) 2.523ms
[2020-08-05T23:30:44.848-0300] GC(2691) User=0.01s Sys=0.00s Real=0.00s
[2020-08-05T23:31:07.104-0300] GC(2692) Pause Young (Allocation Failure)
[2020-08-05T23:31:07.107-0300] GC(2692) PSYoungGen: 20864K->416K(21504K)
[2020-08-05T23:31:07.107-0300] GC(2692) ParOldGen: 119837K->120125K(139264K)
[2020-08-05T23:31:07.107-0300] GC(2692) Metaspace: 119165K->119165K(1163264K)
[2020-08-05T23:31:07.107-0300] GC(2692) Pause Young (Allocation Failure) 137M->117M(157M) 2.685ms
[2020-08-05T23:31:07.107-0300] GC(2692) User=0.01s Sys=0.00s Real=0.00s
[2020-08-05T23:31:29.847-0300] GC(2693) Pause Young (Allocation Failure)
[2020-08-05T23:31:29.852-0300] GC(2693) PSYoungGen: 20896K->256K(21504K)
[2020-08-05T23:31:29.852-0300] GC(2693) ParOldGen: 120125K->120421K(139264K)
[2020-08-05T23:31:29.852-0300] GC(2693) Metaspace: 119165K->119165K(1163264K)
[2020-08-05T23:31:29.852-0300] GC(2693) Pause Young (Allocation Failure) 137M->117M(157M) 4.116ms
[2020-08-05T23:31:29.852-0300] GC(2693) User=0.00s Sys=0.00s Real=0.00s
[2020-08-05T23:31:44.845-0300] GC(2694) Pause Young (Allocation Failure)
[2020-08-05T23:31:44.848-0300] GC(2694) PSYoungGen: 20736K->224K(21504K)
[2020-08-05T23:31:44.848-0300] GC(2694) ParOldGen: 120421K->120581K(139264K)
[2020-08-05T23:31:44.848-0300] GC(2694) Metaspace: 119165K->119165K(1163264K)
[2020-08-05T23:31:44.848-0300] GC(2694) Pause Young (Allocation Failure) 137M->117M(157M) 2.761ms
[2020-08-05T23:31:44.848-0300] GC(2694) User=0.01s Sys=0.00s Real=0.00s
[2020-08-05T23:32:08.140-0300] GC(2695) Pause Young (Allocation Failure)
[2020-08-05T23:32:08.143-0300] GC(2695) PSYoungGen: 20704K->160K(21504K)
[2020-08-05T23:32:08.143-0300] GC(2695) ParOldGen: 120581K->120674K(139264K)
[2020-08-05T23:32:08.143-0300] GC(2695) Metaspace: 119165K->119165K(1163264K)
[2020-08-05T23:32:08.143-0300] GC(2695) Pause Young (Allocation Failure) 137M->118M(157M) 2.366ms
[2020-08-05T23:32:08.143-0300] GC(2695) User=0.00s Sys=0.00s Real=0.00s
[2020-08-05T23:32:29.155-0300] GC(2696) Pause Young (Allocation Failure)
[2020-08-05T23:32:29.158-0300] GC(2696) PSYoungGen: 20640K->352K(21504K)
[2020-08-05T23:32:29.158-0300] GC(2696) ParOldGen: 120674K->120690K(139264K)
[2020-08-05T23:32:29.158-0300] GC(2696) Metaspace: 119165K->119165K(1163264K)
[2020-08-05T23:32:29.158-0300] GC(2696) Pause Young (Allocation Failure) 138M->118M(157M) 2.642ms
[2020-08-05T23:32:29.158-0300] GC(2696) User=0.00s Sys=0.00s Real=0.00s
[2020-08-05T23:32:43.185-0300] GC(2697) Pause Young (Allocation Failure)
[2020-08-05T23:32:43.187-0300] GC(2697) PSYoungGen: 20832K->256K(21504K)
[2020-08-05T23:32:43.187-0300] GC(2697) ParOldGen: 120690K->120730K(139264K)
[2020-08-05T23:32:43.187-0300] GC(2697) Metaspace: 119165K->119165K(1163264K)
[2020-08-05T23:32:43.187-0300] GC(2697) Pause Young (Allocation Failure) 138M->118M(157M) 2.910ms
[2020-08-05T23:32:43.188-0300] GC(2697) User=0.01s Sys=0.00s Real=0.00s
[2020-08-05T23:33:06.186-0300] GC(2698) Pause Young (Allocation Failure)
[2020-08-05T23:33:06.188-0300] GC(2698) PSYoungGen: 20736K->224K(21504K)
[2020-08-05T23:33:06.188-0300] GC(2698) ParOldGen: 120730K->120786K(139264K)
[2020-08-05T23:33:06.188-0300] GC(2698) Metaspace: 119165K->119165K(1163264K)
[2020-08-05T23:33:06.188-0300] GC(2698) Pause Young (Allocation Failure) 138M->118M(157M) 2.162ms
[2020-08-05T23:33:06.188-0300] GC(2698) User=0.00s Sys=0.00s Real=0.00s
[2020-08-05T23:33:28.370-0300] GC(2699) Pause Young (Allocation Failure)
[2020-08-05T23:33:28.373-0300] GC(2699) PSYoungGen: 20704K->992K(21504K)
[2020-08-05T23:33:28.373-0300] GC(2699) ParOldGen: 120786K->120922K(139264K)
[2020-08-05T23:33:28.373-0300] GC(2699) Metaspace: 119165K->119165K(1163264K)
[2020-08-05T23:33:28.373-0300] GC(2699) Pause Young (Allocation Failure) 138M->119M(157M) 3.392ms
[2020-08-05T23:33:28.373-0300] GC(2699) User=0.00s Sys=0.01s Real=0.00s
[2020-08-05T23:33:42.170-0300] GC(2700) Pause Young (Allocation Failure)
[2020-08-05T23:33:42.172-0300] GC(2700) PSYoungGen: 21472K->800K(21504K)
[2020-08-05T23:33:42.172-0300] GC(2700) ParOldGen: 120922K->121834K(139264K)
[2020-08-05T23:33:42.172-0300] GC(2700) Metaspace: 119165K->119165K(1163264K)
[2020-08-05T23:33:42.172-0300] GC(2700) Pause Young (Allocation Failure) 139M->119M(157M) 2.802ms
[2020-08-05T23:33:42.172-0300] GC(2700) User=0.01s Sys=0.00s Real=0.00s
[2020-08-05T23:33:53.184-0300] GC(2701) Pause Young (Allocation Failure)
[2020-08-05T23:33:53.186-0300] GC(2701) PSYoungGen: 21280K->640K(21504K)
[2020-08-05T23:33:53.186-0300] GC(2701) ParOldGen: 121834K->122530K(139264K)
[2020-08-05T23:33:53.186-0300] GC(2701) Metaspace: 119165K->119165K(1163264K)
[2020-08-05T23:33:53.186-0300] GC(2701) Pause Young (Allocation Failure) 139M->120M(157M) 2.616ms
[2020-08-05T23:33:53.186-0300] GC(2701) User=0.01s Sys=0.00s Real=0.01s
[2020-08-05T23:34:03.956-0300] GC(2702) Pause Young (Allocation Failure)
[2020-08-05T23:34:03.959-0300] GC(2702) PSYoungGen: 21120K->528K(21504K)
[2020-08-05T23:34:03.960-0300] GC(2702) ParOldGen: 122530K->122980K(139264K)
[2020-08-05T23:34:03.960-0300] GC(2702) Metaspace: 119165K->119165K(1163264K)
[2020-08-05T23:34:03.960-0300] GC(2702) Pause Young (Allocation Failure) 140M->120M(157M) 3.630ms
[2020-08-05T23:34:03.960-0300] GC(2702) User=0.01s Sys=0.00s Real=0.00s
[2020-08-05T23:34:05.377-0300] GC(2703) Pause Young (Allocation Failure)
[2020-08-05T23:34:05.380-0300] GC(2703) PSYoungGen: 21008K->464K(21504K)
[2020-08-05T23:34:05.380-0300] GC(2703) ParOldGen: 122980K->123384K(139264K)
[2020-08-05T23:34:05.380-0300] GC(2703) Metaspace: 119165K->119165K(1163264K)
[2020-08-05T23:34:05.380-0300] GC(2703) Pause Young (Allocation Failure) 140M->120M(157M) 2.963ms
[2020-08-05T23:34:05.380-0300] GC(2703) User=0.01s Sys=0.00s Real=0.00s
[2020-08-05T23:34:07.221-0300] GC(2704) Pause Young (Allocation Failure)
[2020-08-05T23:34:07.223-0300] GC(2704) PSYoungGen: 20944K->432K(21504K)
[2020-08-05T23:34:07.223-0300] GC(2704) ParOldGen: 123384K->123733K(139264K)
[2020-08-05T23:34:07.223-0300] GC(2704) Metaspace: 119165K->119165K(1163264K)
[2020-08-05T23:34:07.223-0300] GC(2704) Pause Young (Allocation Failure) 140M->121M(157M) 2.814ms
[2020-08-05T23:34:07.223-0300] GC(2704) User=0.00s Sys=0.00s Real=0.00s
[2020-08-05T23:34:08.716-0300] GC(2705) Pause Young (Allocation Failure)
[2020-08-05T23:34:08.720-0300] GC(2705) PSYoungGen: 20912K->352K(21504K)
[2020-08-05T23:34:08.720-0300] GC(2705) ParOldGen: 123733K->124010K(139264K)
[2020-08-05T23:34:08.720-0300] GC(2705) Metaspace: 119165K->119165K(1163264K)
[2020-08-05T23:34:08.720-0300] GC(2705) Pause Young (Allocation Failure) 141M->121M(157M) 3.319ms
[2020-08-05T23:34:08.720-0300] GC(2705) User=0.00s Sys=0.01s Real=0.00s
[2020-08-05T23:34:10.367-0300] GC(2706) Pause Young (Allocation Failure)
[2020-08-05T23:34:10.370-0300] GC(2706) PSYoungGen: 20832K->320K(21504K)
[2020-08-05T23:34:10.370-0300] GC(2706) ParOldGen: 124010K->124288K(139264K)
[2020-08-05T23:34:10.370-0300] GC(2706) Metaspace: 119165K->119165K(1163264K)
[2020-08-05T23:34:10.370-0300] GC(2706) Pause Young (Allocation Failure) 141M->121M(157M) 3.134ms
[2020-08-05T23:34:10.370-0300] GC(2706) User=0.01s Sys=0.00s Real=0.00s
[2020-08-05T23:34:14.853-0300] GC(2707) Pause Young (Allocation Failure)
[2020-08-05T23:34:14.856-0300] GC(2707) PSYoungGen: 20791K->374K(21504K)
[2020-08-05T23:34:14.856-0300] GC(2707) ParOldGen: 124288K->124368K(139264K)
[2020-08-05T23:34:14.856-0300] GC(2707) Metaspace: 119166K->119166K(1163264K)
[2020-08-05T23:34:14.856-0300] GC(2707) Pause Young (Allocation Failure) 141M->121M(157M) 3.050ms
[2020-08-05T23:34:14.856-0300] GC(2707) User=0.00s Sys=0.00s Real=0.01s
[2020-08-05T23:34:37.241-0300] GC(2708) Pause Young (Allocation Failure)
[2020-08-05T23:34:37.244-0300] GC(2708) PSYoungGen: 20854K->352K(21504K)
[2020-08-05T23:34:37.244-0300] GC(2708) ParOldGen: 124368K->124536K(139264K)
[2020-08-05T23:34:37.244-0300] GC(2708) Metaspace: 119166K->119166K(1163264K)
[2020-08-05T23:34:37.244-0300] GC(2708) Pause Young (Allocation Failure) 141M->121M(157M) 3.303ms
[2020-08-05T23:34:37.244-0300] GC(2708) User=0.01s Sys=0.00s Real=0.01s
[2020-08-05T23:34:59.849-0300] GC(2709) Pause Young (Allocation Failure)
[2020-08-05T23:34:59.852-0300] GC(2709) PSYoungGen: 20832K->448K(21504K)
[2020-08-05T23:34:59.852-0300] GC(2709) ParOldGen: 124536K->124792K(139264K)
[2020-08-05T23:34:59.852-0300] GC(2709) Metaspace: 119166K->119166K(1163264K)
[2020-08-05T23:34:59.852-0300] GC(2709) Pause Young (Allocation Failure) 141M->122M(157M) 3.068ms
[2020-08-05T23:34:59.852-0300] GC(2709) User=0.00s Sys=0.00s Real=0.00s
[2020-08-05T23:35:16.643-0300] GC(2710) Pause Young (Allocation Failure)
[2020-08-05T23:35:16.646-0300] GC(2710) PSYoungGen: 20928K->528K(21504K)
[2020-08-05T23:35:16.646-0300] GC(2710) ParOldGen: 124792K->125064K(139264K)
[2020-08-05T23:35:16.646-0300] GC(2710) Metaspace: 119166K->119166K(1163264K)
[2020-08-05T23:35:16.646-0300] GC(2710) Pause Young (Allocation Failure) 142M->122M(157M) 2.961ms
[2020-08-05T23:35:16.646-0300] GC(2710) User=0.01s Sys=0.00s Real=0.01s
[2020-08-05T23:35:29.224-0300] GC(2711) Pause Young (Allocation Failure)
[2020-08-05T23:35:29.227-0300] GC(2711) PSYoungGen: 21008K->480K(21504K)
[2020-08-05T23:35:29.227-0300] GC(2711) ParOldGen: 125064K->125480K(139264K)
[2020-08-05T23:35:29.227-0300] GC(2711) Metaspace: 119166K->119166K(1163264K)
[2020-08-05T23:35:29.227-0300] GC(2711) Pause Young (Allocation Failure) 142M->123M(157M) 3.520ms
[2020-08-05T23:35:29.228-0300] GC(2711) User=0.01s Sys=0.00s Real=0.00s
[2020-08-05T23:35:42.998-0300] GC(2712) Pause Young (Allocation Failure)
[2020-08-05T23:35:43.002-0300] GC(2712) PSYoungGen: 20960K->512K(21504K)
[2020-08-05T23:35:43.002-0300] GC(2712) ParOldGen: 125480K->125833K(139264K)
[2020-08-05T23:35:43.002-0300] GC(2712) Metaspace: 119168K->119168K(1163264K)
[2020-08-05T23:35:43.002-0300] GC(2712) Pause Young (Allocation Failure) 143M->123M(157M) 4.154ms
[2020-08-05T23:35:43.002-0300] GC(2712) User=0.00s Sys=0.00s Real=0.00s
[2020-08-05T23:35:54.845-0300] GC(2713) Pause Young (Allocation Failure)
[2020-08-05T23:35:54.848-0300] GC(2713) PSYoungGen: 20992K->480K(21504K)
[2020-08-05T23:35:54.849-0300] GC(2713) ParOldGen: 125833K->126282K(139264K)
[2020-08-05T23:35:54.849-0300] GC(2713) Metaspace: 119168K->119168K(1163264K)
[2020-08-05T23:35:54.849-0300] GC(2713) Pause Young (Allocation Failure) 143M->123M(157M) 3.733ms
[2020-08-05T23:35:54.849-0300] GC(2713) User=0.00s Sys=0.00s Real=0.00s
[2020-08-05T23:36:09.297-0300] GC(2714) Pause Young (Allocation Failure)
[2020-08-05T23:36:09.301-0300] GC(2714) PSYoungGen: 20960K->432K(21504K)
[2020-08-05T23:36:09.301-0300] GC(2714) ParOldGen: 126282K->126619K(139264K)
[2020-08-05T23:36:09.301-0300] GC(2714) Metaspace: 119168K->119168K(1163264K)
[2020-08-05T23:36:09.301-0300] GC(2714) Pause Young (Allocation Failure) 143M->124M(157M) 3.615ms
[2020-08-05T23:36:09.301-0300] GC(2714) User=0.01s Sys=0.00s Real=0.00s
[2020-08-05T23:36:15.606-0300] GC(2715) Pause Young (Allocation Failure)
[2020-08-05T23:36:15.609-0300] GC(2715) PSYoungGen: 20911K->384K(21504K)
[2020-08-05T23:36:15.609-0300] GC(2715) ParOldGen: 126619K->126916K(139264K)
[2020-08-05T23:36:15.609-0300] GC(2715) Metaspace: 119168K->119168K(1163264K)
[2020-08-05T23:36:15.609-0300] GC(2715) Pause Young (Allocation Failure) 144M->124M(157M) 3.587ms
[2020-08-05T23:36:15.609-0300] GC(2715) User=0.01s Sys=0.00s Real=0.00s
[2020-08-05T23:36:17.167-0300] GC(2716) Pause Young (Allocation Failure)
[2020-08-05T23:36:17.171-0300] GC(2716) PSYoungGen: 20864K->304K(21504K)
[2020-08-05T23:36:17.171-0300] GC(2716) ParOldGen: 126916K->127133K(139264K)
[2020-08-05T23:36:17.171-0300] GC(2716) Metaspace: 119168K->119168K(1163264K)
[2020-08-05T23:36:17.171-0300] GC(2716) Pause Young (Allocation Failure) 144M->124M(157M) 3.689ms
[2020-08-05T23:36:17.171-0300] GC(2716) User=0.00s Sys=0.00s Real=0.00s
[2020-08-05T23:36:18.878-0300] GC(2717) Pause Young (Allocation Failure)
[2020-08-05T23:36:18.881-0300] GC(2717) PSYoungGen: 20784K->401K(21504K)
[2020-08-05T23:36:18.881-0300] GC(2717) ParOldGen: 127133K->127342K(139264K)
[2020-08-05T23:36:18.881-0300] GC(2717) Metaspace: 119168K->119168K(1163264K)
[2020-08-05T23:36:18.881-0300] GC(2717) Pause Young (Allocation Failure) 144M->124M(157M) 2.860ms
[2020-08-05T23:36:18.881-0300] GC(2717) User=0.01s Sys=0.00s Real=0.00s
[2020-08-05T23:36:24.181-0300] GC(2718) Pause Young (Allocation Failure)
[2020-08-05T23:36:24.184-0300] GC(2718) PSYoungGen: 20881K->256K(21504K)
[2020-08-05T23:36:24.184-0300] GC(2718) ParOldGen: 127342K->127490K(139264K)
[2020-08-05T23:36:24.184-0300] GC(2718) Metaspace: 119168K->119168K(1163264K)
[2020-08-05T23:36:24.184-0300] GC(2718) Pause Young (Allocation Failure) 144M->124M(157M) 3.189ms
[2020-08-05T23:36:24.184-0300] GC(2718) User=0.00s Sys=0.00s Real=0.01s
[2020-08-05T23:36:46.180-0300] GC(2719) Pause Young (Allocation Failure)
[2020-08-05T23:36:46.183-0300] GC(2719) PSYoungGen: 20736K->192K(21504K)
[2020-08-05T23:36:46.183-0300] GC(2719) ParOldGen: 127490K->127598K(139264K)
[2020-08-05T23:36:46.183-0300] GC(2719) Metaspace: 119168K->119168K(1163264K)
[2020-08-05T23:36:46.183-0300] GC(2719) Pause Young (Allocation Failure) 144M->124M(157M) 3.235ms
[2020-08-05T23:36:46.183-0300] GC(2719) User=0.00s Sys=0.01s Real=0.00s
[2020-08-05T23:37:09.847-0300] GC(2720) Pause Young (Allocation Failure)
[2020-08-05T23:37:09.850-0300] GC(2720) PSYoungGen: 20672K->96K(21504K)
[2020-08-05T23:37:09.850-0300] GC(2720) ParOldGen: 127598K->127614K(139264K)
[2020-08-05T23:37:09.850-0300] GC(2720) Metaspace: 119168K->119168K(1163264K)
[2020-08-05T23:37:09.850-0300] GC(2720) Pause Young (Allocation Failure) 144M->124M(157M) 3.210ms
[2020-08-05T23:37:09.850-0300] GC(2720) User=0.00s Sys=0.00s Real=0.00s
[2020-08-05T23:37:24.852-0300] GC(2721) Pause Young (Allocation Failure)
[2020-08-05T23:37:24.855-0300] GC(2721) PSYoungGen: 20576K->523K(21504K)
[2020-08-05T23:37:24.855-0300] GC(2721) ParOldGen: 127614K->127638K(139264K)
[2020-08-05T23:37:24.855-0300] GC(2721) Metaspace: 119168K->119168K(1163264K)
[2020-08-05T23:37:24.855-0300] GC(2721) Pause Young (Allocation Failure) 144M->125M(157M) 3.245ms
[2020-08-05T23:37:24.855-0300] GC(2721) User=0.01s Sys=0.00s Real=0.01s
[2020-08-05T23:37:36.180-0300] GC(2722) Pause Young (Allocation Failure)
[2020-08-05T23:37:36.184-0300] GC(2722) PSYoungGen: 21003K->401K(21504K)
[2020-08-05T23:37:36.184-0300] GC(2722) ParOldGen: 127638K->127771K(139264K)
[2020-08-05T23:37:36.184-0300] GC(2722) Metaspace: 119168K->119168K(1163264K)
[2020-08-05T23:37:36.184-0300] GC(2722) Pause Young (Allocation Failure) 145M->125M(157M) 3.800ms
[2020-08-05T23:37:36.184-0300] GC(2722) User=0.01s Sys=0.00s Real=0.01s
[2020-08-05T23:37:50.180-0300] GC(2723) Pause Young (Allocation Failure)
[2020-08-05T23:37:50.183-0300] GC(2723) PSYoungGen: 20881K->432K(21504K)
[2020-08-05T23:37:50.183-0300] GC(2723) ParOldGen: 127771K->127956K(139264K)
[2020-08-05T23:37:50.183-0300] GC(2723) Metaspace: 119168K->119168K(1163264K)
[2020-08-05T23:37:50.183-0300] GC(2723) Pause Young (Allocation Failure) 145M->125M(157M) 3.291ms
[2020-08-05T23:37:50.183-0300] GC(2723) User=0.01s Sys=0.01s Real=0.00s
[2020-08-05T23:38:02.339-0300] GC(2724) Pause Young (Allocation Failure)
[2020-08-05T23:38:02.343-0300] GC(2724) PSYoungGen: 20912K->305K(21504K)
[2020-08-05T23:38:02.343-0300] GC(2724) ParOldGen: 127956K->128220K(139264K)
[2020-08-05T23:38:02.343-0300] GC(2724) Metaspace: 119168K->119168K(1163264K)
[2020-08-05T23:38:02.343-0300] GC(2724) Pause Young (Allocation Failure) 145M->125M(157M) 4.602ms
[2020-08-05T23:38:02.344-0300] GC(2724) User=0.01s Sys=0.01s Real=0.00s
[2020-08-05T23:38:16.555-0300] GC(2725) Pause Young (Allocation Failure)
[2020-08-05T23:38:16.558-0300] GC(2725) PSYoungGen: 20785K->256K(21504K)
[2020-08-05T23:38:16.558-0300] GC(2725) ParOldGen: 128220K->128385K(139264K)
[2020-08-05T23:38:16.558-0300] GC(2725) Metaspace: 119168K->119168K(1163264K)
[2020-08-05T23:38:16.558-0300] GC(2725) Pause Young (Allocation Failure) 145M->125M(157M) 2.707ms
[2020-08-05T23:38:16.558-0300] GC(2725) User=0.00s Sys=0.00s Real=0.00s
[2020-08-05T23:38:28.707-0300] GC(2726) Pause Young (Allocation Failure)
[2020-08-05T23:38:28.711-0300] GC(2726) PSYoungGen: 20736K->496K(21504K)
[2020-08-05T23:38:28.711-0300] GC(2726) ParOldGen: 128385K->128526K(139264K)
[2020-08-05T23:38:28.711-0300] GC(2726) Metaspace: 119168K->119168K(1163264K)
[2020-08-05T23:38:28.711-0300] GC(2726) Pause Young (Allocation Failure) 145M->125M(157M) 3.827ms
[2020-08-05T23:38:28.711-0300] GC(2726) User=0.01s Sys=0.00s Real=0.00s
[2020-08-05T23:38:41.177-0300] GC(2727) Pause Young (Allocation Failure)
[2020-08-05T23:38:41.180-0300] GC(2727) PSYoungGen: 20976K->736K(21504K)
[2020-08-05T23:38:41.180-0300] GC(2727) ParOldGen: 128526K->128963K(139264K)
[2020-08-05T23:38:41.180-0300] GC(2727) Metaspace: 119168K->119168K(1163264K)
[2020-08-05T23:38:41.180-0300] GC(2727) Pause Young (Allocation Failure) 145M->126M(157M) 3.041ms
[2020-08-05T23:38:41.180-0300] GC(2727) User=0.01s Sys=0.00s Real=0.00s
[2020-08-05T23:38:55.078-0300] GC(2728) Pause Young (Allocation Failure)
[2020-08-05T23:38:55.081-0300] GC(2728) PSYoungGen: 21216K->592K(21504K)
[2020-08-05T23:38:55.081-0300] GC(2728) ParOldGen: 128963K->129472K(139264K)
[2020-08-05T23:38:55.081-0300] GC(2728) Metaspace: 119168K->119168K(1163264K)
[2020-08-05T23:38:55.081-0300] GC(2728) Pause Young (Allocation Failure) 146M->127M(157M) 3.178ms
[2020-08-05T23:38:55.081-0300] GC(2728) User=0.00s Sys=0.00s Real=0.00s
[2020-08-05T23:39:06.213-0300] GC(2729) Pause Young (Allocation Failure)
[2020-08-05T23:39:06.217-0300] GC(2729) PSYoungGen: 21072K->576K(21504K)
[2020-08-05T23:39:06.217-0300] GC(2729) ParOldGen: 129472K->129940K(139264K)
[2020-08-05T23:39:06.217-0300] GC(2729) Metaspace: 119168K->119168K(1163264K)
[2020-08-05T23:39:06.217-0300] GC(2729) Pause Young (Allocation Failure) 147M->127M(157M) 3.946ms
[2020-08-05T23:39:06.217-0300] GC(2729) User=0.01s Sys=0.00s Real=0.01s
[2020-08-05T23:39:16.529-0300] GC(2730) Pause Young (Allocation Failure)
[2020-08-05T23:39:16.533-0300] GC(2730) PSYoungGen: 21056K->448K(21504K)
[2020-08-05T23:39:16.533-0300] GC(2730) ParOldGen: 129940K->130434K(139264K)
[2020-08-05T23:39:16.533-0300] GC(2730) Metaspace: 119168K->119168K(1163264K)
[2020-08-05T23:39:16.533-0300] GC(2730) Pause Young (Allocation Failure) 147M->127M(157M) 3.489ms
[2020-08-05T23:39:16.533-0300] GC(2730) User=0.01s Sys=0.00s Real=0.00s
[2020-08-05T23:39:28.546-0300] GC(2731) Pause Young (Allocation Failure)
[2020-08-05T23:39:28.550-0300] GC(2731) PSYoungGen: 20928K->352K(21504K)
[2020-08-05T23:39:28.550-0300] GC(2731) ParOldGen: 130434K->130766K(139264K)
[2020-08-05T23:39:28.550-0300] GC(2731) Metaspace: 119168K->119168K(1163264K)
[2020-08-05T23:39:28.550-0300] GC(2731) Pause Young (Allocation Failure) 147M->128M(157M) 4.015ms
[2020-08-05T23:39:28.550-0300] GC(2731) User=0.00s Sys=0.00s Real=0.00s
[2020-08-05T23:39:42.921-0300] GC(2732) Pause Young (Allocation Failure)
[2020-08-05T23:39:42.924-0300] GC(2732) PSYoungGen: 20832K->416K(21504K)
[2020-08-05T23:39:42.924-0300] GC(2732) ParOldGen: 130766K->130979K(139264K)
[2020-08-05T23:39:42.924-0300] GC(2732) Metaspace: 119168K->119168K(1163264K)
[2020-08-05T23:39:42.924-0300] GC(2732) Pause Young (Allocation Failure) 148M->128M(157M) 2.775ms
[2020-08-05T23:39:42.924-0300] GC(2732) User=0.01s Sys=0.00s Real=0.00s
[2020-08-05T23:39:53.500-0300] GC(2733) Pause Young (Allocation Failure)
[2020-08-05T23:39:53.504-0300] GC(2733) PSYoungGen: 20896K->480K(21504K)
[2020-08-05T23:39:53.504-0300] GC(2733) ParOldGen: 130979K->131288K(139264K)
[2020-08-05T23:39:53.504-0300] GC(2733) Metaspace: 119168K->119168K(1163264K)
[2020-08-05T23:39:53.504-0300] GC(2733) Pause Young (Allocation Failure) 148M->128M(157M) 3.561ms
[2020-08-05T23:39:53.504-0300] GC(2733) User=0.01s Sys=0.00s Real=0.00s
[2020-08-05T23:40:07.490-0300] GC(2734) Pause Young (Allocation Failure)
[2020-08-05T23:40:07.493-0300] GC(2734) PSYoungGen: 20960K->576K(21504K)
[2020-08-05T23:40:07.493-0300] GC(2734) ParOldGen: 131288K->131677K(139264K)
[2020-08-05T23:40:07.493-0300] GC(2734) Metaspace: 119168K->119168K(1163264K)
[2020-08-05T23:40:07.493-0300] GC(2734) Pause Young (Allocation Failure) 148M->129M(157M) 3.235ms
[2020-08-05T23:40:07.493-0300] GC(2734) User=0.01s Sys=0.00s Real=0.00s
[2020-08-05T23:40:19.917-0300] GC(2735) Pause Young (Allocation Failure)
[2020-08-05T23:40:19.922-0300] GC(2735) PSYoungGen: 21056K->352K(21504K)
[2020-08-05T23:40:19.922-0300] GC(2735) ParOldGen: 131677K->132114K(139264K)
[2020-08-05T23:40:19.922-0300] GC(2735) Metaspace: 119168K->119168K(1163264K)
[2020-08-05T23:40:19.922-0300] GC(2735) Pause Young (Allocation Failure) 149M->129M(157M) 5.455ms
[2020-08-05T23:40:19.922-0300] GC(2735) User=0.01s Sys=0.00s Real=0.00s
[2020-08-05T23:40:32.176-0300] GC(2736) Pause Young (Allocation Failure)
[2020-08-05T23:40:32.179-0300] GC(2736) PSYoungGen: 20832K->528K(21504K)
[2020-08-05T23:40:32.179-0300] GC(2736) ParOldGen: 132114K->132378K(139264K)
[2020-08-05T23:40:32.179-0300] GC(2736) Metaspace: 119168K->119168K(1163264K)
[2020-08-05T23:40:32.179-0300] GC(2736) Pause Young (Allocation Failure) 149M->129M(157M) 3.434ms
[2020-08-05T23:40:32.179-0300] GC(2736) User=0.01s Sys=0.00s Real=0.00s
[2020-08-05T23:40:46.429-0300] GC(2737) Pause Young (Allocation Failure)
[2020-08-05T23:40:46.432-0300] GC(2737) PSYoungGen: 21008K->480K(21504K)
[2020-08-05T23:40:46.432-0300] GC(2737) ParOldGen: 132378K->132739K(139264K)
[2020-08-05T23:40:46.432-0300] GC(2737) Metaspace: 119168K->119168K(1163264K)
[2020-08-05T23:40:46.432-0300] GC(2737) Pause Young (Allocation Failure) 149M->130M(157M) 2.540ms
[2020-08-05T23:40:46.432-0300] GC(2737) User=0.01s Sys=0.00s Real=0.00s
[2020-08-05T23:40:57.532-0300] GC(2738) Pause Young (Allocation Failure)
[2020-08-05T23:40:57.535-0300] GC(2738) PSYoungGen: 20960K->496K(21504K)
[2020-08-05T23:40:57.535-0300] GC(2738) ParOldGen: 132739K->133116K(139264K)
[2020-08-05T23:40:57.535-0300] GC(2738) Metaspace: 119168K->119168K(1163264K)
[2020-08-05T23:40:57.535-0300] GC(2738) Pause Young (Allocation Failure) 150M->130M(157M) 2.876ms
[2020-08-05T23:40:57.535-0300] GC(2738) User=0.00s Sys=0.00s Real=0.01s
[2020-08-05T23:41:07.973-0300] GC(2739) Pause Young (Allocation Failure)
[2020-08-05T23:41:07.977-0300] GC(2739) PSYoungGen: 20976K->368K(21504K)
[2020-08-05T23:41:07.978-0300] GC(2739) ParOldGen: 133116K->133465K(139264K)
[2020-08-05T23:41:07.978-0300] GC(2739) Metaspace: 119168K->119168K(1163264K)
[2020-08-05T23:41:07.978-0300] GC(2739) Pause Young (Allocation Failure) 150M->130M(157M) 4.234ms
[2020-08-05T23:41:07.978-0300] GC(2739) User=0.00s Sys=0.00s Real=0.01s
[2020-08-05T23:41:19.188-0300] GC(2740) Pause Young (Allocation Failure)
[2020-08-05T23:41:19.191-0300] GC(2740) PSYoungGen: 20848K->416K(21504K)
[2020-08-05T23:41:19.191-0300] GC(2740) ParOldGen: 133465K->133710K(139264K)
[2020-08-05T23:41:19.191-0300] GC(2740) Metaspace: 119168K->119168K(1163264K)
[2020-08-05T23:41:19.191-0300] GC(2740) Pause Young (Allocation Failure) 150M->130M(157M) 3.576ms
[2020-08-05T23:41:19.191-0300] GC(2740) User=0.01s Sys=0.00s Real=0.00s
[2020-08-05T23:41:34.174-0300] GC(2741) Pause Young (Allocation Failure)
[2020-08-05T23:41:34.177-0300] GC(2741) PSYoungGen: 20896K->320K(21504K)
[2020-08-05T23:41:34.177-0300] GC(2741) ParOldGen: 133710K->134007K(139264K)
[2020-08-05T23:41:34.177-0300] GC(2741) Metaspace: 119168K->119168K(1163264K)
[2020-08-05T23:41:34.178-0300] GC(2741) Pause Young (Allocation Failure) 150M->131M(157M) 3.038ms
[2020-08-05T23:41:34.178-0300] GC(2741) User=0.01s Sys=0.00s Real=0.00s
[2020-08-05T23:41:35.819-0300] GC(2742) Pause Young (Allocation Failure)
[2020-08-05T23:41:35.822-0300] GC(2742) PSYoungGen: 20800K->352K(21504K)
[2020-08-05T23:41:35.822-0300] GC(2742) ParOldGen: 134007K->134176K(139264K)
[2020-08-05T23:41:35.822-0300] GC(2742) Metaspace: 119168K->119168K(1163264K)
[2020-08-05T23:41:35.822-0300] GC(2742) Pause Young (Allocation Failure) 151M->131M(157M) 3.366ms
[2020-08-05T23:41:35.822-0300] GC(2742) User=0.00s Sys=0.00s Real=0.00s
[2020-08-05T23:41:37.542-0300] GC(2743) Pause Young (Allocation Failure)
[2020-08-05T23:41:37.545-0300] GC(2743) PSYoungGen: 20824K->320K(21504K)
[2020-08-05T23:41:37.545-0300] GC(2743) ParOldGen: 134176K->134373K(139264K)
[2020-08-05T23:41:37.545-0300] GC(2743) Metaspace: 119168K->119168K(1163264K)
[2020-08-05T23:41:37.545-0300] GC(2743) Pause Young (Allocation Failure) 151M->131M(157M) 3.256ms
[2020-08-05T23:41:37.545-0300] GC(2743) User=0.01s Sys=0.00s Real=0.01s
[2020-08-05T23:41:39.157-0300] GC(2744) Pause Young (Allocation Failure)
[2020-08-05T23:41:39.160-0300] GC(2744) PSYoungGen: 20800K->369K(21504K)
[2020-08-05T23:41:39.160-0300] GC(2744) ParOldGen: 134373K->134602K(139264K)
[2020-08-05T23:41:39.160-0300] GC(2744) Metaspace: 119168K->119168K(1163264K)
[2020-08-05T23:41:39.160-0300] GC(2744) Pause Young (Allocation Failure) 151M->131M(157M) 2.678ms
[2020-08-05T23:41:39.160-0300] GC(2744) User=0.01s Sys=0.00s Real=0.00s
[2020-08-05T23:41:40.593-0300] GC(2745) Pause Young (Allocation Failure)
[2020-08-05T23:41:40.597-0300] GC(2745) PSYoungGen: 20849K->320K(21504K)
[2020-08-05T23:41:40.597-0300] GC(2745) ParOldGen: 134602K->134828K(139264K)
[2020-08-05T23:41:40.597-0300] GC(2745) Metaspace: 119168K->119168K(1163264K)
[2020-08-05T23:41:40.597-0300] GC(2745) Pause Young (Allocation Failure) 151M->131M(157M) 3.377ms
[2020-08-05T23:41:40.597-0300] GC(2745) User=0.00s Sys=0.00s Real=0.01s
[2020-08-05T23:41:42.097-0300] GC(2746) Pause Young (Allocation Failure)
[2020-08-05T23:41:42.100-0300] GC(2746) PSYoungGen: 20799K->384K(21504K)
[2020-08-05T23:41:42.100-0300] GC(2746) ParOldGen: 134828K->135033K(139264K)
[2020-08-05T23:41:42.100-0300] GC(2746) Metaspace: 119168K->119168K(1163264K)
[2020-08-05T23:41:42.100-0300] GC(2746) Pause Young (Allocation Failure) 151M->132M(157M) 2.794ms
[2020-08-05T23:41:42.100-0300] GC(2746) User=0.01s Sys=0.00s Real=0.00s
[2020-08-05T23:41:59.853-0300] GC(2747) Pause Young (Allocation Failure)
[2020-08-05T23:41:59.857-0300] GC(2747) PSYoungGen: 20856K->198K(21504K)
[2020-08-05T23:41:59.857-0300] GC(2747) ParOldGen: 135033K->135105K(139264K)
[2020-08-05T23:41:59.857-0300] GC(2747) Metaspace: 119168K->119168K(1163264K)
[2020-08-05T23:41:59.857-0300] GC(2747) Pause Young (Allocation Failure) 152M->132M(157M) 3.964ms
[2020-08-05T23:41:59.857-0300] GC(2747) User=0.01s Sys=0.00s Real=0.01s
[2020-08-05T23:42:19.853-0300] GC(2748) Pause Young (Allocation Failure)
[2020-08-05T23:42:19.857-0300] GC(2748) PSYoungGen: 20651K->395K(21504K)
[2020-08-05T23:42:19.857-0300] GC(2748) ParOldGen: 135105K->135129K(139264K)
[2020-08-05T23:42:19.857-0300] GC(2748) Metaspace: 119168K->119168K(1163264K)
[2020-08-05T23:42:19.857-0300] GC(2748) Pause Young (Allocation Failure) 152M->132M(157M) 3.703ms
[2020-08-05T23:42:19.857-0300] GC(2748) User=0.00s Sys=0.00s Real=0.01s
[2020-08-05T23:42:42.293-0300] GC(2749) Pause Young (Allocation Failure)
[2020-08-05T23:42:42.297-0300] GC(2749) PSYoungGen: 20875K->224K(21504K)
[2020-08-05T23:42:42.297-0300] GC(2749) ParOldGen: 135129K->135169K(139264K)
[2020-08-05T23:42:42.297-0300] GC(2749) Metaspace: 119168K->119168K(1163264K)
[2020-08-05T23:42:42.297-0300] GC(2749) Pause Young (Allocation Failure) 152M->132M(157M) 3.839ms
[2020-08-05T23:42:42.297-0300] GC(2749) User=0.01s Sys=0.00s Real=0.01s
[2020-08-05T23:42:53.111-0300] GC(2750) Pause Young (Allocation Failure)
[2020-08-05T23:42:53.114-0300] GC(2750) PSYoungGen: 20701K->320K(21504K)
[2020-08-05T23:42:53.114-0300] GC(2750) ParOldGen: 135169K->135336K(139264K)
[2020-08-05T23:42:53.114-0300] GC(2750) Metaspace: 119168K->119168K(1163264K)
[2020-08-05T23:42:53.114-0300] GC(2750) Pause Young (Allocation Failure) 152M->132M(157M) 2.617ms
[2020-08-05T23:42:53.114-0300] GC(2750) User=0.01s Sys=0.00s Real=0.01s
[2020-08-05T23:43:07.627-0300] GC(2751) Pause Young (Allocation Failure)
[2020-08-05T23:43:07.631-0300] GC(2751) PSYoungGen: 20800K->272K(21504K)
[2020-08-05T23:43:07.631-0300] GC(2751) ParOldGen: 135336K->135529K(139264K)
[2020-08-05T23:43:07.631-0300] GC(2751) Metaspace: 119168K->119168K(1163264K)
[2020-08-05T23:43:07.631-0300] GC(2751) Pause Young (Allocation Failure) 152M->132M(157M) 3.316ms
[2020-08-05T23:43:07.631-0300] GC(2751) User=0.01s Sys=0.00s Real=0.00s
[2020-08-05T23:43:19.424-0300] GC(2752) Pause Young (Allocation Failure)
[2020-08-05T23:43:19.428-0300] GC(2752) PSYoungGen: 20752K->369K(21504K)
[2020-08-05T23:43:19.428-0300] GC(2752) ParOldGen: 135529K->135682K(139264K)
[2020-08-05T23:43:19.428-0300] GC(2752) Metaspace: 119168K->119168K(1163264K)
[2020-08-05T23:43:19.428-0300] GC(2752) Pause Young (Allocation Failure) 152M->132M(157M) 4.650ms
[2020-08-05T23:43:19.428-0300] GC(2752) User=0.00s Sys=0.00s Real=0.01s
[2020-08-05T23:43:31.649-0300] GC(2753) Pause Young (Allocation Failure)
[2020-08-05T23:43:31.653-0300] GC(2753) PSYoungGen: 20849K->576K(21504K)
[2020-08-05T23:43:31.653-0300] GC(2753) ParOldGen: 135682K->135927K(139264K)
[2020-08-05T23:43:31.653-0300] GC(2753) Metaspace: 119168K->119168K(1163264K)
[2020-08-05T23:43:31.653-0300] GC(2753) Pause Young (Allocation Failure) 152M->133M(157M) 3.332ms
[2020-08-05T23:43:31.653-0300] GC(2753) User=0.00s Sys=0.00s Real=0.00s
[2020-08-05T23:43:45.742-0300] GC(2754) Pause Young (Allocation Failure)
[2020-08-05T23:43:45.746-0300] GC(2754) PSYoungGen: 21056K->544K(21504K)
[2020-08-05T23:43:45.746-0300] GC(2754) ParOldGen: 135927K->136400K(139264K)
[2020-08-05T23:43:45.746-0300] GC(2754) Metaspace: 119168K->119168K(1163264K)
[2020-08-05T23:43:45.746-0300] GC(2754) Pause Young (Allocation Failure) 153M->133M(157M) 3.762ms
[2020-08-05T23:43:45.746-0300] GC(2754) User=0.00s Sys=0.00s Real=0.01s
[2020-08-05T23:43:47.272-0300] GC(2755) Pause Young (Allocation Failure)
[2020-08-05T23:43:47.276-0300] GC(2755) PSYoungGen: 21024K->369K(21504K)
[2020-08-05T23:43:47.276-0300] GC(2755) ParOldGen: 136400K->136865K(139264K)
[2020-08-05T23:43:47.276-0300] GC(2755) Metaspace: 119168K->119168K(1163264K)
[2020-08-05T23:43:47.276-0300] GC(2755) Pause Young (Allocation Failure) 153M->134M(157M) 3.499ms
[2020-08-05T23:43:47.276-0300] GC(2755) User=0.00s Sys=0.00s Real=0.01s
[2020-08-05T23:43:49.103-0300] GC(2756) Pause Young (Allocation Failure)
[2020-08-05T23:43:49.106-0300] GC(2756) PSYoungGen: 20849K->416K(21504K)
[2020-08-05T23:43:49.106-0300] GC(2756) ParOldGen: 136865K->137142K(139264K)
[2020-08-05T23:43:49.106-0300] GC(2756) Metaspace: 119168K->119168K(1163264K)
[2020-08-05T23:43:49.106-0300] GC(2756) Pause Young (Allocation Failure) 154M->134M(157M) 2.525ms
[2020-08-05T23:43:49.106-0300] GC(2756) User=0.01s Sys=0.00s Real=0.01s
[2020-08-05T23:43:50.325-0300] GC(2757) Pause Young (Allocation Failure)
[2020-08-05T23:43:50.328-0300] GC(2757) PSYoungGen: 20896K->368K(21504K)
[2020-08-05T23:43:50.328-0300] GC(2757) ParOldGen: 137142K->137427K(139264K)
[2020-08-05T23:43:50.328-0300] GC(2757) Metaspace: 119168K->119168K(1163264K)
[2020-08-05T23:43:50.328-0300] GC(2757) Pause Young (Allocation Failure) 154M->134M(157M) 3.434ms
[2020-08-05T23:43:50.328-0300] GC(2757) User=0.00s Sys=0.00s Real=0.00s
[2020-08-05T23:44:04.846-0300] GC(2758) Pause Young (Allocation Failure)
[2020-08-05T23:44:04.849-0300] GC(2758) PSYoungGen: 20848K->448K(21504K)
[2020-08-05T23:44:04.849-0300] GC(2758) ParOldGen: 137427K->137527K(139264K)
[2020-08-05T23:44:04.849-0300] GC(2758) Metaspace: 119168K->119168K(1163264K)
[2020-08-05T23:44:04.849-0300] GC(2758) Pause Young (Allocation Failure) 154M->134M(157M) 2.640ms
[2020-08-05T23:44:04.849-0300] GC(2758) User=0.01s Sys=0.00s Real=0.00s
[2020-08-05T23:44:25.170-0300] GC(2759) Pause Young (Allocation Failure)
[2020-08-05T23:44:25.174-0300] GC(2759) PSYoungGen: 20928K->512K(21504K)
[2020-08-05T23:44:25.174-0300] GC(2759) ParOldGen: 137527K->137899K(139264K)
[2020-08-05T23:44:25.174-0300] GC(2759) Metaspace: 119168K->119168K(1163264K)
[2020-08-05T23:44:25.174-0300] GC(2759) Pause Young (Allocation Failure) 154M->135M(157M) 3.719ms
[2020-08-05T23:44:25.174-0300] GC(2759) User=0.01s Sys=0.00s Real=0.01s
[2020-08-05T23:44:49.171-0300] GC(2760) Pause Young (Allocation Failure)
[2020-08-05T23:44:49.174-0300] GC(2760) PSYoungGen: 20991K->480K(21504K)
[2020-08-05T23:44:49.174-0300] GC(2760) ParOldGen: 137899K->138244K(139264K)
[2020-08-05T23:44:49.174-0300] GC(2760) Metaspace: 119168K->119168K(1163264K)
[2020-08-05T23:44:49.174-0300] GC(2760) Pause Young (Allocation Failure) 155M->135M(157M) 2.659ms
[2020-08-05T23:44:49.174-0300] GC(2760) User=0.00s Sys=0.00s Real=0.00s
[2020-08-05T23:45:01.436-0300] GC(2761) Pause Young (Allocation Failure)
[2020-08-05T23:45:01.441-0300] GC(2761) PSYoungGen: 20960K->416K(21504K)
[2020-08-05T23:45:01.441-0300] GC(2761) ParOldGen: 138244K->138532K(139264K)
[2020-08-05T23:45:01.441-0300] GC(2761) Metaspace: 119168K->119168K(1163264K)
[2020-08-05T23:45:01.441-0300] GC(2761) Pause Young (Allocation Failure) 155M->135M(157M) 4.221ms
[2020-08-05T23:45:01.441-0300] GC(2761) User=0.00s Sys=0.00s Real=0.00s
[2020-08-05T23:45:14.172-0300] GC(2762) Pause Young (Allocation Failure)
[2020-08-05T23:45:14.176-0300] GC(2762) PSYoungGen: 20896K->672K(21504K)
[2020-08-05T23:45:14.176-0300] GC(2762) ParOldGen: 138532K->138804K(139264K)
[2020-08-05T23:45:14.176-0300] GC(2762) Metaspace: 119168K->119168K(1163264K)
[2020-08-05T23:45:14.176-0300] GC(2762) Pause Young (Allocation Failure) 155M->136M(157M) 3.575ms
[2020-08-05T23:45:14.176-0300] GC(2762) User=0.01s Sys=0.00s Real=0.01s
[2020-08-05T23:45:14.176-0300] GC(2763) Pause Full (Ergonomics)
[2020-08-05T23:45:14.176-0300] GC(2763) Marking Phase
[2020-08-05T23:45:14.266-0300] GC(2763) Marking Phase 90.195ms
[2020-08-05T23:45:14.266-0300] GC(2763) Summary Phase
[2020-08-05T23:45:14.267-0300] GC(2763) Summary Phase 0.026ms
[2020-08-05T23:45:14.267-0300] GC(2763) Adjust Roots
[2020-08-05T23:45:14.296-0300] GC(2763) Adjust Roots 29.962ms
[2020-08-05T23:45:14.297-0300] GC(2763) Compaction Phase
[2020-08-05T23:45:14.331-0300] GC(2763) Compaction Phase 34.464ms
[2020-08-05T23:45:14.331-0300] GC(2763) Post Compact
[2020-08-05T23:45:14.332-0300] GC(2763) Post Compact 0.709ms
[2020-08-05T23:45:14.332-0300] GC(2763) PSYoungGen: 672K->0K(21504K)
[2020-08-05T23:45:14.332-0300] GC(2763) ParOldGen: 138804K->106143K(138240K)
[2020-08-05T23:45:14.332-0300] GC(2763) Metaspace: 119168K->119168K(1163264K)
[2020-08-05T23:45:14.332-0300] GC(2763) Pause Full (Ergonomics) 136M->103M(156M) 155.776ms
[2020-08-05T23:45:14.332-0300] GC(2763) User=0.38s Sys=0.00s Real=0.15s
[2020-08-05T23:45:27.770-0300] GC(2764) Pause Young (Allocation Failure)
[2020-08-05T23:45:27.774-0300] GC(2764) PSYoungGen: 20480K->432K(21504K)
[2020-08-05T23:45:27.774-0300] GC(2764) ParOldGen: 106143K->106143K(138240K)
[2020-08-05T23:45:27.774-0300] GC(2764) Metaspace: 119168K->119168K(1163264K)
[2020-08-05T23:45:27.774-0300] GC(2764) Pause Young (Allocation Failure) 123M->104M(156M) 3.178ms
[2020-08-05T23:45:27.774-0300] GC(2764) User=0.01s Sys=0.00s Real=0.00s
[2020-08-05T23:45:39.184-0300] GC(2765) Pause Young (Allocation Failure)
[2020-08-05T23:45:39.187-0300] GC(2765) PSYoungGen: 20912K->512K(21504K)
[2020-08-05T23:45:39.187-0300] GC(2765) ParOldGen: 106143K->106482K(138240K)
[2020-08-05T23:45:39.187-0300] GC(2765) Metaspace: 119168K->119168K(1163264K)
[2020-08-05T23:45:39.187-0300] GC(2765) Pause Young (Allocation Failure) 124M->104M(156M) 3.023ms
[2020-08-05T23:45:39.187-0300] GC(2765) User=0.00s Sys=0.00s Real=0.00s
[2020-08-05T23:45:53.796-0300] GC(2766) Pause Young (Allocation Failure)
[2020-08-05T23:45:53.799-0300] GC(2766) PSYoungGen: 20992K->496K(21504K)
[2020-08-05T23:45:53.799-0300] GC(2766) ParOldGen: 106482K->106875K(138240K)
[2020-08-05T23:45:53.799-0300] GC(2766) Metaspace: 119168K->119168K(1163264K)
[2020-08-05T23:45:53.799-0300] GC(2766) Pause Young (Allocation Failure) 124M->104M(156M) 2.631ms
[2020-08-05T23:45:53.799-0300] GC(2766) User=0.01s Sys=0.00s Real=0.00s
[2020-08-05T23:46:04.877-0300] GC(2767) Pause Young (Allocation Failure)
[2020-08-05T23:46:04.880-0300] GC(2767) PSYoungGen: 20976K->416K(21504K)
[2020-08-05T23:46:04.880-0300] GC(2767) ParOldGen: 106875K->107248K(138240K)
[2020-08-05T23:46:04.880-0300] GC(2767) Metaspace: 119168K->119168K(1163264K)
[2020-08-05T23:46:04.880-0300] GC(2767) Pause Young (Allocation Failure) 124M->105M(156M) 3.135ms
[2020-08-05T23:46:04.880-0300] GC(2767) User=0.01s Sys=0.00s Real=0.00s
[2020-08-05T23:46:18.819-0300] GC(2768) Pause Young (Allocation Failure)
[2020-08-05T23:46:18.823-0300] GC(2768) PSYoungGen: 20896K->384K(21504K)
[2020-08-05T23:46:18.823-0300] GC(2768) ParOldGen: 107248K->107532K(138240K)
[2020-08-05T23:46:18.823-0300] GC(2768) Metaspace: 119168K->119168K(1163264K)
[2020-08-05T23:46:18.823-0300] GC(2768) Pause Young (Allocation Failure) 125M->105M(156M) 3.634ms
[2020-08-05T23:46:18.823-0300] GC(2768) User=0.01s Sys=0.00s Real=0.00s
[2020-08-05T23:46:31.287-0300] GC(2769) Pause Young (Allocation Failure)
[2020-08-05T23:46:31.291-0300] GC(2769) PSYoungGen: 20864K->272K(21504K)
[2020-08-05T23:46:31.291-0300] GC(2769) ParOldGen: 107532K->107825K(138240K)
[2020-08-05T23:46:31.291-0300] GC(2769) Metaspace: 119168K->119168K(1163264K)
[2020-08-05T23:46:31.291-0300] GC(2769) Pause Young (Allocation Failure) 125M->105M(156M) 4.241ms
[2020-08-05T23:46:31.291-0300] GC(2769) User=0.00s Sys=0.00s Real=0.00s
[2020-08-05T23:46:42.108-0300] GC(2770) Pause Young (Allocation Failure)
[2020-08-05T23:46:42.112-0300] GC(2770) PSYoungGen: 20752K->273K(21504K)
[2020-08-05T23:46:42.112-0300] GC(2770) ParOldGen: 107825K->107998K(138240K)
[2020-08-05T23:46:42.112-0300] GC(2770) Metaspace: 119168K->119168K(1163264K)
[2020-08-05T23:46:42.112-0300] GC(2770) Pause Young (Allocation Failure) 125M->105M(156M) 3.553ms
[2020-08-05T23:46:42.112-0300] GC(2770) User=0.01s Sys=0.00s Real=0.00s
[2020-08-05T23:46:52.746-0300] GC(2771) Pause Young (Allocation Failure)
[2020-08-05T23:46:52.751-0300] GC(2771) PSYoungGen: 20752K->256K(21504K)
[2020-08-05T23:46:52.751-0300] GC(2771) ParOldGen: 107998K->108187K(138240K)
[2020-08-05T23:46:52.751-0300] GC(2771) Metaspace: 119168K->119168K(1163264K)
[2020-08-05T23:46:52.751-0300] GC(2771) Pause Young (Allocation Failure) 125M->105M(156M) 5.274ms
[2020-08-05T23:46:52.751-0300] GC(2771) User=0.01s Sys=0.00s Real=0.00s
[2020-08-05T23:47:07.147-0300] GC(2772) Pause Young (Allocation Failure)
[2020-08-05T23:47:07.150-0300] GC(2772) PSYoungGen: 20736K->272K(21504K)
[2020-08-05T23:47:07.150-0300] GC(2772) ParOldGen: 108187K->108364K(138240K)
[2020-08-05T23:47:07.150-0300] GC(2772) Metaspace: 119168K->119168K(1163264K)
[2020-08-05T23:47:07.150-0300] GC(2772) Pause Young (Allocation Failure) 125M->106M(156M) 3.208ms
[2020-08-05T23:47:07.150-0300] GC(2772) User=0.01s Sys=0.00s Real=0.00s
[2020-08-05T23:47:19.130-0300] GC(2773) Pause Young (Allocation Failure)
[2020-08-05T23:47:19.133-0300] GC(2773) PSYoungGen: 20752K->480K(21504K)
[2020-08-05T23:47:19.133-0300] GC(2773) ParOldGen: 108364K->108521K(138240K)
[2020-08-05T23:47:19.133-0300] GC(2773) Metaspace: 119168K->119168K(1163264K)
[2020-08-05T23:47:19.133-0300] GC(2773) Pause Young (Allocation Failure) 126M->106M(156M) 3.139ms
[2020-08-05T23:47:19.133-0300] GC(2773) User=0.01s Sys=0.01s Real=0.00s
[2020-08-05T23:47:29.861-0300] GC(2774) Pause Young (Allocation Failure)
[2020-08-05T23:47:29.864-0300] GC(2774) PSYoungGen: 20960K->337K(21504K)
[2020-08-05T23:47:29.864-0300] GC(2774) ParOldGen: 108521K->108674K(138240K)
[2020-08-05T23:47:29.864-0300] GC(2774) Metaspace: 119168K->119168K(1163264K)
[2020-08-05T23:47:29.864-0300] GC(2774) Pause Young (Allocation Failure) 126M->106M(156M) 3.732ms
[2020-08-05T23:47:29.864-0300] GC(2774) User=0.01s Sys=0.00s Real=0.01s
[2020-08-05T23:47:44.849-0300] GC(2775) Pause Young (Allocation Failure)
[2020-08-05T23:47:44.852-0300] GC(2775) PSYoungGen: 20774K->272K(21504K)
[2020-08-05T23:47:44.852-0300] GC(2775) ParOldGen: 108674K->108847K(138240K)
[2020-08-05T23:47:44.852-0300] GC(2775) Metaspace: 119168K->119168K(1163264K)
[2020-08-05T23:47:44.852-0300] GC(2775) Pause Young (Allocation Failure) 126M->106M(156M) 2.997ms
[2020-08-05T23:47:44.852-0300] GC(2775) User=0.01s Sys=0.00s Real=0.00s
[2020-08-05T23:47:56.229-0300] GC(2776) Pause Young (Allocation Failure)
[2020-08-05T23:47:56.233-0300] GC(2776) PSYoungGen: 20752K->288K(21504K)
[2020-08-05T23:47:56.233-0300] GC(2776) ParOldGen: 108847K->108988K(138240K)
[2020-08-05T23:47:56.233-0300] GC(2776) Metaspace: 119168K->119168K(1163264K)
[2020-08-05T23:47:56.233-0300] GC(2776) Pause Young (Allocation Failure) 126M->106M(156M) 3.503ms
[2020-08-05T23:47:56.233-0300] GC(2776) User=0.01s Sys=0.00s Real=0.00s
[2020-08-05T23:48:10.390-0300] GC(2777) Pause Young (Allocation Failure)
[2020-08-05T23:48:10.393-0300] GC(2777) PSYoungGen: 20768K->272K(21504K)
[2020-08-05T23:48:10.393-0300] GC(2777) ParOldGen: 108988K->109165K(138240K)
[2020-08-05T23:48:10.393-0300] GC(2777) Metaspace: 119168K->119168K(1163264K)
[2020-08-05T23:48:10.393-0300] GC(2777) Pause Young (Allocation Failure) 126M->106M(156M) 3.047ms
[2020-08-05T23:48:10.393-0300] GC(2777) User=0.00s Sys=0.00s Real=0.00s
[2020-08-05T23:48:22.603-0300] GC(2778) Pause Young (Allocation Failure)
[2020-08-05T23:48:22.606-0300] GC(2778) PSYoungGen: 20752K->384K(21504K)
[2020-08-05T23:48:22.606-0300] GC(2778) ParOldGen: 109165K->109329K(138240K)
[2020-08-05T23:48:22.606-0300] GC(2778) Metaspace: 119168K->119168K(1163264K)
[2020-08-05T23:48:22.606-0300] GC(2778) Pause Young (Allocation Failure) 126M->107M(156M) 3.197ms
[2020-08-05T23:48:22.606-0300] GC(2778) User=0.01s Sys=0.00s Real=0.01s
[2020-08-05T23:48:33.488-0300] GC(2779) Pause Young (Allocation Failure)
[2020-08-05T23:48:33.492-0300] GC(2779) PSYoungGen: 20864K->593K(21504K)
[2020-08-05T23:48:33.492-0300] GC(2779) ParOldGen: 109329K->109614K(138240K)
[2020-08-05T23:48:33.492-0300] GC(2779) Metaspace: 119168K->119168K(1163264K)
[2020-08-05T23:48:33.492-0300] GC(2779) Pause Young (Allocation Failure) 127M->107M(156M) 3.528ms
[2020-08-05T23:48:33.492-0300] GC(2779) User=0.00s Sys=0.00s Real=0.00s
[2020-08-05T23:48:44.151-0300] GC(2780) Pause Young (Allocation Failure)
[2020-08-05T23:48:44.154-0300] GC(2780) PSYoungGen: 21071K->592K(21504K)
[2020-08-05T23:48:44.154-0300] GC(2780) ParOldGen: 109614K->110091K(138240K)
[2020-08-05T23:48:44.154-0300] GC(2780) Metaspace: 119168K->119168K(1163264K)
[2020-08-05T23:48:44.154-0300] GC(2780) Pause Young (Allocation Failure) 127M->108M(156M) 2.928ms
[2020-08-05T23:48:44.154-0300] GC(2780) User=0.01s Sys=0.00s Real=0.00s
[2020-08-05T23:48:57.924-0300] GC(2781) Pause Young (Allocation Failure)
[2020-08-05T23:48:57.927-0300] GC(2781) PSYoungGen: 21072K->512K(21504K)
[2020-08-05T23:48:57.927-0300] GC(2781) ParOldGen: 110091K->110536K(138240K)
[2020-08-05T23:48:57.927-0300] GC(2781) Metaspace: 119168K->119168K(1163264K)
[2020-08-05T23:48:57.927-0300] GC(2781) Pause Young (Allocation Failure) 128M->108M(156M) 2.761ms
[2020-08-05T23:48:57.927-0300] GC(2781) User=0.00s Sys=0.00s Real=0.00s
[2020-08-05T23:49:05.784-0300] GC(2782) Pause Young (Allocation Failure)
[2020-08-05T23:49:05.788-0300] GC(2782) PSYoungGen: 20982K->528K(21504K)
[2020-08-05T23:49:05.788-0300] GC(2782) ParOldGen: 110536K->110973K(138240K)
[2020-08-05T23:49:05.788-0300] GC(2782) Metaspace: 119168K->119168K(1163264K)
[2020-08-05T23:49:05.788-0300] GC(2782) Pause Young (Allocation Failure) 128M->108M(156M) 3.585ms
[2020-08-05T23:49:05.788-0300] GC(2782) User=0.00s Sys=0.00s Real=0.00s
[2020-08-05T23:49:07.553-0300] GC(2783) Pause Young (Allocation Failure)
[2020-08-05T23:49:07.556-0300] GC(2783) PSYoungGen: 21008K->432K(21504K)
[2020-08-05T23:49:07.556-0300] GC(2783) ParOldGen: 110973K->111366K(138240K)
[2020-08-05T23:49:07.556-0300] GC(2783) Metaspace: 119168K->119168K(1163264K)
[2020-08-05T23:49:07.557-0300] GC(2783) Pause Young (Allocation Failure) 128M->109M(156M) 3.395ms
[2020-08-05T23:49:07.557-0300] GC(2783) User=0.00s Sys=0.00s Real=0.01s
[2020-08-05T23:49:09.040-0300] GC(2784) Pause Young (Allocation Failure)
[2020-08-05T23:49:09.043-0300] GC(2784) PSYoungGen: 20912K->416K(21504K)
[2020-08-05T23:49:09.043-0300] GC(2784) ParOldGen: 111366K->111647K(138240K)
[2020-08-05T23:49:09.043-0300] GC(2784) Metaspace: 119168K->119168K(1163264K)
[2020-08-05T23:49:09.043-0300] GC(2784) Pause Young (Allocation Failure) 129M->109M(156M) 3.344ms
[2020-08-05T23:49:09.043-0300] GC(2784) User=0.00s Sys=0.00s Real=0.00s
[2020-08-05T23:49:10.777-0300] GC(2785) Pause Young (Allocation Failure)
[2020-08-05T23:49:10.780-0300] GC(2785) PSYoungGen: 20895K->369K(21504K)
[2020-08-05T23:49:10.780-0300] GC(2785) ParOldGen: 111647K->111916K(138240K)
[2020-08-05T23:49:10.780-0300] GC(2785) Metaspace: 119169K->119169K(1163264K)
[2020-08-05T23:49:10.780-0300] GC(2785) Pause Young (Allocation Failure) 129M->109M(156M) 3.451ms
[2020-08-05T23:49:10.780-0300] GC(2785) User=0.01s Sys=0.00s Real=0.00s
[2020-08-05T23:49:12.328-0300] GC(2786) Pause Young (Allocation Failure)
[2020-08-05T23:49:12.332-0300] GC(2786) PSYoungGen: 20849K->336K(21504K)
[2020-08-05T23:49:12.332-0300] GC(2786) ParOldGen: 111916K->112154K(138240K)
[2020-08-05T23:49:12.332-0300] GC(2786) Metaspace: 119169K->119169K(1163264K)
[2020-08-05T23:49:12.332-0300] GC(2786) Pause Young (Allocation Failure) 129M->109M(156M) 3.841ms
[2020-08-05T23:49:12.332-0300] GC(2786) User=0.01s Sys=0.01s Real=0.00s
[2020-08-05T23:49:19.849-0300] GC(2787) Pause Young (Allocation Failure)
[2020-08-05T23:49:19.853-0300] GC(2787) PSYoungGen: 20816K->256K(21504K)
[2020-08-05T23:49:19.853-0300] GC(2787) ParOldGen: 112154K->112262K(138240K)
[2020-08-05T23:49:19.853-0300] GC(2787) Metaspace: 119169K->119169K(1163264K)
[2020-08-05T23:49:19.853-0300] GC(2787) Pause Young (Allocation Failure) 129M->109M(156M) 3.263ms
[2020-08-05T23:49:19.853-0300] GC(2787) User=0.00s Sys=0.00s Real=0.00s
[2020-08-05T23:49:42.969-0300] GC(2788) Pause Young (Allocation Failure)
[2020-08-05T23:49:42.972-0300] GC(2788) PSYoungGen: 20736K->352K(21504K)
[2020-08-05T23:49:42.972-0300] GC(2788) ParOldGen: 112262K->112422K(138240K)
[2020-08-05T23:49:42.972-0300] GC(2788) Metaspace: 119169K->119169K(1163264K)
[2020-08-05T23:49:42.972-0300] GC(2788) Pause Young (Allocation Failure) 129M->110M(156M) 3.285ms
[2020-08-05T23:49:42.972-0300] GC(2788) User=0.00s Sys=0.00s Real=0.00s
[2020-08-05T23:50:04.853-0300] GC(2789) Pause Young (Allocation Failure)
[2020-08-05T23:50:04.855-0300] GC(2789) PSYoungGen: 20832K->459K(21504K)
[2020-08-05T23:50:04.855-0300] GC(2789) ParOldGen: 112422K->112646K(138240K)
[2020-08-05T23:50:04.855-0300] GC(2789) Metaspace: 119169K->119169K(1163264K)
[2020-08-05T23:50:04.855-0300] GC(2789) Pause Young (Allocation Failure) 130M->110M(156M) 2.594ms
[2020-08-05T23:50:04.855-0300] GC(2789) User=0.00s Sys=0.00s Real=0.01s
[2020-08-05T23:50:19.846-0300] GC(2790) Pause Young (Allocation Failure)
[2020-08-05T23:50:19.849-0300] GC(2790) PSYoungGen: 20939K->528K(21504K)
[2020-08-05T23:50:19.849-0300] GC(2790) ParOldGen: 112646K->112942K(138240K)
[2020-08-05T23:50:19.849-0300] GC(2790) Metaspace: 119169K->119169K(1163264K)
[2020-08-05T23:50:19.849-0300] GC(2790) Pause Young (Allocation Failure) 130M->110M(156M) 3.067ms
[2020-08-05T23:50:19.849-0300] GC(2790) User=0.01s Sys=0.01s Real=0.00s
[2020-08-05T23:50:34.209-0300] GC(2791) Pause Young (Allocation Failure)
[2020-08-05T23:50:34.212-0300] GC(2791) PSYoungGen: 21008K->480K(21504K)
[2020-08-05T23:50:34.212-0300] GC(2791) ParOldGen: 112942K->113347K(138240K)
[2020-08-05T23:50:34.212-0300] GC(2791) Metaspace: 119169K->119169K(1163264K)
[2020-08-05T23:50:34.212-0300] GC(2791) Pause Young (Allocation Failure) 130M->111M(156M) 3.018ms
[2020-08-05T23:50:34.212-0300] GC(2791) User=0.01s Sys=0.00s Real=0.00s
[2020-08-05T23:50:44.918-0300] GC(2792) Pause Young (Allocation Failure)
[2020-08-05T23:50:44.921-0300] GC(2792) PSYoungGen: 20960K->448K(21504K)
[2020-08-05T23:50:44.921-0300] GC(2792) ParOldGen: 113347K->113724K(138240K)
[2020-08-05T23:50:44.921-0300] GC(2792) Metaspace: 119169K->119169K(1163264K)
[2020-08-05T23:50:44.921-0300] GC(2792) Pause Young (Allocation Failure) 131M->111M(156M) 3.089ms
[2020-08-05T23:50:44.921-0300] GC(2792) User=0.00s Sys=0.00s Real=0.00s
[2020-08-05T23:50:59.848-0300] GC(2793) Pause Young (Allocation Failure)
[2020-08-05T23:50:59.852-0300] GC(2793) PSYoungGen: 20928K->432K(21504K)
[2020-08-05T23:50:59.852-0300] GC(2793) ParOldGen: 113724K->114061K(138240K)
[2020-08-05T23:50:59.852-0300] GC(2793) Metaspace: 119169K->119169K(1163264K)
[2020-08-05T23:50:59.852-0300] GC(2793) Pause Young (Allocation Failure) 131M->111M(156M) 3.959ms
[2020-08-05T23:50:59.852-0300] GC(2793) User=0.01s Sys=0.00s Real=0.00s
[2020-08-05T23:51:11.213-0300] GC(2794) Pause Young (Allocation Failure)
[2020-08-05T23:51:11.216-0300] GC(2794) PSYoungGen: 20912K->336K(21504K)
[2020-08-05T23:51:11.216-0300] GC(2794) ParOldGen: 114061K->114410K(138240K)
[2020-08-05T23:51:11.216-0300] GC(2794) Metaspace: 119169K->119169K(1163264K)
[2020-08-05T23:51:11.216-0300] GC(2794) Pause Young (Allocation Failure) 131M->112M(156M) 3.572ms
[2020-08-05T23:51:11.216-0300] GC(2794) User=0.01s Sys=0.00s Real=0.01s
[2020-08-05T23:51:24.847-0300] GC(2795) Pause Young (Allocation Failure)
[2020-08-05T23:51:24.850-0300] GC(2795) PSYoungGen: 20816K->416K(21504K)
[2020-08-05T23:51:24.850-0300] GC(2795) ParOldGen: 114410K->114690K(138240K)
[2020-08-05T23:51:24.850-0300] GC(2795) Metaspace: 119169K->119169K(1163264K)
[2020-08-05T23:51:24.850-0300] GC(2795) Pause Young (Allocation Failure) 132M->112M(156M) 3.216ms
[2020-08-05T23:51:24.850-0300] GC(2795) User=0.01s Sys=0.00s Real=0.00s
[2020-08-05T23:51:37.628-0300] GC(2796) Pause Young (Allocation Failure)
[2020-08-05T23:51:37.631-0300] GC(2796) PSYoungGen: 20896K->288K(21504K)
[2020-08-05T23:51:37.631-0300] GC(2796) ParOldGen: 114690K->114979K(138240K)
[2020-08-05T23:51:37.631-0300] GC(2796) Metaspace: 119169K->119169K(1163264K)
[2020-08-05T23:51:37.631-0300] GC(2796) Pause Young (Allocation Failure) 132M->112M(156M) 3.396ms
[2020-08-05T23:51:37.631-0300] GC(2796) User=0.01s Sys=0.00s Real=0.00s
[2020-08-05T23:51:49.849-0300] GC(2797) Pause Young (Allocation Failure)
[2020-08-05T23:51:49.852-0300] GC(2797) PSYoungGen: 20768K->352K(21504K)
[2020-08-05T23:51:49.852-0300] GC(2797) ParOldGen: 114979K->115168K(138240K)
[2020-08-05T23:51:49.852-0300] GC(2797) Metaspace: 119169K->119169K(1163264K)
[2020-08-05T23:51:49.852-0300] GC(2797) Pause Young (Allocation Failure) 132M->112M(156M) 2.709ms
[2020-08-05T23:51:49.852-0300] GC(2797) User=0.01s Sys=0.00s Real=0.00s
[2020-08-05T23:52:04.070-0300] GC(2798) Pause Young (Allocation Failure)
[2020-08-05T23:52:04.074-0300] GC(2798) PSYoungGen: 20832K->272K(21504K)
[2020-08-05T23:52:04.074-0300] GC(2798) ParOldGen: 115168K->115357K(138240K)
[2020-08-05T23:52:04.074-0300] GC(2798) Metaspace: 119169K->119169K(1163264K)
[2020-08-05T23:52:04.074-0300] GC(2798) Pause Young (Allocation Failure) 132M->112M(156M) 3.329ms
[2020-08-05T23:52:04.074-0300] GC(2798) User=0.01s Sys=0.00s Real=0.00s
[2020-08-05T23:52:13.102-0300] GC(2799) Pause Young (Allocation Failure)
[2020-08-05T23:52:13.105-0300] GC(2799) PSYoungGen: 20752K->352K(21504K)
[2020-08-05T23:52:13.105-0300] GC(2799) ParOldGen: 115357K->115518K(138240K)
[2020-08-05T23:52:13.105-0300] GC(2799) Metaspace: 119169K->119169K(1163264K)
[2020-08-05T23:52:13.105-0300] GC(2799) Pause Young (Allocation Failure) 132M->113M(156M) 2.836ms
[2020-08-05T23:52:13.105-0300] GC(2799) User=0.00s Sys=0.00s Real=0.01s
[2020-08-05T23:52:24.849-0300] GC(2800) Pause Young (Allocation Failure)
[2020-08-05T23:52:24.853-0300] GC(2800) PSYoungGen: 20832K->464K(21504K)
[2020-08-05T23:52:24.853-0300] GC(2800) ParOldGen: 115518K->115743K(138240K)
[2020-08-05T23:52:24.853-0300] GC(2800) Metaspace: 119173K->119173K(1163264K)
[2020-08-05T23:52:24.853-0300] GC(2800) Pause Young (Allocation Failure) 133M->113M(156M) 3.694ms
[2020-08-05T23:52:24.853-0300] GC(2800) User=0.01s Sys=0.00s Real=0.00s
[2020-08-05T23:52:36.147-0300] GC(2801) Pause Young (Allocation Failure)
[2020-08-05T23:52:36.151-0300] GC(2801) PSYoungGen: 20943K->304K(21504K)
[2020-08-05T23:52:36.151-0300] GC(2801) ParOldGen: 115743K->115896K(138240K)
[2020-08-05T23:52:36.151-0300] GC(2801) Metaspace: 119173K->119173K(1163264K)
[2020-08-05T23:52:36.151-0300] GC(2801) Pause Young (Allocation Failure) 133M->113M(156M) 4.150ms
[2020-08-05T23:52:36.151-0300] GC(2801) User=0.01s Sys=0.00s Real=0.00s
[2020-08-05T23:52:50.127-0300] GC(2802) Pause Young (Allocation Failure)
[2020-08-05T23:52:50.131-0300] GC(2802) PSYoungGen: 20784K->288K(21504K)
[2020-08-05T23:52:50.131-0300] GC(2802) ParOldGen: 115896K->116109K(138240K)
[2020-08-05T23:52:50.131-0300] GC(2802) Metaspace: 119173K->119173K(1163264K)
[2020-08-05T23:52:50.131-0300] GC(2802) Pause Young (Allocation Failure) 133M->113M(156M) 3.804ms
[2020-08-05T23:52:50.131-0300] GC(2802) User=0.01s Sys=0.01s Real=0.00s
[2020-08-05T23:52:53.442-0300] GC(2803) Pause Young (Allocation Failure)
[2020-08-05T23:52:53.445-0300] GC(2803) PSYoungGen: 20768K->336K(21504K)
[2020-08-05T23:52:53.445-0300] GC(2803) ParOldGen: 116109K->116274K(138240K)
[2020-08-05T23:52:53.445-0300] GC(2803) Metaspace: 119173K->119173K(1163264K)
[2020-08-05T23:52:53.445-0300] GC(2803) Pause Young (Allocation Failure) 133M->113M(156M) 3.048ms
[2020-08-05T23:52:53.445-0300] GC(2803) User=0.00s Sys=0.00s Real=0.01s
[2020-08-05T23:52:54.949-0300] GC(2804) Pause Young (Allocation Failure)
[2020-08-05T23:52:54.953-0300] GC(2804) PSYoungGen: 20816K->337K(21504K)
[2020-08-05T23:52:54.953-0300] GC(2804) ParOldGen: 116274K->116479K(138240K)
[2020-08-05T23:52:54.953-0300] GC(2804) Metaspace: 119173K->119173K(1163264K)
[2020-08-05T23:52:54.953-0300] GC(2804) Pause Young (Allocation Failure) 133M->114M(156M) 4.184ms
[2020-08-05T23:52:54.953-0300] GC(2804) User=0.01s Sys=0.00s Real=0.00s
[2020-08-05T23:52:56.797-0300] GC(2805) Pause Young (Allocation Failure)
[2020-08-05T23:52:56.800-0300] GC(2805) PSYoungGen: 20817K->369K(21504K)
[2020-08-05T23:52:56.800-0300] GC(2805) ParOldGen: 116479K->116692K(138240K)
[2020-08-05T23:52:56.800-0300] GC(2805) Metaspace: 119173K->119173K(1163264K)
[2020-08-05T23:52:56.800-0300] GC(2805) Pause Young (Allocation Failure) 134M->114M(156M) 3.201ms
[2020-08-05T23:52:56.800-0300] GC(2805) User=0.00s Sys=0.00s Real=0.00s
[2020-08-05T23:52:58.038-0300] GC(2806) Pause Young (Allocation Failure)
[2020-08-05T23:52:58.042-0300] GC(2806) PSYoungGen: 20849K->352K(21504K)
[2020-08-05T23:52:58.042-0300] GC(2806) ParOldGen: 116692K->116949K(138240K)
[2020-08-05T23:52:58.042-0300] GC(2806) Metaspace: 119173K->119173K(1163264K)
[2020-08-05T23:52:58.042-0300] GC(2806) Pause Young (Allocation Failure) 134M->114M(156M) 3.274ms
[2020-08-05T23:52:58.042-0300] GC(2806) User=0.01s Sys=0.00s Real=0.00s
[2020-08-05T23:53:13.189-0300] GC(2807) Pause Young (Allocation Failure)
[2020-08-05T23:53:13.192-0300] GC(2807) PSYoungGen: 20832K->320K(21504K)
[2020-08-05T23:53:13.192-0300] GC(2807) ParOldGen: 116949K->117037K(138240K)
[2020-08-05T23:53:13.192-0300] GC(2807) Metaspace: 119173K->119173K(1163264K)
[2020-08-05T23:53:13.192-0300] GC(2807) Pause Young (Allocation Failure) 134M->114M(156M) 2.815ms
[2020-08-05T23:53:13.192-0300] GC(2807) User=0.00s Sys=0.00s Real=0.00s
[2020-08-05T23:53:34.847-0300] GC(2808) Pause Young (Allocation Failure)
[2020-08-05T23:53:34.850-0300] GC(2808) PSYoungGen: 20800K->480K(20992K)
[2020-08-05T23:53:34.850-0300] GC(2808) ParOldGen: 117037K->117301K(138240K)
[2020-08-05T23:53:34.850-0300] GC(2808) Metaspace: 119173K->119173K(1163264K)
[2020-08-05T23:53:34.850-0300] GC(2808) Pause Young (Allocation Failure) 134M->115M(155M) 3.178ms
[2020-08-05T23:53:34.850-0300] GC(2808) User=0.00s Sys=0.00s Real=0.00s
[2020-08-05T23:53:56.842-0300] GC(2809) Pause Young (Allocation Failure)
[2020-08-05T23:53:56.845-0300] GC(2809) PSYoungGen: 20960K->640K(21504K)
[2020-08-05T23:53:56.845-0300] GC(2809) ParOldGen: 117301K->117741K(138240K)
[2020-08-05T23:53:56.845-0300] GC(2809) Metaspace: 119173K->119173K(1163264K)
[2020-08-05T23:53:56.845-0300] GC(2809) Pause Young (Allocation Failure) 135M->115M(156M) 3.353ms
[2020-08-05T23:53:56.845-0300] GC(2809) User=0.01s Sys=0.00s Real=0.01s
[2020-08-05T23:54:09.187-0300] GC(2810) Pause Young (Allocation Failure)
[2020-08-05T23:54:09.190-0300] GC(2810) PSYoungGen: 21120K->544K(21504K)
[2020-08-05T23:54:09.190-0300] GC(2810) ParOldGen: 117741K->118301K(138240K)
[2020-08-05T23:54:09.190-0300] GC(2810) Metaspace: 119173K->119173K(1163264K)
[2020-08-05T23:54:09.190-0300] GC(2810) Pause Young (Allocation Failure) 135M->116M(156M) 3.392ms
[2020-08-05T23:54:09.190-0300] GC(2810) User=0.01s Sys=0.00s Real=0.00s
[2020-08-05T23:54:20.328-0300] GC(2811) Pause Young (Allocation Failure)
[2020-08-05T23:54:20.331-0300] GC(2811) PSYoungGen: 21024K->416K(21504K)
[2020-08-05T23:54:20.331-0300] GC(2811) ParOldGen: 118301K->118766K(138240K)
[2020-08-05T23:54:20.331-0300] GC(2811) Metaspace: 119173K->119173K(1163264K)
[2020-08-05T23:54:20.331-0300] GC(2811) Pause Young (Allocation Failure) 136M->116M(156M) 2.455ms
[2020-08-05T23:54:20.331-0300] GC(2811) User=0.01s Sys=0.00s Real=0.00s
[2020-08-05T23:54:30.757-0300] GC(2812) Pause Young (Allocation Failure)
[2020-08-05T23:54:30.759-0300] GC(2812) PSYoungGen: 20896K->256K(21504K)
[2020-08-05T23:54:30.759-0300] GC(2812) ParOldGen: 118766K->119075K(138240K)
[2020-08-05T23:54:30.759-0300] GC(2812) Metaspace: 119173K->119173K(1163264K)
[2020-08-05T23:54:30.759-0300] GC(2812) Pause Young (Allocation Failure) 136M->116M(156M) 2.699ms
[2020-08-05T23:54:30.760-0300] GC(2812) User=0.01s Sys=0.00s Real=0.00s
[2020-08-05T23:54:32.525-0300] GC(2813) Pause Young (Allocation Failure)
[2020-08-05T23:54:32.528-0300] GC(2813) PSYoungGen: 20736K->416K(21504K)
[2020-08-05T23:54:32.528-0300] GC(2813) ParOldGen: 119075K->119248K(138240K)
[2020-08-05T23:54:32.528-0300] GC(2813) Metaspace: 119173K->119173K(1163264K)
[2020-08-05T23:54:32.528-0300] GC(2813) Pause Young (Allocation Failure) 136M->116M(156M) 2.802ms
[2020-08-05T23:54:32.528-0300] GC(2813) User=0.00s Sys=0.00s Real=0.00s
[2020-08-05T23:54:34.085-0300] GC(2814) Pause Young (Allocation Failure)
[2020-08-05T23:54:34.088-0300] GC(2814) PSYoungGen: 20896K->416K(21504K)
[2020-08-05T23:54:34.088-0300] GC(2814) ParOldGen: 119248K->119517K(138240K)
[2020-08-05T23:54:34.088-0300] GC(2814) Metaspace: 119173K->119173K(1163264K)
[2020-08-05T23:54:34.088-0300] GC(2814) Pause Young (Allocation Failure) 136M->117M(156M) 2.892ms
[2020-08-05T23:54:34.088-0300] GC(2814) User=0.01s Sys=0.00s Real=0.00s
[2020-08-05T23:54:35.586-0300] GC(2815) Pause Young (Allocation Failure)
[2020-08-05T23:54:35.590-0300] GC(2815) PSYoungGen: 20896K->465K(21504K)
[2020-08-05T23:54:35.590-0300] GC(2815) ParOldGen: 119517K->119794K(138240K)
[2020-08-05T23:54:35.590-0300] GC(2815) Metaspace: 119173K->119173K(1163264K)
[2020-08-05T23:54:35.590-0300] GC(2815) Pause Young (Allocation Failure) 137M->117M(156M) 3.771ms
[2020-08-05T23:54:35.590-0300] GC(2815) User=0.00s Sys=0.00s Real=0.00s
[2020-08-05T23:54:37.429-0300] GC(2816) Pause Young (Allocation Failure)
[2020-08-05T23:54:37.432-0300] GC(2816) PSYoungGen: 20945K->401K(21504K)
[2020-08-05T23:54:37.432-0300] GC(2816) ParOldGen: 119794K->120131K(138240K)
[2020-08-05T23:54:37.432-0300] GC(2816) Metaspace: 119173K->119173K(1163264K)
[2020-08-05T23:54:37.432-0300] GC(2816) Pause Young (Allocation Failure) 137M->117M(156M) 3.364ms
[2020-08-05T23:54:37.432-0300] GC(2816) User=0.01s Sys=0.01s Real=0.00s
[2020-08-05T23:54:44.206-0300] GC(2817) Pause Young (Allocation Failure)
[2020-08-05T23:54:44.209-0300] GC(2817) PSYoungGen: 20881K->256K(21504K)
[2020-08-05T23:54:44.209-0300] GC(2817) ParOldGen: 120131K->120279K(138240K)
[2020-08-05T23:54:44.209-0300] GC(2817) Metaspace: 119173K->119173K(1163264K)
[2020-08-05T23:54:44.209-0300] GC(2817) Pause Young (Allocation Failure) 137M->117M(156M) 2.926ms
[2020-08-05T23:54:44.209-0300] GC(2817) User=0.00s Sys=0.00s Real=0.00s
[2020-08-05T23:55:05.236-0300] GC(2818) Pause Young (Allocation Failure)
[2020-08-05T23:55:05.238-0300] GC(2818) PSYoungGen: 20736K->384K(21504K)
[2020-08-05T23:55:05.238-0300] GC(2818) ParOldGen: 120279K->120407K(138240K)
[2020-08-05T23:55:05.238-0300] GC(2818) Metaspace: 119173K->119173K(1163264K)
[2020-08-05T23:55:05.238-0300] GC(2818) Pause Young (Allocation Failure) 137M->117M(156M) 2.302ms
[2020-08-05T23:55:05.238-0300] GC(2818) User=0.01s Sys=0.00s Real=0.00s
[2020-08-05T23:55:28.253-0300] GC(2819) Pause Young (Allocation Failure)
[2020-08-05T23:55:28.255-0300] GC(2819) PSYoungGen: 20864K->576K(21504K)
[2020-08-05T23:55:28.255-0300] GC(2819) ParOldGen: 120407K->120671K(138240K)
[2020-08-05T23:55:28.255-0300] GC(2819) Metaspace: 119173K->119173K(1163264K)
[2020-08-05T23:55:28.255-0300] GC(2819) Pause Young (Allocation Failure) 137M->118M(156M) 2.942ms
[2020-08-05T23:55:28.256-0300] GC(2819) User=0.01s Sys=0.00s Real=0.01s
[2020-08-05T23:55:43.600-0300] GC(2820) Pause Young (Allocation Failure)
[2020-08-05T23:55:43.603-0300] GC(2820) PSYoungGen: 21055K->496K(21504K)
[2020-08-05T23:55:43.603-0300] GC(2820) ParOldGen: 120671K->121095K(138240K)
[2020-08-05T23:55:43.603-0300] GC(2820) Metaspace: 119173K->119173K(1163264K)
[2020-08-05T23:55:43.603-0300] GC(2820) Pause Young (Allocation Failure) 138M->118M(156M) 3.350ms
[2020-08-05T23:55:43.603-0300] GC(2820) User=0.01s Sys=0.00s Real=0.00s
[2020-08-05T23:55:57.184-0300] GC(2821) Pause Young (Allocation Failure)
[2020-08-05T23:55:57.187-0300] GC(2821) PSYoungGen: 20976K->480K(21504K)
[2020-08-05T23:55:57.187-0300] GC(2821) ParOldGen: 121095K->121484K(138240K)
[2020-08-05T23:55:57.187-0300] GC(2821) Metaspace: 119173K->119173K(1163264K)
[2020-08-05T23:55:57.187-0300] GC(2821) Pause Young (Allocation Failure) 138M->119M(156M) 2.859ms
[2020-08-05T23:55:57.187-0300] GC(2821) User=0.00s Sys=0.00s Real=0.00s
[2020-08-05T23:56:09.918-0300] GC(2822) Pause Young (Allocation Failure)
[2020-08-05T23:56:09.921-0300] GC(2822) PSYoungGen: 20960K->352K(21504K)
[2020-08-05T23:56:09.921-0300] GC(2822) ParOldGen: 121484K->121809K(138240K)
[2020-08-05T23:56:09.921-0300] GC(2822) Metaspace: 119173K->119173K(1163264K)
[2020-08-05T23:56:09.921-0300] GC(2822) Pause Young (Allocation Failure) 139M->119M(156M) 3.399ms
[2020-08-05T23:56:09.921-0300] GC(2822) User=0.01s Sys=0.00s Real=0.00s
[2020-08-05T23:56:22.184-0300] GC(2823) Pause Young (Allocation Failure)
[2020-08-05T23:56:22.187-0300] GC(2823) PSYoungGen: 20832K->480K(21504K)
[2020-08-05T23:56:22.187-0300] GC(2823) ParOldGen: 121809K->122066K(138240K)
[2020-08-05T23:56:22.187-0300] GC(2823) Metaspace: 119173K->119173K(1163264K)
[2020-08-05T23:56:22.187-0300] GC(2823) Pause Young (Allocation Failure) 139M->119M(156M) 2.843ms
[2020-08-05T23:56:22.187-0300] GC(2823) User=0.01s Sys=0.00s Real=0.01s
[2020-08-05T23:56:36.310-0300] GC(2824) Pause Young (Allocation Failure)
[2020-08-05T23:56:36.314-0300] GC(2824) PSYoungGen: 20960K->240K(21504K)
[2020-08-05T23:56:36.314-0300] GC(2824) ParOldGen: 122066K->122359K(138240K)
[2020-08-05T23:56:36.314-0300] GC(2824) Metaspace: 119173K->119173K(1163264K)
[2020-08-05T23:56:36.314-0300] GC(2824) Pause Young (Allocation Failure) 139M->119M(156M) 3.834ms
[2020-08-05T23:56:36.314-0300] GC(2824) User=0.01s Sys=0.00s Real=0.00s
[2020-08-05T23:56:42.609-0300] GC(2825) Pause Young (Allocation Failure)
[2020-08-05T23:56:42.613-0300] GC(2825) PSYoungGen: 20720K->336K(21504K)
[2020-08-05T23:56:42.613-0300] GC(2825) ParOldGen: 122359K->122552K(138240K)
[2020-08-05T23:56:42.613-0300] GC(2825) Metaspace: 119173K->119173K(1163264K)
[2020-08-05T23:56:42.613-0300] GC(2825) Pause Young (Allocation Failure) 139M->120M(156M) 3.754ms
[2020-08-05T23:56:42.613-0300] GC(2825) User=0.01s Sys=0.00s Real=0.00s
[2020-08-05T23:56:44.118-0300] GC(2826) Pause Young (Allocation Failure)
[2020-08-05T23:56:44.121-0300] GC(2826) PSYoungGen: 20815K->480K(21504K)
[2020-08-05T23:56:44.121-0300] GC(2826) ParOldGen: 122552K->122757K(138240K)
[2020-08-05T23:56:44.121-0300] GC(2826) Metaspace: 119173K->119173K(1163264K)
[2020-08-05T23:56:44.121-0300] GC(2826) Pause Young (Allocation Failure) 140M->120M(156M) 2.984ms
[2020-08-05T23:56:44.121-0300] GC(2826) User=0.00s Sys=0.00s Real=0.00s
[2020-08-05T23:56:45.773-0300] GC(2827) Pause Young (Allocation Failure)
[2020-08-05T23:56:45.776-0300] GC(2827) PSYoungGen: 20960K->320K(21504K)
[2020-08-05T23:56:45.776-0300] GC(2827) ParOldGen: 122757K->123073K(138240K)
[2020-08-05T23:56:45.776-0300] GC(2827) Metaspace: 119173K->119173K(1163264K)
[2020-08-05T23:56:45.776-0300] GC(2827) Pause Young (Allocation Failure) 140M->120M(156M) 2.564ms
[2020-08-05T23:56:45.776-0300] GC(2827) User=0.00s Sys=0.00s Real=0.01s
[2020-08-05T23:56:50.303-0300] GC(2828) Pause Young (Allocation Failure)
[2020-08-05T23:56:50.305-0300] GC(2828) PSYoungGen: 20800K->160K(21504K)
[2020-08-05T23:56:50.305-0300] GC(2828) ParOldGen: 123073K->123190K(138240K)
[2020-08-05T23:56:50.305-0300] GC(2828) Metaspace: 119173K->119173K(1163264K)
[2020-08-05T23:56:50.305-0300] GC(2828) Pause Young (Allocation Failure) 140M->120M(156M) 2.743ms
[2020-08-05T23:56:50.305-0300] GC(2828) User=0.01s Sys=0.00s Real=0.01s
[2020-08-05T23:57:14.322-0300] GC(2829) Pause Young (Allocation Failure)
[2020-08-05T23:57:14.324-0300] GC(2829) PSYoungGen: 20639K->192K(21504K)
[2020-08-05T23:57:14.324-0300] GC(2829) ParOldGen: 123190K->123270K(138240K)
[2020-08-05T23:57:14.324-0300] GC(2829) Metaspace: 119173K->119173K(1163264K)
[2020-08-05T23:57:14.324-0300] GC(2829) Pause Young (Allocation Failure) 140M->120M(156M) 2.887ms
[2020-08-05T23:57:14.324-0300] GC(2829) User=0.00s Sys=0.00s Real=0.01s
[2020-08-05T23:57:34.846-0300] GC(2830) Pause Young (Allocation Failure)
[2020-08-05T23:57:34.849-0300] GC(2830) PSYoungGen: 20672K->320K(21504K)
[2020-08-05T23:57:34.849-0300] GC(2830) ParOldGen: 123270K->123318K(138240K)
[2020-08-05T23:57:34.849-0300] GC(2830) Metaspace: 119175K->119175K(1163264K)
[2020-08-05T23:57:34.849-0300] GC(2830) Pause Young (Allocation Failure) 140M->120M(156M) 3.726ms
[2020-08-05T23:57:34.849-0300] GC(2830) User=0.01s Sys=0.00s Real=0.00s
[2020-08-05T23:57:52.017-0300] GC(2831) Pause Young (Allocation Failure)
[2020-08-05T23:57:52.020-0300] GC(2831) PSYoungGen: 20800K->256K(21504K)
[2020-08-05T23:57:52.020-0300] GC(2831) ParOldGen: 123318K->123382K(138240K)
[2020-08-05T23:57:52.020-0300] GC(2831) Metaspace: 119175K->119175K(1163264K)
[2020-08-05T23:57:52.020-0300] GC(2831) Pause Young (Allocation Failure) 140M->120M(156M) 2.888ms
[2020-08-05T23:57:52.020-0300] GC(2831) User=0.01s Sys=0.00s Real=0.00s
[2020-08-05T23:58:04.272-0300] GC(2832) Pause Young (Allocation Failure)
[2020-08-05T23:58:04.275-0300] GC(2832) PSYoungGen: 20736K->305K(21504K)
[2020-08-05T23:58:04.275-0300] GC(2832) ParOldGen: 123382K->123514K(138240K)
[2020-08-05T23:58:04.275-0300] GC(2832) Metaspace: 119175K->119175K(1163264K)
[2020-08-05T23:58:04.275-0300] GC(2832) Pause Young (Allocation Failure) 140M->120M(156M) 2.636ms
[2020-08-05T23:58:04.275-0300] GC(2832) User=0.01s Sys=0.00s Real=0.01s
[2020-08-05T23:58:18.376-0300] GC(2833) Pause Young (Allocation Failure)
[2020-08-05T23:58:18.378-0300] GC(2833) PSYoungGen: 20785K->320K(21504K)
[2020-08-05T23:58:18.379-0300] GC(2833) ParOldGen: 123514K->123699K(138240K)
[2020-08-05T23:58:18.379-0300] GC(2833) Metaspace: 119175K->119175K(1163264K)
[2020-08-05T23:58:18.379-0300] GC(2833) Pause Young (Allocation Failure) 140M->121M(156M) 2.735ms
[2020-08-05T23:58:18.379-0300] GC(2833) User=0.01s Sys=0.00s Real=0.00s
[2020-08-05T23:58:29.194-0300] GC(2834) Pause Young (Allocation Failure)
[2020-08-05T23:58:29.197-0300] GC(2834) PSYoungGen: 20800K->560K(21504K)
[2020-08-05T23:58:29.197-0300] GC(2834) ParOldGen: 123699K->123868K(138240K)
[2020-08-05T23:58:29.197-0300] GC(2834) Metaspace: 119175K->119175K(1163264K)
[2020-08-05T23:58:29.197-0300] GC(2834) Pause Young (Allocation Failure) 141M->121M(156M) 3.580ms
[2020-08-05T23:58:29.197-0300] GC(2834) User=0.01s Sys=0.00s Real=0.01s
[2020-08-05T23:58:43.409-0300] GC(2835) Pause Young (Allocation Failure)
[2020-08-05T23:58:43.412-0300] GC(2835) PSYoungGen: 21040K->640K(21504K)
[2020-08-05T23:58:43.412-0300] GC(2835) ParOldGen: 123868K->124309K(138240K)
[2020-08-05T23:58:43.412-0300] GC(2835) Metaspace: 119175K->119175K(1163264K)
[2020-08-05T23:58:43.412-0300] GC(2835) Pause Young (Allocation Failure) 141M->122M(156M) 2.938ms
[2020-08-05T23:58:43.412-0300] GC(2835) User=0.01s Sys=0.00s Real=0.00s
[2020-08-05T23:58:50.917-0300] GC(2836) Pause Young (Allocation Failure)
[2020-08-05T23:58:50.919-0300] GC(2836) PSYoungGen: 21120K->448K(21504K)
[2020-08-05T23:58:50.919-0300] GC(2836) ParOldGen: 124309K->124830K(138240K)
[2020-08-05T23:58:50.919-0300] GC(2836) Metaspace: 119175K->119175K(1163264K)
[2020-08-05T23:58:50.919-0300] GC(2836) Pause Young (Allocation Failure) 142M->122M(156M) 2.676ms
[2020-08-05T23:58:50.919-0300] GC(2836) User=0.00s Sys=0.00s Real=0.00s
[2020-08-05T23:58:52.531-0300] GC(2837) Pause Young (Allocation Failure)
[2020-08-05T23:58:52.534-0300] GC(2837) PSYoungGen: 20928K->480K(21504K)
[2020-08-05T23:58:52.534-0300] GC(2837) ParOldGen: 124830K->125171K(138240K)
[2020-08-05T23:58:52.534-0300] GC(2837) Metaspace: 119175K->119175K(1163264K)
[2020-08-05T23:58:52.534-0300] GC(2837) Pause Young (Allocation Failure) 142M->122M(156M) 2.791ms
[2020-08-05T23:58:52.534-0300] GC(2837) User=0.01s Sys=0.00s Real=0.01s
[2020-08-05T23:58:54.043-0300] GC(2838) Pause Young (Allocation Failure)
[2020-08-05T23:58:54.045-0300] GC(2838) PSYoungGen: 20960K->401K(21504K)
[2020-08-05T23:58:54.045-0300] GC(2838) ParOldGen: 125171K->125496K(138240K)
[2020-08-05T23:58:54.045-0300] GC(2838) Metaspace: 119175K->119175K(1163264K)
[2020-08-05T23:58:54.045-0300] GC(2838) Pause Young (Allocation Failure) 142M->122M(156M) 2.464ms
[2020-08-05T23:58:54.045-0300] GC(2838) User=0.01s Sys=0.00s Real=0.01s
[2020-08-05T23:58:56.691-0300] GC(2839) Pause Young (Allocation Failure)
[2020-08-05T23:58:56.693-0300] GC(2839) PSYoungGen: 20881K->369K(21504K)
[2020-08-05T23:58:56.693-0300] GC(2839) ParOldGen: 125496K->125680K(138240K)
[2020-08-05T23:58:56.693-0300] GC(2839) Metaspace: 119175K->119175K(1163264K)
[2020-08-05T23:58:56.693-0300] GC(2839) Pause Young (Allocation Failure) 142M->123M(156M) 2.823ms
[2020-08-05T23:58:56.693-0300] GC(2839) User=0.01s Sys=0.00s Real=0.00s
[2020-08-05T23:59:23.180-0300] GC(2840) Pause Young (Allocation Failure)
[2020-08-05T23:59:23.183-0300] GC(2840) PSYoungGen: 20849K->704K(21504K)
[2020-08-05T23:59:23.183-0300] GC(2840) ParOldGen: 125680K->125820K(138240K)
[2020-08-05T23:59:23.183-0300] GC(2840) Metaspace: 119197K->119197K(1163264K)
[2020-08-05T23:59:23.183-0300] GC(2840) Pause Young (Allocation Failure) 143M->123M(156M) 3.110ms
[2020-08-05T23:59:23.183-0300] GC(2840) User=0.00s Sys=0.00s Real=0.00s
[2020-08-05T23:59:52.179-0300] GC(2841) Pause Young (Allocation Failure)
[2020-08-05T23:59:52.182-0300] GC(2841) PSYoungGen: 21184K->416K(21504K)
[2020-08-05T23:59:52.182-0300] GC(2841) ParOldGen: 125820K->126404K(138240K)
[2020-08-05T23:59:52.182-0300] GC(2841) Metaspace: 119197K->119197K(1163264K)
[2020-08-05T23:59:52.182-0300] GC(2841) Pause Young (Allocation Failure) 143M->123M(156M) 2.752ms
[2020-08-05T23:59:52.182-0300] GC(2841) User=0.00s Sys=0.00s Real=0.00s
[2020-08-06T00:00:09.849-0300] GC(2842) Pause Young (Allocation Failure)
[2020-08-06T00:00:09.854-0300] GC(2842) PSYoungGen: 20896K->448K(21504K)
[2020-08-06T00:00:09.854-0300] GC(2842) ParOldGen: 126404K->126685K(138240K)
[2020-08-06T00:00:09.854-0300] GC(2842) Metaspace: 119197K->119197K(1163264K)
[2020-08-06T00:00:09.854-0300] GC(2842) Pause Young (Allocation Failure) 143M->124M(156M) 4.410ms
[2020-08-06T00:00:09.854-0300] GC(2842) User=0.00s Sys=0.00s Real=0.00s
[2020-08-06T00:00:39.564-0300] GC(2843) Pause Young (Allocation Failure)
[2020-08-06T00:00:39.567-0300] GC(2843) PSYoungGen: 20928K->560K(21504K)
[2020-08-06T00:00:39.567-0300] GC(2843) ParOldGen: 126685K->127057K(138240K)
[2020-08-06T00:00:39.567-0300] GC(2843) Metaspace: 119197K->119197K(1163264K)
[2020-08-06T00:00:39.567-0300] GC(2843) Pause Young (Allocation Failure) 144M->124M(156M) 3.169ms
[2020-08-06T00:00:39.567-0300] GC(2843) User=0.01s Sys=0.00s Real=0.01s
[2020-08-06T00:01:01.122-0300] GC(2844) Pause Young (Allocation Failure)
[2020-08-06T00:01:01.124-0300] GC(2844) PSYoungGen: 21040K->528K(21504K)
[2020-08-06T00:01:01.124-0300] GC(2844) ParOldGen: 127057K->127513K(138240K)
[2020-08-06T00:01:01.124-0300] GC(2844) Metaspace: 119197K->119197K(1163264K)
[2020-08-06T00:01:01.124-0300] GC(2844) Pause Young (Allocation Failure) 144M->125M(156M) 2.684ms
[2020-08-06T00:01:01.124-0300] GC(2844) User=0.01s Sys=0.00s Real=0.01s
[2020-08-06T00:01:15.207-0300] GC(2845) Pause Young (Allocation Failure)
[2020-08-06T00:01:15.210-0300] GC(2845) PSYoungGen: 21008K->465K(21504K)
[2020-08-06T00:01:15.210-0300] GC(2845) ParOldGen: 127513K->127925K(138240K)
[2020-08-06T00:01:15.210-0300] GC(2845) Metaspace: 119197K->119197K(1163264K)
[2020-08-06T00:01:15.210-0300] GC(2845) Pause Young (Allocation Failure) 145M->125M(156M) 2.812ms
[2020-08-06T00:01:15.210-0300] GC(2845) User=0.01s Sys=0.00s Real=0.00s
[2020-08-06T00:01:27.986-0300] GC(2846) Pause Young (Allocation Failure)
[2020-08-06T00:01:27.989-0300] GC(2846) PSYoungGen: 20945K->480K(21504K)
[2020-08-06T00:01:27.989-0300] GC(2846) ParOldGen: 127925K->128194K(138240K)
[2020-08-06T00:01:27.989-0300] GC(2846) Metaspace: 119197K->119197K(1163264K)
[2020-08-06T00:01:27.989-0300] GC(2846) Pause Young (Allocation Failure) 145M->125M(156M) 2.894ms
[2020-08-06T00:01:27.989-0300] GC(2846) User=0.00s Sys=0.00s Real=0.00s
[2020-08-06T00:01:29.480-0300] GC(2847) Pause Young (Allocation Failure)
[2020-08-06T00:01:29.483-0300] GC(2847) PSYoungGen: 20960K->320K(21504K)
[2020-08-06T00:01:29.483-0300] GC(2847) ParOldGen: 128194K->128499K(138240K)
[2020-08-06T00:01:29.483-0300] GC(2847) Metaspace: 119197K->119197K(1163264K)
[2020-08-06T00:01:29.483-0300] GC(2847) Pause Young (Allocation Failure) 145M->125M(156M) 3.079ms
[2020-08-06T00:01:29.483-0300] GC(2847) User=0.01s Sys=0.00s Real=0.00s
[2020-08-06T00:01:31.188-0300] GC(2848) Pause Young (Allocation Failure)
[2020-08-06T00:01:31.192-0300] GC(2848) PSYoungGen: 20799K->337K(21504K)
[2020-08-06T00:01:31.192-0300] GC(2848) ParOldGen: 128499K->128708K(138240K)
[2020-08-06T00:01:31.192-0300] GC(2848) Metaspace: 119197K->119197K(1163264K)
[2020-08-06T00:01:31.192-0300] GC(2848) Pause Young (Allocation Failure) 145M->126M(156M) 4.226ms
[2020-08-06T00:01:31.192-0300] GC(2848) User=0.00s Sys=0.00s Real=0.00s
[2020-08-06T00:01:32.872-0300] GC(2849) Pause Young (Allocation Failure)
[2020-08-06T00:01:32.875-0300] GC(2849) PSYoungGen: 20817K->336K(21504K)
[2020-08-06T00:01:32.875-0300] GC(2849) ParOldGen: 128708K->128942K(138240K)
[2020-08-06T00:01:32.875-0300] GC(2849) Metaspace: 119197K->119197K(1163264K)
[2020-08-06T00:01:32.875-0300] GC(2849) Pause Young (Allocation Failure) 146M->126M(156M) 3.729ms
[2020-08-06T00:01:32.875-0300] GC(2849) User=0.00s Sys=0.00s Real=0.01s
[2020-08-06T00:01:34.593-0300] GC(2850) Pause Young (Allocation Failure)
[2020-08-06T00:01:34.597-0300] GC(2850) PSYoungGen: 20815K->384K(21504K)
[2020-08-06T00:01:34.597-0300] GC(2850) ParOldGen: 128942K->129159K(138240K)
[2020-08-06T00:01:34.597-0300] GC(2850) Metaspace: 119197K->119197K(1163264K)
[2020-08-06T00:01:34.597-0300] GC(2850) Pause Young (Allocation Failure) 146M->126M(156M) 3.742ms
[2020-08-06T00:01:34.597-0300] GC(2850) User=0.01s Sys=0.00s Real=0.01s
[2020-08-06T00:01:39.850-0300] GC(2851) Pause Young (Allocation Failure)
[2020-08-06T00:01:39.852-0300] GC(2851) PSYoungGen: 20864K->192K(21504K)
[2020-08-06T00:01:39.852-0300] GC(2851) ParOldGen: 129159K->129275K(138240K)
[2020-08-06T00:01:39.852-0300] GC(2851) Metaspace: 119197K->119197K(1163264K)
[2020-08-06T00:01:39.852-0300] GC(2851) Pause Young (Allocation Failure) 146M->126M(156M) 2.438ms
[2020-08-06T00:01:39.852-0300] GC(2851) User=0.00s Sys=0.00s Real=0.00s
[2020-08-06T00:02:09.845-0300] GC(2852) Pause Young (Allocation Failure)
[2020-08-06T00:02:09.849-0300] GC(2852) PSYoungGen: 20672K->160K(21504K)
[2020-08-06T00:02:09.849-0300] GC(2852) ParOldGen: 129275K->129351K(138240K)
[2020-08-06T00:02:09.849-0300] GC(2852) Metaspace: 119197K->119197K(1163264K)
[2020-08-06T00:02:09.849-0300] GC(2852) Pause Young (Allocation Failure) 146M->126M(156M) 3.133ms
[2020-08-06T00:02:09.849-0300] GC(2852) User=0.00s Sys=0.00s Real=0.00s
[2020-08-06T00:02:34.846-0300] GC(2853) Pause Young (Allocation Failure)
[2020-08-06T00:02:34.849-0300] GC(2853) PSYoungGen: 20640K->320K(21504K)
[2020-08-06T00:02:34.849-0300] GC(2853) ParOldGen: 129351K->129375K(138240K)
[2020-08-06T00:02:34.849-0300] GC(2853) Metaspace: 119197K->119197K(1163264K)
[2020-08-06T00:02:34.849-0300] GC(2853) Pause Young (Allocation Failure) 146M->126M(156M) 2.801ms
[2020-08-06T00:02:34.849-0300] GC(2853) User=0.00s Sys=0.00s Real=0.00s
[2020-08-06T00:02:53.204-0300] GC(2854) Pause Young (Allocation Failure)
[2020-08-06T00:02:53.206-0300] GC(2854) PSYoungGen: 20800K->224K(21504K)
[2020-08-06T00:02:53.206-0300] GC(2854) ParOldGen: 129375K->129423K(138240K)
[2020-08-06T00:02:53.206-0300] GC(2854) Metaspace: 119197K->119197K(1163264K)
[2020-08-06T00:02:53.206-0300] GC(2854) Pause Young (Allocation Failure) 146M->126M(156M) 2.428ms
[2020-08-06T00:02:53.206-0300] GC(2854) User=0.00s Sys=0.00s Real=0.00s
[2020-08-06T00:03:20.490-0300] GC(2855) Pause Young (Allocation Failure)
[2020-08-06T00:03:20.492-0300] GC(2855) PSYoungGen: 20704K->224K(21504K)
[2020-08-06T00:03:20.492-0300] GC(2855) ParOldGen: 129423K->129479K(138240K)
[2020-08-06T00:03:20.492-0300] GC(2855) Metaspace: 119197K->119197K(1163264K)
[2020-08-06T00:03:20.492-0300] GC(2855) Pause Young (Allocation Failure) 146M->126M(156M) 2.380ms
[2020-08-06T00:03:20.492-0300] GC(2855) User=0.01s Sys=0.00s Real=0.00s
[2020-08-06T00:03:41.371-0300] GC(2856) Pause Young (Allocation Failure)
[2020-08-06T00:03:41.374-0300] GC(2856) PSYoungGen: 20704K->832K(21504K)
[2020-08-06T00:03:41.374-0300] GC(2856) ParOldGen: 129479K->129591K(138240K)
[2020-08-06T00:03:41.374-0300] GC(2856) Metaspace: 119200K->119200K(1163264K)
[2020-08-06T00:03:41.374-0300] GC(2856) Pause Young (Allocation Failure) 146M->127M(156M) 2.906ms
[2020-08-06T00:03:41.374-0300] GC(2856) User=0.00s Sys=0.00s Real=0.00s
[2020-08-06T00:03:56.204-0300] GC(2857) Pause Young (Allocation Failure)
[2020-08-06T00:03:56.207-0300] GC(2857) PSYoungGen: 21312K->753K(21504K)
[2020-08-06T00:03:56.207-0300] GC(2857) ParOldGen: 129591K->130288K(138240K)
[2020-08-06T00:03:56.207-0300] GC(2857) Metaspace: 119200K->119200K(1163264K)
[2020-08-06T00:03:56.207-0300] GC(2857) Pause Young (Allocation Failure) 147M->127M(156M) 3.151ms
[2020-08-06T00:03:56.207-0300] GC(2857) User=0.01s Sys=0.00s Real=0.00s
[2020-08-06T00:04:09.848-0300] GC(2858) Pause Young (Allocation Failure)
[2020-08-06T00:04:09.851-0300] GC(2858) PSYoungGen: 21233K->656K(21504K)
[2020-08-06T00:04:09.851-0300] GC(2858) ParOldGen: 130288K->130837K(138240K)
[2020-08-06T00:04:09.851-0300] GC(2858) Metaspace: 119200K->119200K(1163264K)
[2020-08-06T00:04:09.851-0300] GC(2858) Pause Young (Allocation Failure) 147M->128M(156M) 2.749ms
[2020-08-06T00:04:09.851-0300] GC(2858) User=0.00s Sys=0.00s Real=0.00s
[2020-08-06T00:04:23.637-0300] GC(2859) Pause Young (Allocation Failure)
[2020-08-06T00:04:23.640-0300] GC(2859) PSYoungGen: 21136K->560K(21504K)
[2020-08-06T00:04:23.640-0300] GC(2859) ParOldGen: 130837K->131378K(138240K)
[2020-08-06T00:04:23.640-0300] GC(2859) Metaspace: 119200K->119200K(1163264K)
[2020-08-06T00:04:23.640-0300] GC(2859) Pause Young (Allocation Failure) 148M->128M(156M) 3.190ms
[2020-08-06T00:04:23.641-0300] GC(2859) User=0.01s Sys=0.00s Real=0.00s
[2020-08-06T00:04:39.457-0300] GC(2860) Pause Young (Allocation Failure)
[2020-08-06T00:04:39.460-0300] GC(2860) PSYoungGen: 21040K->416K(21504K)
[2020-08-06T00:04:39.460-0300] GC(2860) ParOldGen: 131378K->131835K(138240K)
[2020-08-06T00:04:39.460-0300] GC(2860) Metaspace: 119200K->119200K(1163264K)
[2020-08-06T00:04:39.460-0300] GC(2860) Pause Young (Allocation Failure) 148M->129M(156M) 3.254ms
[2020-08-06T00:04:39.460-0300] GC(2860) User=0.00s Sys=0.00s Real=0.00s
[2020-08-06T00:04:54.201-0300] GC(2861) Pause Young (Allocation Failure)
[2020-08-06T00:04:54.204-0300] GC(2861) PSYoungGen: 20896K->480K(21504K)
[2020-08-06T00:04:54.204-0300] GC(2861) ParOldGen: 131835K->132156K(138240K)
[2020-08-06T00:04:54.204-0300] GC(2861) Metaspace: 119200K->119200K(1163264K)
[2020-08-06T00:04:54.204-0300] GC(2861) Pause Young (Allocation Failure) 149M->129M(156M) 2.740ms
[2020-08-06T00:04:54.204-0300] GC(2861) User=0.00s Sys=0.00s Real=0.01s
[2020-08-06T00:05:05.993-0300] GC(2862) Pause Young (Allocation Failure)
[2020-08-06T00:05:05.996-0300] GC(2862) PSYoungGen: 20960K->544K(21504K)
[2020-08-06T00:05:05.996-0300] GC(2862) ParOldGen: 132156K->132465K(138240K)
[2020-08-06T00:05:05.996-0300] GC(2862) Metaspace: 119200K->119200K(1163264K)
[2020-08-06T00:05:05.996-0300] GC(2862) Pause Young (Allocation Failure) 149M->129M(156M) 3.482ms
[2020-08-06T00:05:05.996-0300] GC(2862) User=0.00s Sys=0.00s Real=0.01s
[2020-08-06T00:05:12.481-0300] GC(2863) Pause Young (Allocation Failure)
[2020-08-06T00:05:12.484-0300] GC(2863) PSYoungGen: 21024K->496K(21504K)
[2020-08-06T00:05:12.484-0300] GC(2863) ParOldGen: 132465K->132870K(138240K)
[2020-08-06T00:05:12.484-0300] GC(2863) Metaspace: 119200K->119200K(1163264K)
[2020-08-06T00:05:12.484-0300] GC(2863) Pause Young (Allocation Failure) 149M->130M(156M) 2.957ms
[2020-08-06T00:05:12.484-0300] GC(2863) User=0.00s Sys=0.00s Real=0.00s
[2020-08-06T00:05:18.576-0300] GC(2864) Pause Young (Allocation Failure)
[2020-08-06T00:05:18.580-0300] GC(2864) PSYoungGen: 20976K->160K(21504K)
[2020-08-06T00:05:18.580-0300] GC(2864) ParOldGen: 132870K->133094K(138240K)
[2020-08-06T00:05:18.580-0300] GC(2864) Metaspace: 119200K->119200K(1163264K)
[2020-08-06T00:05:18.580-0300] GC(2864) Pause Young (Allocation Failure) 150M->130M(156M) 3.857ms
[2020-08-06T00:05:18.580-0300] GC(2864) User=0.00s Sys=0.00s Real=0.00s
[2020-08-06T00:05:45.200-0300] GC(2865) Pause Young (Allocation Failure)
[2020-08-06T00:05:45.203-0300] GC(2865) PSYoungGen: 20640K->544K(21504K)
[2020-08-06T00:05:45.203-0300] GC(2865) ParOldGen: 133094K->133194K(138240K)
[2020-08-06T00:05:45.203-0300] GC(2865) Metaspace: 119200K->119200K(1163264K)
[2020-08-06T00:05:45.203-0300] GC(2865) Pause Young (Allocation Failure) 150M->130M(156M) 3.390ms
[2020-08-06T00:05:45.204-0300] GC(2865) User=0.00s Sys=0.00s Real=0.00s
[2020-08-06T00:06:13.365-0300] GC(2866) Pause Young (Allocation Failure)
[2020-08-06T00:06:13.368-0300] GC(2866) PSYoungGen: 21024K->448K(21504K)
[2020-08-06T00:06:13.368-0300] GC(2866) ParOldGen: 133194K->133618K(138240K)
[2020-08-06T00:06:13.368-0300] GC(2866) Metaspace: 119200K->119200K(1163264K)
[2020-08-06T00:06:13.368-0300] GC(2866) Pause Young (Allocation Failure) 150M->130M(156M) 3.105ms
[2020-08-06T00:06:13.368-0300] GC(2866) User=0.01s Sys=0.00s Real=0.00s
[2020-08-06T00:06:25.811-0300] GC(2867) Pause Young (Allocation Failure)
[2020-08-06T00:06:25.813-0300] GC(2867) PSYoungGen: 20928K->368K(21504K)
[2020-08-06T00:06:25.813-0300] GC(2867) ParOldGen: 133618K->133954K(138240K)
[2020-08-06T00:06:25.813-0300] GC(2867) Metaspace: 119200K->119200K(1163264K)
[2020-08-06T00:06:25.814-0300] GC(2867) Pause Young (Allocation Failure) 150M->131M(156M) 2.862ms
[2020-08-06T00:06:25.814-0300] GC(2867) User=0.01s Sys=0.00s Real=0.00s
[2020-08-06T00:06:39.864-0300] GC(2868) Pause Young (Allocation Failure)
[2020-08-06T00:06:39.867-0300] GC(2868) PSYoungGen: 20848K->256K(21504K)
[2020-08-06T00:06:39.867-0300] GC(2868) ParOldGen: 133954K->134255K(138240K)
[2020-08-06T00:06:39.867-0300] GC(2868) Metaspace: 119200K->119200K(1163264K)
[2020-08-06T00:06:39.867-0300] GC(2868) Pause Young (Allocation Failure) 151M->131M(156M) 3.171ms
[2020-08-06T00:06:39.867-0300] GC(2868) User=0.00s Sys=0.00s Real=0.01s
[2020-08-06T00:06:55.646-0300] GC(2869) Pause Young (Allocation Failure)
[2020-08-06T00:06:55.649-0300] GC(2869) PSYoungGen: 20736K->272K(21504K)
[2020-08-06T00:06:55.649-0300] GC(2869) ParOldGen: 134255K->134432K(138240K)
[2020-08-06T00:06:55.649-0300] GC(2869) Metaspace: 119200K->119200K(1163264K)
[2020-08-06T00:06:55.649-0300] GC(2869) Pause Young (Allocation Failure) 151M->131M(156M) 2.743ms
[2020-08-06T00:06:55.649-0300] GC(2869) User=0.01s Sys=0.00s Real=0.00s
[2020-08-06T00:07:11.478-0300] GC(2870) Pause Young (Allocation Failure)
[2020-08-06T00:07:11.481-0300] GC(2870) PSYoungGen: 20752K->304K(21504K)
[2020-08-06T00:07:11.481-0300] GC(2870) ParOldGen: 134432K->134589K(138240K)
[2020-08-06T00:07:11.481-0300] GC(2870) Metaspace: 119200K->119200K(1163264K)
[2020-08-06T00:07:11.481-0300] GC(2870) Pause Young (Allocation Failure) 151M->131M(156M) 3.125ms
[2020-08-06T00:07:11.482-0300] GC(2870) User=0.00s Sys=0.00s Real=0.00s
[2020-08-06T00:07:17.765-0300] GC(2871) Pause Young (Allocation Failure)
[2020-08-06T00:07:17.770-0300] GC(2871) PSYoungGen: 20784K->369K(21504K)
[2020-08-06T00:07:17.770-0300] GC(2871) ParOldGen: 134589K->134774K(138240K)
[2020-08-06T00:07:17.770-0300] GC(2871) Metaspace: 119200K->119200K(1163264K)
[2020-08-06T00:07:17.770-0300] GC(2871) Pause Young (Allocation Failure) 151M->131M(156M) 4.313ms
[2020-08-06T00:07:17.770-0300] GC(2871) User=0.01s Sys=0.00s Real=0.00s
[2020-08-06T00:07:19.234-0300] GC(2872) Pause Young (Allocation Failure)
[2020-08-06T00:07:19.236-0300] GC(2872) PSYoungGen: 20849K->497K(21504K)
[2020-08-06T00:07:19.236-0300] GC(2872) ParOldGen: 134774K->135007K(138240K)
[2020-08-06T00:07:19.236-0300] GC(2872) Metaspace: 119200K->119200K(1163264K)
[2020-08-06T00:07:19.236-0300] GC(2872) Pause Young (Allocation Failure) 151M->132M(156M) 2.889ms
[2020-08-06T00:07:19.236-0300] GC(2872) User=0.00s Sys=0.00s Real=0.01s
[2020-08-06T00:07:20.926-0300] GC(2873) Pause Young (Allocation Failure)
[2020-08-06T00:07:20.930-0300] GC(2873) PSYoungGen: 20976K->369K(21504K)
[2020-08-06T00:07:20.930-0300] GC(2873) ParOldGen: 135007K->135224K(138240K)
[2020-08-06T00:07:20.930-0300] GC(2873) Metaspace: 119200K->119200K(1163264K)
[2020-08-06T00:07:20.930-0300] GC(2873) Pause Young (Allocation Failure) 152M->132M(156M) 3.978ms
[2020-08-06T00:07:20.930-0300] GC(2873) User=0.01s Sys=0.00s Real=0.00s
[2020-08-06T00:07:25.198-0300] GC(2874) Pause Young (Allocation Failure)
[2020-08-06T00:07:25.202-0300] GC(2874) PSYoungGen: 20849K->288K(21504K)
[2020-08-06T00:07:25.202-0300] GC(2874) ParOldGen: 135224K->135333K(138240K)
[2020-08-06T00:07:25.202-0300] GC(2874) Metaspace: 119200K->119200K(1163264K)
[2020-08-06T00:07:25.202-0300] GC(2874) Pause Young (Allocation Failure) 152M->132M(156M) 3.995ms
[2020-08-06T00:07:25.202-0300] GC(2874) User=0.01s Sys=0.00s Real=0.00s
[2020-08-06T00:07:54.847-0300] GC(2875) Pause Young (Allocation Failure)
[2020-08-06T00:07:54.850-0300] GC(2875) PSYoungGen: 20768K->160K(21504K)
[2020-08-06T00:07:54.850-0300] GC(2875) ParOldGen: 135333K->135520K(138240K)
[2020-08-06T00:07:54.850-0300] GC(2875) Metaspace: 119200K->119200K(1163264K)
[2020-08-06T00:07:54.850-0300] GC(2875) Pause Young (Allocation Failure) 152M->132M(156M) 3.076ms
[2020-08-06T00:07:54.850-0300] GC(2875) User=0.00s Sys=0.00s Real=0.00s
[2020-08-06T00:08:21.197-0300] GC(2876) Pause Young (Allocation Failure)
[2020-08-06T00:08:21.199-0300] GC(2876) PSYoungGen: 20640K->368K(21504K)
[2020-08-06T00:08:21.199-0300] GC(2876) ParOldGen: 135520K->135552K(138240K)
[2020-08-06T00:08:21.199-0300] GC(2876) Metaspace: 119200K->119200K(1163264K)
[2020-08-06T00:08:21.199-0300] GC(2876) Pause Young (Allocation Failure) 152M->132M(156M) 2.363ms
[2020-08-06T00:08:21.199-0300] GC(2876) User=0.00s Sys=0.00s Real=0.00s
[2020-08-06T00:08:39.845-0300] GC(2877) Pause Young (Allocation Failure)
[2020-08-06T00:08:39.851-0300] GC(2877) PSYoungGen: 20848K->640K(21504K)
[2020-08-06T00:08:39.851-0300] GC(2877) ParOldGen: 135552K->135704K(138240K)
[2020-08-06T00:08:39.851-0300] GC(2877) Metaspace: 119200K->119200K(1163264K)
[2020-08-06T00:08:39.851-0300] GC(2877) Pause Young (Allocation Failure) 152M->133M(156M) 5.824ms
[2020-08-06T00:08:39.851-0300] GC(2877) User=0.01s Sys=0.00s Real=0.00s
[2020-08-06T00:09:06.198-0300] GC(2878) Pause Young (Allocation Failure)
[2020-08-06T00:09:06.201-0300] GC(2878) PSYoungGen: 21120K->816K(21504K)
[2020-08-06T00:09:06.201-0300] GC(2878) ParOldGen: 135704K->136232K(138240K)
[2020-08-06T00:09:06.201-0300] GC(2878) Metaspace: 119200K->119200K(1163264K)
[2020-08-06T00:09:06.201-0300] GC(2878) Pause Young (Allocation Failure) 153M->133M(156M) 2.832ms
[2020-08-06T00:09:06.201-0300] GC(2878) User=0.00s Sys=0.00s Real=0.00s
[2020-08-06T00:09:27.783-0300] GC(2879) Pause Young (Allocation Failure)
[2020-08-06T00:09:27.785-0300] GC(2879) PSYoungGen: 21296K->464K(21504K)
[2020-08-06T00:09:27.785-0300] GC(2879) ParOldGen: 136232K->136929K(138240K)
[2020-08-06T00:09:27.785-0300] GC(2879) Metaspace: 119200K->119200K(1163264K)
[2020-08-06T00:09:27.785-0300] GC(2879) Pause Young (Allocation Failure) 153M->134M(156M) 2.697ms
[2020-08-06T00:09:27.786-0300] GC(2879) User=0.00s Sys=0.00s Real=0.01s
[2020-08-06T00:09:42.196-0300] GC(2880) Pause Young (Allocation Failure)
[2020-08-06T00:09:42.199-0300] GC(2880) PSYoungGen: 20944K->448K(21504K)
[2020-08-06T00:09:42.199-0300] GC(2880) ParOldGen: 136929K->137281K(138240K)
[2020-08-06T00:09:42.199-0300] GC(2880) Metaspace: 119200K->119200K(1163264K)
[2020-08-06T00:09:42.199-0300] GC(2880) Pause Young (Allocation Failure) 154M->134M(156M) 2.717ms
[2020-08-06T00:09:42.199-0300] GC(2880) User=0.01s Sys=0.00s Real=0.00s
[2020-08-06T00:09:54.849-0300] GC(2881) Pause Young (Allocation Failure)
[2020-08-06T00:09:54.852-0300] GC(2881) PSYoungGen: 20928K->416K(21504K)
[2020-08-06T00:09:54.852-0300] GC(2881) ParOldGen: 137281K->137646K(138240K)
[2020-08-06T00:09:54.852-0300] GC(2881) Metaspace: 119200K->119200K(1163264K)
[2020-08-06T00:09:54.852-0300] GC(2881) Pause Young (Allocation Failure) 154M->134M(156M) 2.626ms
[2020-08-06T00:09:54.852-0300] GC(2881) User=0.01s Sys=0.00s Real=0.00s
[2020-08-06T00:09:54.852-0300] GC(2882) Pause Full (Ergonomics)
[2020-08-06T00:09:54.852-0300] GC(2882) Marking Phase
[2020-08-06T00:09:54.929-0300] GC(2882) Marking Phase 76.868ms
[2020-08-06T00:09:54.929-0300] GC(2882) Summary Phase
[2020-08-06T00:09:54.929-0300] GC(2882) Summary Phase 0.016ms
[2020-08-06T00:09:54.929-0300] GC(2882) Adjust Roots
[2020-08-06T00:09:54.958-0300] GC(2882) Adjust Roots 28.549ms
[2020-08-06T00:09:54.958-0300] GC(2882) Compaction Phase
[2020-08-06T00:09:54.991-0300] GC(2882) Compaction Phase 33.452ms
[2020-08-06T00:09:54.991-0300] GC(2882) Post Compact
[2020-08-06T00:09:54.992-0300] GC(2882) Post Compact 0.659ms
[2020-08-06T00:09:54.992-0300] GC(2882) PSYoungGen: 416K->0K(21504K)
[2020-08-06T00:09:54.992-0300] GC(2882) ParOldGen: 137646K->105725K(137216K)
[2020-08-06T00:09:54.992-0300] GC(2882) Metaspace: 119200K->119200K(1163264K)
[2020-08-06T00:09:54.992-0300] GC(2882) Pause Full (Ergonomics) 134M->103M(155M) 139.993ms
[2020-08-06T00:09:54.992-0300] GC(2882) User=0.37s Sys=0.00s Real=0.14s
[2020-08-06T00:10:10.121-0300] GC(2883) Pause Young (Allocation Failure)
[2020-08-06T00:10:10.124-0300] GC(2883) PSYoungGen: 20480K->656K(21504K)
[2020-08-06T00:10:10.124-0300] GC(2883) ParOldGen: 105725K->105725K(137216K)
[2020-08-06T00:10:10.124-0300] GC(2883) Metaspace: 119200K->119200K(1163264K)
[2020-08-06T00:10:10.124-0300] GC(2883) Pause Young (Allocation Failure) 123M->103M(155M) 2.589ms
[2020-08-06T00:10:10.124-0300] GC(2883) User=0.01s Sys=0.00s Real=0.00s
[2020-08-06T00:10:25.308-0300] GC(2884) Pause Young (Allocation Failure)
[2020-08-06T00:10:25.311-0300] GC(2884) PSYoungGen: 21136K->448K(21504K)
[2020-08-06T00:10:25.311-0300] GC(2884) ParOldGen: 105725K->106290K(137216K)
[2020-08-06T00:10:25.311-0300] GC(2884) Metaspace: 119200K->119200K(1163264K)
[2020-08-06T00:10:25.311-0300] GC(2884) Pause Young (Allocation Failure) 123M->104M(155M) 3.055ms
[2020-08-06T00:10:25.311-0300] GC(2884) User=0.01s Sys=0.00s Real=0.00s
[2020-08-06T00:10:39.847-0300] GC(2885) Pause Young (Allocation Failure)
[2020-08-06T00:10:39.850-0300] GC(2885) PSYoungGen: 20928K->561K(21504K)
[2020-08-06T00:10:39.850-0300] GC(2885) ParOldGen: 106290K->106615K(137216K)
[2020-08-06T00:10:39.850-0300] GC(2885) Metaspace: 119200K->119200K(1163264K)
[2020-08-06T00:10:39.850-0300] GC(2885) Pause Young (Allocation Failure) 124M->104M(155M) 2.806ms
[2020-08-06T00:10:39.850-0300] GC(2885) User=0.01s Sys=0.00s Real=0.00s
[2020-08-06T00:10:53.592-0300] GC(2886) Pause Young (Allocation Failure)
[2020-08-06T00:10:53.594-0300] GC(2886) PSYoungGen: 21040K->497K(21504K)
[2020-08-06T00:10:53.594-0300] GC(2886) ParOldGen: 106615K->107032K(137216K)
[2020-08-06T00:10:53.594-0300] GC(2886) Metaspace: 119200K->119200K(1163264K)
[2020-08-06T00:10:53.594-0300] GC(2886) Pause Young (Allocation Failure) 124M->105M(155M) 2.733ms
[2020-08-06T00:10:53.595-0300] GC(2886) User=0.00s Sys=0.00s Real=0.01s
[2020-08-06T00:11:08.313-0300] GC(2887) Pause Young (Allocation Failure)
[2020-08-06T00:11:08.316-0300] GC(2887) PSYoungGen: 20977K->416K(21504K)
[2020-08-06T00:11:08.316-0300] GC(2887) ParOldGen: 107032K->107417K(137216K)
[2020-08-06T00:11:08.316-0300] GC(2887) Metaspace: 119200K->119200K(1163264K)
[2020-08-06T00:11:08.316-0300] GC(2887) Pause Young (Allocation Failure) 125M->105M(155M) 2.933ms
[2020-08-06T00:11:08.316-0300] GC(2887) User=0.01s Sys=0.00s Real=0.01s
[2020-08-06T00:11:19.078-0300] GC(2888) Pause Young (Allocation Failure)
[2020-08-06T00:11:19.082-0300] GC(2888) PSYoungGen: 20896K->336K(21504K)
[2020-08-06T00:11:19.082-0300] GC(2888) ParOldGen: 107417K->107754K(137216K)
[2020-08-06T00:11:19.082-0300] GC(2888) Metaspace: 119200K->119200K(1163264K)
[2020-08-06T00:11:19.082-0300] GC(2888) Pause Young (Allocation Failure) 125M->105M(155M) 3.590ms
[2020-08-06T00:11:19.082-0300] GC(2888) User=0.01s Sys=0.00s Real=0.00s
[2020-08-06T00:11:34.846-0300] GC(2889) Pause Young (Allocation Failure)
[2020-08-06T00:11:34.849-0300] GC(2889) PSYoungGen: 20816K->416K(21504K)
[2020-08-06T00:11:34.849-0300] GC(2889) ParOldGen: 107754K->107979K(137216K)
[2020-08-06T00:11:34.849-0300] GC(2889) Metaspace: 119200K->119200K(1163264K)
[2020-08-06T00:11:34.849-0300] GC(2889) Pause Young (Allocation Failure) 125M->105M(155M) 2.986ms
[2020-08-06T00:11:34.849-0300] GC(2889) User=0.01s Sys=0.00s Real=0.00s
[2020-08-06T00:11:48.192-0300] GC(2890) Pause Young (Allocation Failure)
[2020-08-06T00:11:48.195-0300] GC(2890) PSYoungGen: 20896K->401K(21504K)
[2020-08-06T00:11:48.195-0300] GC(2890) ParOldGen: 107979K->108248K(137216K)
[2020-08-06T00:11:48.195-0300] GC(2890) Metaspace: 119200K->119200K(1163264K)
[2020-08-06T00:11:48.195-0300] GC(2890) Pause Young (Allocation Failure) 125M->106M(155M) 2.907ms
[2020-08-06T00:11:48.195-0300] GC(2890) User=0.00s Sys=0.00s Real=0.01s
[2020-08-06T00:12:01.721-0300] GC(2891) Pause Young (Allocation Failure)
[2020-08-06T00:12:01.725-0300] GC(2891) PSYoungGen: 20881K->320K(21504K)
[2020-08-06T00:12:01.725-0300] GC(2891) ParOldGen: 108248K->108457K(137216K)
[2020-08-06T00:12:01.725-0300] GC(2891) Metaspace: 119200K->119200K(1163264K)
[2020-08-06T00:12:01.725-0300] GC(2891) Pause Young (Allocation Failure) 126M->106M(155M) 3.576ms
[2020-08-06T00:12:01.725-0300] GC(2891) User=0.00s Sys=0.00s Real=0.01s
[2020-08-06T00:12:03.571-0300] GC(2892) Pause Young (Allocation Failure)
[2020-08-06T00:12:03.574-0300] GC(2892) PSYoungGen: 20800K->352K(21504K)
[2020-08-06T00:12:03.574-0300] GC(2892) ParOldGen: 108457K->108618K(137216K)
[2020-08-06T00:12:03.574-0300] GC(2892) Metaspace: 119200K->119200K(1163264K)
[2020-08-06T00:12:03.574-0300] GC(2892) Pause Young (Allocation Failure) 126M->106M(155M) 2.605ms
[2020-08-06T00:12:03.574-0300] GC(2892) User=0.00s Sys=0.00s Real=0.01s
[2020-08-06T00:12:05.063-0300] GC(2893) Pause Young (Allocation Failure)
[2020-08-06T00:12:05.065-0300] GC(2893) PSYoungGen: 20832K->320K(21504K)
[2020-08-06T00:12:05.065-0300] GC(2893) ParOldGen: 108618K->108867K(137216K)
[2020-08-06T00:12:05.065-0300] GC(2893) Metaspace: 119200K->119200K(1163264K)
[2020-08-06T00:12:05.065-0300] GC(2893) Pause Young (Allocation Failure) 126M->106M(155M) 2.707ms
[2020-08-06T00:12:05.065-0300] GC(2893) User=0.01s Sys=0.00s Real=0.01s
[2020-08-06T00:12:06.905-0300] GC(2894) Pause Young (Allocation Failure)
[2020-08-06T00:12:06.908-0300] GC(2894) PSYoungGen: 20800K->369K(21504K)
[2020-08-06T00:12:06.908-0300] GC(2894) ParOldGen: 108867K->109072K(137216K)
[2020-08-06T00:12:06.908-0300] GC(2894) Metaspace: 119200K->119200K(1163264K)
[2020-08-06T00:12:06.908-0300] GC(2894) Pause Young (Allocation Failure) 126M->106M(155M) 2.675ms
[2020-08-06T00:12:06.908-0300] GC(2894) User=0.00s Sys=0.00s Real=0.00s
[2020-08-06T00:12:09.210-0300] GC(2895) Pause Young (Allocation Failure)
[2020-08-06T00:12:09.214-0300] GC(2895) PSYoungGen: 20847K->432K(21504K)
[2020-08-06T00:12:09.214-0300] GC(2895) ParOldGen: 109072K->109281K(137216K)
[2020-08-06T00:12:09.214-0300] GC(2895) Metaspace: 119200K->119200K(1163264K)
[2020-08-06T00:12:09.214-0300] GC(2895) Pause Young (Allocation Failure) 126M->107M(155M) 3.742ms
[2020-08-06T00:12:09.214-0300] GC(2895) User=0.00s Sys=0.00s Real=0.00s
[2020-08-06T00:12:34.192-0300] GC(2896) Pause Young (Allocation Failure)
[2020-08-06T00:12:34.196-0300] GC(2896) PSYoungGen: 20912K->416K(21504K)
[2020-08-06T00:12:34.196-0300] GC(2896) ParOldGen: 109281K->109350K(137216K)
[2020-08-06T00:12:34.196-0300] GC(2896) Metaspace: 119206K->119206K(1163264K)
[2020-08-06T00:12:34.196-0300] GC(2896) Pause Young (Allocation Failure) 127M->107M(155M) 4.024ms
[2020-08-06T00:12:34.196-0300] GC(2896) User=0.01s Sys=0.00s Real=0.01s
[2020-08-06T00:13:00.191-0300] GC(2897) Pause Young (Allocation Failure)
[2020-08-06T00:13:00.195-0300] GC(2897) PSYoungGen: 20896K->352K(21504K)
[2020-08-06T00:13:00.195-0300] GC(2897) ParOldGen: 109350K->109414K(137216K)
[2020-08-06T00:13:00.195-0300] GC(2897) Metaspace: 119206K->119206K(1163264K)
[2020-08-06T00:13:00.195-0300] GC(2897) Pause Young (Allocation Failure) 127M->107M(155M) 3.127ms
[2020-08-06T00:13:00.195-0300] GC(2897) User=0.00s Sys=0.00s Real=0.01s
[2020-08-06T00:13:18.426-0300] GC(2898) Pause Young (Allocation Failure)
[2020-08-06T00:13:18.429-0300] GC(2898) PSYoungGen: 20832K->448K(21504K)
[2020-08-06T00:13:18.429-0300] GC(2898) ParOldGen: 109414K->109573K(137216K)
[2020-08-06T00:13:18.429-0300] GC(2898) Metaspace: 119206K->119206K(1163264K)
[2020-08-06T00:13:18.429-0300] GC(2898) Pause Young (Allocation Failure) 127M->107M(155M) 3.346ms
[2020-08-06T00:13:18.429-0300] GC(2898) User=0.00s Sys=0.00s Real=0.00s
[2020-08-06T00:13:30.190-0300] GC(2899) Pause Young (Allocation Failure)
[2020-08-06T00:13:30.193-0300] GC(2899) PSYoungGen: 20928K->672K(21504K)
[2020-08-06T00:13:30.193-0300] GC(2899) ParOldGen: 109573K->109861K(137216K)
[2020-08-06T00:13:30.193-0300] GC(2899) Metaspace: 119206K->119206K(1163264K)
[2020-08-06T00:13:30.193-0300] GC(2899) Pause Young (Allocation Failure) 127M->107M(155M) 2.613ms
[2020-08-06T00:13:30.193-0300] GC(2899) User=0.00s Sys=0.00s Real=0.00s
[2020-08-06T00:13:45.487-0300] GC(2900) Pause Young (Allocation Failure)
[2020-08-06T00:13:45.490-0300] GC(2900) PSYoungGen: 21152K->592K(21504K)
[2020-08-06T00:13:45.490-0300] GC(2900) ParOldGen: 109861K->110370K(137216K)
[2020-08-06T00:13:45.490-0300] GC(2900) Metaspace: 119206K->119206K(1163264K)
[2020-08-06T00:13:45.490-0300] GC(2900) Pause Young (Allocation Failure) 127M->108M(155M) 3.031ms
[2020-08-06T00:13:45.490-0300] GC(2900) User=0.01s Sys=0.00s Real=0.00s
[2020-08-06T00:14:01.331-0300] GC(2901) Pause Young (Allocation Failure)
[2020-08-06T00:14:01.334-0300] GC(2901) PSYoungGen: 21072K->672K(21504K)
[2020-08-06T00:14:01.334-0300] GC(2901) ParOldGen: 110370K->110831K(137216K)
[2020-08-06T00:14:01.334-0300] GC(2901) Metaspace: 119206K->119206K(1163264K)
[2020-08-06T00:14:01.334-0300] GC(2901) Pause Young (Allocation Failure) 128M->108M(155M) 3.199ms
[2020-08-06T00:14:01.334-0300] GC(2901) User=0.01s Sys=0.00s Real=0.01s
[2020-08-06T00:14:15.191-0300] GC(2902) Pause Young (Allocation Failure)
[2020-08-06T00:14:15.194-0300] GC(2902) PSYoungGen: 21152K->753K(21504K)
[2020-08-06T00:14:15.194-0300] GC(2902) ParOldGen: 110831K->111368K(137216K)
[2020-08-06T00:14:15.194-0300] GC(2902) Metaspace: 119206K->119206K(1163264K)
[2020-08-06T00:14:15.194-0300] GC(2902) Pause Young (Allocation Failure) 128M->109M(155M) 3.402ms
[2020-08-06T00:14:15.194-0300] GC(2902) User=0.01s Sys=0.00s Real=0.01s
[2020-08-06T00:14:29.846-0300] GC(2903) Pause Young (Allocation Failure)
[2020-08-06T00:14:29.848-0300] GC(2903) PSYoungGen: 21233K->369K(21504K)
[2020-08-06T00:14:29.848-0300] GC(2903) ParOldGen: 111368K->111914K(137216K)
[2020-08-06T00:14:29.848-0300] GC(2903) Metaspace: 119206K->119206K(1163264K)
[2020-08-06T00:14:29.848-0300] GC(2903) Pause Young (Allocation Failure) 129M->109M(155M) 2.678ms
[2020-08-06T00:14:29.848-0300] GC(2903) User=0.01s Sys=0.00s Real=0.00s
[2020-08-06T00:14:43.708-0300] GC(2904) Pause Young (Allocation Failure)
[2020-08-06T00:14:43.711-0300] GC(2904) PSYoungGen: 20849K->465K(21504K)
[2020-08-06T00:14:43.711-0300] GC(2904) ParOldGen: 111914K->112171K(137216K)
[2020-08-06T00:14:43.711-0300] GC(2904) Metaspace: 119206K->119206K(1163264K)
[2020-08-06T00:14:43.711-0300] GC(2904) Pause Young (Allocation Failure) 129M->109M(155M) 3.367ms
[2020-08-06T00:14:43.711-0300] GC(2904) User=0.00s Sys=0.00s Real=0.00s
[2020-08-06T00:14:59.453-0300] GC(2905) Pause Young (Allocation Failure)
[2020-08-06T00:14:59.457-0300] GC(2905) PSYoungGen: 20945K->464K(21504K)
[2020-08-06T00:14:59.457-0300] GC(2905) ParOldGen: 112171K->112512K(137216K)
[2020-08-06T00:14:59.457-0300] GC(2905) Metaspace: 119206K->119206K(1163264K)
[2020-08-06T00:14:59.457-0300] GC(2905) Pause Young (Allocation Failure) 129M->110M(155M) 3.537ms
[2020-08-06T00:14:59.457-0300] GC(2905) User=0.00s Sys=0.00s Real=0.01s
[2020-08-06T00:15:09.848-0300] GC(2906) Pause Young (Allocation Failure)
[2020-08-06T00:15:09.851-0300] GC(2906) PSYoungGen: 20944K->544K(21504K)
[2020-08-06T00:15:09.851-0300] GC(2906) ParOldGen: 112512K->112873K(137216K)
[2020-08-06T00:15:09.851-0300] GC(2906) Metaspace: 119206K->119206K(1163264K)
[2020-08-06T00:15:09.851-0300] GC(2906) Pause Young (Allocation Failure) 130M->110M(155M) 3.261ms
[2020-08-06T00:15:09.851-0300] GC(2906) User=0.01s Sys=0.01s Real=0.00s
[2020-08-06T00:15:22.259-0300] GC(2907) Pause Young (Allocation Failure)
[2020-08-06T00:15:22.262-0300] GC(2907) PSYoungGen: 21024K->432K(21504K)
[2020-08-06T00:15:22.262-0300] GC(2907) ParOldGen: 112873K->113282K(137216K)
[2020-08-06T00:15:22.262-0300] GC(2907) Metaspace: 119206K->119206K(1163264K)
[2020-08-06T00:15:22.262-0300] GC(2907) Pause Young (Allocation Failure) 130M->111M(155M) 3.076ms
[2020-08-06T00:15:22.262-0300] GC(2907) User=0.01s Sys=0.00s Real=0.00s
[2020-08-06T00:15:36.831-0300] GC(2908) Pause Young (Allocation Failure)
[2020-08-06T00:15:36.833-0300] GC(2908) PSYoungGen: 20912K->529K(21504K)
[2020-08-06T00:15:36.833-0300] GC(2908) ParOldGen: 113282K->113607K(137216K)
[2020-08-06T00:15:36.833-0300] GC(2908) Metaspace: 119206K->119206K(1163264K)
[2020-08-06T00:15:36.833-0300] GC(2908) Pause Young (Allocation Failure) 131M->111M(155M) 2.736ms
[2020-08-06T00:15:36.833-0300] GC(2908) User=0.00s Sys=0.00s Real=0.00s
[2020-08-06T00:15:47.883-0300] GC(2909) Pause Young (Allocation Failure)
[2020-08-06T00:15:47.886-0300] GC(2909) PSYoungGen: 21009K->384K(21504K)
[2020-08-06T00:15:47.886-0300] GC(2909) ParOldGen: 113607K->114052K(137216K)
[2020-08-06T00:15:47.886-0300] GC(2909) Metaspace: 119206K->119206K(1163264K)
[2020-08-06T00:15:47.886-0300] GC(2909) Pause Young (Allocation Failure) 131M->111M(155M) 3.078ms
[2020-08-06T00:15:47.887-0300] GC(2909) User=0.01s Sys=0.00s Real=0.01s
[2020-08-06T00:15:49.731-0300] GC(2910) Pause Young (Allocation Failure)
[2020-08-06T00:15:49.734-0300] GC(2910) PSYoungGen: 20857K->417K(21504K)
[2020-08-06T00:15:49.734-0300] GC(2910) ParOldGen: 114052K->114321K(137216K)
[2020-08-06T00:15:49.734-0300] GC(2910) Metaspace: 119206K->119206K(1163264K)
[2020-08-06T00:15:49.734-0300] GC(2910) Pause Young (Allocation Failure) 131M->112M(155M) 3.244ms
[2020-08-06T00:15:49.734-0300] GC(2910) User=0.01s Sys=0.00s Real=0.01s
[2020-08-06T00:15:51.326-0300] GC(2911) Pause Young (Allocation Failure)
[2020-08-06T00:15:51.329-0300] GC(2911) PSYoungGen: 20897K->384K(21504K)
[2020-08-06T00:15:51.329-0300] GC(2911) ParOldGen: 114321K->114602K(137216K)
[2020-08-06T00:15:51.329-0300] GC(2911) Metaspace: 119206K->119206K(1163264K)
[2020-08-06T00:15:51.329-0300] GC(2911) Pause Young (Allocation Failure) 132M->112M(155M) 3.447ms
[2020-08-06T00:15:51.329-0300] GC(2911) User=0.00s Sys=0.00s Real=0.00s
[2020-08-06T00:15:53.107-0300] GC(2912) Pause Young (Allocation Failure)
[2020-08-06T00:15:53.111-0300] GC(2912) PSYoungGen: 20864K->401K(21504K)
[2020-08-06T00:15:53.111-0300] GC(2912) ParOldGen: 114602K->114871K(137216K)
[2020-08-06T00:15:53.111-0300] GC(2912) Metaspace: 119206K->119206K(1163264K)
[2020-08-06T00:15:53.111-0300] GC(2912) Pause Young (Allocation Failure) 132M->112M(155M) 3.862ms
[2020-08-06T00:15:53.111-0300] GC(2912) User=0.00s Sys=0.00s Real=0.00s
[2020-08-06T00:15:59.846-0300] GC(2913) Pause Young (Allocation Failure)
[2020-08-06T00:15:59.848-0300] GC(2913) PSYoungGen: 20881K->256K(21504K)
[2020-08-06T00:15:59.848-0300] GC(2913) ParOldGen: 114871K->114955K(137216K)
[2020-08-06T00:15:59.848-0300] GC(2913) Metaspace: 119206K->119206K(1163264K)
[2020-08-06T00:15:59.848-0300] GC(2913) Pause Young (Allocation Failure) 132M->112M(155M) 2.428ms
[2020-08-06T00:15:59.848-0300] GC(2913) User=0.00s Sys=0.01s Real=0.00s
[2020-08-06T00:16:25.217-0300] GC(2914) Pause Young (Allocation Failure)
[2020-08-06T00:16:25.220-0300] GC(2914) PSYoungGen: 20736K->448K(21504K)
[2020-08-06T00:16:25.220-0300] GC(2914) ParOldGen: 114955K->115123K(137216K)
[2020-08-06T00:16:25.220-0300] GC(2914) Metaspace: 119206K->119206K(1163264K)
[2020-08-06T00:16:25.220-0300] GC(2914) Pause Young (Allocation Failure) 132M->112M(155M) 2.929ms
[2020-08-06T00:16:25.220-0300] GC(2914) User=0.00s Sys=0.00s Real=0.00s
[2020-08-06T00:16:53.987-0300] GC(2915) Pause Young (Allocation Failure)
[2020-08-06T00:16:53.990-0300] GC(2915) PSYoungGen: 20928K->160K(21504K)
[2020-08-06T00:16:53.990-0300] GC(2915) ParOldGen: 115123K->115371K(137216K)
[2020-08-06T00:16:53.990-0300] GC(2915) Metaspace: 119206K->119206K(1163264K)
[2020-08-06T00:16:53.990-0300] GC(2915) Pause Young (Allocation Failure) 132M->112M(155M) 2.698ms
[2020-08-06T00:16:53.990-0300] GC(2915) User=0.00s Sys=0.00s Real=0.00s
[2020-08-06T00:17:08.343-0300] GC(2916) Pause Young (Allocation Failure)
[2020-08-06T00:17:08.346-0300] GC(2916) PSYoungGen: 20640K->320K(21504K)
[2020-08-06T00:17:08.346-0300] GC(2916) ParOldGen: 115371K->115435K(137216K)
[2020-08-06T00:17:08.346-0300] GC(2916) Metaspace: 119206K->119206K(1163264K)
[2020-08-06T00:17:08.346-0300] GC(2916) Pause Young (Allocation Failure) 132M->113M(155M) 3.042ms
[2020-08-06T00:17:08.346-0300] GC(2916) User=0.01s Sys=0.00s Real=0.01s
[2020-08-06T00:17:20.451-0300] GC(2917) Pause Young (Allocation Failure)
[2020-08-06T00:17:20.455-0300] GC(2917) PSYoungGen: 20800K->576K(21504K)
[2020-08-06T00:17:20.455-0300] GC(2917) ParOldGen: 115435K->115636K(137216K)
[2020-08-06T00:17:20.455-0300] GC(2917) Metaspace: 119207K->119207K(1163264K)
[2020-08-06T00:17:20.455-0300] GC(2917) Pause Young (Allocation Failure) 133M->113M(155M) 3.930ms
[2020-08-06T00:17:20.455-0300] GC(2917) User=0.00s Sys=0.00s Real=0.01s
[2020-08-06T00:17:35.217-0300] GC(2918) Pause Young (Allocation Failure)
[2020-08-06T00:17:35.221-0300] GC(2918) PSYoungGen: 21056K->416K(21504K)
[2020-08-06T00:17:35.221-0300] GC(2918) ParOldGen: 115636K->115917K(137216K)
[2020-08-06T00:17:35.221-0300] GC(2918) Metaspace: 119207K->119207K(1163264K)
[2020-08-06T00:17:35.221-0300] GC(2918) Pause Young (Allocation Failure) 133M->113M(155M) 4.409ms
[2020-08-06T00:17:35.221-0300] GC(2918) User=0.01s Sys=0.00s Real=0.00s
[2020-08-06T00:17:49.848-0300] GC(2919) Pause Young (Allocation Failure)
[2020-08-06T00:17:49.850-0300] GC(2919) PSYoungGen: 20896K->305K(21504K)
[2020-08-06T00:17:49.850-0300] GC(2919) ParOldGen: 115917K->116098K(137216K)
[2020-08-06T00:17:49.850-0300] GC(2919) Metaspace: 119207K->119207K(1163264K)
[2020-08-06T00:17:49.850-0300] GC(2919) Pause Young (Allocation Failure) 133M->113M(155M) 2.396ms
[2020-08-06T00:17:49.850-0300] GC(2919) User=0.01s Sys=0.00s Real=0.00s
[2020-08-06T00:17:58.372-0300] GC(2920) Pause Young (Allocation Failure)
[2020-08-06T00:17:58.374-0300] GC(2920) PSYoungGen: 20785K->336K(21504K)
[2020-08-06T00:17:58.374-0300] GC(2920) ParOldGen: 116098K->116283K(137216K)
[2020-08-06T00:17:58.374-0300] GC(2920) Metaspace: 119207K->119207K(1163264K)
[2020-08-06T00:17:58.374-0300] GC(2920) Pause Young (Allocation Failure) 133M->113M(155M) 2.772ms
[2020-08-06T00:17:58.374-0300] GC(2920) User=0.00s Sys=0.00s Real=0.01s
[2020-08-06T00:17:59.846-0300] GC(2921) Pause Young (Allocation Failure)
[2020-08-06T00:17:59.849-0300] GC(2921) PSYoungGen: 20816K->320K(21504K)
[2020-08-06T00:17:59.849-0300] GC(2921) ParOldGen: 116283K->116476K(137216K)
[2020-08-06T00:17:59.849-0300] GC(2921) Metaspace: 119207K->119207K(1163264K)
[2020-08-06T00:17:59.849-0300] GC(2921) Pause Young (Allocation Failure) 133M->114M(155M) 2.824ms
[2020-08-06T00:17:59.849-0300] GC(2921) User=0.01s Sys=0.00s Real=0.00s
[2020-08-06T00:18:01.615-0300] GC(2922) Pause Young (Allocation Failure)
[2020-08-06T00:18:01.620-0300] GC(2922) PSYoungGen: 20799K->401K(21504K)
[2020-08-06T00:18:01.620-0300] GC(2922) ParOldGen: 116476K->116689K(137216K)
[2020-08-06T00:18:01.620-0300] GC(2922) Metaspace: 119207K->119207K(1163264K)
[2020-08-06T00:18:01.620-0300] GC(2922) Pause Young (Allocation Failure) 134M->114M(155M) 4.856ms
[2020-08-06T00:18:01.620-0300] GC(2922) User=0.00s Sys=0.00s Real=0.00s
[2020-08-06T00:18:09.514-0300] GC(2923) Pause Young (Allocation Failure)
[2020-08-06T00:18:09.517-0300] GC(2923) PSYoungGen: 20881K->192K(21504K)
[2020-08-06T00:18:09.517-0300] GC(2923) ParOldGen: 116689K->116805K(137216K)
[2020-08-06T00:18:09.517-0300] GC(2923) Metaspace: 119207K->119207K(1163264K)
[2020-08-06T00:18:09.517-0300] GC(2923) Pause Young (Allocation Failure) 134M->114M(155M) 3.382ms
[2020-08-06T00:18:09.517-0300] GC(2923) User=0.01s Sys=0.00s Real=0.01s
[2020-08-06T00:18:34.849-0300] GC(2924) Pause Young (Allocation Failure)
[2020-08-06T00:18:34.852-0300] GC(2924) PSYoungGen: 20649K->603K(21504K)
[2020-08-06T00:18:34.852-0300] GC(2924) ParOldGen: 116805K->116877K(137216K)
[2020-08-06T00:18:34.852-0300] GC(2924) Metaspace: 119207K->119207K(1163264K)
[2020-08-06T00:18:34.852-0300] GC(2924) Pause Young (Allocation Failure) 134M->114M(155M) 3.111ms
[2020-08-06T00:18:34.852-0300] GC(2924) User=0.01s Sys=0.00s Real=0.00s
[2020-08-06T00:19:02.549-0300] GC(2925) Pause Young (Allocation Failure)
[2020-08-06T00:19:02.552-0300] GC(2925) PSYoungGen: 21083K->800K(21504K)
[2020-08-06T00:19:02.552-0300] GC(2925) ParOldGen: 116877K->117349K(137216K)
[2020-08-06T00:19:02.552-0300] GC(2925) Metaspace: 119207K->119207K(1163264K)
[2020-08-06T00:19:02.552-0300] GC(2925) Pause Young (Allocation Failure) 134M->115M(155M) 3.070ms
[2020-08-06T00:19:02.552-0300] GC(2925) User=0.00s Sys=0.00s Real=0.00s
[2020-08-06T00:19:19.847-0300] GC(2926) Pause Young (Allocation Failure)
[2020-08-06T00:19:19.850-0300] GC(2926) PSYoungGen: 21280K->608K(21504K)
[2020-08-06T00:19:19.850-0300] GC(2926) ParOldGen: 117349K->118054K(137216K)
[2020-08-06T00:19:19.850-0300] GC(2926) Metaspace: 119207K->119207K(1163264K)
[2020-08-06T00:19:19.850-0300] GC(2926) Pause Young (Allocation Failure) 135M->115M(155M) 3.145ms
[2020-08-06T00:19:19.850-0300] GC(2926) User=0.01s Sys=0.00s Real=0.00s
[2020-08-06T00:19:49.213-0300] GC(2927) Pause Young (Allocation Failure)
[2020-08-06T00:19:49.217-0300] GC(2927) PSYoungGen: 21088K->480K(21504K)
[2020-08-06T00:19:49.217-0300] GC(2927) ParOldGen: 118054K->118474K(137216K)
[2020-08-06T00:19:49.217-0300] GC(2927) Metaspace: 119207K->119207K(1163264K)
[2020-08-06T00:19:49.217-0300] GC(2927) Pause Young (Allocation Failure) 135M->116M(155M) 3.538ms
[2020-08-06T00:19:49.217-0300] GC(2927) User=0.00s Sys=0.00s Real=0.01s
[2020-08-06T00:20:08.601-0300] GC(2928) Pause Young (Allocation Failure)
[2020-08-06T00:20:08.606-0300] GC(2928) PSYoungGen: 20960K->496K(21504K)
[2020-08-06T00:20:08.606-0300] GC(2928) ParOldGen: 118474K->118778K(137216K)
[2020-08-06T00:20:08.606-0300] GC(2928) Metaspace: 119207K->119207K(1163264K)
[2020-08-06T00:20:08.606-0300] GC(2928) Pause Young (Allocation Failure) 136M->116M(155M) 4.843ms
[2020-08-06T00:20:08.606-0300] GC(2928) User=0.01s Sys=0.00s Real=0.01s
[2020-08-06T00:20:24.444-0300] GC(2929) Pause Young (Allocation Failure)
[2020-08-06T00:20:24.448-0300] GC(2929) PSYoungGen: 20976K->496K(21504K)
[2020-08-06T00:20:24.448-0300] GC(2929) ParOldGen: 118778K->119210K(137216K)
[2020-08-06T00:20:24.448-0300] GC(2929) Metaspace: 119207K->119207K(1163264K)
[2020-08-06T00:20:24.448-0300] GC(2929) Pause Young (Allocation Failure) 136M->116M(155M) 3.397ms
[2020-08-06T00:20:24.448-0300] GC(2929) User=0.01s Sys=0.01s Real=0.00s
[2020-08-06T00:20:35.393-0300] GC(2930) Pause Young (Allocation Failure)
[2020-08-06T00:20:35.396-0300] GC(2930) PSYoungGen: 20976K->465K(21504K)
[2020-08-06T00:20:35.396-0300] GC(2930) ParOldGen: 119210K->119603K(137216K)
[2020-08-06T00:20:35.396-0300] GC(2930) Metaspace: 119207K->119207K(1163264K)
[2020-08-06T00:20:35.396-0300] GC(2930) Pause Young (Allocation Failure) 136M->117M(155M) 3.038ms
[2020-08-06T00:20:35.396-0300] GC(2930) User=0.01s Sys=0.00s Real=0.01s
[2020-08-06T00:20:37.007-0300] GC(2931) Pause Young (Allocation Failure)
[2020-08-06T00:20:37.010-0300] GC(2931) PSYoungGen: 20945K->384K(21504K)
[2020-08-06T00:20:37.010-0300] GC(2931) ParOldGen: 119603K->119948K(137216K)
[2020-08-06T00:20:37.010-0300] GC(2931) Metaspace: 119207K->119207K(1163264K)
[2020-08-06T00:20:37.010-0300] GC(2931) Pause Young (Allocation Failure) 137M->117M(155M) 2.490ms
[2020-08-06T00:20:37.010-0300] GC(2931) User=0.00s Sys=0.01s Real=0.00s
[2020-08-06T00:20:38.915-0300] GC(2932) Pause Young (Allocation Failure)
[2020-08-06T00:20:38.918-0300] GC(2932) PSYoungGen: 20864K->384K(21504K)
[2020-08-06T00:20:38.918-0300] GC(2932) ParOldGen: 119948K->120230K(137216K)
[2020-08-06T00:20:38.918-0300] GC(2932) Metaspace: 119207K->119207K(1163264K)
[2020-08-06T00:20:38.918-0300] GC(2932) Pause Young (Allocation Failure) 137M->117M(155M) 2.920ms
[2020-08-06T00:20:38.918-0300] GC(2932) User=0.01s Sys=0.00s Real=0.00s
[2020-08-06T00:20:40.350-0300] GC(2933) Pause Young (Allocation Failure)
[2020-08-06T00:20:40.353-0300] GC(2933) PSYoungGen: 20864K->336K(21504K)
[2020-08-06T00:20:40.353-0300] GC(2933) ParOldGen: 120230K->120479K(137216K)
[2020-08-06T00:20:40.353-0300] GC(2933) Metaspace: 119207K->119207K(1163264K)
[2020-08-06T00:20:40.353-0300] GC(2933) Pause Young (Allocation Failure) 137M->117M(155M) 3.121ms
[2020-08-06T00:20:40.354-0300] GC(2933) User=0.01s Sys=0.00s Real=0.00s
[2020-08-06T00:20:42.138-0300] GC(2934) Pause Young (Allocation Failure)
[2020-08-06T00:20:42.140-0300] GC(2934) PSYoungGen: 20811K->416K(21504K)
[2020-08-06T00:20:42.140-0300] GC(2934) ParOldGen: 120479K->120688K(137216K)
[2020-08-06T00:20:42.140-0300] GC(2934) Metaspace: 119207K->119207K(1163264K)
[2020-08-06T00:20:42.140-0300] GC(2934) Pause Young (Allocation Failure) 137M->118M(155M) 2.813ms
[2020-08-06T00:20:42.141-0300] GC(2934) User=0.01s Sys=0.00s Real=0.00s
[2020-08-06T00:20:49.418-0300] GC(2935) Pause Young (Allocation Failure)
[2020-08-06T00:20:49.421-0300] GC(2935) PSYoungGen: 20896K->320K(21504K)
[2020-08-06T00:20:49.421-0300] GC(2935) ParOldGen: 120688K->120756K(137216K)
[2020-08-06T00:20:49.421-0300] GC(2935) Metaspace: 119207K->119207K(1163264K)
[2020-08-06T00:20:49.421-0300] GC(2935) Pause Young (Allocation Failure) 138M->118M(155M) 3.430ms
[2020-08-06T00:20:49.421-0300] GC(2935) User=0.01s Sys=0.00s Real=0.00s
[2020-08-06T00:21:16.212-0300] GC(2936) Pause Young (Allocation Failure)
[2020-08-06T00:21:16.215-0300] GC(2936) PSYoungGen: 20800K->448K(21504K)
[2020-08-06T00:21:16.215-0300] GC(2936) ParOldGen: 120756K->120964K(137216K)
[2020-08-06T00:21:16.215-0300] GC(2936) Metaspace: 119207K->119207K(1163264K)
[2020-08-06T00:21:16.215-0300] GC(2936) Pause Young (Allocation Failure) 138M->118M(155M) 3.423ms
[2020-08-06T00:21:16.215-0300] GC(2936) User=0.00s Sys=0.00s Real=0.01s
[2020-08-06T00:21:43.037-0300] GC(2937) Pause Young (Allocation Failure)
[2020-08-06T00:21:43.040-0300] GC(2937) PSYoungGen: 20928K->256K(21504K)
[2020-08-06T00:21:43.040-0300] GC(2937) ParOldGen: 120964K->121260K(137216K)
[2020-08-06T00:21:43.040-0300] GC(2937) Metaspace: 119207K->119207K(1163264K)
[2020-08-06T00:21:43.040-0300] GC(2937) Pause Young (Allocation Failure) 138M->118M(155M) 3.620ms
[2020-08-06T00:21:43.041-0300] GC(2937) User=0.01s Sys=0.00s Real=0.00s
[2020-08-06T00:21:58.210-0300] GC(2938) Pause Young (Allocation Failure)
[2020-08-06T00:21:58.213-0300] GC(2938) PSYoungGen: 20736K->352K(21504K)
[2020-08-06T00:21:58.213-0300] GC(2938) ParOldGen: 121260K->121388K(137216K)
[2020-08-06T00:21:58.213-0300] GC(2938) Metaspace: 119207K->119207K(1163264K)
[2020-08-06T00:21:58.213-0300] GC(2938) Pause Young (Allocation Failure) 138M->118M(155M) 3.008ms
[2020-08-06T00:21:58.213-0300] GC(2938) User=0.00s Sys=0.00s Real=0.00s
[2020-08-06T00:22:11.057-0300] GC(2939) Pause Young (Allocation Failure)
[2020-08-06T00:22:11.060-0300] GC(2939) PSYoungGen: 20832K->320K(21504K)
[2020-08-06T00:22:11.060-0300] GC(2939) ParOldGen: 121388K->121569K(137216K)
[2020-08-06T00:22:11.060-0300] GC(2939) Metaspace: 119207K->119207K(1163264K)
[2020-08-06T00:22:11.060-0300] GC(2939) Pause Young (Allocation Failure) 138M->119M(155M) 2.802ms
[2020-08-06T00:22:11.060-0300] GC(2939) User=0.01s Sys=0.00s Real=0.00s
[2020-08-06T00:22:16.170-0300] GC(2940) Pause Young (Allocation Failure)
[2020-08-06T00:22:16.174-0300] GC(2940) PSYoungGen: 20800K->464K(21504K)
[2020-08-06T00:22:16.174-0300] GC(2940) ParOldGen: 121569K->121774K(137216K)
[2020-08-06T00:22:16.174-0300] GC(2940) Metaspace: 119207K->119207K(1163264K)
[2020-08-06T00:22:16.174-0300] GC(2940) Pause Young (Allocation Failure) 139M->119M(155M) 3.310ms
[2020-08-06T00:22:16.174-0300] GC(2940) User=0.01s Sys=0.00s Real=0.00s
[2020-08-06T00:22:17.620-0300] GC(2941) Pause Young (Allocation Failure)
[2020-08-06T00:22:17.623-0300] GC(2941) PSYoungGen: 20944K->272K(21504K)
[2020-08-06T00:22:17.623-0300] GC(2941) ParOldGen: 121774K->122131K(137216K)
[2020-08-06T00:22:17.623-0300] GC(2941) Metaspace: 119207K->119207K(1163264K)
[2020-08-06T00:22:17.623-0300] GC(2941) Pause Young (Allocation Failure) 139M->119M(155M) 3.136ms
[2020-08-06T00:22:17.623-0300] GC(2941) User=0.00s Sys=0.00s Real=0.00s
[2020-08-06T00:22:19.332-0300] GC(2942) Pause Young (Allocation Failure)
[2020-08-06T00:22:19.334-0300] GC(2942) PSYoungGen: 20752K->529K(21504K)
[2020-08-06T00:22:19.334-0300] GC(2942) ParOldGen: 122131K->122340K(137216K)
[2020-08-06T00:22:19.334-0300] GC(2942) Metaspace: 119207K->119207K(1163264K)
[2020-08-06T00:22:19.334-0300] GC(2942) Pause Young (Allocation Failure) 139M->119M(155M) 2.470ms
[2020-08-06T00:22:19.334-0300] GC(2942) User=0.00s Sys=0.00s Real=0.01s
[2020-08-06T00:22:20.935-0300] GC(2943) Pause Young (Allocation Failure)
[2020-08-06T00:22:20.938-0300] GC(2943) PSYoungGen: 21009K->352K(21504K)
[2020-08-06T00:22:20.938-0300] GC(2943) ParOldGen: 122340K->122662K(137216K)
[2020-08-06T00:22:20.938-0300] GC(2943) Metaspace: 119207K->119207K(1163264K)
[2020-08-06T00:22:20.938-0300] GC(2943) Pause Young (Allocation Failure) 139M->120M(155M) 2.543ms
[2020-08-06T00:22:20.938-0300] GC(2943) User=0.00s Sys=0.00s Real=0.00s
[2020-08-06T00:22:22.162-0300] GC(2944) Pause Young (Allocation Failure)
[2020-08-06T00:22:22.165-0300] GC(2944) PSYoungGen: 20832K->304K(21504K)
[2020-08-06T00:22:22.165-0300] GC(2944) ParOldGen: 122662K->122887K(137216K)
[2020-08-06T00:22:22.165-0300] GC(2944) Metaspace: 119207K->119207K(1163264K)
[2020-08-06T00:22:22.165-0300] GC(2944) Pause Young (Allocation Failure) 140M->120M(155M) 3.673ms
[2020-08-06T00:22:22.165-0300] GC(2944) User=0.01s Sys=0.00s Real=0.01s
[2020-08-06T00:22:42.072-0300] GC(2945) Pause Young (Allocation Failure)
[2020-08-06T00:22:42.075-0300] GC(2945) PSYoungGen: 20783K->160K(21504K)
[2020-08-06T00:22:42.075-0300] GC(2945) ParOldGen: 122887K->122967K(137216K)
[2020-08-06T00:22:42.075-0300] GC(2945) Metaspace: 119207K->119207K(1163264K)
[2020-08-06T00:22:42.075-0300] GC(2945) Pause Young (Allocation Failure) 140M->120M(155M) 2.801ms
[2020-08-06T00:22:42.075-0300] GC(2945) User=0.01s Sys=0.00s Real=0.01s
[2020-08-06T00:23:09.850-0300] GC(2946) Pause Young (Allocation Failure)
[2020-08-06T00:23:09.852-0300] GC(2946) PSYoungGen: 20640K->192K(21504K)
[2020-08-06T00:23:09.852-0300] GC(2946) ParOldGen: 122967K->123039K(137216K)
[2020-08-06T00:23:09.852-0300] GC(2946) Metaspace: 119207K->119207K(1163264K)
[2020-08-06T00:23:09.852-0300] GC(2946) Pause Young (Allocation Failure) 140M->120M(155M) 2.432ms
[2020-08-06T00:23:09.852-0300] GC(2946) User=0.00s Sys=0.00s Real=0.00s
[2020-08-06T00:23:27.208-0300] GC(2947) Pause Young (Allocation Failure)
[2020-08-06T00:23:27.211-0300] GC(2947) PSYoungGen: 20672K->480K(21504K)
[2020-08-06T00:23:27.211-0300] GC(2947) ParOldGen: 123039K->123071K(137216K)
[2020-08-06T00:23:27.211-0300] GC(2947) Metaspace: 119207K->119207K(1163264K)
[2020-08-06T00:23:27.211-0300] GC(2947) Pause Young (Allocation Failure) 140M->120M(155M) 3.587ms
[2020-08-06T00:23:27.211-0300] GC(2947) User=0.00s Sys=0.00s Real=0.00s
[2020-08-06T00:23:54.848-0300] GC(2948) Pause Young (Allocation Failure)
[2020-08-06T00:23:54.851-0300] GC(2948) PSYoungGen: 20960K->800K(21504K)
[2020-08-06T00:23:54.851-0300] GC(2948) ParOldGen: 123071K->123383K(137216K)
[2020-08-06T00:23:54.851-0300] GC(2948) Metaspace: 119207K->119207K(1163264K)
[2020-08-06T00:23:54.851-0300] GC(2948) Pause Young (Allocation Failure) 140M->121M(155M) 2.451ms
[2020-08-06T00:23:54.851-0300] GC(2948) User=0.01s Sys=0.00s Real=0.00s
[2020-08-06T00:24:23.200-0300] GC(2949) Pause Young (Allocation Failure)
[2020-08-06T00:24:23.203-0300] GC(2949) PSYoungGen: 21280K->672K(21504K)
[2020-08-06T00:24:23.203-0300] GC(2949) ParOldGen: 123383K->124055K(137216K)
[2020-08-06T00:24:23.203-0300] GC(2949) Metaspace: 119207K->119207K(1163264K)
[2020-08-06T00:24:23.203-0300] GC(2949) Pause Young (Allocation Failure) 141M->121M(155M) 3.174ms
[2020-08-06T00:24:23.203-0300] GC(2949) User=0.00s Sys=0.00s Real=0.00s
[2020-08-06T00:24:39.848-0300] GC(2950) Pause Young (Allocation Failure)
[2020-08-06T00:24:39.851-0300] GC(2950) PSYoungGen: 21152K->416K(21504K)
[2020-08-06T00:24:39.851-0300] GC(2950) ParOldGen: 124055K->124599K(137216K)
[2020-08-06T00:24:39.851-0300] GC(2950) Metaspace: 119207K->119207K(1163264K)
[2020-08-06T00:24:39.851-0300] GC(2950) Pause Young (Allocation Failure) 141M->122M(155M) 3.635ms
[2020-08-06T00:24:39.851-0300] GC(2950) User=0.00s Sys=0.00s Real=0.00s
[2020-08-06T00:25:09.295-0300] GC(2951) Pause Young (Allocation Failure)
[2020-08-06T00:25:09.298-0300] GC(2951) PSYoungGen: 20896K->576K(21504K)
[2020-08-06T00:25:09.298-0300] GC(2951) ParOldGen: 124599K->124931K(137216K)
[2020-08-06T00:25:09.298-0300] GC(2951) Metaspace: 119207K->119207K(1163264K)
[2020-08-06T00:25:09.298-0300] GC(2951) Pause Young (Allocation Failure) 142M->122M(155M) 3.098ms
[2020-08-06T00:25:09.298-0300] GC(2951) User=0.01s Sys=0.00s Real=0.00s
[2020-08-06T00:25:29.066-0300] GC(2952) Pause Young (Allocation Failure)
[2020-08-06T00:25:29.068-0300] GC(2952) PSYoungGen: 21056K->480K(21504K)
[2020-08-06T00:25:29.069-0300] GC(2952) ParOldGen: 124931K->125387K(137216K)
[2020-08-06T00:25:29.069-0300] GC(2952) Metaspace: 119207K->119207K(1163264K)
[2020-08-06T00:25:29.069-0300] GC(2952) Pause Young (Allocation Failure) 142M->122M(155M) 3.012ms
[2020-08-06T00:25:29.069-0300] GC(2952) User=0.00s Sys=0.00s Real=0.00s
[2020-08-06T00:25:44.846-0300] GC(2953) Pause Young (Allocation Failure)
[2020-08-06T00:25:44.849-0300] GC(2953) PSYoungGen: 20960K->592K(21504K)
[2020-08-06T00:25:44.849-0300] GC(2953) ParOldGen: 125387K->125747K(137216K)
[2020-08-06T00:25:44.849-0300] GC(2953) Metaspace: 119207K->119207K(1163264K)
[2020-08-06T00:25:44.849-0300] GC(2953) Pause Young (Allocation Failure) 142M->123M(155M) 2.979ms
[2020-08-06T00:25:44.849-0300] GC(2953) User=0.01s Sys=0.00s Real=0.00s
[2020-08-06T00:25:58.158-0300] GC(2954) Pause Young (Allocation Failure)
[2020-08-06T00:25:58.160-0300] GC(2954) PSYoungGen: 21072K->448K(21504K)
[2020-08-06T00:25:58.160-0300] GC(2954) ParOldGen: 125747K->126204K(137216K)
[2020-08-06T00:25:58.160-0300] GC(2954) Metaspace: 119207K->119207K(1163264K)
[2020-08-06T00:25:58.160-0300] GC(2954) Pause Young (Allocation Failure) 143M->123M(155M) 2.624ms
[2020-08-06T00:25:58.160-0300] GC(2954) User=0.00s Sys=0.00s Real=0.00s
[2020-08-06T00:26:11.456-0300] GC(2955) Pause Young (Allocation Failure)
[2020-08-06T00:26:11.459-0300] GC(2955) PSYoungGen: 20928K->384K(21504K)
[2020-08-06T00:26:11.459-0300] GC(2955) ParOldGen: 126204K->126553K(137216K)
[2020-08-06T00:26:11.459-0300] GC(2955) Metaspace: 119207K->119207K(1163264K)
[2020-08-06T00:26:11.459-0300] GC(2955) Pause Young (Allocation Failure) 143M->123M(155M) 3.104ms
[2020-08-06T00:26:11.459-0300] GC(2955) User=0.01s Sys=0.00s Real=0.00s
[2020-08-06T00:26:27.215-0300] GC(2956) Pause Young (Allocation Failure)
[2020-08-06T00:26:27.219-0300] GC(2956) PSYoungGen: 20864K->400K(21504K)
[2020-08-06T00:26:27.219-0300] GC(2956) ParOldGen: 126553K->126823K(137216K)
[2020-08-06T00:26:27.219-0300] GC(2956) Metaspace: 119207K->119207K(1163264K)
[2020-08-06T00:26:27.219-0300] GC(2956) Pause Young (Allocation Failure) 143M->124M(155M) 3.935ms
[2020-08-06T00:26:27.219-0300] GC(2956) User=0.01s Sys=0.00s Real=0.00s
[2020-08-06T00:26:28.959-0300] GC(2957) Pause Young (Allocation Failure)
[2020-08-06T00:26:28.963-0300] GC(2957) PSYoungGen: 20879K->480K(21504K)
[2020-08-06T00:26:28.963-0300] GC(2957) ParOldGen: 126823K->127115K(137216K)
[2020-08-06T00:26:28.963-0300] GC(2957) Metaspace: 119207K->119207K(1163264K)
[2020-08-06T00:26:28.963-0300] GC(2957) Pause Young (Allocation Failure) 144M->124M(155M) 3.761ms
[2020-08-06T00:26:28.963-0300] GC(2957) User=0.01s Sys=0.00s Real=0.00s
[2020-08-06T00:26:30.634-0300] GC(2958) Pause Young (Allocation Failure)
[2020-08-06T00:26:30.638-0300] GC(2958) PSYoungGen: 20959K->368K(21504K)
[2020-08-06T00:26:30.638-0300] GC(2958) ParOldGen: 127115K->127460K(137216K)
[2020-08-06T00:26:30.638-0300] GC(2958) Metaspace: 119207K->119207K(1163264K)
[2020-08-06T00:26:30.638-0300] GC(2958) Pause Young (Allocation Failure) 144M->124M(155M) 3.536ms
[2020-08-06T00:26:30.638-0300] GC(2958) User=0.00s Sys=0.00s Real=0.00s
[2020-08-06T00:26:31.862-0300] GC(2959) Pause Young (Allocation Failure)
[2020-08-06T00:26:31.865-0300] GC(2959) PSYoungGen: 20848K->305K(21504K)
[2020-08-06T00:26:31.865-0300] GC(2959) ParOldGen: 127460K->127701K(137216K)
[2020-08-06T00:26:31.865-0300] GC(2959) Metaspace: 119207K->119207K(1163264K)
[2020-08-06T00:26:31.865-0300] GC(2959) Pause Young (Allocation Failure) 144M->125M(155M) 3.143ms
[2020-08-06T00:26:31.865-0300] GC(2959) User=0.01s Sys=0.00s Real=0.01s
[2020-08-06T00:26:52.204-0300] GC(2960) Pause Young (Allocation Failure)
[2020-08-06T00:26:52.206-0300] GC(2960) PSYoungGen: 20785K->256K(21504K)
[2020-08-06T00:26:52.206-0300] GC(2960) ParOldGen: 127701K->127777K(137216K)
[2020-08-06T00:26:52.206-0300] GC(2960) Metaspace: 119207K->119207K(1163264K)
[2020-08-06T00:26:52.207-0300] GC(2960) Pause Young (Allocation Failure) 145M->125M(155M) 2.787ms
[2020-08-06T00:26:52.207-0300] GC(2960) User=0.01s Sys=0.00s Real=0.01s
[2020-08-06T00:27:19.377-0300] GC(2961) Pause Young (Allocation Failure)
[2020-08-06T00:27:19.380-0300] GC(2961) PSYoungGen: 20736K->320K(21504K)
[2020-08-06T00:27:19.380-0300] GC(2961) ParOldGen: 127777K->127817K(137216K)
[2020-08-06T00:27:19.380-0300] GC(2961) Metaspace: 119210K->119210K(1163264K)
[2020-08-06T00:27:19.380-0300] GC(2961) Pause Young (Allocation Failure) 145M->125M(155M) 3.176ms
[2020-08-06T00:27:19.380-0300] GC(2961) User=0.01s Sys=0.00s Real=0.00s
[2020-08-06T00:27:37.696-0300] GC(2962) Pause Young (Allocation Failure)
[2020-08-06T00:27:37.700-0300] GC(2962) PSYoungGen: 20800K->240K(21504K)
[2020-08-06T00:27:37.700-0300] GC(2962) ParOldGen: 127817K->127881K(137216K)
[2020-08-06T00:27:37.700-0300] GC(2962) Metaspace: 119210K->119210K(1163264K)
[2020-08-06T00:27:37.700-0300] GC(2962) Pause Young (Allocation Failure) 145M->125M(155M) 4.085ms
[2020-08-06T00:27:37.700-0300] GC(2962) User=0.00s Sys=0.00s Real=0.00s
[2020-08-06T00:27:53.527-0300] GC(2963) Pause Young (Allocation Failure)
[2020-08-06T00:27:53.530-0300] GC(2963) PSYoungGen: 20720K->320K(21504K)
[2020-08-06T00:27:53.530-0300] GC(2963) ParOldGen: 127881K->127986K(137216K)
[2020-08-06T00:27:53.530-0300] GC(2963) Metaspace: 119210K->119210K(1163264K)
[2020-08-06T00:27:53.530-0300] GC(2963) Pause Young (Allocation Failure) 145M->125M(155M) 2.915ms
[2020-08-06T00:27:53.530-0300] GC(2963) User=0.01s Sys=0.00s Real=0.00s
[2020-08-06T00:28:09.209-0300] GC(2964) Pause Young (Allocation Failure)
[2020-08-06T00:28:09.212-0300] GC(2964) PSYoungGen: 20797K->305K(21504K)
[2020-08-06T00:28:09.212-0300] GC(2964) ParOldGen: 127986K->128167K(137216K)
[2020-08-06T00:28:09.212-0300] GC(2964) Metaspace: 119210K->119210K(1163264K)
[2020-08-06T00:28:09.212-0300] GC(2964) Pause Young (Allocation Failure) 145M->125M(155M) 3.124ms
[2020-08-06T00:28:09.212-0300] GC(2964) User=0.00s Sys=0.00s Real=0.00s
[2020-08-06T00:28:20.999-0300] GC(2965) Pause Young (Allocation Failure)
[2020-08-06T00:28:21.001-0300] GC(2965) PSYoungGen: 20785K->369K(21504K)
[2020-08-06T00:28:21.001-0300] GC(2965) ParOldGen: 128167K->128356K(137216K)
[2020-08-06T00:28:21.001-0300] GC(2965) Metaspace: 119210K->119210K(1163264K)
[2020-08-06T00:28:21.001-0300] GC(2965) Pause Young (Allocation Failure) 145M->125M(155M) 2.534ms
[2020-08-06T00:28:21.001-0300] GC(2965) User=0.01s Sys=0.00s Real=0.00s
[2020-08-06T00:28:35.782-0300] GC(2966) Pause Young (Allocation Failure)
[2020-08-06T00:28:35.785-0300] GC(2966) PSYoungGen: 20849K->768K(21504K)
[2020-08-06T00:28:35.785-0300] GC(2966) ParOldGen: 128356K->128645K(137216K)
[2020-08-06T00:28:35.785-0300] GC(2966) Metaspace: 119210K->119210K(1163264K)
[2020-08-06T00:28:35.785-0300] GC(2966) Pause Young (Allocation Failure) 145M->126M(155M) 3.176ms
[2020-08-06T00:28:35.785-0300] GC(2966) User=0.01s Sys=0.00s Real=0.01s
[2020-08-06T00:28:37.569-0300] GC(2967) Pause Young (Allocation Failure)
[2020-08-06T00:28:37.572-0300] GC(2967) PSYoungGen: 21248K->448K(21504K)
[2020-08-06T00:28:37.572-0300] GC(2967) ParOldGen: 128645K->129285K(137216K)
[2020-08-06T00:28:37.572-0300] GC(2967) Metaspace: 119210K->119210K(1163264K)
[2020-08-06T00:28:37.572-0300] GC(2967) Pause Young (Allocation Failure) 146M->126M(155M) 3.600ms
[2020-08-06T00:28:37.573-0300] GC(2967) User=0.01s Sys=0.00s Real=0.00s
[2020-08-06T00:28:39.197-0300] GC(2968) Pause Young (Allocation Failure)
[2020-08-06T00:28:39.201-0300] GC(2968) PSYoungGen: 20928K->320K(21504K)
[2020-08-06T00:28:39.201-0300] GC(2968) ParOldGen: 129285K->129583K(137216K)
[2020-08-06T00:28:39.201-0300] GC(2968) Metaspace: 119210K->119210K(1163264K)
[2020-08-06T00:28:39.201-0300] GC(2968) Pause Young (Allocation Failure) 146M->126M(155M) 3.908ms
[2020-08-06T00:28:39.201-0300] GC(2968) User=0.00s Sys=0.00s Real=0.00s
[2020-08-06T00:28:40.425-0300] GC(2969) Pause Young (Allocation Failure)
[2020-08-06T00:28:40.428-0300] GC(2969) PSYoungGen: 20800K->352K(21504K)
[2020-08-06T00:28:40.428-0300] GC(2969) ParOldGen: 129583K->129792K(137216K)
[2020-08-06T00:28:40.428-0300] GC(2969) Metaspace: 119210K->119210K(1163264K)
[2020-08-06T00:28:40.428-0300] GC(2969) Pause Young (Allocation Failure) 146M->127M(155M) 3.446ms
[2020-08-06T00:28:40.428-0300] GC(2969) User=0.00s Sys=0.00s Real=0.00s
[2020-08-06T00:29:01.202-0300] GC(2970) Pause Young (Allocation Failure)
[2020-08-06T00:29:01.205-0300] GC(2970) PSYoungGen: 20821K->672K(21504K)
[2020-08-06T00:29:01.219-0300] GC(2970) ParOldGen: 129792K->129892K(137216K)
[2020-08-06T00:29:01.219-0300] GC(2970) Metaspace: 119210K->119210K(1163264K)
[2020-08-06T00:29:01.219-0300] GC(2970) Pause Young (Allocation Failure) 147M->127M(155M) 17.792ms
[2020-08-06T00:29:01.220-0300] GC(2970) User=0.00s Sys=0.01s Real=0.02s
[2020-08-06T00:29:29.846-0300] GC(2971) Pause Young (Allocation Failure)
[2020-08-06T00:29:29.849-0300] GC(2971) PSYoungGen: 21152K->608K(21504K)
[2020-08-06T00:29:29.849-0300] GC(2971) ParOldGen: 129892K->130368K(137216K)
[2020-08-06T00:29:29.849-0300] GC(2971) Metaspace: 119210K->119210K(1163264K)
[2020-08-06T00:29:29.849-0300] GC(2971) Pause Young (Allocation Failure) 147M->127M(155M) 3.014ms
[2020-08-06T00:29:29.849-0300] GC(2971) User=0.00s Sys=0.00s Real=0.00s
[2020-08-06T00:29:46.201-0300] GC(2972) Pause Young (Allocation Failure)
[2020-08-06T00:29:46.204-0300] GC(2972) PSYoungGen: 21088K->480K(21504K)
[2020-08-06T00:29:46.204-0300] GC(2972) ParOldGen: 130368K->130856K(137216K)
[2020-08-06T00:29:46.204-0300] GC(2972) Metaspace: 119210K->119210K(1163264K)
[2020-08-06T00:29:46.204-0300] GC(2972) Pause Young (Allocation Failure) 147M->128M(155M) 3.093ms
[2020-08-06T00:29:46.204-0300] GC(2972) User=0.00s Sys=0.00s Real=0.01s
[2020-08-06T00:30:14.849-0300] GC(2973) Pause Young (Allocation Failure)
[2020-08-06T00:30:14.851-0300] GC(2973) PSYoungGen: 20960K->608K(21504K)
[2020-08-06T00:30:14.851-0300] GC(2973) ParOldGen: 130856K->131140K(137216K)
[2020-08-06T00:30:14.851-0300] GC(2973) Metaspace: 119210K->119210K(1163264K)
[2020-08-06T00:30:14.851-0300] GC(2973) Pause Young (Allocation Failure) 148M->128M(155M) 2.696ms
[2020-08-06T00:30:14.851-0300] GC(2973) User=0.01s Sys=0.00s Real=0.00s
[2020-08-06T00:30:41.477-0300] GC(2974) Pause Young (Allocation Failure)
[2020-08-06T00:30:41.479-0300] GC(2974) PSYoungGen: 21088K->496K(21504K)
[2020-08-06T00:30:41.480-0300] GC(2974) ParOldGen: 131140K->131596K(137216K)
[2020-08-06T00:30:41.480-0300] GC(2974) Metaspace: 119210K->119210K(1163264K)
[2020-08-06T00:30:41.480-0300] GC(2974) Pause Young (Allocation Failure) 148M->128M(155M) 2.611ms
[2020-08-06T00:30:41.480-0300] GC(2974) User=0.01s Sys=0.00s Real=0.00s
[2020-08-06T00:30:59.849-0300] GC(2975) Pause Young (Allocation Failure)
[2020-08-06T00:30:59.852-0300] GC(2975) PSYoungGen: 20971K->507K(21504K)
[2020-08-06T00:30:59.852-0300] GC(2975) ParOldGen: 131596K->132004K(137216K)
[2020-08-06T00:30:59.852-0300] GC(2975) Metaspace: 119210K->119210K(1163264K)
[2020-08-06T00:30:59.852-0300] GC(2975) Pause Young (Allocation Failure) 148M->129M(155M) 2.931ms
[2020-08-06T00:30:59.852-0300] GC(2975) User=0.01s Sys=0.00s Real=0.00s
[2020-08-06T00:31:29.232-0300] GC(2976) Pause Young (Allocation Failure)
[2020-08-06T00:31:29.235-0300] GC(2976) PSYoungGen: 20987K->352K(21504K)
[2020-08-06T00:31:29.235-0300] GC(2976) ParOldGen: 132004K->132348K(137216K)
[2020-08-06T00:31:29.235-0300] GC(2976) Metaspace: 119210K->119210K(1163264K)
[2020-08-06T00:31:29.235-0300] GC(2976) Pause Young (Allocation Failure) 149M->129M(155M) 2.580ms
[2020-08-06T00:31:29.235-0300] GC(2976) User=0.01s Sys=0.01s Real=0.01s
[2020-08-06T00:31:46.228-0300] GC(2977) Pause Young (Allocation Failure)
[2020-08-06T00:31:46.230-0300] GC(2977) PSYoungGen: 20832K->224K(21504K)
[2020-08-06T00:31:46.230-0300] GC(2977) ParOldGen: 132348K->132597K(137216K)
[2020-08-06T00:31:46.230-0300] GC(2977) Metaspace: 119210K->119210K(1163264K)
[2020-08-06T00:31:46.230-0300] GC(2977) Pause Young (Allocation Failure) 149M->129M(155M) 2.682ms
[2020-08-06T00:31:46.230-0300] GC(2977) User=0.01s Sys=0.00s Real=0.00s
[2020-08-06T00:32:14.852-0300] GC(2978) Pause Young (Allocation Failure)
[2020-08-06T00:32:14.855-0300] GC(2978) PSYoungGen: 20704K->219K(21504K)
[2020-08-06T00:32:14.855-0300] GC(2978) ParOldGen: 132597K->132649K(137216K)
[2020-08-06T00:32:14.855-0300] GC(2978) Metaspace: 119210K->119210K(1163264K)
[2020-08-06T00:32:14.855-0300] GC(2978) Pause Young (Allocation Failure) 149M->129M(155M) 3.111ms
[2020-08-06T00:32:14.855-0300] GC(2978) User=0.00s Sys=0.00s Real=0.01s
[2020-08-06T00:32:41.226-0300] GC(2979) Pause Young (Allocation Failure)
[2020-08-06T00:32:41.229-0300] GC(2979) PSYoungGen: 20699K->416K(21504K)
[2020-08-06T00:32:41.229-0300] GC(2979) ParOldGen: 132649K->132681K(137216K)
[2020-08-06T00:32:41.229-0300] GC(2979) Metaspace: 119211K->119211K(1163264K)
[2020-08-06T00:32:41.229-0300] GC(2979) Pause Young (Allocation Failure) 149M->129M(155M) 3.231ms
[2020-08-06T00:32:41.229-0300] GC(2979) User=0.01s Sys=0.00s Real=0.00s
[2020-08-06T00:32:54.847-0300] GC(2980) Pause Young (Allocation Failure)
[2020-08-06T00:32:54.850-0300] GC(2980) PSYoungGen: 20896K->336K(21504K)
[2020-08-06T00:32:54.850-0300] GC(2980) ParOldGen: 132681K->132721K(137216K)
[2020-08-06T00:32:54.850-0300] GC(2980) Metaspace: 119212K->119212K(1163264K)
[2020-08-06T00:32:54.850-0300] GC(2980) Pause Young (Allocation Failure) 149M->129M(155M) 2.434ms
[2020-08-06T00:32:54.850-0300] GC(2980) User=0.01s Sys=0.00s Real=0.00s
[2020-08-06T00:33:09.255-0300] GC(2981) Pause Young (Allocation Failure)
[2020-08-06T00:33:09.258-0300] GC(2981) PSYoungGen: 20816K->352K(21504K)
[2020-08-06T00:33:09.258-0300] GC(2981) ParOldGen: 132721K->132926K(137216K)
[2020-08-06T00:33:09.258-0300] GC(2981) Metaspace: 119212K->119212K(1163264K)
[2020-08-06T00:33:09.258-0300] GC(2981) Pause Young (Allocation Failure) 149M->130M(155M) 3.374ms
[2020-08-06T00:33:09.258-0300] GC(2981) User=0.00s Sys=0.00s Real=0.00s
[2020-08-06T00:33:15.674-0300] GC(2982) Pause Young (Allocation Failure)
[2020-08-06T00:33:15.677-0300] GC(2982) PSYoungGen: 20821K->288K(21504K)
[2020-08-06T00:33:15.677-0300] GC(2982) ParOldGen: 132926K->133119K(137216K)
[2020-08-06T00:33:15.677-0300] GC(2982) Metaspace: 119212K->119212K(1163264K)
[2020-08-06T00:33:15.677-0300] GC(2982) Pause Young (Allocation Failure) 150M->130M(155M) 3.222ms
[2020-08-06T00:33:15.677-0300] GC(2982) User=0.01s Sys=0.00s Real=0.01s
[2020-08-06T00:33:17.287-0300] GC(2983) Pause Young (Allocation Failure)
[2020-08-06T00:33:17.290-0300] GC(2983) PSYoungGen: 20768K->304K(21504K)
[2020-08-06T00:33:17.290-0300] GC(2983) ParOldGen: 133119K->133283K(137216K)
[2020-08-06T00:33:17.290-0300] GC(2983) Metaspace: 119212K->119212K(1163264K)
[2020-08-06T00:33:17.290-0300] GC(2983) Pause Young (Allocation Failure) 150M->130M(155M) 3.375ms
[2020-08-06T00:33:17.290-0300] GC(2983) User=0.00s Sys=0.00s Real=0.00s
[2020-08-06T00:33:18.788-0300] GC(2984) Pause Young (Allocation Failure)
[2020-08-06T00:33:18.791-0300] GC(2984) PSYoungGen: 20784K->992K(21504K)
[2020-08-06T00:33:18.791-0300] GC(2984) ParOldGen: 133283K->133569K(137216K)
[2020-08-06T00:33:18.791-0300] GC(2984) Metaspace: 119212K->119212K(1163264K)
[2020-08-06T00:33:18.791-0300] GC(2984) Pause Young (Allocation Failure) 150M->131M(155M) 3.515ms
[2020-08-06T00:33:18.791-0300] GC(2984) User=0.00s Sys=0.00s Real=0.00s
[2020-08-06T00:33:20.568-0300] GC(2985) Pause Young (Allocation Failure)
[2020-08-06T00:33:20.572-0300] GC(2985) PSYoungGen: 21472K->433K(21504K)
[2020-08-06T00:33:20.572-0300] GC(2985) ParOldGen: 133569K->134482K(137216K)
[2020-08-06T00:33:20.572-0300] GC(2985) Metaspace: 119212K->119212K(1163264K)
[2020-08-06T00:33:20.572-0300] GC(2985) Pause Young (Allocation Failure) 151M->131M(155M) 4.251ms
[2020-08-06T00:33:20.573-0300] GC(2985) User=0.01s Sys=0.00s Real=0.00s
[2020-08-06T00:33:21.852-0300] GC(2986) Pause Young (Allocation Failure)
[2020-08-06T00:33:21.855-0300] GC(2986) PSYoungGen: 20913K->304K(21504K)
[2020-08-06T00:33:21.855-0300] GC(2986) ParOldGen: 134482K->134751K(137216K)
[2020-08-06T00:33:21.855-0300] GC(2986) Metaspace: 119212K->119212K(1163264K)
[2020-08-06T00:33:21.855-0300] GC(2986) Pause Young (Allocation Failure) 151M->131M(155M) 3.461ms
[2020-08-06T00:33:21.855-0300] GC(2986) User=0.00s Sys=0.00s Real=0.01s
[2020-08-06T00:33:39.852-0300] GC(2987) Pause Young (Allocation Failure)
[2020-08-06T00:33:39.856-0300] GC(2987) PSYoungGen: 20778K->630K(21504K)
[2020-08-06T00:33:39.856-0300] GC(2987) ParOldGen: 134751K->134863K(137216K)
[2020-08-06T00:33:39.856-0300] GC(2987) Metaspace: 119212K->119212K(1163264K)
[2020-08-06T00:33:39.856-0300] GC(2987) Pause Young (Allocation Failure) 151M->132M(155M) 3.796ms
[2020-08-06T00:33:39.856-0300] GC(2987) User=0.01s Sys=0.00s Real=0.01s
[2020-08-06T00:34:08.223-0300] GC(2988) Pause Young (Allocation Failure)
[2020-08-06T00:34:08.226-0300] GC(2988) PSYoungGen: 21110K->928K(20992K)
[2020-08-06T00:34:08.226-0300] GC(2988) ParOldGen: 134863K->135384K(137216K)
[2020-08-06T00:34:08.226-0300] GC(2988) Metaspace: 119218K->119218K(1163264K)
[2020-08-06T00:34:08.226-0300] GC(2988) Pause Young (Allocation Failure) 152M->133M(154M) 3.044ms
[2020-08-06T00:34:08.226-0300] GC(2988) User=0.01s Sys=0.00s Real=0.01s
[2020-08-06T00:34:27.682-0300] GC(2989) Pause Young (Allocation Failure)
[2020-08-06T00:34:27.686-0300] GC(2989) PSYoungGen: 20896K->528K(20992K)
[2020-08-06T00:34:27.686-0300] GC(2989) ParOldGen: 135384K->136184K(137216K)
[2020-08-06T00:34:27.686-0300] GC(2989) Metaspace: 119218K->119218K(1163264K)
[2020-08-06T00:34:27.686-0300] GC(2989) Pause Young (Allocation Failure) 152M->133M(154M) 3.545ms
[2020-08-06T00:34:27.686-0300] GC(2989) User=0.00s Sys=0.00s Real=0.01s
[2020-08-06T00:34:41.222-0300] GC(2990) Pause Young (Allocation Failure)
[2020-08-06T00:34:41.227-0300] GC(2990) PSYoungGen: 20496K->544K(20992K)
[2020-08-06T00:34:41.227-0300] GC(2990) ParOldGen: 136184K->136616K(137216K)
[2020-08-06T00:34:41.227-0300] GC(2990) Metaspace: 119218K->119218K(1163264K)
[2020-08-06T00:34:41.227-0300] GC(2990) Pause Young (Allocation Failure) 153M->133M(154M) 5.313ms
[2020-08-06T00:34:41.227-0300] GC(2990) User=0.00s Sys=0.00s Real=0.01s
[2020-08-06T00:34:41.227-0300] GC(2991) Pause Full (Ergonomics)
[2020-08-06T00:34:41.227-0300] GC(2991) Marking Phase
[2020-08-06T00:34:41.324-0300] GC(2991) Marking Phase 96.272ms
[2020-08-06T00:34:41.324-0300] GC(2991) Summary Phase
[2020-08-06T00:34:41.324-0300] GC(2991) Summary Phase 0.012ms
[2020-08-06T00:34:41.324-0300] GC(2991) Adjust Roots
[2020-08-06T00:34:41.392-0300] GC(2991) Adjust Roots 68.392ms
[2020-08-06T00:34:41.392-0300] GC(2991) Compaction Phase
[2020-08-06T00:34:41.619-0300] GC(2991) Compaction Phase 226.412ms
[2020-08-06T00:34:41.619-0300] GC(2991) Post Compact
[2020-08-06T00:34:41.619-0300] GC(2991) Post Compact 0.658ms
[2020-08-06T00:34:41.620-0300] GC(2991) PSYoungGen: 544K->0K(20992K)
[2020-08-06T00:34:41.620-0300] GC(2991) ParOldGen: 136616K->103093K(134656K)
[2020-08-06T00:34:41.620-0300] GC(2991) Metaspace: 119218K->119218K(1163264K)
[2020-08-06T00:34:41.620-0300] GC(2991) Pause Full (Ergonomics) 133M->100M(152M) 392.208ms
[2020-08-06T00:34:41.620-0300] GC(2991) User=1.17s Sys=0.00s Real=0.39s
[2020-08-06T00:34:54.371-0300] GC(2992) Pause Young (Allocation Failure)
[2020-08-06T00:34:54.374-0300] GC(2992) PSYoungGen: 19967K->401K(20992K)
[2020-08-06T00:34:54.374-0300] GC(2992) ParOldGen: 103093K->103093K(134656K)
[2020-08-06T00:34:54.374-0300] GC(2992) Metaspace: 119218K->119218K(1163264K)
[2020-08-06T00:34:54.374-0300] GC(2992) Pause Young (Allocation Failure) 120M->101M(152M) 2.477ms
[2020-08-06T00:34:54.374-0300] GC(2992) User=0.00s Sys=0.00s Real=0.01s
[2020-08-06T00:34:55.967-0300] GC(2993) Pause Young (Allocation Failure)
[2020-08-06T00:34:55.970-0300] GC(2993) PSYoungGen: 20369K->256K(20992K)
[2020-08-06T00:34:55.970-0300] GC(2993) ParOldGen: 103093K->103390K(134656K)
[2020-08-06T00:34:55.970-0300] GC(2993) Metaspace: 119218K->119218K(1163264K)
[2020-08-06T00:34:55.970-0300] GC(2993) Pause Young (Allocation Failure) 120M->101M(152M) 2.832ms
[2020-08-06T00:34:55.970-0300] GC(2993) User=0.01s Sys=0.00s Real=0.00s
[2020-08-06T00:34:57.414-0300] GC(2994) Pause Young (Allocation Failure)
[2020-08-06T00:34:57.417-0300] GC(2994) PSYoungGen: 20224K->400K(20992K)
[2020-08-06T00:34:57.417-0300] GC(2994) ParOldGen: 103390K->103559K(134656K)
[2020-08-06T00:34:57.417-0300] GC(2994) Metaspace: 119218K->119218K(1163264K)
[2020-08-06T00:34:57.417-0300] GC(2994) Pause Young (Allocation Failure) 120M->101M(152M) 3.068ms
[2020-08-06T00:34:57.417-0300] GC(2994) User=0.00s Sys=0.00s Real=0.00s
[2020-08-06T00:34:59.300-0300] GC(2995) Pause Young (Allocation Failure)
[2020-08-06T00:34:59.303-0300] GC(2995) PSYoungGen: 20368K->401K(20992K)
[2020-08-06T00:34:59.303-0300] GC(2995) ParOldGen: 103559K->103840K(134656K)
[2020-08-06T00:34:59.303-0300] GC(2995) Metaspace: 119218K->119218K(1163264K)
[2020-08-06T00:34:59.303-0300] GC(2995) Pause Young (Allocation Failure) 121M->101M(152M) 3.009ms
[2020-08-06T00:34:59.303-0300] GC(2995) User=0.00s Sys=0.01s Real=0.00s
[2020-08-06T00:35:00.775-0300] GC(2996) Pause Young (Allocation Failure)
[2020-08-06T00:35:00.777-0300] GC(2996) PSYoungGen: 20369K->305K(20992K)
[2020-08-06T00:35:00.777-0300] GC(2996) ParOldGen: 103840K->104117K(134656K)
[2020-08-06T00:35:00.777-0300] GC(2996) Metaspace: 119218K->119218K(1163264K)
[2020-08-06T00:35:00.777-0300] GC(2996) Pause Young (Allocation Failure) 121M->101M(152M) 2.524ms
[2020-08-06T00:35:00.777-0300] GC(2996) User=0.01s Sys=0.00s Real=0.00s
[2020-08-06T00:35:04.101-0300] GC(2997) Pause Young (Allocation Failure)
[2020-08-06T00:35:04.104-0300] GC(2997) PSYoungGen: 20272K->384K(20992K)
[2020-08-06T00:35:04.104-0300] GC(2997) ParOldGen: 104117K->104185K(134656K)
[2020-08-06T00:35:04.104-0300] GC(2997) Metaspace: 119218K->119218K(1163264K)
[2020-08-06T00:35:04.104-0300] GC(2997) Pause Young (Allocation Failure) 121M->102M(152M) 2.674ms
[2020-08-06T00:35:04.104-0300] GC(2997) User=0.00s Sys=0.00s Real=0.01s
[2020-08-06T00:35:29.847-0300] GC(2998) Pause Young (Allocation Failure)
[2020-08-06T00:35:29.850-0300] GC(2998) PSYoungGen: 20352K->544K(20992K)
[2020-08-06T00:35:29.850-0300] GC(2998) ParOldGen: 104185K->104329K(134656K)
[2020-08-06T00:35:29.850-0300] GC(2998) Metaspace: 119218K->119218K(1163264K)
[2020-08-06T00:35:29.850-0300] GC(2998) Pause Young (Allocation Failure) 121M->102M(152M) 2.920ms
[2020-08-06T00:35:29.850-0300] GC(2998) User=0.00s Sys=0.00s Real=0.00s
[2020-08-06T00:35:57.220-0300] GC(2999) Pause Young (Allocation Failure)
[2020-08-06T00:35:57.225-0300] GC(2999) PSYoungGen: 20512K->720K(20992K)
[2020-08-06T00:35:57.225-0300] GC(2999) ParOldGen: 104329K->104753K(134656K)
[2020-08-06T00:35:57.225-0300] GC(2999) Metaspace: 119218K->119218K(1163264K)
[2020-08-06T00:35:57.225-0300] GC(2999) Pause Young (Allocation Failure) 121M->103M(152M) 4.884ms
[2020-08-06T00:35:57.225-0300] GC(2999) User=0.00s Sys=0.00s Real=0.01s
[2020-08-06T00:36:14.846-0300] GC(3000) Pause Young (Allocation Failure)
[2020-08-06T00:36:14.849-0300] GC(3000) PSYoungGen: 20688K->288K(20992K)
[2020-08-06T00:36:14.849-0300] GC(3000) ParOldGen: 104753K->105346K(134656K)
[2020-08-06T00:36:14.849-0300] GC(3000) Metaspace: 119218K->119218K(1163264K)
[2020-08-06T00:36:14.849-0300] GC(3000) Pause Young (Allocation Failure) 122M->103M(152M) 2.469ms
[2020-08-06T00:36:14.849-0300] GC(3000) User=0.01s Sys=0.00s Real=0.00s
[2020-08-06T00:36:42.222-0300] GC(3001) Pause Young (Allocation Failure)
[2020-08-06T00:36:42.226-0300] GC(3001) PSYoungGen: 20256K->352K(20992K)
[2020-08-06T00:36:42.226-0300] GC(3001) ParOldGen: 105346K->105526K(134656K)
[2020-08-06T00:36:42.226-0300] GC(3001) Metaspace: 119218K->119218K(1163264K)
[2020-08-06T00:36:42.226-0300] GC(3001) Pause Young (Allocation Failure) 122M->103M(152M) 3.935ms
[2020-08-06T00:36:42.226-0300] GC(3001) User=0.01s Sys=0.00s Real=0.01s
[2020-08-06T00:37:04.850-0300] GC(3002) Pause Young (Allocation Failure)
[2020-08-06T00:37:04.852-0300] GC(3002) PSYoungGen: 20320K->208K(20992K)
[2020-08-06T00:37:04.852-0300] GC(3002) ParOldGen: 105526K->105662K(134656K)
[2020-08-06T00:37:04.852-0300] GC(3002) Metaspace: 119218K->119218K(1163264K)
[2020-08-06T00:37:04.852-0300] GC(3002) Pause Young (Allocation Failure) 122M->103M(152M) 2.422ms
[2020-08-06T00:37:04.852-0300] GC(3002) User=0.00s Sys=0.00s Real=0.00s
[2020-08-06T00:37:18.739-0300] GC(3003) Pause Young (Allocation Failure)
[2020-08-06T00:37:18.742-0300] GC(3003) PSYoungGen: 20175K->368K(20992K)
[2020-08-06T00:37:18.742-0300] GC(3003) ParOldGen: 105662K->105742K(134656K)
[2020-08-06T00:37:18.742-0300] GC(3003) Metaspace: 119218K->119218K(1163264K)
[2020-08-06T00:37:18.742-0300] GC(3003) Pause Young (Allocation Failure) 122M->103M(152M) 2.510ms
[2020-08-06T00:37:18.742-0300] GC(3003) User=0.00s Sys=0.00s Real=0.00s
[2020-08-06T00:37:34.423-0300] GC(3004) Pause Young (Allocation Failure)
[2020-08-06T00:37:34.426-0300] GC(3004) PSYoungGen: 20336K->416K(20992K)
[2020-08-06T00:37:34.426-0300] GC(3004) ParOldGen: 105742K->105955K(134656K)
[2020-08-06T00:37:34.426-0300] GC(3004) Metaspace: 119218K->119218K(1163264K)
[2020-08-06T00:37:34.426-0300] GC(3004) Pause Young (Allocation Failure) 123M->103M(152M) 2.923ms
[2020-08-06T00:37:34.426-0300] GC(3004) User=0.01s Sys=0.00s Real=0.01s
[2020-08-06T00:37:47.219-0300] GC(3005) Pause Young (Allocation Failure)
[2020-08-06T00:37:47.223-0300] GC(3005) PSYoungGen: 20384K->369K(20992K)
[2020-08-06T00:37:47.223-0300] GC(3005) ParOldGen: 105955K->106104K(134656K)
[2020-08-06T00:37:47.223-0300] GC(3005) Metaspace: 119218K->119218K(1163264K)
[2020-08-06T00:37:47.223-0300] GC(3005) Pause Young (Allocation Failure) 123M->103M(152M) 3.730ms
[2020-08-06T00:37:47.223-0300] GC(3005) User=0.00s Sys=0.00s Real=0.00s
[2020-08-06T00:38:00.904-0300] GC(3006) Pause Young (Allocation Failure)
[2020-08-06T00:38:00.906-0300] GC(3006) PSYoungGen: 20336K->256K(20992K)
[2020-08-06T00:38:00.906-0300] GC(3006) ParOldGen: 106104K->106293K(134656K)
[2020-08-06T00:38:00.906-0300] GC(3006) Metaspace: 119218K->119218K(1163264K)
[2020-08-06T00:38:00.906-0300] GC(3006) Pause Young (Allocation Failure) 123M->104M(152M) 2.622ms
[2020-08-06T00:38:00.907-0300] GC(3006) User=0.01s Sys=0.00s Real=0.01s
[2020-08-06T00:38:16.767-0300] GC(3007) Pause Young (Allocation Failure)
[2020-08-06T00:38:16.770-0300] GC(3007) PSYoungGen: 20224K->288K(20992K)
[2020-08-06T00:38:16.770-0300] GC(3007) ParOldGen: 106293K->106482K(134656K)
[2020-08-06T00:38:16.770-0300] GC(3007) Metaspace: 119218K->119218K(1163264K)
[2020-08-06T00:38:16.770-0300] GC(3007) Pause Young (Allocation Failure) 123M->104M(152M) 2.674ms
[2020-08-06T00:38:16.770-0300] GC(3007) User=0.01s Sys=0.01s Real=0.00s
[2020-08-06T00:38:29.849-0300] GC(3008) Pause Young (Allocation Failure)
[2020-08-06T00:38:29.852-0300] GC(3008) PSYoungGen: 20229K->599K(20992K)
[2020-08-06T00:38:29.852-0300] GC(3008) ParOldGen: 106482K->106647K(134656K)
[2020-08-06T00:38:29.852-0300] GC(3008) Metaspace: 119218K->119218K(1163264K)
[2020-08-06T00:38:29.852-0300] GC(3008) Pause Young (Allocation Failure) 123M->104M(152M) 3.710ms
[2020-08-06T00:38:29.852-0300] GC(3008) User=0.01s Sys=0.00s Real=0.00s
[2020-08-06T00:38:43.658-0300] GC(3009) Pause Young (Allocation Failure)
[2020-08-06T00:38:43.661-0300] GC(3009) PSYoungGen: 20567K->720K(20992K)
[2020-08-06T00:38:43.661-0300] GC(3009) ParOldGen: 106647K->107132K(134656K)
[2020-08-06T00:38:43.661-0300] GC(3009) Metaspace: 119218K->119218K(1163264K)
[2020-08-06T00:38:43.661-0300] GC(3009) Pause Young (Allocation Failure) 124M->105M(152M) 2.859ms
[2020-08-06T00:38:43.661-0300] GC(3009) User=0.00s Sys=0.00s Real=0.00s
[2020-08-06T00:38:54.131-0300] GC(3010) Pause Young (Allocation Failure)
[2020-08-06T00:38:54.134-0300] GC(3010) PSYoungGen: 20688K->496K(20992K)
[2020-08-06T00:38:54.134-0300] GC(3010) ParOldGen: 107132K->107705K(134656K)
[2020-08-06T00:38:54.134-0300] GC(3010) Metaspace: 119218K->119218K(1163264K)
[2020-08-06T00:38:54.134-0300] GC(3010) Pause Young (Allocation Failure) 124M->105M(152M) 2.991ms
[2020-08-06T00:38:54.134-0300] GC(3010) User=0.00s Sys=0.00s Real=0.01s
[2020-08-06T00:39:08.860-0300] GC(3011) Pause Young (Allocation Failure)
[2020-08-06T00:39:08.863-0300] GC(3011) PSYoungGen: 20456K->784K(20992K)
[2020-08-06T00:39:08.863-0300] GC(3011) ParOldGen: 107705K->108082K(134656K)
[2020-08-06T00:39:08.863-0300] GC(3011) Metaspace: 119219K->119219K(1163264K)
[2020-08-06T00:39:08.863-0300] GC(3011) Pause Young (Allocation Failure) 125M->106M(152M) 3.233ms
[2020-08-06T00:39:08.863-0300] GC(3011) User=0.00s Sys=0.00s Real=0.00s
[2020-08-06T00:39:20.615-0300] GC(3012) Pause Young (Allocation Failure)
[2020-08-06T00:39:20.617-0300] GC(3012) PSYoungGen: 20751K->432K(20992K)
[2020-08-06T00:39:20.617-0300] GC(3012) ParOldGen: 108082K->108727K(134656K)
[2020-08-06T00:39:20.617-0300] GC(3012) Metaspace: 119219K->119219K(1163264K)
[2020-08-06T00:39:20.617-0300] GC(3012) Pause Young (Allocation Failure) 125M->106M(152M) 2.392ms
[2020-08-06T00:39:20.617-0300] GC(3012) User=0.01s Sys=0.00s Real=0.00s
[2020-08-06T00:39:36.389-0300] GC(3013) Pause Young (Allocation Failure)
[2020-08-06T00:39:36.392-0300] GC(3013) PSYoungGen: 20400K->432K(20992K)
[2020-08-06T00:39:36.392-0300] GC(3013) ParOldGen: 108727K->109100K(134656K)
[2020-08-06T00:39:36.392-0300] GC(3013) Metaspace: 119219K->119219K(1163264K)
[2020-08-06T00:39:36.392-0300] GC(3013) Pause Young (Allocation Failure) 126M->106M(152M) 3.409ms
[2020-08-06T00:39:36.392-0300] GC(3013) User=0.01s Sys=0.00s Real=0.00s
[2020-08-06T00:39:49.853-0300] GC(3014) Pause Young (Allocation Failure)
[2020-08-06T00:39:49.856-0300] GC(3014) PSYoungGen: 20399K->481K(20992K)
[2020-08-06T00:39:49.856-0300] GC(3014) ParOldGen: 109100K->109396K(134656K)
[2020-08-06T00:39:49.856-0300] GC(3014) Metaspace: 119219K->119219K(1163264K)
[2020-08-06T00:39:49.856-0300] GC(3014) Pause Young (Allocation Failure) 126M->107M(152M) 2.387ms
[2020-08-06T00:39:49.856-0300] GC(3014) User=0.01s Sys=0.00s Real=0.01s
[2020-08-06T00:40:04.216-0300] GC(3015) Pause Young (Allocation Failure)
[2020-08-06T00:40:04.218-0300] GC(3015) PSYoungGen: 20449K->561K(20992K)
[2020-08-06T00:40:04.218-0300] GC(3015) ParOldGen: 109396K->109714K(134656K)
[2020-08-06T00:40:04.218-0300] GC(3015) Metaspace: 119219K->119219K(1163264K)
[2020-08-06T00:40:04.218-0300] GC(3015) Pause Young (Allocation Failure) 126M->107M(152M) 2.851ms
[2020-08-06T00:40:04.218-0300] GC(3015) User=0.01s Sys=0.00s Real=0.00s
[2020-08-06T00:40:18.836-0300] GC(3016) Pause Young (Allocation Failure)
[2020-08-06T00:40:18.838-0300] GC(3016) PSYoungGen: 20529K->528K(20992K)
[2020-08-06T00:40:18.838-0300] GC(3016) ParOldGen: 109714K->110103K(134656K)
[2020-08-06T00:40:18.838-0300] GC(3016) Metaspace: 119219K->119219K(1163264K)
[2020-08-06T00:40:18.838-0300] GC(3016) Pause Young (Allocation Failure) 127M->108M(152M) 2.449ms
[2020-08-06T00:40:18.838-0300] GC(3016) User=0.01s Sys=0.00s Real=0.00s
[2020-08-06T00:40:33.282-0300] GC(3017) Pause Young (Allocation Failure)
[2020-08-06T00:40:33.286-0300] GC(3017) PSYoungGen: 20496K->465K(20992K)
[2020-08-06T00:40:33.286-0300] GC(3017) ParOldGen: 110103K->110499K(134656K)
[2020-08-06T00:40:33.286-0300] GC(3017) Metaspace: 119219K->119219K(1163264K)
[2020-08-06T00:40:33.286-0300] GC(3017) Pause Young (Allocation Failure) 127M->108M(152M) 3.309ms
[2020-08-06T00:40:33.286-0300] GC(3017) User=0.00s Sys=0.00s Real=0.01s
[2020-08-06T00:40:45.284-0300] GC(3018) Pause Young (Allocation Failure)
[2020-08-06T00:40:45.287-0300] GC(3018) PSYoungGen: 20433K->480K(20992K)
[2020-08-06T00:40:45.287-0300] GC(3018) ParOldGen: 110499K->110845K(134656K)
[2020-08-06T00:40:45.287-0300] GC(3018) Metaspace: 119219K->119219K(1163264K)
[2020-08-06T00:40:45.287-0300] GC(3018) Pause Young (Allocation Failure) 127M->108M(152M) 2.309ms
[2020-08-06T00:40:45.287-0300] GC(3018) User=0.00s Sys=0.00s Real=0.00s
[2020-08-06T00:40:56.077-0300] GC(3019) Pause Young (Allocation Failure)
[2020-08-06T00:40:56.080-0300] GC(3019) PSYoungGen: 20448K->432K(20992K)
[2020-08-06T00:40:56.080-0300] GC(3019) ParOldGen: 110845K->111213K(134656K)
[2020-08-06T00:40:56.080-0300] GC(3019) Metaspace: 119219K->119219K(1163264K)
[2020-08-06T00:40:56.080-0300] GC(3019) Pause Young (Allocation Failure) 128M->109M(152M) 2.383ms
[2020-08-06T00:40:56.080-0300] GC(3019) User=0.00s Sys=0.00s Real=0.00s
[2020-08-06T00:41:09.852-0300] GC(3020) Pause Young (Allocation Failure)
[2020-08-06T00:41:09.856-0300] GC(3020) PSYoungGen: 20400K->599K(20992K)
[2020-08-06T00:41:09.856-0300] GC(3020) ParOldGen: 111213K->111518K(134656K)
[2020-08-06T00:41:09.856-0300] GC(3020) Metaspace: 119219K->119219K(1163264K)
[2020-08-06T00:41:09.856-0300] GC(3020) Pause Young (Allocation Failure) 128M->109M(152M) 4.067ms
[2020-08-06T00:41:09.856-0300] GC(3020) User=0.01s Sys=0.00s Real=0.01s
[2020-08-06T00:41:22.948-0300] GC(3021) Pause Young (Allocation Failure)
[2020-08-06T00:41:22.951-0300] GC(3021) PSYoungGen: 20567K->432K(20992K)
[2020-08-06T00:41:22.951-0300] GC(3021) ParOldGen: 111518K->111959K(134656K)
[2020-08-06T00:41:22.951-0300] GC(3021) Metaspace: 119219K->119219K(1163264K)
[2020-08-06T00:41:22.951-0300] GC(3021) Pause Young (Allocation Failure) 128M->109M(152M) 3.131ms
[2020-08-06T00:41:22.951-0300] GC(3021) User=0.00s Sys=0.00s Real=0.00s
[2020-08-06T00:41:38.445-0300] GC(3022) Pause Young (Allocation Failure)
[2020-08-06T00:41:38.449-0300] GC(3022) PSYoungGen: 20400K->288K(20992K)
[2020-08-06T00:41:38.449-0300] GC(3022) ParOldGen: 111959K->112240K(134656K)
[2020-08-06T00:41:38.449-0300] GC(3022) Metaspace: 119219K->119219K(1163264K)
[2020-08-06T00:41:38.449-0300] GC(3022) Pause Young (Allocation Failure) 129M->109M(152M) 3.539ms
[2020-08-06T00:41:38.449-0300] GC(3022) User=0.00s Sys=0.01s Real=0.00s
[2020-08-06T00:41:54.213-0300] GC(3023) Pause Young (Allocation Failure)
[2020-08-06T00:41:54.216-0300] GC(3023) PSYoungGen: 20252K->352K(20992K)
[2020-08-06T00:41:54.216-0300] GC(3023) ParOldGen: 112240K->112405K(134656K)
[2020-08-06T00:41:54.216-0300] GC(3023) Metaspace: 119219K->119219K(1163264K)
[2020-08-06T00:41:54.216-0300] GC(3023) Pause Young (Allocation Failure) 129M->110M(152M) 2.980ms
[2020-08-06T00:41:54.216-0300] GC(3023) User=0.01s Sys=0.00s Real=0.01s
[2020-08-06T00:42:05.278-0300] GC(3024) Pause Young (Allocation Failure)
[2020-08-06T00:42:05.281-0300] GC(3024) PSYoungGen: 20320K->304K(20992K)
[2020-08-06T00:42:05.281-0300] GC(3024) ParOldGen: 112405K->112582K(134656K)
[2020-08-06T00:42:05.281-0300] GC(3024) Metaspace: 119219K->119219K(1163264K)
[2020-08-06T00:42:05.281-0300] GC(3024) Pause Young (Allocation Failure) 129M->110M(152M) 3.090ms
[2020-08-06T00:42:05.281-0300] GC(3024) User=0.00s Sys=0.00s Real=0.00s
[2020-08-06T00:42:19.853-0300] GC(3025) Pause Young (Allocation Failure)
[2020-08-06T00:42:19.855-0300] GC(3025) PSYoungGen: 20261K->487K(20992K)
[2020-08-06T00:42:19.855-0300] GC(3025) ParOldGen: 112582K->112771K(134656K)
[2020-08-06T00:42:19.855-0300] GC(3025) Metaspace: 119219K->119219K(1163264K)
[2020-08-06T00:42:19.855-0300] GC(3025) Pause Young (Allocation Failure) 129M->110M(152M) 2.782ms
[2020-08-06T00:42:19.855-0300] GC(3025) User=0.01s Sys=0.00s Real=0.01s
[2020-08-06T00:42:34.212-0300] GC(3026) Pause Young (Allocation Failure)
[2020-08-06T00:42:34.216-0300] GC(3026) PSYoungGen: 20455K->384K(20992K)
[2020-08-06T00:42:34.216-0300] GC(3026) ParOldGen: 112771K->112936K(134656K)
[2020-08-06T00:42:34.216-0300] GC(3026) Metaspace: 119219K->119219K(1163264K)
[2020-08-06T00:42:34.216-0300] GC(3026) Pause Young (Allocation Failure) 130M->110M(152M) 3.507ms
[2020-08-06T00:42:34.216-0300] GC(3026) User=0.00s Sys=0.00s Real=0.01s
[2020-08-06T00:42:42.188-0300] GC(3027) Pause Young (Allocation Failure)
[2020-08-06T00:42:42.191-0300] GC(3027) PSYoungGen: 20352K->288K(20992K)
[2020-08-06T00:42:42.191-0300] GC(3027) ParOldGen: 112936K->113137K(134656K)
[2020-08-06T00:42:42.191-0300] GC(3027) Metaspace: 119219K->119219K(1163264K)
[2020-08-06T00:42:42.191-0300] GC(3027) Pause Young (Allocation Failure) 130M->110M(152M) 2.441ms
[2020-08-06T00:42:42.191-0300] GC(3027) User=0.01s Sys=0.00s Real=0.00s
[2020-08-06T00:42:58.057-0300] GC(3028) Pause Young (Allocation Failure)
[2020-08-06T00:42:58.059-0300] GC(3028) PSYoungGen: 20256K->400K(20992K)
[2020-08-06T00:42:58.059-0300] GC(3028) ParOldGen: 113137K->113310K(134656K)
[2020-08-06T00:42:58.059-0300] GC(3028) Metaspace: 119221K->119221K(1163264K)
[2020-08-06T00:42:58.059-0300] GC(3028) Pause Young (Allocation Failure) 130M->111M(152M) 2.460ms
[2020-08-06T00:42:58.059-0300] GC(3028) User=0.01s Sys=0.00s Real=0.00s
[2020-08-06T00:43:09.849-0300] GC(3029) Pause Young (Allocation Failure)
[2020-08-06T00:43:09.852-0300] GC(3029) PSYoungGen: 20368K->320K(20992K)
[2020-08-06T00:43:09.852-0300] GC(3029) ParOldGen: 113310K->113602K(134656K)
[2020-08-06T00:43:09.852-0300] GC(3029) Metaspace: 119221K->119221K(1163264K)
[2020-08-06T00:43:09.852-0300] GC(3029) Pause Young (Allocation Failure) 130M->111M(152M) 2.575ms
[2020-08-06T00:43:09.852-0300] GC(3029) User=0.00s Sys=0.00s Real=0.00s
[2020-08-06T00:43:24.437-0300] GC(3030) Pause Young (Allocation Failure)
[2020-08-06T00:43:24.440-0300] GC(3030) PSYoungGen: 20288K->400K(20992K)
[2020-08-06T00:43:24.440-0300] GC(3030) ParOldGen: 113602K->113811K(134656K)
[2020-08-06T00:43:24.440-0300] GC(3030) Metaspace: 119221K->119221K(1163264K)
[2020-08-06T00:43:24.440-0300] GC(3030) Pause Young (Allocation Failure) 130M->111M(152M) 3.277ms
[2020-08-06T00:43:24.440-0300] GC(3030) User=0.00s Sys=0.01s Real=0.00s
[2020-08-06T00:43:26.040-0300] GC(3031) Pause Young (Allocation Failure)
[2020-08-06T00:43:26.044-0300] GC(3031) PSYoungGen: 20368K->400K(20992K)
[2020-08-06T00:43:26.044-0300] GC(3031) ParOldGen: 113811K->114084K(134656K)
[2020-08-06T00:43:26.044-0300] GC(3031) Metaspace: 119221K->119221K(1163264K)
[2020-08-06T00:43:26.044-0300] GC(3031) Pause Young (Allocation Failure) 131M->111M(152M) 3.856ms
[2020-08-06T00:43:26.044-0300] GC(3031) User=0.01s Sys=0.00s Real=0.00s
[2020-08-06T00:43:27.828-0300] GC(3032) Pause Young (Allocation Failure)
[2020-08-06T00:43:27.831-0300] GC(3032) PSYoungGen: 20364K->446K(20992K)
[2020-08-06T00:43:27.831-0300] GC(3032) ParOldGen: 114084K->114357K(134656K)
[2020-08-06T00:43:27.831-0300] GC(3032) Metaspace: 119221K->119221K(1163264K)
[2020-08-06T00:43:27.831-0300] GC(3032) Pause Young (Allocation Failure) 131M->112M(152M) 3.182ms
[2020-08-06T00:43:27.831-0300] GC(3032) User=0.01s Sys=0.00s Real=0.00s
[2020-08-06T00:43:29.340-0300] GC(3033) Pause Young (Allocation Failure)
[2020-08-06T00:43:29.344-0300] GC(3033) PSYoungGen: 20414K->384K(20992K)
[2020-08-06T00:43:29.344-0300] GC(3033) ParOldGen: 114357K->114667K(134656K)
[2020-08-06T00:43:29.344-0300] GC(3033) Metaspace: 119221K->119221K(1163264K)
[2020-08-06T00:43:29.344-0300] GC(3033) Pause Young (Allocation Failure) 131M->112M(152M) 3.623ms
[2020-08-06T00:43:29.344-0300] GC(3033) User=0.01s Sys=0.00s Real=0.01s
[2020-08-06T00:43:30.506-0300] GC(3034) Pause Young (Allocation Failure)
[2020-08-06T00:43:30.509-0300] GC(3034) PSYoungGen: 20352K->368K(20992K)
[2020-08-06T00:43:30.509-0300] GC(3034) ParOldGen: 114667K->114916K(134656K)
[2020-08-06T00:43:30.509-0300] GC(3034) Metaspace: 119221K->119221K(1163264K)
[2020-08-06T00:43:30.509-0300] GC(3034) Pause Young (Allocation Failure) 131M->112M(152M) 3.395ms
[2020-08-06T00:43:30.509-0300] GC(3034) User=0.01s Sys=0.00s Real=0.00s
[2020-08-06T00:43:50.010-0300] GC(3035) Pause Young (Allocation Failure)
[2020-08-06T00:43:50.013-0300] GC(3035) PSYoungGen: 20332K->608K(20992K)
[2020-08-06T00:43:50.013-0300] GC(3035) ParOldGen: 114916K->115056K(134656K)
[2020-08-06T00:43:50.013-0300] GC(3035) Metaspace: 119221K->119221K(1163264K)
[2020-08-06T00:43:50.013-0300] GC(3035) Pause Young (Allocation Failure) 132M->112M(152M) 2.879ms
[2020-08-06T00:43:50.013-0300] GC(3035) User=0.01s Sys=0.00s Real=0.00s
[2020-08-06T00:44:17.210-0300] GC(3036) Pause Young (Allocation Failure)
[2020-08-06T00:44:17.213-0300] GC(3036) PSYoungGen: 20576K->864K(20992K)
[2020-08-06T00:44:17.213-0300] GC(3036) ParOldGen: 115056K->115568K(134656K)
[2020-08-06T00:44:17.213-0300] GC(3036) Metaspace: 119221K->119221K(1163264K)
[2020-08-06T00:44:17.213-0300] GC(3036) Pause Young (Allocation Failure) 132M->113M(152M) 2.705ms
[2020-08-06T00:44:17.213-0300] GC(3036) User=0.01s Sys=0.00s Real=0.00s
[2020-08-06T00:44:34.211-0300] GC(3037) Pause Young (Allocation Failure)
[2020-08-06T00:44:34.216-0300] GC(3037) PSYoungGen: 20832K->384K(20992K)
[2020-08-06T00:44:34.216-0300] GC(3037) ParOldGen: 115568K->116224K(134656K)
[2020-08-06T00:44:34.216-0300] GC(3037) Metaspace: 119221K->119221K(1163264K)
[2020-08-06T00:44:34.216-0300] GC(3037) Pause Young (Allocation Failure) 133M->113M(152M) 5.380ms
[2020-08-06T00:44:34.217-0300] GC(3037) User=0.01s Sys=0.00s Real=0.01s
[2020-08-06T00:45:00.288-0300] GC(3038) Pause Young (Allocation Failure)
[2020-08-06T00:45:00.291-0300] GC(3038) PSYoungGen: 20352K->448K(20992K)
[2020-08-06T00:45:00.291-0300] GC(3038) ParOldGen: 116224K->116424K(134656K)
[2020-08-06T00:45:00.291-0300] GC(3038) Metaspace: 119221K->119221K(1163264K)
[2020-08-06T00:45:00.291-0300] GC(3038) Pause Young (Allocation Failure) 133M->114M(152M) 3.247ms
[2020-08-06T00:45:00.292-0300] GC(3038) User=0.00s Sys=0.00s Real=0.00s
[2020-08-06T00:45:28.459-0300] GC(3039) Pause Young (Allocation Failure)
[2020-08-06T00:45:28.463-0300] GC(3039) PSYoungGen: 20416K->576K(20992K)
[2020-08-06T00:45:28.463-0300] GC(3039) ParOldGen: 116424K->116776K(134656K)
[2020-08-06T00:45:28.463-0300] GC(3039) Metaspace: 119221K->119221K(1163264K)
[2020-08-06T00:45:28.463-0300] GC(3039) Pause Young (Allocation Failure) 133M->114M(152M) 3.601ms
[2020-08-06T00:45:28.463-0300] GC(3039) User=0.01s Sys=0.00s Real=0.00s
[2020-08-06T00:45:42.177-0300] GC(3040) Pause Young (Allocation Failure)
[2020-08-06T00:45:42.180-0300] GC(3040) PSYoungGen: 20544K->448K(20992K)
[2020-08-06T00:45:42.180-0300] GC(3040) ParOldGen: 116776K->117248K(134656K)
[2020-08-06T00:45:42.180-0300] GC(3040) Metaspace: 119221K->119221K(1163264K)
[2020-08-06T00:45:42.180-0300] GC(3040) Pause Young (Allocation Failure) 134M->114M(152M) 3.293ms
[2020-08-06T00:45:42.180-0300] GC(3040) User=0.00s Sys=0.00s Real=0.00s
[2020-08-06T00:45:57.993-0300] GC(3041) Pause Young (Allocation Failure)
[2020-08-06T00:45:57.997-0300] GC(3041) PSYoungGen: 20416K->576K(20992K)
[2020-08-06T00:45:57.997-0300] GC(3041) ParOldGen: 117248K->117585K(134656K)
[2020-08-06T00:45:57.997-0300] GC(3041) Metaspace: 119221K->119221K(1163264K)
[2020-08-06T00:45:57.997-0300] GC(3041) Pause Young (Allocation Failure) 134M->115M(152M) 3.290ms
[2020-08-06T00:45:57.997-0300] GC(3041) User=0.01s Sys=0.00s Real=0.01s
[2020-08-06T00:46:09.849-0300] GC(3042) Pause Young (Allocation Failure)
[2020-08-06T00:46:09.855-0300] GC(3042) PSYoungGen: 20544K->464K(20992K)
[2020-08-06T00:46:09.855-0300] GC(3042) ParOldGen: 117585K->118054K(134656K)
[2020-08-06T00:46:09.855-0300] GC(3042) Metaspace: 119221K->119221K(1163264K)
[2020-08-06T00:46:09.855-0300] GC(3042) Pause Young (Allocation Failure) 134M->115M(152M) 5.349ms
[2020-08-06T00:46:09.855-0300] GC(3042) User=0.01s Sys=0.00s Real=0.01s
[2020-08-06T00:46:24.561-0300] GC(3043) Pause Young (Allocation Failure)
[2020-08-06T00:46:24.564-0300] GC(3043) PSYoungGen: 20432K->432K(20992K)
[2020-08-06T00:46:24.564-0300] GC(3043) ParOldGen: 118054K->118339K(134656K)
[2020-08-06T00:46:24.564-0300] GC(3043) Metaspace: 119221K->119221K(1163264K)
[2020-08-06T00:46:24.564-0300] GC(3043) Pause Young (Allocation Failure) 135M->115M(152M) 2.682ms
[2020-08-06T00:46:24.564-0300] GC(3043) User=0.00s Sys=0.00s Real=0.01s
[2020-08-06T00:46:35.529-0300] GC(3044) Pause Young (Allocation Failure)
[2020-08-06T00:46:35.532-0300] GC(3044) PSYoungGen: 20400K->256K(20992K)
[2020-08-06T00:46:35.532-0300] GC(3044) ParOldGen: 118339K->118676K(134656K)
[2020-08-06T00:46:35.532-0300] GC(3044) Metaspace: 119221K->119221K(1163264K)
[2020-08-06T00:46:35.532-0300] GC(3044) Pause Young (Allocation Failure) 135M->116M(152M) 3.373ms
[2020-08-06T00:46:35.532-0300] GC(3044) User=0.00s Sys=0.00s Real=0.00s
[2020-08-06T00:46:37.080-0300] GC(3045) Pause Young (Allocation Failure)
[2020-08-06T00:46:37.083-0300] GC(3045) PSYoungGen: 20224K->305K(20992K)
[2020-08-06T00:46:37.083-0300] GC(3045) ParOldGen: 118676K->118877K(134656K)
[2020-08-06T00:46:37.083-0300] GC(3045) Metaspace: 119221K->119221K(1163264K)
[2020-08-06T00:46:37.084-0300] GC(3045) Pause Young (Allocation Failure) 135M->116M(152M) 3.035ms
[2020-08-06T00:46:37.084-0300] GC(3045) User=0.00s Sys=0.00s Real=0.00s
[2020-08-06T00:46:38.868-0300] GC(3046) Pause Young (Allocation Failure)
[2020-08-06T00:46:38.871-0300] GC(3046) PSYoungGen: 20269K->369K(20992K)
[2020-08-06T00:46:38.871-0300] GC(3046) ParOldGen: 118877K->119094K(134656K)
[2020-08-06T00:46:38.871-0300] GC(3046) Metaspace: 119221K->119221K(1163264K)
[2020-08-06T00:46:38.871-0300] GC(3046) Pause Young (Allocation Failure) 135M->116M(152M) 3.067ms
[2020-08-06T00:46:38.871-0300] GC(3046) User=0.00s Sys=0.00s Real=0.00s
[2020-08-06T00:46:40.083-0300] GC(3047) Pause Young (Allocation Failure)
[2020-08-06T00:46:40.085-0300] GC(3047) PSYoungGen: 20337K->320K(20992K)
[2020-08-06T00:46:40.085-0300] GC(3047) ParOldGen: 119094K->119352K(134656K)
[2020-08-06T00:46:40.085-0300] GC(3047) Metaspace: 119221K->119221K(1163264K)
[2020-08-06T00:46:40.085-0300] GC(3047) Pause Young (Allocation Failure) 136M->116M(152M) 2.595ms
[2020-08-06T00:46:40.085-0300] GC(3047) User=0.01s Sys=0.00s Real=0.01s
[2020-08-06T00:47:04.859-0300] GC(3048) Pause Young (Allocation Failure)
[2020-08-06T00:47:04.861-0300] GC(3048) PSYoungGen: 20288K->310K(20992K)
[2020-08-06T00:47:04.861-0300] GC(3048) ParOldGen: 119352K->119428K(134656K)
[2020-08-06T00:47:04.861-0300] GC(3048) Metaspace: 119221K->119221K(1163264K)
[2020-08-06T00:47:04.861-0300] GC(3048) Pause Young (Allocation Failure) 136M->116M(152M) 2.420ms
[2020-08-06T00:47:04.861-0300] GC(3048) User=0.00s Sys=0.00s Real=0.00s
[2020-08-06T00:47:29.849-0300] GC(3049) Pause Young (Allocation Failure)
[2020-08-06T00:47:29.852-0300] GC(3049) PSYoungGen: 20278K->384K(20992K)
[2020-08-06T00:47:29.852-0300] GC(3049) ParOldGen: 119428K->119516K(134656K)
[2020-08-06T00:47:29.852-0300] GC(3049) Metaspace: 119222K->119222K(1163264K)
[2020-08-06T00:47:29.852-0300] GC(3049) Pause Young (Allocation Failure) 136M->117M(152M) 2.601ms
[2020-08-06T00:47:29.852-0300] GC(3049) User=0.01s Sys=0.00s Real=0.00s
[2020-08-06T00:47:47.981-0300] GC(3050) Pause Young (Allocation Failure)
[2020-08-06T00:47:47.984-0300] GC(3050) PSYoungGen: 20352K->240K(20992K)
[2020-08-06T00:47:47.984-0300] GC(3050) ParOldGen: 119516K->119580K(134656K)
[2020-08-06T00:47:47.984-0300] GC(3050) Metaspace: 119222K->119222K(1163264K)
[2020-08-06T00:47:47.984-0300] GC(3050) Pause Young (Allocation Failure) 136M->117M(152M) 3.338ms
[2020-08-06T00:47:47.984-0300] GC(3050) User=0.01s Sys=0.00s Real=0.01s
[2020-08-06T00:48:01.231-0300] GC(3051) Pause Young (Allocation Failure)
[2020-08-06T00:48:01.234-0300] GC(3051) PSYoungGen: 20208K->240K(20992K)
[2020-08-06T00:48:01.234-0300] GC(3051) ParOldGen: 119580K->119733K(134656K)
[2020-08-06T00:48:01.234-0300] GC(3051) Metaspace: 119222K->119222K(1163264K)
[2020-08-06T00:48:01.234-0300] GC(3051) Pause Young (Allocation Failure) 136M->117M(152M) 2.778ms
[2020-08-06T00:48:01.234-0300] GC(3051) User=0.01s Sys=0.00s Real=0.00s
[2020-08-06T00:48:17.056-0300] GC(3052) Pause Young (Allocation Failure)
[2020-08-06T00:48:17.058-0300] GC(3052) PSYoungGen: 20208K->240K(20992K)
[2020-08-06T00:48:17.058-0300] GC(3052) ParOldGen: 119733K->119914K(134656K)
[2020-08-06T00:48:17.058-0300] GC(3052) Metaspace: 119222K->119222K(1163264K)
[2020-08-06T00:48:17.058-0300] GC(3052) Pause Young (Allocation Failure) 136M->117M(152M) 2.740ms
[2020-08-06T00:48:17.059-0300] GC(3052) User=0.01s Sys=0.00s Real=0.00s
[2020-08-06T00:48:29.849-0300] GC(3053) Pause Young (Allocation Failure)
[2020-08-06T00:48:29.852-0300] GC(3053) PSYoungGen: 20208K->625K(20992K)
[2020-08-06T00:48:29.852-0300] GC(3053) ParOldGen: 119914K->120082K(134656K)
[2020-08-06T00:48:29.852-0300] GC(3053) Metaspace: 119222K->119222K(1163264K)
[2020-08-06T00:48:29.852-0300] GC(3053) Pause Young (Allocation Failure) 136M->117M(152M) 3.427ms
[2020-08-06T00:48:29.852-0300] GC(3053) User=0.01s Sys=0.00s Real=0.00s
[2020-08-06T00:48:43.512-0300] GC(3054) Pause Young (Allocation Failure)
[2020-08-06T00:48:43.515-0300] GC(3054) PSYoungGen: 20593K->672K(20992K)
[2020-08-06T00:48:43.515-0300] GC(3054) ParOldGen: 120082K->120572K(134656K)
[2020-08-06T00:48:43.515-0300] GC(3054) Metaspace: 119222K->119222K(1163264K)
[2020-08-06T00:48:43.515-0300] GC(3054) Pause Young (Allocation Failure) 137M->118M(152M) 2.958ms
[2020-08-06T00:48:43.515-0300] GC(3054) User=0.01s Sys=0.00s Real=0.01s
[2020-08-06T00:48:59.299-0300] GC(3055) Pause Young (Allocation Failure)
[2020-08-06T00:48:59.302-0300] GC(3055) PSYoungGen: 20640K->560K(20992K)
[2020-08-06T00:48:59.302-0300] GC(3055) ParOldGen: 120572K->121137K(134656K)
[2020-08-06T00:48:59.302-0300] GC(3055) Metaspace: 119222K->119222K(1163264K)
[2020-08-06T00:48:59.302-0300] GC(3055) Pause Young (Allocation Failure) 137M->118M(152M) 2.817ms
[2020-08-06T00:48:59.302-0300] GC(3055) User=0.00s Sys=0.00s Real=0.00s
[2020-08-06T00:49:12.234-0300] GC(3056) Pause Young (Allocation Failure)
[2020-08-06T00:49:12.237-0300] GC(3056) PSYoungGen: 20528K->721K(20992K)
[2020-08-06T00:49:12.237-0300] GC(3056) ParOldGen: 121137K->121614K(134656K)
[2020-08-06T00:49:12.237-0300] GC(3056) Metaspace: 119222K->119222K(1163264K)
[2020-08-06T00:49:12.237-0300] GC(3056) Pause Young (Allocation Failure) 138M->119M(152M) 2.916ms
[2020-08-06T00:49:12.237-0300] GC(3056) User=0.01s Sys=0.00s Real=0.00s
[2020-08-06T00:49:25.712-0300] GC(3057) Pause Young (Allocation Failure)
[2020-08-06T00:49:25.715-0300] GC(3057) PSYoungGen: 20689K->448K(20992K)
[2020-08-06T00:49:25.715-0300] GC(3057) ParOldGen: 121614K->122119K(134656K)
[2020-08-06T00:49:25.715-0300] GC(3057) Metaspace: 119222K->119222K(1163264K)
[2020-08-06T00:49:25.715-0300] GC(3057) Pause Young (Allocation Failure) 138M->119M(152M) 2.568ms
[2020-08-06T00:49:25.715-0300] GC(3057) User=0.01s Sys=0.00s Real=0.01s
[2020-08-06T00:49:36.309-0300] GC(3058) Pause Young (Allocation Failure)
[2020-08-06T00:49:36.312-0300] GC(3058) PSYoungGen: 20416K->512K(20992K)
[2020-08-06T00:49:36.312-0300] GC(3058) ParOldGen: 122119K->122444K(134656K)
[2020-08-06T00:49:36.312-0300] GC(3058) Metaspace: 119222K->119222K(1163264K)
[2020-08-06T00:49:36.312-0300] GC(3058) Pause Young (Allocation Failure) 139M->120M(152M) 3.345ms
[2020-08-06T00:49:36.312-0300] GC(3058) User=0.01s Sys=0.00s Real=0.00s
[2020-08-06T00:49:49.847-0300] GC(3059) Pause Young (Allocation Failure)
[2020-08-06T00:49:49.849-0300] GC(3059) PSYoungGen: 20480K->448K(20992K)
[2020-08-06T00:49:49.849-0300] GC(3059) ParOldGen: 122444K->122824K(134656K)
[2020-08-06T00:49:49.849-0300] GC(3059) Metaspace: 119222K->119222K(1163264K)
[2020-08-06T00:49:49.849-0300] GC(3059) Pause Young (Allocation Failure) 139M->120M(152M) 2.801ms
[2020-08-06T00:49:49.849-0300] GC(3059) User=0.00s Sys=0.00s Real=0.00s
[2020-08-06T00:50:03.079-0300] GC(3060) Pause Young (Allocation Failure)
[2020-08-06T00:50:03.081-0300] GC(3060) PSYoungGen: 20416K->400K(20992K)
[2020-08-06T00:50:03.081-0300] GC(3060) ParOldGen: 122824K->123133K(134656K)
[2020-08-06T00:50:03.081-0300] GC(3060) Metaspace: 119222K->119222K(1163264K)
[2020-08-06T00:50:03.081-0300] GC(3060) Pause Young (Allocation Failure) 139M->120M(152M) 2.519ms
[2020-08-06T00:50:03.081-0300] GC(3060) User=0.01s Sys=0.00s Real=0.00s
[2020-08-06T00:50:18.859-0300] GC(3061) Pause Young (Allocation Failure)
[2020-08-06T00:50:18.861-0300] GC(3061) PSYoungGen: 20368K->592K(20992K)
[2020-08-06T00:50:18.862-0300] GC(3061) ParOldGen: 123133K->123426K(134656K)
[2020-08-06T00:50:18.862-0300] GC(3061) Metaspace: 119222K->119222K(1163264K)
[2020-08-06T00:50:18.862-0300] GC(3061) Pause Young (Allocation Failure) 140M->121M(152M) 2.831ms
[2020-08-06T00:50:18.862-0300] GC(3061) User=0.01s Sys=0.00s Real=0.00s
[2020-08-06T00:50:30.233-0300] GC(3062) Pause Young (Allocation Failure)
[2020-08-06T00:50:30.236-0300] GC(3062) PSYoungGen: 20560K->544K(20992K)
[2020-08-06T00:50:30.236-0300] GC(3062) ParOldGen: 123426K->123911K(134656K)
[2020-08-06T00:50:30.236-0300] GC(3062) Metaspace: 119222K->119222K(1163264K)
[2020-08-06T00:50:30.236-0300] GC(3062) Pause Young (Allocation Failure) 140M->121M(152M) 3.209ms
[2020-08-06T00:50:30.237-0300] GC(3062) User=0.01s Sys=0.00s Real=0.01s
[2020-08-06T00:50:45.309-0300] GC(3063) Pause Young (Allocation Failure)
[2020-08-06T00:50:45.312-0300] GC(3063) PSYoungGen: 20512K->544K(20992K)
[2020-08-06T00:50:45.312-0300] GC(3063) ParOldGen: 123911K->124228K(134656K)
[2020-08-06T00:50:45.312-0300] GC(3063) Metaspace: 119222K->119222K(1163264K)
[2020-08-06T00:50:45.312-0300] GC(3063) Pause Young (Allocation Failure) 141M->121M(152M) 2.675ms
[2020-08-06T00:50:45.312-0300] GC(3063) User=0.00s Sys=0.00s Real=0.00s
[2020-08-06T00:50:51.632-0300] GC(3064) Pause Young (Allocation Failure)
[2020-08-06T00:50:51.635-0300] GC(3064) PSYoungGen: 20512K->369K(20992K)
[2020-08-06T00:50:51.635-0300] GC(3064) ParOldGen: 124228K->124641K(134656K)
[2020-08-06T00:50:51.635-0300] GC(3064) Metaspace: 119222K->119222K(1163264K)
[2020-08-06T00:50:51.635-0300] GC(3064) Pause Young (Allocation Failure) 141M->122M(152M) 2.722ms
[2020-08-06T00:50:51.635-0300] GC(3064) User=0.00s Sys=0.00s Real=0.01s
[2020-08-06T00:50:53.416-0300] GC(3065) Pause Young (Allocation Failure)
[2020-08-06T00:50:53.419-0300] GC(3065) PSYoungGen: 20336K->433K(20992K)
[2020-08-06T00:50:53.419-0300] GC(3065) ParOldGen: 124641K->124918K(134656K)
[2020-08-06T00:50:53.419-0300] GC(3065) Metaspace: 119222K->119222K(1163264K)
[2020-08-06T00:50:53.419-0300] GC(3065) Pause Young (Allocation Failure) 141M->122M(152M) 3.483ms
[2020-08-06T00:50:53.419-0300] GC(3065) User=0.00s Sys=0.00s Real=0.00s
[2020-08-06T00:50:59.232-0300] GC(3066) Pause Young (Allocation Failure)
[2020-08-06T00:50:59.235-0300] GC(3066) PSYoungGen: 20391K->320K(20992K)
[2020-08-06T00:50:59.235-0300] GC(3066) ParOldGen: 124918K->125071K(134656K)
[2020-08-06T00:50:59.235-0300] GC(3066) Metaspace: 119222K->119222K(1163264K)
[2020-08-06T00:50:59.235-0300] GC(3066) Pause Young (Allocation Failure) 141M->122M(152M) 3.093ms
[2020-08-06T00:50:59.235-0300] GC(3066) User=0.01s Sys=0.00s Real=0.01s
[2020-08-06T00:51:24.848-0300] GC(3067) Pause Young (Allocation Failure)
[2020-08-06T00:51:24.850-0300] GC(3067) PSYoungGen: 20288K->416K(20992K)
[2020-08-06T00:51:24.851-0300] GC(3067) ParOldGen: 125071K->125203K(134656K)
[2020-08-06T00:51:24.851-0300] GC(3067) Metaspace: 119222K->119222K(1163264K)
[2020-08-06T00:51:24.851-0300] GC(3067) Pause Young (Allocation Failure) 141M->122M(152M) 2.288ms
[2020-08-06T00:51:24.851-0300] GC(3067) User=0.01s Sys=0.00s Real=0.00s
[2020-08-06T00:51:53.230-0300] GC(3068) Pause Young (Allocation Failure)
[2020-08-06T00:51:53.233-0300] GC(3068) PSYoungGen: 20384K->224K(20992K)
[2020-08-06T00:51:53.233-0300] GC(3068) ParOldGen: 125203K->125483K(134656K)
[2020-08-06T00:51:53.233-0300] GC(3068) Metaspace: 119222K->119222K(1163264K)
[2020-08-06T00:51:53.233-0300] GC(3068) Pause Young (Allocation Failure) 142M->122M(152M) 2.682ms
[2020-08-06T00:51:53.233-0300] GC(3068) User=0.01s Sys=0.00s Real=0.00s
[2020-08-06T00:52:05.011-0300] GC(3069) Pause Young (Allocation Failure)
[2020-08-06T00:52:05.014-0300] GC(3069) PSYoungGen: 20191K->256K(20992K)
[2020-08-06T00:52:05.014-0300] GC(3069) ParOldGen: 125483K->125523K(134656K)
[2020-08-06T00:52:05.014-0300] GC(3069) Metaspace: 119222K->119222K(1163264K)
[2020-08-06T00:52:05.014-0300] GC(3069) Pause Young (Allocation Failure) 142M->122M(152M) 3.145ms
[2020-08-06T00:52:05.014-0300] GC(3069) User=0.01s Sys=0.00s Real=0.01s
[2020-08-06T00:52:19.847-0300] GC(3070) Pause Young (Allocation Failure)
[2020-08-06T00:52:19.849-0300] GC(3070) PSYoungGen: 20224K->496K(20992K)
[2020-08-06T00:52:19.849-0300] GC(3070) ParOldGen: 125523K->125684K(134656K)
[2020-08-06T00:52:19.849-0300] GC(3070) Metaspace: 119222K->119222K(1163264K)
[2020-08-06T00:52:19.849-0300] GC(3070) Pause Young (Allocation Failure) 142M->123M(152M) 2.549ms
[2020-08-06T00:52:19.849-0300] GC(3070) User=0.01s Sys=0.00s Real=0.00s
[2020-08-06T00:52:32.296-0300] GC(3071) Pause Young (Allocation Failure)
[2020-08-06T00:52:32.299-0300] GC(3071) PSYoungGen: 20464K->273K(20992K)
[2020-08-06T00:52:32.299-0300] GC(3071) ParOldGen: 125684K->125844K(134656K)
[2020-08-06T00:52:32.299-0300] GC(3071) Metaspace: 119222K->119222K(1163264K)
[2020-08-06T00:52:32.299-0300] GC(3071) Pause Young (Allocation Failure) 142M->123M(152M) 3.671ms
[2020-08-06T00:52:32.299-0300] GC(3071) User=0.01s Sys=0.00s Real=0.00s
[2020-08-06T00:52:47.225-0300] GC(3072) Pause Young (Allocation Failure)
[2020-08-06T00:52:47.228-0300] GC(3072) PSYoungGen: 20240K->256K(20992K)
[2020-08-06T00:52:47.228-0300] GC(3072) ParOldGen: 125844K->126029K(134656K)
[2020-08-06T00:52:47.228-0300] GC(3072) Metaspace: 119222K->119222K(1163264K)
[2020-08-06T00:52:47.228-0300] GC(3072) Pause Young (Allocation Failure) 142M->123M(152M) 3.082ms
[2020-08-06T00:52:47.228-0300] GC(3072) User=0.01s Sys=0.00s Real=0.00s
[2020-08-06T00:53:03.128-0300] GC(3073) Pause Young (Allocation Failure)
[2020-08-06T00:53:03.130-0300] GC(3073) PSYoungGen: 20224K->304K(20992K)
[2020-08-06T00:53:03.130-0300] GC(3073) ParOldGen: 126029K->126178K(134656K)
[2020-08-06T00:53:03.130-0300] GC(3073) Metaspace: 119222K->119222K(1163264K)
[2020-08-06T00:53:03.130-0300] GC(3073) Pause Young (Allocation Failure) 142M->123M(152M) 2.529ms
[2020-08-06T00:53:03.131-0300] GC(3073) User=0.00s Sys=0.00s Real=0.00s
[2020-08-06T00:53:14.853-0300] GC(3074) Pause Young (Allocation Failure)
[2020-08-06T00:53:14.857-0300] GC(3074) PSYoungGen: 20272K->395K(20992K)
[2020-08-06T00:53:14.857-0300] GC(3074) ParOldGen: 126178K->126367K(134656K)
[2020-08-06T00:53:14.857-0300] GC(3074) Metaspace: 119222K->119222K(1163264K)
[2020-08-06T00:53:14.857-0300] GC(3074) Pause Young (Allocation Failure) 143M->123M(152M) 3.319ms
[2020-08-06T00:53:14.857-0300] GC(3074) User=0.01s Sys=0.00s Real=0.01s
[2020-08-06T00:53:29.749-0300] GC(3075) Pause Young (Allocation Failure)
[2020-08-06T00:53:29.752-0300] GC(3075) PSYoungGen: 20363K->544K(20992K)
[2020-08-06T00:53:29.752-0300] GC(3075) ParOldGen: 126367K->126576K(134656K)
[2020-08-06T00:53:29.752-0300] GC(3075) Metaspace: 119222K->119222K(1163264K)
[2020-08-06T00:53:29.752-0300] GC(3075) Pause Young (Allocation Failure) 143M->124M(152M) 3.291ms
[2020-08-06T00:53:29.752-0300] GC(3075) User=0.01s Sys=0.01s Real=0.00s
[2020-08-06T00:53:44.847-0300] GC(3076) Pause Young (Allocation Failure)
[2020-08-06T00:53:44.849-0300] GC(3076) PSYoungGen: 20512K->688K(20992K)
[2020-08-06T00:53:44.849-0300] GC(3076) ParOldGen: 126576K->127029K(134656K)
[2020-08-06T00:53:44.849-0300] GC(3076) Metaspace: 119222K->119222K(1163264K)
[2020-08-06T00:53:44.849-0300] GC(3076) Pause Young (Allocation Failure) 143M->124M(152M) 2.745ms
[2020-08-06T00:53:44.849-0300] GC(3076) User=0.01s Sys=0.00s Real=0.00s
[2020-08-06T00:53:53.228-0300] GC(3077) Pause Young (Allocation Failure)
[2020-08-06T00:53:53.232-0300] GC(3077) PSYoungGen: 20656K->529K(20992K)
[2020-08-06T00:53:53.232-0300] GC(3077) ParOldGen: 127029K->127606K(134656K)
[2020-08-06T00:53:53.232-0300] GC(3077) Metaspace: 119222K->119222K(1163264K)
[2020-08-06T00:53:53.232-0300] GC(3077) Pause Young (Allocation Failure) 144M->125M(152M) 3.570ms
[2020-08-06T00:53:53.232-0300] GC(3077) User=0.01s Sys=0.00s Real=0.00s
[2020-08-06T00:54:02.306-0300] GC(3078) Pause Young (Allocation Failure)
[2020-08-06T00:54:02.309-0300] GC(3078) PSYoungGen: 20494K->544K(20992K)
[2020-08-06T00:54:02.309-0300] GC(3078) ParOldGen: 127606K->127959K(134656K)
[2020-08-06T00:54:02.309-0300] GC(3078) Metaspace: 119222K->119222K(1163264K)
[2020-08-06T00:54:02.309-0300] GC(3078) Pause Young (Allocation Failure) 144M->125M(152M) 3.742ms
[2020-08-06T00:54:02.309-0300] GC(3078) User=0.00s Sys=0.00s Real=0.00s
[2020-08-06T00:54:04.083-0300] GC(3079) Pause Young (Allocation Failure)
[2020-08-06T00:54:04.087-0300] GC(3079) PSYoungGen: 20512K->384K(20992K)
[2020-08-06T00:54:04.087-0300] GC(3079) ParOldGen: 127959K->128320K(134656K)
[2020-08-06T00:54:04.087-0300] GC(3079) Metaspace: 119222K->119222K(1163264K)
[2020-08-06T00:54:04.087-0300] GC(3079) Pause Young (Allocation Failure) 144M->125M(152M) 3.786ms
[2020-08-06T00:54:04.087-0300] GC(3079) User=0.00s Sys=0.00s Real=0.01s
[2020-08-06T00:54:05.525-0300] GC(3080) Pause Young (Allocation Failure)
[2020-08-06T00:54:05.528-0300] GC(3080) PSYoungGen: 20352K->384K(20992K)
[2020-08-06T00:54:05.528-0300] GC(3080) ParOldGen: 128320K->128630K(134656K)
[2020-08-06T00:54:05.528-0300] GC(3080) Metaspace: 119222K->119222K(1163264K)
[2020-08-06T00:54:05.528-0300] GC(3080) Pause Young (Allocation Failure) 145M->125M(152M) 3.420ms
[2020-08-06T00:54:05.528-0300] GC(3080) User=0.00s Sys=0.00s Real=0.00s
[2020-08-06T00:54:07.229-0300] GC(3081) Pause Young (Allocation Failure)
[2020-08-06T00:54:07.232-0300] GC(3081) PSYoungGen: 20352K->480K(20992K)
[2020-08-06T00:54:07.232-0300] GC(3081) ParOldGen: 128630K->128899K(134656K)
[2020-08-06T00:54:07.232-0300] GC(3081) Metaspace: 119222K->119222K(1163264K)
[2020-08-06T00:54:07.232-0300] GC(3081) Pause Young (Allocation Failure) 145M->126M(152M) 3.212ms
[2020-08-06T00:54:07.232-0300] GC(3081) User=0.00s Sys=0.00s Real=0.00s
[2020-08-06T00:54:08.860-0300] GC(3082) Pause Young (Allocation Failure)
[2020-08-06T00:54:08.864-0300] GC(3082) PSYoungGen: 20448K->416K(20992K)
[2020-08-06T00:54:08.864-0300] GC(3082) ParOldGen: 128899K->129156K(134656K)
[2020-08-06T00:54:08.864-0300] GC(3082) Metaspace: 119222K->119222K(1163264K)
[2020-08-06T00:54:08.864-0300] GC(3082) Pause Young (Allocation Failure) 145M->126M(152M) 4.326ms
[2020-08-06T00:54:08.864-0300] GC(3082) User=0.00s Sys=0.00s Real=0.01s
[2020-08-06T00:54:10.301-0300] GC(3083) Pause Young (Allocation Failure)
[2020-08-06T00:54:10.304-0300] GC(3083) PSYoungGen: 20384K->369K(20992K)
[2020-08-06T00:54:10.304-0300] GC(3083) ParOldGen: 129156K->129417K(134656K)
[2020-08-06T00:54:10.304-0300] GC(3083) Metaspace: 119222K->119222K(1163264K)
[2020-08-06T00:54:10.304-0300] GC(3083) Pause Young (Allocation Failure) 146M->126M(152M) 2.645ms
[2020-08-06T00:54:10.304-0300] GC(3083) User=0.01s Sys=0.00s Real=0.00s
[2020-08-06T00:54:19.849-0300] GC(3084) Pause Young (Allocation Failure)
[2020-08-06T00:54:19.853-0300] GC(3084) PSYoungGen: 20337K->320K(20992K)
[2020-08-06T00:54:19.853-0300] GC(3084) ParOldGen: 129417K->129545K(134656K)
[2020-08-06T00:54:19.853-0300] GC(3084) Metaspace: 119222K->119222K(1163264K)
[2020-08-06T00:54:19.853-0300] GC(3084) Pause Young (Allocation Failure) 146M->126M(152M) 3.977ms
[2020-08-06T00:54:19.853-0300] GC(3084) User=0.00s Sys=0.00s Real=0.00s
[2020-08-06T00:54:46.226-0300] GC(3085) Pause Young (Allocation Failure)
[2020-08-06T00:54:46.229-0300] GC(3085) PSYoungGen: 20288K->432K(20992K)
[2020-08-06T00:54:46.229-0300] GC(3085) ParOldGen: 129545K->129745K(134656K)
[2020-08-06T00:54:46.229-0300] GC(3085) Metaspace: 119222K->119222K(1163264K)
[2020-08-06T00:54:46.229-0300] GC(3085) Pause Young (Allocation Failure) 146M->127M(152M) 2.972ms
[2020-08-06T00:54:46.230-0300] GC(3085) User=0.01s Sys=0.00s Real=0.00s
[2020-08-06T00:55:11.070-0300] GC(3086) Pause Young (Allocation Failure)
[2020-08-06T00:55:11.073-0300] GC(3086) PSYoungGen: 20400K->608K(20992K)
[2020-08-06T00:55:11.073-0300] GC(3086) ParOldGen: 129745K->130058K(134656K)
[2020-08-06T00:55:11.073-0300] GC(3086) Metaspace: 119222K->119222K(1163264K)
[2020-08-06T00:55:11.073-0300] GC(3086) Pause Young (Allocation Failure) 146M->127M(152M) 3.182ms
[2020-08-06T00:55:11.073-0300] GC(3086) User=0.01s Sys=0.00s Real=0.00s
[2020-08-06T00:55:24.848-0300] GC(3087) Pause Young (Allocation Failure)
[2020-08-06T00:55:24.850-0300] GC(3087) PSYoungGen: 20576K->448K(20992K)
[2020-08-06T00:55:24.850-0300] GC(3087) ParOldGen: 130058K->130522K(134656K)
[2020-08-06T00:55:24.850-0300] GC(3087) Metaspace: 119222K->119222K(1163264K)
[2020-08-06T00:55:24.850-0300] GC(3087) Pause Young (Allocation Failure) 147M->127M(152M) 2.815ms
[2020-08-06T00:55:24.850-0300] GC(3087) User=0.00s Sys=0.00s Real=0.00s
[2020-08-06T00:55:37.631-0300] GC(3088) Pause Young (Allocation Failure)
[2020-08-06T00:55:37.635-0300] GC(3088) PSYoungGen: 20416K->528K(20992K)
[2020-08-06T00:55:37.635-0300] GC(3088) ParOldGen: 130522K->130863K(134656K)
[2020-08-06T00:55:37.635-0300] GC(3088) Metaspace: 119222K->119222K(1163264K)
[2020-08-06T00:55:37.635-0300] GC(3088) Pause Young (Allocation Failure) 147M->128M(152M) 3.509ms
[2020-08-06T00:55:37.635-0300] GC(3088) User=0.01s Sys=0.00s Real=0.01s
[2020-08-06T00:55:53.386-0300] GC(3089) Pause Young (Allocation Failure)
[2020-08-06T00:55:53.389-0300] GC(3089) PSYoungGen: 20496K->448K(20992K)
[2020-08-06T00:55:53.389-0300] GC(3089) ParOldGen: 130863K->131284K(134656K)
[2020-08-06T00:55:53.389-0300] GC(3089) Metaspace: 119222K->119222K(1163264K)
[2020-08-06T00:55:53.390-0300] GC(3089) Pause Young (Allocation Failure) 147M->128M(152M) 3.252ms
[2020-08-06T00:55:53.390-0300] GC(3089) User=0.01s Sys=0.00s Real=0.00s
[2020-08-06T00:56:07.226-0300] GC(3090) Pause Young (Allocation Failure)
[2020-08-06T00:56:07.229-0300] GC(3090) PSYoungGen: 20416K->544K(20992K)
[2020-08-06T00:56:07.229-0300] GC(3090) ParOldGen: 131284K->131645K(134656K)
[2020-08-06T00:56:07.229-0300] GC(3090) Metaspace: 119222K->119222K(1163264K)
[2020-08-06T00:56:07.229-0300] GC(3090) Pause Young (Allocation Failure) 148M->129M(152M) 3.292ms
[2020-08-06T00:56:07.229-0300] GC(3090) User=0.01s Sys=0.00s Real=0.00s
[2020-08-06T00:56:19.847-0300] GC(3091) Pause Young (Allocation Failure)
[2020-08-06T00:56:19.850-0300] GC(3091) PSYoungGen: 20512K->384K(20992K)
[2020-08-06T00:56:19.850-0300] GC(3091) ParOldGen: 131645K->132002K(134656K)
[2020-08-06T00:56:19.850-0300] GC(3091) Metaspace: 119222K->119222K(1163264K)
[2020-08-06T00:56:19.850-0300] GC(3091) Pause Young (Allocation Failure) 148M->129M(152M) 3.243ms
[2020-08-06T00:56:19.850-0300] GC(3091) User=0.00s Sys=0.00s Real=0.00s
[2020-08-06T00:56:35.575-0300] GC(3092) Pause Young (Allocation Failure)
[2020-08-06T00:56:35.579-0300] GC(3092) PSYoungGen: 20352K->304K(20992K)
[2020-08-06T00:56:35.579-0300] GC(3092) ParOldGen: 132002K->132243K(134656K)
[2020-08-06T00:56:35.579-0300] GC(3092) Metaspace: 119222K->119222K(1163264K)
[2020-08-06T00:56:35.579-0300] GC(3092) Pause Young (Allocation Failure) 148M->129M(152M) 3.836ms
[2020-08-06T00:56:35.579-0300] GC(3092) User=0.00s Sys=0.00s Real=0.00s
[2020-08-06T00:56:49.847-0300] GC(3093) Pause Young (Allocation Failure)
[2020-08-06T00:56:49.851-0300] GC(3093) PSYoungGen: 20272K->288K(20992K)
[2020-08-06T00:56:49.851-0300] GC(3093) ParOldGen: 132243K->132448K(134656K)
[2020-08-06T00:56:49.851-0300] GC(3093) Metaspace: 119222K->119222K(1163264K)
[2020-08-06T00:56:49.851-0300] GC(3093) Pause Young (Allocation Failure) 148M->129M(152M) 3.666ms
[2020-08-06T00:56:49.851-0300] GC(3093) User=0.00s Sys=0.00s Real=0.00s
[2020-08-06T00:57:02.103-0300] GC(3094) Pause Young (Allocation Failure)
[2020-08-06T00:57:02.106-0300] GC(3094) PSYoungGen: 20256K->288K(20992K)
[2020-08-06T00:57:02.106-0300] GC(3094) ParOldGen: 132448K->132641K(134656K)
[2020-08-06T00:57:02.106-0300] GC(3094) Metaspace: 119222K->119222K(1163264K)
[2020-08-06T00:57:02.106-0300] GC(3094) Pause Young (Allocation Failure) 149M->129M(152M) 3.160ms
[2020-08-06T00:57:02.106-0300] GC(3094) User=0.01s Sys=0.00s Real=0.01s
[2020-08-06T00:57:12.949-0300] GC(3095) Pause Young (Allocation Failure)
[2020-08-06T00:57:12.953-0300] GC(3095) PSYoungGen: 20256K->304K(20992K)
[2020-08-06T00:57:12.953-0300] GC(3095) ParOldGen: 132641K->132842K(134656K)
[2020-08-06T00:57:12.953-0300] GC(3095) Metaspace: 119222K->119222K(1163264K)
[2020-08-06T00:57:12.953-0300] GC(3095) Pause Young (Allocation Failure) 149M->130M(152M) 3.768ms
[2020-08-06T00:57:12.953-0300] GC(3095) User=0.01s Sys=0.00s Real=0.00s
[2020-08-06T00:57:19.224-0300] GC(3096) Pause Young (Allocation Failure)
[2020-08-06T00:57:19.227-0300] GC(3096) PSYoungGen: 20272K->465K(20992K)
[2020-08-06T00:57:19.227-0300] GC(3096) ParOldGen: 132842K->133011K(134656K)
[2020-08-06T00:57:19.227-0300] GC(3096) Metaspace: 119222K->119222K(1163264K)
[2020-08-06T00:57:19.227-0300] GC(3096) Pause Young (Allocation Failure) 149M->130M(152M) 2.956ms
[2020-08-06T00:57:19.227-0300] GC(3096) User=0.01s Sys=0.00s Real=0.01s
[2020-08-06T00:57:20.619-0300] GC(3097) Pause Young (Allocation Failure)
[2020-08-06T00:57:20.622-0300] GC(3097) PSYoungGen: 20433K->465K(20992K)
[2020-08-06T00:57:20.622-0300] GC(3097) ParOldGen: 133011K->133264K(134656K)
[2020-08-06T00:57:20.622-0300] GC(3097) Metaspace: 119228K->119228K(1163264K)
[2020-08-06T00:57:20.622-0300] GC(3097) Pause Young (Allocation Failure) 149M->130M(152M) 2.822ms
[2020-08-06T00:57:20.622-0300] GC(3097) User=0.01s Sys=0.00s Real=0.00s
[2020-08-06T00:57:22.332-0300] GC(3098) Pause Young (Allocation Failure)
[2020-08-06T00:57:22.335-0300] GC(3098) PSYoungGen: 20432K->321K(20992K)
[2020-08-06T00:57:22.335-0300] GC(3098) ParOldGen: 133264K->133473K(134656K)
[2020-08-06T00:57:22.335-0300] GC(3098) Metaspace: 119228K->119228K(1163264K)
[2020-08-06T00:57:22.335-0300] GC(3098) Pause Young (Allocation Failure) 150M->130M(152M) 2.713ms
[2020-08-06T00:57:22.335-0300] GC(3098) User=0.01s Sys=0.00s Real=0.01s
[2020-08-06T00:57:23.959-0300] GC(3099) Pause Young (Allocation Failure)
[2020-08-06T00:57:23.962-0300] GC(3099) PSYoungGen: 20289K->320K(20992K)
[2020-08-06T00:57:23.962-0300] GC(3099) ParOldGen: 133473K->133714K(134656K)
[2020-08-06T00:57:23.962-0300] GC(3099) Metaspace: 119228K->119228K(1163264K)
[2020-08-06T00:57:23.962-0300] GC(3099) Pause Young (Allocation Failure) 150M->130M(152M) 3.339ms
[2020-08-06T00:57:23.962-0300] GC(3099) User=0.00s Sys=0.00s Real=0.00s
[2020-08-06T00:57:25.406-0300] GC(3100) Pause Young (Allocation Failure)
[2020-08-06T00:57:25.409-0300] GC(3100) PSYoungGen: 20288K->288K(20992K)
[2020-08-06T00:57:25.409-0300] GC(3100) ParOldGen: 133714K->133931K(134656K)
[2020-08-06T00:57:25.409-0300] GC(3100) Metaspace: 119228K->119228K(1163264K)
[2020-08-06T00:57:25.409-0300] GC(3100) Pause Young (Allocation Failure) 150M->131M(152M) 3.738ms
[2020-08-06T00:57:25.409-0300] GC(3100) User=0.01s Sys=0.00s Real=0.00s
[2020-08-06T00:57:27.086-0300] GC(3101) Pause Young (Allocation Failure)
[2020-08-06T00:57:27.090-0300] GC(3101) PSYoungGen: 20256K->384K(20992K)
[2020-08-06T00:57:27.090-0300] GC(3101) ParOldGen: 133931K->134124K(134656K)
[2020-08-06T00:57:27.090-0300] GC(3101) Metaspace: 119228K->119228K(1163264K)
[2020-08-06T00:57:27.090-0300] GC(3101) Pause Young (Allocation Failure) 150M->131M(152M) 3.782ms
[2020-08-06T00:57:27.090-0300] GC(3101) User=0.00s Sys=0.00s Real=0.00s
[2020-08-06T00:57:39.853-0300] GC(3102) Pause Young (Allocation Failure)
[2020-08-06T00:57:39.857-0300] GC(3102) PSYoungGen: 20351K->251K(20992K)
[2020-08-06T00:57:39.857-0300] GC(3102) ParOldGen: 134124K->134200K(134656K)
[2020-08-06T00:57:39.857-0300] GC(3102) Metaspace: 119228K->119228K(1163264K)
[2020-08-06T00:57:39.857-0300] GC(3102) Pause Young (Allocation Failure) 150M->131M(152M) 3.926ms
[2020-08-06T00:57:39.857-0300] GC(3102) User=0.01s Sys=0.00s Real=0.01s
[2020-08-06T00:58:08.222-0300] GC(3103) Pause Young (Allocation Failure)
[2020-08-06T00:58:08.225-0300] GC(3103) PSYoungGen: 20219K->224K(20992K)
[2020-08-06T00:58:08.225-0300] GC(3103) ParOldGen: 134200K->134268K(134656K)
[2020-08-06T00:58:08.225-0300] GC(3103) Metaspace: 119228K->119228K(1163264K)
[2020-08-06T00:58:08.225-0300] GC(3103) Pause Young (Allocation Failure) 150M->131M(152M) 3.119ms
[2020-08-06T00:58:08.225-0300] GC(3103) User=0.00s Sys=0.00s Real=0.01s
[2020-08-06T00:58:08.225-0300] GC(3104) Pause Full (Ergonomics)
[2020-08-06T00:58:08.225-0300] GC(3104) Marking Phase
[2020-08-06T00:58:08.305-0300] GC(3104) Marking Phase 80.039ms
[2020-08-06T00:58:08.305-0300] GC(3104) Summary Phase
[2020-08-06T00:58:08.305-0300] GC(3104) Summary Phase 0.021ms
[2020-08-06T00:58:08.305-0300] GC(3104) Adjust Roots
[2020-08-06T00:58:08.342-0300] GC(3104) Adjust Roots 36.671ms
[2020-08-06T00:58:08.342-0300] GC(3104) Compaction Phase
[2020-08-06T00:58:08.372-0300] GC(3104) Compaction Phase 29.720ms
[2020-08-06T00:58:08.372-0300] GC(3104) Post Compact
[2020-08-06T00:58:08.373-0300] GC(3104) Post Compact 0.693ms
[2020-08-06T00:58:08.373-0300] GC(3104) PSYoungGen: 224K->0K(20992K)
[2020-08-06T00:58:08.373-0300] GC(3104) ParOldGen: 134268K->104219K(134656K)
[2020-08-06T00:58:08.373-0300] GC(3104) Metaspace: 119228K->119228K(1163264K)
[2020-08-06T00:58:08.373-0300] GC(3104) Pause Full (Ergonomics) 131M->101M(152M) 147.391ms
[2020-08-06T00:58:08.373-0300] GC(3104) User=0.36s Sys=0.00s Real=0.14s
[2020-08-06T00:58:29.324-0300] GC(3105) Pause Young (Allocation Failure)
[2020-08-06T00:58:29.328-0300] GC(3105) PSYoungGen: 19968K->496K(20992K)
[2020-08-06T00:58:29.328-0300] GC(3105) ParOldGen: 104219K->104219K(134656K)
[2020-08-06T00:58:29.328-0300] GC(3105) Metaspace: 119228K->119228K(1163264K)
[2020-08-06T00:58:29.328-0300] GC(3105) Pause Young (Allocation Failure) 121M->102M(152M) 3.398ms
[2020-08-06T00:58:29.328-0300] GC(3105) User=0.01s Sys=0.00s Real=0.00s
[2020-08-06T00:58:43.551-0300] GC(3106) Pause Young (Allocation Failure)
[2020-08-06T00:58:43.554-0300] GC(3106) PSYoungGen: 20464K->592K(20992K)
[2020-08-06T00:58:43.554-0300] GC(3106) ParOldGen: 104219K->104640K(134656K)
[2020-08-06T00:58:43.554-0300] GC(3106) Metaspace: 119228K->119228K(1163264K)
[2020-08-06T00:58:43.554-0300] GC(3106) Pause Young (Allocation Failure) 121M->102M(152M) 3.608ms
[2020-08-06T00:58:43.554-0300] GC(3106) User=0.01s Sys=0.00s Real=0.01s
[2020-08-06T00:58:59.364-0300] GC(3107) Pause Young (Allocation Failure)
[2020-08-06T00:58:59.368-0300] GC(3107) PSYoungGen: 20560K->624K(20992K)
[2020-08-06T00:58:59.368-0300] GC(3107) ParOldGen: 104640K->105145K(134656K)
[2020-08-06T00:58:59.368-0300] GC(3107) Metaspace: 119228K->119228K(1163264K)
[2020-08-06T00:58:59.368-0300] GC(3107) Pause Young (Allocation Failure) 122M->103M(152M) 3.339ms
[2020-08-06T00:58:59.368-0300] GC(3107) User=0.00s Sys=0.00s Real=0.00s
[2020-08-06T00:59:10.553-0300] GC(3108) Pause Young (Allocation Failure)
[2020-08-06T00:59:10.556-0300] GC(3108) PSYoungGen: 20592K->608K(20992K)
[2020-08-06T00:59:10.556-0300] GC(3108) ParOldGen: 105145K->105674K(134656K)
[2020-08-06T00:59:10.556-0300] GC(3108) Metaspace: 119228K->119228K(1163264K)
[2020-08-06T00:59:10.556-0300] GC(3108) Pause Young (Allocation Failure) 122M->103M(152M) 2.806ms
[2020-08-06T00:59:10.556-0300] GC(3108) User=0.00s Sys=0.00s Real=0.01s
[2020-08-06T00:59:25.787-0300] GC(3109) Pause Young (Allocation Failure)
[2020-08-06T00:59:25.790-0300] GC(3109) PSYoungGen: 20576K->384K(20992K)
[2020-08-06T00:59:25.790-0300] GC(3109) ParOldGen: 105674K->106183K(134656K)
[2020-08-06T00:59:25.790-0300] GC(3109) Metaspace: 119228K->119228K(1163264K)
[2020-08-06T00:59:25.790-0300] GC(3109) Pause Young (Allocation Failure) 123M->104M(152M) 2.354ms
[2020-08-06T00:59:25.790-0300] GC(3109) User=0.01s Sys=0.00s Real=0.00s
[2020-08-06T00:59:40.262-0300] GC(3110) Pause Young (Allocation Failure)
[2020-08-06T00:59:40.265-0300] GC(3110) PSYoungGen: 20352K->384K(20992K)
[2020-08-06T00:59:40.265-0300] GC(3110) ParOldGen: 106183K->106480K(134656K)
[2020-08-06T00:59:40.265-0300] GC(3110) Metaspace: 119228K->119228K(1163264K)
[2020-08-06T00:59:40.265-0300] GC(3110) Pause Young (Allocation Failure) 123M->104M(152M) 3.071ms
[2020-08-06T00:59:40.265-0300] GC(3110) User=0.01s Sys=0.00s Real=0.01s
[2020-08-06T00:59:54.846-0300] GC(3111) Pause Young (Allocation Failure)
[2020-08-06T00:59:54.848-0300] GC(3111) PSYoungGen: 20352K->433K(20992K)
[2020-08-06T00:59:54.848-0300] GC(3111) ParOldGen: 106480K->106793K(134656K)
[2020-08-06T00:59:54.848-0300] GC(3111) Metaspace: 119228K->119228K(1163264K)
[2020-08-06T00:59:54.848-0300] GC(3111) Pause Young (Allocation Failure) 123M->104M(152M) 2.561ms
[2020-08-06T00:59:54.848-0300] GC(3111) User=0.01s Sys=0.00s Real=0.00s
[2020-08-06T01:00:03.593-0300] GC(3112) Pause Young (Allocation Failure)
[2020-08-06T01:00:03.596-0300] GC(3112) PSYoungGen: 20400K->433K(20992K)
[2020-08-06T01:00:03.596-0300] GC(3112) ParOldGen: 106793K->107122K(134656K)
[2020-08-06T01:00:03.596-0300] GC(3112) Metaspace: 119228K->119228K(1163264K)
[2020-08-06T01:00:03.596-0300] GC(3112) Pause Young (Allocation Failure) 124M->105M(152M) 3.098ms
[2020-08-06T01:00:03.596-0300] GC(3112) User=0.01s Sys=0.00s Real=0.01s
[2020-08-06T01:00:04.847-0300] GC(3113) Pause Young (Allocation Failure)
[2020-08-06T01:00:04.850-0300] GC(3113) PSYoungGen: 20401K->497K(20992K)
[2020-08-06T01:00:04.850-0300] GC(3113) ParOldGen: 107122K->107439K(134656K)
[2020-08-06T01:00:04.850-0300] GC(3113) Metaspace: 119228K->119228K(1163264K)
[2020-08-06T01:00:04.850-0300] GC(3113) Pause Young (Allocation Failure) 124M->105M(152M) 3.163ms
[2020-08-06T01:00:04.850-0300] GC(3113) User=0.01s Sys=0.00s Real=0.00s
[2020-08-06T01:00:25.929-0300] GC(3114) Pause Young (Allocation Failure)
[2020-08-06T01:00:25.933-0300] GC(3114) PSYoungGen: 20464K->496K(20992K)
[2020-08-06T01:00:25.933-0300] GC(3114) ParOldGen: 107439K->107719K(134656K)
[2020-08-06T01:00:25.933-0300] GC(3114) Metaspace: 119228K->119228K(1163264K)
[2020-08-06T01:00:25.933-0300] GC(3114) Pause Young (Allocation Failure) 124M->105M(152M) 3.121ms
[2020-08-06T01:00:25.933-0300] GC(3114) User=0.01s Sys=0.00s Real=0.00s
[2020-08-06T01:00:54.845-0300] GC(3115) Pause Young (Allocation Failure)
[2020-08-06T01:00:54.848-0300] GC(3115) PSYoungGen: 20464K->608K(20992K)
[2020-08-06T01:00:54.848-0300] GC(3115) ParOldGen: 107719K->108119K(134656K)
[2020-08-06T01:00:54.848-0300] GC(3115) Metaspace: 119228K->119228K(1163264K)
[2020-08-06T01:00:54.848-0300] GC(3115) Pause Young (Allocation Failure) 125M->106M(152M) 2.725ms
[2020-08-06T01:00:54.848-0300] GC(3115) User=0.00s Sys=0.00s Real=0.00s
[2020-08-06T01:01:10.545-0300] GC(3116) Pause Young (Allocation Failure)
[2020-08-06T01:01:10.548-0300] GC(3116) PSYoungGen: 20572K->416K(20992K)
[2020-08-06T01:01:10.548-0300] GC(3116) ParOldGen: 108119K->108623K(134656K)
[2020-08-06T01:01:10.548-0300] GC(3116) Metaspace: 119228K->119228K(1163264K)
[2020-08-06T01:01:10.548-0300] GC(3116) Pause Young (Allocation Failure) 125M->106M(152M) 2.853ms
[2020-08-06T01:01:10.548-0300] GC(3116) User=0.01s Sys=0.00s Real=0.00s
[2020-08-06T01:01:26.265-0300] GC(3117) Pause Young (Allocation Failure)
[2020-08-06T01:01:26.268-0300] GC(3117) PSYoungGen: 20384K->384K(20992K)
[2020-08-06T01:01:26.268-0300] GC(3117) ParOldGen: 108623K->108904K(134656K)
[2020-08-06T01:01:26.268-0300] GC(3117) Metaspace: 119228K->119228K(1163264K)
[2020-08-06T01:01:26.268-0300] GC(3117) Pause Young (Allocation Failure) 125M->106M(152M) 2.392ms
[2020-08-06T01:01:26.268-0300] GC(3117) User=0.01s Sys=0.00s Real=0.00s
[2020-08-06T01:01:37.353-0300] GC(3118) Pause Young (Allocation Failure)
[2020-08-06T01:01:37.355-0300] GC(3118) PSYoungGen: 20352K->305K(20992K)
[2020-08-06T01:01:37.355-0300] GC(3118) ParOldGen: 108904K->109180K(134656K)
[2020-08-06T01:01:37.355-0300] GC(3118) Metaspace: 119228K->119228K(1163264K)
[2020-08-06T01:01:37.355-0300] GC(3118) Pause Young (Allocation Failure) 126M->106M(152M) 2.367ms
[2020-08-06T01:01:37.355-0300] GC(3118) User=0.01s Sys=0.00s Real=0.01s
[2020-08-06T01:01:38.943-0300] GC(3119) Pause Young (Allocation Failure)
[2020-08-06T01:01:38.946-0300] GC(3119) PSYoungGen: 20271K->304K(20992K)
[2020-08-06T01:01:38.946-0300] GC(3119) ParOldGen: 109180K->109381K(134656K)
[2020-08-06T01:01:38.946-0300] GC(3119) Metaspace: 119228K->119228K(1163264K)
[2020-08-06T01:01:38.946-0300] GC(3119) Pause Young (Allocation Failure) 126M->107M(152M) 2.987ms
[2020-08-06T01:01:38.946-0300] GC(3119) User=0.00s Sys=0.00s Real=0.01s
[2020-08-06T01:01:40.591-0300] GC(3120) Pause Young (Allocation Failure)
[2020-08-06T01:01:40.593-0300] GC(3120) PSYoungGen: 20272K->352K(20992K)
[2020-08-06T01:01:40.593-0300] GC(3120) ParOldGen: 109381K->109550K(134656K)
[2020-08-06T01:01:40.593-0300] GC(3120) Metaspace: 119228K->119228K(1163264K)
[2020-08-06T01:01:40.593-0300] GC(3120) Pause Young (Allocation Failure) 126M->107M(152M) 2.418ms
[2020-08-06T01:01:40.593-0300] GC(3120) User=0.00s Sys=0.00s Real=0.00s
[2020-08-06T01:01:42.143-0300] GC(3121) Pause Young (Allocation Failure)
[2020-08-06T01:01:42.146-0300] GC(3121) PSYoungGen: 20320K->336K(20992K)
[2020-08-06T01:01:42.146-0300] GC(3121) ParOldGen: 109550K->109772K(134656K)
[2020-08-06T01:01:42.146-0300] GC(3121) Metaspace: 119228K->119228K(1163264K)
[2020-08-06T01:01:42.146-0300] GC(3121) Pause Young (Allocation Failure) 126M->107M(152M) 2.712ms
[2020-08-06T01:01:42.146-0300] GC(3121) User=0.00s Sys=0.00s Real=0.01s
[2020-08-06T01:01:43.962-0300] GC(3122) Pause Young (Allocation Failure)
[2020-08-06T01:01:43.966-0300] GC(3122) PSYoungGen: 20304K->432K(20992K)
[2020-08-06T01:01:43.966-0300] GC(3122) ParOldGen: 109772K->109997K(134656K)
[2020-08-06T01:01:43.966-0300] GC(3122) Metaspace: 119228K->119228K(1163264K)
[2020-08-06T01:01:43.966-0300] GC(3122) Pause Young (Allocation Failure) 127M->107M(152M) 3.692ms
[2020-08-06T01:01:43.966-0300] GC(3122) User=0.01s Sys=0.00s Real=0.01s
[2020-08-06T01:01:49.846-0300] GC(3123) Pause Young (Allocation Failure)
[2020-08-06T01:01:49.849-0300] GC(3123) PSYoungGen: 20400K->160K(20992K)
[2020-08-06T01:01:49.849-0300] GC(3123) ParOldGen: 109997K->110081K(134656K)
[2020-08-06T01:01:49.849-0300] GC(3123) Metaspace: 119228K->119228K(1163264K)
[2020-08-06T01:01:49.849-0300] GC(3123) Pause Young (Allocation Failure) 127M->107M(152M) 2.298ms
[2020-08-06T01:01:49.849-0300] GC(3123) User=0.01s Sys=0.00s Real=0.00s
[2020-08-06T01:02:16.248-0300] GC(3124) Pause Young (Allocation Failure)
[2020-08-06T01:02:16.251-0300] GC(3124) PSYoungGen: 20128K->256K(20992K)
[2020-08-06T01:02:16.251-0300] GC(3124) ParOldGen: 110081K->110157K(134656K)
[2020-08-06T01:02:16.251-0300] GC(3124) Metaspace: 119232K->119232K(1163264K)
[2020-08-06T01:02:16.251-0300] GC(3124) Pause Young (Allocation Failure) 127M->107M(152M) 2.900ms
[2020-08-06T01:02:16.251-0300] GC(3124) User=0.01s Sys=0.00s Real=0.00s
[2020-08-06T01:02:39.854-0300] GC(3125) Pause Young (Allocation Failure)
[2020-08-06T01:02:39.857-0300] GC(3125) PSYoungGen: 20224K->411K(20992K)
[2020-08-06T01:02:39.857-0300] GC(3125) ParOldGen: 110157K->110205K(134656K)
[2020-08-06T01:02:39.857-0300] GC(3125) Metaspace: 119301K->119301K(1163264K)
[2020-08-06T01:02:39.857-0300] GC(3125) Pause Young (Allocation Failure) 127M->108M(152M) 3.338ms
[2020-08-06T01:02:39.857-0300] GC(3125) User=0.01s Sys=0.00s Real=0.01s
[2020-08-06T01:02:58.246-0300] GC(3126) Pause Young (Allocation Failure)
[2020-08-06T01:02:58.248-0300] GC(3126) PSYoungGen: 20379K->224K(20992K)
[2020-08-06T01:02:58.248-0300] GC(3126) ParOldGen: 110205K->110277K(134656K)
[2020-08-06T01:02:58.248-0300] GC(3126) Metaspace: 119302K->119302K(1163264K)
[2020-08-06T01:02:58.248-0300] GC(3126) Pause Young (Allocation Failure) 127M->107M(152M) 2.241ms
[2020-08-06T01:02:58.248-0300] GC(3126) User=0.00s Sys=0.00s Real=0.00s
[2020-08-06T01:03:24.848-0300] GC(3127) Pause Young (Allocation Failure)
[2020-08-06T01:03:24.851-0300] GC(3127) PSYoungGen: 20192K->342K(20992K)
[2020-08-06T01:03:24.851-0300] GC(3127) ParOldGen: 110277K->110321K(134656K)
[2020-08-06T01:03:24.851-0300] GC(3127) Metaspace: 119302K->119302K(1163264K)
[2020-08-06T01:03:24.851-0300] GC(3127) Pause Young (Allocation Failure) 127M->108M(152M) 2.445ms
[2020-08-06T01:03:24.851-0300] GC(3127) User=0.01s Sys=0.00s Real=0.00s
[2020-08-06T01:03:45.715-0300] GC(3128) Pause Young (Allocation Failure)
[2020-08-06T01:03:45.718-0300] GC(3128) PSYoungGen: 20310K->736K(20992K)
[2020-08-06T01:03:45.718-0300] GC(3128) ParOldGen: 110321K->110481K(134656K)
[2020-08-06T01:03:45.718-0300] GC(3128) Metaspace: 119302K->119302K(1163264K)
[2020-08-06T01:03:45.718-0300] GC(3128) Pause Young (Allocation Failure) 127M->108M(152M) 2.555ms
[2020-08-06T01:03:45.718-0300] GC(3128) User=0.01s Sys=0.00s Real=0.00s
[2020-08-06T01:04:09.846-0300] GC(3129) Pause Young (Allocation Failure)
[2020-08-06T01:04:09.848-0300] GC(3129) PSYoungGen: 20704K->864K(20992K)
[2020-08-06T01:04:09.848-0300] GC(3129) ParOldGen: 110481K->111097K(134656K)
[2020-08-06T01:04:09.848-0300] GC(3129) Metaspace: 119302K->119302K(1163264K)
[2020-08-06T01:04:09.848-0300] GC(3129) Pause Young (Allocation Failure) 128M->109M(152M) 2.857ms
[2020-08-06T01:04:09.849-0300] GC(3129) User=0.00s Sys=0.00s Real=0.00s
[2020-08-06T01:04:35.422-0300] GC(3130) Pause Young (Allocation Failure)
[2020-08-06T01:04:35.426-0300] GC(3130) PSYoungGen: 20832K->416K(20992K)
[2020-08-06T01:04:35.426-0300] GC(3130) ParOldGen: 111097K->111817K(134656K)
[2020-08-06T01:04:35.426-0300] GC(3130) Metaspace: 119302K->119302K(1163264K)
[2020-08-06T01:04:35.426-0300] GC(3130) Pause Young (Allocation Failure) 128M->109M(152M) 3.430ms
[2020-08-06T01:04:35.426-0300] GC(3130) User=0.01s Sys=0.00s Real=0.01s
[2020-08-06T01:04:54.243-0300] GC(3131) Pause Young (Allocation Failure)
[2020-08-06T01:04:54.247-0300] GC(3131) PSYoungGen: 20384K->512K(20992K)
[2020-08-06T01:04:54.247-0300] GC(3131) ParOldGen: 111817K->112185K(134656K)
[2020-08-06T01:04:54.247-0300] GC(3131) Metaspace: 119302K->119302K(1163264K)
[2020-08-06T01:04:54.247-0300] GC(3131) Pause Young (Allocation Failure) 129M->110M(152M) 3.181ms
[2020-08-06T01:04:54.247-0300] GC(3131) User=0.00s Sys=0.00s Real=0.01s
[2020-08-06T01:05:07.095-0300] GC(3132) Pause Young (Allocation Failure)
[2020-08-06T01:05:07.098-0300] GC(3132) PSYoungGen: 20479K->512K(20992K)
[2020-08-06T01:05:07.098-0300] GC(3132) ParOldGen: 112185K->112502K(134656K)
[2020-08-06T01:05:07.098-0300] GC(3132) Metaspace: 119302K->119302K(1163264K)
[2020-08-06T01:05:07.098-0300] GC(3132) Pause Young (Allocation Failure) 129M->110M(152M) 2.887ms
[2020-08-06T01:05:07.098-0300] GC(3132) User=0.00s Sys=0.00s Real=0.00s
[2020-08-06T01:05:22.936-0300] GC(3133) Pause Young (Allocation Failure)
[2020-08-06T01:05:22.938-0300] GC(3133) PSYoungGen: 20480K->480K(20992K)
[2020-08-06T01:05:22.938-0300] GC(3133) ParOldGen: 112502K->112907K(134656K)
[2020-08-06T01:05:22.938-0300] GC(3133) Metaspace: 119302K->119302K(1163264K)
[2020-08-06T01:05:22.938-0300] GC(3133) Pause Young (Allocation Failure) 129M->110M(152M) 2.753ms
[2020-08-06T01:05:22.938-0300] GC(3133) User=0.01s Sys=0.00s Real=0.00s
[2020-08-06T01:05:36.022-0300] GC(3134) Pause Young (Allocation Failure)
[2020-08-06T01:05:36.026-0300] GC(3134) PSYoungGen: 20448K->497K(20992K)
[2020-08-06T01:05:36.026-0300] GC(3134) ParOldGen: 112907K->113260K(134656K)
[2020-08-06T01:05:36.026-0300] GC(3134) Metaspace: 119302K->119302K(1163264K)
[2020-08-06T01:05:36.026-0300] GC(3134) Pause Young (Allocation Failure) 130M->111M(152M) 3.718ms
[2020-08-06T01:05:36.026-0300] GC(3134) User=0.01s Sys=0.00s Real=0.01s
[2020-08-06T01:05:49.846-0300] GC(3135) Pause Young (Allocation Failure)
[2020-08-06T01:05:49.848-0300] GC(3135) PSYoungGen: 20465K->528K(20992K)
[2020-08-06T01:05:49.848-0300] GC(3135) ParOldGen: 113260K->113677K(134656K)
[2020-08-06T01:05:49.848-0300] GC(3135) Metaspace: 119302K->119302K(1163264K)
[2020-08-06T01:05:49.848-0300] GC(3135) Pause Young (Allocation Failure) 130M->111M(152M) 2.705ms
[2020-08-06T01:05:49.849-0300] GC(3135) User=0.00s Sys=0.00s Real=0.00s
[2020-08-06T01:06:05.193-0300] GC(3136) Pause Young (Allocation Failure)
[2020-08-06T01:06:05.198-0300] GC(3136) PSYoungGen: 20496K->368K(20992K)
[2020-08-06T01:06:05.198-0300] GC(3136) ParOldGen: 113677K->114046K(134656K)
[2020-08-06T01:06:05.198-0300] GC(3136) Metaspace: 119302K->119302K(1163264K)
[2020-08-06T01:06:05.198-0300] GC(3136) Pause Young (Allocation Failure) 131M->111M(152M) 5.127ms
[2020-08-06T01:06:05.198-0300] GC(3136) User=0.01s Sys=0.00s Real=0.01s
[2020-08-06T01:06:19.846-0300] GC(3137) Pause Young (Allocation Failure)
[2020-08-06T01:06:19.849-0300] GC(3137) PSYoungGen: 20336K->384K(20992K)
[2020-08-06T01:06:19.849-0300] GC(3137) ParOldGen: 114046K->114383K(134656K)
[2020-08-06T01:06:19.849-0300] GC(3137) Metaspace: 119302K->119302K(1163264K)
[2020-08-06T01:06:19.849-0300] GC(3137) Pause Young (Allocation Failure) 131M->112M(152M) 2.553ms
[2020-08-06T01:06:19.849-0300] GC(3137) User=0.01s Sys=0.00s Real=0.00s
[2020-08-06T01:06:22.561-0300] GC(3138) Pause Young (Allocation Failure)
[2020-08-06T01:06:22.564-0300] GC(3138) PSYoungGen: 20352K->368K(20992K)
[2020-08-06T01:06:22.564-0300] GC(3138) ParOldGen: 114383K->114676K(134656K)
[2020-08-06T01:06:22.564-0300] GC(3138) Metaspace: 119302K->119302K(1163264K)
[2020-08-06T01:06:22.564-0300] GC(3138) Pause Young (Allocation Failure) 131M->112M(152M) 2.906ms
[2020-08-06T01:06:22.564-0300] GC(3138) User=0.01s Sys=0.00s Real=0.01s
[2020-08-06T01:06:30.241-0300] GC(3139) Pause Young (Allocation Failure)
[2020-08-06T01:06:30.244-0300] GC(3139) PSYoungGen: 20336K->288K(20992K)
[2020-08-06T01:06:30.244-0300] GC(3139) ParOldGen: 114676K->114788K(134656K)
[2020-08-06T01:06:30.244-0300] GC(3139) Metaspace: 119302K->119302K(1163264K)
[2020-08-06T01:06:30.244-0300] GC(3139) Pause Young (Allocation Failure) 131M->112M(152M) 3.174ms
[2020-08-06T01:06:30.244-0300] GC(3139) User=0.01s Sys=0.00s Real=0.01s
[2020-08-06T01:06:59.846-0300] GC(3140) Pause Young (Allocation Failure)
[2020-08-06T01:06:59.849-0300] GC(3140) PSYoungGen: 20256K->160K(20992K)
[2020-08-06T01:06:59.849-0300] GC(3140) ParOldGen: 114788K->114896K(134656K)
[2020-08-06T01:06:59.849-0300] GC(3140) Metaspace: 119302K->119302K(1163264K)
[2020-08-06T01:06:59.849-0300] GC(3140) Pause Young (Allocation Failure) 131M->112M(152M) 2.421ms
[2020-08-06T01:06:59.849-0300] GC(3140) User=0.00s Sys=0.00s Real=0.00s
[2020-08-06T01:07:23.335-0300] GC(3141) Pause Young (Allocation Failure)
[2020-08-06T01:07:23.338-0300] GC(3141) PSYoungGen: 20128K->352K(20992K)
[2020-08-06T01:07:23.338-0300] GC(3141) ParOldGen: 114896K->114944K(134656K)
[2020-08-06T01:07:23.338-0300] GC(3141) Metaspace: 119333K->119333K(1163264K)
[2020-08-06T01:07:23.338-0300] GC(3141) Pause Young (Allocation Failure) 131M->112M(152M) 2.691ms
[2020-08-06T01:07:23.338-0300] GC(3141) User=0.00s Sys=0.00s Real=0.00s
[2020-08-06T01:07:41.708-0300] GC(3142) Pause Young (Allocation Failure)
[2020-08-06T01:07:41.710-0300] GC(3142) PSYoungGen: 20320K->160K(20992K)
[2020-08-06T01:07:41.710-0300] GC(3142) ParOldGen: 114944K->115000K(134656K)
[2020-08-06T01:07:41.710-0300] GC(3142) Metaspace: 119333K->119333K(1163264K)
[2020-08-06T01:07:41.710-0300] GC(3142) Pause Young (Allocation Failure) 132M->112M(152M) 2.315ms
[2020-08-06T01:07:41.710-0300] GC(3142) User=0.01s Sys=0.00s Real=0.00s
[2020-08-06T01:08:09.852-0300] GC(3143) Pause Young (Allocation Failure)
[2020-08-06T01:08:09.855-0300] GC(3143) PSYoungGen: 20128K->240K(20992K)
[2020-08-06T01:08:09.855-0300] GC(3143) ParOldGen: 115000K->115056K(134656K)
[2020-08-06T01:08:09.855-0300] GC(3143) Metaspace: 119333K->119333K(1163264K)
[2020-08-06T01:08:09.855-0300] GC(3143) Pause Young (Allocation Failure) 131M->112M(152M) 2.309ms
[2020-08-06T01:08:09.855-0300] GC(3143) User=0.00s Sys=0.00s Real=0.01s
[2020-08-06T01:08:29.274-0300] GC(3144) Pause Young (Allocation Failure)
[2020-08-06T01:08:29.277-0300] GC(3144) PSYoungGen: 20208K->496K(20992K)
[2020-08-06T01:08:29.277-0300] GC(3144) ParOldGen: 115056K->115088K(134656K)
[2020-08-06T01:08:29.277-0300] GC(3144) Metaspace: 119333K->119333K(1163264K)
[2020-08-06T01:08:29.277-0300] GC(3144) Pause Young (Allocation Failure) 132M->112M(152M) 2.964ms
[2020-08-06T01:08:29.277-0300] GC(3144) User=0.01s Sys=0.00s Real=0.01s
[2020-08-06T01:08:44.847-0300] GC(3145) Pause Young (Allocation Failure)
[2020-08-06T01:08:44.852-0300] GC(3145) PSYoungGen: 20464K->736K(20992K)
[2020-08-06T01:08:44.852-0300] GC(3145) ParOldGen: 115088K->115485K(134656K)
[2020-08-06T01:08:44.852-0300] GC(3145) Metaspace: 119333K->119333K(1163264K)
[2020-08-06T01:08:44.852-0300] GC(3145) Pause Young (Allocation Failure) 132M->113M(152M) 4.324ms
[2020-08-06T01:08:44.852-0300] GC(3145) User=0.01s Sys=0.00s Real=0.00s
[2020-08-06T01:08:55.947-0300] GC(3146) Pause Young (Allocation Failure)
[2020-08-06T01:08:55.950-0300] GC(3146) PSYoungGen: 20704K->608K(20992K)
[2020-08-06T01:08:55.950-0300] GC(3146) ParOldGen: 115485K->116050K(134656K)
[2020-08-06T01:08:55.950-0300] GC(3146) Metaspace: 119333K->119333K(1163264K)
[2020-08-06T01:08:55.950-0300] GC(3146) Pause Young (Allocation Failure) 132M->113M(152M) 2.983ms
[2020-08-06T01:08:55.950-0300] GC(3146) User=0.00s Sys=0.00s Real=0.00s
[2020-08-06T01:08:57.593-0300] GC(3147) Pause Young (Allocation Failure)
[2020-08-06T01:08:57.596-0300] GC(3147) PSYoungGen: 20576K->304K(20992K)
[2020-08-06T01:08:57.596-0300] GC(3147) ParOldGen: 116050K->116519K(134656K)
[2020-08-06T01:08:57.596-0300] GC(3147) Metaspace: 119333K->119333K(1163264K)
[2020-08-06T01:08:57.596-0300] GC(3147) Pause Young (Allocation Failure) 133M->114M(152M) 2.977ms
[2020-08-06T01:08:57.596-0300] GC(3147) User=0.01s Sys=0.00s Real=0.01s
[2020-08-06T01:08:59.306-0300] GC(3148) Pause Young (Allocation Failure)
[2020-08-06T01:08:59.308-0300] GC(3148) PSYoungGen: 20271K->385K(20992K)
[2020-08-06T01:08:59.308-0300] GC(3148) ParOldGen: 116519K->116748K(134656K)
[2020-08-06T01:08:59.308-0300] GC(3148) Metaspace: 119333K->119333K(1163264K)
[2020-08-06T01:08:59.308-0300] GC(3148) Pause Young (Allocation Failure) 133M->114M(152M) 2.416ms
[2020-08-06T01:08:59.308-0300] GC(3148) User=0.00s Sys=0.00s Real=0.00s
[2020-08-06T01:09:00.901-0300] GC(3149) Pause Young (Allocation Failure)
[2020-08-06T01:09:00.904-0300] GC(3149) PSYoungGen: 20353K->384K(20992K)
[2020-08-06T01:09:00.904-0300] GC(3149) ParOldGen: 116748K->117021K(134656K)
[2020-08-06T01:09:00.904-0300] GC(3149) Metaspace: 119333K->119333K(1163264K)
[2020-08-06T01:09:00.904-0300] GC(3149) Pause Young (Allocation Failure) 133M->114M(152M) 2.433ms
[2020-08-06T01:09:00.904-0300] GC(3149) User=0.01s Sys=0.00s Real=0.00s
[2020-08-06T01:09:02.417-0300] GC(3150) Pause Young (Allocation Failure)
[2020-08-06T01:09:02.421-0300] GC(3150) PSYoungGen: 20352K->400K(20992K)
[2020-08-06T01:09:02.421-0300] GC(3150) ParOldGen: 117021K->117271K(134656K)
[2020-08-06T01:09:02.421-0300] GC(3150) Metaspace: 119333K->119333K(1163264K)
[2020-08-06T01:09:02.421-0300] GC(3150) Pause Young (Allocation Failure) 134M->114M(152M) 4.364ms
[2020-08-06T01:09:02.421-0300] GC(3150) User=0.00s Sys=0.00s Real=0.00s
[2020-08-06T01:09:05.238-0300] GC(3151) Pause Young (Allocation Failure)
[2020-08-06T01:09:05.241-0300] GC(3151) PSYoungGen: 20368K->400K(20992K)
[2020-08-06T01:09:05.241-0300] GC(3151) ParOldGen: 117271K->117415K(134656K)
[2020-08-06T01:09:05.241-0300] GC(3151) Metaspace: 119333K->119333K(1163264K)
[2020-08-06T01:09:05.241-0300] GC(3151) Pause Young (Allocation Failure) 134M->115M(152M) 3.005ms
[2020-08-06T01:09:05.241-0300] GC(3151) User=0.01s Sys=0.00s Real=0.00s
[2020-08-06T01:09:32.238-0300] GC(3152) Pause Young (Allocation Failure)
[2020-08-06T01:09:32.241-0300] GC(3152) PSYoungGen: 20368K->576K(20992K)
[2020-08-06T01:09:32.241-0300] GC(3152) ParOldGen: 117415K->117591K(134656K)
[2020-08-06T01:09:32.241-0300] GC(3152) Metaspace: 119333K->119333K(1163264K)
[2020-08-06T01:09:32.241-0300] GC(3152) Pause Young (Allocation Failure) 134M->115M(152M) 3.031ms
[2020-08-06T01:09:32.241-0300] GC(3152) User=0.01s Sys=0.00s Real=0.00s
[2020-08-06T01:09:59.847-0300] GC(3153) Pause Young (Allocation Failure)
[2020-08-06T01:09:59.850-0300] GC(3153) PSYoungGen: 20544K->480K(20992K)
[2020-08-06T01:09:59.850-0300] GC(3153) ParOldGen: 117591K->117983K(134656K)
[2020-08-06T01:09:59.850-0300] GC(3153) Metaspace: 119333K->119333K(1163264K)
[2020-08-06T01:09:59.850-0300] GC(3153) Pause Young (Allocation Failure) 134M->115M(152M) 3.135ms
[2020-08-06T01:09:59.850-0300] GC(3153) User=0.01s Sys=0.00s Real=0.00s
[2020-08-06T01:10:16.236-0300] GC(3154) Pause Young (Allocation Failure)
[2020-08-06T01:10:16.238-0300] GC(3154) PSYoungGen: 20448K->544K(20992K)
[2020-08-06T01:10:16.238-0300] GC(3154) ParOldGen: 117983K->118367K(134656K)
[2020-08-06T01:10:16.238-0300] GC(3154) Metaspace: 119333K->119333K(1163264K)
[2020-08-06T01:10:16.238-0300] GC(3154) Pause Young (Allocation Failure) 135M->116M(152M) 2.662ms
[2020-08-06T01:10:16.239-0300] GC(3154) User=0.01s Sys=0.00s Real=0.00s
[2020-08-06T01:10:44.460-0300] GC(3155) Pause Young (Allocation Failure)
[2020-08-06T01:10:44.464-0300] GC(3155) PSYoungGen: 20508K->480K(20992K)
[2020-08-06T01:10:44.464-0300] GC(3155) ParOldGen: 118367K->118752K(134656K)
[2020-08-06T01:10:44.464-0300] GC(3155) Metaspace: 119333K->119333K(1163264K)
[2020-08-06T01:10:44.464-0300] GC(3155) Pause Young (Allocation Failure) 135M->116M(152M) 3.743ms
[2020-08-06T01:10:44.464-0300] GC(3155) User=0.01s Sys=0.00s Real=0.01s
[2020-08-06T01:11:05.236-0300] GC(3156) Pause Young (Allocation Failure)
[2020-08-06T01:11:05.238-0300] GC(3156) PSYoungGen: 20448K->592K(20992K)
[2020-08-06T01:11:05.238-0300] GC(3156) ParOldGen: 118752K->119120K(134656K)
[2020-08-06T01:11:05.238-0300] GC(3156) Metaspace: 119333K->119333K(1163264K)
[2020-08-06T01:11:05.238-0300] GC(3156) Pause Young (Allocation Failure) 135M->116M(152M) 2.611ms
[2020-08-06T01:11:05.238-0300] GC(3156) User=0.01s Sys=0.00s Real=0.00s
[2020-08-06T01:11:20.123-0300] GC(3157) Pause Young (Allocation Failure)
[2020-08-06T01:11:20.125-0300] GC(3157) PSYoungGen: 20560K->336K(20992K)
[2020-08-06T01:11:20.125-0300] GC(3157) ParOldGen: 119120K->119540K(134656K)
[2020-08-06T01:11:20.125-0300] GC(3157) Metaspace: 119333K->119333K(1163264K)
[2020-08-06T01:11:20.125-0300] GC(3157) Pause Young (Allocation Failure) 136M->117M(152M) 2.638ms
[2020-08-06T01:11:20.125-0300] GC(3157) User=0.01s Sys=0.00s Real=0.01s
[2020-08-06T01:11:35.318-0300] GC(3158) Pause Young (Allocation Failure)
[2020-08-06T01:11:35.321-0300] GC(3158) PSYoungGen: 20304K->400K(20992K)
[2020-08-06T01:11:35.321-0300] GC(3158) ParOldGen: 119540K->119797K(134656K)
[2020-08-06T01:11:35.321-0300] GC(3158) Metaspace: 119333K->119333K(1163264K)
[2020-08-06T01:11:35.321-0300] GC(3158) Pause Young (Allocation Failure) 136M->117M(152M) 2.966ms
[2020-08-06T01:11:35.321-0300] GC(3158) User=0.01s Sys=0.00s Real=0.00s
[2020-08-06T01:11:49.846-0300] GC(3159) Pause Young (Allocation Failure)
[2020-08-06T01:11:49.849-0300] GC(3159) PSYoungGen: 20368K->288K(20992K)
[2020-08-06T01:11:49.849-0300] GC(3159) ParOldGen: 119797K->120050K(134656K)
[2020-08-06T01:11:49.849-0300] GC(3159) Metaspace: 119333K->119333K(1163264K)
[2020-08-06T01:11:49.849-0300] GC(3159) Pause Young (Allocation Failure) 136M->117M(152M) 2.845ms
[2020-08-06T01:11:49.849-0300] GC(3159) User=0.01s Sys=0.00s Real=0.00s
[2020-08-06T01:12:02.668-0300] GC(3160) Pause Young (Allocation Failure)
[2020-08-06T01:12:02.671-0300] GC(3160) PSYoungGen: 20252K->288K(20992K)
[2020-08-06T01:12:02.671-0300] GC(3160) ParOldGen: 120050K->120239K(134656K)
[2020-08-06T01:12:02.671-0300] GC(3160) Metaspace: 119333K->119333K(1163264K)
[2020-08-06T01:12:02.671-0300] GC(3160) Pause Young (Allocation Failure) 137M->117M(152M) 2.884ms
[2020-08-06T01:12:02.671-0300] GC(3160) User=0.01s Sys=0.00s Real=0.00s
[2020-08-06T01:12:09.078-0300] GC(3161) Pause Young (Allocation Failure)
[2020-08-06T01:12:09.082-0300] GC(3161) PSYoungGen: 20256K->432K(20992K)
[2020-08-06T01:12:09.082-0300] GC(3161) ParOldGen: 120239K->120428K(134656K)
[2020-08-06T01:12:09.082-0300] GC(3161) Metaspace: 119337K->119337K(1163264K)
[2020-08-06T01:12:09.082-0300] GC(3161) Pause Young (Allocation Failure) 137M->118M(152M) 3.567ms
[2020-08-06T01:12:09.082-0300] GC(3161) User=0.00s Sys=0.00s Real=0.00s
[2020-08-06T01:12:10.938-0300] GC(3162) Pause Young (Allocation Failure)
[2020-08-06T01:12:10.941-0300] GC(3162) PSYoungGen: 20400K->384K(20992K)
[2020-08-06T01:12:10.941-0300] GC(3162) ParOldGen: 120428K->120716K(134656K)
[2020-08-06T01:12:10.941-0300] GC(3162) Metaspace: 119337K->119337K(1163264K)
[2020-08-06T01:12:10.941-0300] GC(3162) Pause Young (Allocation Failure) 137M->118M(152M) 3.167ms
[2020-08-06T01:12:10.941-0300] GC(3162) User=0.00s Sys=0.00s Real=0.00s
[2020-08-06T01:12:12.384-0300] GC(3163) Pause Young (Allocation Failure)
[2020-08-06T01:12:12.387-0300] GC(3163) PSYoungGen: 20352K->304K(20992K)
[2020-08-06T01:12:12.387-0300] GC(3163) ParOldGen: 120716K->120954K(134656K)
[2020-08-06T01:12:12.387-0300] GC(3163) Metaspace: 119337K->119337K(1163264K)
[2020-08-06T01:12:12.388-0300] GC(3163) Pause Young (Allocation Failure) 137M->118M(152M) 3.477ms
[2020-08-06T01:12:12.388-0300] GC(3163) User=0.01s Sys=0.00s Real=0.00s
[2020-08-06T01:12:19.846-0300] GC(3164) Pause Young (Allocation Failure)
[2020-08-06T01:12:19.849-0300] GC(3164) PSYoungGen: 20272K->384K(20992K)
[2020-08-06T01:12:19.849-0300] GC(3164) ParOldGen: 120954K->121026K(134656K)
[2020-08-06T01:12:19.849-0300] GC(3164) Metaspace: 119343K->119343K(1163264K)
[2020-08-06T01:12:19.849-0300] GC(3164) Pause Young (Allocation Failure) 137M->118M(152M) 2.952ms
[2020-08-06T01:12:19.849-0300] GC(3164) User=0.00s Sys=0.00s Real=0.00s
[2020-08-06T01:12:47.202-0300] GC(3165) Pause Young (Allocation Failure)
[2020-08-06T01:12:47.204-0300] GC(3165) PSYoungGen: 20352K->176K(20992K)
[2020-08-06T01:12:47.204-0300] GC(3165) ParOldGen: 121026K->121102K(134656K)
[2020-08-06T01:12:47.204-0300] GC(3165) Metaspace: 119343K->119343K(1163264K)
[2020-08-06T01:12:47.204-0300] GC(3165) Pause Young (Allocation Failure) 138M->118M(152M) 2.447ms
[2020-08-06T01:12:47.204-0300] GC(3165) User=0.01s Sys=0.00s Real=0.01s
[2020-08-06T01:13:13.243-0300] GC(3166) Pause Young (Allocation Failure)
[2020-08-06T01:13:13.245-0300] GC(3166) PSYoungGen: 20144K->160K(20992K)
[2020-08-06T01:13:13.245-0300] GC(3166) ParOldGen: 121102K->121166K(134656K)
[2020-08-06T01:13:13.245-0300] GC(3166) Metaspace: 119343K->119343K(1163264K)
[2020-08-06T01:13:13.245-0300] GC(3166) Pause Young (Allocation Failure) 137M->118M(152M) 2.243ms
[2020-08-06T01:13:13.246-0300] GC(3166) User=0.01s Sys=0.00s Real=0.01s
[2020-08-06T01:13:26.232-0300] GC(3167) Pause Young (Allocation Failure)
[2020-08-06T01:13:26.235-0300] GC(3167) PSYoungGen: 20128K->561K(20992K)
[2020-08-06T01:13:26.235-0300] GC(3167) ParOldGen: 121166K->121214K(134656K)
[2020-08-06T01:13:26.235-0300] GC(3167) Metaspace: 119344K->119344K(1163264K)
[2020-08-06T01:13:26.235-0300] GC(3167) Pause Young (Allocation Failure) 137M->118M(152M) 2.352ms
[2020-08-06T01:13:26.235-0300] GC(3167) User=0.00s Sys=0.00s Real=0.01s
[2020-08-06T01:13:39.846-0300] GC(3168) Pause Young (Allocation Failure)
[2020-08-06T01:13:39.849-0300] GC(3168) PSYoungGen: 20529K->657K(20992K)
[2020-08-06T01:13:39.849-0300] GC(3168) ParOldGen: 121214K->121599K(134656K)
[2020-08-06T01:13:39.849-0300] GC(3168) Metaspace: 119344K->119344K(1163264K)
[2020-08-06T01:13:39.849-0300] GC(3168) Pause Young (Allocation Failure) 138M->119M(152M) 3.358ms
[2020-08-06T01:13:39.850-0300] GC(3168) User=0.00s Sys=0.00s Real=0.00s
[2020-08-06T01:13:46.033-0300] GC(3169) Pause Young (Allocation Failure)
[2020-08-06T01:13:46.036-0300] GC(3169) PSYoungGen: 20625K->512K(20992K)
[2020-08-06T01:13:46.036-0300] GC(3169) ParOldGen: 121599K->122152K(134656K)
[2020-08-06T01:13:46.036-0300] GC(3169) Metaspace: 119344K->119344K(1163264K)
[2020-08-06T01:13:46.036-0300] GC(3169) Pause Young (Allocation Failure) 138M->119M(152M) 3.083ms
[2020-08-06T01:13:46.036-0300] GC(3169) User=0.01s Sys=0.00s Real=0.01s
[2020-08-06T01:13:47.801-0300] GC(3170) Pause Young (Allocation Failure)
[2020-08-06T01:13:47.804-0300] GC(3170) PSYoungGen: 20480K->417K(20992K)
[2020-08-06T01:13:47.804-0300] GC(3170) ParOldGen: 122152K->122449K(134656K)
[2020-08-06T01:13:47.804-0300] GC(3170) Metaspace: 119344K->119344K(1163264K)
[2020-08-06T01:13:47.804-0300] GC(3170) Pause Young (Allocation Failure) 139M->119M(152M) 2.969ms
[2020-08-06T01:13:47.804-0300] GC(3170) User=0.00s Sys=0.00s Real=0.01s
[2020-08-06T01:13:49.308-0300] GC(3171) Pause Young (Allocation Failure)
[2020-08-06T01:13:49.310-0300] GC(3171) PSYoungGen: 20385K->416K(20992K)
[2020-08-06T01:13:49.310-0300] GC(3171) ParOldGen: 122449K->122730K(134656K)
[2020-08-06T01:13:49.310-0300] GC(3171) Metaspace: 119344K->119344K(1163264K)
[2020-08-06T01:13:49.311-0300] GC(3171) Pause Young (Allocation Failure) 139M->120M(152M) 2.915ms
[2020-08-06T01:13:49.311-0300] GC(3171) User=0.00s Sys=0.00s Real=0.00s
[2020-08-06T01:13:51.221-0300] GC(3172) Pause Young (Allocation Failure)
[2020-08-06T01:13:51.224-0300] GC(3172) PSYoungGen: 20384K->369K(20992K)
[2020-08-06T01:13:51.224-0300] GC(3172) ParOldGen: 122730K->123000K(134656K)
[2020-08-06T01:13:51.224-0300] GC(3172) Metaspace: 119344K->119344K(1163264K)
[2020-08-06T01:13:51.224-0300] GC(3172) Pause Young (Allocation Failure) 139M->120M(152M) 2.849ms
[2020-08-06T01:13:51.224-0300] GC(3172) User=0.00s Sys=0.00s Real=0.01s
[2020-08-06T01:13:52.613-0300] GC(3173) Pause Young (Allocation Failure)
[2020-08-06T01:13:52.615-0300] GC(3173) PSYoungGen: 20337K->336K(20992K)
[2020-08-06T01:13:52.615-0300] GC(3173) ParOldGen: 123000K->123257K(134656K)
[2020-08-06T01:13:52.615-0300] GC(3173) Metaspace: 119344K->119344K(1163264K)
[2020-08-06T01:13:52.615-0300] GC(3173) Pause Young (Allocation Failure) 139M->120M(152M) 2.844ms
[2020-08-06T01:13:52.615-0300] GC(3173) User=0.01s Sys=0.00s Real=0.01s
[2020-08-06T01:14:09.845-0300] GC(3174) Pause Young (Allocation Failure)
[2020-08-06T01:14:09.849-0300] GC(3174) PSYoungGen: 20304K->576K(20992K)
[2020-08-06T01:14:09.849-0300] GC(3174) ParOldGen: 123257K->123373K(134656K)
[2020-08-06T01:14:09.849-0300] GC(3174) Metaspace: 119344K->119344K(1163264K)
[2020-08-06T01:14:09.849-0300] GC(3174) Pause Young (Allocation Failure) 140M->121M(152M) 3.141ms
[2020-08-06T01:14:09.849-0300] GC(3174) User=0.01s Sys=0.00s Real=0.00s
[2020-08-06T01:14:34.849-0300] GC(3175) Pause Young (Allocation Failure)
[2020-08-06T01:14:34.852-0300] GC(3175) PSYoungGen: 20544K->480K(20992K)
[2020-08-06T01:14:34.852-0300] GC(3175) ParOldGen: 123373K->123849K(134656K)
[2020-08-06T01:14:34.852-0300] GC(3175) Metaspace: 119344K->119344K(1163264K)
[2020-08-06T01:14:34.852-0300] GC(3175) Pause Young (Allocation Failure) 140M->121M(152M) 3.131ms
[2020-08-06T01:14:34.852-0300] GC(3175) User=0.00s Sys=0.00s Real=0.00s
[2020-08-06T01:14:53.629-0300] GC(3176) Pause Young (Allocation Failure)
[2020-08-06T01:14:53.632-0300] GC(3176) PSYoungGen: 20448K->368K(20992K)
[2020-08-06T01:14:53.632-0300] GC(3176) ParOldGen: 123849K->124169K(134656K)
[2020-08-06T01:14:53.632-0300] GC(3176) Metaspace: 119344K->119344K(1163264K)
[2020-08-06T01:14:53.632-0300] GC(3176) Pause Young (Allocation Failure) 140M->121M(152M) 3.186ms
[2020-08-06T01:14:53.632-0300] GC(3176) User=0.00s Sys=0.00s Real=0.00s
[2020-08-06T01:15:19.846-0300] GC(3177) Pause Young (Allocation Failure)
[2020-08-06T01:15:19.849-0300] GC(3177) PSYoungGen: 20336K->576K(20992K)
[2020-08-06T01:15:19.849-0300] GC(3177) ParOldGen: 124169K->124377K(134656K)
[2020-08-06T01:15:19.849-0300] GC(3177) Metaspace: 119344K->119344K(1163264K)
[2020-08-06T01:15:19.849-0300] GC(3177) Pause Young (Allocation Failure) 141M->122M(152M) 2.677ms
[2020-08-06T01:15:19.849-0300] GC(3177) User=0.00s Sys=0.00s Real=0.00s
[2020-08-06T01:15:47.249-0300] GC(3178) Pause Young (Allocation Failure)
[2020-08-06T01:15:47.252-0300] GC(3178) PSYoungGen: 20544K->656K(20992K)
[2020-08-06T01:15:47.252-0300] GC(3178) ParOldGen: 124377K->124841K(134656K)
[2020-08-06T01:15:47.252-0300] GC(3178) Metaspace: 119344K->119344K(1163264K)
[2020-08-06T01:15:47.252-0300] GC(3178) Pause Young (Allocation Failure) 141M->122M(152M) 3.093ms
[2020-08-06T01:15:47.252-0300] GC(3178) User=0.00s Sys=0.00s Real=0.00s
[2020-08-06T01:16:04.245-0300] GC(3179) Pause Young (Allocation Failure)
[2020-08-06T01:16:04.247-0300] GC(3179) PSYoungGen: 20624K->480K(20992K)
[2020-08-06T01:16:04.247-0300] GC(3179) ParOldGen: 124841K->125297K(134656K)
[2020-08-06T01:16:04.247-0300] GC(3179) Metaspace: 119344K->119344K(1163264K)
[2020-08-06T01:16:04.247-0300] GC(3179) Pause Young (Allocation Failure) 142M->122M(152M) 2.515ms
[2020-08-06T01:16:04.247-0300] GC(3179) User=0.01s Sys=0.00s Real=0.00s
[2020-08-06T01:16:17.348-0300] GC(3180) Pause Young (Allocation Failure)
[2020-08-06T01:16:17.351-0300] GC(3180) PSYoungGen: 20448K->369K(20992K)
[2020-08-06T01:16:17.351-0300] GC(3180) ParOldGen: 125297K->125662K(134656K)
[2020-08-06T01:16:17.351-0300] GC(3180) Metaspace: 119344K->119344K(1163264K)
[2020-08-06T01:16:17.351-0300] GC(3180) Pause Young (Allocation Failure) 142M->123M(152M) 3.356ms
[2020-08-06T01:16:17.351-0300] GC(3180) User=0.01s Sys=0.00s Real=0.00s
[2020-08-06T01:16:26.258-0300] GC(3181) Pause Young (Allocation Failure)
[2020-08-06T01:16:26.261-0300] GC(3181) PSYoungGen: 20337K->480K(20992K)
[2020-08-06T01:16:26.261-0300] GC(3181) ParOldGen: 125662K->125923K(134656K)
[2020-08-06T01:16:26.261-0300] GC(3181) Metaspace: 119344K->119344K(1163264K)
[2020-08-06T01:16:26.261-0300] GC(3181) Pause Young (Allocation Failure) 142M->123M(152M) 2.797ms
[2020-08-06T01:16:26.261-0300] GC(3181) User=0.01s Sys=0.00s Real=0.00s
[2020-08-06T01:16:27.904-0300] GC(3182) Pause Young (Allocation Failure)
[2020-08-06T01:16:27.906-0300] GC(3182) PSYoungGen: 20448K->385K(20992K)
[2020-08-06T01:16:27.906-0300] GC(3182) ParOldGen: 125923K->126188K(134656K)
[2020-08-06T01:16:27.906-0300] GC(3182) Metaspace: 119344K->119344K(1163264K)
[2020-08-06T01:16:27.906-0300] GC(3182) Pause Young (Allocation Failure) 142M->123M(152M) 2.512ms
[2020-08-06T01:16:27.906-0300] GC(3182) User=0.01s Sys=0.00s Real=0.01s
[2020-08-06T01:16:29.456-0300] GC(3183) Pause Young (Allocation Failure)
[2020-08-06T01:16:29.459-0300] GC(3183) PSYoungGen: 20353K->352K(20992K)
[2020-08-06T01:16:29.459-0300] GC(3183) ParOldGen: 126188K->126422K(134656K)
[2020-08-06T01:16:29.459-0300] GC(3183) Metaspace: 119344K->119344K(1163264K)
[2020-08-06T01:16:29.459-0300] GC(3183) Pause Young (Allocation Failure) 143M->123M(152M) 3.022ms
[2020-08-06T01:16:29.459-0300] GC(3183) User=0.01s Sys=0.00s Real=0.00s
[2020-08-06T01:16:31.285-0300] GC(3184) Pause Young (Allocation Failure)
[2020-08-06T01:16:31.287-0300] GC(3184) PSYoungGen: 20320K->352K(20992K)
[2020-08-06T01:16:31.288-0300] GC(3184) ParOldGen: 126422K->126639K(134656K)
[2020-08-06T01:16:31.288-0300] GC(3184) Metaspace: 119344K->119344K(1163264K)
[2020-08-06T01:16:31.288-0300] GC(3184) Pause Young (Allocation Failure) 143M->124M(152M) 2.700ms
[2020-08-06T01:16:31.288-0300] GC(3184) User=0.00s Sys=0.00s Real=0.00s
[2020-08-06T01:16:32.847-0300] GC(3185) Pause Young (Allocation Failure)
[2020-08-06T01:16:32.849-0300] GC(3185) PSYoungGen: 20320K->288K(20992K)
[2020-08-06T01:16:32.849-0300] GC(3185) ParOldGen: 126639K->126876K(134656K)
[2020-08-06T01:16:32.849-0300] GC(3185) Metaspace: 119344K->119344K(1163264K)
[2020-08-06T01:16:32.849-0300] GC(3185) Pause Young (Allocation Failure) 143M->124M(152M) 2.633ms
[2020-08-06T01:16:32.849-0300] GC(3185) User=0.00s Sys=0.00s Real=0.00s
[2020-08-06T01:16:43.099-0300] GC(3186) Pause Young (Allocation Failure)
[2020-08-06T01:16:43.104-0300] GC(3186) PSYoungGen: 20256K->160K(20992K)
[2020-08-06T01:16:43.104-0300] GC(3186) ParOldGen: 126876K->126944K(134656K)
[2020-08-06T01:16:43.104-0300] GC(3186) Metaspace: 119344K->119344K(1163264K)
[2020-08-06T01:16:43.104-0300] GC(3186) Pause Young (Allocation Failure) 143M->124M(152M) 5.178ms
[2020-08-06T01:16:43.104-0300] GC(3186) User=0.01s Sys=0.00s Real=0.01s
[2020-08-06T01:17:09.849-0300] GC(3187) Pause Young (Allocation Failure)
[2020-08-06T01:17:09.851-0300] GC(3187) PSYoungGen: 20128K->160K(20992K)
[2020-08-06T01:17:09.851-0300] GC(3187) ParOldGen: 126944K->127016K(134656K)
[2020-08-06T01:17:09.851-0300] GC(3187) Metaspace: 119344K->119344K(1163264K)
[2020-08-06T01:17:09.851-0300] GC(3187) Pause Young (Allocation Failure) 143M->124M(152M) 2.408ms
[2020-08-06T01:17:09.851-0300] GC(3187) User=0.00s Sys=0.00s Real=0.00s
[2020-08-06T01:17:33.605-0300] GC(3188) Pause Young (Allocation Failure)
[2020-08-06T01:17:33.609-0300] GC(3188) PSYoungGen: 20128K->352K(20992K)
[2020-08-06T01:17:33.609-0300] GC(3188) ParOldGen: 127016K->127056K(134656K)
[2020-08-06T01:17:33.609-0300] GC(3188) Metaspace: 119344K->119344K(1163264K)
[2020-08-06T01:17:33.609-0300] GC(3188) Pause Young (Allocation Failure) 143M->124M(152M) 3.431ms
[2020-08-06T01:17:33.609-0300] GC(3188) User=0.00s Sys=0.00s Real=0.00s
[2020-08-06T01:17:52.258-0300] GC(3189) Pause Young (Allocation Failure)
[2020-08-06T01:17:52.260-0300] GC(3189) PSYoungGen: 20320K->224K(20992K)
[2020-08-06T01:17:52.261-0300] GC(3189) ParOldGen: 127056K->127104K(134656K)
[2020-08-06T01:17:52.261-0300] GC(3189) Metaspace: 119344K->119344K(1163264K)
[2020-08-06T01:17:52.261-0300] GC(3189) Pause Young (Allocation Failure) 143M->124M(152M) 3.022ms
[2020-08-06T01:17:52.261-0300] GC(3189) User=0.00s Sys=0.00s Real=0.00s
[2020-08-06T01:18:19.847-0300] GC(3190) Pause Young (Allocation Failure)
[2020-08-06T01:18:19.850-0300] GC(3190) PSYoungGen: 20192K->192K(20992K)
[2020-08-06T01:18:19.850-0300] GC(3190) ParOldGen: 127104K->127152K(134656K)
[2020-08-06T01:18:19.850-0300] GC(3190) Metaspace: 119344K->119344K(1163264K)
[2020-08-06T01:18:19.850-0300] GC(3190) Pause Young (Allocation Failure) 143M->124M(152M) 2.347ms
[2020-08-06T01:18:19.850-0300] GC(3190) User=0.01s Sys=0.00s Real=0.00s
[2020-08-06T01:18:36.255-0300] GC(3191) Pause Young (Allocation Failure)
[2020-08-06T01:18:36.258-0300] GC(3191) PSYoungGen: 20160K->688K(20992K)
[2020-08-06T01:18:36.258-0300] GC(3191) ParOldGen: 127152K->127224K(134656K)
[2020-08-06T01:18:36.258-0300] GC(3191) Metaspace: 119344K->119344K(1163264K)
[2020-08-06T01:18:36.258-0300] GC(3191) Pause Young (Allocation Failure) 143M->124M(152M) 2.468ms
[2020-08-06T01:18:36.258-0300] GC(3191) User=0.01s Sys=0.00s Real=0.00s
[2020-08-06T01:19:04.846-0300] GC(3192) Pause Young (Allocation Failure)
[2020-08-06T01:19:04.848-0300] GC(3192) PSYoungGen: 20656K->800K(20992K)
[2020-08-06T01:19:04.848-0300] GC(3192) ParOldGen: 127224K->127712K(134656K)
[2020-08-06T01:19:04.848-0300] GC(3192) Metaspace: 119344K->119344K(1163264K)
[2020-08-06T01:19:04.848-0300] GC(3192) Pause Young (Allocation Failure) 144M->125M(152M) 2.298ms
[2020-08-06T01:19:04.848-0300] GC(3192) User=0.01s Sys=0.00s Real=0.00s
[2020-08-06T01:19:31.254-0300] GC(3193) Pause Young (Allocation Failure)
[2020-08-06T01:19:31.257-0300] GC(3193) PSYoungGen: 20768K->544K(20992K)
[2020-08-06T01:19:31.257-0300] GC(3193) ParOldGen: 127712K->128400K(134656K)
[2020-08-06T01:19:31.257-0300] GC(3193) Metaspace: 119344K->119344K(1163264K)
[2020-08-06T01:19:31.257-0300] GC(3193) Pause Young (Allocation Failure) 145M->125M(152M) 3.400ms
[2020-08-06T01:19:31.257-0300] GC(3193) User=0.01s Sys=0.00s Real=0.00s
[2020-08-06T01:19:49.277-0300] GC(3194) Pause Young (Allocation Failure)
[2020-08-06T01:19:49.280-0300] GC(3194) PSYoungGen: 20512K->384K(20992K)
[2020-08-06T01:19:49.280-0300] GC(3194) ParOldGen: 128400K->128792K(134656K)
[2020-08-06T01:19:49.280-0300] GC(3194) Metaspace: 119344K->119344K(1163264K)
[2020-08-06T01:19:49.280-0300] GC(3194) Pause Young (Allocation Failure) 145M->126M(152M) 3.342ms
[2020-08-06T01:19:49.281-0300] GC(3194) User=0.00s Sys=0.00s Real=0.00s
[2020-08-06T01:20:16.255-0300] GC(3195) Pause Young (Allocation Failure)
[2020-08-06T01:20:16.260-0300] GC(3195) PSYoungGen: 20352K->544K(20992K)
[2020-08-06T01:20:16.260-0300] GC(3195) ParOldGen: 128792K->129057K(134656K)
[2020-08-06T01:20:16.260-0300] GC(3195) Metaspace: 119344K->119344K(1163264K)
[2020-08-06T01:20:16.260-0300] GC(3195) Pause Young (Allocation Failure) 145M->126M(152M) 4.782ms
[2020-08-06T01:20:16.260-0300] GC(3195) User=0.01s Sys=0.00s Real=0.00s
[2020-08-06T01:20:38.653-0300] GC(3196) Pause Young (Allocation Failure)
[2020-08-06T01:20:38.656-0300] GC(3196) PSYoungGen: 20512K->496K(20992K)
[2020-08-06T01:20:38.656-0300] GC(3196) ParOldGen: 129057K->129513K(134656K)
[2020-08-06T01:20:38.656-0300] GC(3196) Metaspace: 119344K->119344K(1163264K)
[2020-08-06T01:20:38.656-0300] GC(3196) Pause Young (Allocation Failure) 146M->126M(152M) 2.729ms
[2020-08-06T01:20:38.656-0300] GC(3196) User=0.00s Sys=0.00s Real=0.01s
[2020-08-06T01:20:51.383-0300] GC(3197) Pause Young (Allocation Failure)
[2020-08-06T01:20:51.387-0300] GC(3197) PSYoungGen: 20464K->416K(20992K)
[2020-08-06T01:20:51.387-0300] GC(3197) ParOldGen: 129513K->129921K(134656K)
[2020-08-06T01:20:51.387-0300] GC(3197) Metaspace: 119344K->119344K(1163264K)
[2020-08-06T01:20:51.387-0300] GC(3197) Pause Young (Allocation Failure) 146M->127M(152M) 3.223ms
[2020-08-06T01:20:51.387-0300] GC(3197) User=0.01s Sys=0.00s Real=0.01s
[2020-08-06T01:21:07.239-0300] GC(3198) Pause Young (Allocation Failure)
[2020-08-06T01:21:07.243-0300] GC(3198) PSYoungGen: 20384K->608K(20992K)
[2020-08-06T01:21:07.243-0300] GC(3198) ParOldGen: 129921K->130222K(134656K)
[2020-08-06T01:21:07.244-0300] GC(3198) Metaspace: 119344K->119344K(1163264K)
[2020-08-06T01:21:07.244-0300] GC(3198) Pause Young (Allocation Failure) 146M->127M(152M) 4.543ms
[2020-08-06T01:21:07.244-0300] GC(3198) User=0.00s Sys=0.00s Real=0.00s
[2020-08-06T01:21:19.849-0300] GC(3199) Pause Young (Allocation Failure)
[2020-08-06T01:21:19.852-0300] GC(3199) PSYoungGen: 20576K->416K(20992K)
[2020-08-06T01:21:19.852-0300] GC(3199) ParOldGen: 130222K->130730K(134656K)
[2020-08-06T01:21:19.852-0300] GC(3199) Metaspace: 119344K->119344K(1163264K)
[2020-08-06T01:21:19.852-0300] GC(3199) Pause Young (Allocation Failure) 147M->128M(152M) 2.668ms
[2020-08-06T01:21:19.852-0300] GC(3199) User=0.00s Sys=0.00s Real=0.00s
[2020-08-06T01:21:33.736-0300] GC(3200) Pause Young (Allocation Failure)
[2020-08-06T01:21:33.739-0300] GC(3200) PSYoungGen: 20384K->369K(20992K)
[2020-08-06T01:21:33.739-0300] GC(3200) ParOldGen: 130730K->130992K(134656K)
[2020-08-06T01:21:33.739-0300] GC(3200) Metaspace: 119344K->119344K(1163264K)
[2020-08-06T01:21:33.739-0300] GC(3200) Pause Young (Allocation Failure) 147M->128M(152M) 3.053ms
[2020-08-06T01:21:33.740-0300] GC(3200) User=0.01s Sys=0.00s Real=0.00s
[2020-08-06T01:21:49.521-0300] GC(3201) Pause Young (Allocation Failure)
[2020-08-06T01:21:49.524-0300] GC(3201) PSYoungGen: 20337K->272K(20992K)
[2020-08-06T01:21:49.524-0300] GC(3201) ParOldGen: 130992K->131233K(134656K)
[2020-08-06T01:21:49.524-0300] GC(3201) Metaspace: 119344K->119344K(1163264K)
[2020-08-06T01:21:49.524-0300] GC(3201) Pause Young (Allocation Failure) 147M->128M(152M) 3.454ms
[2020-08-06T01:21:49.524-0300] GC(3201) User=0.00s Sys=0.01s Real=0.01s
[2020-08-06T01:22:04.253-0300] GC(3202) Pause Young (Allocation Failure)
[2020-08-06T01:22:04.255-0300] GC(3202) PSYoungGen: 20240K->352K(20992K)
[2020-08-06T01:22:04.255-0300] GC(3202) ParOldGen: 131233K->131385K(134656K)
[2020-08-06T01:22:04.255-0300] GC(3202) Metaspace: 119344K->119344K(1163264K)
[2020-08-06T01:22:04.256-0300] GC(3202) Pause Young (Allocation Failure) 147M->128M(152M) 2.879ms
[2020-08-06T01:22:04.256-0300] GC(3202) User=0.00s Sys=0.00s Real=0.01s
[2020-08-06T01:22:11.612-0300] GC(3203) Pause Young (Allocation Failure)
[2020-08-06T01:22:11.615-0300] GC(3203) PSYoungGen: 20316K->336K(20992K)
[2020-08-06T01:22:11.615-0300] GC(3203) ParOldGen: 131385K->131574K(134656K)
[2020-08-06T01:22:11.615-0300] GC(3203) Metaspace: 119344K->119344K(1163264K)
[2020-08-06T01:22:11.615-0300] GC(3203) Pause Young (Allocation Failure) 148M->128M(152M) 3.016ms
[2020-08-06T01:22:11.615-0300] GC(3203) User=0.01s Sys=0.00s Real=0.01s
[2020-08-06T01:22:12.974-0300] GC(3204) Pause Young (Allocation Failure)
[2020-08-06T01:22:12.977-0300] GC(3204) PSYoungGen: 20304K->352K(20992K)
[2020-08-06T01:22:12.977-0300] GC(3204) ParOldGen: 131574K->131759K(134656K)
[2020-08-06T01:22:12.977-0300] GC(3204) Metaspace: 119344K->119344K(1163264K)
[2020-08-06T01:22:12.977-0300] GC(3204) Pause Young (Allocation Failure) 148M->129M(152M) 3.145ms
[2020-08-06T01:22:12.977-0300] GC(3204) User=0.01s Sys=0.00s Real=0.00s
[2020-08-06T01:22:34.846-0300] GC(3205) Pause Young (Allocation Failure)
[2020-08-06T01:22:34.850-0300] GC(3205) PSYoungGen: 20320K->320K(20992K)
[2020-08-06T01:22:34.850-0300] GC(3205) ParOldGen: 131759K->131852K(134656K)
[2020-08-06T01:22:34.850-0300] GC(3205) Metaspace: 119344K->119344K(1163264K)
[2020-08-06T01:22:34.850-0300] GC(3205) Pause Young (Allocation Failure) 148M->129M(152M) 3.616ms
[2020-08-06T01:22:34.850-0300] GC(3205) User=0.00s Sys=0.00s Real=0.00s
[2020-08-06T01:23:03.251-0300] GC(3206) Pause Young (Allocation Failure)
[2020-08-06T01:23:03.253-0300] GC(3206) PSYoungGen: 20288K->192K(20992K)
[2020-08-06T01:23:03.253-0300] GC(3206) ParOldGen: 131852K->131908K(134656K)
[2020-08-06T01:23:03.253-0300] GC(3206) Metaspace: 119344K->119344K(1163264K)
[2020-08-06T01:23:03.253-0300] GC(3206) Pause Young (Allocation Failure) 148M->129M(152M) 2.300ms
[2020-08-06T01:23:03.253-0300] GC(3206) User=0.01s Sys=0.00s Real=0.00s
[2020-08-06T01:23:19.847-0300] GC(3207) Pause Young (Allocation Failure)
[2020-08-06T01:23:19.851-0300] GC(3207) PSYoungGen: 20160K->272K(20992K)
[2020-08-06T01:23:19.851-0300] GC(3207) ParOldGen: 131908K->131932K(134656K)
[2020-08-06T01:23:19.851-0300] GC(3207) Metaspace: 119344K->119344K(1163264K)
[2020-08-06T01:23:19.851-0300] GC(3207) Pause Young (Allocation Failure) 148M->129M(152M) 3.284ms
[2020-08-06T01:23:19.851-0300] GC(3207) User=0.00s Sys=0.00s Real=0.00s
[2020-08-06T01:23:34.188-0300] GC(3208) Pause Young (Allocation Failure)
[2020-08-06T01:23:34.191-0300] GC(3208) PSYoungGen: 20240K->752K(20992K)
[2020-08-06T01:23:34.191-0300] GC(3208) ParOldGen: 131932K->132104K(134656K)
[2020-08-06T01:23:34.191-0300] GC(3208) Metaspace: 119344K->119344K(1163264K)
[2020-08-06T01:23:34.191-0300] GC(3208) Pause Young (Allocation Failure) 148M->129M(152M) 3.624ms
[2020-08-06T01:23:34.191-0300] GC(3208) User=0.01s Sys=0.00s Real=0.00s
[2020-08-06T01:23:45.249-0300] GC(3209) Pause Young (Allocation Failure)
[2020-08-06T01:23:45.252-0300] GC(3209) PSYoungGen: 20715K->689K(20992K)
[2020-08-06T01:23:45.252-0300] GC(3209) ParOldGen: 132104K->132749K(134656K)
[2020-08-06T01:23:45.252-0300] GC(3209) Metaspace: 119344K->119344K(1163264K)
[2020-08-06T01:23:45.252-0300] GC(3209) Pause Young (Allocation Failure) 149M->130M(152M) 3.297ms
[2020-08-06T01:23:45.252-0300] GC(3209) User=0.01s Sys=0.00s Real=0.00s
[2020-08-06T01:23:46.838-0300] GC(3210) Pause Young (Allocation Failure)
[2020-08-06T01:23:46.842-0300] GC(3210) PSYoungGen: 20657K->336K(20992K)
[2020-08-06T01:23:46.842-0300] GC(3210) ParOldGen: 132749K->133234K(134656K)
[2020-08-06T01:23:46.842-0300] GC(3210) Metaspace: 119344K->119344K(1163264K)
[2020-08-06T01:23:46.842-0300] GC(3210) Pause Young (Allocation Failure) 149M->130M(152M) 3.784ms
[2020-08-06T01:23:46.842-0300] GC(3210) User=0.00s Sys=0.00s Real=0.00s
[2020-08-06T01:23:48.619-0300] GC(3211) Pause Young (Allocation Failure)
[2020-08-06T01:23:48.622-0300] GC(3211) PSYoungGen: 20301K->448K(20992K)
[2020-08-06T01:23:48.622-0300] GC(3211) ParOldGen: 133234K->133439K(134656K)
[2020-08-06T01:23:48.622-0300] GC(3211) Metaspace: 119344K->119344K(1163264K)
[2020-08-06T01:23:48.622-0300] GC(3211) Pause Young (Allocation Failure) 149M->130M(152M) 3.269ms
[2020-08-06T01:23:48.622-0300] GC(3211) User=0.00s Sys=0.00s Real=0.00s
[2020-08-06T01:23:50.206-0300] GC(3212) Pause Young (Allocation Failure)
[2020-08-06T01:23:50.209-0300] GC(3212) PSYoungGen: 20403K->369K(20992K)
[2020-08-06T01:23:50.209-0300] GC(3212) ParOldGen: 133439K->133744K(134656K)
[2020-08-06T01:23:50.209-0300] GC(3212) Metaspace: 119344K->119344K(1163264K)
[2020-08-06T01:23:50.209-0300] GC(3212) Pause Young (Allocation Failure) 150M->130M(152M) 3.121ms
[2020-08-06T01:23:50.209-0300] GC(3212) User=0.00s Sys=0.00s Real=0.00s
[2020-08-06T01:23:51.920-0300] GC(3213) Pause Young (Allocation Failure)
[2020-08-06T01:23:51.923-0300] GC(3213) PSYoungGen: 20337K->369K(20992K)
[2020-08-06T01:23:51.923-0300] GC(3213) ParOldGen: 133744K->133993K(134656K)
[2020-08-06T01:23:51.923-0300] GC(3213) Metaspace: 119344K->119344K(1163264K)
[2020-08-06T01:23:51.923-0300] GC(3213) Pause Young (Allocation Failure) 150M->131M(152M) 3.407ms
[2020-08-06T01:23:51.924-0300] GC(3213) User=0.01s Sys=0.00s Real=0.00s
[2020-08-06T01:23:54.849-0300] GC(3214) Pause Young (Allocation Failure)
[2020-08-06T01:23:54.852-0300] GC(3214) PSYoungGen: 20337K->401K(20992K)
[2020-08-06T01:23:54.852-0300] GC(3214) ParOldGen: 133993K->134089K(134656K)
[2020-08-06T01:23:54.852-0300] GC(3214) Metaspace: 119344K->119344K(1163264K)
[2020-08-06T01:23:54.852-0300] GC(3214) Pause Young (Allocation Failure) 150M->131M(152M) 2.911ms
[2020-08-06T01:23:54.852-0300] GC(3214) User=0.00s Sys=0.00s Real=0.00s
[2020-08-06T01:23:54.852-0300] GC(3215) Pause Full (Ergonomics)
[2020-08-06T01:23:54.852-0300] GC(3215) Marking Phase
[2020-08-06T01:23:54.929-0300] GC(3215) Marking Phase 76.713ms
[2020-08-06T01:23:54.929-0300] GC(3215) Summary Phase
[2020-08-06T01:23:54.929-0300] GC(3215) Summary Phase 0.014ms
[2020-08-06T01:23:54.929-0300] GC(3215) Adjust Roots
[2020-08-06T01:23:54.958-0300] GC(3215) Adjust Roots 29.505ms
[2020-08-06T01:23:54.958-0300] GC(3215) Compaction Phase
[2020-08-06T01:23:54.991-0300] GC(3215) Compaction Phase 32.621ms
[2020-08-06T01:23:54.991-0300] GC(3215) Post Compact
[2020-08-06T01:23:54.992-0300] GC(3215) Post Compact 0.676ms
[2020-08-06T01:23:54.992-0300] GC(3215) PSYoungGen: 401K->0K(20992K)
[2020-08-06T01:23:54.992-0300] GC(3215) ParOldGen: 134089K->103990K(134144K)
[2020-08-06T01:23:54.992-0300] GC(3215) Metaspace: 119344K->119344K(1163264K)
[2020-08-06T01:23:54.992-0300] GC(3215) Pause Full (Ergonomics) 131M->101M(151M) 139.845ms
[2020-08-06T01:23:54.992-0300] GC(3215) User=0.38s Sys=0.00s Real=0.14s
[2020-08-06T01:24:20.249-0300] GC(3216) Pause Young (Allocation Failure)
[2020-08-06T01:24:20.252-0300] GC(3216) PSYoungGen: 19968K->784K(20992K)
[2020-08-06T01:24:20.252-0300] GC(3216) ParOldGen: 103990K->103990K(134144K)
[2020-08-06T01:24:20.252-0300] GC(3216) Metaspace: 119344K->119344K(1163264K)
[2020-08-06T01:24:20.252-0300] GC(3216) Pause Young (Allocation Failure) 121M->102M(151M) 3.185ms
[2020-08-06T01:24:20.252-0300] GC(3216) User=0.00s Sys=0.00s Real=0.00s
[2020-08-06T01:24:49.759-0300] GC(3217) Pause Young (Allocation Failure)
[2020-08-06T01:24:49.762-0300] GC(3217) PSYoungGen: 20752K->416K(20992K)
[2020-08-06T01:24:49.762-0300] GC(3217) ParOldGen: 103990K->104622K(134144K)
[2020-08-06T01:24:49.762-0300] GC(3217) Metaspace: 119344K->119344K(1163264K)
[2020-08-06T01:24:49.762-0300] GC(3217) Pause Young (Allocation Failure) 121M->102M(151M) 3.298ms
[2020-08-06T01:24:49.762-0300] GC(3217) User=0.00s Sys=0.00s Real=0.00s
[2020-08-06T01:25:03.655-0300] GC(3218) Pause Young (Allocation Failure)
[2020-08-06T01:25:03.657-0300] GC(3218) PSYoungGen: 20384K->384K(20992K)
[2020-08-06T01:25:03.658-0300] GC(3218) ParOldGen: 104622K->104918K(134144K)
[2020-08-06T01:25:03.658-0300] GC(3218) Metaspace: 119344K->119344K(1163264K)
[2020-08-06T01:25:03.658-0300] GC(3218) Pause Young (Allocation Failure) 122M->102M(151M) 2.575ms
[2020-08-06T01:25:03.658-0300] GC(3218) User=0.00s Sys=0.00s Real=0.00s
[2020-08-06T01:25:18.750-0300] GC(3219) Pause Young (Allocation Failure)
[2020-08-06T01:25:18.753-0300] GC(3219) PSYoungGen: 20352K->608K(20992K)
[2020-08-06T01:25:18.753-0300] GC(3219) ParOldGen: 104918K->105187K(134144K)
[2020-08-06T01:25:18.753-0300] GC(3219) Metaspace: 119344K->119344K(1163264K)
[2020-08-06T01:25:18.753-0300] GC(3219) Pause Young (Allocation Failure) 122M->103M(151M) 2.669ms
[2020-08-06T01:25:18.753-0300] GC(3219) User=0.01s Sys=0.00s Real=0.00s
[2020-08-06T01:25:30.247-0300] GC(3220) Pause Young (Allocation Failure)
[2020-08-06T01:25:30.251-0300] GC(3220) PSYoungGen: 20576K->480K(20992K)
[2020-08-06T01:25:30.251-0300] GC(3220) ParOldGen: 105187K->105688K(134144K)
[2020-08-06T01:25:30.251-0300] GC(3220) Metaspace: 119344K->119344K(1163264K)
[2020-08-06T01:25:30.251-0300] GC(3220) Pause Young (Allocation Failure) 122M->103M(151M) 3.482ms
[2020-08-06T01:25:30.251-0300] GC(3220) User=0.01s Sys=0.00s Real=0.00s
[2020-08-06T01:25:45.688-0300] GC(3221) Pause Young (Allocation Failure)
[2020-08-06T01:25:45.691-0300] GC(3221) PSYoungGen: 20448K->528K(20992K)
[2020-08-06T01:25:45.691-0300] GC(3221) ParOldGen: 105688K->106005K(134144K)
[2020-08-06T01:25:45.691-0300] GC(3221) Metaspace: 119344K->119344K(1163264K)
[2020-08-06T01:25:45.691-0300] GC(3221) Pause Young (Allocation Failure) 123M->104M(151M) 2.510ms
[2020-08-06T01:25:45.691-0300] GC(3221) User=0.01s Sys=0.00s Real=0.00s
[2020-08-06T01:25:56.600-0300] GC(3222) Pause Young (Allocation Failure)
[2020-08-06T01:25:56.603-0300] GC(3222) PSYoungGen: 20496K->464K(20992K)
[2020-08-06T01:25:56.603-0300] GC(3222) ParOldGen: 106005K->106418K(134144K)
[2020-08-06T01:25:56.603-0300] GC(3222) Metaspace: 119344K->119344K(1163264K)
[2020-08-06T01:25:56.604-0300] GC(3222) Pause Young (Allocation Failure) 123M->104M(151M) 3.453ms
[2020-08-06T01:25:56.604-0300] GC(3222) User=0.01s Sys=0.00s Real=0.00s
[2020-08-06T01:25:57.924-0300] GC(3223) Pause Young (Allocation Failure)
[2020-08-06T01:25:57.927-0300] GC(3223) PSYoungGen: 20432K->576K(20992K)
[2020-08-06T01:25:57.927-0300] GC(3223) ParOldGen: 106418K->106743K(134144K)
[2020-08-06T01:25:57.927-0300] GC(3223) Metaspace: 119344K->119344K(1163264K)
[2020-08-06T01:25:57.927-0300] GC(3223) Pause Young (Allocation Failure) 123M->104M(151M) 2.986ms
[2020-08-06T01:25:57.927-0300] GC(3223) User=0.01s Sys=0.00s Real=0.00s
[2020-08-06T01:25:59.439-0300] GC(3224) Pause Young (Allocation Failure)
[2020-08-06T01:25:59.441-0300] GC(3224) PSYoungGen: 20544K->353K(20992K)
[2020-08-06T01:25:59.441-0300] GC(3224) ParOldGen: 106743K->107104K(134144K)
[2020-08-06T01:25:59.441-0300] GC(3224) Metaspace: 119344K->119344K(1163264K)
[2020-08-06T01:25:59.441-0300] GC(3224) Pause Young (Allocation Failure) 124M->104M(151M) 2.711ms
[2020-08-06T01:25:59.441-0300] GC(3224) User=0.00s Sys=0.00s Real=0.00s
[2020-08-06T01:26:00.488-0300] GC(3225) Pause Young (Allocation Failure)
[2020-08-06T01:26:00.492-0300] GC(3225) PSYoungGen: 20321K->304K(20992K)
[2020-08-06T01:26:00.492-0300] GC(3225) ParOldGen: 107104K->107337K(134144K)
[2020-08-06T01:26:00.492-0300] GC(3225) Metaspace: 119344K->119344K(1163264K)
[2020-08-06T01:26:00.492-0300] GC(3225) Pause Young (Allocation Failure) 124M->105M(151M) 3.310ms
[2020-08-06T01:26:00.492-0300] GC(3225) User=0.00s Sys=0.00s Real=0.00s
[2020-08-06T01:26:26.247-0300] GC(3226) Pause Young (Allocation Failure)
[2020-08-06T01:26:26.249-0300] GC(3226) PSYoungGen: 20272K->416K(20992K)
[2020-08-06T01:26:26.249-0300] GC(3226) ParOldGen: 107337K->107417K(134144K)
[2020-08-06T01:26:26.249-0300] GC(3226) Metaspace: 119344K->119344K(1163264K)
[2020-08-06T01:26:26.249-0300] GC(3226) Pause Young (Allocation Failure) 124M->105M(151M) 2.613ms
[2020-08-06T01:26:26.249-0300] GC(3226) User=0.01s Sys=0.00s Real=0.00s
[2020-08-06T01:26:54.846-0300] GC(3227) Pause Young (Allocation Failure)
[2020-08-06T01:26:54.849-0300] GC(3227) PSYoungGen: 20384K->96K(20992K)
[2020-08-06T01:26:54.849-0300] GC(3227) ParOldGen: 107417K->107697K(134144K)
[2020-08-06T01:26:54.849-0300] GC(3227) Metaspace: 119344K->119344K(1163264K)
[2020-08-06T01:26:54.849-0300] GC(3227) Pause Young (Allocation Failure) 124M->105M(151M) 2.895ms
[2020-08-06T01:26:54.849-0300] GC(3227) User=0.00s Sys=0.00s Real=0.00s
[2020-08-06T01:27:11.047-0300] GC(3228) Pause Young (Allocation Failure)
[2020-08-06T01:27:11.050-0300] GC(3228) PSYoungGen: 20064K->272K(20992K)
[2020-08-06T01:27:11.050-0300] GC(3228) ParOldGen: 107697K->107753K(134144K)
[2020-08-06T01:27:11.050-0300] GC(3228) Metaspace: 119344K->119344K(1163264K)
[2020-08-06T01:27:11.050-0300] GC(3228) Pause Young (Allocation Failure) 124M->105M(151M) 2.803ms
[2020-08-06T01:27:11.050-0300] GC(3228) User=0.01s Sys=0.00s Real=0.00s
[2020-08-06T01:27:22.245-0300] GC(3229) Pause Young (Allocation Failure)
[2020-08-06T01:27:22.249-0300] GC(3229) PSYoungGen: 20240K->560K(20992K)
[2020-08-06T01:27:22.249-0300] GC(3229) ParOldGen: 107753K->107902K(134144K)
[2020-08-06T01:27:22.249-0300] GC(3229) Metaspace: 119344K->119344K(1163264K)
[2020-08-06T01:27:22.249-0300] GC(3229) Pause Young (Allocation Failure) 124M->105M(151M) 4.662ms
[2020-08-06T01:27:22.249-0300] GC(3229) User=0.01s Sys=0.00s Real=0.00s
[2020-08-06T01:27:37.225-0300] GC(3230) Pause Young (Allocation Failure)
[2020-08-06T01:27:37.228-0300] GC(3230) PSYoungGen: 20528K->208K(20992K)
[2020-08-06T01:27:37.228-0300] GC(3230) ParOldGen: 107902K->108095K(134144K)
[2020-08-06T01:27:37.228-0300] GC(3230) Metaspace: 119344K->119344K(1163264K)
[2020-08-06T01:27:37.228-0300] GC(3230) Pause Young (Allocation Failure) 125M->105M(151M) 3.474ms
[2020-08-06T01:27:37.229-0300] GC(3230) User=0.00s Sys=0.00s Real=0.00s
[2020-08-06T01:27:52.967-0300] GC(3231) Pause Young (Allocation Failure)
[2020-08-06T01:27:52.970-0300] GC(3231) PSYoungGen: 20176K->336K(20992K)
[2020-08-06T01:27:52.970-0300] GC(3231) ParOldGen: 108095K->108248K(134144K)
[2020-08-06T01:27:52.970-0300] GC(3231) Metaspace: 119344K->119344K(1163264K)
[2020-08-06T01:27:52.970-0300] GC(3231) Pause Young (Allocation Failure) 125M->106M(151M) 3.059ms
[2020-08-06T01:27:52.970-0300] GC(3231) User=0.01s Sys=0.00s Real=0.00s
[2020-08-06T01:28:06.244-0300] GC(3232) Pause Young (Allocation Failure)
[2020-08-06T01:28:06.247-0300] GC(3232) PSYoungGen: 20304K->416K(20992K)
[2020-08-06T01:28:06.247-0300] GC(3232) ParOldGen: 108248K->108433K(134144K)
[2020-08-06T01:28:06.247-0300] GC(3232) Metaspace: 119344K->119344K(1163264K)
[2020-08-06T01:28:06.247-0300] GC(3232) Pause Young (Allocation Failure) 125M->106M(151M) 3.677ms
[2020-08-06T01:28:06.247-0300] GC(3232) User=0.01s Sys=0.00s Real=0.01s
[2020-08-06T01:28:19.846-0300] GC(3233) Pause Young (Allocation Failure)
[2020-08-06T01:28:19.849-0300] GC(3233) PSYoungGen: 20384K->304K(20992K)
[2020-08-06T01:28:19.849-0300] GC(3233) ParOldGen: 108433K->108614K(134144K)
[2020-08-06T01:28:19.849-0300] GC(3233) Metaspace: 119344K->119344K(1163264K)
[2020-08-06T01:28:19.849-0300] GC(3233) Pause Young (Allocation Failure) 125M->106M(151M) 3.105ms
[2020-08-06T01:28:19.849-0300] GC(3233) User=0.00s Sys=0.00s Real=0.00s
[2020-08-06T01:28:34.964-0300] GC(3234) Pause Young (Allocation Failure)
[2020-08-06T01:28:34.969-0300] GC(3234) PSYoungGen: 20272K->560K(20992K)
[2020-08-06T01:28:34.969-0300] GC(3234) ParOldGen: 108614K->108831K(134144K)
[2020-08-06T01:28:34.969-0300] GC(3234) Metaspace: 119344K->119344K(1163264K)
[2020-08-06T01:28:34.969-0300] GC(3234) Pause Young (Allocation Failure) 125M->106M(151M) 5.318ms
[2020-08-06T01:28:34.969-0300] GC(3234) User=0.01s Sys=0.00s Real=0.01s
[2020-08-06T01:28:49.846-0300] GC(3235) Pause Young (Allocation Failure)
[2020-08-06T01:28:49.848-0300] GC(3235) PSYoungGen: 20528K->704K(20992K)
[2020-08-06T01:28:49.848-0300] GC(3235) ParOldGen: 108831K->109332K(134144K)
[2020-08-06T01:28:49.848-0300] GC(3235) Metaspace: 119344K->119344K(1163264K)
[2020-08-06T01:28:49.848-0300] GC(3235) Pause Young (Allocation Failure) 126M->107M(151M) 2.661ms
[2020-08-06T01:28:49.848-0300] GC(3235) User=0.01s Sys=0.00s Real=0.00s
[2020-08-06T01:28:57.243-0300] GC(3236) Pause Young (Allocation Failure)
[2020-08-06T01:28:57.246-0300] GC(3236) PSYoungGen: 20672K->624K(20992K)
[2020-08-06T01:28:57.246-0300] GC(3236) ParOldGen: 109332K->109913K(134144K)
[2020-08-06T01:28:57.246-0300] GC(3236) Metaspace: 119344K->119344K(1163264K)
[2020-08-06T01:28:57.246-0300] GC(3236) Pause Young (Allocation Failure) 126M->107M(151M) 2.713ms
[2020-08-06T01:28:57.246-0300] GC(3236) User=0.01s Sys=0.00s Real=0.01s
[2020-08-06T01:29:12.094-0300] GC(3237) Pause Young (Allocation Failure)
[2020-08-06T01:29:12.097-0300] GC(3237) PSYoungGen: 20592K->608K(20992K)
[2020-08-06T01:29:12.097-0300] GC(3237) ParOldGen: 109913K->110294K(134144K)
[2020-08-06T01:29:12.097-0300] GC(3237) Metaspace: 119344K->119344K(1163264K)
[2020-08-06T01:29:12.097-0300] GC(3237) Pause Young (Allocation Failure) 127M->108M(151M) 3.182ms
[2020-08-06T01:29:12.097-0300] GC(3237) User=0.00s Sys=0.00s Real=0.01s
[2020-08-06T01:29:26.516-0300] GC(3238) Pause Young (Allocation Failure)
[2020-08-06T01:29:26.519-0300] GC(3238) PSYoungGen: 20576K->448K(20992K)
[2020-08-06T01:29:26.519-0300] GC(3238) ParOldGen: 110294K->110799K(134144K)
[2020-08-06T01:29:26.519-0300] GC(3238) Metaspace: 119344K->119344K(1163264K)
[2020-08-06T01:29:26.519-0300] GC(3238) Pause Young (Allocation Failure) 127M->108M(151M) 3.084ms
[2020-08-06T01:29:26.519-0300] GC(3238) User=0.00s Sys=0.00s Real=0.00s
[2020-08-06T01:29:39.847-0300] GC(3239) Pause Young (Allocation Failure)
[2020-08-06T01:29:39.851-0300] GC(3239) PSYoungGen: 20416K->448K(20992K)
[2020-08-06T01:29:39.851-0300] GC(3239) ParOldGen: 110799K->111152K(134144K)
[2020-08-06T01:29:39.851-0300] GC(3239) Metaspace: 119344K->119344K(1163264K)
[2020-08-06T01:29:39.851-0300] GC(3239) Pause Young (Allocation Failure) 128M->108M(151M) 3.888ms
[2020-08-06T01:29:39.851-0300] GC(3239) User=0.01s Sys=0.00s Real=0.00s
[2020-08-06T01:29:54.166-0300] GC(3240) Pause Young (Allocation Failure)
[2020-08-06T01:29:54.169-0300] GC(3240) PSYoungGen: 20416K->416K(20992K)
[2020-08-06T01:29:54.169-0300] GC(3240) ParOldGen: 111152K->111477K(134144K)
[2020-08-06T01:29:54.169-0300] GC(3240) Metaspace: 119344K->119344K(1163264K)
[2020-08-06T01:29:54.169-0300] GC(3240) Pause Young (Allocation Failure) 128M->109M(151M) 3.024ms
[2020-08-06T01:29:54.169-0300] GC(3240) User=0.01s Sys=0.00s Real=0.00s
[2020-08-06T01:30:09.848-0300] GC(3241) Pause Young (Allocation Failure)
[2020-08-06T01:30:09.850-0300] GC(3241) PSYoungGen: 20384K->544K(20992K)
[2020-08-06T01:30:09.850-0300] GC(3241) ParOldGen: 111477K->111818K(134144K)
[2020-08-06T01:30:09.850-0300] GC(3241) Metaspace: 119344K->119344K(1163264K)
[2020-08-06T01:30:09.850-0300] GC(3241) Pause Young (Allocation Failure) 128M->109M(151M) 2.851ms
[2020-08-06T01:30:09.851-0300] GC(3241) User=0.01s Sys=0.00s Real=0.00s
[2020-08-06T01:30:11.237-0300] GC(3242) Pause Young (Allocation Failure)
[2020-08-06T01:30:11.241-0300] GC(3242) PSYoungGen: 20512K->368K(20992K)
[2020-08-06T01:30:11.241-0300] GC(3242) ParOldGen: 111818K->112271K(134144K)
[2020-08-06T01:30:11.241-0300] GC(3242) Metaspace: 119344K->119344K(1163264K)
[2020-08-06T01:30:11.241-0300] GC(3242) Pause Young (Allocation Failure) 129M->110M(151M) 3.474ms
[2020-08-06T01:30:11.241-0300] GC(3242) User=0.01s Sys=0.00s Real=0.00s
[2020-08-06T01:30:12.721-0300] GC(3243) Pause Young (Allocation Failure)
[2020-08-06T01:30:12.724-0300] GC(3243) PSYoungGen: 20336K->465K(20992K)
[2020-08-06T01:30:12.724-0300] GC(3243) ParOldGen: 112271K->112512K(134144K)
[2020-08-06T01:30:12.724-0300] GC(3243) Metaspace: 119344K->119344K(1163264K)
[2020-08-06T01:30:12.724-0300] GC(3243) Pause Young (Allocation Failure) 129M->110M(151M) 2.962ms
[2020-08-06T01:30:12.724-0300] GC(3243) User=0.01s Sys=0.00s Real=0.01s
[2020-08-06T01:30:24.848-0300] GC(3244) Pause Young (Allocation Failure)
[2020-08-06T01:30:24.851-0300] GC(3244) PSYoungGen: 20433K->320K(20992K)
[2020-08-06T01:30:24.851-0300] GC(3244) ParOldGen: 112512K->112652K(134144K)
[2020-08-06T01:30:24.851-0300] GC(3244) Metaspace: 119344K->119344K(1163264K)
[2020-08-06T01:30:24.851-0300] GC(3244) Pause Young (Allocation Failure) 129M->110M(151M) 2.590ms
[2020-08-06T01:30:24.851-0300] GC(3244) User=0.00s Sys=0.00s Real=0.00s
[2020-08-06T01:30:52.262-0300] GC(3245) Pause Young (Allocation Failure)
[2020-08-06T01:30:52.265-0300] GC(3245) PSYoungGen: 20288K->608K(20992K)
[2020-08-06T01:30:52.265-0300] GC(3245) ParOldGen: 112652K->112860K(134144K)
[2020-08-06T01:30:52.265-0300] GC(3245) Metaspace: 119344K->119344K(1163264K)
[2020-08-06T01:30:52.266-0300] GC(3245) Pause Young (Allocation Failure) 129M->110M(151M) 3.370ms
[2020-08-06T01:30:52.266-0300] GC(3245) User=0.00s Sys=0.00s Real=0.01s
[2020-08-06T01:31:14.846-0300] GC(3246) Pause Young (Allocation Failure)
[2020-08-06T01:31:14.849-0300] GC(3246) PSYoungGen: 20576K->448K(20992K)
[2020-08-06T01:31:14.849-0300] GC(3246) ParOldGen: 112860K->113300K(134144K)
[2020-08-06T01:31:14.849-0300] GC(3246) Metaspace: 119344K->119344K(1163264K)
[2020-08-06T01:31:14.849-0300] GC(3246) Pause Young (Allocation Failure) 130M->111M(151M) 3.114ms
[2020-08-06T01:31:14.849-0300] GC(3246) User=0.00s Sys=0.00s Real=0.00s
[2020-08-06T01:31:28.984-0300] GC(3247) Pause Young (Allocation Failure)
[2020-08-06T01:31:28.987-0300] GC(3247) PSYoungGen: 20416K->336K(20992K)
[2020-08-06T01:31:28.987-0300] GC(3247) ParOldGen: 113300K->113609K(134144K)
[2020-08-06T01:31:28.987-0300] GC(3247) Metaspace: 119344K->119344K(1163264K)
[2020-08-06T01:31:28.987-0300] GC(3247) Pause Young (Allocation Failure) 130M->111M(151M) 3.081ms
[2020-08-06T01:31:28.987-0300] GC(3247) User=0.01s Sys=0.00s Real=0.00s
[2020-08-06T01:31:44.711-0300] GC(3248) Pause Young (Allocation Failure)
[2020-08-06T01:31:44.714-0300] GC(3248) PSYoungGen: 20304K->320K(20992K)
[2020-08-06T01:31:44.714-0300] GC(3248) ParOldGen: 113609K->113849K(134144K)
[2020-08-06T01:31:44.714-0300] GC(3248) Metaspace: 119344K->119344K(1163264K)
[2020-08-06T01:31:44.714-0300] GC(3248) Pause Young (Allocation Failure) 130M->111M(151M) 2.959ms
[2020-08-06T01:31:44.714-0300] GC(3248) User=0.00s Sys=0.00s Real=0.01s
[2020-08-06T01:31:58.267-0300] GC(3249) Pause Young (Allocation Failure)
[2020-08-06T01:31:58.270-0300] GC(3249) PSYoungGen: 20288K->368K(20992K)
[2020-08-06T01:31:58.270-0300] GC(3249) ParOldGen: 113849K->114031K(134144K)
[2020-08-06T01:31:58.270-0300] GC(3249) Metaspace: 119344K->119344K(1163264K)
[2020-08-06T01:31:58.270-0300] GC(3249) Pause Young (Allocation Failure) 130M->111M(151M) 2.836ms
[2020-08-06T01:31:58.270-0300] GC(3249) User=0.00s Sys=0.00s Real=0.00s
[2020-08-06T01:32:11.175-0300] GC(3250) Pause Young (Allocation Failure)
[2020-08-06T01:32:11.178-0300] GC(3250) PSYoungGen: 20336K->288K(20992K)
[2020-08-06T01:32:11.178-0300] GC(3250) ParOldGen: 114031K->114220K(134144K)
[2020-08-06T01:32:11.178-0300] GC(3250) Metaspace: 119344K->119344K(1163264K)
[2020-08-06T01:32:11.178-0300] GC(3250) Pause Young (Allocation Failure) 131M->111M(151M) 2.788ms
[2020-08-06T01:32:11.178-0300] GC(3250) User=0.01s Sys=0.00s Real=0.00s
[2020-08-06T01:32:24.849-0300] GC(3251) Pause Young (Allocation Failure)
[2020-08-06T01:32:24.853-0300] GC(3251) PSYoungGen: 20256K->544K(20992K)
[2020-08-06T01:32:24.853-0300] GC(3251) ParOldGen: 114220K->114389K(134144K)
[2020-08-06T01:32:24.853-0300] GC(3251) Metaspace: 119344K->119344K(1163264K)
[2020-08-06T01:32:24.853-0300] GC(3251) Pause Young (Allocation Failure) 131M->112M(151M) 4.317ms
[2020-08-06T01:32:24.853-0300] GC(3251) User=0.01s Sys=0.00s Real=0.00s
[2020-08-06T01:32:38.871-0300] GC(3252) Pause Young (Allocation Failure)
[2020-08-06T01:32:38.875-0300] GC(3252) PSYoungGen: 20512K->336K(20992K)
[2020-08-06T01:32:38.875-0300] GC(3252) ParOldGen: 114389K->114573K(134144K)
[2020-08-06T01:32:38.875-0300] GC(3252) Metaspace: 119344K->119344K(1163264K)
[2020-08-06T01:32:38.875-0300] GC(3252) Pause Young (Allocation Failure) 131M->112M(151M) 3.220ms
[2020-08-06T01:32:38.875-0300] GC(3252) User=0.01s Sys=0.00s Real=0.01s
[2020-08-06T01:32:48.558-0300] GC(3253) Pause Young (Allocation Failure)
[2020-08-06T01:32:48.561-0300] GC(3253) PSYoungGen: 20304K->336K(20992K)
[2020-08-06T01:32:48.561-0300] GC(3253) ParOldGen: 114573K->114814K(134144K)
[2020-08-06T01:32:48.561-0300] GC(3253) Metaspace: 119344K->119344K(1163264K)
[2020-08-06T01:32:48.562-0300] GC(3253) Pause Young (Allocation Failure) 131M->112M(151M) 3.659ms
[2020-08-06T01:32:48.562-0300] GC(3253) User=0.01s Sys=0.00s Real=0.00s
[2020-08-06T01:32:49.837-0300] GC(3254) Pause Young (Allocation Failure)
[2020-08-06T01:32:49.840-0300] GC(3254) PSYoungGen: 20304K->369K(20992K)
[2020-08-06T01:32:49.840-0300] GC(3254) ParOldGen: 114814K->114975K(134144K)
[2020-08-06T01:32:49.840-0300] GC(3254) Metaspace: 119344K->119344K(1163264K)
[2020-08-06T01:32:49.840-0300] GC(3254) Pause Young (Allocation Failure) 131M->112M(151M) 3.285ms
[2020-08-06T01:32:49.840-0300] GC(3254) User=0.01s Sys=0.00s Real=0.00s
[2020-08-06T01:33:13.398-0300] GC(3255) Pause Young (Allocation Failure)
[2020-08-06T01:33:13.401-0300] GC(3255) PSYoungGen: 20337K->160K(20992K)
[2020-08-06T01:33:13.401-0300] GC(3255) ParOldGen: 114975K->115084K(134144K)
[2020-08-06T01:33:13.401-0300] GC(3255) Metaspace: 119344K->119344K(1163264K)
[2020-08-06T01:33:13.401-0300] GC(3255) Pause Young (Allocation Failure) 132M->112M(151M) 2.983ms
[2020-08-06T01:33:13.401-0300] GC(3255) User=0.01s Sys=0.00s Real=0.00s
[2020-08-06T01:33:39.847-0300] GC(3256) Pause Young (Allocation Failure)
[2020-08-06T01:33:39.849-0300] GC(3256) PSYoungGen: 20128K->704K(20992K)
[2020-08-06T01:33:39.849-0300] GC(3256) ParOldGen: 115084K->115148K(134144K)
[2020-08-06T01:33:39.849-0300] GC(3256) Metaspace: 119344K->119344K(1163264K)
[2020-08-06T01:33:39.849-0300] GC(3256) Pause Young (Allocation Failure) 132M->113M(151M) 2.428ms
[2020-08-06T01:33:39.849-0300] GC(3256) User=0.01s Sys=0.00s Real=0.00s
[2020-08-06T01:33:54.846-0300] GC(3257) Pause Young (Allocation Failure)
[2020-08-06T01:33:54.850-0300] GC(3257) PSYoungGen: 20672K->992K(20992K)
[2020-08-06T01:33:54.850-0300] GC(3257) ParOldGen: 115148K->115976K(134144K)
[2020-08-06T01:33:54.850-0300] GC(3257) Metaspace: 119349K->119349K(1163264K)
[2020-08-06T01:33:54.850-0300] GC(3257) Pause Young (Allocation Failure) 132M->114M(151M) 3.212ms
[2020-08-06T01:33:54.850-0300] GC(3257) User=0.01s Sys=0.00s Real=0.00s
[2020-08-06T01:34:21.079-0300] GC(3258) Pause Young (Allocation Failure)
[2020-08-06T01:34:21.082-0300] GC(3258) PSYoungGen: 20960K->704K(21504K)
[2020-08-06T01:34:21.082-0300] GC(3258) ParOldGen: 115976K->116928K(134144K)
[2020-08-06T01:34:21.082-0300] GC(3258) Metaspace: 119349K->119349K(1163264K)
[2020-08-06T01:34:21.082-0300] GC(3258) Pause Young (Allocation Failure) 133M->114M(152M) 3.606ms
[2020-08-06T01:34:21.082-0300] GC(3258) User=0.01s Sys=0.00s Real=0.00s
[2020-08-06T01:34:49.847-0300] GC(3259) Pause Young (Allocation Failure)
[2020-08-06T01:34:49.850-0300] GC(3259) PSYoungGen: 20672K->448K(21504K)
[2020-08-06T01:34:49.850-0300] GC(3259) ParOldGen: 116928K->117536K(134144K)
[2020-08-06T01:34:49.850-0300] GC(3259) Metaspace: 119349K->119349K(1163264K)
[2020-08-06T01:34:49.850-0300] GC(3259) Pause Young (Allocation Failure) 134M->115M(152M) 3.153ms
[2020-08-06T01:34:49.850-0300] GC(3259) User=0.00s Sys=0.00s Real=0.00s
[2020-08-06T01:35:01.117-0300] GC(3260) Pause Young (Allocation Failure)
[2020-08-06T01:35:01.120-0300] GC(3260) PSYoungGen: 20416K->624K(21504K)
[2020-08-06T01:35:01.120-0300] GC(3260) ParOldGen: 117536K->117856K(134144K)
[2020-08-06T01:35:01.120-0300] GC(3260) Metaspace: 119349K->119349K(1163264K)
[2020-08-06T01:35:01.120-0300] GC(3260) Pause Young (Allocation Failure) 134M->115M(152M) 3.128ms
[2020-08-06T01:35:01.120-0300] GC(3260) User=0.01s Sys=0.00s Real=0.00s
[2020-08-06T01:35:16.802-0300] GC(3261) Pause Young (Allocation Failure)
[2020-08-06T01:35:16.805-0300] GC(3261) PSYoungGen: 20592K->624K(21504K)
[2020-08-06T01:35:16.805-0300] GC(3261) ParOldGen: 117856K->118373K(134144K)
[2020-08-06T01:35:16.805-0300] GC(3261) Metaspace: 119349K->119349K(1163264K)
[2020-08-06T01:35:16.805-0300] GC(3261) Pause Young (Allocation Failure) 135M->116M(152M) 2.917ms
[2020-08-06T01:35:16.805-0300] GC(3261) User=0.00s Sys=0.00s Real=0.01s
[2020-08-06T01:35:23.021-0300] GC(3262) Pause Young (Allocation Failure)
[2020-08-06T01:35:23.025-0300] GC(3262) PSYoungGen: 20592K->320K(21504K)
[2020-08-06T01:35:23.025-0300] GC(3262) ParOldGen: 118373K->118910K(134144K)
[2020-08-06T01:35:23.025-0300] GC(3262) Metaspace: 119349K->119349K(1163264K)
[2020-08-06T01:35:23.025-0300] GC(3262) Pause Young (Allocation Failure) 135M->116M(152M) 3.254ms
[2020-08-06T01:35:23.025-0300] GC(3262) User=0.00s Sys=0.00s Real=0.01s
[2020-08-06T01:35:24.525-0300] GC(3263) Pause Young (Allocation Failure)
[2020-08-06T01:35:24.528-0300] GC(3263) PSYoungGen: 20288K->417K(21504K)
[2020-08-06T01:35:24.528-0300] GC(3263) ParOldGen: 118910K->119155K(134144K)
[2020-08-06T01:35:24.528-0300] GC(3263) Metaspace: 119349K->119349K(1163264K)
[2020-08-06T01:35:24.528-0300] GC(3263) Pause Young (Allocation Failure) 135M->116M(152M) 2.787ms
[2020-08-06T01:35:24.528-0300] GC(3263) User=0.01s Sys=0.00s Real=0.00s
[2020-08-06T01:35:25.936-0300] GC(3264) Pause Young (Allocation Failure)
[2020-08-06T01:35:25.939-0300] GC(3264) PSYoungGen: 20380K->320K(21504K)
[2020-08-06T01:35:25.939-0300] GC(3264) ParOldGen: 119155K->119460K(134144K)
[2020-08-06T01:35:25.939-0300] GC(3264) Metaspace: 119349K->119349K(1163264K)
[2020-08-06T01:35:25.939-0300] GC(3264) Pause Young (Allocation Failure) 136M->116M(152M) 2.709ms
[2020-08-06T01:35:25.939-0300] GC(3264) User=0.00s Sys=0.00s Real=0.00s
[2020-08-06T01:35:27.257-0300] GC(3265) Pause Young (Allocation Failure)
[2020-08-06T01:35:27.259-0300] GC(3265) PSYoungGen: 20287K->337K(21504K)
[2020-08-06T01:35:27.259-0300] GC(3265) ParOldGen: 119460K->119677K(134144K)
[2020-08-06T01:35:27.259-0300] GC(3265) Metaspace: 119349K->119349K(1163264K)
[2020-08-06T01:35:27.259-0300] GC(3265) Pause Young (Allocation Failure) 136M->117M(152M) 2.560ms
[2020-08-06T01:35:27.259-0300] GC(3265) User=0.01s Sys=0.00s Real=0.00s
[2020-08-06T01:35:28.687-0300] GC(3266) Pause Young (Allocation Failure)
[2020-08-06T01:35:28.692-0300] GC(3266) PSYoungGen: 20305K->369K(20480K)
[2020-08-06T01:35:28.692-0300] GC(3266) ParOldGen: 119677K->119878K(134144K)
[2020-08-06T01:35:28.692-0300] GC(3266) Metaspace: 119349K->119349K(1163264K)
[2020-08-06T01:35:28.692-0300] GC(3266) Pause Young (Allocation Failure) 136M->117M(151M) 4.281ms
[2020-08-06T01:35:28.692-0300] GC(3266) User=0.00s Sys=0.00s Real=0.00s
[2020-08-06T01:35:43.262-0300] GC(3267) Pause Young (Allocation Failure)
[2020-08-06T01:35:43.265-0300] GC(3267) PSYoungGen: 20337K->384K(20992K)
[2020-08-06T01:35:43.265-0300] GC(3267) ParOldGen: 119878K->120019K(134144K)
[2020-08-06T01:35:43.265-0300] GC(3267) Metaspace: 119349K->119349K(1163264K)
[2020-08-06T01:35:43.265-0300] GC(3267) Pause Young (Allocation Failure) 136M->117M(151M) 2.974ms
[2020-08-06T01:35:43.265-0300] GC(3267) User=0.01s Sys=0.00s Real=0.01s
[2020-08-06T01:36:09.848-0300] GC(3268) Pause Young (Allocation Failure)
[2020-08-06T01:36:09.850-0300] GC(3268) PSYoungGen: 20352K->672K(20992K)
[2020-08-06T01:36:09.850-0300] GC(3268) ParOldGen: 120019K->120267K(134144K)
[2020-08-06T01:36:09.850-0300] GC(3268) Metaspace: 119349K->119349K(1163264K)
[2020-08-06T01:36:09.850-0300] GC(3268) Pause Young (Allocation Failure) 137M->118M(151M) 2.657ms
[2020-08-06T01:36:09.850-0300] GC(3268) User=0.00s Sys=0.00s Real=0.00s
[2020-08-06T01:36:31.155-0300] GC(3269) Pause Young (Allocation Failure)
[2020-08-06T01:36:31.158-0300] GC(3269) PSYoungGen: 20640K->320K(20992K)
[2020-08-06T01:36:31.158-0300] GC(3269) ParOldGen: 120267K->120771K(134144K)
[2020-08-06T01:36:31.158-0300] GC(3269) Metaspace: 119349K->119349K(1163264K)
[2020-08-06T01:36:31.159-0300] GC(3269) Pause Young (Allocation Failure) 137M->118M(151M) 3.892ms
[2020-08-06T01:36:31.159-0300] GC(3269) User=0.01s Sys=0.00s Real=0.00s
[2020-08-06T01:36:45.044-0300] GC(3270) Pause Young (Allocation Failure)
[2020-08-06T01:36:45.047-0300] GC(3270) PSYoungGen: 20288K->256K(20992K)
[2020-08-06T01:36:45.047-0300] GC(3270) ParOldGen: 120771K->121003K(134144K)
[2020-08-06T01:36:45.047-0300] GC(3270) Metaspace: 119349K->119349K(1163264K)
[2020-08-06T01:36:45.047-0300] GC(3270) Pause Young (Allocation Failure) 137M->118M(151M) 3.112ms
[2020-08-06T01:36:45.047-0300] GC(3270) User=0.01s Sys=0.00s Real=0.01s
[2020-08-06T01:37:00.963-0300] GC(3271) Pause Young (Allocation Failure)
[2020-08-06T01:37:00.967-0300] GC(3271) PSYoungGen: 20224K->272K(20992K)
[2020-08-06T01:37:00.967-0300] GC(3271) ParOldGen: 121003K->121184K(134144K)
[2020-08-06T01:37:00.967-0300] GC(3271) Metaspace: 119349K->119349K(1163264K)
[2020-08-06T01:37:00.967-0300] GC(3271) Pause Young (Allocation Failure) 137M->118M(151M) 3.880ms
[2020-08-06T01:37:00.967-0300] GC(3271) User=0.01s Sys=0.00s Real=0.01s
[2020-08-06T01:37:02.475-0300] GC(3272) Pause Young (Allocation Failure)
[2020-08-06T01:37:02.478-0300] GC(3272) PSYoungGen: 20236K->369K(20992K)
[2020-08-06T01:37:02.478-0300] GC(3272) ParOldGen: 121184K->121365K(134144K)
[2020-08-06T01:37:02.478-0300] GC(3272) Metaspace: 119349K->119349K(1163264K)
[2020-08-06T01:37:02.478-0300] GC(3272) Pause Young (Allocation Failure) 138M->118M(151M) 2.815ms
[2020-08-06T01:37:02.478-0300] GC(3272) User=0.01s Sys=0.00s Real=0.00s
[2020-08-06T01:37:04.047-0300] GC(3273) Pause Young (Allocation Failure)
[2020-08-06T01:37:04.050-0300] GC(3273) PSYoungGen: 20337K->352K(20992K)
[2020-08-06T01:37:04.050-0300] GC(3273) ParOldGen: 121365K->121574K(134144K)
[2020-08-06T01:37:04.050-0300] GC(3273) Metaspace: 119349K->119349K(1163264K)
[2020-08-06T01:37:04.050-0300] GC(3273) Pause Young (Allocation Failure) 138M->119M(151M) 3.086ms
[2020-08-06T01:37:04.050-0300] GC(3273) User=0.01s Sys=0.00s Real=0.00s
[2020-08-06T01:37:05.455-0300] GC(3274) Pause Young (Allocation Failure)
[2020-08-06T01:37:05.459-0300] GC(3274) PSYoungGen: 20320K->336K(20992K)
[2020-08-06T01:37:05.459-0300] GC(3274) ParOldGen: 121574K->121816K(134144K)
[2020-08-06T01:37:05.459-0300] GC(3274) Metaspace: 119349K->119349K(1163264K)
[2020-08-06T01:37:05.459-0300] GC(3274) Pause Young (Allocation Failure) 138M->119M(151M) 4.164ms
[2020-08-06T01:37:05.459-0300] GC(3274) User=0.01s Sys=0.00s Real=0.00s
[2020-08-06T01:37:07.111-0300] GC(3275) Pause Young (Allocation Failure)
[2020-08-06T01:37:07.114-0300] GC(3275) PSYoungGen: 20304K->369K(20992K)
[2020-08-06T01:37:07.114-0300] GC(3275) ParOldGen: 121816K->122021K(134144K)
[2020-08-06T01:37:07.114-0300] GC(3275) Metaspace: 119349K->119349K(1163264K)
[2020-08-06T01:37:07.114-0300] GC(3275) Pause Young (Allocation Failure) 138M->119M(151M) 3.143ms
[2020-08-06T01:37:07.114-0300] GC(3275) User=0.00s Sys=0.00s Real=0.01s
[2020-08-06T01:37:08.213-0300] GC(3276) Pause Young (Allocation Failure)
[2020-08-06T01:37:08.217-0300] GC(3276) PSYoungGen: 20337K->272K(20992K)
[2020-08-06T01:37:08.217-0300] GC(3276) ParOldGen: 122021K->122266K(134144K)
[2020-08-06T01:37:08.217-0300] GC(3276) Metaspace: 119349K->119349K(1163264K)
[2020-08-06T01:37:08.217-0300] GC(3276) Pause Young (Allocation Failure) 139M->119M(151M) 4.007ms
[2020-08-06T01:37:08.217-0300] GC(3276) User=0.01s Sys=0.00s Real=0.01s
[2020-08-06T01:37:30.260-0300] GC(3277) Pause Young (Allocation Failure)
[2020-08-06T01:37:30.264-0300] GC(3277) PSYoungGen: 20240K->416K(20992K)
[2020-08-06T01:37:30.264-0300] GC(3277) ParOldGen: 122266K->122342K(134144K)
[2020-08-06T01:37:30.264-0300] GC(3277) Metaspace: 119349K->119349K(1163264K)
[2020-08-06T01:37:30.264-0300] GC(3277) Pause Young (Allocation Failure) 139M->119M(151M) 3.574ms
[2020-08-06T01:37:30.264-0300] GC(3277) User=0.00s Sys=0.00s Real=0.01s
[2020-08-06T01:37:59.846-0300] GC(3278) Pause Young (Allocation Failure)
[2020-08-06T01:37:59.849-0300] GC(3278) PSYoungGen: 20384K->128K(20992K)
[2020-08-06T01:37:59.849-0300] GC(3278) ParOldGen: 122342K->122398K(134144K)
[2020-08-06T01:37:59.849-0300] GC(3278) Metaspace: 119349K->119349K(1163264K)
[2020-08-06T01:37:59.849-0300] GC(3278) Pause Young (Allocation Failure) 139M->119M(151M) 3.062ms
[2020-08-06T01:37:59.849-0300] GC(3278) User=0.00s Sys=0.00s Real=0.00s
[2020-08-06T01:38:16.259-0300] GC(3279) Pause Young (Allocation Failure)
[2020-08-06T01:38:16.262-0300] GC(3279) PSYoungGen: 20096K->272K(20992K)
[2020-08-06T01:38:16.262-0300] GC(3279) ParOldGen: 122398K->122438K(134144K)
[2020-08-06T01:38:16.262-0300] GC(3279) Metaspace: 119349K->119349K(1163264K)
[2020-08-06T01:38:16.262-0300] GC(3279) Pause Young (Allocation Failure) 139M->119M(151M) 3.138ms
[2020-08-06T01:38:16.262-0300] GC(3279) User=0.01s Sys=0.00s Real=0.00s
[2020-08-06T01:38:29.343-0300] GC(3280) Pause Young (Allocation Failure)
[2020-08-06T01:38:29.347-0300] GC(3280) PSYoungGen: 20240K->608K(20992K)
[2020-08-06T01:38:29.347-0300] GC(3280) ParOldGen: 122438K->122571K(134144K)
[2020-08-06T01:38:29.347-0300] GC(3280) Metaspace: 119349K->119349K(1163264K)
[2020-08-06T01:38:29.347-0300] GC(3280) Pause Young (Allocation Failure) 139M->120M(151M) 4.017ms
[2020-08-06T01:38:29.347-0300] GC(3280) User=0.00s Sys=0.00s Real=0.01s
[2020-08-06T01:38:40.188-0300] GC(3281) Pause Young (Allocation Failure)
[2020-08-06T01:38:40.192-0300] GC(3281) PSYoungGen: 20576K->496K(20992K)
[2020-08-06T01:38:40.192-0300] GC(3281) ParOldGen: 122571K->123044K(134144K)
[2020-08-06T01:38:40.192-0300] GC(3281) Metaspace: 119349K->119349K(1163264K)
[2020-08-06T01:38:40.192-0300] GC(3281) Pause Young (Allocation Failure) 139M->120M(151M) 3.733ms
[2020-08-06T01:38:40.192-0300] GC(3281) User=0.01s Sys=0.00s Real=0.00s
[2020-08-06T01:38:41.660-0300] GC(3282) Pause Young (Allocation Failure)
[2020-08-06T01:38:41.664-0300] GC(3282) PSYoungGen: 20464K->384K(20992K)
[2020-08-06T01:38:41.664-0300] GC(3282) ParOldGen: 123044K->123449K(134144K)
[2020-08-06T01:38:41.664-0300] GC(3282) Metaspace: 119349K->119349K(1163264K)
[2020-08-06T01:38:41.664-0300] GC(3282) Pause Young (Allocation Failure) 140M->120M(151M) 3.510ms
[2020-08-06T01:38:41.664-0300] GC(3282) User=0.00s Sys=0.00s Real=0.01s
[2020-08-06T01:38:43.043-0300] GC(3283) Pause Young (Allocation Failure)
[2020-08-06T01:38:43.047-0300] GC(3283) PSYoungGen: 20352K->320K(20992K)
[2020-08-06T01:38:43.047-0300] GC(3283) ParOldGen: 123449K->123722K(134144K)
[2020-08-06T01:38:43.047-0300] GC(3283) Metaspace: 119349K->119349K(1163264K)
[2020-08-06T01:38:43.047-0300] GC(3283) Pause Young (Allocation Failure) 140M->121M(151M) 3.319ms
[2020-08-06T01:38:43.047-0300] GC(3283) User=0.01s Sys=0.00s Real=0.01s
[2020-08-06T01:38:44.557-0300] GC(3284) Pause Young (Allocation Failure)
[2020-08-06T01:38:44.560-0300] GC(3284) PSYoungGen: 20288K->433K(20992K)
[2020-08-06T01:38:44.560-0300] GC(3284) ParOldGen: 123722K->123943K(134144K)
[2020-08-06T01:38:44.560-0300] GC(3284) Metaspace: 119349K->119349K(1163264K)
[2020-08-06T01:38:44.560-0300] GC(3284) Pause Young (Allocation Failure) 140M->121M(151M) 3.050ms
[2020-08-06T01:38:44.560-0300] GC(3284) User=0.01s Sys=0.01s Real=0.00s
[2020-08-06T01:38:45.873-0300] GC(3285) Pause Young (Allocation Failure)
[2020-08-06T01:38:45.876-0300] GC(3285) PSYoungGen: 20401K->416K(20992K)
[2020-08-06T01:38:45.876-0300] GC(3285) ParOldGen: 123943K->124249K(134144K)
[2020-08-06T01:38:45.876-0300] GC(3285) Metaspace: 119349K->119349K(1163264K)
[2020-08-06T01:38:45.876-0300] GC(3285) Pause Young (Allocation Failure) 140M->121M(151M) 3.245ms
[2020-08-06T01:38:45.876-0300] GC(3285) User=0.01s Sys=0.00s Real=0.01s
[2020-08-06T01:38:54.846-0300] GC(3286) Pause Young (Allocation Failure)
[2020-08-06T01:38:54.849-0300] GC(3286) PSYoungGen: 20384K->384K(20992K)
[2020-08-06T01:38:54.849-0300] GC(3286) ParOldGen: 124249K->124357K(134144K)
[2020-08-06T01:38:54.849-0300] GC(3286) Metaspace: 119349K->119349K(1163264K)
[2020-08-06T01:38:54.849-0300] GC(3286) Pause Young (Allocation Failure) 141M->121M(151M) 3.139ms
[2020-08-06T01:38:54.849-0300] GC(3286) User=0.00s Sys=0.00s Real=0.00s
[2020-08-06T01:39:19.849-0300] GC(3287) Pause Young (Allocation Failure)
[2020-08-06T01:39:19.852-0300] GC(3287) PSYoungGen: 20352K->720K(20992K)
[2020-08-06T01:39:19.852-0300] GC(3287) ParOldGen: 124357K->124617K(134144K)
[2020-08-06T01:39:19.852-0300] GC(3287) Metaspace: 119349K->119349K(1163264K)
[2020-08-06T01:39:19.852-0300] GC(3287) Pause Young (Allocation Failure) 141M->122M(151M) 3.453ms
[2020-08-06T01:39:19.852-0300] GC(3287) User=0.01s Sys=0.00s Real=0.00s
[2020-08-06T01:39:46.524-0300] GC(3288) Pause Young (Allocation Failure)
[2020-08-06T01:39:46.526-0300] GC(3288) PSYoungGen: 20688K->400K(20992K)
[2020-08-06T01:39:46.526-0300] GC(3288) ParOldGen: 124617K->125193K(134144K)
[2020-08-06T01:39:46.526-0300] GC(3288) Metaspace: 119349K->119349K(1163264K)
[2020-08-06T01:39:46.526-0300] GC(3288) Pause Young (Allocation Failure) 141M->122M(151M) 2.356ms
[2020-08-06T01:39:46.526-0300] GC(3288) User=0.01s Sys=0.00s Real=0.01s
[2020-08-06T01:39:59.846-0300] GC(3289) Pause Young (Allocation Failure)
[2020-08-06T01:39:59.849-0300] GC(3289) PSYoungGen: 20368K->592K(20992K)
[2020-08-06T01:39:59.849-0300] GC(3289) ParOldGen: 125193K->125489K(134144K)
[2020-08-06T01:39:59.849-0300] GC(3289) Metaspace: 119349K->119349K(1163264K)
[2020-08-06T01:39:59.849-0300] GC(3289) Pause Young (Allocation Failure) 142M->123M(151M) 2.873ms
[2020-08-06T01:39:59.849-0300] GC(3289) User=0.01s Sys=0.01s Real=0.00s
[2020-08-06T01:40:12.872-0300] GC(3290) Pause Young (Allocation Failure)
[2020-08-06T01:40:12.875-0300] GC(3290) PSYoungGen: 20560K->608K(20992K)
[2020-08-06T01:40:12.875-0300] GC(3290) ParOldGen: 125489K->125934K(134144K)
[2020-08-06T01:40:12.875-0300] GC(3290) Metaspace: 119349K->119349K(1163264K)
[2020-08-06T01:40:12.875-0300] GC(3290) Pause Young (Allocation Failure) 142M->123M(151M) 3.251ms
[2020-08-06T01:40:12.875-0300] GC(3290) User=0.01s Sys=0.00s Real=0.01s
[2020-08-06T01:40:19.056-0300] GC(3291) Pause Young (Allocation Failure)
[2020-08-06T01:40:19.060-0300] GC(3291) PSYoungGen: 20576K->432K(20992K)
[2020-08-06T01:40:19.061-0300] GC(3291) ParOldGen: 125934K->126435K(134144K)
[2020-08-06T01:40:19.061-0300] GC(3291) Metaspace: 119349K->119349K(1163264K)
[2020-08-06T01:40:19.061-0300] GC(3291) Pause Young (Allocation Failure) 143M->123M(151M) 4.534ms
[2020-08-06T01:40:19.061-0300] GC(3291) User=0.00s Sys=0.00s Real=0.00s
[2020-08-06T01:40:20.480-0300] GC(3292) Pause Young (Allocation Failure)
[2020-08-06T01:40:20.484-0300] GC(3292) PSYoungGen: 20400K->352K(20992K)
[2020-08-06T01:40:20.484-0300] GC(3292) ParOldGen: 126435K->126688K(134144K)
[2020-08-06T01:40:20.484-0300] GC(3292) Metaspace: 119349K->119349K(1163264K)
[2020-08-06T01:40:20.484-0300] GC(3292) Pause Young (Allocation Failure) 143M->124M(151M) 3.648ms
[2020-08-06T01:40:20.484-0300] GC(3292) User=0.00s Sys=0.00s Real=0.00s
[2020-08-06T01:40:21.818-0300] GC(3293) Pause Young (Allocation Failure)
[2020-08-06T01:40:21.821-0300] GC(3293) PSYoungGen: 20320K->305K(20992K)
[2020-08-06T01:40:21.821-0300] GC(3293) ParOldGen: 126688K->126917K(134144K)
[2020-08-06T01:40:21.821-0300] GC(3293) Metaspace: 119353K->119353K(1163264K)
[2020-08-06T01:40:21.821-0300] GC(3293) Pause Young (Allocation Failure) 143M->124M(151M) 2.711ms
[2020-08-06T01:40:21.821-0300] GC(3293) User=0.00s Sys=0.00s Real=0.00s
[2020-08-06T01:40:23.337-0300] GC(3294) Pause Young (Allocation Failure)
[2020-08-06T01:40:23.339-0300] GC(3294) PSYoungGen: 20272K->384K(20992K)
[2020-08-06T01:40:23.339-0300] GC(3294) ParOldGen: 126917K->127134K(134144K)
[2020-08-06T01:40:23.339-0300] GC(3294) Metaspace: 119353K->119353K(1163264K)
[2020-08-06T01:40:23.339-0300] GC(3294) Pause Young (Allocation Failure) 143M->124M(151M) 2.813ms
[2020-08-06T01:40:23.339-0300] GC(3294) User=0.00s Sys=0.00s Real=0.00s
[2020-08-06T01:40:24.483-0300] GC(3295) Pause Young (Allocation Failure)
[2020-08-06T01:40:24.486-0300] GC(3295) PSYoungGen: 20352K->384K(20992K)
[2020-08-06T01:40:24.486-0300] GC(3295) ParOldGen: 127134K->127376K(134144K)
[2020-08-06T01:40:24.486-0300] GC(3295) Metaspace: 119353K->119353K(1163264K)
[2020-08-06T01:40:24.486-0300] GC(3295) Pause Young (Allocation Failure) 144M->124M(151M) 3.597ms
[2020-08-06T01:40:24.486-0300] GC(3295) User=0.00s Sys=0.00s Real=0.01s
[2020-08-06T01:40:40.276-0300] GC(3296) Pause Young (Allocation Failure)
[2020-08-06T01:40:40.278-0300] GC(3296) PSYoungGen: 20352K->384K(20992K)
[2020-08-06T01:40:40.278-0300] GC(3296) ParOldGen: 127376K->127528K(134144K)
[2020-08-06T01:40:40.278-0300] GC(3296) Metaspace: 119353K->119353K(1163264K)
[2020-08-06T01:40:40.278-0300] GC(3296) Pause Young (Allocation Failure) 144M->124M(151M) 2.744ms
[2020-08-06T01:40:40.278-0300] GC(3296) User=0.01s Sys=0.00s Real=0.00s
[2020-08-06T01:41:09.256-0300] GC(3297) Pause Young (Allocation Failure)
[2020-08-06T01:41:09.259-0300] GC(3297) PSYoungGen: 20352K->608K(20992K)
[2020-08-06T01:41:09.259-0300] GC(3297) ParOldGen: 127528K->127808K(134144K)
[2020-08-06T01:41:09.259-0300] GC(3297) Metaspace: 119353K->119353K(1163264K)
[2020-08-06T01:41:09.259-0300] GC(3297) Pause Young (Allocation Failure) 144M->125M(151M) 2.740ms
[2020-08-06T01:41:09.259-0300] GC(3297) User=0.00s Sys=0.00s Real=0.00s
[2020-08-06T01:41:25.380-0300] GC(3298) Pause Young (Allocation Failure)
[2020-08-06T01:41:25.383-0300] GC(3298) PSYoungGen: 20576K->336K(20992K)
[2020-08-06T01:41:25.383-0300] GC(3298) ParOldGen: 127808K->128200K(134144K)
[2020-08-06T01:41:25.383-0300] GC(3298) Metaspace: 119353K->119353K(1163264K)
[2020-08-06T01:41:25.383-0300] GC(3298) Pause Young (Allocation Failure) 144M->125M(151M) 2.864ms
[2020-08-06T01:41:25.383-0300] GC(3298) User=0.00s Sys=0.00s Real=0.00s
[2020-08-06T01:41:53.306-0300] GC(3299) Pause Young (Allocation Failure)
[2020-08-06T01:41:53.308-0300] GC(3299) PSYoungGen: 20304K->160K(20992K)
[2020-08-06T01:41:53.308-0300] GC(3299) ParOldGen: 128200K->128384K(134144K)
[2020-08-06T01:41:53.308-0300] GC(3299) Metaspace: 119353K->119353K(1163264K)
[2020-08-06T01:41:53.308-0300] GC(3299) Pause Young (Allocation Failure) 145M->125M(151M) 2.414ms
[2020-08-06T01:41:53.308-0300] GC(3299) User=0.01s Sys=0.00s Real=0.00s
[2020-08-06T01:42:19.846-0300] GC(3300) Pause Young (Allocation Failure)
[2020-08-06T01:42:19.849-0300] GC(3300) PSYoungGen: 20128K->384K(20992K)
[2020-08-06T01:42:19.849-0300] GC(3300) ParOldGen: 128384K->128432K(134144K)
[2020-08-06T01:42:19.849-0300] GC(3300) Metaspace: 119355K->119355K(1163264K)
[2020-08-06T01:42:19.849-0300] GC(3300) Pause Young (Allocation Failure) 145M->125M(151M) 2.671ms
[2020-08-06T01:42:19.849-0300] GC(3300) User=0.01s Sys=0.00s Real=0.00s
[2020-08-06T01:42:34.846-0300] GC(3301) Pause Young (Allocation Failure)
[2020-08-06T01:42:34.849-0300] GC(3301) PSYoungGen: 20352K->336K(20992K)
[2020-08-06T01:42:34.849-0300] GC(3301) ParOldGen: 128432K->128583K(134144K)
[2020-08-06T01:42:34.849-0300] GC(3301) Metaspace: 119355K->119355K(1163264K)
[2020-08-06T01:42:34.849-0300] GC(3301) Pause Young (Allocation Failure) 145M->125M(151M) 3.555ms
[2020-08-06T01:42:34.849-0300] GC(3301) User=0.01s Sys=0.00s Real=0.00s
[2020-08-06T01:43:03.254-0300] GC(3302) Pause Young (Allocation Failure)
[2020-08-06T01:43:03.257-0300] GC(3302) PSYoungGen: 20304K->240K(20992K)
[2020-08-06T01:43:03.257-0300] GC(3302) ParOldGen: 128583K->128655K(134144K)
[2020-08-06T01:43:03.257-0300] GC(3302) Metaspace: 119355K->119355K(1163264K)
[2020-08-06T01:43:03.257-0300] GC(3302) Pause Young (Allocation Failure) 145M->125M(151M) 3.618ms
[2020-08-06T01:43:03.257-0300] GC(3302) User=0.01s Sys=0.00s Real=0.01s
[2020-08-06T01:43:25.869-0300] GC(3303) Pause Young (Allocation Failure)
[2020-08-06T01:43:25.872-0300] GC(3303) PSYoungGen: 20208K->256K(20992K)
[2020-08-06T01:43:25.872-0300] GC(3303) ParOldGen: 128655K->128719K(134144K)
[2020-08-06T01:43:25.873-0300] GC(3303) Metaspace: 119355K->119355K(1163264K)
[2020-08-06T01:43:25.873-0300] GC(3303) Pause Young (Allocation Failure) 145M->125M(151M) 3.052ms
[2020-08-06T01:43:25.873-0300] GC(3303) User=0.01s Sys=0.00s Real=0.00s
[2020-08-06T01:43:41.282-0300] GC(3304) Pause Young (Allocation Failure)
[2020-08-06T01:43:41.286-0300] GC(3304) PSYoungGen: 20224K->736K(20992K)
[2020-08-06T01:43:41.286-0300] GC(3304) ParOldGen: 128719K->128895K(134144K)
[2020-08-06T01:43:41.286-0300] GC(3304) Metaspace: 119355K->119355K(1163264K)
[2020-08-06T01:43:41.286-0300] GC(3304) Pause Young (Allocation Failure) 145M->126M(151M) 3.324ms
[2020-08-06T01:43:41.286-0300] GC(3304) User=0.01s Sys=0.00s Real=0.01s
[2020-08-06T01:43:54.846-0300] GC(3305) Pause Young (Allocation Failure)
[2020-08-06T01:43:54.850-0300] GC(3305) PSYoungGen: 20704K->625K(20992K)
[2020-08-06T01:43:54.850-0300] GC(3305) ParOldGen: 128895K->129517K(134144K)
[2020-08-06T01:43:54.850-0300] GC(3305) Metaspace: 119355K->119355K(1163264K)
[2020-08-06T01:43:54.850-0300] GC(3305) Pause Young (Allocation Failure) 146M->127M(151M) 3.357ms
[2020-08-06T01:43:54.850-0300] GC(3305) User=0.01s Sys=0.00s Real=0.00s
[2020-08-06T01:44:07.973-0300] GC(3306) Pause Young (Allocation Failure)
[2020-08-06T01:44:07.976-0300] GC(3306) PSYoungGen: 20593K->640K(20992K)
[2020-08-06T01:44:07.976-0300] GC(3306) ParOldGen: 129517K->129990K(134144K)
[2020-08-06T01:44:07.976-0300] GC(3306) Metaspace: 119355K->119355K(1163264K)
[2020-08-06T01:44:07.976-0300] GC(3306) Pause Young (Allocation Failure) 146M->127M(151M) 3.162ms
[2020-08-06T01:44:07.976-0300] GC(3306) User=0.01s Sys=0.00s Real=0.01s
[2020-08-06T01:44:23.706-0300] GC(3307) Pause Young (Allocation Failure)
[2020-08-06T01:44:23.709-0300] GC(3307) PSYoungGen: 20608K->448K(20992K)
[2020-08-06T01:44:23.709-0300] GC(3307) ParOldGen: 129990K->130543K(134144K)
[2020-08-06T01:44:23.709-0300] GC(3307) Metaspace: 119355K->119355K(1163264K)
[2020-08-06T01:44:23.709-0300] GC(3307) Pause Young (Allocation Failure) 147M->127M(151M) 3.124ms
[2020-08-06T01:44:23.709-0300] GC(3307) User=0.00s Sys=0.00s Real=0.00s
[2020-08-06T01:44:29.810-0300] GC(3308) Pause Young (Allocation Failure)
[2020-08-06T01:44:29.814-0300] GC(3308) PSYoungGen: 20416K->352K(20992K)
[2020-08-06T01:44:29.814-0300] GC(3308) ParOldGen: 130543K->130928K(134144K)
[2020-08-06T01:44:29.814-0300] GC(3308) Metaspace: 119355K->119355K(1163264K)
[2020-08-06T01:44:29.814-0300] GC(3308) Pause Young (Allocation Failure) 147M->128M(151M) 3.835ms
[2020-08-06T01:44:29.814-0300] GC(3308) User=0.01s Sys=0.00s Real=0.01s
[2020-08-06T01:44:31.087-0300] GC(3309) Pause Young (Allocation Failure)
[2020-08-06T01:44:31.090-0300] GC(3309) PSYoungGen: 20320K->304K(20992K)
[2020-08-06T01:44:31.090-0300] GC(3309) ParOldGen: 130928K->131161K(134144K)
[2020-08-06T01:44:31.090-0300] GC(3309) Metaspace: 119355K->119355K(1163264K)
[2020-08-06T01:44:31.090-0300] GC(3309) Pause Young (Allocation Failure) 147M->128M(151M) 2.839ms
[2020-08-06T01:44:31.090-0300] GC(3309) User=0.00s Sys=0.00s Real=0.00s
[2020-08-06T01:44:32.650-0300] GC(3310) Pause Young (Allocation Failure)
[2020-08-06T01:44:32.652-0300] GC(3310) PSYoungGen: 20272K->352K(20992K)
[2020-08-06T01:44:32.652-0300] GC(3310) ParOldGen: 131161K->131374K(134144K)
[2020-08-06T01:44:32.652-0300] GC(3310) Metaspace: 119355K->119355K(1163264K)
[2020-08-06T01:44:32.653-0300] GC(3310) Pause Young (Allocation Failure) 147M->128M(151M) 2.722ms
[2020-08-06T01:44:32.653-0300] GC(3310) User=0.01s Sys=0.00s Real=0.00s
[2020-08-06T01:44:39.846-0300] GC(3311) Pause Young (Allocation Failure)
[2020-08-06T01:44:39.849-0300] GC(3311) PSYoungGen: 20320K->320K(20992K)
[2020-08-06T01:44:39.849-0300] GC(3311) ParOldGen: 131374K->131482K(134144K)
[2020-08-06T01:44:39.849-0300] GC(3311) Metaspace: 119355K->119355K(1163264K)
[2020-08-06T01:44:39.849-0300] GC(3311) Pause Young (Allocation Failure) 148M->128M(151M) 2.387ms
[2020-08-06T01:44:39.849-0300] GC(3311) User=0.01s Sys=0.00s Real=0.00s
[2020-08-06T01:45:06.251-0300] GC(3312) Pause Young (Allocation Failure)
[2020-08-06T01:45:06.254-0300] GC(3312) PSYoungGen: 20288K->528K(20992K)
[2020-08-06T01:45:06.254-0300] GC(3312) ParOldGen: 131482K->131670K(134144K)
[2020-08-06T01:45:06.254-0300] GC(3312) Metaspace: 119355K->119355K(1163264K)
[2020-08-06T01:45:06.254-0300] GC(3312) Pause Young (Allocation Failure) 148M->129M(151M) 2.950ms
[2020-08-06T01:45:06.254-0300] GC(3312) User=0.00s Sys=0.00s Real=0.01s
[2020-08-06T01:45:33.312-0300] GC(3313) Pause Young (Allocation Failure)
[2020-08-06T01:45:33.315-0300] GC(3313) PSYoungGen: 20496K->544K(20992K)
[2020-08-06T01:45:33.315-0300] GC(3313) ParOldGen: 131670K->132030K(134144K)
[2020-08-06T01:45:33.315-0300] GC(3313) Metaspace: 119355K->119355K(1163264K)
[2020-08-06T01:45:33.315-0300] GC(3313) Pause Young (Allocation Failure) 148M->129M(151M) 3.864ms
[2020-08-06T01:45:33.315-0300] GC(3313) User=0.01s Sys=0.00s Real=0.01s
[2020-08-06T01:45:49.849-0300] GC(3314) Pause Young (Allocation Failure)
[2020-08-06T01:45:49.851-0300] GC(3314) PSYoungGen: 20512K->416K(20992K)
[2020-08-06T01:45:49.851-0300] GC(3314) ParOldGen: 132030K->132486K(134144K)
[2020-08-06T01:45:49.851-0300] GC(3314) Metaspace: 119355K->119355K(1163264K)
[2020-08-06T01:45:49.851-0300] GC(3314) Pause Young (Allocation Failure) 148M->129M(151M) 2.686ms
[2020-08-06T01:45:49.851-0300] GC(3314) User=0.01s Sys=0.00s Real=0.00s
[2020-08-06T01:46:18.426-0300] GC(3315) Pause Young (Allocation Failure)
[2020-08-06T01:46:18.429-0300] GC(3315) PSYoungGen: 20384K->448K(20992K)
[2020-08-06T01:46:18.429-0300] GC(3315) ParOldGen: 132486K->132759K(134144K)
[2020-08-06T01:46:18.429-0300] GC(3315) Metaspace: 119355K->119355K(1163264K)
[2020-08-06T01:46:18.429-0300] GC(3315) Pause Young (Allocation Failure) 149M->130M(151M) 2.814ms
[2020-08-06T01:46:18.429-0300] GC(3315) User=0.00s Sys=0.00s Real=0.00s
[2020-08-06T01:46:39.127-0300] GC(3316) Pause Young (Allocation Failure)
[2020-08-06T01:46:39.130-0300] GC(3316) PSYoungGen: 20416K->304K(20992K)
[2020-08-06T01:46:39.130-0300] GC(3316) ParOldGen: 132759K->133079K(134144K)
[2020-08-06T01:46:39.130-0300] GC(3316) Metaspace: 119355K->119355K(1163264K)
[2020-08-06T01:46:39.130-0300] GC(3316) Pause Young (Allocation Failure) 149M->130M(151M) 3.323ms
[2020-08-06T01:46:39.130-0300] GC(3316) User=0.00s Sys=0.00s Real=0.00s
[2020-08-06T01:46:52.278-0300] GC(3317) Pause Young (Allocation Failure)
[2020-08-06T01:46:52.281-0300] GC(3317) PSYoungGen: 20272K->496K(20992K)
[2020-08-06T01:46:52.281-0300] GC(3317) ParOldGen: 133079K->133263K(134144K)
[2020-08-06T01:46:52.281-0300] GC(3317) Metaspace: 119355K->119355K(1163264K)
[2020-08-06T01:46:52.281-0300] GC(3317) Pause Young (Allocation Failure) 149M->130M(151M) 3.007ms
[2020-08-06T01:46:52.281-0300] GC(3317) User=0.01s Sys=0.00s Real=0.00s
[2020-08-06T01:47:05.512-0300] GC(3318) Pause Young (Allocation Failure)
[2020-08-06T01:47:05.515-0300] GC(3318) PSYoungGen: 20464K->256K(20992K)
[2020-08-06T01:47:05.515-0300] GC(3318) ParOldGen: 133263K->133572K(134144K)
[2020-08-06T01:47:05.515-0300] GC(3318) Metaspace: 119355K->119355K(1163264K)
[2020-08-06T01:47:05.515-0300] GC(3318) Pause Young (Allocation Failure) 150M->130M(151M) 2.504ms
[2020-08-06T01:47:05.515-0300] GC(3318) User=0.01s Sys=0.00s Real=0.01s
[2020-08-06T01:47:05.515-0300] GC(3319) Pause Full (Ergonomics)
[2020-08-06T01:47:05.515-0300] GC(3319) Marking Phase
[2020-08-06T01:47:05.593-0300] GC(3319) Marking Phase 77.806ms
[2020-08-06T01:47:05.593-0300] GC(3319) Summary Phase
[2020-08-06T01:47:05.593-0300] GC(3319) Summary Phase 0.015ms
[2020-08-06T01:47:05.593-0300] GC(3319) Adjust Roots
[2020-08-06T01:47:05.622-0300] GC(3319) Adjust Roots 28.768ms
[2020-08-06T01:47:05.622-0300] GC(3319) Compaction Phase
[2020-08-06T01:47:05.651-0300] GC(3319) Compaction Phase 29.597ms
[2020-08-06T01:47:05.651-0300] GC(3319) Post Compact
[2020-08-06T01:47:05.652-0300] GC(3319) Post Compact 0.663ms
[2020-08-06T01:47:05.652-0300] GC(3319) PSYoungGen: 256K->0K(20992K)
[2020-08-06T01:47:05.652-0300] GC(3319) ParOldGen: 133572K->103461K(133120K)
[2020-08-06T01:47:05.652-0300] GC(3319) Metaspace: 119355K->119355K(1163264K)
[2020-08-06T01:47:05.652-0300] GC(3319) Pause Full (Ergonomics) 130M->101M(150M) 137.265ms
[2020-08-06T01:47:05.652-0300] GC(3319) User=0.35s Sys=0.00s Real=0.13s
[2020-08-06T01:47:19.967-0300] GC(3320) Pause Young (Allocation Failure)
[2020-08-06T01:47:19.970-0300] GC(3320) PSYoungGen: 19968K->480K(20992K)
[2020-08-06T01:47:19.970-0300] GC(3320) ParOldGen: 103461K->103461K(133120K)
[2020-08-06T01:47:19.970-0300] GC(3320) Metaspace: 119355K->119355K(1163264K)
[2020-08-06T01:47:19.970-0300] GC(3320) Pause Young (Allocation Failure) 120M->101M(150M) 2.931ms
[2020-08-06T01:47:19.970-0300] GC(3320) User=0.00s Sys=0.00s Real=0.00s
[2020-08-06T01:47:33.279-0300] GC(3321) Pause Young (Allocation Failure)
[2020-08-06T01:47:33.283-0300] GC(3321) PSYoungGen: 20438K->400K(20992K)
[2020-08-06T01:47:33.283-0300] GC(3321) ParOldGen: 103461K->103646K(133120K)
[2020-08-06T01:47:33.283-0300] GC(3321) Metaspace: 119355K->119355K(1163264K)
[2020-08-06T01:47:33.283-0300] GC(3321) Pause Young (Allocation Failure) 120M->101M(150M) 3.662ms
[2020-08-06T01:47:33.283-0300] GC(3321) User=0.00s Sys=0.00s Real=0.00s
[2020-08-06T01:47:47.721-0300] GC(3322) Pause Young (Allocation Failure)
[2020-08-06T01:47:47.724-0300] GC(3322) PSYoungGen: 20368K->256K(20992K)
[2020-08-06T01:47:47.724-0300] GC(3322) ParOldGen: 103646K->103847K(133120K)
[2020-08-06T01:47:47.724-0300] GC(3322) Metaspace: 119355K->119355K(1163264K)
[2020-08-06T01:47:47.724-0300] GC(3322) Pause Young (Allocation Failure) 121M->101M(150M) 3.276ms
[2020-08-06T01:47:47.724-0300] GC(3322) User=0.00s Sys=0.01s Real=0.01s
[2020-08-06T01:48:03.375-0300] GC(3323) Pause Young (Allocation Failure)
[2020-08-06T01:48:03.378-0300] GC(3323) PSYoungGen: 20224K->272K(20992K)
[2020-08-06T01:48:03.378-0300] GC(3323) ParOldGen: 103847K->104024K(133120K)
[2020-08-06T01:48:03.378-0300] GC(3323) Metaspace: 119355K->119355K(1163264K)
[2020-08-06T01:48:03.378-0300] GC(3323) Pause Young (Allocation Failure) 121M->101M(150M) 2.912ms
[2020-08-06T01:48:03.378-0300] GC(3323) User=0.00s Sys=0.00s Real=0.00s
[2020-08-06T01:48:09.474-0300] GC(3324) Pause Young (Allocation Failure)
[2020-08-06T01:48:09.477-0300] GC(3324) PSYoungGen: 20240K->305K(20992K)
[2020-08-06T01:48:09.477-0300] GC(3324) ParOldGen: 104024K->104177K(133120K)
[2020-08-06T01:48:09.477-0300] GC(3324) Metaspace: 119355K->119355K(1163264K)
[2020-08-06T01:48:09.477-0300] GC(3324) Pause Young (Allocation Failure) 121M->102M(150M) 2.801ms
[2020-08-06T01:48:09.477-0300] GC(3324) User=0.01s Sys=0.00s Real=0.00s
[2020-08-06T01:48:10.526-0300] GC(3325) Pause Young (Allocation Failure)
[2020-08-06T01:48:10.529-0300] GC(3325) PSYoungGen: 20273K->304K(20992K)
[2020-08-06T01:48:10.529-0300] GC(3325) ParOldGen: 104177K->104378K(133120K)
[2020-08-06T01:48:10.529-0300] GC(3325) Metaspace: 119355K->119355K(1163264K)
[2020-08-06T01:48:10.529-0300] GC(3325) Pause Young (Allocation Failure) 121M->102M(150M) 3.599ms
[2020-08-06T01:48:10.529-0300] GC(3325) User=0.01s Sys=0.00s Real=0.00s
[2020-08-06T01:48:38.277-0300] GC(3326) Pause Young (Allocation Failure)
[2020-08-06T01:48:38.280-0300] GC(3326) PSYoungGen: 20272K->768K(20992K)
[2020-08-06T01:48:38.280-0300] GC(3326) ParOldGen: 104378K->104438K(133120K)
[2020-08-06T01:48:38.280-0300] GC(3326) Metaspace: 119355K->119355K(1163264K)
[2020-08-06T01:48:38.280-0300] GC(3326) Pause Young (Allocation Failure) 121M->102M(150M) 3.151ms
[2020-08-06T01:48:38.280-0300] GC(3326) User=0.00s Sys=0.00s Real=0.00s
[2020-08-06T01:49:04.848-0300] GC(3327) Pause Young (Allocation Failure)
[2020-08-06T01:49:04.851-0300] GC(3327) PSYoungGen: 20736K->736K(20992K)
[2020-08-06T01:49:04.851-0300] GC(3327) ParOldGen: 104438K->104990K(133120K)
[2020-08-06T01:49:04.851-0300] GC(3327) Metaspace: 119355K->119355K(1163264K)
[2020-08-06T01:49:04.851-0300] GC(3327) Pause Young (Allocation Failure) 122M->103M(150M) 2.921ms
[2020-08-06T01:49:04.851-0300] GC(3327) User=0.01s Sys=0.00s Real=0.00s
[2020-08-06T01:49:21.037-0300] GC(3328) Pause Young (Allocation Failure)
[2020-08-06T01:49:21.040-0300] GC(3328) PSYoungGen: 20704K->640K(20992K)
[2020-08-06T01:49:21.040-0300] GC(3328) ParOldGen: 104990K->105614K(133120K)
[2020-08-06T01:49:21.040-0300] GC(3328) Metaspace: 119355K->119355K(1163264K)
[2020-08-06T01:49:21.040-0300] GC(3328) Pause Young (Allocation Failure) 122M->103M(150M) 3.038ms
[2020-08-06T01:49:21.040-0300] GC(3328) User=0.00s Sys=0.00s Real=0.00s
[2020-08-06T01:49:34.848-0300] GC(3329) Pause Young (Allocation Failure)
[2020-08-06T01:49:34.850-0300] GC(3329) PSYoungGen: 20608K->416K(20992K)
[2020-08-06T01:49:34.850-0300] GC(3329) ParOldGen: 105614K->106119K(133120K)
[2020-08-06T01:49:34.850-0300] GC(3329) Metaspace: 119355K->119355K(1163264K)
[2020-08-06T01:49:34.850-0300] GC(3329) Pause Young (Allocation Failure) 123M->104M(150M) 2.709ms
[2020-08-06T01:49:34.850-0300] GC(3329) User=0.00s Sys=0.00s Real=0.00s
[2020-08-06T01:49:42.811-0300] GC(3330) Pause Young (Allocation Failure)
[2020-08-06T01:49:42.814-0300] GC(3330) PSYoungGen: 20377K->496K(20992K)
[2020-08-06T01:49:42.814-0300] GC(3330) ParOldGen: 106119K->106388K(133120K)
[2020-08-06T01:49:42.814-0300] GC(3330) Metaspace: 119355K->119355K(1163264K)
[2020-08-06T01:49:42.814-0300] GC(3330) Pause Young (Allocation Failure) 123M->104M(150M) 2.852ms
[2020-08-06T01:49:42.814-0300] GC(3330) User=0.01s Sys=0.00s Real=0.01s
[2020-08-06T01:49:44.094-0300] GC(3331) Pause Young (Allocation Failure)
[2020-08-06T01:49:44.098-0300] GC(3331) PSYoungGen: 20464K->305K(20992K)
[2020-08-06T01:49:44.098-0300] GC(3331) ParOldGen: 106388K->106749K(133120K)
[2020-08-06T01:49:44.098-0300] GC(3331) Metaspace: 119355K->119355K(1163264K)
[2020-08-06T01:49:44.098-0300] GC(3331) Pause Young (Allocation Failure) 123M->104M(150M) 3.662ms
[2020-08-06T01:49:44.098-0300] GC(3331) User=0.01s Sys=0.00s Real=0.00s
[2020-08-06T01:49:45.503-0300] GC(3332) Pause Young (Allocation Failure)
[2020-08-06T01:49:45.506-0300] GC(3332) PSYoungGen: 20272K->321K(20992K)
[2020-08-06T01:49:45.506-0300] GC(3332) ParOldGen: 106749K->106946K(133120K)
[2020-08-06T01:49:45.506-0300] GC(3332) Metaspace: 119355K->119355K(1163264K)
[2020-08-06T01:49:45.506-0300] GC(3332) Pause Young (Allocation Failure) 124M->104M(150M) 2.977ms
[2020-08-06T01:49:45.506-0300] GC(3332) User=0.01s Sys=0.00s Real=0.01s
[2020-08-06T01:49:46.882-0300] GC(3333) Pause Young (Allocation Failure)
[2020-08-06T01:49:46.884-0300] GC(3333) PSYoungGen: 20289K->401K(20992K)
[2020-08-06T01:49:46.884-0300] GC(3333) ParOldGen: 106946K->107176K(133120K)
[2020-08-06T01:49:46.884-0300] GC(3333) Metaspace: 119355K->119355K(1163264K)
[2020-08-06T01:49:46.884-0300] GC(3333) Pause Young (Allocation Failure) 124M->105M(150M) 2.743ms
[2020-08-06T01:49:46.884-0300] GC(3333) User=0.00s Sys=0.00s Real=0.01s
[2020-08-06T01:49:48.319-0300] GC(3334) Pause Young (Allocation Failure)
[2020-08-06T01:49:48.322-0300] GC(3334) PSYoungGen: 20369K->384K(20992K)
[2020-08-06T01:49:48.322-0300] GC(3334) ParOldGen: 107176K->107425K(133120K)
[2020-08-06T01:49:48.322-0300] GC(3334) Metaspace: 119355K->119355K(1163264K)
[2020-08-06T01:49:48.322-0300] GC(3334) Pause Young (Allocation Failure) 124M->105M(150M) 3.033ms
[2020-08-06T01:49:48.322-0300] GC(3334) User=0.01s Sys=0.00s Real=0.00s
[2020-08-06T01:50:01.275-0300] GC(3335) Pause Young (Allocation Failure)
[2020-08-06T01:50:01.277-0300] GC(3335) PSYoungGen: 20352K->384K(20992K)
[2020-08-06T01:50:01.277-0300] GC(3335) ParOldGen: 107425K->107533K(133120K)
[2020-08-06T01:50:01.277-0300] GC(3335) Metaspace: 119355K->119355K(1163264K)
[2020-08-06T01:50:01.277-0300] GC(3335) Pause Young (Allocation Failure) 124M->105M(150M) 2.219ms
[2020-08-06T01:50:01.277-0300] GC(3335) User=0.00s Sys=0.00s Real=0.00s
[2020-08-06T01:50:29.274-0300] GC(3336) Pause Young (Allocation Failure)
[2020-08-06T01:50:29.277-0300] GC(3336) PSYoungGen: 20352K->640K(20992K)
[2020-08-06T01:50:29.277-0300] GC(3336) ParOldGen: 107533K->107721K(133120K)
[2020-08-06T01:50:29.277-0300] GC(3336) Metaspace: 119355K->119355K(1163264K)
[2020-08-06T01:50:29.277-0300] GC(3336) Pause Young (Allocation Failure) 124M->105M(150M) 2.340ms
[2020-08-06T01:50:29.277-0300] GC(3336) User=0.01s Sys=0.00s Real=0.00s
[2020-08-06T01:50:49.850-0300] GC(3337) Pause Young (Allocation Failure)
[2020-08-06T01:50:49.853-0300] GC(3337) PSYoungGen: 20582K->480K(20992K)
[2020-08-06T01:50:49.853-0300] GC(3337) ParOldGen: 107721K->108177K(133120K)
[2020-08-06T01:50:49.853-0300] GC(3337) Metaspace: 119355K->119355K(1163264K)
[2020-08-06T01:50:49.853-0300] GC(3337) Pause Young (Allocation Failure) 125M->106M(150M) 3.150ms
[2020-08-06T01:50:49.853-0300] GC(3337) User=0.01s Sys=0.00s Real=0.00s
[2020-08-06T01:51:04.687-0300] GC(3338) Pause Young (Allocation Failure)
[2020-08-06T01:51:04.690-0300] GC(3338) PSYoungGen: 20445K->513K(20992K)
[2020-08-06T01:51:04.690-0300] GC(3338) ParOldGen: 108177K->108545K(133120K)
[2020-08-06T01:51:04.690-0300] GC(3338) Metaspace: 119355K->119355K(1163264K)
[2020-08-06T01:51:04.690-0300] GC(3338) Pause Young (Allocation Failure) 125M->106M(150M) 3.133ms
[2020-08-06T01:51:04.690-0300] GC(3338) User=0.00s Sys=0.00s Real=0.00s
[2020-08-06T01:51:19.852-0300] GC(3339) Pause Young (Allocation Failure)
[2020-08-06T01:51:19.855-0300] GC(3339) PSYoungGen: 20481K->439K(20992K)
[2020-08-06T01:51:19.855-0300] GC(3339) ParOldGen: 108545K->108995K(133120K)
[2020-08-06T01:51:19.855-0300] GC(3339) Metaspace: 119355K->119355K(1163264K)
[2020-08-06T01:51:19.855-0300] GC(3339) Pause Young (Allocation Failure) 126M->106M(150M) 2.431ms
[2020-08-06T01:51:19.855-0300] GC(3339) User=0.01s Sys=0.00s Real=0.01s
[2020-08-06T01:51:34.273-0300] GC(3340) Pause Young (Allocation Failure)
[2020-08-06T01:51:34.276-0300] GC(3340) PSYoungGen: 20407K->497K(20992K)
[2020-08-06T01:51:34.276-0300] GC(3340) ParOldGen: 108995K->109203K(133120K)
[2020-08-06T01:51:34.276-0300] GC(3340) Metaspace: 119355K->119355K(1163264K)
[2020-08-06T01:51:34.276-0300] GC(3340) Pause Young (Allocation Failure) 126M->107M(150M) 3.199ms
[2020-08-06T01:51:34.276-0300] GC(3340) User=0.01s Sys=0.00s Real=0.01s
[2020-08-06T01:51:46.640-0300] GC(3341) Pause Young (Allocation Failure)
[2020-08-06T01:51:46.643-0300] GC(3341) PSYoungGen: 20465K->336K(20992K)
[2020-08-06T01:51:46.643-0300] GC(3341) ParOldGen: 109203K->109496K(133120K)
[2020-08-06T01:51:46.643-0300] GC(3341) Metaspace: 119355K->119355K(1163264K)
[2020-08-06T01:51:46.643-0300] GC(3341) Pause Young (Allocation Failure) 126M->107M(150M) 2.655ms
[2020-08-06T01:51:46.643-0300] GC(3341) User=0.01s Sys=0.00s Real=0.00s
[2020-08-06T01:52:02.363-0300] GC(3342) Pause Young (Allocation Failure)
[2020-08-06T01:52:02.366-0300] GC(3342) PSYoungGen: 20304K->256K(20992K)
[2020-08-06T01:52:02.366-0300] GC(3342) ParOldGen: 109496K->109694K(133120K)
[2020-08-06T01:52:02.366-0300] GC(3342) Metaspace: 119355K->119355K(1163264K)
[2020-08-06T01:52:02.366-0300] GC(3342) Pause Young (Allocation Failure) 126M->107M(150M) 3.446ms
[2020-08-06T01:52:02.366-0300] GC(3342) User=0.00s Sys=0.00s Real=0.01s
[2020-08-06T01:52:18.102-0300] GC(3343) Pause Young (Allocation Failure)
[2020-08-06T01:52:18.105-0300] GC(3343) PSYoungGen: 20224K->288K(20992K)
[2020-08-06T01:52:18.105-0300] GC(3343) ParOldGen: 109694K->109850K(133120K)
[2020-08-06T01:52:18.105-0300] GC(3343) Metaspace: 119355K->119355K(1163264K)
[2020-08-06T01:52:18.105-0300] GC(3343) Pause Young (Allocation Failure) 126M->107M(150M) 3.042ms
[2020-08-06T01:52:18.105-0300] GC(3343) User=0.01s Sys=0.00s Real=0.01s
[2020-08-06T01:52:28.714-0300] GC(3344) Pause Young (Allocation Failure)
[2020-08-06T01:52:28.717-0300] GC(3344) PSYoungGen: 20256K->401K(20992K)
[2020-08-06T01:52:28.717-0300] GC(3344) ParOldGen: 109850K->110047K(133120K)
[2020-08-06T01:52:28.717-0300] GC(3344) Metaspace: 119356K->119356K(1163264K)
[2020-08-06T01:52:28.717-0300] GC(3344) Pause Young (Allocation Failure) 127M->107M(150M) 3.216ms
[2020-08-06T01:52:28.717-0300] GC(3344) User=0.01s Sys=0.00s Real=0.01s
[2020-08-06T01:52:39.384-0300] GC(3345) Pause Young (Allocation Failure)
[2020-08-06T01:52:39.387-0300] GC(3345) PSYoungGen: 20369K->288K(20992K)
[2020-08-06T01:52:39.387-0300] GC(3345) ParOldGen: 110047K->110240K(133120K)
[2020-08-06T01:52:39.387-0300] GC(3345) Metaspace: 119356K->119356K(1163264K)
[2020-08-06T01:52:39.387-0300] GC(3345) Pause Young (Allocation Failure) 127M->107M(150M) 3.332ms
[2020-08-06T01:52:39.387-0300] GC(3345) User=0.00s Sys=0.00s Real=0.01s
[2020-08-06T01:52:54.846-0300] GC(3346) Pause Young (Allocation Failure)
[2020-08-06T01:52:54.849-0300] GC(3346) PSYoungGen: 20256K->320K(20992K)
[2020-08-06T01:52:54.849-0300] GC(3346) ParOldGen: 110240K->110409K(133120K)
[2020-08-06T01:52:54.849-0300] GC(3346) Metaspace: 119356K->119356K(1163264K)
[2020-08-06T01:52:54.849-0300] GC(3346) Pause Young (Allocation Failure) 127M->108M(150M) 3.084ms
[2020-08-06T01:52:54.849-0300] GC(3346) User=0.01s Sys=0.00s Real=0.00s
[2020-08-06T01:52:56.357-0300] GC(3347) Pause Young (Allocation Failure)
[2020-08-06T01:52:56.360-0300] GC(3347) PSYoungGen: 20288K->352K(20992K)
[2020-08-06T01:52:56.360-0300] GC(3347) ParOldGen: 110409K->110602K(133120K)
[2020-08-06T01:52:56.360-0300] GC(3347) Metaspace: 119356K->119356K(1163264K)
[2020-08-06T01:52:56.360-0300] GC(3347) Pause Young (Allocation Failure) 127M->108M(150M) 3.101ms
[2020-08-06T01:52:56.360-0300] GC(3347) User=0.01s Sys=0.00s Real=0.00s
[2020-08-06T01:52:57.676-0300] GC(3348) Pause Young (Allocation Failure)
[2020-08-06T01:52:57.680-0300] GC(3348) PSYoungGen: 20319K->464K(20992K)
[2020-08-06T01:52:57.680-0300] GC(3348) ParOldGen: 110602K->110835K(133120K)
[2020-08-06T01:52:57.680-0300] GC(3348) Metaspace: 119356K->119356K(1163264K)
[2020-08-06T01:52:57.680-0300] GC(3348) Pause Young (Allocation Failure) 127M->108M(150M) 3.980ms
[2020-08-06T01:52:57.680-0300] GC(3348) User=0.00s Sys=0.00s Real=0.00s
[2020-08-06T01:52:59.191-0300] GC(3349) Pause Young (Allocation Failure)
[2020-08-06T01:52:59.193-0300] GC(3349) PSYoungGen: 20432K->353K(20992K)
[2020-08-06T01:52:59.193-0300] GC(3349) ParOldGen: 110835K->111172K(133120K)
[2020-08-06T01:52:59.193-0300] GC(3349) Metaspace: 119356K->119356K(1163264K)
[2020-08-06T01:52:59.193-0300] GC(3349) Pause Young (Allocation Failure) 128M->108M(150M) 2.816ms
[2020-08-06T01:52:59.194-0300] GC(3349) User=0.00s Sys=0.00s Real=0.00s
[2020-08-06T01:53:00.414-0300] GC(3350) Pause Young (Allocation Failure)
[2020-08-06T01:53:00.418-0300] GC(3350) PSYoungGen: 20321K->336K(20992K)
[2020-08-06T01:53:00.418-0300] GC(3350) ParOldGen: 111172K->111417K(133120K)
[2020-08-06T01:53:00.418-0300] GC(3350) Metaspace: 119356K->119356K(1163264K)
[2020-08-06T01:53:00.418-0300] GC(3350) Pause Young (Allocation Failure) 128M->109M(150M) 4.076ms
[2020-08-06T01:53:00.418-0300] GC(3350) User=0.00s Sys=0.00s Real=0.01s
[2020-08-06T01:53:02.034-0300] GC(3351) Pause Young (Allocation Failure)
[2020-08-06T01:53:02.039-0300] GC(3351) PSYoungGen: 20304K->352K(20992K)
[2020-08-06T01:53:02.039-0300] GC(3351) ParOldGen: 111417K->111614K(133120K)
[2020-08-06T01:53:02.039-0300] GC(3351) Metaspace: 119356K->119356K(1163264K)
[2020-08-06T01:53:02.039-0300] GC(3351) Pause Young (Allocation Failure) 128M->109M(150M) 4.858ms
[2020-08-06T01:53:02.039-0300] GC(3351) User=0.01s Sys=0.00s Real=0.00s
[2020-08-06T01:53:03.161-0300] GC(3352) Pause Young (Allocation Failure)
[2020-08-06T01:53:03.164-0300] GC(3352) PSYoungGen: 20320K->320K(20992K)
[2020-08-06T01:53:03.164-0300] GC(3352) ParOldGen: 111614K->111868K(133120K)
[2020-08-06T01:53:03.164-0300] GC(3352) Metaspace: 119356K->119356K(1163264K)
[2020-08-06T01:53:03.164-0300] GC(3352) Pause Young (Allocation Failure) 128M->109M(150M) 3.126ms
[2020-08-06T01:53:03.164-0300] GC(3352) User=0.01s Sys=0.00s Real=0.00s
[2020-08-06T01:53:29.072-0300] GC(3353) Pause Young (Allocation Failure)
[2020-08-06T01:53:29.076-0300] GC(3353) PSYoungGen: 20288K->384K(20992K)
[2020-08-06T01:53:29.076-0300] GC(3353) ParOldGen: 111868K->111948K(133120K)
[2020-08-06T01:53:29.076-0300] GC(3353) Metaspace: 119356K->119356K(1163264K)
[2020-08-06T01:53:29.076-0300] GC(3353) Pause Young (Allocation Failure) 129M->109M(150M) 3.373ms
[2020-08-06T01:53:29.076-0300] GC(3353) User=0.00s Sys=0.00s Real=0.01s
[2020-08-06T01:53:54.849-0300] GC(3354) Pause Young (Allocation Failure)
[2020-08-06T01:53:54.853-0300] GC(3354) PSYoungGen: 20352K->704K(20992K)
[2020-08-06T01:53:54.853-0300] GC(3354) ParOldGen: 111948K->112236K(133120K)
[2020-08-06T01:53:54.853-0300] GC(3354) Metaspace: 119356K->119356K(1163264K)
[2020-08-06T01:53:54.853-0300] GC(3354) Pause Young (Allocation Failure) 129M->110M(150M) 3.826ms
[2020-08-06T01:53:54.853-0300] GC(3354) User=0.01s Sys=0.00s Real=0.00s
[2020-08-06T01:54:11.649-0300] GC(3355) Pause Young (Allocation Failure)
[2020-08-06T01:54:11.653-0300] GC(3355) PSYoungGen: 20672K->704K(20992K)
[2020-08-06T01:54:11.653-0300] GC(3355) ParOldGen: 112236K->112844K(133120K)
[2020-08-06T01:54:11.653-0300] GC(3355) Metaspace: 119356K->119356K(1163264K)
[2020-08-06T01:54:11.653-0300] GC(3355) Pause Young (Allocation Failure) 129M->110M(150M) 3.403ms
[2020-08-06T01:54:11.653-0300] GC(3355) User=0.01s Sys=0.00s Real=0.00s
[2020-08-06T01:54:24.846-0300] GC(3356) Pause Young (Allocation Failure)
[2020-08-06T01:54:24.850-0300] GC(3356) PSYoungGen: 20672K->464K(20992K)
[2020-08-06T01:54:24.850-0300] GC(3356) ParOldGen: 112844K->113469K(133120K)
[2020-08-06T01:54:24.850-0300] GC(3356) Metaspace: 119356K->119356K(1163264K)
[2020-08-06T01:54:24.850-0300] GC(3356) Pause Young (Allocation Failure) 130M->111M(150M) 4.395ms
[2020-08-06T01:54:24.850-0300] GC(3356) User=0.00s Sys=0.00s Real=0.00s
[2020-08-06T01:54:39.953-0300] GC(3357) Pause Young (Allocation Failure)
[2020-08-06T01:54:39.956-0300] GC(3357) PSYoungGen: 20432K->464K(20992K)
[2020-08-06T01:54:39.956-0300] GC(3357) ParOldGen: 113469K->113786K(133120K)
[2020-08-06T01:54:39.956-0300] GC(3357) Metaspace: 119356K->119356K(1163264K)
[2020-08-06T01:54:39.956-0300] GC(3357) Pause Young (Allocation Failure) 130M->111M(150M) 3.645ms
[2020-08-06T01:54:39.957-0300] GC(3357) User=0.01s Sys=0.00s Real=0.01s
[2020-08-06T01:54:54.846-0300] GC(3358) Pause Young (Allocation Failure)
[2020-08-06T01:54:54.849-0300] GC(3358) PSYoungGen: 20432K->464K(20992K)
[2020-08-06T01:54:54.849-0300] GC(3358) ParOldGen: 113786K->114143K(133120K)
[2020-08-06T01:54:54.849-0300] GC(3358) Metaspace: 119356K->119356K(1163264K)
[2020-08-06T01:54:54.849-0300] GC(3358) Pause Young (Allocation Failure) 131M->111M(150M) 2.772ms
[2020-08-06T01:54:54.849-0300] GC(3358) User=0.00s Sys=0.00s Real=0.00s
[2020-08-06T01:55:06.415-0300] GC(3359) Pause Young (Allocation Failure)
[2020-08-06T01:55:06.418-0300] GC(3359) PSYoungGen: 20431K->448K(20992K)
[2020-08-06T01:55:06.418-0300] GC(3359) ParOldGen: 114143K->114464K(133120K)
[2020-08-06T01:55:06.418-0300] GC(3359) Metaspace: 119356K->119356K(1163264K)
[2020-08-06T01:55:06.418-0300] GC(3359) Pause Young (Allocation Failure) 131M->112M(150M) 2.983ms
[2020-08-06T01:55:06.418-0300] GC(3359) User=0.00s Sys=0.00s Real=0.00s
[2020-08-06T01:55:07.796-0300] GC(3360) Pause Young (Allocation Failure)
[2020-08-06T01:55:07.799-0300] GC(3360) PSYoungGen: 20416K->369K(20992K)
[2020-08-06T01:55:07.799-0300] GC(3360) ParOldGen: 114464K->114809K(133120K)
[2020-08-06T01:55:07.799-0300] GC(3360) Metaspace: 119356K->119356K(1163264K)
[2020-08-06T01:55:07.799-0300] GC(3360) Pause Young (Allocation Failure) 131M->112M(150M) 2.712ms
[2020-08-06T01:55:07.799-0300] GC(3360) User=0.01s Sys=0.00s Real=0.00s
[2020-08-06T01:55:09.230-0300] GC(3361) Pause Young (Allocation Failure)
[2020-08-06T01:55:09.233-0300] GC(3361) PSYoungGen: 20336K->465K(20992K)
[2020-08-06T01:55:09.233-0300] GC(3361) ParOldGen: 114809K->115058K(133120K)
[2020-08-06T01:55:09.233-0300] GC(3361) Metaspace: 119356K->119356K(1163264K)
[2020-08-06T01:55:09.233-0300] GC(3361) Pause Young (Allocation Failure) 131M->112M(150M) 3.048ms
[2020-08-06T01:55:09.233-0300] GC(3361) User=0.01s Sys=0.00s Real=0.00s
[2020-08-06T01:55:10.239-0300] GC(3362) Pause Young (Allocation Failure)
[2020-08-06T01:55:10.242-0300] GC(3362) PSYoungGen: 20432K->401K(20992K)
[2020-08-06T01:55:10.242-0300] GC(3362) ParOldGen: 115058K->115367K(133120K)
[2020-08-06T01:55:10.242-0300] GC(3362) Metaspace: 119356K->119356K(1163264K)
[2020-08-06T01:55:10.242-0300] GC(3362) Pause Young (Allocation Failure) 132M->113M(150M) 2.502ms
[2020-08-06T01:55:10.242-0300] GC(3362) User=0.01s Sys=0.00s Real=0.00s
[2020-08-06T01:55:32.269-0300] GC(3363) Pause Young (Allocation Failure)
[2020-08-06T01:55:32.272-0300] GC(3363) PSYoungGen: 20369K->512K(20992K)
[2020-08-06T01:55:32.272-0300] GC(3363) ParOldGen: 115367K->115488K(133120K)
[2020-08-06T01:55:32.272-0300] GC(3363) Metaspace: 119356K->119356K(1163264K)
[2020-08-06T01:55:32.272-0300] GC(3363) Pause Young (Allocation Failure) 132M->113M(150M) 3.269ms
[2020-08-06T01:55:32.272-0300] GC(3363) User=0.01s Sys=0.00s Real=0.00s
[2020-08-06T01:55:59.848-0300] GC(3364) Pause Young (Allocation Failure)
[2020-08-06T01:55:59.851-0300] GC(3364) PSYoungGen: 20480K->576K(20992K)
[2020-08-06T01:55:59.851-0300] GC(3364) ParOldGen: 115488K->115824K(133120K)
[2020-08-06T01:55:59.851-0300] GC(3364) Metaspace: 119356K->119356K(1163264K)
[2020-08-06T01:55:59.851-0300] GC(3364) Pause Young (Allocation Failure) 132M->113M(150M) 2.629ms
[2020-08-06T01:55:59.851-0300] GC(3364) User=0.01s Sys=0.00s Real=0.00s
[2020-08-06T01:56:16.713-0300] GC(3365) Pause Young (Allocation Failure)
[2020-08-06T01:56:16.715-0300] GC(3365) PSYoungGen: 20544K->432K(20992K)
[2020-08-06T01:56:16.715-0300] GC(3365) ParOldGen: 115824K->116256K(133120K)
[2020-08-06T01:56:16.715-0300] GC(3365) Metaspace: 119356K->119356K(1163264K)
[2020-08-06T01:56:16.715-0300] GC(3365) Pause Young (Allocation Failure) 133M->113M(150M) 2.382ms
[2020-08-06T01:56:16.715-0300] GC(3365) User=0.00s Sys=0.00s Real=0.01s
[2020-08-06T01:56:31.603-0300] GC(3366) Pause Young (Allocation Failure)
[2020-08-06T01:56:31.606-0300] GC(3366) PSYoungGen: 20400K->336K(20992K)
[2020-08-06T01:56:31.606-0300] GC(3366) ParOldGen: 116256K->116573K(133120K)
[2020-08-06T01:56:31.606-0300] GC(3366) Metaspace: 119356K->119356K(1163264K)
[2020-08-06T01:56:31.606-0300] GC(3366) Pause Young (Allocation Failure) 133M->114M(150M) 3.053ms
[2020-08-06T01:56:31.606-0300] GC(3366) User=0.01s Sys=0.00s Real=0.01s
[2020-08-06T01:56:47.267-0300] GC(3367) Pause Young (Allocation Failure)
[2020-08-06T01:56:47.269-0300] GC(3367) PSYoungGen: 20304K->401K(20992K)
[2020-08-06T01:56:47.269-0300] GC(3367) ParOldGen: 116573K->116821K(133120K)
[2020-08-06T01:56:47.269-0300] GC(3367) Metaspace: 119356K->119356K(1163264K)
[2020-08-06T01:56:47.269-0300] GC(3367) Pause Young (Allocation Failure) 133M->114M(150M) 2.373ms
[2020-08-06T01:56:47.269-0300] GC(3367) User=0.01s Sys=0.00s Real=0.00s
[2020-08-06T01:56:59.848-0300] GC(3368) Pause Young (Allocation Failure)
[2020-08-06T01:56:59.852-0300] GC(3368) PSYoungGen: 20369K->369K(20992K)
[2020-08-06T01:56:59.852-0300] GC(3368) ParOldGen: 116821K->117026K(133120K)
[2020-08-06T01:56:59.852-0300] GC(3368) Metaspace: 119356K->119356K(1163264K)
[2020-08-06T01:56:59.852-0300] GC(3368) Pause Young (Allocation Failure) 133M->114M(150M) 3.622ms
[2020-08-06T01:56:59.852-0300] GC(3368) User=0.01s Sys=0.00s Real=0.00s
[2020-08-06T01:57:13.678-0300] GC(3369) Pause Young (Allocation Failure)
[2020-08-06T01:57:13.681-0300] GC(3369) PSYoungGen: 20336K->385K(20992K)
[2020-08-06T01:57:13.681-0300] GC(3369) ParOldGen: 117026K->117211K(133120K)
[2020-08-06T01:57:13.681-0300] GC(3369) Metaspace: 119357K->119357K(1163264K)
[2020-08-06T01:57:13.681-0300] GC(3369) Pause Young (Allocation Failure) 134M->114M(150M) 3.424ms
[2020-08-06T01:57:13.681-0300] GC(3369) User=0.00s Sys=0.00s Real=0.00s
[2020-08-06T01:57:15.085-0300] GC(3370) Pause Young (Allocation Failure)
[2020-08-06T01:57:15.089-0300] GC(3370) PSYoungGen: 20345K->401K(20992K)
[2020-08-06T01:57:15.089-0300] GC(3370) ParOldGen: 117211K->117440K(133120K)
[2020-08-06T01:57:15.089-0300] GC(3370) Metaspace: 119357K->119357K(1163264K)
[2020-08-06T01:57:15.089-0300] GC(3370) Pause Young (Allocation Failure) 134M->115M(150M) 3.635ms
[2020-08-06T01:57:15.089-0300] GC(3370) User=0.00s Sys=0.00s Real=0.00s
[2020-08-06T01:57:16.581-0300] GC(3371) Pause Young (Allocation Failure)
[2020-08-06T01:57:16.586-0300] GC(3371) PSYoungGen: 20369K->496K(20992K)
[2020-08-06T01:57:16.586-0300] GC(3371) ParOldGen: 117440K->117690K(133120K)
[2020-08-06T01:57:16.586-0300] GC(3371) Metaspace: 119357K->119357K(1163264K)
[2020-08-06T01:57:16.587-0300] GC(3371) Pause Young (Allocation Failure) 134M->115M(150M) 5.589ms
[2020-08-06T01:57:16.587-0300] GC(3371) User=0.01s Sys=0.00s Real=0.01s
[2020-08-06T01:57:17.665-0300] GC(3372) Pause Young (Allocation Failure)
[2020-08-06T01:57:17.667-0300] GC(3372) PSYoungGen: 20464K->304K(20992K)
[2020-08-06T01:57:17.667-0300] GC(3372) ParOldGen: 117690K->118014K(133120K)
[2020-08-06T01:57:17.667-0300] GC(3372) Metaspace: 119357K->119357K(1163264K)
[2020-08-06T01:57:17.667-0300] GC(3372) Pause Young (Allocation Failure) 134M->115M(150M) 2.922ms
[2020-08-06T01:57:17.668-0300] GC(3372) User=0.00s Sys=0.00s Real=0.00s
[2020-08-06T01:57:34.848-0300] GC(3373) Pause Young (Allocation Failure)
[2020-08-06T01:57:34.852-0300] GC(3373) PSYoungGen: 20272K->384K(20992K)
[2020-08-06T01:57:34.852-0300] GC(3373) ParOldGen: 118014K->118094K(133120K)
[2020-08-06T01:57:34.852-0300] GC(3373) Metaspace: 119357K->119357K(1163264K)
[2020-08-06T01:57:34.852-0300] GC(3373) Pause Young (Allocation Failure) 135M->115M(150M) 3.970ms
[2020-08-06T01:57:34.852-0300] GC(3373) User=0.00s Sys=0.00s Real=0.00s
[2020-08-06T01:58:03.051-0300] GC(3374) Pause Young (Allocation Failure)
[2020-08-06T01:58:03.053-0300] GC(3374) PSYoungGen: 20352K->176K(20992K)
[2020-08-06T01:58:03.053-0300] GC(3374) ParOldGen: 118094K->118162K(133120K)
[2020-08-06T01:58:03.053-0300] GC(3374) Metaspace: 119357K->119357K(1163264K)
[2020-08-06T01:58:03.053-0300] GC(3374) Pause Young (Allocation Failure) 135M->115M(150M) 2.856ms
[2020-08-06T01:58:03.054-0300] GC(3374) User=0.01s Sys=0.00s Real=0.00s
[2020-08-06T01:58:23.414-0300] GC(3375) Pause Young (Allocation Failure)
[2020-08-06T01:58:23.417-0300] GC(3375) PSYoungGen: 20144K->240K(20992K)
[2020-08-06T01:58:23.417-0300] GC(3375) ParOldGen: 118162K->118234K(133120K)
[2020-08-06T01:58:23.417-0300] GC(3375) Metaspace: 119357K->119357K(1163264K)
[2020-08-06T01:58:23.417-0300] GC(3375) Pause Young (Allocation Failure) 135M->115M(150M) 3.202ms
[2020-08-06T01:58:23.417-0300] GC(3375) User=0.00s Sys=0.00s Real=0.00s
[2020-08-06T01:58:36.265-0300] GC(3376) Pause Young (Allocation Failure)
[2020-08-06T01:58:36.268-0300] GC(3376) PSYoungGen: 20208K->721K(20992K)
[2020-08-06T01:58:36.268-0300] GC(3376) ParOldGen: 118234K->118415K(133120K)
[2020-08-06T01:58:36.268-0300] GC(3376) Metaspace: 119357K->119357K(1163264K)
[2020-08-06T01:58:36.268-0300] GC(3376) Pause Young (Allocation Failure) 135M->116M(150M) 3.181ms
[2020-08-06T01:58:36.268-0300] GC(3376) User=0.01s Sys=0.00s Real=0.00s
[2020-08-06T01:58:49.846-0300] GC(3377) Pause Young (Allocation Failure)
[2020-08-06T01:58:49.851-0300] GC(3377) PSYoungGen: 20689K->720K(20992K)
[2020-08-06T01:58:49.851-0300] GC(3377) ParOldGen: 118415K->118928K(133120K)
[2020-08-06T01:58:49.851-0300] GC(3377) Metaspace: 119357K->119357K(1163264K)
[2020-08-06T01:58:49.851-0300] GC(3377) Pause Young (Allocation Failure) 135M->116M(150M) 5.068ms
[2020-08-06T01:58:49.851-0300] GC(3377) User=0.01s Sys=0.00s Real=0.00s
[2020-08-06T01:58:51.316-0300] GC(3378) Pause Young (Allocation Failure)
[2020-08-06T01:58:51.319-0300] GC(3378) PSYoungGen: 20688K->320K(20992K)
[2020-08-06T01:58:51.319-0300] GC(3378) ParOldGen: 118928K->119437K(133120K)
[2020-08-06T01:58:51.319-0300] GC(3378) Metaspace: 119357K->119357K(1163264K)
[2020-08-06T01:58:51.319-0300] GC(3378) Pause Young (Allocation Failure) 136M->116M(150M) 2.959ms
[2020-08-06T01:58:51.319-0300] GC(3378) User=0.00s Sys=0.00s Real=0.00s
[2020-08-06T01:58:52.554-0300] GC(3379) Pause Young (Allocation Failure)
[2020-08-06T01:58:52.557-0300] GC(3379) PSYoungGen: 20288K->368K(20992K)
[2020-08-06T01:58:52.557-0300] GC(3379) ParOldGen: 119437K->119718K(133120K)
[2020-08-06T01:58:52.557-0300] GC(3379) Metaspace: 119357K->119357K(1163264K)
[2020-08-06T01:58:52.557-0300] GC(3379) Pause Young (Allocation Failure) 136M->117M(150M) 2.859ms
[2020-08-06T01:58:52.557-0300] GC(3379) User=0.01s Sys=0.00s Real=0.00s
[2020-08-06T01:58:54.176-0300] GC(3380) Pause Young (Allocation Failure)
[2020-08-06T01:58:54.179-0300] GC(3380) PSYoungGen: 20336K->401K(20992K)
[2020-08-06T01:58:54.179-0300] GC(3380) ParOldGen: 119718K->119951K(133120K)
[2020-08-06T01:58:54.179-0300] GC(3380) Metaspace: 119357K->119357K(1163264K)
[2020-08-06T01:58:54.179-0300] GC(3380) Pause Young (Allocation Failure) 136M->117M(150M) 2.959ms
[2020-08-06T01:58:54.179-0300] GC(3380) User=0.01s Sys=0.00s Real=0.00s
[2020-08-06T01:58:55.413-0300] GC(3381) Pause Young (Allocation Failure)
[2020-08-06T01:58:55.416-0300] GC(3381) PSYoungGen: 20369K->304K(20992K)
[2020-08-06T01:58:55.416-0300] GC(3381) ParOldGen: 119951K->120229K(133120K)
[2020-08-06T01:58:55.416-0300] GC(3381) Metaspace: 119357K->119357K(1163264K)
[2020-08-06T01:58:55.416-0300] GC(3381) Pause Young (Allocation Failure) 137M->117M(150M) 3.384ms
[2020-08-06T01:58:55.416-0300] GC(3381) User=0.01s Sys=0.00s Real=0.01s
[2020-08-06T01:58:57.776-0300] GC(3382) Pause Young (Allocation Failure)
[2020-08-06T01:58:57.779-0300] GC(3382) PSYoungGen: 20272K->368K(20992K)
[2020-08-06T01:58:57.779-0300] GC(3382) ParOldGen: 120229K->120414K(133120K)
[2020-08-06T01:58:57.779-0300] GC(3382) Metaspace: 119357K->119357K(1163264K)
[2020-08-06T01:58:57.780-0300] GC(3382) Pause Young (Allocation Failure) 137M->117M(150M) 3.787ms
[2020-08-06T01:58:57.780-0300] GC(3382) User=0.01s Sys=0.00s Real=0.00s
[2020-08-06T01:59:24.263-0300] GC(3383) Pause Young (Allocation Failure)
[2020-08-06T01:59:24.266-0300] GC(3383) PSYoungGen: 20336K->672K(20992K)
[2020-08-06T01:59:24.266-0300] GC(3383) ParOldGen: 120414K->120546K(133120K)
[2020-08-06T01:59:24.266-0300] GC(3383) Metaspace: 119357K->119357K(1163264K)
[2020-08-06T01:59:24.266-0300] GC(3383) Pause Young (Allocation Failure) 137M->118M(150M) 3.152ms
[2020-08-06T01:59:24.266-0300] GC(3383) User=0.01s Sys=0.00s Real=0.01s
[2020-08-06T01:59:49.852-0300] GC(3384) Pause Young (Allocation Failure)
[2020-08-06T01:59:49.855-0300] GC(3384) PSYoungGen: 20640K->534K(20992K)
[2020-08-06T01:59:49.855-0300] GC(3384) ParOldGen: 120546K->121074K(133120K)
[2020-08-06T01:59:49.855-0300] GC(3384) Metaspace: 119357K->119357K(1163264K)
[2020-08-06T01:59:49.855-0300] GC(3384) Pause Young (Allocation Failure) 137M->118M(150M) 2.955ms
[2020-08-06T01:59:49.855-0300] GC(3384) User=0.00s Sys=0.00s Real=0.01s
[2020-08-06T02:00:07.080-0300] GC(3385) Pause Young (Allocation Failure)
[2020-08-06T02:00:07.083-0300] GC(3385) PSYoungGen: 20502K->464K(20992K)
[2020-08-06T02:00:07.083-0300] GC(3385) ParOldGen: 121074K->121386K(133120K)
[2020-08-06T02:00:07.083-0300] GC(3385) Metaspace: 119357K->119357K(1163264K)
[2020-08-06T02:00:07.083-0300] GC(3385) Pause Young (Allocation Failure) 138M->118M(150M) 3.285ms
[2020-08-06T02:00:07.083-0300] GC(3385) User=0.01s Sys=0.00s Real=0.00s
[2020-08-06T02:00:19.847-0300] GC(3386) Pause Young (Allocation Failure)
[2020-08-06T02:00:19.851-0300] GC(3386) PSYoungGen: 20432K->529K(20992K)
[2020-08-06T02:00:19.851-0300] GC(3386) ParOldGen: 121386K->121723K(133120K)
[2020-08-06T02:00:19.851-0300] GC(3386) Metaspace: 119357K->119357K(1163264K)
[2020-08-06T02:00:19.851-0300] GC(3386) Pause Young (Allocation Failure) 138M->119M(150M) 3.788ms
[2020-08-06T02:00:19.851-0300] GC(3386) User=0.01s Sys=0.00s Real=0.00s
[2020-08-06T02:00:28.844-0300] GC(3387) Pause Young (Allocation Failure)
[2020-08-06T02:00:28.847-0300] GC(3387) PSYoungGen: 20497K->464K(20992K)
[2020-08-06T02:00:28.847-0300] GC(3387) ParOldGen: 121723K->122176K(133120K)
[2020-08-06T02:00:28.847-0300] GC(3387) Metaspace: 119357K->119357K(1163264K)
[2020-08-06T02:00:28.847-0300] GC(3387) Pause Young (Allocation Failure) 138M->119M(150M) 3.416ms
[2020-08-06T02:00:28.847-0300] GC(3387) User=0.00s Sys=0.00s Real=0.01s
[2020-08-06T02:00:30.165-0300] GC(3388) Pause Young (Allocation Failure)
[2020-08-06T02:00:30.168-0300] GC(3388) PSYoungGen: 20415K->352K(20992K)
[2020-08-06T02:00:30.168-0300] GC(3388) ParOldGen: 122176K->122493K(133120K)
[2020-08-06T02:00:30.168-0300] GC(3388) Metaspace: 119357K->119357K(1163264K)
[2020-08-06T02:00:30.168-0300] GC(3388) Pause Young (Allocation Failure) 139M->119M(150M) 3.007ms
[2020-08-06T02:00:30.168-0300] GC(3388) User=0.01s Sys=0.00s Real=0.00s
[2020-08-06T02:00:31.441-0300] GC(3389) Pause Young (Allocation Failure)
[2020-08-06T02:00:31.444-0300] GC(3389) PSYoungGen: 20320K->384K(20992K)
[2020-08-06T02:00:31.445-0300] GC(3389) ParOldGen: 122493K->122706K(133120K)
[2020-08-06T02:00:31.445-0300] GC(3389) Metaspace: 119357K->119357K(1163264K)
[2020-08-06T02:00:31.445-0300] GC(3389) Pause Young (Allocation Failure) 139M->120M(150M) 3.111ms
[2020-08-06T02:00:31.445-0300] GC(3389) User=0.01s Sys=0.00s Real=0.01s
[2020-08-06T02:00:33.022-0300] GC(3390) Pause Young (Allocation Failure)
[2020-08-06T02:00:33.025-0300] GC(3390) PSYoungGen: 20350K->576K(20992K)
[2020-08-06T02:00:33.025-0300] GC(3390) ParOldGen: 122706K->122947K(133120K)
[2020-08-06T02:00:33.025-0300] GC(3390) Metaspace: 119357K->119357K(1163264K)
[2020-08-06T02:00:33.025-0300] GC(3390) Pause Young (Allocation Failure) 139M->120M(150M) 3.012ms
[2020-08-06T02:00:33.025-0300] GC(3390) User=0.00s Sys=0.00s Real=0.01s
[2020-08-06T02:00:34.269-0300] GC(3391) Pause Young (Allocation Failure)
[2020-08-06T02:00:34.272-0300] GC(3391) PSYoungGen: 20544K->288K(20992K)
[2020-08-06T02:00:34.272-0300] GC(3391) ParOldGen: 122947K->123392K(133120K)
[2020-08-06T02:00:34.272-0300] GC(3391) Metaspace: 119357K->119357K(1163264K)
[2020-08-06T02:00:34.272-0300] GC(3391) Pause Young (Allocation Failure) 140M->120M(150M) 3.271ms
[2020-08-06T02:00:34.272-0300] GC(3391) User=0.00s Sys=0.00s Real=0.00s
[2020-08-06T02:00:44.846-0300] GC(3392) Pause Young (Allocation Failure)
[2020-08-06T02:00:44.849-0300] GC(3392) PSYoungGen: 20256K->320K(20992K)
[2020-08-06T02:00:44.849-0300] GC(3392) ParOldGen: 123392K->123464K(133120K)
[2020-08-06T02:00:44.849-0300] GC(3392) Metaspace: 119357K->119357K(1163264K)
[2020-08-06T02:00:44.849-0300] GC(3392) Pause Young (Allocation Failure) 140M->120M(150M) 2.594ms
[2020-08-06T02:00:44.849-0300] GC(3392) User=0.00s Sys=0.00s Real=0.00s
[2020-08-06T02:01:10.384-0300] GC(3393) Pause Young (Allocation Failure)
[2020-08-06T02:01:10.387-0300] GC(3393) PSYoungGen: 20288K->512K(20992K)
[2020-08-06T02:01:10.387-0300] GC(3393) ParOldGen: 123464K->123660K(133120K)
[2020-08-06T02:01:10.387-0300] GC(3393) Metaspace: 119357K->119357K(1163264K)
[2020-08-06T02:01:10.387-0300] GC(3393) Pause Young (Allocation Failure) 140M->121M(150M) 3.200ms
[2020-08-06T02:01:10.387-0300] GC(3393) User=0.00s Sys=0.00s Real=0.00s
[2020-08-06T02:01:34.926-0300] GC(3394) Pause Young (Allocation Failure)
[2020-08-06T02:01:34.929-0300] GC(3394) PSYoungGen: 20480K->304K(20992K)
[2020-08-06T02:01:34.929-0300] GC(3394) ParOldGen: 123660K->124052K(133120K)
[2020-08-06T02:01:34.929-0300] GC(3394) Metaspace: 119357K->119357K(1163264K)
[2020-08-06T02:01:34.929-0300] GC(3394) Pause Young (Allocation Failure) 140M->121M(150M) 3.127ms
[2020-08-06T02:01:34.929-0300] GC(3394) User=0.00s Sys=0.00s Real=0.00s
[2020-08-06T02:01:49.854-0300] GC(3395) Pause Young (Allocation Failure)
[2020-08-06T02:01:49.856-0300] GC(3395) PSYoungGen: 20272K->348K(20992K)
[2020-08-06T02:01:49.856-0300] GC(3395) ParOldGen: 124052K->124260K(133120K)
[2020-08-06T02:01:49.856-0300] GC(3395) Metaspace: 119357K->119357K(1163264K)
[2020-08-06T02:01:49.856-0300] GC(3395) Pause Young (Allocation Failure) 140M->121M(150M) 2.624ms
[2020-08-06T02:01:49.856-0300] GC(3395) User=0.00s Sys=0.00s Real=0.01s
[2020-08-06T02:02:04.290-0300] GC(3396) Pause Young (Allocation Failure)
[2020-08-06T02:02:04.292-0300] GC(3396) PSYoungGen: 20316K->352K(20992K)
[2020-08-06T02:02:04.292-0300] GC(3396) ParOldGen: 124260K->124453K(133120K)
[2020-08-06T02:02:04.292-0300] GC(3396) Metaspace: 119357K->119357K(1163264K)
[2020-08-06T02:02:04.292-0300] GC(3396) Pause Young (Allocation Failure) 141M->121M(150M) 2.773ms
[2020-08-06T02:02:04.292-0300] GC(3396) User=0.00s Sys=0.00s Real=0.00s
[2020-08-06T02:02:17.192-0300] GC(3397) Pause Young (Allocation Failure)
[2020-08-06T02:02:17.195-0300] GC(3397) PSYoungGen: 20320K->336K(20992K)
[2020-08-06T02:02:17.195-0300] GC(3397) ParOldGen: 124453K->124650K(133120K)
[2020-08-06T02:02:17.195-0300] GC(3397) Metaspace: 119357K->119357K(1163264K)
[2020-08-06T02:02:17.195-0300] GC(3397) Pause Young (Allocation Failure) 141M->122M(150M) 2.918ms
[2020-08-06T02:02:17.195-0300] GC(3397) User=0.00s Sys=0.00s Real=0.01s
[2020-08-06T02:02:30.289-0300] GC(3398) Pause Young (Allocation Failure)
[2020-08-06T02:02:30.293-0300] GC(3398) PSYoungGen: 20304K->480K(20992K)
[2020-08-06T02:02:30.293-0300] GC(3398) ParOldGen: 124650K->124843K(133120K)
[2020-08-06T02:02:30.293-0300] GC(3398) Metaspace: 119357K->119357K(1163264K)
[2020-08-06T02:02:30.293-0300] GC(3398) Pause Young (Allocation Failure) 141M->122M(150M) 3.669ms
[2020-08-06T02:02:30.293-0300] GC(3398) User=0.00s Sys=0.00s Real=0.00s
[2020-08-06T02:02:44.846-0300] GC(3399) Pause Young (Allocation Failure)
[2020-08-06T02:02:44.849-0300] GC(3399) PSYoungGen: 20448K->320K(20992K)
[2020-08-06T02:02:44.849-0300] GC(3399) ParOldGen: 124843K->125012K(133120K)
[2020-08-06T02:02:44.849-0300] GC(3399) Metaspace: 119357K->119357K(1163264K)
[2020-08-06T02:02:44.849-0300] GC(3399) Pause Young (Allocation Failure) 141M->122M(150M) 3.244ms
[2020-08-06T02:02:44.849-0300] GC(3399) User=0.01s Sys=0.00s Real=0.00s
[2020-08-06T02:02:59.199-0300] GC(3400) Pause Young (Allocation Failure)
[2020-08-06T02:02:59.202-0300] GC(3400) PSYoungGen: 20287K->256K(20992K)
[2020-08-06T02:02:59.202-0300] GC(3400) ParOldGen: 125012K->125201K(133120K)
[2020-08-06T02:02:59.202-0300] GC(3400) Metaspace: 119357K->119357K(1163264K)
[2020-08-06T02:02:59.202-0300] GC(3400) Pause Young (Allocation Failure) 141M->122M(150M) 3.291ms
[2020-08-06T02:02:59.202-0300] GC(3400) User=0.00s Sys=0.00s Real=0.00s
[2020-08-06T02:03:14.847-0300] GC(3401) Pause Young (Allocation Failure)
[2020-08-06T02:03:14.849-0300] GC(3401) PSYoungGen: 20224K->304K(20992K)
[2020-08-06T02:03:14.849-0300] GC(3401) ParOldGen: 125201K->125374K(133120K)
[2020-08-06T02:03:14.849-0300] GC(3401) Metaspace: 119357K->119357K(1163264K)
[2020-08-06T02:03:14.849-0300] GC(3401) Pause Young (Allocation Failure) 142M->122M(150M) 2.438ms
[2020-08-06T02:03:14.849-0300] GC(3401) User=0.01s Sys=0.00s Real=0.00s
[2020-08-06T02:03:25.447-0300] GC(3402) Pause Young (Allocation Failure)
[2020-08-06T02:03:25.450-0300] GC(3402) PSYoungGen: 20272K->401K(20992K)
[2020-08-06T02:03:25.450-0300] GC(3402) ParOldGen: 125374K->125531K(133120K)
[2020-08-06T02:03:25.450-0300] GC(3402) Metaspace: 119357K->119357K(1163264K)
[2020-08-06T02:03:25.450-0300] GC(3402) Pause Young (Allocation Failure) 142M->122M(150M) 2.913ms
[2020-08-06T02:03:25.450-0300] GC(3402) User=0.01s Sys=0.00s Real=0.00s
[2020-08-06T02:03:36.140-0300] GC(3403) Pause Young (Allocation Failure)
[2020-08-06T02:03:36.145-0300] GC(3403) PSYoungGen: 20369K->560K(20992K)
[2020-08-06T02:03:36.145-0300] GC(3403) ParOldGen: 125531K->125836K(133120K)
[2020-08-06T02:03:36.145-0300] GC(3403) Metaspace: 119357K->119357K(1163264K)
[2020-08-06T02:03:36.145-0300] GC(3403) Pause Young (Allocation Failure) 142M->123M(150M) 4.288ms
[2020-08-06T02:03:36.145-0300] GC(3403) User=0.00s Sys=0.00s Real=0.01s
[2020-08-06T02:03:51.740-0300] GC(3404) Pause Young (Allocation Failure)
[2020-08-06T02:03:51.743-0300] GC(3404) PSYoungGen: 20511K->657K(20992K)
[2020-08-06T02:03:51.743-0300] GC(3404) ParOldGen: 125836K->126301K(133120K)
[2020-08-06T02:03:51.743-0300] GC(3404) Metaspace: 119357K->119357K(1163264K)
[2020-08-06T02:03:51.743-0300] GC(3404) Pause Young (Allocation Failure) 142M->123M(150M) 3.336ms
[2020-08-06T02:03:51.743-0300] GC(3404) User=0.01s Sys=0.00s Real=0.00s
[2020-08-06T02:04:04.845-0300] GC(3405) Pause Young (Allocation Failure)
[2020-08-06T02:04:04.848-0300] GC(3405) PSYoungGen: 20625K->752K(20992K)
[2020-08-06T02:04:04.848-0300] GC(3405) ParOldGen: 126301K->126858K(133120K)
[2020-08-06T02:04:04.848-0300] GC(3405) Metaspace: 119359K->119359K(1163264K)
[2020-08-06T02:04:04.848-0300] GC(3405) Pause Young (Allocation Failure) 143M->124M(150M) 2.908ms
[2020-08-06T02:04:04.848-0300] GC(3405) User=0.01s Sys=0.00s Real=0.00s
[2020-08-06T02:04:13.560-0300] GC(3406) Pause Young (Allocation Failure)
[2020-08-06T02:04:13.564-0300] GC(3406) PSYoungGen: 20720K->480K(20992K)
[2020-08-06T02:04:13.564-0300] GC(3406) ParOldGen: 126858K->127471K(133120K)
[2020-08-06T02:04:13.564-0300] GC(3406) Metaspace: 119359K->119359K(1163264K)
[2020-08-06T02:04:13.564-0300] GC(3406) Pause Young (Allocation Failure) 144M->124M(150M) 3.509ms
[2020-08-06T02:04:13.564-0300] GC(3406) User=0.01s Sys=0.00s Real=0.01s
[2020-08-06T02:04:14.949-0300] GC(3407) Pause Young (Allocation Failure)
[2020-08-06T02:04:14.953-0300] GC(3407) PSYoungGen: 20448K->384K(20992K)
[2020-08-06T02:04:14.953-0300] GC(3407) ParOldGen: 127471K->127852K(133120K)
[2020-08-06T02:04:14.953-0300] GC(3407) Metaspace: 119359K->119359K(1163264K)
[2020-08-06T02:04:14.953-0300] GC(3407) Pause Young (Allocation Failure) 144M->125M(150M) 3.138ms
[2020-08-06T02:04:14.953-0300] GC(3407) User=0.01s Sys=0.00s Real=0.00s
[2020-08-06T02:04:16.188-0300] GC(3408) Pause Young (Allocation Failure)
[2020-08-06T02:04:16.190-0300] GC(3408) PSYoungGen: 20352K->401K(20992K)
[2020-08-06T02:04:16.191-0300] GC(3408) ParOldGen: 127852K->128102K(133120K)
[2020-08-06T02:04:16.191-0300] GC(3408) Metaspace: 119359K->119359K(1163264K)
[2020-08-06T02:04:16.191-0300] GC(3408) Pause Young (Allocation Failure) 144M->125M(150M) 2.997ms
[2020-08-06T02:04:16.191-0300] GC(3408) User=0.01s Sys=0.00s Real=0.00s
[2020-08-06T02:04:17.709-0300] GC(3409) Pause Young (Allocation Failure)
[2020-08-06T02:04:17.716-0300] GC(3409) PSYoungGen: 20369K->384K(20992K)
[2020-08-06T02:04:17.716-0300] GC(3409) ParOldGen: 128102K->128359K(133120K)
[2020-08-06T02:04:17.716-0300] GC(3409) Metaspace: 119359K->119359K(1163264K)
[2020-08-06T02:04:17.716-0300] GC(3409) Pause Young (Allocation Failure) 144M->125M(150M) 6.594ms
[2020-08-06T02:04:17.716-0300] GC(3409) User=0.01s Sys=0.00s Real=0.01s
[2020-08-06T02:04:23.286-0300] GC(3410) Pause Young (Allocation Failure)
[2020-08-06T02:04:23.290-0300] GC(3410) PSYoungGen: 20348K->256K(20992K)
[2020-08-06T02:04:23.290-0300] GC(3410) ParOldGen: 128359K->128431K(133120K)
[2020-08-06T02:04:23.290-0300] GC(3410) Metaspace: 119359K->119359K(1163264K)
[2020-08-06T02:04:23.290-0300] GC(3410) Pause Young (Allocation Failure) 145M->125M(150M) 3.780ms
[2020-08-06T02:04:23.290-0300] GC(3410) User=0.00s Sys=0.00s Real=0.00s
[2020-08-06T02:04:49.849-0300] GC(3411) Pause Young (Allocation Failure)
[2020-08-06T02:04:49.852-0300] GC(3411) PSYoungGen: 20224K->416K(20992K)
[2020-08-06T02:04:49.852-0300] GC(3411) ParOldGen: 128431K->128539K(133120K)
[2020-08-06T02:04:49.852-0300] GC(3411) Metaspace: 119359K->119359K(1163264K)
[2020-08-06T02:04:49.852-0300] GC(3411) Pause Young (Allocation Failure) 145M->125M(150M) 2.971ms
[2020-08-06T02:04:49.852-0300] GC(3411) User=0.01s Sys=0.00s Real=0.00s
[2020-08-06T02:05:16.865-0300] GC(3412) Pause Young (Allocation Failure)
[2020-08-06T02:05:16.868-0300] GC(3412) PSYoungGen: 20384K->576K(20992K)
[2020-08-06T02:05:16.868-0300] GC(3412) ParOldGen: 128539K->128835K(133120K)
[2020-08-06T02:05:16.868-0300] GC(3412) Metaspace: 119359K->119359K(1163264K)
[2020-08-06T02:05:16.868-0300] GC(3412) Pause Young (Allocation Failure) 145M->126M(150M) 2.889ms
[2020-08-06T02:05:16.868-0300] GC(3412) User=0.00s Sys=0.00s Real=0.00s
[2020-08-06T02:05:33.908-0300] GC(3413) Pause Young (Allocation Failure)
[2020-08-06T02:05:33.911-0300] GC(3413) PSYoungGen: 20544K->384K(20992K)
[2020-08-06T02:05:33.911-0300] GC(3413) ParOldGen: 128835K->129299K(133120K)
[2020-08-06T02:05:33.911-0300] GC(3413) Metaspace: 119359K->119359K(1163264K)
[2020-08-06T02:05:33.911-0300] GC(3413) Pause Young (Allocation Failure) 145M->126M(150M) 2.935ms
[2020-08-06T02:05:33.911-0300] GC(3413) User=0.01s Sys=0.00s Real=0.00s
[2020-08-06T02:06:00.117-0300] GC(3414) Pause Young (Allocation Failure)
[2020-08-06T02:06:00.120-0300] GC(3414) PSYoungGen: 20352K->544K(20992K)
[2020-08-06T02:06:00.120-0300] GC(3414) ParOldGen: 129299K->129563K(133120K)
[2020-08-06T02:06:00.120-0300] GC(3414) Metaspace: 119359K->119359K(1163264K)
[2020-08-06T02:06:00.120-0300] GC(3414) Pause Young (Allocation Failure) 146M->127M(150M) 2.879ms
[2020-08-06T02:06:00.120-0300] GC(3414) User=0.01s Sys=0.00s Real=0.00s
[2020-08-06T02:06:19.433-0300] GC(3415) Pause Young (Allocation Failure)
[2020-08-06T02:06:19.436-0300] GC(3415) PSYoungGen: 20512K->336K(20992K)
[2020-08-06T02:06:19.436-0300] GC(3415) ParOldGen: 129563K->129987K(133120K)
[2020-08-06T02:06:19.436-0300] GC(3415) Metaspace: 119359K->119359K(1163264K)
[2020-08-06T02:06:19.436-0300] GC(3415) Pause Young (Allocation Failure) 146M->127M(150M) 3.140ms
[2020-08-06T02:06:19.436-0300] GC(3415) User=0.01s Sys=0.00s Real=0.01s
[2020-08-06T02:06:44.849-0300] GC(3416) Pause Young (Allocation Failure)
[2020-08-06T02:06:44.852-0300] GC(3416) PSYoungGen: 20304K->288K(20992K)
[2020-08-06T02:06:44.852-0300] GC(3416) ParOldGen: 129987K->130171K(133120K)
[2020-08-06T02:06:44.852-0300] GC(3416) Metaspace: 119360K->119360K(1163264K)
[2020-08-06T02:06:44.852-0300] GC(3416) Pause Young (Allocation Failure) 146M->127M(150M) 2.852ms
[2020-08-06T02:06:44.852-0300] GC(3416) User=0.00s Sys=0.00s Real=0.00s
[2020-08-06T02:07:14.283-0300] GC(3417) Pause Young (Allocation Failure)
[2020-08-06T02:07:14.286-0300] GC(3417) PSYoungGen: 20256K->320K(20992K)
[2020-08-06T02:07:14.286-0300] GC(3417) ParOldGen: 130171K->130307K(133120K)
[2020-08-06T02:07:14.286-0300] GC(3417) Metaspace: 119360K->119360K(1163264K)
[2020-08-06T02:07:14.286-0300] GC(3417) Pause Young (Allocation Failure) 146M->127M(150M) 3.049ms
[2020-08-06T02:07:14.286-0300] GC(3417) User=0.01s Sys=0.00s Real=0.01s
[2020-08-06T02:07:27.382-0300] GC(3418) Pause Young (Allocation Failure)
[2020-08-06T02:07:27.384-0300] GC(3418) PSYoungGen: 20288K->320K(20992K)
[2020-08-06T02:07:27.384-0300] GC(3418) ParOldGen: 130307K->130395K(133120K)
[2020-08-06T02:07:27.384-0300] GC(3418) Metaspace: 119360K->119360K(1163264K)
[2020-08-06T02:07:27.384-0300] GC(3418) Pause Young (Allocation Failure) 147M->127M(150M) 2.421ms
[2020-08-06T02:07:27.384-0300] GC(3418) User=0.01s Sys=0.00s Real=0.01s
[2020-08-06T02:07:54.853-0300] GC(3419) Pause Young (Allocation Failure)
[2020-08-06T02:07:54.856-0300] GC(3419) PSYoungGen: 20288K->235K(20992K)
[2020-08-06T02:07:54.856-0300] GC(3419) ParOldGen: 130395K->130467K(133120K)
[2020-08-06T02:07:54.856-0300] GC(3419) Metaspace: 119360K->119360K(1163264K)
[2020-08-06T02:07:54.856-0300] GC(3419) Pause Young (Allocation Failure) 147M->127M(150M) 3.339ms
[2020-08-06T02:07:54.856-0300] GC(3419) User=0.00s Sys=0.00s Real=0.01s
[2020-08-06T02:08:19.945-0300] GC(3420) Pause Young (Allocation Failure)
[2020-08-06T02:08:19.948-0300] GC(3420) PSYoungGen: 20203K->160K(20992K)
[2020-08-06T02:08:19.948-0300] GC(3420) ParOldGen: 130467K->130515K(133120K)
[2020-08-06T02:08:19.948-0300] GC(3420) Metaspace: 119360K->119360K(1163264K)
[2020-08-06T02:08:19.948-0300] GC(3420) Pause Young (Allocation Failure) 147M->127M(150M) 3.213ms
[2020-08-06T02:08:19.948-0300] GC(3420) User=0.00s Sys=0.00s Real=0.00s
[2020-08-06T02:08:39.846-0300] GC(3421) Pause Young (Allocation Failure)
[2020-08-06T02:08:39.850-0300] GC(3421) PSYoungGen: 20128K->736K(20992K)
[2020-08-06T02:08:39.850-0300] GC(3421) ParOldGen: 130515K->130563K(133120K)
[2020-08-06T02:08:39.850-0300] GC(3421) Metaspace: 119360K->119360K(1163264K)
[2020-08-06T02:08:39.850-0300] GC(3421) Pause Young (Allocation Failure) 147M->128M(150M) 3.193ms
[2020-08-06T02:08:39.850-0300] GC(3421) User=0.00s Sys=0.00s Real=0.00s
[2020-08-06T02:09:06.398-0300] GC(3422) Pause Young (Allocation Failure)
[2020-08-06T02:09:06.401-0300] GC(3422) PSYoungGen: 20704K->704K(20992K)
[2020-08-06T02:09:06.401-0300] GC(3422) ParOldGen: 130563K->131183K(133120K)
[2020-08-06T02:09:06.401-0300] GC(3422) Metaspace: 119360K->119360K(1163264K)
[2020-08-06T02:09:06.401-0300] GC(3422) Pause Young (Allocation Failure) 147M->128M(150M) 3.580ms
[2020-08-06T02:09:06.401-0300] GC(3422) User=0.00s Sys=0.00s Real=0.00s
[2020-08-06T02:09:25.740-0300] GC(3423) Pause Young (Allocation Failure)
[2020-08-06T02:09:25.743-0300] GC(3423) PSYoungGen: 20672K->544K(20992K)
[2020-08-06T02:09:25.743-0300] GC(3423) ParOldGen: 131183K->131783K(133120K)
[2020-08-06T02:09:25.743-0300] GC(3423) Metaspace: 119360K->119360K(1163264K)
[2020-08-06T02:09:25.743-0300] GC(3423) Pause Young (Allocation Failure) 148M->129M(150M) 2.931ms
[2020-08-06T02:09:25.743-0300] GC(3423) User=0.01s Sys=0.00s Real=0.00s
[2020-08-06T02:09:40.084-0300] GC(3424) Pause Young (Allocation Failure)
[2020-08-06T02:09:40.088-0300] GC(3424) PSYoungGen: 20512K->384K(20992K)
[2020-08-06T02:09:40.088-0300] GC(3424) ParOldGen: 131783K->132220K(133120K)
[2020-08-06T02:09:40.088-0300] GC(3424) Metaspace: 119360K->119360K(1163264K)
[2020-08-06T02:09:40.088-0300] GC(3424) Pause Young (Allocation Failure) 148M->129M(150M) 3.798ms
[2020-08-06T02:09:40.088-0300] GC(3424) User=0.01s Sys=0.00s Real=0.00s
[2020-08-06T02:09:52.279-0300] GC(3425) Pause Young (Allocation Failure)
[2020-08-06T02:09:52.282-0300] GC(3425) PSYoungGen: 20352K->512K(20992K)
[2020-08-06T02:09:52.282-0300] GC(3425) ParOldGen: 132220K->132569K(133120K)
[2020-08-06T02:09:52.282-0300] GC(3425) Metaspace: 119360K->119360K(1163264K)
[2020-08-06T02:09:52.282-0300] GC(3425) Pause Young (Allocation Failure) 148M->129M(150M) 2.770ms
[2020-08-06T02:09:52.282-0300] GC(3425) User=0.01s Sys=0.00s Real=0.00s
[2020-08-06T02:09:52.282-0300] GC(3426) Pause Full (Ergonomics)
[2020-08-06T02:09:52.282-0300] GC(3426) Marking Phase
[2020-08-06T02:09:52.362-0300] GC(3426) Marking Phase 79.612ms
[2020-08-06T02:09:52.362-0300] GC(3426) Summary Phase
[2020-08-06T02:09:52.362-0300] GC(3426) Summary Phase 0.015ms
[2020-08-06T02:09:52.362-0300] GC(3426) Adjust Roots
[2020-08-06T02:09:52.390-0300] GC(3426) Adjust Roots 28.392ms
[2020-08-06T02:09:52.390-0300] GC(3426) Compaction Phase
[2020-08-06T02:09:52.420-0300] GC(3426) Compaction Phase 30.268ms
[2020-08-06T02:09:52.420-0300] GC(3426) Post Compact
[2020-08-06T02:09:52.421-0300] GC(3426) Post Compact 0.659ms
[2020-08-06T02:09:52.421-0300] GC(3426) PSYoungGen: 512K->0K(20992K)
[2020-08-06T02:09:52.421-0300] GC(3426) ParOldGen: 132569K->102972K(132096K)
[2020-08-06T02:09:52.421-0300] GC(3426) Metaspace: 119360K->119360K(1163264K)
[2020-08-06T02:09:52.421-0300] GC(3426) Pause Full (Ergonomics) 129M->100M(149M) 139.371ms
[2020-08-06T02:09:52.421-0300] GC(3426) User=0.36s Sys=0.00s Real=0.14s
[2020-08-06T02:09:53.739-0300] GC(3427) Pause Young (Allocation Failure)
[2020-08-06T02:09:53.742-0300] GC(3427) PSYoungGen: 19968K->384K(20992K)
[2020-08-06T02:09:53.742-0300] GC(3427) ParOldGen: 102972K->102972K(132096K)
[2020-08-06T02:09:53.742-0300] GC(3427) Metaspace: 119360K->119360K(1163264K)
[2020-08-06T02:09:53.742-0300] GC(3427) Pause Young (Allocation Failure) 120M->100M(149M) 2.981ms
[2020-08-06T02:09:53.742-0300] GC(3427) User=0.00s Sys=0.00s Real=0.00s
[2020-08-06T02:09:55.016-0300] GC(3428) Pause Young (Allocation Failure)
[2020-08-06T02:09:55.020-0300] GC(3428) PSYoungGen: 20352K->304K(20992K)
[2020-08-06T02:09:55.020-0300] GC(3428) ParOldGen: 102972K->103243K(132096K)
[2020-08-06T02:09:55.020-0300] GC(3428) Metaspace: 119360K->119360K(1163264K)
[2020-08-06T02:09:55.020-0300] GC(3428) Pause Young (Allocation Failure) 120M->101M(149M) 3.556ms
[2020-08-06T02:09:55.020-0300] GC(3428) User=0.00s Sys=0.00s Real=0.00s
[2020-08-06T02:09:56.573-0300] GC(3429) Pause Young (Allocation Failure)
[2020-08-06T02:09:56.576-0300] GC(3429) PSYoungGen: 20272K->401K(20992K)
[2020-08-06T02:09:56.576-0300] GC(3429) ParOldGen: 103243K->103456K(132096K)
[2020-08-06T02:09:56.576-0300] GC(3429) Metaspace: 119360K->119360K(1163264K)
[2020-08-06T02:09:56.576-0300] GC(3429) Pause Young (Allocation Failure) 120M->101M(149M) 2.727ms
[2020-08-06T02:09:56.576-0300] GC(3429) User=0.01s Sys=0.00s Real=0.01s
[2020-08-06T02:09:57.902-0300] GC(3430) Pause Young (Allocation Failure)
[2020-08-06T02:09:57.904-0300] GC(3430) PSYoungGen: 20366K->369K(20992K)
[2020-08-06T02:09:57.904-0300] GC(3430) ParOldGen: 103456K->103701K(132096K)
[2020-08-06T02:09:57.904-0300] GC(3430) Metaspace: 119360K->119360K(1163264K)
[2020-08-06T02:09:57.904-0300] GC(3430) Pause Young (Allocation Failure) 120M->101M(149M) 2.417ms
[2020-08-06T02:09:57.904-0300] GC(3430) User=0.01s Sys=0.00s Real=0.01s
[2020-08-06T02:10:00.674-0300] GC(3431) Pause Young (Allocation Failure)
[2020-08-06T02:10:00.677-0300] GC(3431) PSYoungGen: 20336K->480K(20992K)
[2020-08-06T02:10:00.677-0300] GC(3431) ParOldGen: 103701K->103830K(132096K)
[2020-08-06T02:10:00.677-0300] GC(3431) Metaspace: 119360K->119360K(1163264K)
[2020-08-06T02:10:00.677-0300] GC(3431) Pause Young (Allocation Failure) 121M->101M(149M) 2.557ms
[2020-08-06T02:10:00.677-0300] GC(3431) User=0.00s Sys=0.00s Real=0.00s
[2020-08-06T02:10:28.278-0300] GC(3432) Pause Young (Allocation Failure)
[2020-08-06T02:10:28.281-0300] GC(3432) PSYoungGen: 20448K->640K(20992K)
[2020-08-06T02:10:28.281-0300] GC(3432) ParOldGen: 103830K->104122K(132096K)
[2020-08-06T02:10:28.281-0300] GC(3432) Metaspace: 119360K->119360K(1163264K)
[2020-08-06T02:10:28.281-0300] GC(3432) Pause Young (Allocation Failure) 121M->102M(149M) 2.657ms
[2020-08-06T02:10:28.281-0300] GC(3432) User=0.00s Sys=0.00s Real=0.00s
[2020-08-06T02:10:54.849-0300] GC(3433) Pause Young (Allocation Failure)
[2020-08-06T02:10:54.851-0300] GC(3433) PSYoungGen: 20608K->630K(20992K)
[2020-08-06T02:10:54.851-0300] GC(3433) ParOldGen: 104122K->104586K(132096K)
[2020-08-06T02:10:54.851-0300] GC(3433) Metaspace: 119360K->119360K(1163264K)
[2020-08-06T02:10:54.851-0300] GC(3433) Pause Young (Allocation Failure) 121M->102M(149M) 2.870ms
[2020-08-06T02:10:54.851-0300] GC(3433) User=0.00s Sys=0.00s Real=0.00s
[2020-08-06T02:11:09.452-0300] GC(3434) Pause Young (Allocation Failure)
[2020-08-06T02:11:09.455-0300] GC(3434) PSYoungGen: 20598K->464K(20992K)
[2020-08-06T02:11:09.455-0300] GC(3434) ParOldGen: 104586K->105042K(132096K)
[2020-08-06T02:11:09.455-0300] GC(3434) Metaspace: 119360K->119360K(1163264K)
[2020-08-06T02:11:09.455-0300] GC(3434) Pause Young (Allocation Failure) 122M->103M(149M) 2.681ms
[2020-08-06T02:11:09.455-0300] GC(3434) User=0.01s Sys=0.00s Real=0.01s
[2020-08-06T02:11:24.907-0300] GC(3435) Pause Young (Allocation Failure)
[2020-08-06T02:11:24.910-0300] GC(3435) PSYoungGen: 20430K->304K(20992K)
[2020-08-06T02:11:24.910-0300] GC(3435) ParOldGen: 105042K->105367K(132096K)
[2020-08-06T02:11:24.910-0300] GC(3435) Metaspace: 119360K->119360K(1163264K)
[2020-08-06T02:11:24.910-0300] GC(3435) Pause Young (Allocation Failure) 122M->103M(149M) 2.965ms
[2020-08-06T02:11:24.910-0300] GC(3435) User=0.01s Sys=0.00s Real=0.00s
[2020-08-06T02:11:39.845-0300] GC(3436) Pause Young (Allocation Failure)
[2020-08-06T02:11:39.849-0300] GC(3436) PSYoungGen: 20272K->352K(20992K)
[2020-08-06T02:11:39.849-0300] GC(3436) ParOldGen: 105367K->105620K(132096K)
[2020-08-06T02:11:39.849-0300] GC(3436) Metaspace: 119361K->119361K(1163264K)
[2020-08-06T02:11:39.849-0300] GC(3436) Pause Young (Allocation Failure) 122M->103M(149M) 3.693ms
[2020-08-06T02:11:39.849-0300] GC(3436) User=0.00s Sys=0.00s Real=0.00s
[2020-08-06T02:11:51.484-0300] GC(3437) Pause Young (Allocation Failure)
[2020-08-06T02:11:51.487-0300] GC(3437) PSYoungGen: 20320K->369K(20992K)
[2020-08-06T02:11:51.487-0300] GC(3437) ParOldGen: 105620K->105845K(132096K)
[2020-08-06T02:11:51.487-0300] GC(3437) Metaspace: 119366K->119366K(1163264K)
[2020-08-06T02:11:51.487-0300] GC(3437) Pause Young (Allocation Failure) 122M->103M(149M) 3.358ms
[2020-08-06T02:11:51.487-0300] GC(3437) User=0.00s Sys=0.00s Real=0.01s
[2020-08-06T02:12:07.275-0300] GC(3438) Pause Young (Allocation Failure)
[2020-08-06T02:12:07.278-0300] GC(3438) PSYoungGen: 20336K->368K(20992K)
[2020-08-06T02:12:07.278-0300] GC(3438) ParOldGen: 105845K->106070K(132096K)
[2020-08-06T02:12:07.278-0300] GC(3438) Metaspace: 119366K->119366K(1163264K)
[2020-08-06T02:12:07.278-0300] GC(3438) Pause Young (Allocation Failure) 123M->103M(149M) 3.475ms
[2020-08-06T02:12:07.278-0300] GC(3438) User=0.01s Sys=0.00s Real=0.00s
[2020-08-06T02:12:20.142-0300] GC(3439) Pause Young (Allocation Failure)
[2020-08-06T02:12:20.145-0300] GC(3439) PSYoungGen: 20336K->496K(20992K)
[2020-08-06T02:12:20.145-0300] GC(3439) ParOldGen: 106070K->106298K(132096K)
[2020-08-06T02:12:20.145-0300] GC(3439) Metaspace: 119371K->119371K(1163264K)
[2020-08-06T02:12:20.145-0300] GC(3439) Pause Young (Allocation Failure) 123M->104M(149M) 2.868ms
[2020-08-06T02:12:20.145-0300] GC(3439) User=0.00s Sys=0.00s Real=0.01s
[2020-08-06T02:12:33.664-0300] GC(3440) Pause Young (Allocation Failure)
[2020-08-06T02:12:33.667-0300] GC(3440) PSYoungGen: 20463K->272K(20992K)
[2020-08-06T02:12:33.667-0300] GC(3440) ParOldGen: 106298K->106583K(132096K)
[2020-08-06T02:12:33.667-0300] GC(3440) Metaspace: 119371K->119371K(1163264K)
[2020-08-06T02:12:33.667-0300] GC(3440) Pause Young (Allocation Failure) 123M->104M(149M) 2.688ms
[2020-08-06T02:12:33.667-0300] GC(3440) User=0.00s Sys=0.00s Real=0.00s
[2020-08-06T02:12:49.336-0300] GC(3441) Pause Young (Allocation Failure)
[2020-08-06T02:12:49.338-0300] GC(3441) PSYoungGen: 20240K->256K(20992K)
[2020-08-06T02:12:49.338-0300] GC(3441) ParOldGen: 106583K->106760K(132096K)
[2020-08-06T02:12:49.338-0300] GC(3441) Metaspace: 119371K->119371K(1163264K)
[2020-08-06T02:12:49.338-0300] GC(3441) Pause Young (Allocation Failure) 123M->104M(149M) 2.304ms
[2020-08-06T02:12:49.338-0300] GC(3441) User=0.01s Sys=0.00s Real=0.00s
[2020-08-06T02:12:59.846-0300] GC(3442) Pause Young (Allocation Failure)
[2020-08-06T02:12:59.848-0300] GC(3442) PSYoungGen: 20224K->304K(20992K)
[2020-08-06T02:12:59.848-0300] GC(3442) ParOldGen: 106760K->106909K(132096K)
[2020-08-06T02:12:59.848-0300] GC(3442) Metaspace: 119371K->119371K(1163264K)
[2020-08-06T02:12:59.848-0300] GC(3442) Pause Young (Allocation Failure) 124M->104M(149M) 2.236ms
[2020-08-06T02:12:59.848-0300] GC(3442) User=0.00s Sys=0.00s Real=0.00s
[2020-08-06T02:13:12.275-0300] GC(3443) Pause Young (Allocation Failure)
[2020-08-06T02:13:12.278-0300] GC(3443) PSYoungGen: 20272K->384K(20992K)
[2020-08-06T02:13:12.278-0300] GC(3443) ParOldGen: 106909K->107086K(132096K)
[2020-08-06T02:13:12.278-0300] GC(3443) Metaspace: 119371K->119371K(1163264K)
[2020-08-06T02:13:12.278-0300] GC(3443) Pause Young (Allocation Failure) 124M->104M(149M) 3.067ms
[2020-08-06T02:13:12.278-0300] GC(3443) User=0.00s Sys=0.00s Real=0.00s
[2020-08-06T02:13:26.434-0300] GC(3444) Pause Young (Allocation Failure)
[2020-08-06T02:13:26.437-0300] GC(3444) PSYoungGen: 20352K->400K(20992K)
[2020-08-06T02:13:26.437-0300] GC(3444) ParOldGen: 107086K->107275K(132096K)
[2020-08-06T02:13:26.437-0300] GC(3444) Metaspace: 119371K->119371K(1163264K)
[2020-08-06T02:13:26.437-0300] GC(3444) Pause Young (Allocation Failure) 124M->105M(149M) 3.331ms
[2020-08-06T02:13:26.437-0300] GC(3444) User=0.01s Sys=0.00s Real=0.01s
[2020-08-06T02:13:37.346-0300] GC(3445) Pause Young (Allocation Failure)
[2020-08-06T02:13:37.349-0300] GC(3445) PSYoungGen: 20368K->608K(20992K)
[2020-08-06T02:13:37.349-0300] GC(3445) ParOldGen: 107275K->107548K(132096K)
[2020-08-06T02:13:37.349-0300] GC(3445) Metaspace: 119371K->119371K(1163264K)
[2020-08-06T02:13:37.349-0300] GC(3445) Pause Young (Allocation Failure) 124M->105M(149M) 3.489ms
[2020-08-06T02:13:37.349-0300] GC(3445) User=0.00s Sys=0.00s Real=0.00s
[2020-08-06T02:13:38.809-0300] GC(3446) Pause Young (Allocation Failure)
[2020-08-06T02:13:38.812-0300] GC(3446) PSYoungGen: 20576K->385K(20992K)
[2020-08-06T02:13:38.812-0300] GC(3446) ParOldGen: 107548K->108061K(132096K)
[2020-08-06T02:13:38.812-0300] GC(3446) Metaspace: 119371K->119371K(1163264K)
[2020-08-06T02:13:38.812-0300] GC(3446) Pause Young (Allocation Failure) 125M->105M(149M) 2.787ms
[2020-08-06T02:13:38.812-0300] GC(3446) User=0.00s Sys=0.00s Real=0.00s
[2020-08-06T02:13:40.185-0300] GC(3447) Pause Young (Allocation Failure)
[2020-08-06T02:13:40.189-0300] GC(3447) PSYoungGen: 20353K->352K(20992K)
[2020-08-06T02:13:40.189-0300] GC(3447) ParOldGen: 108061K->108359K(132096K)
[2020-08-06T02:13:40.189-0300] GC(3447) Metaspace: 119371K->119371K(1163264K)
[2020-08-06T02:13:40.189-0300] GC(3447) Pause Young (Allocation Failure) 125M->106M(149M) 3.224ms
[2020-08-06T02:13:40.189-0300] GC(3447) User=0.00s Sys=0.00s Real=0.00s
[2020-08-06T02:13:41.475-0300] GC(3448) Pause Young (Allocation Failure)
[2020-08-06T02:13:41.479-0300] GC(3448) PSYoungGen: 20319K->305K(20992K)
[2020-08-06T02:13:41.479-0300] GC(3448) ParOldGen: 108359K->108600K(132096K)
[2020-08-06T02:13:41.479-0300] GC(3448) Metaspace: 119371K->119371K(1163264K)
[2020-08-06T02:13:41.479-0300] GC(3448) Pause Young (Allocation Failure) 125M->106M(149M) 3.687ms
[2020-08-06T02:13:41.479-0300] GC(3448) User=0.00s Sys=0.00s Real=0.00s
[2020-08-06T02:13:44.850-0300] GC(3449) Pause Young (Allocation Failure)
[2020-08-06T02:13:44.854-0300] GC(3449) PSYoungGen: 20268K->336K(20992K)
[2020-08-06T02:13:44.854-0300] GC(3449) ParOldGen: 108600K->108664K(132096K)
[2020-08-06T02:13:44.854-0300] GC(3449) Metaspace: 119371K->119371K(1163264K)
[2020-08-06T02:13:44.854-0300] GC(3449) Pause Young (Allocation Failure) 125M->106M(149M) 3.487ms
[2020-08-06T02:13:44.854-0300] GC(3449) User=0.01s Sys=0.01s Real=0.00s
[2020-08-06T02:14:11.761-0300] GC(3450) Pause Young (Allocation Failure)
[2020-08-06T02:14:11.765-0300] GC(3450) PSYoungGen: 20304K->752K(20992K)
[2020-08-06T02:14:11.765-0300] GC(3450) ParOldGen: 108664K->108788K(132096K)
[2020-08-06T02:14:11.765-0300] GC(3450) Metaspace: 119371K->119371K(1163264K)
[2020-08-06T02:14:11.765-0300] GC(3450) Pause Young (Allocation Failure) 125M->106M(149M) 4.237ms
[2020-08-06T02:14:11.765-0300] GC(3450) User=0.00s Sys=0.00s Real=0.01s
[2020-08-06T02:14:39.845-0300] GC(3451) Pause Young (Allocation Failure)
[2020-08-06T02:14:39.848-0300] GC(3451) PSYoungGen: 20720K->448K(20992K)
[2020-08-06T02:14:39.848-0300] GC(3451) ParOldGen: 108788K->109500K(132096K)
[2020-08-06T02:14:39.848-0300] GC(3451) Metaspace: 119371K->119371K(1163264K)
[2020-08-06T02:14:39.848-0300] GC(3451) Pause Young (Allocation Failure) 126M->107M(149M) 2.842ms
[2020-08-06T02:14:39.848-0300] GC(3451) User=0.00s Sys=0.00s Real=0.00s
[2020-08-06T02:14:55.229-0300] GC(3452) Pause Young (Allocation Failure)
[2020-08-06T02:14:55.232-0300] GC(3452) PSYoungGen: 20416K->288K(20992K)
[2020-08-06T02:14:55.232-0300] GC(3452) ParOldGen: 109500K->109836K(132096K)
[2020-08-06T02:14:55.232-0300] GC(3452) Metaspace: 119371K->119371K(1163264K)
[2020-08-06T02:14:55.232-0300] GC(3452) Pause Young (Allocation Failure) 126M->107M(149M) 3.199ms
[2020-08-06T02:14:55.232-0300] GC(3452) User=0.01s Sys=0.00s Real=0.00s
[2020-08-06T02:15:23.280-0300] GC(3453) Pause Young (Allocation Failure)
[2020-08-06T02:15:23.282-0300] GC(3453) PSYoungGen: 20256K->672K(20992K)
[2020-08-06T02:15:23.282-0300] GC(3453) ParOldGen: 109836K->110068K(132096K)
[2020-08-06T02:15:23.283-0300] GC(3453) Metaspace: 119371K->119371K(1163264K)
[2020-08-06T02:15:23.283-0300] GC(3453) Pause Young (Allocation Failure) 127M->108M(149M) 2.866ms
[2020-08-06T02:15:23.283-0300] GC(3453) User=0.00s Sys=0.00s Real=0.00s
[2020-08-06T02:15:43.438-0300] GC(3454) Pause Young (Allocation Failure)
[2020-08-06T02:15:43.440-0300] GC(3454) PSYoungGen: 20640K->496K(20992K)
[2020-08-06T02:15:43.440-0300] GC(3454) ParOldGen: 110068K->110524K(132096K)
[2020-08-06T02:15:43.440-0300] GC(3454) Metaspace: 119371K->119371K(1163264K)
[2020-08-06T02:15:43.440-0300] GC(3454) Pause Young (Allocation Failure) 127M->108M(149M) 2.479ms
[2020-08-06T02:15:43.440-0300] GC(3454) User=0.01s Sys=0.00s Real=0.00s
[2020-08-06T02:16:08.300-0300] GC(3455) Pause Young (Allocation Failure)
[2020-08-06T02:16:08.303-0300] GC(3455) PSYoungGen: 20464K->608K(20992K)
[2020-08-06T02:16:08.303-0300] GC(3455) ParOldGen: 110524K->110864K(132096K)
[2020-08-06T02:16:08.303-0300] GC(3455) Metaspace: 119371K->119371K(1163264K)
[2020-08-06T02:16:08.303-0300] GC(3455) Pause Young (Allocation Failure) 127M->108M(149M) 2.996ms
[2020-08-06T02:16:08.303-0300] GC(3455) User=0.00s Sys=0.01s Real=0.00s
[2020-08-06T02:16:34.852-0300] GC(3456) Pause Young (Allocation Failure)
[2020-08-06T02:16:34.856-0300] GC(3456) PSYoungGen: 20576K->390K(20992K)
[2020-08-06T02:16:34.856-0300] GC(3456) ParOldGen: 110864K->111264K(132096K)
[2020-08-06T02:16:34.856-0300] GC(3456) Metaspace: 119371K->119371K(1163264K)
[2020-08-06T02:16:34.856-0300] GC(3456) Pause Young (Allocation Failure) 128M->109M(149M) 4.143ms
[2020-08-06T02:16:34.856-0300] GC(3456) User=0.01s Sys=0.00s Real=0.01s
[2020-08-06T02:16:51.301-0300] GC(3457) Pause Young (Allocation Failure)
[2020-08-06T02:16:51.304-0300] GC(3457) PSYoungGen: 20358K->352K(20992K)
[2020-08-06T02:16:51.304-0300] GC(3457) ParOldGen: 111264K->111448K(132096K)
[2020-08-06T02:16:51.304-0300] GC(3457) Metaspace: 119371K->119371K(1163264K)
[2020-08-06T02:16:51.304-0300] GC(3457) Pause Young (Allocation Failure) 128M->109M(149M) 3.216ms
[2020-08-06T02:16:51.304-0300] GC(3457) User=0.00s Sys=0.00s Real=0.00s
[2020-08-06T02:17:19.847-0300] GC(3458) Pause Young (Allocation Failure)
[2020-08-06T02:17:19.850-0300] GC(3458) PSYoungGen: 20320K->192K(20992K)
[2020-08-06T02:17:19.850-0300] GC(3458) ParOldGen: 111448K->111628K(132096K)
[2020-08-06T02:17:19.850-0300] GC(3458) Metaspace: 119373K->119373K(1163264K)
[2020-08-06T02:17:19.850-0300] GC(3458) Pause Young (Allocation Failure) 128M->109M(149M) 2.994ms
[2020-08-06T02:17:19.850-0300] GC(3458) User=0.01s Sys=0.00s Real=0.00s
[2020-08-06T02:17:43.948-0300] GC(3459) Pause Young (Allocation Failure)
[2020-08-06T02:17:43.951-0300] GC(3459) PSYoungGen: 20160K->336K(20992K)
[2020-08-06T02:17:43.951-0300] GC(3459) ParOldGen: 111628K->111684K(132096K)
[2020-08-06T02:17:43.951-0300] GC(3459) Metaspace: 119373K->119373K(1163264K)
[2020-08-06T02:17:43.951-0300] GC(3459) Pause Young (Allocation Failure) 128M->109M(149M) 3.536ms
[2020-08-06T02:17:43.951-0300] GC(3459) User=0.01s Sys=0.00s Real=0.00s
[2020-08-06T02:17:58.299-0300] GC(3460) Pause Young (Allocation Failure)
[2020-08-06T02:17:58.303-0300] GC(3460) PSYoungGen: 20304K->401K(20992K)
[2020-08-06T02:17:58.303-0300] GC(3460) ParOldGen: 111684K->111764K(132096K)
[2020-08-06T02:17:58.303-0300] GC(3460) Metaspace: 119373K->119373K(1163264K)
[2020-08-06T02:17:58.303-0300] GC(3460) Pause Young (Allocation Failure) 128M->109M(149M) 4.049ms
[2020-08-06T02:17:58.303-0300] GC(3460) User=0.00s Sys=0.00s Real=0.00s
[2020-08-06T02:18:10.337-0300] GC(3461) Pause Young (Allocation Failure)
[2020-08-06T02:18:10.341-0300] GC(3461) PSYoungGen: 20369K->336K(20992K)
[2020-08-06T02:18:10.341-0300] GC(3461) ParOldGen: 111764K->111961K(132096K)
[2020-08-06T02:18:10.341-0300] GC(3461) Metaspace: 119373K->119373K(1163264K)
[2020-08-06T02:18:10.341-0300] GC(3461) Pause Young (Allocation Failure) 129M->109M(149M) 3.745ms
[2020-08-06T02:18:10.341-0300] GC(3461) User=0.01s Sys=0.00s Real=0.00s
[2020-08-06T02:18:26.012-0300] GC(3462) Pause Young (Allocation Failure)
[2020-08-06T02:18:26.015-0300] GC(3462) PSYoungGen: 20304K->400K(20992K)
[2020-08-06T02:18:26.015-0300] GC(3462) ParOldGen: 111961K->112146K(132096K)
[2020-08-06T02:18:26.015-0300] GC(3462) Metaspace: 119373K->119373K(1163264K)
[2020-08-06T02:18:26.015-0300] GC(3462) Pause Young (Allocation Failure) 129M->109M(149M) 2.889ms
[2020-08-06T02:18:26.015-0300] GC(3462) User=0.01s Sys=0.00s Real=0.01s
[2020-08-06T02:18:39.852-0300] GC(3463) Pause Young (Allocation Failure)
[2020-08-06T02:18:39.856-0300] GC(3463) PSYoungGen: 20368K->816K(20992K)
[2020-08-06T02:18:39.856-0300] GC(3463) ParOldGen: 112146K->112455K(132096K)
[2020-08-06T02:18:39.856-0300] GC(3463) Metaspace: 119373K->119373K(1163264K)
[2020-08-06T02:18:39.856-0300] GC(3463) Pause Young (Allocation Failure) 129M->110M(149M) 3.442ms
[2020-08-06T02:18:39.856-0300] GC(3463) User=0.00s Sys=0.01s Real=0.01s
[2020-08-06T02:18:54.296-0300] GC(3464) Pause Young (Allocation Failure)
[2020-08-06T02:18:54.299-0300] GC(3464) PSYoungGen: 20784K->624K(20992K)
[2020-08-06T02:18:54.299-0300] GC(3464) ParOldGen: 112455K->113060K(132096K)
[2020-08-06T02:18:54.299-0300] GC(3464) Metaspace: 119373K->119373K(1163264K)
[2020-08-06T02:18:54.299-0300] GC(3464) Pause Young (Allocation Failure) 130M->111M(149M) 3.296ms
[2020-08-06T02:18:54.299-0300] GC(3464) User=0.01s Sys=0.00s Real=0.00s
[2020-08-06T02:19:08.128-0300] GC(3465) Pause Young (Allocation Failure)
[2020-08-06T02:19:08.131-0300] GC(3465) PSYoungGen: 20592K->592K(20992K)
[2020-08-06T02:19:08.131-0300] GC(3465) ParOldGen: 113060K->113545K(132096K)
[2020-08-06T02:19:08.131-0300] GC(3465) Metaspace: 119373K->119373K(1163264K)
[2020-08-06T02:19:08.131-0300] GC(3465) Pause Young (Allocation Failure) 130M->111M(149M) 2.670ms
[2020-08-06T02:19:08.131-0300] GC(3465) User=0.01s Sys=0.00s Real=0.00s
[2020-08-06T02:19:23.343-0300] GC(3466) Pause Young (Allocation Failure)
[2020-08-06T02:19:23.346-0300] GC(3466) PSYoungGen: 20560K->512K(20992K)
[2020-08-06T02:19:23.346-0300] GC(3466) ParOldGen: 113545K->114014K(132096K)
[2020-08-06T02:19:23.346-0300] GC(3466) Metaspace: 119373K->119373K(1163264K)
[2020-08-06T02:19:23.346-0300] GC(3466) Pause Young (Allocation Failure) 130M->111M(149M) 2.668ms
[2020-08-06T02:19:23.346-0300] GC(3466) User=0.00s Sys=0.00s Real=0.01s
[2020-08-06T02:19:34.526-0300] GC(3467) Pause Young (Allocation Failure)
[2020-08-06T02:19:34.528-0300] GC(3467) PSYoungGen: 20480K->337K(20992K)
[2020-08-06T02:19:34.528-0300] GC(3467) ParOldGen: 114014K->114443K(132096K)
[2020-08-06T02:19:34.528-0300] GC(3467) Metaspace: 119373K->119373K(1163264K)
[2020-08-06T02:19:34.528-0300] GC(3467) Pause Young (Allocation Failure) 131M->112M(149M) 2.560ms
[2020-08-06T02:19:34.528-0300] GC(3467) User=0.00s Sys=0.00s Real=0.00s
[2020-08-06T02:19:45.096-0300] GC(3468) Pause Young (Allocation Failure)
[2020-08-06T02:19:45.099-0300] GC(3468) PSYoungGen: 20305K->448K(20992K)
[2020-08-06T02:19:45.099-0300] GC(3468) ParOldGen: 114443K->114664K(132096K)
[2020-08-06T02:19:45.099-0300] GC(3468) Metaspace: 119373K->119373K(1163264K)
[2020-08-06T02:19:45.099-0300] GC(3468) Pause Young (Allocation Failure) 131M->112M(149M) 2.435ms
[2020-08-06T02:19:45.099-0300] GC(3468) User=0.01s Sys=0.00s Real=0.00s
[2020-08-06T02:20:00.790-0300] GC(3469) Pause Young (Allocation Failure)
[2020-08-06T02:20:00.792-0300] GC(3469) PSYoungGen: 20416K->416K(20992K)
[2020-08-06T02:20:00.793-0300] GC(3469) ParOldGen: 114664K->115005K(132096K)
[2020-08-06T02:20:00.793-0300] GC(3469) Metaspace: 119373K->119373K(1163264K)
[2020-08-06T02:20:00.793-0300] GC(3469) Pause Young (Allocation Failure) 131M->112M(149M) 2.534ms
[2020-08-06T02:20:00.793-0300] GC(3469) User=0.00s Sys=0.00s Real=0.00s
[2020-08-06T02:20:14.847-0300] GC(3470) Pause Young (Allocation Failure)
[2020-08-06T02:20:14.850-0300] GC(3470) PSYoungGen: 20384K->657K(20992K)
[2020-08-06T02:20:14.850-0300] GC(3470) ParOldGen: 115005K->115330K(132096K)
[2020-08-06T02:20:14.850-0300] GC(3470) Metaspace: 119373K->119373K(1163264K)
[2020-08-06T02:20:14.850-0300] GC(3470) Pause Young (Allocation Failure) 132M->113M(149M) 2.585ms
[2020-08-06T02:20:14.850-0300] GC(3470) User=0.01s Sys=0.00s Real=0.00s
[2020-08-06T02:20:27.227-0300] GC(3471) Pause Young (Allocation Failure)
[2020-08-06T02:20:27.230-0300] GC(3471) PSYoungGen: 20622K->368K(20992K)
[2020-08-06T02:20:27.230-0300] GC(3471) ParOldGen: 115330K->115839K(132096K)
[2020-08-06T02:20:27.230-0300] GC(3471) Metaspace: 119373K->119373K(1163264K)
[2020-08-06T02:20:27.230-0300] GC(3471) Pause Young (Allocation Failure) 132M->113M(149M) 2.487ms
[2020-08-06T02:20:27.230-0300] GC(3471) User=0.01s Sys=0.00s Real=0.00s
[2020-08-06T02:20:42.873-0300] GC(3472) Pause Young (Allocation Failure)
[2020-08-06T02:20:42.876-0300] GC(3472) PSYoungGen: 20336K->464K(20992K)
[2020-08-06T02:20:42.877-0300] GC(3472) ParOldGen: 115839K->116124K(132096K)
[2020-08-06T02:20:42.877-0300] GC(3472) Metaspace: 119373K->119373K(1163264K)
[2020-08-06T02:20:42.877-0300] GC(3472) Pause Young (Allocation Failure) 132M->113M(149M) 3.338ms
[2020-08-06T02:20:42.877-0300] GC(3472) User=0.00s Sys=0.00s Real=0.01s
[2020-08-06T02:20:56.382-0300] GC(3473) Pause Young (Allocation Failure)
[2020-08-06T02:20:56.386-0300] GC(3473) PSYoungGen: 20432K->480K(20992K)
[2020-08-06T02:20:56.386-0300] GC(3473) ParOldGen: 116124K->116489K(132096K)
[2020-08-06T02:20:56.386-0300] GC(3473) Metaspace: 119373K->119373K(1163264K)
[2020-08-06T02:20:56.386-0300] GC(3473) Pause Young (Allocation Failure) 133M->114M(149M) 3.281ms
[2020-08-06T02:20:56.386-0300] GC(3473) User=0.00s Sys=0.00s Real=0.01s
[2020-08-06T02:21:09.847-0300] GC(3474) Pause Young (Allocation Failure)
[2020-08-06T02:21:09.850-0300] GC(3474) PSYoungGen: 20448K->465K(20992K)
[2020-08-06T02:21:09.850-0300] GC(3474) ParOldGen: 116489K->116902K(132096K)
[2020-08-06T02:21:09.850-0300] GC(3474) Metaspace: 119373K->119373K(1163264K)
[2020-08-06T02:21:09.850-0300] GC(3474) Pause Young (Allocation Failure) 133M->114M(149M) 2.953ms
[2020-08-06T02:21:09.850-0300] GC(3474) User=0.00s Sys=0.00s Real=0.00s
[2020-08-06T02:21:24.919-0300] GC(3475) Pause Young (Allocation Failure)
[2020-08-06T02:21:24.922-0300] GC(3475) PSYoungGen: 20433K->368K(20992K)
[2020-08-06T02:21:24.922-0300] GC(3475) ParOldGen: 116902K->117227K(132096K)
[2020-08-06T02:21:24.922-0300] GC(3475) Metaspace: 119373K->119373K(1163264K)
[2020-08-06T02:21:24.922-0300] GC(3475) Pause Young (Allocation Failure) 134M->114M(149M) 2.916ms
[2020-08-06T02:21:24.922-0300] GC(3475) User=0.01s Sys=0.00s Real=0.00s
[2020-08-06T02:21:34.851-0300] GC(3476) Pause Young (Allocation Failure)
[2020-08-06T02:21:34.854-0300] GC(3476) PSYoungGen: 20336K->352K(20992K)
[2020-08-06T02:21:34.854-0300] GC(3476) ParOldGen: 117227K->117468K(132096K)
[2020-08-06T02:21:34.854-0300] GC(3476) Metaspace: 119373K->119373K(1163264K)
[2020-08-06T02:21:34.854-0300] GC(3476) Pause Young (Allocation Failure) 134M->115M(149M) 2.787ms
[2020-08-06T02:21:34.854-0300] GC(3476) User=0.01s Sys=0.00s Real=0.01s
[2020-08-06T02:21:49.277-0300] GC(3477) Pause Young (Allocation Failure)
[2020-08-06T02:21:49.280-0300] GC(3477) PSYoungGen: 20320K->336K(20992K)
[2020-08-06T02:21:49.280-0300] GC(3477) ParOldGen: 117468K->117693K(132096K)
[2020-08-06T02:21:49.280-0300] GC(3477) Metaspace: 119373K->119373K(1163264K)
[2020-08-06T02:21:49.280-0300] GC(3477) Pause Young (Allocation Failure) 134M->115M(149M) 2.980ms
[2020-08-06T02:21:49.280-0300] GC(3477) User=0.01s Sys=0.00s Real=0.00s
[2020-08-06T02:22:02.086-0300] GC(3478) Pause Young (Allocation Failure)
[2020-08-06T02:22:02.091-0300] GC(3478) PSYoungGen: 20303K->273K(20992K)
[2020-08-06T02:22:02.091-0300] GC(3478) ParOldGen: 117693K->117910K(132096K)
[2020-08-06T02:22:02.091-0300] GC(3478) Metaspace: 119373K->119373K(1163264K)
[2020-08-06T02:22:02.091-0300] GC(3478) Pause Young (Allocation Failure) 134M->115M(149M) 5.025ms
[2020-08-06T02:22:02.091-0300] GC(3478) User=0.00s Sys=0.00s Real=0.00s
[2020-08-06T02:22:17.746-0300] GC(3479) Pause Young (Allocation Failure)
[2020-08-06T02:22:17.750-0300] GC(3479) PSYoungGen: 20241K->272K(20992K)
[2020-08-06T02:22:17.750-0300] GC(3479) ParOldGen: 117910K->118087K(132096K)
[2020-08-06T02:22:17.750-0300] GC(3479) Metaspace: 119373K->119373K(1163264K)
[2020-08-06T02:22:17.750-0300] GC(3479) Pause Young (Allocation Failure) 134M->115M(149M) 3.640ms
[2020-08-06T02:22:17.750-0300] GC(3479) User=0.01s Sys=0.00s Real=0.00s
[2020-08-06T02:22:29.292-0300] GC(3480) Pause Young (Allocation Failure)
[2020-08-06T02:22:29.294-0300] GC(3480) PSYoungGen: 20240K->576K(20992K)
[2020-08-06T02:22:29.294-0300] GC(3480) ParOldGen: 118087K->118240K(132096K)
[2020-08-06T02:22:29.294-0300] GC(3480) Metaspace: 119373K->119373K(1163264K)
[2020-08-06T02:22:29.294-0300] GC(3480) Pause Young (Allocation Failure) 135M->116M(149M) 2.716ms
[2020-08-06T02:22:29.294-0300] GC(3480) User=0.01s Sys=0.00s Real=0.01s
[2020-08-06T02:22:44.043-0300] GC(3481) Pause Young (Allocation Failure)
[2020-08-06T02:22:44.046-0300] GC(3481) PSYoungGen: 20544K->224K(20992K)
[2020-08-06T02:22:44.046-0300] GC(3481) ParOldGen: 118240K->118465K(132096K)
[2020-08-06T02:22:44.046-0300] GC(3481) Metaspace: 119373K->119373K(1163264K)
[2020-08-06T02:22:44.046-0300] GC(3481) Pause Young (Allocation Failure) 135M->115M(149M) 2.804ms
[2020-08-06T02:22:44.046-0300] GC(3481) User=0.00s Sys=0.00s Real=0.01s
[2020-08-06T02:22:59.801-0300] GC(3482) Pause Young (Allocation Failure)
[2020-08-06T02:22:59.804-0300] GC(3482) PSYoungGen: 20192K->305K(20992K)
[2020-08-06T02:22:59.804-0300] GC(3482) ParOldGen: 118465K->118606K(132096K)
[2020-08-06T02:22:59.804-0300] GC(3482) Metaspace: 119373K->119373K(1163264K)
[2020-08-06T02:22:59.804-0300] GC(3482) Pause Young (Allocation Failure) 135M->116M(149M) 3.299ms
[2020-08-06T02:22:59.804-0300] GC(3482) User=0.00s Sys=0.00s Real=0.01s
[2020-08-06T02:23:01.191-0300] GC(3483) Pause Young (Allocation Failure)
[2020-08-06T02:23:01.195-0300] GC(3483) PSYoungGen: 20273K->320K(20992K)
[2020-08-06T02:23:01.195-0300] GC(3483) ParOldGen: 118606K->118799K(132096K)
[2020-08-06T02:23:01.195-0300] GC(3483) Metaspace: 119373K->119373K(1163264K)
[2020-08-06T02:23:01.195-0300] GC(3483) Pause Young (Allocation Failure) 135M->116M(149M) 4.108ms
[2020-08-06T02:23:01.195-0300] GC(3483) User=0.01s Sys=0.00s Real=0.01s
[2020-08-06T02:23:09.856-0300] GC(3484) Pause Young (Allocation Failure)
[2020-08-06T02:23:09.859-0300] GC(3484) PSYoungGen: 20274K->219K(20992K)
[2020-08-06T02:23:09.859-0300] GC(3484) ParOldGen: 118799K->118863K(132096K)
[2020-08-06T02:23:09.859-0300] GC(3484) Metaspace: 119373K->119373K(1163264K)
[2020-08-06T02:23:09.859-0300] GC(3484) Pause Young (Allocation Failure) 135M->116M(149M) 3.168ms
[2020-08-06T02:23:09.859-0300] GC(3484) User=0.01s Sys=0.00s Real=0.00s
[2020-08-06T02:23:37.290-0300] GC(3485) Pause Young (Allocation Failure)
[2020-08-06T02:23:37.293-0300] GC(3485) PSYoungGen: 20187K->640K(20992K)
[2020-08-06T02:23:37.293-0300] GC(3485) ParOldGen: 118863K->118927K(132096K)
[2020-08-06T02:23:37.293-0300] GC(3485) Metaspace: 119373K->119373K(1163264K)
[2020-08-06T02:23:37.293-0300] GC(3485) Pause Young (Allocation Failure) 135M->116M(149M) 2.592ms
[2020-08-06T02:23:37.293-0300] GC(3485) User=0.00s Sys=0.00s Real=0.00s
[2020-08-06T02:24:01.904-0300] GC(3486) Pause Young (Allocation Failure)
[2020-08-06T02:24:01.907-0300] GC(3486) PSYoungGen: 20608K->704K(20992K)
[2020-08-06T02:24:01.907-0300] GC(3486) ParOldGen: 118927K->119439K(132096K)
[2020-08-06T02:24:01.907-0300] GC(3486) Metaspace: 119373K->119373K(1163264K)
[2020-08-06T02:24:01.907-0300] GC(3486) Pause Young (Allocation Failure) 136M->117M(149M) 2.993ms
[2020-08-06T02:24:01.907-0300] GC(3486) User=0.01s Sys=0.00s Real=0.01s
[2020-08-06T02:24:14.439-0300] GC(3487) Pause Young (Allocation Failure)
[2020-08-06T02:24:14.442-0300] GC(3487) PSYoungGen: 20672K->656K(20992K)
[2020-08-06T02:24:14.442-0300] GC(3487) ParOldGen: 119439K->120047K(132096K)
[2020-08-06T02:24:14.442-0300] GC(3487) Metaspace: 119373K->119373K(1163264K)
[2020-08-06T02:24:14.442-0300] GC(3487) Pause Young (Allocation Failure) 136M->117M(149M) 3.083ms
[2020-08-06T02:24:14.442-0300] GC(3487) User=0.00s Sys=0.00s Real=0.00s
[2020-08-06T02:24:28.220-0300] GC(3488) Pause Young (Allocation Failure)
[2020-08-06T02:24:28.222-0300] GC(3488) PSYoungGen: 20624K->384K(20992K)
[2020-08-06T02:24:28.222-0300] GC(3488) ParOldGen: 120047K->120568K(132096K)
[2020-08-06T02:24:28.222-0300] GC(3488) Metaspace: 119373K->119373K(1163264K)
[2020-08-06T02:24:28.222-0300] GC(3488) Pause Young (Allocation Failure) 137M->118M(149M) 2.483ms
[2020-08-06T02:24:28.222-0300] GC(3488) User=0.00s Sys=0.00s Real=0.00s
[2020-08-06T02:24:34.391-0300] GC(3489) Pause Young (Allocation Failure)
[2020-08-06T02:24:34.395-0300] GC(3489) PSYoungGen: 20352K->385K(20992K)
[2020-08-06T02:24:34.395-0300] GC(3489) ParOldGen: 120568K->120853K(132096K)
[2020-08-06T02:24:34.395-0300] GC(3489) Metaspace: 119373K->119373K(1163264K)
[2020-08-06T02:24:34.395-0300] GC(3489) Pause Young (Allocation Failure) 137M->118M(149M) 3.631ms
[2020-08-06T02:24:34.395-0300] GC(3489) User=0.01s Sys=0.00s Real=0.01s
[2020-08-06T02:24:35.810-0300] GC(3490) Pause Young (Allocation Failure)
[2020-08-06T02:24:35.813-0300] GC(3490) PSYoungGen: 20353K->401K(20992K)
[2020-08-06T02:24:35.813-0300] GC(3490) ParOldGen: 120853K->121054K(132096K)
[2020-08-06T02:24:35.813-0300] GC(3490) Metaspace: 119373K->119373K(1163264K)
[2020-08-06T02:24:35.813-0300] GC(3490) Pause Young (Allocation Failure) 137M->118M(149M) 2.640ms
[2020-08-06T02:24:35.813-0300] GC(3490) User=0.01s Sys=0.00s Real=0.00s
[2020-08-06T02:24:37.183-0300] GC(3491) Pause Young (Allocation Failure)
[2020-08-06T02:24:37.187-0300] GC(3491) PSYoungGen: 20369K->400K(20992K)
[2020-08-06T02:24:37.187-0300] GC(3491) ParOldGen: 121054K->121344K(132096K)
[2020-08-06T02:24:37.187-0300] GC(3491) Metaspace: 119373K->119373K(1163264K)
[2020-08-06T02:24:37.187-0300] GC(3491) Pause Young (Allocation Failure) 138M->118M(149M) 4.583ms
[2020-08-06T02:24:37.187-0300] GC(3491) User=0.01s Sys=0.00s Real=0.01s
[2020-08-06T02:24:38.656-0300] GC(3492) Pause Young (Allocation Failure)
[2020-08-06T02:24:38.660-0300] GC(3492) PSYoungGen: 20368K->320K(20992K)
[2020-08-06T02:24:38.660-0300] GC(3492) ParOldGen: 121344K->121593K(132096K)
[2020-08-06T02:24:38.660-0300] GC(3492) Metaspace: 119373K->119373K(1163264K)
[2020-08-06T02:24:38.660-0300] GC(3492) Pause Young (Allocation Failure) 138M->119M(149M) 3.659ms
[2020-08-06T02:24:38.660-0300] GC(3492) User=0.01s Sys=0.00s Real=0.00s
[2020-08-06T02:24:39.847-0300] GC(3493) Pause Young (Allocation Failure)
[2020-08-06T02:24:39.849-0300] GC(3493) PSYoungGen: 20288K->368K(20992K)
[2020-08-06T02:24:39.849-0300] GC(3493) ParOldGen: 121593K->121822K(132096K)
[2020-08-06T02:24:39.849-0300] GC(3493) Metaspace: 119373K->119373K(1163264K)
[2020-08-06T02:24:39.849-0300] GC(3493) Pause Young (Allocation Failure) 138M->119M(149M) 2.479ms
[2020-08-06T02:24:39.849-0300] GC(3493) User=0.00s Sys=0.00s Real=0.00s
[2020-08-06T02:24:54.850-0300] GC(3494) Pause Young (Allocation Failure)
[2020-08-06T02:24:54.852-0300] GC(3494) PSYoungGen: 20336K->352K(20992K)
[2020-08-06T02:24:54.852-0300] GC(3494) ParOldGen: 121822K->121918K(132096K)
[2020-08-06T02:24:54.852-0300] GC(3494) Metaspace: 119373K->119373K(1163264K)
[2020-08-06T02:24:54.852-0300] GC(3494) Pause Young (Allocation Failure) 138M->119M(149M) 2.503ms
[2020-08-06T02:24:54.852-0300] GC(3494) User=0.01s Sys=0.00s Real=0.00s
[2020-08-06T02:25:20.392-0300] GC(3495) Pause Young (Allocation Failure)
[2020-08-06T02:25:20.396-0300] GC(3495) PSYoungGen: 20320K->544K(20992K)
[2020-08-06T02:25:20.396-0300] GC(3495) ParOldGen: 121918K->122134K(132096K)
[2020-08-06T02:25:20.396-0300] GC(3495) Metaspace: 119373K->119373K(1163264K)
[2020-08-06T02:25:20.396-0300] GC(3495) Pause Young (Allocation Failure) 138M->119M(149M) 3.300ms
[2020-08-06T02:25:20.396-0300] GC(3495) User=0.00s Sys=0.00s Real=0.01s
[2020-08-06T02:25:43.288-0300] GC(3496) Pause Young (Allocation Failure)
[2020-08-06T02:25:43.291-0300] GC(3496) PSYoungGen: 20512K->592K(20992K)
[2020-08-06T02:25:43.291-0300] GC(3496) ParOldGen: 122134K->122614K(132096K)
[2020-08-06T02:25:43.291-0300] GC(3496) Metaspace: 119373K->119373K(1163264K)
[2020-08-06T02:25:43.291-0300] GC(3496) Pause Young (Allocation Failure) 139M->120M(149M) 2.977ms
[2020-08-06T02:25:43.292-0300] GC(3496) User=0.01s Sys=0.00s Real=0.00s
[2020-08-06T02:25:56.108-0300] GC(3497) Pause Young (Allocation Failure)
[2020-08-06T02:25:56.111-0300] GC(3497) PSYoungGen: 20560K->465K(20992K)
[2020-08-06T02:25:56.111-0300] GC(3497) ParOldGen: 122614K->122999K(132096K)
[2020-08-06T02:25:56.111-0300] GC(3497) Metaspace: 119373K->119373K(1163264K)
[2020-08-06T02:25:56.111-0300] GC(3497) Pause Young (Allocation Failure) 139M->120M(149M) 3.228ms
[2020-08-06T02:25:56.111-0300] GC(3497) User=0.01s Sys=0.00s Real=0.00s
[2020-08-06T02:26:11.833-0300] GC(3498) Pause Young (Allocation Failure)
[2020-08-06T02:26:11.836-0300] GC(3498) PSYoungGen: 20433K->400K(20992K)
[2020-08-06T02:26:11.836-0300] GC(3498) ParOldGen: 122999K->123380K(132096K)
[2020-08-06T02:26:11.836-0300] GC(3498) Metaspace: 119373K->119373K(1163264K)
[2020-08-06T02:26:11.836-0300] GC(3498) Pause Young (Allocation Failure) 140M->120M(149M) 2.922ms
[2020-08-06T02:26:11.836-0300] GC(3498) User=0.01s Sys=0.00s Real=0.01s
[2020-08-06T02:26:24.849-0300] GC(3499) Pause Young (Allocation Failure)
[2020-08-06T02:26:24.851-0300] GC(3499) PSYoungGen: 20368K->433K(20992K)
[2020-08-06T02:26:24.851-0300] GC(3499) ParOldGen: 123380K->123705K(132096K)
[2020-08-06T02:26:24.851-0300] GC(3499) Metaspace: 119373K->119373K(1163264K)
[2020-08-06T02:26:24.851-0300] GC(3499) Pause Young (Allocation Failure) 140M->121M(149M) 2.564ms
[2020-08-06T02:26:24.851-0300] GC(3499) User=0.01s Sys=0.00s Real=0.00s
[2020-08-06T02:26:38.318-0300] GC(3500) Pause Young (Allocation Failure)
[2020-08-06T02:26:38.321-0300] GC(3500) PSYoungGen: 20400K->369K(20992K)
[2020-08-06T02:26:38.321-0300] GC(3500) ParOldGen: 123705K->123998K(132096K)
[2020-08-06T02:26:38.321-0300] GC(3500) Metaspace: 119373K->119373K(1163264K)
[2020-08-06T02:26:38.321-0300] GC(3500) Pause Young (Allocation Failure) 140M->121M(149M) 3.150ms
[2020-08-06T02:26:38.321-0300] GC(3500) User=0.00s Sys=0.00s Real=0.00s
[2020-08-06T02:26:44.598-0300] GC(3501) Pause Young (Allocation Failure)
[2020-08-06T02:26:44.600-0300] GC(3501) PSYoungGen: 20337K->273K(20992K)
[2020-08-06T02:26:44.600-0300] GC(3501) ParOldGen: 123998K->124227K(132096K)
[2020-08-06T02:26:44.600-0300] GC(3501) Metaspace: 119373K->119373K(1163264K)
[2020-08-06T02:26:44.600-0300] GC(3501) Pause Young (Allocation Failure) 140M->121M(149M) 2.628ms
[2020-08-06T02:26:44.600-0300] GC(3501) User=0.00s Sys=0.00s Real=0.00s
[2020-08-06T02:26:45.982-0300] GC(3502) Pause Young (Allocation Failure)
[2020-08-06T02:26:45.986-0300] GC(3502) PSYoungGen: 20241K->352K(20992K)
[2020-08-06T02:26:45.986-0300] GC(3502) ParOldGen: 124227K->124420K(132096K)
[2020-08-06T02:26:45.986-0300] GC(3502) Metaspace: 119373K->119373K(1163264K)
[2020-08-06T02:26:45.986-0300] GC(3502) Pause Young (Allocation Failure) 141M->121M(149M) 3.203ms
[2020-08-06T02:26:45.986-0300] GC(3502) User=0.00s Sys=0.00s Real=0.01s
[2020-08-06T02:26:47.239-0300] GC(3503) Pause Young (Allocation Failure)
[2020-08-06T02:26:47.242-0300] GC(3503) PSYoungGen: 20320K->304K(20992K)
[2020-08-06T02:26:47.242-0300] GC(3503) ParOldGen: 124420K->124633K(132096K)
[2020-08-06T02:26:47.242-0300] GC(3503) Metaspace: 119373K->119373K(1163264K)
[2020-08-06T02:26:47.242-0300] GC(3503) Pause Young (Allocation Failure) 141M->122M(149M) 3.541ms
[2020-08-06T02:26:47.242-0300] GC(3503) User=0.01s Sys=0.00s Real=0.00s
[2020-08-06T02:26:59.286-0300] GC(3504) Pause Young (Allocation Failure)
[2020-08-06T02:26:59.289-0300] GC(3504) PSYoungGen: 20272K->256K(20992K)
[2020-08-06T02:26:59.289-0300] GC(3504) ParOldGen: 124633K->124709K(132096K)
[2020-08-06T02:26:59.289-0300] GC(3504) Metaspace: 119373K->119373K(1163264K)
[2020-08-06T02:26:59.290-0300] GC(3504) Pause Young (Allocation Failure) 141M->122M(149M) 3.398ms
[2020-08-06T02:26:59.290-0300] GC(3504) User=0.01s Sys=0.01s Real=0.00s
[2020-08-06T02:27:23.286-0300] GC(3505) Pause Young (Allocation Failure)
[2020-08-06T02:27:23.289-0300] GC(3505) PSYoungGen: 20224K->384K(20992K)
[2020-08-06T02:27:23.289-0300] GC(3505) ParOldGen: 124709K->124769K(132096K)
[2020-08-06T02:27:23.289-0300] GC(3505) Metaspace: 119373K->119373K(1163264K)
[2020-08-06T02:27:23.289-0300] GC(3505) Pause Young (Allocation Failure) 141M->122M(149M) 3.228ms
[2020-08-06T02:27:23.289-0300] GC(3505) User=0.00s Sys=0.00s Real=0.00s
[2020-08-06T02:27:47.900-0300] GC(3506) Pause Young (Allocation Failure)
[2020-08-06T02:27:47.903-0300] GC(3506) PSYoungGen: 20352K->192K(20992K)
[2020-08-06T02:27:47.903-0300] GC(3506) ParOldGen: 124769K->124833K(132096K)
[2020-08-06T02:27:47.903-0300] GC(3506) Metaspace: 119373K->119373K(1163264K)
[2020-08-06T02:27:47.903-0300] GC(3506) Pause Young (Allocation Failure) 141M->122M(149M) 2.695ms
[2020-08-06T02:27:47.903-0300] GC(3506) User=0.01s Sys=0.00s Real=0.00s
[2020-08-06T02:28:03.287-0300] GC(3507) Pause Young (Allocation Failure)
[2020-08-06T02:28:03.289-0300] GC(3507) PSYoungGen: 20160K->401K(20992K)
[2020-08-06T02:28:03.289-0300] GC(3507) ParOldGen: 124833K->124889K(132096K)
[2020-08-06T02:28:03.289-0300] GC(3507) Metaspace: 119373K->119373K(1163264K)
[2020-08-06T02:28:03.289-0300] GC(3507) Pause Young (Allocation Failure) 141M->122M(149M) 2.489ms
[2020-08-06T02:28:03.289-0300] GC(3507) User=0.00s Sys=0.00s Real=0.00s
[2020-08-06T02:28:14.855-0300] GC(3508) Pause Young (Allocation Failure)
[2020-08-06T02:28:14.859-0300] GC(3508) PSYoungGen: 20369K->390K(20992K)
[2020-08-06T02:28:14.859-0300] GC(3508) ParOldGen: 124889K->125082K(132096K)
[2020-08-06T02:28:14.859-0300] GC(3508) Metaspace: 119373K->119373K(1163264K)
[2020-08-06T02:28:14.859-0300] GC(3508) Pause Young (Allocation Failure) 141M->122M(149M) 4.779ms
[2020-08-06T02:28:14.859-0300] GC(3508) User=0.00s Sys=0.00s Real=0.00s
[2020-08-06T02:28:20.641-0300] GC(3509) Pause Young (Allocation Failure)
[2020-08-06T02:28:20.645-0300] GC(3509) PSYoungGen: 20358K->448K(20992K)
[2020-08-06T02:28:20.645-0300] GC(3509) ParOldGen: 125082K->125267K(132096K)
[2020-08-06T02:28:20.645-0300] GC(3509) Metaspace: 119373K->119373K(1163264K)
[2020-08-06T02:28:20.645-0300] GC(3509) Pause Young (Allocation Failure) 142M->122M(149M) 4.076ms
[2020-08-06T02:28:20.645-0300] GC(3509) User=0.00s Sys=0.00s Real=0.01s
[2020-08-06T02:28:22.152-0300] GC(3510) Pause Young (Allocation Failure)
[2020-08-06T02:28:22.155-0300] GC(3510) PSYoungGen: 20416K->433K(20992K)
[2020-08-06T02:28:22.155-0300] GC(3510) ParOldGen: 125267K->125547K(132096K)
[2020-08-06T02:28:22.155-0300] GC(3510) Metaspace: 119373K->119373K(1163264K)
[2020-08-06T02:28:22.155-0300] GC(3510) Pause Young (Allocation Failure) 142M->123M(149M) 2.826ms
[2020-08-06T02:28:22.155-0300] GC(3510) User=0.00s Sys=0.00s Real=0.01s
[2020-08-06T02:28:23.432-0300] GC(3511) Pause Young (Allocation Failure)
[2020-08-06T02:28:23.435-0300] GC(3511) PSYoungGen: 20400K->369K(20992K)
[2020-08-06T02:28:23.435-0300] GC(3511) ParOldGen: 125547K->125853K(132096K)
[2020-08-06T02:28:23.435-0300] GC(3511) Metaspace: 119373K->119373K(1163264K)
[2020-08-06T02:28:23.435-0300] GC(3511) Pause Young (Allocation Failure) 142M->123M(149M) 2.924ms
[2020-08-06T02:28:23.435-0300] GC(3511) User=0.01s Sys=0.00s Real=0.01s
[2020-08-06T02:28:24.895-0300] GC(3512) Pause Young (Allocation Failure)
[2020-08-06T02:28:24.898-0300] GC(3512) PSYoungGen: 20333K->416K(20992K)
[2020-08-06T02:28:24.898-0300] GC(3512) ParOldGen: 125853K->126090K(132096K)
[2020-08-06T02:28:24.898-0300] GC(3512) Metaspace: 119373K->119373K(1163264K)
[2020-08-06T02:28:24.898-0300] GC(3512) Pause Young (Allocation Failure) 142M->123M(149M) 3.307ms
[2020-08-06T02:28:24.898-0300] GC(3512) User=0.00s Sys=0.00s Real=0.00s
[2020-08-06T02:28:26.126-0300] GC(3513) Pause Young (Allocation Failure)
[2020-08-06T02:28:26.129-0300] GC(3513) PSYoungGen: 20384K->272K(20992K)
[2020-08-06T02:28:26.129-0300] GC(3513) ParOldGen: 126090K->126355K(132096K)
[2020-08-06T02:28:26.129-0300] GC(3513) Metaspace: 119373K->119373K(1163264K)
[2020-08-06T02:28:26.129-0300] GC(3513) Pause Young (Allocation Failure) 143M->123M(149M) 3.754ms
[2020-08-06T02:28:26.129-0300] GC(3513) User=0.00s Sys=0.00s Real=0.00s
[2020-08-06T02:28:44.284-0300] GC(3514) Pause Young (Allocation Failure)
[2020-08-06T02:28:44.289-0300] GC(3514) PSYoungGen: 20240K->640K(20992K)
[2020-08-06T02:28:44.289-0300] GC(3514) ParOldGen: 126355K->126423K(132096K)
[2020-08-06T02:28:44.289-0300] GC(3514) Metaspace: 119373K->119373K(1163264K)
[2020-08-06T02:28:44.289-0300] GC(3514) Pause Young (Allocation Failure) 143M->124M(149M) 4.532ms
[2020-08-06T02:28:44.289-0300] GC(3514) User=0.01s Sys=0.00s Real=0.00s
[2020-08-06T02:29:09.849-0300] GC(3515) Pause Young (Allocation Failure)
[2020-08-06T02:29:09.852-0300] GC(3515) PSYoungGen: 20608K->832K(20992K)
[2020-08-06T02:29:09.852-0300] GC(3515) ParOldGen: 126423K->126919K(132096K)
[2020-08-06T02:29:09.852-0300] GC(3515) Metaspace: 119373K->119373K(1163264K)
[2020-08-06T02:29:09.852-0300] GC(3515) Pause Young (Allocation Failure) 143M->124M(149M) 3.218ms
[2020-08-06T02:29:09.852-0300] GC(3515) User=0.00s Sys=0.00s Real=0.00s
[2020-08-06T02:29:30.336-0300] GC(3516) Pause Young (Allocation Failure)
[2020-08-06T02:29:30.339-0300] GC(3516) PSYoungGen: 20800K->448K(20992K)
[2020-08-06T02:29:30.339-0300] GC(3516) ParOldGen: 126919K->127600K(132096K)
[2020-08-06T02:29:30.339-0300] GC(3516) Metaspace: 119373K->119373K(1163264K)
[2020-08-06T02:29:30.339-0300] GC(3516) Pause Young (Allocation Failure) 144M->125M(149M) 3.252ms
[2020-08-06T02:29:30.339-0300] GC(3516) User=0.00s Sys=0.00s Real=0.00s
[2020-08-06T02:29:44.846-0300] GC(3517) Pause Young (Allocation Failure)
[2020-08-06T02:29:44.850-0300] GC(3517) PSYoungGen: 20416K->480K(20992K)
[2020-08-06T02:29:44.850-0300] GC(3517) ParOldGen: 127600K->127932K(132096K)
[2020-08-06T02:29:44.850-0300] GC(3517) Metaspace: 119373K->119373K(1163264K)
[2020-08-06T02:29:44.850-0300] GC(3517) Pause Young (Allocation Failure) 144M->125M(149M) 4.412ms
[2020-08-06T02:29:44.851-0300] GC(3517) User=0.00s Sys=0.00s Real=0.00s
[2020-08-06T02:29:58.155-0300] GC(3518) Pause Young (Allocation Failure)
[2020-08-06T02:29:58.158-0300] GC(3518) PSYoungGen: 20448K->353K(20992K)
[2020-08-06T02:29:58.158-0300] GC(3518) ParOldGen: 127932K->128289K(132096K)
[2020-08-06T02:29:58.158-0300] GC(3518) Metaspace: 119373K->119373K(1163264K)
[2020-08-06T02:29:58.158-0300] GC(3518) Pause Young (Allocation Failure) 144M->125M(149M) 3.013ms
[2020-08-06T02:29:58.158-0300] GC(3518) User=0.00s Sys=0.00s Real=0.00s
[2020-08-06T02:29:59.723-0300] GC(3519) Pause Young (Allocation Failure)
[2020-08-06T02:29:59.727-0300] GC(3519) PSYoungGen: 20321K->480K(20992K)
[2020-08-06T02:29:59.727-0300] GC(3519) ParOldGen: 128289K->128578K(132096K)
[2020-08-06T02:29:59.727-0300] GC(3519) Metaspace: 119373K->119373K(1163264K)
[2020-08-06T02:29:59.727-0300] GC(3519) Pause Young (Allocation Failure) 145M->126M(149M) 3.922ms
[2020-08-06T02:29:59.727-0300] GC(3519) User=0.00s Sys=0.00s Real=0.01s
[2020-08-06T02:30:00.966-0300] GC(3520) Pause Young (Allocation Failure)
[2020-08-06T02:30:00.969-0300] GC(3520) PSYoungGen: 20448K->272K(20992K)
[2020-08-06T02:30:00.969-0300] GC(3520) ParOldGen: 128578K->128887K(132096K)
[2020-08-06T02:30:00.969-0300] GC(3520) Metaspace: 119373K->119373K(1163264K)
[2020-08-06T02:30:00.969-0300] GC(3520) Pause Young (Allocation Failure) 145M->126M(149M) 3.725ms
[2020-08-06T02:30:00.969-0300] GC(3520) User=0.01s Sys=0.00s Real=0.00s
[2020-08-06T02:30:02.510-0300] GC(3521) Pause Young (Allocation Failure)
[2020-08-06T02:30:02.513-0300] GC(3521) PSYoungGen: 20239K->401K(20992K)
[2020-08-06T02:30:02.513-0300] GC(3521) ParOldGen: 128887K->129092K(132096K)
[2020-08-06T02:30:02.513-0300] GC(3521) Metaspace: 119373K->119373K(1163264K)
[2020-08-06T02:30:02.513-0300] GC(3521) Pause Young (Allocation Failure) 145M->126M(149M) 2.725ms
[2020-08-06T02:30:02.513-0300] GC(3521) User=0.01s Sys=0.00s Real=0.00s
[2020-08-06T02:30:03.944-0300] GC(3522) Pause Young (Allocation Failure)
[2020-08-06T02:30:03.946-0300] GC(3522) PSYoungGen: 20362K->545K(20992K)
[2020-08-06T02:30:03.946-0300] GC(3522) ParOldGen: 129092K->129341K(132096K)
[2020-08-06T02:30:03.946-0300] GC(3522) Metaspace: 119373K->119373K(1163264K)
[2020-08-06T02:30:03.946-0300] GC(3522) Pause Young (Allocation Failure) 145M->126M(149M) 2.633ms
[2020-08-06T02:30:03.946-0300] GC(3522) User=0.01s Sys=0.00s Real=0.01s
[2020-08-06T02:30:05.003-0300] GC(3523) Pause Young (Allocation Failure)
[2020-08-06T02:30:05.005-0300] GC(3523) PSYoungGen: 20513K->336K(20992K)
[2020-08-06T02:30:05.005-0300] GC(3523) ParOldGen: 129341K->129702K(132096K)
[2020-08-06T02:30:05.005-0300] GC(3523) Metaspace: 119373K->119373K(1163264K)
[2020-08-06T02:30:05.005-0300] GC(3523) Pause Young (Allocation Failure) 146M->126M(149M) 2.499ms
[2020-08-06T02:30:05.005-0300] GC(3523) User=0.01s Sys=0.00s Real=0.01s
[2020-08-06T02:30:29.847-0300] GC(3524) Pause Young (Allocation Failure)
[2020-08-06T02:30:29.849-0300] GC(3524) PSYoungGen: 20304K->576K(20992K)
[2020-08-06T02:30:29.849-0300] GC(3524) ParOldGen: 129702K->129782K(132096K)
[2020-08-06T02:30:29.849-0300] GC(3524) Metaspace: 119373K->119373K(1163264K)
[2020-08-06T02:30:29.849-0300] GC(3524) Pause Young (Allocation Failure) 146M->127M(149M) 2.391ms
[2020-08-06T02:30:29.849-0300] GC(3524) User=0.01s Sys=0.00s Real=0.00s
[2020-08-06T02:30:56.305-0300] GC(3525) Pause Young (Allocation Failure)
[2020-08-06T02:30:56.309-0300] GC(3525) PSYoungGen: 20544K->608K(20992K)
[2020-08-06T02:30:56.309-0300] GC(3525) ParOldGen: 129782K->130239K(132096K)
[2020-08-06T02:30:56.309-0300] GC(3525) Metaspace: 119373K->119373K(1163264K)
[2020-08-06T02:30:56.309-0300] GC(3525) Pause Young (Allocation Failure) 146M->127M(149M) 4.079ms
[2020-08-06T02:30:56.309-0300] GC(3525) User=0.01s Sys=0.00s Real=0.00s
[2020-08-06T02:31:14.346-0300] GC(3526) Pause Young (Allocation Failure)
[2020-08-06T02:31:14.348-0300] GC(3526) PSYoungGen: 20576K->352K(20992K)
[2020-08-06T02:31:14.348-0300] GC(3526) ParOldGen: 130239K->130663K(132096K)
[2020-08-06T02:31:14.348-0300] GC(3526) Metaspace: 119373K->119373K(1163264K)
[2020-08-06T02:31:14.348-0300] GC(3526) Pause Young (Allocation Failure) 147M->127M(149M) 2.348ms
[2020-08-06T02:31:14.348-0300] GC(3526) User=0.00s Sys=0.00s Real=0.00s
[2020-08-06T02:31:39.852-0300] GC(3527) Pause Young (Allocation Failure)
[2020-08-06T02:31:39.854-0300] GC(3527) PSYoungGen: 20320K->347K(20992K)
[2020-08-06T02:31:39.854-0300] GC(3527) ParOldGen: 130663K->130923K(132096K)
[2020-08-06T02:31:39.854-0300] GC(3527) Metaspace: 119373K->119373K(1163264K)
[2020-08-06T02:31:39.855-0300] GC(3527) Pause Young (Allocation Failure) 147M->128M(149M) 2.408ms
[2020-08-06T02:31:39.855-0300] GC(3527) User=0.01s Sys=0.01s Real=0.01s
[2020-08-06T02:32:05.563-0300] GC(3528) Pause Young (Allocation Failure)
[2020-08-06T02:32:05.565-0300] GC(3528) PSYoungGen: 20315K->192K(20992K)
[2020-08-06T02:32:05.565-0300] GC(3528) ParOldGen: 130923K->131075K(132096K)
[2020-08-06T02:32:05.565-0300] GC(3528) Metaspace: 119373K->119373K(1163264K)
[2020-08-06T02:32:05.565-0300] GC(3528) Pause Young (Allocation Failure) 147M->128M(149M) 2.544ms
[2020-08-06T02:32:05.565-0300] GC(3528) User=0.01s Sys=0.00s Real=0.01s
[2020-08-06T02:32:19.846-0300] GC(3529) Pause Young (Allocation Failure)
[2020-08-06T02:32:19.849-0300] GC(3529) PSYoungGen: 20160K->416K(20992K)
[2020-08-06T02:32:19.849-0300] GC(3529) ParOldGen: 131075K->131123K(132096K)
[2020-08-06T02:32:19.849-0300] GC(3529) Metaspace: 119373K->119373K(1163264K)
[2020-08-06T02:32:19.849-0300] GC(3529) Pause Young (Allocation Failure) 147M->128M(149M) 2.559ms
[2020-08-06T02:32:19.849-0300] GC(3529) User=0.00s Sys=0.00s Real=0.00s
[2020-08-06T02:32:31.763-0300] GC(3530) Pause Young (Allocation Failure)
[2020-08-06T02:32:31.767-0300] GC(3530) PSYoungGen: 20384K->400K(20992K)
[2020-08-06T02:32:31.767-0300] GC(3530) ParOldGen: 131123K->131415K(132096K)
[2020-08-06T02:32:31.767-0300] GC(3530) Metaspace: 119373K->119373K(1163264K)
[2020-08-06T02:32:31.767-0300] GC(3530) Pause Young (Allocation Failure) 147M->128M(149M) 3.728ms
[2020-08-06T02:32:31.767-0300] GC(3530) User=0.01s Sys=0.00s Real=0.01s
[2020-08-06T02:32:37.901-0300] GC(3531) Pause Young (Allocation Failure)
[2020-08-06T02:32:37.904-0300] GC(3531) PSYoungGen: 20367K->336K(20992K)
[2020-08-06T02:32:37.904-0300] GC(3531) ParOldGen: 131415K->131564K(132096K)
[2020-08-06T02:32:37.904-0300] GC(3531) Metaspace: 119373K->119373K(1163264K)
[2020-08-06T02:32:37.904-0300] GC(3531) Pause Young (Allocation Failure) 148M->128M(149M) 2.575ms
[2020-08-06T02:32:37.904-0300] GC(3531) User=0.00s Sys=0.00s Real=0.00s
[2020-08-06T02:32:37.904-0300] GC(3532) Pause Full (Ergonomics)
[2020-08-06T02:32:37.904-0300] GC(3532) Marking Phase
[2020-08-06T02:32:38.002-0300] GC(3532) Marking Phase 97.597ms
[2020-08-06T02:32:38.002-0300] GC(3532) Summary Phase
[2020-08-06T02:32:38.002-0300] GC(3532) Summary Phase 0.016ms
[2020-08-06T02:32:38.002-0300] GC(3532) Adjust Roots
[2020-08-06T02:32:38.031-0300] GC(3532) Adjust Roots 29.641ms
[2020-08-06T02:32:38.031-0300] GC(3532) Compaction Phase
[2020-08-06T02:32:38.065-0300] GC(3532) Compaction Phase 33.698ms
[2020-08-06T02:32:38.065-0300] GC(3532) Post Compact
[2020-08-06T02:32:38.066-0300] GC(3532) Post Compact 0.771ms
[2020-08-06T02:32:38.066-0300] GC(3532) PSYoungGen: 336K->0K(20992K)
[2020-08-06T02:32:38.066-0300] GC(3532) ParOldGen: 131564K->103638K(132096K)
[2020-08-06T02:32:38.066-0300] GC(3532) Metaspace: 119373K->119373K(1163264K)
[2020-08-06T02:32:38.066-0300] GC(3532) Pause Full (Ergonomics) 128M->101M(149M) 162.046ms
[2020-08-06T02:32:38.066-0300] GC(3532) User=0.40s Sys=0.00s Real=0.16s
[2020-08-06T02:32:39.622-0300] GC(3533) Pause Young (Allocation Failure)
[2020-08-06T02:32:39.625-0300] GC(3533) PSYoungGen: 19968K->384K(20992K)
[2020-08-06T02:32:39.625-0300] GC(3533) ParOldGen: 103638K->103638K(132096K)
[2020-08-06T02:32:39.625-0300] GC(3533) Metaspace: 119373K->119373K(1163264K)
[2020-08-06T02:32:39.625-0300] GC(3533) Pause Young (Allocation Failure) 120M->101M(149M) 2.992ms
[2020-08-06T02:32:39.625-0300] GC(3533) User=0.00s Sys=0.00s Real=0.01s
[2020-08-06T02:32:40.908-0300] GC(3534) Pause Young (Allocation Failure)
[2020-08-06T02:32:40.911-0300] GC(3534) PSYoungGen: 20352K->320K(20992K)
[2020-08-06T02:32:40.911-0300] GC(3534) ParOldGen: 103638K->103924K(132096K)
[2020-08-06T02:32:40.911-0300] GC(3534) Metaspace: 119373K->119373K(1163264K)
[2020-08-06T02:32:40.911-0300] GC(3534) Pause Young (Allocation Failure) 121M->101M(149M) 3.203ms
[2020-08-06T02:32:40.911-0300] GC(3534) User=0.01s Sys=0.00s Real=0.00s
[2020-08-06T02:32:42.375-0300] GC(3535) Pause Young (Allocation Failure)
[2020-08-06T02:32:42.377-0300] GC(3535) PSYoungGen: 20288K->352K(20992K)
[2020-08-06T02:32:42.377-0300] GC(3535) ParOldGen: 103924K->104129K(132096K)
[2020-08-06T02:32:42.377-0300] GC(3535) Metaspace: 119373K->119373K(1163264K)
[2020-08-06T02:32:42.377-0300] GC(3535) Pause Young (Allocation Failure) 121M->102M(149M) 2.333ms
[2020-08-06T02:32:42.377-0300] GC(3535) User=0.01s Sys=0.00s Real=0.00s
[2020-08-06T02:32:43.581-0300] GC(3536) Pause Young (Allocation Failure)
[2020-08-06T02:32:43.584-0300] GC(3536) PSYoungGen: 20320K->320K(20992K)
[2020-08-06T02:32:43.584-0300] GC(3536) ParOldGen: 104129K->104370K(132096K)
[2020-08-06T02:32:43.584-0300] GC(3536) Metaspace: 119373K->119373K(1163264K)
[2020-08-06T02:32:43.584-0300] GC(3536) Pause Young (Allocation Failure) 121M->102M(149M) 2.432ms
[2020-08-06T02:32:43.584-0300] GC(3536) User=0.01s Sys=0.00s Real=0.00s
[2020-08-06T02:32:59.997-0300] GC(3537) Pause Young (Allocation Failure)
[2020-08-06T02:33:00.000-0300] GC(3537) PSYoungGen: 20288K->128K(20992K)
[2020-08-06T02:33:00.000-0300] GC(3537) ParOldGen: 104370K->104450K(132096K)
[2020-08-06T02:33:00.000-0300] GC(3537) Metaspace: 119373K->119373K(1163264K)
[2020-08-06T02:33:00.000-0300] GC(3537) Pause Young (Allocation Failure) 121M->102M(149M) 3.335ms
[2020-08-06T02:33:00.000-0300] GC(3537) User=0.01s Sys=0.00s Real=0.00s
[2020-08-06T02:33:28.307-0300] GC(3538) Pause Young (Allocation Failure)
[2020-08-06T02:33:28.310-0300] GC(3538) PSYoungGen: 20096K->416K(20992K)
[2020-08-06T02:33:28.310-0300] GC(3538) ParOldGen: 104450K->104522K(132096K)
[2020-08-06T02:33:28.310-0300] GC(3538) Metaspace: 119373K->119373K(1163264K)
[2020-08-06T02:33:28.310-0300] GC(3538) Pause Young (Allocation Failure) 121M->102M(149M) 2.353ms
[2020-08-06T02:33:28.310-0300] GC(3538) User=0.00s Sys=0.00s Real=0.00s
[2020-08-06T02:33:49.313-0300] GC(3539) Pause Young (Allocation Failure)
[2020-08-06T02:33:49.315-0300] GC(3539) PSYoungGen: 20384K->848K(20992K)
[2020-08-06T02:33:49.316-0300] GC(3539) ParOldGen: 104522K->104754K(132096K)
[2020-08-06T02:33:49.316-0300] GC(3539) Metaspace: 119381K->119381K(1163264K)
[2020-08-06T02:33:49.316-0300] GC(3539) Pause Young (Allocation Failure) 121M->103M(149M) 2.891ms
[2020-08-06T02:33:49.316-0300] GC(3539) User=0.01s Sys=0.00s Real=0.01s
[2020-08-06T02:33:59.888-0300] GC(3540) Pause Young (Allocation Failure)
[2020-08-06T02:33:59.891-0300] GC(3540) PSYoungGen: 20816K->992K(20480K)
[2020-08-06T02:33:59.891-0300] GC(3540) ParOldGen: 104754K->105631K(132096K)
[2020-08-06T02:33:59.891-0300] GC(3540) Metaspace: 119381K->119381K(1163264K)
[2020-08-06T02:33:59.891-0300] GC(3540) Pause Young (Allocation Failure) 122M->104M(149M) 3.091ms
[2020-08-06T02:33:59.891-0300] GC(3540) User=0.01s Sys=0.00s Real=0.00s
[2020-08-06T02:34:15.695-0300] GC(3541) Pause Young (Allocation Failure)
[2020-08-06T02:34:15.698-0300] GC(3541) PSYoungGen: 20448K->736K(20992K)
[2020-08-06T02:34:15.698-0300] GC(3541) ParOldGen: 105631K->106611K(132096K)
[2020-08-06T02:34:15.698-0300] GC(3541) Metaspace: 119382K->119382K(1163264K)
[2020-08-06T02:34:15.698-0300] GC(3541) Pause Young (Allocation Failure) 123M->104M(149M) 3.188ms
[2020-08-06T02:34:15.698-0300] GC(3541) User=0.01s Sys=0.00s Real=0.00s
[2020-08-06T02:34:29.306-0300] GC(3542) Pause Young (Allocation Failure)
[2020-08-06T02:34:29.309-0300] GC(3542) PSYoungGen: 20192K->497K(20992K)
[2020-08-06T02:34:29.309-0300] GC(3542) ParOldGen: 106611K->107212K(132096K)
[2020-08-06T02:34:29.309-0300] GC(3542) Metaspace: 119382K->119382K(1163264K)
[2020-08-06T02:34:29.309-0300] GC(3542) Pause Young (Allocation Failure) 123M->105M(149M) 3.120ms
[2020-08-06T02:34:29.309-0300] GC(3542) User=0.00s Sys=0.00s Real=0.00s
[2020-08-06T02:34:42.024-0300] GC(3543) Pause Young (Allocation Failure)
[2020-08-06T02:34:42.027-0300] GC(3543) PSYoungGen: 19953K->384K(20992K)
[2020-08-06T02:34:42.027-0300] GC(3543) ParOldGen: 107212K->107533K(132096K)
[2020-08-06T02:34:42.027-0300] GC(3543) Metaspace: 119382K->119382K(1163264K)
[2020-08-06T02:34:42.027-0300] GC(3543) Pause Young (Allocation Failure) 124M->105M(149M) 2.900ms
[2020-08-06T02:34:42.027-0300] GC(3543) User=0.01s Sys=0.00s Real=0.00s
[2020-08-06T02:34:57.753-0300] GC(3544) Pause Young (Allocation Failure)
[2020-08-06T02:34:57.757-0300] GC(3544) PSYoungGen: 19840K->512K(20992K)
[2020-08-06T02:34:57.757-0300] GC(3544) ParOldGen: 107533K->107847K(132096K)
[2020-08-06T02:34:57.757-0300] GC(3544) Metaspace: 119382K->119382K(1163264K)
[2020-08-06T02:34:57.757-0300] GC(3544) Pause Young (Allocation Failure) 124M->105M(149M) 3.387ms
[2020-08-06T02:34:57.757-0300] GC(3544) User=0.01s Sys=0.00s Real=0.01s
[2020-08-06T02:35:09.848-0300] GC(3545) Pause Young (Allocation Failure)
[2020-08-06T02:35:09.850-0300] GC(3545) PSYoungGen: 19968K->592K(20992K)
[2020-08-06T02:35:09.850-0300] GC(3545) ParOldGen: 107847K->108259K(132096K)
[2020-08-06T02:35:09.850-0300] GC(3545) Metaspace: 119382K->119382K(1163264K)
[2020-08-06T02:35:09.850-0300] GC(3545) Pause Young (Allocation Failure) 124M->106M(149M) 2.664ms
[2020-08-06T02:35:09.850-0300] GC(3545) User=0.00s Sys=0.00s Real=0.00s
[2020-08-06T02:35:24.069-0300] GC(3546) Pause Young (Allocation Failure)
[2020-08-06T02:35:24.072-0300] GC(3546) PSYoungGen: 20048K->400K(20992K)
[2020-08-06T02:35:24.072-0300] GC(3546) ParOldGen: 108259K->108744K(132096K)
[2020-08-06T02:35:24.072-0300] GC(3546) Metaspace: 119382K->119382K(1163264K)
[2020-08-06T02:35:24.072-0300] GC(3546) Pause Young (Allocation Failure) 125M->106M(149M) 2.821ms
[2020-08-06T02:35:24.072-0300] GC(3546) User=0.00s Sys=0.00s Real=0.00s
[2020-08-06T02:35:34.788-0300] GC(3547) Pause Young (Allocation Failure)
[2020-08-06T02:35:34.792-0300] GC(3547) PSYoungGen: 19856K->433K(19968K)
[2020-08-06T02:35:34.792-0300] GC(3547) ParOldGen: 108744K->109009K(132096K)
[2020-08-06T02:35:34.792-0300] GC(3547) Metaspace: 119382K->119382K(1163264K)
[2020-08-06T02:35:34.792-0300] GC(3547) Pause Young (Allocation Failure) 125M->106M(148M) 4.027ms
[2020-08-06T02:35:34.792-0300] GC(3547) User=0.01s Sys=0.00s Real=0.00s
[2020-08-06T02:35:45.554-0300] GC(3548) Pause Young (Allocation Failure)
[2020-08-06T02:35:45.557-0300] GC(3548) PSYoungGen: 19889K->433K(20480K)
[2020-08-06T02:35:45.557-0300] GC(3548) ParOldGen: 109009K->109358K(132096K)
[2020-08-06T02:35:45.557-0300] GC(3548) Metaspace: 119382K->119382K(1163264K)
[2020-08-06T02:35:45.557-0300] GC(3548) Pause Young (Allocation Failure) 125M->107M(149M) 3.372ms
[2020-08-06T02:35:45.557-0300] GC(3548) User=0.01s Sys=0.00s Real=0.00s
[2020-08-06T02:35:51.731-0300] GC(3549) Pause Young (Allocation Failure)
[2020-08-06T02:35:51.734-0300] GC(3549) PSYoungGen: 19889K->560K(20480K)
[2020-08-06T02:35:51.734-0300] GC(3549) ParOldGen: 109358K->109651K(132096K)
[2020-08-06T02:35:51.734-0300] GC(3549) Metaspace: 119382K->119382K(1163264K)
[2020-08-06T02:35:51.734-0300] GC(3549) Pause Young (Allocation Failure) 126M->107M(149M) 3.568ms
[2020-08-06T02:35:51.734-0300] GC(3549) User=0.00s Sys=0.00s Real=0.01s
[2020-08-06T02:35:53.250-0300] GC(3550) Pause Young (Allocation Failure)
[2020-08-06T02:35:53.254-0300] GC(3550) PSYoungGen: 20016K->416K(20480K)
[2020-08-06T02:35:53.254-0300] GC(3550) ParOldGen: 109651K->110084K(132096K)
[2020-08-06T02:35:53.254-0300] GC(3550) Metaspace: 119382K->119382K(1163264K)
[2020-08-06T02:35:53.254-0300] GC(3550) Pause Young (Allocation Failure) 126M->107M(149M) 3.295ms
[2020-08-06T02:35:53.254-0300] GC(3550) User=0.00s Sys=0.00s Real=0.00s
[2020-08-06T02:35:54.504-0300] GC(3551) Pause Young (Allocation Failure)
[2020-08-06T02:35:54.506-0300] GC(3551) PSYoungGen: 19872K->352K(20480K)
[2020-08-06T02:35:54.506-0300] GC(3551) ParOldGen: 110084K->110354K(132096K)
[2020-08-06T02:35:54.506-0300] GC(3551) Metaspace: 119382K->119382K(1163264K)
[2020-08-06T02:35:54.506-0300] GC(3551) Pause Young (Allocation Failure) 126M->108M(149M) 2.619ms
[2020-08-06T02:35:54.506-0300] GC(3551) User=0.00s Sys=0.00s Real=0.01s
[2020-08-06T02:35:55.990-0300] GC(3552) Pause Young (Allocation Failure)
[2020-08-06T02:35:55.993-0300] GC(3552) PSYoungGen: 19808K->369K(20480K)
[2020-08-06T02:35:55.993-0300] GC(3552) ParOldGen: 110354K->110599K(132096K)
[2020-08-06T02:35:55.993-0300] GC(3552) Metaspace: 119382K->119382K(1163264K)
[2020-08-06T02:35:55.993-0300] GC(3552) Pause Young (Allocation Failure) 127M->108M(149M) 2.460ms
[2020-08-06T02:35:55.993-0300] GC(3552) User=0.01s Sys=0.00s Real=0.00s
[2020-08-06T02:35:57.513-0300] GC(3553) Pause Young (Allocation Failure)
[2020-08-06T02:35:57.516-0300] GC(3553) PSYoungGen: 19825K->433K(20480K)
[2020-08-06T02:35:57.516-0300] GC(3553) ParOldGen: 110599K->110816K(132096K)
[2020-08-06T02:35:57.516-0300] GC(3553) Metaspace: 119382K->119382K(1163264K)
[2020-08-06T02:35:57.516-0300] GC(3553) Pause Young (Allocation Failure) 127M->108M(149M) 3.303ms
[2020-08-06T02:35:57.516-0300] GC(3553) User=0.01s Sys=0.00s Real=0.01s
[2020-08-06T02:35:58.560-0300] GC(3554) Pause Young (Allocation Failure)
[2020-08-06T02:35:58.563-0300] GC(3554) PSYoungGen: 19889K->288K(20480K)
[2020-08-06T02:35:58.563-0300] GC(3554) ParOldGen: 110816K->111089K(132096K)
[2020-08-06T02:35:58.563-0300] GC(3554) Metaspace: 119382K->119382K(1163264K)
[2020-08-06T02:35:58.563-0300] GC(3554) Pause Young (Allocation Failure) 127M->108M(149M) 3.550ms
[2020-08-06T02:35:58.563-0300] GC(3554) User=0.01s Sys=0.00s Real=0.00s
[2020-08-06T02:36:15.303-0300] GC(3555) Pause Young (Allocation Failure)
[2020-08-06T02:36:15.307-0300] GC(3555) PSYoungGen: 19744K->320K(20480K)
[2020-08-06T02:36:15.307-0300] GC(3555) ParOldGen: 111089K->111157K(132096K)
[2020-08-06T02:36:15.307-0300] GC(3555) Metaspace: 119382K->119382K(1163264K)
[2020-08-06T02:36:15.307-0300] GC(3555) Pause Young (Allocation Failure) 127M->108M(149M) 3.563ms
[2020-08-06T02:36:15.307-0300] GC(3555) User=0.00s Sys=0.00s Real=0.01s
[2020-08-06T02:36:42.305-0300] GC(3556) Pause Young (Allocation Failure)
[2020-08-06T02:36:42.308-0300] GC(3556) PSYoungGen: 19776K->256K(20480K)
[2020-08-06T02:36:42.308-0300] GC(3556) ParOldGen: 111157K->111365K(132096K)
[2020-08-06T02:36:42.308-0300] GC(3556) Metaspace: 119382K->119382K(1163264K)
[2020-08-06T02:36:42.308-0300] GC(3556) Pause Young (Allocation Failure) 127M->109M(149M) 3.004ms
[2020-08-06T02:36:42.308-0300] GC(3556) User=0.00s Sys=0.00s Real=0.00s
[2020-08-06T02:36:59.654-0300] GC(3557) Pause Young (Allocation Failure)
[2020-08-06T02:36:59.657-0300] GC(3557) PSYoungGen: 19712K->208K(20480K)
[2020-08-06T02:36:59.657-0300] GC(3557) ParOldGen: 111365K->111501K(132096K)
[2020-08-06T02:36:59.657-0300] GC(3557) Metaspace: 119382K->119382K(1163264K)
[2020-08-06T02:36:59.657-0300] GC(3557) Pause Young (Allocation Failure) 128M->109M(149M) 2.805ms
[2020-08-06T02:36:59.657-0300] GC(3557) User=0.00s Sys=0.00s Real=0.00s
[2020-08-06T02:37:23.864-0300] GC(3558) Pause Young (Allocation Failure)
[2020-08-06T02:37:23.867-0300] GC(3558) PSYoungGen: 19664K->352K(20480K)
[2020-08-06T02:37:23.867-0300] GC(3558) ParOldGen: 111501K->111545K(132096K)
[2020-08-06T02:37:23.867-0300] GC(3558) Metaspace: 119382K->119382K(1163264K)
[2020-08-06T02:37:23.867-0300] GC(3558) Pause Young (Allocation Failure) 128M->109M(149M) 2.858ms
[2020-08-06T02:37:23.867-0300] GC(3558) User=0.00s Sys=0.00s Real=0.00s
[2020-08-06T02:37:50.302-0300] GC(3559) Pause Young (Allocation Failure)
[2020-08-06T02:37:50.305-0300] GC(3559) PSYoungGen: 19808K->192K(20480K)
[2020-08-06T02:37:50.305-0300] GC(3559) ParOldGen: 111545K->111609K(132096K)
[2020-08-06T02:37:50.305-0300] GC(3559) Metaspace: 119382K->119382K(1163264K)
[2020-08-06T02:37:50.305-0300] GC(3559) Pause Young (Allocation Failure) 128M->109M(149M) 2.913ms
[2020-08-06T02:37:50.305-0300] GC(3559) User=0.00s Sys=0.00s Real=0.01s
[2020-08-06T02:38:08.584-0300] GC(3560) Pause Young (Allocation Failure)
[2020-08-06T02:38:08.587-0300] GC(3560) PSYoungGen: 19648K->272K(20480K)
[2020-08-06T02:38:08.587-0300] GC(3560) ParOldGen: 111609K->111657K(132096K)
[2020-08-06T02:38:08.587-0300] GC(3560) Metaspace: 119382K->119382K(1163264K)
[2020-08-06T02:38:08.587-0300] GC(3560) Pause Young (Allocation Failure) 128M->109M(149M) 2.764ms
[2020-08-06T02:38:08.587-0300] GC(3560) User=0.00s Sys=0.00s Real=0.00s
[2020-08-06T02:38:20.709-0300] GC(3561) Pause Young (Allocation Failure)
[2020-08-06T02:38:20.712-0300] GC(3561) PSYoungGen: 19728K->256K(20480K)
[2020-08-06T02:38:20.712-0300] GC(3561) ParOldGen: 111657K->111794K(132096K)
[2020-08-06T02:38:20.712-0300] GC(3561) Metaspace: 119382K->119382K(1163264K)
[2020-08-06T02:38:20.712-0300] GC(3561) Pause Young (Allocation Failure) 128M->109M(149M) 3.046ms
[2020-08-06T02:38:20.712-0300] GC(3561) User=0.01s Sys=0.00s Real=0.00s
[2020-08-06T02:38:36.301-0300] GC(3562) Pause Young (Allocation Failure)
[2020-08-06T02:38:36.304-0300] GC(3562) PSYoungGen: 19712K->736K(20480K)
[2020-08-06T02:38:36.304-0300] GC(3562) ParOldGen: 111794K->111943K(132096K)
[2020-08-06T02:38:36.304-0300] GC(3562) Metaspace: 119382K->119382K(1163264K)
[2020-08-06T02:38:36.304-0300] GC(3562) Pause Young (Allocation Failure) 128M->110M(149M) 2.819ms
[2020-08-06T02:38:36.304-0300] GC(3562) User=0.01s Sys=0.00s Real=0.01s
[2020-08-06T02:38:49.300-0300] GC(3563) Pause Young (Allocation Failure)
[2020-08-06T02:38:49.304-0300] GC(3563) PSYoungGen: 20192K->640K(20480K)
[2020-08-06T02:38:49.304-0300] GC(3563) ParOldGen: 111943K->112492K(132096K)
[2020-08-06T02:38:49.304-0300] GC(3563) Metaspace: 119382K->119382K(1163264K)
[2020-08-06T02:38:49.304-0300] GC(3563) Pause Young (Allocation Failure) 129M->110M(149M) 3.762ms
[2020-08-06T02:38:49.304-0300] GC(3563) User=0.00s Sys=0.00s Real=0.01s
[2020-08-06T02:39:02.738-0300] GC(3564) Pause Young (Allocation Failure)
[2020-08-06T02:39:02.741-0300] GC(3564) PSYoungGen: 20096K->576K(20480K)
[2020-08-06T02:39:02.741-0300] GC(3564) ParOldGen: 112492K->113005K(132096K)
[2020-08-06T02:39:02.741-0300] GC(3564) Metaspace: 119382K->119382K(1163264K)
[2020-08-06T02:39:02.741-0300] GC(3564) Pause Young (Allocation Failure) 129M->110M(149M) 2.798ms
[2020-08-06T02:39:02.741-0300] GC(3564) User=0.01s Sys=0.00s Real=0.00s
[2020-08-06T02:39:04.133-0300] GC(3565) Pause Young (Allocation Failure)
[2020-08-06T02:39:04.137-0300] GC(3565) PSYoungGen: 20032K->544K(20480K)
[2020-08-06T02:39:04.137-0300] GC(3565) ParOldGen: 113005K->113450K(132096K)
[2020-08-06T02:39:04.137-0300] GC(3565) Metaspace: 119382K->119382K(1163264K)
[2020-08-06T02:39:04.137-0300] GC(3565) Pause Young (Allocation Failure) 129M->111M(149M) 3.277ms
[2020-08-06T02:39:04.137-0300] GC(3565) User=0.00s Sys=0.00s Real=0.01s
[2020-08-06T02:39:05.757-0300] GC(3566) Pause Young (Allocation Failure)
[2020-08-06T02:39:05.761-0300] GC(3566) PSYoungGen: 20000K->416K(20480K)
[2020-08-06T02:39:05.761-0300] GC(3566) ParOldGen: 113450K->113815K(132096K)
[2020-08-06T02:39:05.761-0300] GC(3566) Metaspace: 119382K->119382K(1163264K)
[2020-08-06T02:39:05.761-0300] GC(3566) Pause Young (Allocation Failure) 130M->111M(149M) 4.314ms
[2020-08-06T02:39:05.761-0300] GC(3566) User=0.00s Sys=0.00s Real=0.00s
[2020-08-06T02:39:06.960-0300] GC(3567) Pause Young (Allocation Failure)
[2020-08-06T02:39:06.964-0300] GC(3567) PSYoungGen: 19872K->352K(20480K)
[2020-08-06T02:39:06.964-0300] GC(3567) ParOldGen: 113815K->114104K(132096K)
[2020-08-06T02:39:06.964-0300] GC(3567) Metaspace: 119382K->119382K(1163264K)
[2020-08-06T02:39:06.964-0300] GC(3567) Pause Young (Allocation Failure) 130M->111M(149M) 3.745ms
[2020-08-06T02:39:06.964-0300] GC(3567) User=0.01s Sys=0.00s Real=0.01s
[2020-08-06T02:39:20.949-0300] GC(3568) Pause Young (Allocation Failure)
[2020-08-06T02:39:20.953-0300] GC(3568) PSYoungGen: 19807K->448K(20480K)
[2020-08-06T02:39:20.953-0300] GC(3568) ParOldGen: 114104K->114180K(132096K)
[2020-08-06T02:39:20.953-0300] GC(3568) Metaspace: 119382K->119382K(1163264K)
[2020-08-06T02:39:20.953-0300] GC(3568) Pause Young (Allocation Failure) 130M->111M(149M) 3.372ms
[2020-08-06T02:39:20.953-0300] GC(3568) User=0.00s Sys=0.00s Real=0.00s
[2020-08-06T02:39:48.483-0300] GC(3569) Pause Young (Allocation Failure)
[2020-08-06T02:39:48.487-0300] GC(3569) PSYoungGen: 19904K->416K(20480K)
[2020-08-06T02:39:48.487-0300] GC(3569) ParOldGen: 114180K->114572K(132096K)
[2020-08-06T02:39:48.487-0300] GC(3569) Metaspace: 119382K->119382K(1163264K)
[2020-08-06T02:39:48.487-0300] GC(3569) Pause Young (Allocation Failure) 130M->112M(149M) 3.170ms
[2020-08-06T02:39:48.487-0300] GC(3569) User=0.01s Sys=0.00s Real=0.01s
[2020-08-06T02:40:09.846-0300] GC(3570) Pause Young (Allocation Failure)
[2020-08-06T02:40:09.849-0300] GC(3570) PSYoungGen: 19872K->576K(20480K)
[2020-08-06T02:40:09.849-0300] GC(3570) ParOldGen: 114572K->114884K(132096K)
[2020-08-06T02:40:09.849-0300] GC(3570) Metaspace: 119382K->119382K(1163264K)
[2020-08-06T02:40:09.849-0300] GC(3570) Pause Young (Allocation Failure) 131M->112M(149M) 2.619ms
[2020-08-06T02:40:09.849-0300] GC(3570) User=0.01s Sys=0.00s Real=0.00s
[2020-08-06T02:40:23.203-0300] GC(3571) Pause Young (Allocation Failure)
[2020-08-06T02:40:23.206-0300] GC(3571) PSYoungGen: 20032K->400K(20480K)
[2020-08-06T02:40:23.206-0300] GC(3571) ParOldGen: 114884K->115349K(132096K)
[2020-08-06T02:40:23.206-0300] GC(3571) Metaspace: 119382K->119382K(1163264K)
[2020-08-06T02:40:23.206-0300] GC(3571) Pause Young (Allocation Failure) 131M->113M(149M) 3.070ms
[2020-08-06T02:40:23.207-0300] GC(3571) User=0.01s Sys=0.00s Real=0.01s
[2020-08-06T02:40:37.299-0300] GC(3572) Pause Young (Allocation Failure)
[2020-08-06T02:40:37.301-0300] GC(3572) PSYoungGen: 19856K->608K(20480K)
[2020-08-06T02:40:37.301-0300] GC(3572) ParOldGen: 115349K->115625K(132096K)
[2020-08-06T02:40:37.301-0300] GC(3572) Metaspace: 119382K->119382K(1163264K)
[2020-08-06T02:40:37.301-0300] GC(3572) Pause Young (Allocation Failure) 132M->113M(149M) 2.949ms
[2020-08-06T02:40:37.302-0300] GC(3572) User=0.01s Sys=0.00s Real=0.00s
[2020-08-06T02:40:40.171-0300] GC(3573) Pause Young (Allocation Failure)
[2020-08-06T02:40:40.175-0300] GC(3573) PSYoungGen: 20064K->432K(20480K)
[2020-08-06T02:40:40.175-0300] GC(3573) ParOldGen: 115625K->116051K(132096K)
[2020-08-06T02:40:40.175-0300] GC(3573) Metaspace: 119382K->119382K(1163264K)
[2020-08-06T02:40:40.175-0300] GC(3573) Pause Young (Allocation Failure) 132M->113M(149M) 3.935ms
[2020-08-06T02:40:40.175-0300] GC(3573) User=0.01s Sys=0.00s Real=0.01s
[2020-08-06T02:40:41.435-0300] GC(3574) Pause Young (Allocation Failure)
[2020-08-06T02:40:41.437-0300] GC(3574) PSYoungGen: 19888K->288K(20480K)
[2020-08-06T02:40:41.437-0300] GC(3574) ParOldGen: 116051K->116324K(132096K)
[2020-08-06T02:40:41.437-0300] GC(3574) Metaspace: 119382K->119382K(1163264K)
[2020-08-06T02:40:41.437-0300] GC(3574) Pause Young (Allocation Failure) 132M->113M(149M) 2.571ms
[2020-08-06T02:40:41.437-0300] GC(3574) User=0.00s Sys=0.00s Real=0.00s
[2020-08-06T02:40:42.982-0300] GC(3575) Pause Young (Allocation Failure)
[2020-08-06T02:40:42.985-0300] GC(3575) PSYoungGen: 19744K->368K(20480K)
[2020-08-06T02:40:42.985-0300] GC(3575) ParOldGen: 116324K->116517K(132096K)
[2020-08-06T02:40:42.985-0300] GC(3575) Metaspace: 119382K->119382K(1163264K)
[2020-08-06T02:40:42.985-0300] GC(3575) Pause Young (Allocation Failure) 132M->114M(149M) 3.121ms
[2020-08-06T02:40:42.985-0300] GC(3575) User=0.00s Sys=0.00s Real=0.01s
[2020-08-06T02:40:44.319-0300] GC(3576) Pause Young (Allocation Failure)
[2020-08-06T02:40:44.322-0300] GC(3576) PSYoungGen: 19824K->336K(20480K)
[2020-08-06T02:40:44.322-0300] GC(3576) ParOldGen: 116517K->116774K(132096K)
[2020-08-06T02:40:44.322-0300] GC(3576) Metaspace: 119382K->119382K(1163264K)
[2020-08-06T02:40:44.322-0300] GC(3576) Pause Young (Allocation Failure) 133M->114M(149M) 3.163ms
[2020-08-06T02:40:44.323-0300] GC(3576) User=0.00s Sys=0.00s Real=0.00s
[2020-08-06T02:40:45.367-0300] GC(3577) Pause Young (Allocation Failure)
[2020-08-06T02:40:45.370-0300] GC(3577) PSYoungGen: 19792K->352K(20480K)
[2020-08-06T02:40:45.370-0300] GC(3577) ParOldGen: 116774K->116979K(132096K)
[2020-08-06T02:40:45.370-0300] GC(3577) Metaspace: 119382K->119382K(1163264K)
[2020-08-06T02:40:45.370-0300] GC(3577) Pause Young (Allocation Failure) 133M->114M(149M) 2.718ms
[2020-08-06T02:40:45.370-0300] GC(3577) User=0.00s Sys=0.00s Real=0.00s
[2020-08-06T02:41:04.846-0300] GC(3578) Pause Young (Allocation Failure)
[2020-08-06T02:41:04.849-0300] GC(3578) PSYoungGen: 19808K->512K(20480K)
[2020-08-06T02:41:04.849-0300] GC(3578) ParOldGen: 116979K->117047K(132096K)
[2020-08-06T02:41:04.849-0300] GC(3578) Metaspace: 119382K->119382K(1163264K)
[2020-08-06T02:41:04.849-0300] GC(3578) Pause Young (Allocation Failure) 133M->114M(149M) 2.911ms
[2020-08-06T02:41:04.849-0300] GC(3578) User=0.01s Sys=0.00s Real=0.00s
[2020-08-06T02:41:29.849-0300] GC(3579) Pause Young (Allocation Failure)
[2020-08-06T02:41:29.853-0300] GC(3579) PSYoungGen: 19968K->320K(20480K)
[2020-08-06T02:41:29.853-0300] GC(3579) ParOldGen: 117047K->117415K(132096K)
[2020-08-06T02:41:29.853-0300] GC(3579) Metaspace: 119382K->119382K(1163264K)
[2020-08-06T02:41:29.853-0300] GC(3579) Pause Young (Allocation Failure) 133M->114M(149M) 3.422ms
[2020-08-06T02:41:29.853-0300] GC(3579) User=0.01s Sys=0.00s Real=0.00s
[2020-08-06T02:41:46.402-0300] GC(3580) Pause Young (Allocation Failure)
[2020-08-06T02:41:46.405-0300] GC(3580) PSYoungGen: 19776K->224K(20480K)
[2020-08-06T02:41:46.405-0300] GC(3580) ParOldGen: 117415K->117607K(132096K)
[2020-08-06T02:41:46.405-0300] GC(3580) Metaspace: 119382K->119382K(1163264K)
[2020-08-06T02:41:46.405-0300] GC(3580) Pause Young (Allocation Failure) 133M->115M(149M) 3.028ms
[2020-08-06T02:41:46.405-0300] GC(3580) User=0.01s Sys=0.00s Real=0.01s
[2020-08-06T02:42:14.031-0300] GC(3581) Pause Young (Allocation Failure)
[2020-08-06T02:42:14.034-0300] GC(3581) PSYoungGen: 19679K->224K(20480K)
[2020-08-06T02:42:14.034-0300] GC(3581) ParOldGen: 117607K->117687K(132096K)
[2020-08-06T02:42:14.034-0300] GC(3581) Metaspace: 119382K->119382K(1163264K)
[2020-08-06T02:42:14.034-0300] GC(3581) Pause Young (Allocation Failure) 134M->115M(149M) 3.461ms
[2020-08-06T02:42:14.034-0300] GC(3581) User=0.00s Sys=0.00s Real=0.01s
[2020-08-06T02:42:38.296-0300] GC(3582) Pause Young (Allocation Failure)
[2020-08-06T02:42:38.300-0300] GC(3582) PSYoungGen: 19680K->352K(20480K)
[2020-08-06T02:42:38.300-0300] GC(3582) ParOldGen: 117687K->117839K(132096K)
[2020-08-06T02:42:38.300-0300] GC(3582) Metaspace: 119382K->119382K(1163264K)
[2020-08-06T02:42:38.300-0300] GC(3582) Pause Young (Allocation Failure) 134M->115M(149M) 3.355ms
[2020-08-06T02:42:38.300-0300] GC(3582) User=0.01s Sys=0.00s Real=0.00s
[2020-08-06T02:42:54.847-0300] GC(3583) Pause Young (Allocation Failure)
[2020-08-06T02:42:54.850-0300] GC(3583) PSYoungGen: 19808K->160K(20480K)
[2020-08-06T02:42:54.850-0300] GC(3583) ParOldGen: 117839K->117871K(132096K)
[2020-08-06T02:42:54.850-0300] GC(3583) Metaspace: 119382K->119382K(1163264K)
[2020-08-06T02:42:54.850-0300] GC(3583) Pause Young (Allocation Failure) 134M->115M(149M) 3.257ms
[2020-08-06T02:42:54.850-0300] GC(3583) User=0.01s Sys=0.00s Real=0.00s
[2020-08-06T02:43:21.295-0300] GC(3584) Pause Young (Allocation Failure)
[2020-08-06T02:43:21.298-0300] GC(3584) PSYoungGen: 19616K->288K(20480K)
[2020-08-06T02:43:21.298-0300] GC(3584) ParOldGen: 117871K->117923K(132096K)
[2020-08-06T02:43:21.298-0300] GC(3584) Metaspace: 119382K->119382K(1163264K)
[2020-08-06T02:43:21.298-0300] GC(3584) Pause Young (Allocation Failure) 134M->115M(149M) 2.592ms
[2020-08-06T02:43:21.298-0300] GC(3584) User=0.01s Sys=0.00s Real=0.00s
[2020-08-06T02:43:46.899-0300] GC(3585) Pause Young (Allocation Failure)
[2020-08-06T02:43:46.903-0300] GC(3585) PSYoungGen: 19744K->768K(20480K)
[2020-08-06T02:43:46.903-0300] GC(3585) ParOldGen: 117923K->117987K(132096K)
[2020-08-06T02:43:46.903-0300] GC(3585) Metaspace: 119382K->119382K(1163264K)
[2020-08-06T02:43:46.903-0300] GC(3585) Pause Young (Allocation Failure) 134M->115M(149M) 3.863ms
[2020-08-06T02:43:46.903-0300] GC(3585) User=0.00s Sys=0.00s Real=0.00s
[2020-08-06T02:44:04.847-0300] GC(3586) Pause Young (Allocation Failure)
[2020-08-06T02:44:04.850-0300] GC(3586) PSYoungGen: 20224K->544K(20480K)
[2020-08-06T02:44:04.850-0300] GC(3586) ParOldGen: 117987K->118683K(132096K)
[2020-08-06T02:44:04.850-0300] GC(3586) Metaspace: 119382K->119382K(1163264K)
[2020-08-06T02:44:04.850-0300] GC(3586) Pause Young (Allocation Failure) 134M->116M(149M) 2.613ms
[2020-08-06T02:44:04.850-0300] GC(3586) User=0.01s Sys=0.00s Real=0.00s
[2020-08-06T02:44:30.295-0300] GC(3587) Pause Young (Allocation Failure)
[2020-08-06T02:44:30.298-0300] GC(3587) PSYoungGen: 20000K->656K(20480K)
[2020-08-06T02:44:30.298-0300] GC(3587) ParOldGen: 118683K->119127K(132096K)
[2020-08-06T02:44:30.298-0300] GC(3587) Metaspace: 119382K->119382K(1163264K)
[2020-08-06T02:44:30.298-0300] GC(3587) Pause Young (Allocation Failure) 135M->116M(149M) 3.049ms
[2020-08-06T02:44:30.298-0300] GC(3587) User=0.01s Sys=0.00s Real=0.00s
[2020-08-06T02:44:47.877-0300] GC(3588) Pause Young (Allocation Failure)
[2020-08-06T02:44:47.880-0300] GC(3588) PSYoungGen: 20112K->368K(20480K)
[2020-08-06T02:44:47.880-0300] GC(3588) ParOldGen: 119127K->119583K(132096K)
[2020-08-06T02:44:47.880-0300] GC(3588) Metaspace: 119382K->119382K(1163264K)
[2020-08-06T02:44:47.880-0300] GC(3588) Pause Young (Allocation Failure) 135M->117M(149M) 3.135ms
[2020-08-06T02:44:47.880-0300] GC(3588) User=0.01s Sys=0.00s Real=0.00s
[2020-08-06T02:45:14.847-0300] GC(3589) Pause Young (Allocation Failure)
[2020-08-06T02:45:14.850-0300] GC(3589) PSYoungGen: 19824K->640K(20480K)
[2020-08-06T02:45:14.850-0300] GC(3589) ParOldGen: 119583K->119827K(132096K)
[2020-08-06T02:45:14.850-0300] GC(3589) Metaspace: 119382K->119382K(1163264K)
[2020-08-06T02:45:14.850-0300] GC(3589) Pause Young (Allocation Failure) 136M->117M(149M) 3.306ms
[2020-08-06T02:45:14.850-0300] GC(3589) User=0.00s Sys=0.00s Real=0.00s
[2020-08-06T02:45:41.118-0300] GC(3590) Pause Young (Allocation Failure)
[2020-08-06T02:45:41.121-0300] GC(3590) PSYoungGen: 20095K->528K(20480K)
[2020-08-06T02:45:41.121-0300] GC(3590) ParOldGen: 119827K->120316K(132096K)
[2020-08-06T02:45:41.121-0300] GC(3590) Metaspace: 119382K->119382K(1163264K)
[2020-08-06T02:45:41.121-0300] GC(3590) Pause Young (Allocation Failure) 136M->118M(149M) 3.347ms
[2020-08-06T02:45:41.121-0300] GC(3590) User=0.01s Sys=0.00s Real=0.00s
[2020-08-06T02:45:58.316-0300] GC(3591) Pause Young (Allocation Failure)
[2020-08-06T02:45:58.319-0300] GC(3591) PSYoungGen: 19984K->560K(20480K)
[2020-08-06T02:45:58.319-0300] GC(3591) ParOldGen: 120316K->120716K(132096K)
[2020-08-06T02:45:58.319-0300] GC(3591) Metaspace: 119382K->119382K(1163264K)
[2020-08-06T02:45:58.319-0300] GC(3591) Pause Young (Allocation Failure) 137M->118M(149M) 2.736ms
[2020-08-06T02:45:58.319-0300] GC(3591) User=0.01s Sys=0.00s Real=0.00s
[2020-08-06T02:46:09.846-0300] GC(3592) Pause Young (Allocation Failure)
[2020-08-06T02:46:09.849-0300] GC(3592) PSYoungGen: 20016K->544K(20480K)
[2020-08-06T02:46:09.849-0300] GC(3592) ParOldGen: 120716K->121076K(132096K)
[2020-08-06T02:46:09.849-0300] GC(3592) Metaspace: 119385K->119385K(1163264K)
[2020-08-06T02:46:09.849-0300] GC(3592) Pause Young (Allocation Failure) 137M->118M(149M) 2.973ms
[2020-08-06T02:46:09.849-0300] GC(3592) User=0.01s Sys=0.00s Real=0.00s
[2020-08-06T02:46:19.846-0300] GC(3593) Pause Young (Allocation Failure)
[2020-08-06T02:46:19.851-0300] GC(3593) PSYoungGen: 20000K->288K(20480K)
[2020-08-06T02:46:19.851-0300] GC(3593) ParOldGen: 121076K->121509K(132096K)
[2020-08-06T02:46:19.851-0300] GC(3593) Metaspace: 119385K->119385K(1163264K)
[2020-08-06T02:46:19.851-0300] GC(3593) Pause Young (Allocation Failure) 137M->118M(149M) 4.431ms
[2020-08-06T02:46:19.851-0300] GC(3593) User=0.01s Sys=0.00s Real=0.00s
[2020-08-06T02:46:21.320-0300] GC(3594) Pause Young (Allocation Failure)
[2020-08-06T02:46:21.323-0300] GC(3594) PSYoungGen: 19744K->513K(20480K)
[2020-08-06T02:46:21.323-0300] GC(3594) ParOldGen: 121509K->121698K(132096K)
[2020-08-06T02:46:21.323-0300] GC(3594) Metaspace: 119385K->119385K(1163264K)
[2020-08-06T02:46:21.323-0300] GC(3594) Pause Young (Allocation Failure) 137M->119M(149M) 2.906ms
[2020-08-06T02:46:21.323-0300] GC(3594) User=0.01s Sys=0.00s Real=0.00s
[2020-08-06T02:46:22.822-0300] GC(3595) Pause Young (Allocation Failure)
[2020-08-06T02:46:22.826-0300] GC(3595) PSYoungGen: 19969K->433K(20480K)
[2020-08-06T02:46:22.826-0300] GC(3595) ParOldGen: 121698K->121943K(132096K)
[2020-08-06T02:46:22.826-0300] GC(3595) Metaspace: 119385K->119385K(1163264K)
[2020-08-06T02:46:22.826-0300] GC(3595) Pause Young (Allocation Failure) 138M->119M(149M) 3.535ms
[2020-08-06T02:46:22.826-0300] GC(3595) User=0.00s Sys=0.00s Real=0.01s
[2020-08-06T02:46:24.120-0300] GC(3596) Pause Young (Allocation Failure)
[2020-08-06T02:46:24.124-0300] GC(3596) PSYoungGen: 19889K->337K(20480K)
[2020-08-06T02:46:24.124-0300] GC(3596) ParOldGen: 121943K->122212K(132096K)
[2020-08-06T02:46:24.124-0300] GC(3596) Metaspace: 119385K->119385K(1163264K)
[2020-08-06T02:46:24.124-0300] GC(3596) Pause Young (Allocation Failure) 138M->119M(149M) 4.287ms
[2020-08-06T02:46:24.124-0300] GC(3596) User=0.01s Sys=0.01s Real=0.01s
[2020-08-06T02:46:25.614-0300] GC(3597) Pause Young (Allocation Failure)
[2020-08-06T02:46:25.617-0300] GC(3597) PSYoungGen: 19793K->337K(20480K)
[2020-08-06T02:46:25.617-0300] GC(3597) ParOldGen: 122212K->122429K(132096K)
[2020-08-06T02:46:25.617-0300] GC(3597) Metaspace: 119385K->119385K(1163264K)
[2020-08-06T02:46:25.617-0300] GC(3597) Pause Young (Allocation Failure) 138M->119M(149M) 3.660ms
[2020-08-06T02:46:25.617-0300] GC(3597) User=0.01s Sys=0.00s Real=0.01s
[2020-08-06T02:46:30.320-0300] GC(3598) Pause Young (Allocation Failure)
[2020-08-06T02:46:30.323-0300] GC(3598) PSYoungGen: 19793K->256K(20480K)
[2020-08-06T02:46:30.323-0300] GC(3598) ParOldGen: 122429K->122570K(132096K)
[2020-08-06T02:46:30.323-0300] GC(3598) Metaspace: 119385K->119385K(1163264K)
[2020-08-06T02:46:30.323-0300] GC(3598) Pause Young (Allocation Failure) 138M->119M(149M) 2.801ms
[2020-08-06T02:46:30.323-0300] GC(3598) User=0.01s Sys=0.00s Real=0.00s
[2020-08-06T02:46:59.135-0300] GC(3599) Pause Young (Allocation Failure)
[2020-08-06T02:46:59.137-0300] GC(3599) PSYoungGen: 19711K->160K(20480K)
[2020-08-06T02:46:59.137-0300] GC(3599) ParOldGen: 122570K->122634K(132096K)
[2020-08-06T02:46:59.137-0300] GC(3599) Metaspace: 119385K->119385K(1163264K)
[2020-08-06T02:46:59.137-0300] GC(3599) Pause Young (Allocation Failure) 138M->119M(149M) 2.837ms
[2020-08-06T02:46:59.137-0300] GC(3599) User=0.01s Sys=0.00s Real=0.00s
[2020-08-06T02:47:22.320-0300] GC(3600) Pause Young (Allocation Failure)
[2020-08-06T02:47:22.323-0300] GC(3600) PSYoungGen: 19616K->448K(20480K)
[2020-08-06T02:47:22.323-0300] GC(3600) ParOldGen: 122634K->122658K(132096K)
[2020-08-06T02:47:22.323-0300] GC(3600) Metaspace: 119394K->119394K(1163264K)
[2020-08-06T02:47:22.323-0300] GC(3600) Pause Young (Allocation Failure) 138M->120M(149M) 3.669ms
[2020-08-06T02:47:22.323-0300] GC(3600) User=0.01s Sys=0.00s Real=0.00s
[2020-08-06T02:47:36.987-0300] GC(3601) Pause Young (Allocation Failure)
[2020-08-06T02:47:36.990-0300] GC(3601) PSYoungGen: 19904K->224K(20480K)
[2020-08-06T02:47:36.990-0300] GC(3601) ParOldGen: 122658K->122690K(132096K)
[2020-08-06T02:47:36.990-0300] GC(3601) Metaspace: 119394K->119394K(1163264K)
[2020-08-06T02:47:36.990-0300] GC(3601) Pause Young (Allocation Failure) 139M->120M(149M) 2.933ms
[2020-08-06T02:47:36.990-0300] GC(3601) User=0.01s Sys=0.00s Real=0.00s
[2020-08-06T02:47:51.319-0300] GC(3602) Pause Young (Allocation Failure)
[2020-08-06T02:47:51.322-0300] GC(3602) PSYoungGen: 19680K->384K(20480K)
[2020-08-06T02:47:51.322-0300] GC(3602) ParOldGen: 122690K->122835K(132096K)
[2020-08-06T02:47:51.322-0300] GC(3602) Metaspace: 119394K->119394K(1163264K)
[2020-08-06T02:47:51.322-0300] GC(3602) Pause Young (Allocation Failure) 139M->120M(149M) 3.319ms
[2020-08-06T02:47:51.323-0300] GC(3602) User=0.00s Sys=0.00s Real=0.00s
[2020-08-06T02:48:04.846-0300] GC(3603) Pause Young (Allocation Failure)
[2020-08-06T02:48:04.849-0300] GC(3603) PSYoungGen: 19840K->320K(20480K)
[2020-08-06T02:48:04.849-0300] GC(3603) ParOldGen: 122835K->123024K(132096K)
[2020-08-06T02:48:04.849-0300] GC(3603) Metaspace: 119394K->119394K(1163264K)
[2020-08-06T02:48:04.849-0300] GC(3603) Pause Young (Allocation Failure) 139M->120M(149M) 3.050ms
[2020-08-06T02:48:04.849-0300] GC(3603) User=0.00s Sys=0.00s Real=0.00s
[2020-08-06T02:48:19.040-0300] GC(3604) Pause Young (Allocation Failure)
[2020-08-06T02:48:19.043-0300] GC(3604) PSYoungGen: 19776K->240K(20480K)
[2020-08-06T02:48:19.043-0300] GC(3604) ParOldGen: 123024K->123209K(132096K)
[2020-08-06T02:48:19.043-0300] GC(3604) Metaspace: 119394K->119394K(1163264K)
[2020-08-06T02:48:19.043-0300] GC(3604) Pause Young (Allocation Failure) 139M->120M(149M) 3.153ms
[2020-08-06T02:48:19.043-0300] GC(3604) User=0.01s Sys=0.01s Real=0.00s
[2020-08-06T02:48:33.317-0300] GC(3605) Pause Young (Allocation Failure)
[2020-08-06T02:48:33.321-0300] GC(3605) PSYoungGen: 19696K->720K(20480K)
[2020-08-06T02:48:33.321-0300] GC(3605) ParOldGen: 123209K->123353K(132096K)
[2020-08-06T02:48:33.321-0300] GC(3605) Metaspace: 119394K->119394K(1163264K)
[2020-08-06T02:48:33.321-0300] GC(3605) Pause Young (Allocation Failure) 139M->121M(149M) 3.377ms
[2020-08-06T02:48:33.321-0300] GC(3605) User=0.01s Sys=0.00s Real=0.00s
[2020-08-06T02:48:45.442-0300] GC(3606) Pause Young (Allocation Failure)
[2020-08-06T02:48:45.445-0300] GC(3606) PSYoungGen: 20176K->464K(20480K)
[2020-08-06T02:48:45.445-0300] GC(3606) ParOldGen: 123353K->123895K(132096K)
[2020-08-06T02:48:45.445-0300] GC(3606) Metaspace: 119394K->119394K(1163264K)
[2020-08-06T02:48:45.445-0300] GC(3606) Pause Young (Allocation Failure) 140M->121M(149M) 2.802ms
[2020-08-06T02:48:45.445-0300] GC(3606) User=0.00s Sys=0.00s Real=0.01s
[2020-08-06T02:49:00.544-0300] GC(3607) Pause Young (Allocation Failure)
[2020-08-06T02:49:00.548-0300] GC(3607) PSYoungGen: 19920K->593K(20480K)
[2020-08-06T02:49:00.548-0300] GC(3607) ParOldGen: 123895K->124299K(132096K)
[2020-08-06T02:49:00.548-0300] GC(3607) Metaspace: 119394K->119394K(1163264K)
[2020-08-06T02:49:00.548-0300] GC(3607) Pause Young (Allocation Failure) 140M->121M(149M) 3.771ms
[2020-08-06T02:49:00.548-0300] GC(3607) User=0.01s Sys=0.00s Real=0.00s
[2020-08-06T02:49:02.549-0300] GC(3608) Pause Young (Allocation Failure)
[2020-08-06T02:49:02.553-0300] GC(3608) PSYoungGen: 20049K->368K(20480K)
[2020-08-06T02:49:02.553-0300] GC(3608) ParOldGen: 124299K->124829K(132096K)
[2020-08-06T02:49:02.553-0300] GC(3608) Metaspace: 119394K->119394K(1163264K)
[2020-08-06T02:49:02.553-0300] GC(3608) Pause Young (Allocation Failure) 140M->122M(149M) 3.535ms
[2020-08-06T02:49:02.553-0300] GC(3608) User=0.00s Sys=0.00s Real=0.00s
[2020-08-06T02:49:10.317-0300] GC(3609) Pause Young (Allocation Failure)
[2020-08-06T02:49:10.322-0300] GC(3609) PSYoungGen: 19824K->480K(20480K)
[2020-08-06T02:49:10.322-0300] GC(3609) ParOldGen: 124829K->124937K(132096K)
[2020-08-06T02:49:10.322-0300] GC(3609) Metaspace: 119394K->119394K(1163264K)
[2020-08-06T02:49:10.322-0300] GC(3609) Pause Young (Allocation Failure) 141M->122M(149M) 5.229ms
[2020-08-06T02:49:10.322-0300] GC(3609) User=0.01s Sys=0.00s Real=0.00s
[2020-08-06T02:49:37.318-0300] GC(3610) Pause Young (Allocation Failure)
[2020-08-06T02:49:37.322-0300] GC(3610) PSYoungGen: 19936K->512K(20480K)
[2020-08-06T02:49:37.322-0300] GC(3610) ParOldGen: 124937K->125217K(132096K)
[2020-08-06T02:49:37.322-0300] GC(3610) Metaspace: 119394K->119394K(1163264K)
[2020-08-06T02:49:37.322-0300] GC(3610) Pause Young (Allocation Failure) 141M->122M(149M) 4.042ms
[2020-08-06T02:49:37.322-0300] GC(3610) User=0.01s Sys=0.00s Real=0.00s
[2020-08-06T02:50:03.223-0300] GC(3611) Pause Young (Allocation Failure)
[2020-08-06T02:50:03.226-0300] GC(3611) PSYoungGen: 19968K->416K(20480K)
[2020-08-06T02:50:03.226-0300] GC(3611) ParOldGen: 125217K->125569K(132096K)
[2020-08-06T02:50:03.226-0300] GC(3611) Metaspace: 119394K->119394K(1163264K)
[2020-08-06T02:50:03.226-0300] GC(3611) Pause Young (Allocation Failure) 141M->123M(149M) 3.509ms
[2020-08-06T02:50:03.226-0300] GC(3611) User=0.01s Sys=0.00s Real=0.01s
[2020-08-06T02:50:15.026-0300] GC(3612) Pause Young (Allocation Failure)
[2020-08-06T02:50:15.030-0300] GC(3612) PSYoungGen: 19872K->608K(20480K)
[2020-08-06T02:50:15.030-0300] GC(3612) ParOldGen: 125569K->125857K(132096K)
[2020-08-06T02:50:15.031-0300] GC(3612) Metaspace: 119394K->119394K(1163264K)
[2020-08-06T02:50:15.031-0300] GC(3612) Pause Young (Allocation Failure) 142M->123M(149M) 4.485ms
[2020-08-06T02:50:15.031-0300] GC(3612) User=0.01s Sys=0.00s Real=0.00s
[2020-08-06T02:50:29.585-0300] GC(3613) Pause Young (Allocation Failure)
[2020-08-06T02:50:29.590-0300] GC(3613) PSYoungGen: 20064K->400K(20480K)
[2020-08-06T02:50:29.590-0300] GC(3613) ParOldGen: 125857K->126326K(132096K)
[2020-08-06T02:50:29.590-0300] GC(3613) Metaspace: 119394K->119394K(1163264K)
[2020-08-06T02:50:29.590-0300] GC(3613) Pause Young (Allocation Failure) 142M->123M(149M) 4.271ms
[2020-08-06T02:50:29.590-0300] GC(3613) User=0.01s Sys=0.00s Real=0.00s
[2020-08-06T02:50:44.846-0300] GC(3614) Pause Young (Allocation Failure)
[2020-08-06T02:50:44.850-0300] GC(3614) PSYoungGen: 19856K->416K(20480K)
[2020-08-06T02:50:44.850-0300] GC(3614) ParOldGen: 126326K->126603K(132096K)
[2020-08-06T02:50:44.850-0300] GC(3614) Metaspace: 119394K->119394K(1163264K)
[2020-08-06T02:50:44.850-0300] GC(3614) Pause Young (Allocation Failure) 142M->124M(149M) 4.213ms
[2020-08-06T02:50:44.850-0300] GC(3614) User=0.00s Sys=0.00s Real=0.00s
[2020-08-06T02:50:55.904-0300] GC(3615) Pause Young (Allocation Failure)
[2020-08-06T02:50:55.907-0300] GC(3615) PSYoungGen: 19872K->481K(20480K)
[2020-08-06T02:50:55.907-0300] GC(3615) ParOldGen: 126603K->126976K(132096K)
[2020-08-06T02:50:55.907-0300] GC(3615) Metaspace: 119394K->119394K(1163264K)
[2020-08-06T02:50:55.907-0300] GC(3615) Pause Young (Allocation Failure) 143M->124M(149M) 3.037ms
[2020-08-06T02:50:55.907-0300] GC(3615) User=0.00s Sys=0.00s Real=0.01s
[2020-08-06T02:51:11.655-0300] GC(3616) Pause Young (Allocation Failure)
[2020-08-06T02:51:11.658-0300] GC(3616) PSYoungGen: 19937K->464K(20480K)
[2020-08-06T02:51:11.658-0300] GC(3616) ParOldGen: 126976K->127381K(132096K)
[2020-08-06T02:51:11.658-0300] GC(3616) Metaspace: 119394K->119394K(1163264K)
[2020-08-06T02:51:11.658-0300] GC(3616) Pause Young (Allocation Failure) 143M->124M(149M) 3.184ms
[2020-08-06T02:51:11.658-0300] GC(3616) User=0.01s Sys=0.00s Real=0.00s
[2020-08-06T02:51:24.845-0300] GC(3617) Pause Young (Allocation Failure)
[2020-08-06T02:51:24.849-0300] GC(3617) PSYoungGen: 19920K->401K(20480K)
[2020-08-06T02:51:24.849-0300] GC(3617) ParOldGen: 127381K->127714K(132096K)
[2020-08-06T02:51:24.849-0300] GC(3617) Metaspace: 119394K->119394K(1163264K)
[2020-08-06T02:51:24.849-0300] GC(3617) Pause Young (Allocation Failure) 143M->125M(149M) 3.257ms
[2020-08-06T02:51:24.849-0300] GC(3617) User=0.00s Sys=0.00s Real=0.00s
[2020-08-06T02:51:37.862-0300] GC(3618) Pause Young (Allocation Failure)
[2020-08-06T02:51:37.866-0300] GC(3618) PSYoungGen: 19857K->352K(20480K)
[2020-08-06T02:51:37.866-0300] GC(3618) ParOldGen: 127714K->128007K(132096K)
[2020-08-06T02:51:37.866-0300] GC(3618) Metaspace: 119394K->119394K(1163264K)
[2020-08-06T02:51:37.866-0300] GC(3618) Pause Young (Allocation Failure) 144M->125M(149M) 3.644ms
[2020-08-06T02:51:37.866-0300] GC(3618) User=0.01s Sys=0.00s Real=0.01s
[2020-08-06T02:51:39.292-0300] GC(3619) Pause Young (Allocation Failure)
[2020-08-06T02:51:39.294-0300] GC(3619) PSYoungGen: 19808K->352K(20480K)
[2020-08-06T02:51:39.294-0300] GC(3619) ParOldGen: 128007K->128204K(132096K)
[2020-08-06T02:51:39.294-0300] GC(3619) Metaspace: 119394K->119394K(1163264K)
[2020-08-06T02:51:39.294-0300] GC(3619) Pause Young (Allocation Failure) 144M->125M(149M) 2.400ms
[2020-08-06T02:51:39.294-0300] GC(3619) User=0.00s Sys=0.00s Real=0.01s
[2020-08-06T02:51:50.314-0300] GC(3620) Pause Young (Allocation Failure)
[2020-08-06T02:51:50.317-0300] GC(3620) PSYoungGen: 19803K->256K(20480K)
[2020-08-06T02:51:50.317-0300] GC(3620) ParOldGen: 128204K->128284K(132096K)
[2020-08-06T02:51:50.317-0300] GC(3620) Metaspace: 119394K->119394K(1163264K)
[2020-08-06T02:51:50.317-0300] GC(3620) Pause Young (Allocation Failure) 144M->125M(149M) 2.707ms
[2020-08-06T02:51:50.317-0300] GC(3620) User=0.00s Sys=0.00s Real=0.01s
[2020-08-06T02:52:18.427-0300] GC(3621) Pause Young (Allocation Failure)
[2020-08-06T02:52:18.430-0300] GC(3621) PSYoungGen: 19711K->192K(20480K)
[2020-08-06T02:52:18.430-0300] GC(3621) ParOldGen: 128284K->128332K(132096K)
[2020-08-06T02:52:18.430-0300] GC(3621) Metaspace: 119394K->119394K(1163264K)
[2020-08-06T02:52:18.430-0300] GC(3621) Pause Young (Allocation Failure) 144M->125M(149M) 3.161ms
[2020-08-06T02:52:18.430-0300] GC(3621) User=0.01s Sys=0.00s Real=0.00s
[2020-08-06T02:52:39.750-0300] GC(3622) Pause Young (Allocation Failure)
[2020-08-06T02:52:39.756-0300] GC(3622) PSYoungGen: 19648K->288K(20480K)
[2020-08-06T02:52:39.756-0300] GC(3622) ParOldGen: 128332K->128364K(132096K)
[2020-08-06T02:52:39.756-0300] GC(3622) Metaspace: 119394K->119394K(1163264K)
[2020-08-06T02:52:39.757-0300] GC(3622) Pause Young (Allocation Failure) 144M->125M(149M) 6.103ms
[2020-08-06T02:52:39.757-0300] GC(3622) User=0.01s Sys=0.00s Real=0.01s
[2020-08-06T02:52:59.846-0300] GC(3623) Pause Young (Allocation Failure)
[2020-08-06T02:52:59.849-0300] GC(3623) PSYoungGen: 19744K->128K(20480K)
[2020-08-06T02:52:59.849-0300] GC(3623) ParOldGen: 128364K->128412K(132096K)
[2020-08-06T02:52:59.849-0300] GC(3623) Metaspace: 119394K->119394K(1163264K)
[2020-08-06T02:52:59.849-0300] GC(3623) Pause Young (Allocation Failure) 144M->125M(149M) 3.323ms
[2020-08-06T02:52:59.849-0300] GC(3623) User=0.01s Sys=0.00s Real=0.00s
[2020-08-06T02:53:24.852-0300] GC(3624) Pause Young (Allocation Failure)
[2020-08-06T02:53:24.855-0300] GC(3624) PSYoungGen: 19584K->326K(20480K)
[2020-08-06T02:53:24.855-0300] GC(3624) ParOldGen: 128412K->128468K(132096K)
[2020-08-06T02:53:24.855-0300] GC(3624) Metaspace: 119394K->119394K(1163264K)
[2020-08-06T02:53:24.855-0300] GC(3624) Pause Young (Allocation Failure) 144M->125M(149M) 3.275ms
[2020-08-06T02:53:24.855-0300] GC(3624) User=0.01s Sys=0.00s Real=0.01s
[2020-08-06T02:53:45.714-0300] GC(3625) Pause Young (Allocation Failure)
[2020-08-06T02:53:45.717-0300] GC(3625) PSYoungGen: 19782K->752K(20480K)
[2020-08-06T02:53:45.717-0300] GC(3625) ParOldGen: 128468K->128612K(132096K)
[2020-08-06T02:53:45.717-0300] GC(3625) Metaspace: 119394K->119394K(1163264K)
[2020-08-06T02:53:45.717-0300] GC(3625) Pause Young (Allocation Failure) 144M->126M(149M) 2.949ms
[2020-08-06T02:53:45.717-0300] GC(3625) User=0.00s Sys=0.00s Real=0.00s
[2020-08-06T02:53:59.311-0300] GC(3626) Pause Young (Allocation Failure)
[2020-08-06T02:53:59.314-0300] GC(3626) PSYoungGen: 20208K->672K(20480K)
[2020-08-06T02:53:59.314-0300] GC(3626) ParOldGen: 128612K->129272K(132096K)
[2020-08-06T02:53:59.314-0300] GC(3626) Metaspace: 119394K->119394K(1163264K)
[2020-08-06T02:53:59.314-0300] GC(3626) Pause Young (Allocation Failure) 145M->126M(149M) 2.943ms
[2020-08-06T02:53:59.314-0300] GC(3626) User=0.01s Sys=0.00s Real=0.00s
[2020-08-06T02:54:11.944-0300] GC(3627) Pause Young (Allocation Failure)
[2020-08-06T02:54:11.948-0300] GC(3627) PSYoungGen: 20128K->544K(20480K)
[2020-08-06T02:54:11.948-0300] GC(3627) ParOldGen: 129272K->129765K(132096K)
[2020-08-06T02:54:11.948-0300] GC(3627) Metaspace: 119394K->119394K(1163264K)
[2020-08-06T02:54:11.948-0300] GC(3627) Pause Young (Allocation Failure) 145M->127M(149M) 3.735ms
[2020-08-06T02:54:11.948-0300] GC(3627) User=0.01s Sys=0.00s Real=0.00s
[2020-08-06T02:54:13.507-0300] GC(3628) Pause Young (Allocation Failure)
[2020-08-06T02:54:13.511-0300] GC(3628) PSYoungGen: 20000K->401K(20480K)
[2020-08-06T02:54:13.511-0300] GC(3628) ParOldGen: 129765K->130238K(132096K)
[2020-08-06T02:54:13.511-0300] GC(3628) Metaspace: 119394K->119394K(1163264K)
[2020-08-06T02:54:13.511-0300] GC(3628) Pause Young (Allocation Failure) 146M->127M(149M) 3.722ms
[2020-08-06T02:54:13.511-0300] GC(3628) User=0.01s Sys=0.00s Real=0.00s
[2020-08-06T02:54:14.891-0300] GC(3629) Pause Young (Allocation Failure)
[2020-08-06T02:54:14.894-0300] GC(3629) PSYoungGen: 19857K->320K(20480K)
[2020-08-06T02:54:14.894-0300] GC(3629) ParOldGen: 130238K->130512K(132096K)
[2020-08-06T02:54:14.894-0300] GC(3629) Metaspace: 119394K->119394K(1163264K)
[2020-08-06T02:54:14.894-0300] GC(3629) Pause Young (Allocation Failure) 146M->127M(149M) 2.936ms
[2020-08-06T02:54:14.894-0300] GC(3629) User=0.01s Sys=0.00s Real=0.01s
[2020-08-06T02:54:16.185-0300] GC(3630) Pause Young (Allocation Failure)
[2020-08-06T02:54:16.193-0300] GC(3630) PSYoungGen: 19776K->368K(20480K)
[2020-08-06T02:54:16.193-0300] GC(3630) ParOldGen: 130512K->130729K(132096K)
[2020-08-06T02:54:16.193-0300] GC(3630) Metaspace: 119394K->119394K(1163264K)
[2020-08-06T02:54:16.193-0300] GC(3630) Pause Young (Allocation Failure) 146M->128M(149M) 7.664ms
[2020-08-06T02:54:16.193-0300] GC(3630) User=0.01s Sys=0.00s Real=0.00s
[2020-08-06T02:54:17.667-0300] GC(3631) Pause Young (Allocation Failure)
[2020-08-06T02:54:17.670-0300] GC(3631) PSYoungGen: 19824K->401K(20480K)
[2020-08-06T02:54:17.670-0300] GC(3631) ParOldGen: 130729K->131002K(132096K)
[2020-08-06T02:54:17.670-0300] GC(3631) Metaspace: 119394K->119394K(1163264K)
[2020-08-06T02:54:17.670-0300] GC(3631) Pause Young (Allocation Failure) 147M->128M(149M) 3.746ms
[2020-08-06T02:54:17.670-0300] GC(3631) User=0.01s Sys=0.00s Real=0.00s
[2020-08-06T02:54:18.724-0300] GC(3632) Pause Young (Allocation Failure)
[2020-08-06T02:54:18.726-0300] GC(3632) PSYoungGen: 19857K->320K(20480K)
[2020-08-06T02:54:18.726-0300] GC(3632) ParOldGen: 131002K->131283K(132096K)
[2020-08-06T02:54:18.726-0300] GC(3632) Metaspace: 119394K->119394K(1163264K)
[2020-08-06T02:54:18.726-0300] GC(3632) Pause Young (Allocation Failure) 147M->128M(149M) 2.838ms
[2020-08-06T02:54:18.726-0300] GC(3632) User=0.00s Sys=0.00s Real=0.01s
[2020-08-06T02:54:39.849-0300] GC(3633) Pause Young (Allocation Failure)
[2020-08-06T02:54:39.853-0300] GC(3633) PSYoungGen: 19776K->384K(20480K)
[2020-08-06T02:54:39.853-0300] GC(3633) ParOldGen: 131283K->131363K(132096K)
[2020-08-06T02:54:39.853-0300] GC(3633) Metaspace: 119394K->119394K(1163264K)
[2020-08-06T02:54:39.853-0300] GC(3633) Pause Young (Allocation Failure) 147M->128M(149M) 3.896ms
[2020-08-06T02:54:39.853-0300] GC(3633) User=0.00s Sys=0.00s Real=0.00s
[2020-08-06T02:55:06.311-0300] GC(3634) Pause Young (Allocation Failure)
[2020-08-06T02:55:06.314-0300] GC(3634) PSYoungGen: 19840K->608K(20480K)
[2020-08-06T02:55:06.314-0300] GC(3634) ParOldGen: 131363K->131575K(132096K)
[2020-08-06T02:55:06.314-0300] GC(3634) Metaspace: 119394K->119394K(1163264K)
[2020-08-06T02:55:06.314-0300] GC(3634) Pause Young (Allocation Failure) 147M->129M(149M) 2.981ms
[2020-08-06T02:55:06.314-0300] GC(3634) User=0.01s Sys=0.00s Real=0.01s
[2020-08-06T02:55:06.314-0300] GC(3635) Pause Full (Ergonomics)
[2020-08-06T02:55:06.314-0300] GC(3635) Marking Phase
[2020-08-06T02:55:06.392-0300] GC(3635) Marking Phase 77.198ms
[2020-08-06T02:55:06.392-0300] GC(3635) Summary Phase
[2020-08-06T02:55:06.392-0300] GC(3635) Summary Phase 0.026ms
[2020-08-06T02:55:06.392-0300] GC(3635) Adjust Roots
[2020-08-06T02:55:06.420-0300] GC(3635) Adjust Roots 28.768ms
[2020-08-06T02:55:06.420-0300] GC(3635) Compaction Phase
[2020-08-06T02:55:06.455-0300] GC(3635) Compaction Phase 34.203ms
[2020-08-06T02:55:06.455-0300] GC(3635) Post Compact
[2020-08-06T02:55:06.455-0300] GC(3635) Post Compact 0.676ms
[2020-08-06T02:55:06.456-0300] GC(3635) PSYoungGen: 608K->0K(20480K)
[2020-08-06T02:55:06.456-0300] GC(3635) ParOldGen: 131575K->103763K(131584K)
[2020-08-06T02:55:06.456-0300] GC(3635) Metaspace: 119394K->119394K(1163264K)
[2020-08-06T02:55:06.456-0300] GC(3635) Pause Full (Ergonomics) 129M->101M(148M) 141.235ms
[2020-08-06T02:55:06.456-0300] GC(3635) User=0.35s Sys=0.00s Real=0.14s
[2020-08-06T02:55:21.462-0300] GC(3636) Pause Young (Allocation Failure)
[2020-08-06T02:55:21.464-0300] GC(3636) PSYoungGen: 19456K->512K(20480K)
[2020-08-06T02:55:21.464-0300] GC(3636) ParOldGen: 103763K->103763K(131584K)
[2020-08-06T02:55:21.464-0300] GC(3636) Metaspace: 119394K->119394K(1163264K)
[2020-08-06T02:55:21.464-0300] GC(3636) Pause Young (Allocation Failure) 120M->101M(148M) 2.259ms
[2020-08-06T02:55:21.464-0300] GC(3636) User=0.00s Sys=0.00s Real=0.01s
[2020-08-06T02:55:49.846-0300] GC(3637) Pause Young (Allocation Failure)
[2020-08-06T02:55:49.848-0300] GC(3637) PSYoungGen: 19968K->544K(20480K)
[2020-08-06T02:55:49.848-0300] GC(3637) ParOldGen: 103763K->104121K(131584K)
[2020-08-06T02:55:49.848-0300] GC(3637) Metaspace: 119394K->119394K(1163264K)
[2020-08-06T02:55:49.848-0300] GC(3637) Pause Young (Allocation Failure) 120M->102M(148M) 2.707ms
[2020-08-06T02:55:49.848-0300] GC(3637) User=0.01s Sys=0.00s Real=0.00s
[2020-08-06T02:56:16.308-0300] GC(3638) Pause Young (Allocation Failure)
[2020-08-06T02:56:16.311-0300] GC(3638) PSYoungGen: 20000K->512K(20480K)
[2020-08-06T02:56:16.311-0300] GC(3638) ParOldGen: 104121K->104553K(131584K)
[2020-08-06T02:56:16.311-0300] GC(3638) Metaspace: 119394K->119394K(1163264K)
[2020-08-06T02:56:16.311-0300] GC(3638) Pause Young (Allocation Failure) 121M->102M(148M) 2.741ms
[2020-08-06T02:56:16.311-0300] GC(3638) User=0.01s Sys=0.00s Real=0.00s
[2020-08-06T02:56:32.491-0300] GC(3639) Pause Young (Allocation Failure)
[2020-08-06T02:56:32.494-0300] GC(3639) PSYoungGen: 19968K->288K(20480K)
[2020-08-06T02:56:32.494-0300] GC(3639) ParOldGen: 104553K->104905K(131584K)
[2020-08-06T02:56:32.494-0300] GC(3639) Metaspace: 119394K->119394K(1163264K)
[2020-08-06T02:56:32.494-0300] GC(3639) Pause Young (Allocation Failure) 121M->102M(148M) 2.856ms
[2020-08-06T02:56:32.494-0300] GC(3639) User=0.01s Sys=0.00s Real=0.01s
[2020-08-06T02:56:59.848-0300] GC(3640) Pause Young (Allocation Failure)
[2020-08-06T02:56:59.851-0300] GC(3640) PSYoungGen: 19739K->214K(20480K)
[2020-08-06T02:56:59.851-0300] GC(3640) ParOldGen: 104905K->105061K(131584K)
[2020-08-06T02:56:59.851-0300] GC(3640) Metaspace: 119394K->119394K(1163264K)
[2020-08-06T02:56:59.851-0300] GC(3640) Pause Young (Allocation Failure) 121M->102M(148M) 2.641ms
[2020-08-06T02:56:59.851-0300] GC(3640) User=0.01s Sys=0.00s Real=0.00s
[2020-08-06T02:57:20.270-0300] GC(3641) Pause Young (Allocation Failure)
[2020-08-06T02:57:20.273-0300] GC(3641) PSYoungGen: 19670K->256K(20480K)
[2020-08-06T02:57:20.273-0300] GC(3641) ParOldGen: 105061K->105101K(131584K)
[2020-08-06T02:57:20.273-0300] GC(3641) Metaspace: 119394K->119394K(1163264K)
[2020-08-06T02:57:20.273-0300] GC(3641) Pause Young (Allocation Failure) 121M->102M(148M) 3.097ms
[2020-08-06T02:57:20.273-0300] GC(3641) User=0.00s Sys=0.00s Real=0.00s
[2020-08-06T02:57:42.306-0300] GC(3642) Pause Young (Allocation Failure)
[2020-08-06T02:57:42.309-0300] GC(3642) PSYoungGen: 19712K->416K(20480K)
[2020-08-06T02:57:42.309-0300] GC(3642) ParOldGen: 105101K->105149K(131584K)
[2020-08-06T02:57:42.309-0300] GC(3642) Metaspace: 119394K->119394K(1163264K)
[2020-08-06T02:57:42.309-0300] GC(3642) Pause Young (Allocation Failure) 121M->103M(148M) 3.005ms
[2020-08-06T02:57:42.309-0300] GC(3642) User=0.01s Sys=0.00s Real=0.00s
[2020-08-06T02:58:09.848-0300] GC(3643) Pause Young (Allocation Failure)
[2020-08-06T02:58:09.852-0300] GC(3643) PSYoungGen: 19872K->118K(20480K)
[2020-08-06T02:58:09.852-0300] GC(3643) ParOldGen: 105149K->105181K(131584K)
[2020-08-06T02:58:09.852-0300] GC(3643) Metaspace: 119394K->119394K(1163264K)
[2020-08-06T02:58:09.852-0300] GC(3643) Pause Young (Allocation Failure) 122M->102M(148M) 3.634ms
[2020-08-06T02:58:09.852-0300] GC(3643) User=0.00s Sys=0.00s Real=0.00s
[2020-08-06T02:58:25.783-0300] GC(3644) Pause Young (Allocation Failure)
[2020-08-06T02:58:25.786-0300] GC(3644) PSYoungGen: 19574K->432K(20480K)
[2020-08-06T02:58:25.786-0300] GC(3644) ParOldGen: 105181K->105205K(131584K)
[2020-08-06T02:58:25.786-0300] GC(3644) Metaspace: 119396K->119396K(1163264K)
[2020-08-06T02:58:25.786-0300] GC(3644) Pause Young (Allocation Failure) 121M->103M(148M) 2.474ms
[2020-08-06T02:58:25.786-0300] GC(3644) User=0.01s Sys=0.00s Real=0.01s
[2020-08-06T02:58:41.429-0300] GC(3645) Pause Young (Allocation Failure)
[2020-08-06T02:58:41.433-0300] GC(3645) PSYoungGen: 19888K->752K(20480K)
[2020-08-06T02:58:41.433-0300] GC(3645) ParOldGen: 105205K->105506K(131584K)
[2020-08-06T02:58:41.433-0300] GC(3645) Metaspace: 119396K->119396K(1163264K)
[2020-08-06T02:58:41.433-0300] GC(3645) Pause Young (Allocation Failure) 122M->103M(148M) 3.787ms
[2020-08-06T02:58:41.433-0300] GC(3645) User=0.01s Sys=0.00s Real=0.00s
[2020-08-06T02:58:52.406-0300] GC(3646) Pause Young (Allocation Failure)
[2020-08-06T02:58:52.409-0300] GC(3646) PSYoungGen: 20197K->576K(20480K)
[2020-08-06T02:58:52.409-0300] GC(3646) ParOldGen: 105506K->106150K(131584K)
[2020-08-06T02:58:52.409-0300] GC(3646) Metaspace: 119396K->119396K(1163264K)
[2020-08-06T02:58:52.409-0300] GC(3646) Pause Young (Allocation Failure) 122M->104M(148M) 2.812ms
[2020-08-06T02:58:52.409-0300] GC(3646) User=0.01s Sys=0.00s Real=0.00s
[2020-08-06T02:58:53.629-0300] GC(3647) Pause Young (Allocation Failure)
[2020-08-06T02:58:53.632-0300] GC(3647) PSYoungGen: 20032K->336K(20480K)
[2020-08-06T02:58:53.632-0300] GC(3647) ParOldGen: 106150K->106579K(131584K)
[2020-08-06T02:58:53.632-0300] GC(3647) Metaspace: 119396K->119396K(1163264K)
[2020-08-06T02:58:53.632-0300] GC(3647) Pause Young (Allocation Failure) 123M->104M(148M) 3.585ms
[2020-08-06T02:58:53.632-0300] GC(3647) User=0.00s Sys=0.00s Real=0.00s
[2020-08-06T02:58:54.900-0300] GC(3648) Pause Young (Allocation Failure)
[2020-08-06T02:58:54.902-0300] GC(3648) PSYoungGen: 19792K->401K(20480K)
[2020-08-06T02:58:54.902-0300] GC(3648) ParOldGen: 106579K->106825K(131584K)
[2020-08-06T02:58:54.902-0300] GC(3648) Metaspace: 119396K->119396K(1163264K)
[2020-08-06T02:58:54.902-0300] GC(3648) Pause Young (Allocation Failure) 123M->104M(148M) 2.674ms
[2020-08-06T02:58:54.902-0300] GC(3648) User=0.00s Sys=0.00s Real=0.00s
[2020-08-06T02:58:56.466-0300] GC(3649) Pause Young (Allocation Failure)
[2020-08-06T02:58:56.469-0300] GC(3649) PSYoungGen: 19857K->384K(20480K)
[2020-08-06T02:58:56.469-0300] GC(3649) ParOldGen: 106825K->107070K(131584K)
[2020-08-06T02:58:56.469-0300] GC(3649) Metaspace: 119396K->119396K(1163264K)
[2020-08-06T02:58:56.469-0300] GC(3649) Pause Young (Allocation Failure) 123M->104M(148M) 2.399ms
[2020-08-06T02:58:56.469-0300] GC(3649) User=0.00s Sys=0.00s Real=0.00s
[2020-08-06T02:58:57.753-0300] GC(3650) Pause Young (Allocation Failure)
[2020-08-06T02:58:57.756-0300] GC(3650) PSYoungGen: 19840K->384K(20480K)
[2020-08-06T02:58:57.756-0300] GC(3650) ParOldGen: 107070K->107351K(131584K)
[2020-08-06T02:58:57.756-0300] GC(3650) Metaspace: 119396K->119396K(1163264K)
[2020-08-06T02:58:57.756-0300] GC(3650) Pause Young (Allocation Failure) 123M->105M(148M) 2.769ms
[2020-08-06T02:58:57.756-0300] GC(3650) User=0.00s Sys=0.00s Real=0.01s
[2020-08-06T02:58:59.852-0300] GC(3651) Pause Young (Allocation Failure)
[2020-08-06T02:58:59.855-0300] GC(3651) PSYoungGen: 19840K->391K(20480K)
[2020-08-06T02:58:59.855-0300] GC(3651) ParOldGen: 107351K->107588K(131584K)
[2020-08-06T02:58:59.855-0300] GC(3651) Metaspace: 119396K->119396K(1163264K)
[2020-08-06T02:58:59.855-0300] GC(3651) Pause Young (Allocation Failure) 124M->105M(148M) 2.954ms
[2020-08-06T02:58:59.855-0300] GC(3651) User=0.01s Sys=0.00s Real=0.01s
[2020-08-06T02:59:25.304-0300] GC(3652) Pause Young (Allocation Failure)
[2020-08-06T02:59:25.306-0300] GC(3652) PSYoungGen: 19847K->704K(20480K)
[2020-08-06T02:59:25.306-0300] GC(3652) ParOldGen: 107588K->107737K(131584K)
[2020-08-06T02:59:25.306-0300] GC(3652) Metaspace: 119396K->119396K(1163264K)
[2020-08-06T02:59:25.306-0300] GC(3652) Pause Young (Allocation Failure) 124M->105M(148M) 2.624ms
[2020-08-06T02:59:25.306-0300] GC(3652) User=0.01s Sys=0.00s Real=0.01s
[2020-08-06T02:59:53.576-0300] GC(3653) Pause Young (Allocation Failure)
[2020-08-06T02:59:53.579-0300] GC(3653) PSYoungGen: 20160K->448K(20480K)
[2020-08-06T02:59:53.579-0300] GC(3653) ParOldGen: 107737K->108273K(131584K)
[2020-08-06T02:59:53.579-0300] GC(3653) Metaspace: 119396K->119396K(1163264K)
[2020-08-06T02:59:53.579-0300] GC(3653) Pause Young (Allocation Failure) 124M->106M(148M) 2.942ms
[2020-08-06T02:59:53.579-0300] GC(3653) User=0.00s Sys=0.00s Real=0.00s
[2020-08-06T03:00:09.357-0300] GC(3654) Pause Young (Allocation Failure)
[2020-08-06T03:00:09.359-0300] GC(3654) PSYoungGen: 19904K->464K(20480K)
[2020-08-06T03:00:09.359-0300] GC(3654) ParOldGen: 108273K->108593K(131584K)
[2020-08-06T03:00:09.359-0300] GC(3654) Metaspace: 119396K->119396K(1163264K)
[2020-08-06T03:00:09.359-0300] GC(3654) Pause Young (Allocation Failure) 125M->106M(148M) 2.629ms
[2020-08-06T03:00:09.360-0300] GC(3654) User=0.01s Sys=0.00s Real=0.00s
[2020-08-06T03:00:21.308-0300] GC(3655) Pause Young (Allocation Failure)
[2020-08-06T03:00:21.312-0300] GC(3655) PSYoungGen: 19920K->576K(20480K)
[2020-08-06T03:00:21.312-0300] GC(3655) ParOldGen: 108593K->108946K(131584K)
[2020-08-06T03:00:21.312-0300] GC(3655) Metaspace: 119396K->119396K(1163264K)
[2020-08-06T03:00:21.312-0300] GC(3655) Pause Young (Allocation Failure) 125M->106M(148M) 3.431ms
[2020-08-06T03:00:21.312-0300] GC(3655) User=0.00s Sys=0.00s Real=0.00s
[2020-08-06T03:00:30.918-0300] GC(3656) Pause Young (Allocation Failure)
[2020-08-06T03:00:30.921-0300] GC(3656) PSYoungGen: 20030K->416K(20480K)
[2020-08-06T03:00:30.921-0300] GC(3656) ParOldGen: 108946K->109327K(131584K)
[2020-08-06T03:00:30.921-0300] GC(3656) Metaspace: 119396K->119396K(1163264K)
[2020-08-06T03:00:30.921-0300] GC(3656) Pause Young (Allocation Failure) 125M->107M(148M) 2.366ms
[2020-08-06T03:00:30.921-0300] GC(3656) User=0.00s Sys=0.00s Real=0.00s
[2020-08-06T03:00:32.425-0300] GC(3657) Pause Young (Allocation Failure)
[2020-08-06T03:00:32.428-0300] GC(3657) PSYoungGen: 19870K->462K(20480K)
[2020-08-06T03:00:32.428-0300] GC(3657) ParOldGen: 109327K->109575K(131584K)
[2020-08-06T03:00:32.428-0300] GC(3657) Metaspace: 119396K->119396K(1163264K)
[2020-08-06T03:00:32.428-0300] GC(3657) Pause Young (Allocation Failure) 126M->107M(148M) 2.410ms
[2020-08-06T03:00:32.428-0300] GC(3657) User=0.00s Sys=0.00s Real=0.00s
[2020-08-06T03:00:33.707-0300] GC(3658) Pause Young (Allocation Failure)
[2020-08-06T03:00:33.710-0300] GC(3658) PSYoungGen: 19918K->336K(20480K)
[2020-08-06T03:00:33.710-0300] GC(3658) ParOldGen: 109575K->109845K(131584K)
[2020-08-06T03:00:33.710-0300] GC(3658) Metaspace: 119396K->119396K(1163264K)
[2020-08-06T03:00:33.710-0300] GC(3658) Pause Young (Allocation Failure) 126M->107M(148M) 3.082ms
[2020-08-06T03:00:33.710-0300] GC(3658) User=0.00s Sys=0.00s Real=0.00s
[2020-08-06T03:00:35.131-0300] GC(3659) Pause Young (Allocation Failure)
[2020-08-06T03:00:35.134-0300] GC(3659) PSYoungGen: 19792K->320K(20480K)
[2020-08-06T03:00:35.134-0300] GC(3659) ParOldGen: 109845K->110078K(131584K)
[2020-08-06T03:00:35.134-0300] GC(3659) Metaspace: 119396K->119396K(1163264K)
[2020-08-06T03:00:35.134-0300] GC(3659) Pause Young (Allocation Failure) 126M->107M(148M) 3.049ms
[2020-08-06T03:00:35.134-0300] GC(3659) User=0.01s Sys=0.00s Real=0.01s
[2020-08-06T03:00:36.536-0300] GC(3660) Pause Young (Allocation Failure)
[2020-08-06T03:00:36.539-0300] GC(3660) PSYoungGen: 19776K->384K(20480K)
[2020-08-06T03:00:36.539-0300] GC(3660) ParOldGen: 110078K->110315K(131584K)
[2020-08-06T03:00:36.539-0300] GC(3660) Metaspace: 119396K->119396K(1163264K)
[2020-08-06T03:00:36.539-0300] GC(3660) Pause Young (Allocation Failure) 126M->108M(148M) 3.084ms
[2020-08-06T03:00:36.539-0300] GC(3660) User=0.01s Sys=0.00s Real=0.00s
[2020-08-06T03:00:44.849-0300] GC(3661) Pause Young (Allocation Failure)
[2020-08-06T03:00:44.851-0300] GC(3661) PSYoungGen: 19840K->352K(20480K)
[2020-08-06T03:00:44.851-0300] GC(3661) ParOldGen: 110315K->110399K(131584K)
[2020-08-06T03:00:44.851-0300] GC(3661) Metaspace: 119396K->119396K(1163264K)
[2020-08-06T03:00:44.851-0300] GC(3661) Pause Young (Allocation Failure) 127M->108M(148M) 2.279ms
[2020-08-06T03:00:44.851-0300] GC(3661) User=0.01s Sys=0.00s Real=0.00s
[2020-08-06T03:01:11.610-0300] GC(3662) Pause Young (Allocation Failure)
[2020-08-06T03:01:11.613-0300] GC(3662) PSYoungGen: 19808K->480K(20480K)
[2020-08-06T03:01:11.613-0300] GC(3662) ParOldGen: 110399K->110587K(131584K)
[2020-08-06T03:01:11.613-0300] GC(3662) Metaspace: 119396K->119396K(1163264K)
[2020-08-06T03:01:11.613-0300] GC(3662) Pause Young (Allocation Failure) 127M->108M(148M) 3.004ms
[2020-08-06T03:01:11.613-0300] GC(3662) User=0.00s Sys=0.00s Real=0.00s
[2020-08-06T03:01:37.209-0300] GC(3663) Pause Young (Allocation Failure)
[2020-08-06T03:01:37.212-0300] GC(3663) PSYoungGen: 19936K->256K(20480K)
[2020-08-06T03:01:37.212-0300] GC(3663) ParOldGen: 110587K->110964K(131584K)
[2020-08-06T03:01:37.212-0300] GC(3663) Metaspace: 119396K->119396K(1163264K)
[2020-08-06T03:01:37.212-0300] GC(3663) Pause Young (Allocation Failure) 127M->108M(148M) 3.254ms
[2020-08-06T03:01:37.212-0300] GC(3663) User=0.00s Sys=0.00s Real=0.00s
[2020-08-06T03:01:49.853-0300] GC(3664) Pause Young (Allocation Failure)
[2020-08-06T03:01:49.856-0300] GC(3664) PSYoungGen: 19712K->343K(20480K)
[2020-08-06T03:01:49.856-0300] GC(3664) ParOldGen: 110964K->111116K(131584K)
[2020-08-06T03:01:49.856-0300] GC(3664) Metaspace: 119396K->119396K(1163264K)
[2020-08-06T03:01:49.856-0300] GC(3664) Pause Young (Allocation Failure) 127M->108M(148M) 3.002ms
[2020-08-06T03:01:49.856-0300] GC(3664) User=0.00s Sys=0.00s Real=0.01s
[2020-08-06T03:02:03.652-0300] GC(3665) Pause Young (Allocation Failure)
[2020-08-06T03:02:03.655-0300] GC(3665) PSYoungGen: 19797K->304K(20480K)
[2020-08-06T03:02:03.655-0300] GC(3665) ParOldGen: 111116K->111297K(131584K)
[2020-08-06T03:02:03.655-0300] GC(3665) Metaspace: 119396K->119396K(1163264K)
[2020-08-06T03:02:03.655-0300] GC(3665) Pause Young (Allocation Failure) 127M->108M(148M) 2.892ms
[2020-08-06T03:02:03.655-0300] GC(3665) User=0.01s Sys=0.00s Real=0.01s
[2020-08-06T03:02:09.783-0300] GC(3666) Pause Young (Allocation Failure)
[2020-08-06T03:02:09.787-0300] GC(3666) PSYoungGen: 19760K->480K(20480K)
[2020-08-06T03:02:09.787-0300] GC(3666) ParOldGen: 111297K->111482K(131584K)
[2020-08-06T03:02:09.787-0300] GC(3666) Metaspace: 119396K->119396K(1163264K)
[2020-08-06T03:02:09.787-0300] GC(3666) Pause Young (Allocation Failure) 127M->109M(148M) 3.637ms
[2020-08-06T03:02:09.787-0300] GC(3666) User=0.01s Sys=0.00s Real=0.01s
[2020-08-06T03:02:11.153-0300] GC(3667) Pause Young (Allocation Failure)
[2020-08-06T03:02:11.158-0300] GC(3667) PSYoungGen: 19930K->305K(20480K)
[2020-08-06T03:02:11.158-0300] GC(3667) ParOldGen: 111482K->111790K(131584K)
[2020-08-06T03:02:11.158-0300] GC(3667) Metaspace: 119396K->119396K(1163264K)
[2020-08-06T03:02:11.158-0300] GC(3667) Pause Young (Allocation Failure) 128M->109M(148M) 4.997ms
[2020-08-06T03:02:11.158-0300] GC(3667) User=0.00s Sys=0.00s Real=0.01s
[2020-08-06T03:02:12.483-0300] GC(3668) Pause Young (Allocation Failure)
[2020-08-06T03:02:12.486-0300] GC(3668) PSYoungGen: 19761K->320K(20480K)
[2020-08-06T03:02:12.486-0300] GC(3668) ParOldGen: 111790K->112023K(131584K)
[2020-08-06T03:02:12.486-0300] GC(3668) Metaspace: 119396K->119396K(1163264K)
[2020-08-06T03:02:12.486-0300] GC(3668) Pause Young (Allocation Failure) 128M->109M(148M) 2.642ms
[2020-08-06T03:02:12.486-0300] GC(3668) User=0.01s Sys=0.00s Real=0.01s
[2020-08-06T03:02:13.949-0300] GC(3669) Pause Young (Allocation Failure)
[2020-08-06T03:02:13.952-0300] GC(3669) PSYoungGen: 19776K->385K(20480K)
[2020-08-06T03:02:13.952-0300] GC(3669) ParOldGen: 112023K->112237K(131584K)
[2020-08-06T03:02:13.952-0300] GC(3669) Metaspace: 119396K->119396K(1163264K)
[2020-08-06T03:02:13.952-0300] GC(3669) Pause Young (Allocation Failure) 128M->109M(148M) 3.392ms
[2020-08-06T03:02:13.952-0300] GC(3669) User=0.01s Sys=0.00s Real=0.00s
[2020-08-06T03:02:15.156-0300] GC(3670) Pause Young (Allocation Failure)
[2020-08-06T03:02:15.159-0300] GC(3670) PSYoungGen: 19841K->352K(20480K)
[2020-08-06T03:02:15.159-0300] GC(3670) ParOldGen: 112237K->112510K(131584K)
[2020-08-06T03:02:15.159-0300] GC(3670) Metaspace: 119396K->119396K(1163264K)
[2020-08-06T03:02:15.159-0300] GC(3670) Pause Young (Allocation Failure) 128M->110M(148M) 3.249ms
[2020-08-06T03:02:15.159-0300] GC(3670) User=0.00s Sys=0.00s Real=0.00s
[2020-08-06T03:02:26.331-0300] GC(3671) Pause Young (Allocation Failure)
[2020-08-06T03:02:26.334-0300] GC(3671) PSYoungGen: 19808K->320K(20480K)
[2020-08-06T03:02:26.334-0300] GC(3671) ParOldGen: 112510K->112598K(131584K)
[2020-08-06T03:02:26.334-0300] GC(3671) Metaspace: 119396K->119396K(1163264K)
[2020-08-06T03:02:26.334-0300] GC(3671) Pause Young (Allocation Failure) 129M->110M(148M) 2.634ms
[2020-08-06T03:02:26.334-0300] GC(3671) User=0.00s Sys=0.00s Real=0.01s
[2020-08-06T03:02:51.331-0300] GC(3672) Pause Young (Allocation Failure)
[2020-08-06T03:02:51.334-0300] GC(3672) PSYoungGen: 19776K->192K(20480K)
[2020-08-06T03:02:51.335-0300] GC(3672) ParOldGen: 112598K->112674K(131584K)
[2020-08-06T03:02:51.335-0300] GC(3672) Metaspace: 119396K->119396K(1163264K)
[2020-08-06T03:02:51.335-0300] GC(3672) Pause Young (Allocation Failure) 129M->110M(148M) 3.611ms
[2020-08-06T03:02:51.335-0300] GC(3672) User=0.01s Sys=0.00s Real=0.01s
[2020-08-06T03:03:15.612-0300] GC(3673) Pause Young (Allocation Failure)
[2020-08-06T03:03:15.614-0300] GC(3673) PSYoungGen: 19648K->160K(20480K)
[2020-08-06T03:03:15.614-0300] GC(3673) ParOldGen: 112674K->112706K(131584K)
[2020-08-06T03:03:15.614-0300] GC(3673) Metaspace: 119396K->119396K(1163264K)
[2020-08-06T03:03:15.614-0300] GC(3673) Pause Young (Allocation Failure) 129M->110M(148M) 2.248ms
[2020-08-06T03:03:15.614-0300] GC(3673) User=0.01s Sys=0.00s Real=0.01s
[2020-08-06T03:03:29.847-0300] GC(3674) Pause Young (Allocation Failure)
[2020-08-06T03:03:29.849-0300] GC(3674) PSYoungGen: 19616K->625K(20480K)
[2020-08-06T03:03:29.849-0300] GC(3674) ParOldGen: 112706K->112738K(131584K)
[2020-08-06T03:03:29.849-0300] GC(3674) Metaspace: 119396K->119396K(1163264K)
[2020-08-06T03:03:29.849-0300] GC(3674) Pause Young (Allocation Failure) 129M->110M(148M) 2.421ms
[2020-08-06T03:03:29.849-0300] GC(3674) User=0.00s Sys=0.00s Real=0.00s
[2020-08-06T03:03:43.171-0300] GC(3675) Pause Young (Allocation Failure)
[2020-08-06T03:03:43.174-0300] GC(3675) PSYoungGen: 20081K->576K(20480K)
[2020-08-06T03:03:43.174-0300] GC(3675) ParOldGen: 112738K->113191K(131584K)
[2020-08-06T03:03:43.174-0300] GC(3675) Metaspace: 119396K->119396K(1163264K)
[2020-08-06T03:03:43.174-0300] GC(3675) Pause Young (Allocation Failure) 129M->111M(148M) 2.809ms
[2020-08-06T03:03:43.174-0300] GC(3675) User=0.00s Sys=0.00s Real=0.00s
[2020-08-06T03:03:49.322-0300] GC(3676) Pause Young (Allocation Failure)
[2020-08-06T03:03:49.325-0300] GC(3676) PSYoungGen: 20032K->448K(20480K)
[2020-08-06T03:03:49.325-0300] GC(3676) ParOldGen: 113191K->113700K(131584K)
[2020-08-06T03:03:49.325-0300] GC(3676) Metaspace: 119398K->119398K(1163264K)
[2020-08-06T03:03:49.326-0300] GC(3676) Pause Young (Allocation Failure) 130M->111M(148M) 3.122ms
[2020-08-06T03:03:49.326-0300] GC(3676) User=0.01s Sys=0.01s Real=0.01s
[2020-08-06T03:03:50.745-0300] GC(3677) Pause Young (Allocation Failure)
[2020-08-06T03:03:50.748-0300] GC(3677) PSYoungGen: 19904K->401K(20480K)
[2020-08-06T03:03:50.748-0300] GC(3677) ParOldGen: 113700K->113997K(131584K)
[2020-08-06T03:03:50.748-0300] GC(3677) Metaspace: 119398K->119398K(1163264K)
[2020-08-06T03:03:50.748-0300] GC(3677) Pause Young (Allocation Failure) 130M->111M(148M) 2.801ms
[2020-08-06T03:03:50.748-0300] GC(3677) User=0.00s Sys=0.00s Real=0.00s
[2020-08-06T03:03:52.120-0300] GC(3678) Pause Young (Allocation Failure)
[2020-08-06T03:03:52.123-0300] GC(3678) PSYoungGen: 19857K->320K(20480K)
[2020-08-06T03:03:52.123-0300] GC(3678) ParOldGen: 113997K->114291K(131584K)
[2020-08-06T03:03:52.123-0300] GC(3678) Metaspace: 119398K->119398K(1163264K)
[2020-08-06T03:03:52.123-0300] GC(3678) Pause Young (Allocation Failure) 130M->111M(148M) 2.826ms
[2020-08-06T03:03:52.123-0300] GC(3678) User=0.00s Sys=0.00s Real=0.00s
[2020-08-06T03:03:53.394-0300] GC(3679) Pause Young (Allocation Failure)
[2020-08-06T03:03:53.398-0300] GC(3679) PSYoungGen: 19776K->400K(20480K)
[2020-08-06T03:03:53.398-0300] GC(3679) ParOldGen: 114291K->114516K(131584K)
[2020-08-06T03:03:53.398-0300] GC(3679) Metaspace: 119398K->119398K(1163264K)
[2020-08-06T03:03:53.398-0300] GC(3679) Pause Young (Allocation Failure) 130M->112M(148M) 3.333ms
[2020-08-06T03:03:53.398-0300] GC(3679) User=0.01s Sys=0.00s Real=0.00s
[2020-08-06T03:03:54.775-0300] GC(3680) Pause Young (Allocation Failure)
[2020-08-06T03:03:54.778-0300] GC(3680) PSYoungGen: 19856K->529K(20480K)
[2020-08-06T03:03:54.778-0300] GC(3680) ParOldGen: 114516K->114749K(131584K)
[2020-08-06T03:03:54.778-0300] GC(3680) Metaspace: 119398K->119398K(1163264K)
[2020-08-06T03:03:54.778-0300] GC(3680) Pause Young (Allocation Failure) 131M->112M(148M) 2.487ms
[2020-08-06T03:03:54.778-0300] GC(3680) User=0.00s Sys=0.00s Real=0.00s
[2020-08-06T03:04:06.328-0300] GC(3681) Pause Young (Allocation Failure)
[2020-08-06T03:04:06.331-0300] GC(3681) PSYoungGen: 19985K->480K(20480K)
[2020-08-06T03:04:06.331-0300] GC(3681) ParOldGen: 114749K->115021K(131584K)
[2020-08-06T03:04:06.331-0300] GC(3681) Metaspace: 119398K->119398K(1163264K)
[2020-08-06T03:04:06.331-0300] GC(3681) Pause Young (Allocation Failure) 131M->112M(148M) 2.748ms
[2020-08-06T03:04:06.331-0300] GC(3681) User=0.00s Sys=0.01s Real=0.00s
[2020-08-06T03:04:31.329-0300] GC(3682) Pause Young (Allocation Failure)
[2020-08-06T03:04:31.332-0300] GC(3682) PSYoungGen: 19927K->672K(20480K)
[2020-08-06T03:04:31.332-0300] GC(3682) ParOldGen: 115021K->115337K(131584K)
[2020-08-06T03:04:31.332-0300] GC(3682) Metaspace: 119399K->119399K(1163264K)
[2020-08-06T03:04:31.332-0300] GC(3682) Pause Young (Allocation Failure) 131M->113M(148M) 3.051ms
[2020-08-06T03:04:31.332-0300] GC(3682) User=0.01s Sys=0.00s Real=0.00s
[2020-08-06T03:04:55.405-0300] GC(3683) Pause Young (Allocation Failure)
[2020-08-06T03:04:55.408-0300] GC(3683) PSYoungGen: 20128K->384K(20480K)
[2020-08-06T03:04:55.408-0300] GC(3683) ParOldGen: 115337K->115809K(131584K)
[2020-08-06T03:04:55.408-0300] GC(3683) Metaspace: 119399K->119399K(1163264K)
[2020-08-06T03:04:55.408-0300] GC(3683) Pause Young (Allocation Failure) 132M->113M(148M) 3.306ms
[2020-08-06T03:04:55.408-0300] GC(3683) User=0.00s Sys=0.00s Real=0.00s
[2020-08-06T03:05:14.848-0300] GC(3684) Pause Young (Allocation Failure)
[2020-08-06T03:05:14.851-0300] GC(3684) PSYoungGen: 19840K->544K(20480K)
[2020-08-06T03:05:14.851-0300] GC(3684) ParOldGen: 115809K->116097K(131584K)
[2020-08-06T03:05:14.851-0300] GC(3684) Metaspace: 119399K->119399K(1163264K)
[2020-08-06T03:05:14.851-0300] GC(3684) Pause Young (Allocation Failure) 132M->113M(148M) 2.557ms
[2020-08-06T03:05:14.851-0300] GC(3684) User=0.00s Sys=0.00s Real=0.00s
[2020-08-06T03:05:41.328-0300] GC(3685) Pause Young (Allocation Failure)
[2020-08-06T03:05:41.332-0300] GC(3685) PSYoungGen: 20000K->576K(20480K)
[2020-08-06T03:05:41.332-0300] GC(3685) ParOldGen: 116097K->116537K(131584K)
[2020-08-06T03:05:41.332-0300] GC(3685) Metaspace: 119399K->119399K(1163264K)
[2020-08-06T03:05:41.333-0300] GC(3685) Pause Young (Allocation Failure) 132M->114M(148M) 4.322ms
[2020-08-06T03:05:41.333-0300] GC(3685) User=0.01s Sys=0.00s Real=0.00s
[2020-08-06T03:06:01.305-0300] GC(3686) Pause Young (Allocation Failure)
[2020-08-06T03:06:01.308-0300] GC(3686) PSYoungGen: 20032K->464K(20480K)
[2020-08-06T03:06:01.308-0300] GC(3686) ParOldGen: 116537K->116913K(131584K)
[2020-08-06T03:06:01.308-0300] GC(3686) Metaspace: 119399K->119399K(1163264K)
[2020-08-06T03:06:01.308-0300] GC(3686) Pause Young (Allocation Failure) 133M->114M(148M) 3.487ms
[2020-08-06T03:06:01.308-0300] GC(3686) User=0.01s Sys=0.00s Real=0.00s
[2020-08-06T03:06:14.849-0300] GC(3687) Pause Young (Allocation Failure)
[2020-08-06T03:06:14.852-0300] GC(3687) PSYoungGen: 19919K->454K(20480K)
[2020-08-06T03:06:14.852-0300] GC(3687) ParOldGen: 116913K->117258K(131584K)
[2020-08-06T03:06:14.852-0300] GC(3687) Metaspace: 119399K->119399K(1163264K)
[2020-08-06T03:06:14.852-0300] GC(3687) Pause Young (Allocation Failure) 133M->114M(148M) 2.914ms
[2020-08-06T03:06:14.852-0300] GC(3687) User=0.01s Sys=0.00s Real=0.00s
[2020-08-06T03:06:27.591-0300] GC(3688) Pause Young (Allocation Failure)
[2020-08-06T03:06:27.594-0300] GC(3688) PSYoungGen: 19910K->416K(20480K)
[2020-08-06T03:06:27.594-0300] GC(3688) ParOldGen: 117258K->117543K(131584K)
[2020-08-06T03:06:27.594-0300] GC(3688) Metaspace: 119399K->119399K(1163264K)
[2020-08-06T03:06:27.594-0300] GC(3688) Pause Young (Allocation Failure) 133M->115M(148M) 2.696ms
[2020-08-06T03:06:27.594-0300] GC(3688) User=0.01s Sys=0.00s Real=0.00s
[2020-08-06T03:06:29.072-0300] GC(3689) Pause Young (Allocation Failure)
[2020-08-06T03:06:29.075-0300] GC(3689) PSYoungGen: 19869K->448K(20480K)
[2020-08-06T03:06:29.075-0300] GC(3689) ParOldGen: 117543K->117819K(131584K)
[2020-08-06T03:06:29.075-0300] GC(3689) Metaspace: 119399K->119399K(1163264K)
[2020-08-06T03:06:29.075-0300] GC(3689) Pause Young (Allocation Failure) 134M->115M(148M) 3.289ms
[2020-08-06T03:06:29.075-0300] GC(3689) User=0.00s Sys=0.00s Real=0.01s
[2020-08-06T03:06:30.394-0300] GC(3690) Pause Young (Allocation Failure)
[2020-08-06T03:06:30.396-0300] GC(3690) PSYoungGen: 19900K->320K(20480K)
[2020-08-06T03:06:30.396-0300] GC(3690) ParOldGen: 117819K->118176K(131584K)
[2020-08-06T03:06:30.396-0300] GC(3690) Metaspace: 119399K->119399K(1163264K)
[2020-08-06T03:06:30.396-0300] GC(3690) Pause Young (Allocation Failure) 134M->115M(148M) 2.611ms
[2020-08-06T03:06:30.396-0300] GC(3690) User=0.00s Sys=0.00s Real=0.01s
[2020-08-06T03:06:31.642-0300] GC(3691) Pause Young (Allocation Failure)
[2020-08-06T03:06:31.644-0300] GC(3691) PSYoungGen: 19776K->305K(20480K)
[2020-08-06T03:06:31.644-0300] GC(3691) ParOldGen: 118176K->118385K(131584K)
[2020-08-06T03:06:31.644-0300] GC(3691) Metaspace: 119399K->119399K(1163264K)
[2020-08-06T03:06:31.644-0300] GC(3691) Pause Young (Allocation Failure) 134M->115M(148M) 2.700ms
[2020-08-06T03:06:31.644-0300] GC(3691) User=0.00s Sys=0.00s Real=0.01s
[2020-08-06T03:06:33.258-0300] GC(3692) Pause Young (Allocation Failure)
[2020-08-06T03:06:33.261-0300] GC(3692) PSYoungGen: 19761K->321K(20480K)
[2020-08-06T03:06:33.261-0300] GC(3692) ParOldGen: 118385K->118587K(131584K)
[2020-08-06T03:06:33.261-0300] GC(3692) Metaspace: 119399K->119399K(1163264K)
[2020-08-06T03:06:33.261-0300] GC(3692) Pause Young (Allocation Failure) 134M->116M(148M) 3.030ms
[2020-08-06T03:06:33.261-0300] GC(3692) User=0.01s Sys=0.00s Real=0.00s
[2020-08-06T03:06:34.304-0300] GC(3693) Pause Young (Allocation Failure)
[2020-08-06T03:06:34.307-0300] GC(3693) PSYoungGen: 19777K->368K(20480K)
[2020-08-06T03:06:34.307-0300] GC(3693) ParOldGen: 118587K->118840K(131584K)
[2020-08-06T03:06:34.307-0300] GC(3693) Metaspace: 119399K->119399K(1163264K)
[2020-08-06T03:06:34.307-0300] GC(3693) Pause Young (Allocation Failure) 135M->116M(148M) 3.124ms
[2020-08-06T03:06:34.307-0300] GC(3693) User=0.01s Sys=0.00s Real=0.00s
[2020-08-06T03:06:58.326-0300] GC(3694) Pause Young (Allocation Failure)
[2020-08-06T03:06:58.328-0300] GC(3694) PSYoungGen: 19824K->224K(20480K)
[2020-08-06T03:06:58.328-0300] GC(3694) ParOldGen: 118840K->118920K(131584K)
[2020-08-06T03:06:58.328-0300] GC(3694) Metaspace: 119399K->119399K(1163264K)
[2020-08-06T03:06:58.328-0300] GC(3694) Pause Young (Allocation Failure) 135M->116M(148M) 2.531ms
[2020-08-06T03:06:58.328-0300] GC(3694) User=0.00s Sys=0.00s Real=0.00s
[2020-08-06T03:07:21.325-0300] GC(3695) Pause Young (Allocation Failure)
[2020-08-06T03:07:21.328-0300] GC(3695) PSYoungGen: 19680K->448K(20480K)
[2020-08-06T03:07:21.328-0300] GC(3695) ParOldGen: 118920K->118968K(131584K)
[2020-08-06T03:07:21.328-0300] GC(3695) Metaspace: 119399K->119399K(1163264K)
[2020-08-06T03:07:21.328-0300] GC(3695) Pause Young (Allocation Failure) 135M->116M(148M) 2.784ms
[2020-08-06T03:07:21.328-0300] GC(3695) User=0.00s Sys=0.00s Real=0.00s
[2020-08-06T03:07:39.324-0300] GC(3696) Pause Young (Allocation Failure)
[2020-08-06T03:07:39.327-0300] GC(3696) PSYoungGen: 19904K->256K(20480K)
[2020-08-06T03:07:39.327-0300] GC(3696) ParOldGen: 118968K->119024K(131584K)
[2020-08-06T03:07:39.327-0300] GC(3696) Metaspace: 119399K->119399K(1163264K)
[2020-08-06T03:07:39.327-0300] GC(3696) Pause Young (Allocation Failure) 135M->116M(148M) 2.697ms
[2020-08-06T03:07:39.327-0300] GC(3696) User=0.00s Sys=0.00s Real=0.00s
[2020-08-06T03:08:05.324-0300] GC(3697) Pause Young (Allocation Failure)
[2020-08-06T03:08:05.328-0300] GC(3697) PSYoungGen: 19712K->160K(20480K)
[2020-08-06T03:08:05.328-0300] GC(3697) ParOldGen: 119024K->119064K(131584K)
[2020-08-06T03:08:05.328-0300] GC(3697) Metaspace: 119399K->119399K(1163264K)
[2020-08-06T03:08:05.328-0300] GC(3697) Pause Young (Allocation Failure) 135M->116M(148M) 4.144ms
[2020-08-06T03:08:05.328-0300] GC(3697) User=0.00s Sys=0.00s Real=0.00s
[2020-08-06T03:08:33.323-0300] GC(3698) Pause Young (Allocation Failure)
[2020-08-06T03:08:33.328-0300] GC(3698) PSYoungGen: 19616K->480K(20480K)
[2020-08-06T03:08:33.328-0300] GC(3698) ParOldGen: 119064K->119088K(131584K)
[2020-08-06T03:08:33.328-0300] GC(3698) Metaspace: 119399K->119399K(1163264K)
[2020-08-06T03:08:33.328-0300] GC(3698) Pause Young (Allocation Failure) 135M->116M(148M) 4.319ms
[2020-08-06T03:08:33.328-0300] GC(3698) User=0.00s Sys=0.00s Real=0.01s
[2020-08-06T03:08:45.343-0300] GC(3699) Pause Young (Allocation Failure)
[2020-08-06T03:08:45.347-0300] GC(3699) PSYoungGen: 19936K->560K(20480K)
[2020-08-06T03:08:45.347-0300] GC(3699) ParOldGen: 119088K->119448K(131584K)
[2020-08-06T03:08:45.347-0300] GC(3699) Metaspace: 119399K->119399K(1163264K)
[2020-08-06T03:08:45.347-0300] GC(3699) Pause Young (Allocation Failure) 135M->117M(148M) 3.246ms
[2020-08-06T03:08:45.347-0300] GC(3699) User=0.01s Sys=0.00s Real=0.01s
[2020-08-06T03:08:59.849-0300] GC(3700) Pause Young (Allocation Failure)
[2020-08-06T03:08:59.852-0300] GC(3700) PSYoungGen: 20016K->784K(20480K)
[2020-08-06T03:08:59.852-0300] GC(3700) ParOldGen: 119448K->119893K(131584K)
[2020-08-06T03:08:59.852-0300] GC(3700) Metaspace: 119399K->119399K(1163264K)
[2020-08-06T03:08:59.852-0300] GC(3700) Pause Young (Allocation Failure) 136M->117M(148M) 2.729ms
[2020-08-06T03:08:59.852-0300] GC(3700) User=0.00s Sys=0.00s Real=0.00s
[2020-08-06T03:09:11.711-0300] GC(3701) Pause Young (Allocation Failure)
[2020-08-06T03:09:11.713-0300] GC(3701) PSYoungGen: 20240K->641K(20480K)
[2020-08-06T03:09:11.713-0300] GC(3701) ParOldGen: 119893K->120526K(131584K)
[2020-08-06T03:09:11.713-0300] GC(3701) Metaspace: 119399K->119399K(1163264K)
[2020-08-06T03:09:11.713-0300] GC(3701) Pause Young (Allocation Failure) 136M->118M(148M) 2.545ms
[2020-08-06T03:09:11.713-0300] GC(3701) User=0.01s Sys=0.00s Real=0.00s
[2020-08-06T03:09:27.266-0300] GC(3702) Pause Young (Allocation Failure)
[2020-08-06T03:09:27.269-0300] GC(3702) PSYoungGen: 20097K->512K(20480K)
[2020-08-06T03:09:27.269-0300] GC(3702) ParOldGen: 120526K->121043K(131584K)
[2020-08-06T03:09:27.269-0300] GC(3702) Metaspace: 119399K->119399K(1163264K)
[2020-08-06T03:09:27.269-0300] GC(3702) Pause Young (Allocation Failure) 137M->118M(148M) 3.093ms
[2020-08-06T03:09:27.269-0300] GC(3702) User=0.01s Sys=0.01s Real=0.00s
[2020-08-06T03:09:39.848-0300] GC(3703) Pause Young (Allocation Failure)
[2020-08-06T03:09:39.851-0300] GC(3703) PSYoungGen: 19968K->432K(20480K)
[2020-08-06T03:09:39.851-0300] GC(3703) ParOldGen: 121043K->121420K(131584K)
[2020-08-06T03:09:39.851-0300] GC(3703) Metaspace: 119399K->119399K(1163264K)
[2020-08-06T03:09:39.851-0300] GC(3703) Pause Young (Allocation Failure) 137M->118M(148M) 3.066ms
[2020-08-06T03:09:39.851-0300] GC(3703) User=0.01s Sys=0.00s Real=0.00s
[2020-08-06T03:09:53.562-0300] GC(3704) Pause Young (Allocation Failure)
[2020-08-06T03:09:53.565-0300] GC(3704) PSYoungGen: 19887K->448K(20480K)
[2020-08-06T03:09:53.565-0300] GC(3704) ParOldGen: 121420K->121701K(131584K)
[2020-08-06T03:09:53.565-0300] GC(3704) Metaspace: 119399K->119399K(1163264K)
[2020-08-06T03:09:53.565-0300] GC(3704) Pause Young (Allocation Failure) 137M->119M(148M) 2.500ms
[2020-08-06T03:09:53.565-0300] GC(3704) User=0.00s Sys=0.00s Real=0.01s
[2020-08-06T03:10:09.235-0300] GC(3705) Pause Young (Allocation Failure)
[2020-08-06T03:10:09.238-0300] GC(3705) PSYoungGen: 19904K->448K(20480K)
[2020-08-06T03:10:09.238-0300] GC(3705) ParOldGen: 121701K->122034K(131584K)
[2020-08-06T03:10:09.238-0300] GC(3705) Metaspace: 119399K->119399K(1163264K)
[2020-08-06T03:10:09.238-0300] GC(3705) Pause Young (Allocation Failure) 138M->119M(148M) 2.947ms
[2020-08-06T03:10:09.238-0300] GC(3705) User=0.00s Sys=0.00s Real=0.00s
[2020-08-06T03:10:19.855-0300] GC(3706) Pause Young (Allocation Failure)
[2020-08-06T03:10:19.858-0300] GC(3706) PSYoungGen: 19904K->497K(20480K)
[2020-08-06T03:10:19.858-0300] GC(3706) ParOldGen: 122034K->122379K(131584K)
[2020-08-06T03:10:19.858-0300] GC(3706) Metaspace: 119399K->119399K(1163264K)
[2020-08-06T03:10:19.858-0300] GC(3706) Pause Young (Allocation Failure) 138M->119M(148M) 3.120ms
[2020-08-06T03:10:19.858-0300] GC(3706) User=0.00s Sys=0.00s Real=0.00s
[2020-08-06T03:10:30.504-0300] GC(3707) Pause Young (Allocation Failure)
[2020-08-06T03:10:30.507-0300] GC(3707) PSYoungGen: 19953K->368K(20480K)
[2020-08-06T03:10:30.507-0300] GC(3707) ParOldGen: 122379K->122768K(131584K)
[2020-08-06T03:10:30.507-0300] GC(3707) Metaspace: 119399K->119399K(1163264K)
[2020-08-06T03:10:30.507-0300] GC(3707) Pause Young (Allocation Failure) 138M->120M(148M) 3.302ms
[2020-08-06T03:10:30.507-0300] GC(3707) User=0.00s Sys=0.00s Real=0.01s
[2020-08-06T03:10:41.438-0300] GC(3708) Pause Young (Allocation Failure)
[2020-08-06T03:10:41.441-0300] GC(3708) PSYoungGen: 19824K->512K(20480K)
[2020-08-06T03:10:41.441-0300] GC(3708) ParOldGen: 122768K->123020K(131584K)
[2020-08-06T03:10:41.441-0300] GC(3708) Metaspace: 119399K->119399K(1163264K)
[2020-08-06T03:10:41.441-0300] GC(3708) Pause Young (Allocation Failure) 139M->120M(148M) 2.932ms
[2020-08-06T03:10:41.441-0300] GC(3708) User=0.01s Sys=0.00s Real=0.00s
[2020-08-06T03:10:42.669-0300] GC(3709) Pause Young (Allocation Failure)
[2020-08-06T03:10:42.672-0300] GC(3709) PSYoungGen: 19968K->336K(20480K)
[2020-08-06T03:10:42.672-0300] GC(3709) ParOldGen: 123020K->123418K(131584K)
[2020-08-06T03:10:42.672-0300] GC(3709) Metaspace: 119399K->119399K(1163264K)
[2020-08-06T03:10:42.672-0300] GC(3709) Pause Young (Allocation Failure) 139M->120M(148M) 2.823ms
[2020-08-06T03:10:42.672-0300] GC(3709) User=0.01s Sys=0.00s Real=0.00s
[2020-08-06T03:10:44.128-0300] GC(3710) Pause Young (Allocation Failure)
[2020-08-06T03:10:44.131-0300] GC(3710) PSYoungGen: 19792K->337K(20480K)
[2020-08-06T03:10:44.131-0300] GC(3710) ParOldGen: 123418K->123615K(131584K)
[2020-08-06T03:10:44.131-0300] GC(3710) Metaspace: 119399K->119399K(1163264K)
[2020-08-06T03:10:44.131-0300] GC(3710) Pause Young (Allocation Failure) 139M->121M(148M) 2.764ms
[2020-08-06T03:10:44.131-0300] GC(3710) User=0.01s Sys=0.00s Real=0.00s
[2020-08-06T03:10:45.491-0300] GC(3711) Pause Young (Allocation Failure)
[2020-08-06T03:10:45.494-0300] GC(3711) PSYoungGen: 19786K->352K(20480K)
[2020-08-06T03:10:45.494-0300] GC(3711) ParOldGen: 123615K->123860K(131584K)
[2020-08-06T03:10:45.494-0300] GC(3711) Metaspace: 119399K->119399K(1163264K)
[2020-08-06T03:10:45.494-0300] GC(3711) Pause Young (Allocation Failure) 140M->121M(148M) 2.864ms
[2020-08-06T03:10:45.494-0300] GC(3711) User=0.01s Sys=0.00s Real=0.01s
[2020-08-06T03:10:46.720-0300] GC(3712) Pause Young (Allocation Failure)
[2020-08-06T03:10:46.724-0300] GC(3712) PSYoungGen: 19808K->288K(20480K)
[2020-08-06T03:10:46.724-0300] GC(3712) ParOldGen: 123860K->124069K(131584K)
[2020-08-06T03:10:46.724-0300] GC(3712) Metaspace: 119399K->119399K(1163264K)
[2020-08-06T03:10:46.724-0300] GC(3712) Pause Young (Allocation Failure) 140M->121M(148M) 3.921ms
[2020-08-06T03:10:46.724-0300] GC(3712) User=0.00s Sys=0.00s Real=0.01s
[2020-08-06T03:10:48.231-0300] GC(3713) Pause Young (Allocation Failure)
[2020-08-06T03:10:48.234-0300] GC(3713) PSYoungGen: 19744K->465K(20480K)
[2020-08-06T03:10:48.234-0300] GC(3713) ParOldGen: 124069K->124274K(131584K)
[2020-08-06T03:10:48.234-0300] GC(3713) Metaspace: 119399K->119399K(1163264K)
[2020-08-06T03:10:48.234-0300] GC(3713) Pause Young (Allocation Failure) 140M->121M(148M) 3.349ms
[2020-08-06T03:10:48.234-0300] GC(3713) User=0.00s Sys=0.00s Real=0.01s
[2020-08-06T03:10:52.902-0300] GC(3714) Pause Young (Allocation Failure)
[2020-08-06T03:10:52.906-0300] GC(3714) PSYoungGen: 19920K->192K(20480K)
[2020-08-06T03:10:52.906-0300] GC(3714) ParOldGen: 124274K->124442K(131584K)
[2020-08-06T03:10:52.906-0300] GC(3714) Metaspace: 119399K->119399K(1163264K)
[2020-08-06T03:10:52.906-0300] GC(3714) Pause Young (Allocation Failure) 140M->121M(148M) 3.354ms
[2020-08-06T03:10:52.906-0300] GC(3714) User=0.00s Sys=0.00s Real=0.01s
[2020-08-06T03:11:18.427-0300] GC(3715) Pause Young (Allocation Failure)
[2020-08-06T03:11:18.430-0300] GC(3715) PSYoungGen: 19648K->416K(20480K)
[2020-08-06T03:11:18.430-0300] GC(3715) ParOldGen: 124442K->124538K(131584K)
[2020-08-06T03:11:18.430-0300] GC(3715) Metaspace: 119399K->119399K(1163264K)
[2020-08-06T03:11:18.430-0300] GC(3715) Pause Young (Allocation Failure) 140M->122M(148M) 2.747ms
[2020-08-06T03:11:18.430-0300] GC(3715) User=0.01s Sys=0.00s Real=0.00s
[2020-08-06T03:11:44.848-0300] GC(3716) Pause Young (Allocation Failure)
[2020-08-06T03:11:44.851-0300] GC(3716) PSYoungGen: 19872K->288K(20480K)
[2020-08-06T03:11:44.851-0300] GC(3716) ParOldGen: 124538K->124850K(131584K)
[2020-08-06T03:11:44.851-0300] GC(3716) Metaspace: 119399K->119399K(1163264K)
[2020-08-06T03:11:44.851-0300] GC(3716) Pause Young (Allocation Failure) 141M->122M(148M) 3.297ms
[2020-08-06T03:11:44.851-0300] GC(3716) User=0.00s Sys=0.00s Real=0.00s
[2020-08-06T03:11:59.848-0300] GC(3717) Pause Young (Allocation Failure)
[2020-08-06T03:11:59.852-0300] GC(3717) PSYoungGen: 19744K->304K(20480K)
[2020-08-06T03:11:59.852-0300] GC(3717) ParOldGen: 124850K->124986K(131584K)
[2020-08-06T03:11:59.852-0300] GC(3717) Metaspace: 119399K->119399K(1163264K)
[2020-08-06T03:11:59.852-0300] GC(3717) Pause Young (Allocation Failure) 141M->122M(148M) 3.610ms
[2020-08-06T03:11:59.852-0300] GC(3717) User=0.00s Sys=0.00s Real=0.00s
[2020-08-06T03:12:24.846-0300] GC(3718) Pause Young (Allocation Failure)
[2020-08-06T03:12:24.849-0300] GC(3718) PSYoungGen: 19760K->400K(20480K)
[2020-08-06T03:12:24.849-0300] GC(3718) ParOldGen: 124986K->125158K(131584K)
[2020-08-06T03:12:24.849-0300] GC(3718) Metaspace: 119399K->119399K(1163264K)
[2020-08-06T03:12:24.849-0300] GC(3718) Pause Young (Allocation Failure) 141M->122M(148M) 2.701ms
[2020-08-06T03:12:24.849-0300] GC(3718) User=0.00s Sys=0.00s Real=0.00s
[2020-08-06T03:12:49.484-0300] GC(3719) Pause Young (Allocation Failure)
[2020-08-06T03:12:49.488-0300] GC(3719) PSYoungGen: 19856K->96K(20480K)
[2020-08-06T03:12:49.488-0300] GC(3719) ParOldGen: 125158K->125222K(131584K)
[2020-08-06T03:12:49.488-0300] GC(3719) Metaspace: 119399K->119399K(1163264K)
[2020-08-06T03:12:49.488-0300] GC(3719) Pause Young (Allocation Failure) 141M->122M(148M) 3.758ms
[2020-08-06T03:12:49.488-0300] GC(3719) User=0.00s Sys=0.00s Real=0.00s
[2020-08-06T03:13:09.318-0300] GC(3720) Pause Young (Allocation Failure)
[2020-08-06T03:13:09.321-0300] GC(3720) PSYoungGen: 19552K->224K(20480K)
[2020-08-06T03:13:09.321-0300] GC(3720) ParOldGen: 125222K->125254K(131584K)
[2020-08-06T03:13:09.321-0300] GC(3720) Metaspace: 119399K->119399K(1163264K)
[2020-08-06T03:13:09.321-0300] GC(3720) Pause Young (Allocation Failure) 141M->122M(148M) 3.537ms
[2020-08-06T03:13:09.321-0300] GC(3720) User=0.01s Sys=0.00s Real=0.00s
[2020-08-06T03:13:34.848-0300] GC(3721) Pause Young (Allocation Failure)
[2020-08-06T03:13:34.851-0300] GC(3721) PSYoungGen: 19680K->544K(20480K)
[2020-08-06T03:13:34.851-0300] GC(3721) ParOldGen: 125254K->125286K(131584K)
[2020-08-06T03:13:34.851-0300] GC(3721) Metaspace: 119399K->119399K(1163264K)
[2020-08-06T03:13:34.851-0300] GC(3721) Pause Young (Allocation Failure) 141M->122M(148M) 2.644ms
[2020-08-06T03:13:34.851-0300] GC(3721) User=0.00s Sys=0.00s Real=0.00s
[2020-08-06T03:13:55.247-0300] GC(3722) Pause Young (Allocation Failure)
[2020-08-06T03:13:55.251-0300] GC(3722) PSYoungGen: 20000K->624K(20480K)
[2020-08-06T03:13:55.251-0300] GC(3722) ParOldGen: 125286K->125702K(131584K)
[2020-08-06T03:13:55.251-0300] GC(3722) Metaspace: 119399K->119399K(1163264K)
[2020-08-06T03:13:55.251-0300] GC(3722) Pause Young (Allocation Failure) 141M->123M(148M) 3.861ms
[2020-08-06T03:13:55.251-0300] GC(3722) User=0.01s Sys=0.00s Real=0.00s
[2020-08-06T03:14:08.351-0300] GC(3723) Pause Young (Allocation Failure)
[2020-08-06T03:14:08.354-0300] GC(3723) PSYoungGen: 20080K->624K(20480K)
[2020-08-06T03:14:08.354-0300] GC(3723) ParOldGen: 125702K->126251K(131584K)
[2020-08-06T03:14:08.354-0300] GC(3723) Metaspace: 119399K->119399K(1163264K)
[2020-08-06T03:14:08.354-0300] GC(3723) Pause Young (Allocation Failure) 142M->123M(148M) 3.671ms
[2020-08-06T03:14:08.354-0300] GC(3723) User=0.01s Sys=0.00s Real=0.01s
[2020-08-06T03:14:21.445-0300] GC(3724) Pause Young (Allocation Failure)
[2020-08-06T03:14:21.449-0300] GC(3724) PSYoungGen: 20080K->512K(20480K)
[2020-08-06T03:14:21.449-0300] GC(3724) ParOldGen: 126251K->126764K(131584K)
[2020-08-06T03:14:21.449-0300] GC(3724) Metaspace: 119399K->119399K(1163264K)
[2020-08-06T03:14:21.449-0300] GC(3724) Pause Young (Allocation Failure) 142M->124M(148M) 3.470ms
[2020-08-06T03:14:21.449-0300] GC(3724) User=0.01s Sys=0.00s Real=0.00s
[2020-08-06T03:14:35.404-0300] GC(3725) Pause Young (Allocation Failure)
[2020-08-06T03:14:35.407-0300] GC(3725) PSYoungGen: 19968K->305K(20480K)
[2020-08-06T03:14:35.407-0300] GC(3725) ParOldGen: 126764K->127169K(131584K)
[2020-08-06T03:14:35.407-0300] GC(3725) Metaspace: 119399K->119399K(1163264K)
[2020-08-06T03:14:35.407-0300] GC(3725) Pause Young (Allocation Failure) 143M->124M(148M) 3.327ms
[2020-08-06T03:14:35.408-0300] GC(3725) User=0.00s Sys=0.00s Real=0.00s
[2020-08-06T03:14:48.315-0300] GC(3726) Pause Young (Allocation Failure)
[2020-08-06T03:14:48.318-0300] GC(3726) PSYoungGen: 19750K->608K(20480K)
[2020-08-06T03:14:48.318-0300] GC(3726) ParOldGen: 127169K->127390K(131584K)
[2020-08-06T03:14:48.318-0300] GC(3726) Metaspace: 119399K->119399K(1163264K)
[2020-08-06T03:14:48.318-0300] GC(3726) Pause Young (Allocation Failure) 143M->124M(148M) 3.224ms
[2020-08-06T03:14:48.318-0300] GC(3726) User=0.01s Sys=0.00s Real=0.00s
[2020-08-06T03:14:54.094-0300] GC(3727) Pause Young (Allocation Failure)
[2020-08-06T03:14:54.097-0300] GC(3727) PSYoungGen: 20064K->369K(20480K)
[2020-08-06T03:14:54.097-0300] GC(3727) ParOldGen: 127390K->127795K(131584K)
[2020-08-06T03:14:54.097-0300] GC(3727) Metaspace: 119399K->119399K(1163264K)
[2020-08-06T03:14:54.097-0300] GC(3727) Pause Young (Allocation Failure) 143M->125M(148M) 3.130ms
[2020-08-06T03:14:54.097-0300] GC(3727) User=0.01s Sys=0.00s Real=0.00s
[2020-08-06T03:14:55.465-0300] GC(3728) Pause Young (Allocation Failure)
[2020-08-06T03:14:55.467-0300] GC(3728) PSYoungGen: 19825K->337K(20480K)
[2020-08-06T03:14:55.467-0300] GC(3728) ParOldGen: 127795K->128044K(131584K)
[2020-08-06T03:14:55.467-0300] GC(3728) Metaspace: 119399K->119399K(1163264K)
[2020-08-06T03:14:55.467-0300] GC(3728) Pause Young (Allocation Failure) 144M->125M(148M) 2.725ms
[2020-08-06T03:14:55.468-0300] GC(3728) User=0.01s Sys=0.00s Real=0.00s
[2020-08-06T03:14:56.683-0300] GC(3729) Pause Young (Allocation Failure)
[2020-08-06T03:14:56.686-0300] GC(3729) PSYoungGen: 19793K->336K(20480K)
[2020-08-06T03:14:56.686-0300] GC(3729) ParOldGen: 128044K->128265K(131584K)
[2020-08-06T03:14:56.686-0300] GC(3729) Metaspace: 119399K->119399K(1163264K)
[2020-08-06T03:14:56.686-0300] GC(3729) Pause Young (Allocation Failure) 144M->125M(148M) 2.908ms
[2020-08-06T03:14:56.686-0300] GC(3729) User=0.01s Sys=0.00s Real=0.01s
[2020-08-06T03:15:04.849-0300] GC(3730) Pause Young (Allocation Failure)
[2020-08-06T03:15:04.852-0300] GC(3730) PSYoungGen: 19792K->288K(20480K)
[2020-08-06T03:15:04.852-0300] GC(3730) ParOldGen: 128265K->128329K(131584K)
[2020-08-06T03:15:04.852-0300] GC(3730) Metaspace: 119399K->119399K(1163264K)
[2020-08-06T03:15:04.852-0300] GC(3730) Pause Young (Allocation Failure) 144M->125M(148M) 3.253ms
[2020-08-06T03:15:04.852-0300] GC(3730) User=0.00s Sys=0.00s Real=0.00s
[2020-08-06T03:15:29.853-0300] GC(3731) Pause Young (Allocation Failure)
[2020-08-06T03:15:29.856-0300] GC(3731) PSYoungGen: 19744K->651K(20480K)
[2020-08-06T03:15:29.856-0300] GC(3731) ParOldGen: 128329K->128489K(131584K)
[2020-08-06T03:15:29.856-0300] GC(3731) Metaspace: 119399K->119399K(1163264K)
[2020-08-06T03:15:29.856-0300] GC(3731) Pause Young (Allocation Failure) 144M->126M(148M) 3.049ms
[2020-08-06T03:15:29.856-0300] GC(3731) User=0.01s Sys=0.00s Real=0.01s
[2020-08-06T03:15:57.324-0300] GC(3732) Pause Young (Allocation Failure)
[2020-08-06T03:15:57.327-0300] GC(3732) PSYoungGen: 20107K->576K(20480K)
[2020-08-06T03:15:57.327-0300] GC(3732) ParOldGen: 128489K->128993K(131584K)
[2020-08-06T03:15:57.327-0300] GC(3732) Metaspace: 119399K->119399K(1163264K)
[2020-08-06T03:15:57.327-0300] GC(3732) Pause Young (Allocation Failure) 145M->126M(148M) 3.059ms
[2020-08-06T03:15:57.327-0300] GC(3732) User=0.01s Sys=0.00s Real=0.01s
[2020-08-06T03:16:14.440-0300] GC(3733) Pause Young (Allocation Failure)
[2020-08-06T03:16:14.443-0300] GC(3733) PSYoungGen: 20032K->288K(20480K)
[2020-08-06T03:16:14.443-0300] GC(3733) ParOldGen: 128993K->129457K(131584K)
[2020-08-06T03:16:14.443-0300] GC(3733) Metaspace: 119399K->119399K(1163264K)
[2020-08-06T03:16:14.443-0300] GC(3733) Pause Young (Allocation Failure) 145M->126M(148M) 2.721ms
[2020-08-06T03:16:14.443-0300] GC(3733) User=0.00s Sys=0.01s Real=0.00s
[2020-08-06T03:16:39.849-0300] GC(3734) Pause Young (Allocation Failure)
[2020-08-06T03:16:39.851-0300] GC(3734) PSYoungGen: 19739K->342K(20480K)
[2020-08-06T03:16:39.851-0300] GC(3734) ParOldGen: 129457K->129641K(131584K)
[2020-08-06T03:16:39.851-0300] GC(3734) Metaspace: 119399K->119399K(1163264K)
[2020-08-06T03:16:39.851-0300] GC(3734) Pause Young (Allocation Failure) 145M->126M(148M) 2.849ms
[2020-08-06T03:16:39.851-0300] GC(3734) User=0.00s Sys=0.00s Real=0.00s
[2020-08-06T03:17:02.342-0300] GC(3735) Pause Young (Allocation Failure)
[2020-08-06T03:17:02.347-0300] GC(3735) PSYoungGen: 19798K->304K(20480K)
[2020-08-06T03:17:02.347-0300] GC(3735) ParOldGen: 129641K->129809K(131584K)
[2020-08-06T03:17:02.347-0300] GC(3735) Metaspace: 119399K->119399K(1163264K)
[2020-08-06T03:17:02.347-0300] GC(3735) Pause Young (Allocation Failure) 145M->127M(148M) 5.096ms
[2020-08-06T03:17:02.347-0300] GC(3735) User=0.01s Sys=0.00s Real=0.01s
[2020-08-06T03:17:14.846-0300] GC(3736) Pause Young (Allocation Failure)
[2020-08-06T03:17:14.851-0300] GC(3736) PSYoungGen: 19760K->384K(20480K)
[2020-08-06T03:17:14.851-0300] GC(3736) ParOldGen: 129809K->129934K(131584K)
[2020-08-06T03:17:14.851-0300] GC(3736) Metaspace: 119399K->119399K(1163264K)
[2020-08-06T03:17:14.851-0300] GC(3736) Pause Young (Allocation Failure) 146M->127M(148M) 4.742ms
[2020-08-06T03:17:14.851-0300] GC(3736) User=0.01s Sys=0.00s Real=0.00s
[2020-08-06T03:17:27.340-0300] GC(3737) Pause Young (Allocation Failure)
[2020-08-06T03:17:27.343-0300] GC(3737) PSYoungGen: 19840K->624K(20480K)
[2020-08-06T03:17:27.343-0300] GC(3737) ParOldGen: 129934K->130167K(131584K)
[2020-08-06T03:17:27.343-0300] GC(3737) Metaspace: 119401K->119401K(1163264K)
[2020-08-06T03:17:27.343-0300] GC(3737) Pause Young (Allocation Failure) 146M->127M(148M) 2.864ms
[2020-08-06T03:17:27.343-0300] GC(3737) User=0.00s Sys=0.00s Real=0.00s
[2020-08-06T03:17:39.945-0300] GC(3738) Pause Young (Allocation Failure)
[2020-08-06T03:17:39.948-0300] GC(3738) PSYoungGen: 20080K->256K(20480K)
[2020-08-06T03:17:39.948-0300] GC(3738) ParOldGen: 130167K->130467K(131584K)
[2020-08-06T03:17:39.948-0300] GC(3738) Metaspace: 119401K->119401K(1163264K)
[2020-08-06T03:17:39.948-0300] GC(3738) Pause Young (Allocation Failure) 146M->127M(148M) 3.334ms
[2020-08-06T03:17:39.948-0300] GC(3738) User=0.01s Sys=0.00s Real=0.00s
[2020-08-06T03:17:55.612-0300] GC(3739) Pause Young (Allocation Failure)
[2020-08-06T03:17:55.615-0300] GC(3739) PSYoungGen: 19712K->256K(20480K)
[2020-08-06T03:17:55.615-0300] GC(3739) ParOldGen: 130467K->130644K(131584K)
[2020-08-06T03:17:55.615-0300] GC(3739) Metaspace: 119401K->119401K(1163264K)
[2020-08-06T03:17:55.615-0300] GC(3739) Pause Young (Allocation Failure) 146M->127M(148M) 2.998ms
[2020-08-06T03:17:55.615-0300] GC(3739) User=0.00s Sys=0.00s Real=0.01s
[2020-08-06T03:18:09.346-0300] GC(3740) Pause Young (Allocation Failure)
[2020-08-06T03:18:09.349-0300] GC(3740) PSYoungGen: 19712K->288K(20480K)
[2020-08-06T03:18:09.349-0300] GC(3740) ParOldGen: 130644K->130801K(131584K)
[2020-08-06T03:18:09.349-0300] GC(3740) Metaspace: 119401K->119401K(1163264K)
[2020-08-06T03:18:09.349-0300] GC(3740) Pause Young (Allocation Failure) 146M->128M(148M) 2.941ms
[2020-08-06T03:18:09.349-0300] GC(3740) User=0.01s Sys=0.00s Real=0.00s
[2020-08-06T03:18:21.836-0300] GC(3741) Pause Young (Allocation Failure)
[2020-08-06T03:18:21.839-0300] GC(3741) PSYoungGen: 19744K->304K(20480K)
[2020-08-06T03:18:21.839-0300] GC(3741) ParOldGen: 130801K->130986K(131584K)
[2020-08-06T03:18:21.839-0300] GC(3741) Metaspace: 119401K->119401K(1163264K)
[2020-08-06T03:18:21.839-0300] GC(3741) Pause Young (Allocation Failure) 147M->128M(148M) 2.886ms
[2020-08-06T03:18:21.839-0300] GC(3741) User=0.00s Sys=0.00s Real=0.00s
[2020-08-06T03:18:36.340-0300] GC(3742) Pause Young (Allocation Failure)
[2020-08-06T03:18:36.343-0300] GC(3742) PSYoungGen: 19760K->704K(20480K)
[2020-08-06T03:18:36.343-0300] GC(3742) ParOldGen: 130986K->131155K(131584K)
[2020-08-06T03:18:36.344-0300] GC(3742) Metaspace: 119401K->119401K(1163264K)
[2020-08-06T03:18:36.344-0300] GC(3742) Pause Young (Allocation Failure) 147M->128M(148M) 3.596ms
[2020-08-06T03:18:36.344-0300] GC(3742) User=0.00s Sys=0.00s Real=0.00s
[2020-08-06T03:18:36.344-0300] GC(3743) Pause Full (Ergonomics)
[2020-08-06T03:18:36.344-0300] GC(3743) Marking Phase
[2020-08-06T03:18:36.426-0300] GC(3743) Marking Phase 81.954ms
[2020-08-06T03:18:36.426-0300] GC(3743) Summary Phase
[2020-08-06T03:18:36.426-0300] GC(3743) Summary Phase 0.021ms
[2020-08-06T03:18:36.426-0300] GC(3743) Adjust Roots
[2020-08-06T03:18:36.455-0300] GC(3743) Adjust Roots 29.083ms
[2020-08-06T03:18:36.455-0300] GC(3743) Compaction Phase
[2020-08-06T03:18:36.486-0300] GC(3743) Compaction Phase 31.344ms
[2020-08-06T03:18:36.486-0300] GC(3743) Post Compact
[2020-08-06T03:18:36.487-0300] GC(3743) Post Compact 0.680ms
[2020-08-06T03:18:36.487-0300] GC(3743) PSYoungGen: 704K->0K(20480K)
[2020-08-06T03:18:36.487-0300] GC(3743) ParOldGen: 131155K->104117K(131584K)
[2020-08-06T03:18:36.487-0300] GC(3743) Metaspace: 119401K->119401K(1163264K)
[2020-08-06T03:18:36.487-0300] GC(3743) Pause Full (Ergonomics) 128M->101M(148M) 143.345ms
[2020-08-06T03:18:36.487-0300] GC(3743) User=0.38s Sys=0.00s Real=0.15s
[2020-08-06T03:18:48.197-0300] GC(3744) Pause Young (Allocation Failure)
[2020-08-06T03:18:48.200-0300] GC(3744) PSYoungGen: 19451K->657K(20480K)
[2020-08-06T03:18:48.200-0300] GC(3744) ParOldGen: 104117K->104117K(131584K)
[2020-08-06T03:18:48.200-0300] GC(3744) Metaspace: 119401K->119401K(1163264K)
[2020-08-06T03:18:48.200-0300] GC(3744) Pause Young (Allocation Failure) 120M->102M(148M) 2.597ms
[2020-08-06T03:18:48.200-0300] GC(3744) User=0.00s Sys=0.00s Real=0.00s
[2020-08-06T03:18:58.830-0300] GC(3745) Pause Young (Allocation Failure)
[2020-08-06T03:18:58.833-0300] GC(3745) PSYoungGen: 20113K->528K(20480K)
[2020-08-06T03:18:58.833-0300] GC(3745) ParOldGen: 104117K->104648K(131584K)
[2020-08-06T03:18:58.833-0300] GC(3745) Metaspace: 119401K->119401K(1163264K)
[2020-08-06T03:18:58.833-0300] GC(3745) Pause Young (Allocation Failure) 121M->102M(148M) 2.768ms
[2020-08-06T03:18:58.833-0300] GC(3745) User=0.01s Sys=0.00s Real=0.00s
[2020-08-06T03:19:04.919-0300] GC(3746) Pause Young (Allocation Failure)
[2020-08-06T03:19:04.922-0300] GC(3746) PSYoungGen: 19984K->416K(20480K)
[2020-08-06T03:19:04.922-0300] GC(3746) ParOldGen: 104648K->105085K(131584K)
[2020-08-06T03:19:04.922-0300] GC(3746) Metaspace: 119401K->119401K(1163264K)
[2020-08-06T03:19:04.922-0300] GC(3746) Pause Young (Allocation Failure) 121M->103M(148M) 2.946ms
[2020-08-06T03:19:04.922-0300] GC(3746) User=0.00s Sys=0.00s Real=0.00s
[2020-08-06T03:19:06.196-0300] GC(3747) Pause Young (Allocation Failure)
[2020-08-06T03:19:06.199-0300] GC(3747) PSYoungGen: 19871K->401K(20480K)
[2020-08-06T03:19:06.199-0300] GC(3747) ParOldGen: 105085K->105370K(131584K)
[2020-08-06T03:19:06.199-0300] GC(3747) Metaspace: 119401K->119401K(1163264K)
[2020-08-06T03:19:06.199-0300] GC(3747) Pause Young (Allocation Failure) 122M->103M(148M) 3.341ms
[2020-08-06T03:19:06.199-0300] GC(3747) User=0.01s Sys=0.00s Real=0.00s
[2020-08-06T03:19:07.754-0300] GC(3748) Pause Young (Allocation Failure)
[2020-08-06T03:19:07.757-0300] GC(3748) PSYoungGen: 19857K->353K(20480K)
[2020-08-06T03:19:07.757-0300] GC(3748) ParOldGen: 105370K->105651K(131584K)
[2020-08-06T03:19:07.757-0300] GC(3748) Metaspace: 119401K->119401K(1163264K)
[2020-08-06T03:19:07.757-0300] GC(3748) Pause Young (Allocation Failure) 122M->103M(148M) 2.592ms
[2020-08-06T03:19:07.757-0300] GC(3748) User=0.00s Sys=0.00s Real=0.00s
[2020-08-06T03:19:08.980-0300] GC(3749) Pause Young (Allocation Failure)
[2020-08-06T03:19:08.982-0300] GC(3749) PSYoungGen: 19809K->384K(20480K)
[2020-08-06T03:19:08.982-0300] GC(3749) ParOldGen: 105651K->105896K(131584K)
[2020-08-06T03:19:08.982-0300] GC(3749) Metaspace: 119401K->119401K(1163264K)
[2020-08-06T03:19:08.982-0300] GC(3749) Pause Young (Allocation Failure) 122M->103M(148M) 2.694ms
[2020-08-06T03:19:08.982-0300] GC(3749) User=0.01s Sys=0.00s Real=0.00s
[2020-08-06T03:19:10.245-0300] GC(3750) Pause Young (Allocation Failure)
[2020-08-06T03:19:10.249-0300] GC(3750) PSYoungGen: 19839K->401K(20480K)
[2020-08-06T03:19:10.249-0300] GC(3750) ParOldGen: 105896K->106177K(131584K)
[2020-08-06T03:19:10.249-0300] GC(3750) Metaspace: 119401K->119401K(1163264K)
[2020-08-06T03:19:10.249-0300] GC(3750) Pause Young (Allocation Failure) 122M->104M(148M) 3.884ms
[2020-08-06T03:19:10.249-0300] GC(3750) User=0.01s Sys=0.00s Real=0.00s
[2020-08-06T03:19:11.624-0300] GC(3751) Pause Young (Allocation Failure)
[2020-08-06T03:19:11.627-0300] GC(3751) PSYoungGen: 19857K->433K(20480K)
[2020-08-06T03:19:11.627-0300] GC(3751) ParOldGen: 106177K->106418K(131584K)
[2020-08-06T03:19:11.627-0300] GC(3751) Metaspace: 119401K->119401K(1163264K)
[2020-08-06T03:19:11.627-0300] GC(3751) Pause Young (Allocation Failure) 123M->104M(148M) 2.996ms
[2020-08-06T03:19:11.627-0300] GC(3751) User=0.00s Sys=0.00s Real=0.00s
[2020-08-06T03:19:24.848-0300] GC(3752) Pause Young (Allocation Failure)
[2020-08-06T03:19:24.850-0300] GC(3752) PSYoungGen: 19889K->384K(20480K)
[2020-08-06T03:19:24.850-0300] GC(3752) ParOldGen: 106418K->106575K(131584K)
[2020-08-06T03:19:24.850-0300] GC(3752) Metaspace: 119401K->119401K(1163264K)
[2020-08-06T03:19:24.850-0300] GC(3752) Pause Young (Allocation Failure) 123M->104M(148M) 2.638ms
[2020-08-06T03:19:24.850-0300] GC(3752) User=0.01s Sys=0.00s Real=0.00s
[2020-08-06T03:19:50.386-0300] GC(3753) Pause Young (Allocation Failure)
[2020-08-06T03:19:50.389-0300] GC(3753) PSYoungGen: 19840K->432K(20480K)
[2020-08-06T03:19:50.389-0300] GC(3753) ParOldGen: 106575K->106839K(131584K)
[2020-08-06T03:19:50.389-0300] GC(3753) Metaspace: 119401K->119401K(1163264K)
[2020-08-06T03:19:50.389-0300] GC(3753) Pause Young (Allocation Failure) 123M->104M(148M) 2.321ms
[2020-08-06T03:19:50.389-0300] GC(3753) User=0.01s Sys=0.00s Real=0.00s
[2020-08-06T03:20:12.337-0300] GC(3754) Pause Young (Allocation Failure)
[2020-08-06T03:20:12.340-0300] GC(3754) PSYoungGen: 19888K->592K(20480K)
[2020-08-06T03:20:12.340-0300] GC(3754) ParOldGen: 106839K->107183K(131584K)
[2020-08-06T03:20:12.340-0300] GC(3754) Metaspace: 119401K->119401K(1163264K)
[2020-08-06T03:20:12.340-0300] GC(3754) Pause Young (Allocation Failure) 123M->105M(148M) 3.244ms
[2020-08-06T03:20:12.340-0300] GC(3754) User=0.01s Sys=0.00s Real=0.00s
[2020-08-06T03:20:34.514-0300] GC(3755) Pause Young (Allocation Failure)
[2020-08-06T03:20:34.518-0300] GC(3755) PSYoungGen: 20048K->416K(20480K)
[2020-08-06T03:20:34.518-0300] GC(3755) ParOldGen: 107183K->107555K(131584K)
[2020-08-06T03:20:34.518-0300] GC(3755) Metaspace: 119401K->119401K(1163264K)
[2020-08-06T03:20:34.518-0300] GC(3755) Pause Young (Allocation Failure) 124M->105M(148M) 3.202ms
[2020-08-06T03:20:34.518-0300] GC(3755) User=0.01s Sys=0.00s Real=0.00s
[2020-08-06T03:21:00.336-0300] GC(3756) Pause Young (Allocation Failure)
[2020-08-06T03:21:00.340-0300] GC(3756) PSYoungGen: 19872K->512K(20480K)
[2020-08-06T03:21:00.340-0300] GC(3756) ParOldGen: 107555K->107871K(131584K)
[2020-08-06T03:21:00.340-0300] GC(3756) Metaspace: 119401K->119401K(1163264K)
[2020-08-06T03:21:00.340-0300] GC(3756) Pause Young (Allocation Failure) 124M->105M(148M) 4.128ms
[2020-08-06T03:21:00.340-0300] GC(3756) User=0.00s Sys=0.00s Real=0.00s
[2020-08-06T03:21:17.392-0300] GC(3757) Pause Young (Allocation Failure)
[2020-08-06T03:21:17.394-0300] GC(3757) PSYoungGen: 19968K->288K(20480K)
[2020-08-06T03:21:17.394-0300] GC(3757) ParOldGen: 107871K->108295K(131584K)
[2020-08-06T03:21:17.394-0300] GC(3757) Metaspace: 119401K->119401K(1163264K)
[2020-08-06T03:21:17.394-0300] GC(3757) Pause Young (Allocation Failure) 124M->106M(148M) 2.318ms
[2020-08-06T03:21:17.394-0300] GC(3757) User=0.00s Sys=0.00s Real=0.01s
[2020-08-06T03:21:44.847-0300] GC(3758) Pause Young (Allocation Failure)
[2020-08-06T03:21:44.849-0300] GC(3758) PSYoungGen: 19744K->288K(20480K)
[2020-08-06T03:21:44.849-0300] GC(3758) ParOldGen: 108295K->108475K(131584K)
[2020-08-06T03:21:44.849-0300] GC(3758) Metaspace: 119401K->119401K(1163264K)
[2020-08-06T03:21:44.849-0300] GC(3758) Pause Young (Allocation Failure) 125M->106M(148M) 2.684ms
[2020-08-06T03:21:44.849-0300] GC(3758) User=0.00s Sys=0.00s Real=0.00s
[2020-08-06T03:22:13.044-0300] GC(3759) Pause Young (Allocation Failure)
[2020-08-06T03:22:13.047-0300] GC(3759) PSYoungGen: 19743K->160K(20480K)
[2020-08-06T03:22:13.047-0300] GC(3759) ParOldGen: 108475K->108611K(131584K)
[2020-08-06T03:22:13.047-0300] GC(3759) Metaspace: 119401K->119401K(1163264K)
[2020-08-06T03:22:13.047-0300] GC(3759) Pause Young (Allocation Failure) 125M->106M(148M) 3.071ms
[2020-08-06T03:22:13.047-0300] GC(3759) User=0.01s Sys=0.00s Real=0.00s
[2020-08-06T03:22:23.602-0300] GC(3760) Pause Young (Allocation Failure)
[2020-08-06T03:22:23.605-0300] GC(3760) PSYoungGen: 19616K->448K(20480K)
[2020-08-06T03:22:23.605-0300] GC(3760) ParOldGen: 108611K->108683K(131584K)
[2020-08-06T03:22:23.605-0300] GC(3760) Metaspace: 119401K->119401K(1163264K)
[2020-08-06T03:22:23.605-0300] GC(3760) Pause Young (Allocation Failure) 125M->106M(148M) 3.151ms
[2020-08-06T03:22:23.605-0300] GC(3760) User=0.01s Sys=0.00s Real=0.01s
[2020-08-06T03:22:39.316-0300] GC(3761) Pause Young (Allocation Failure)
[2020-08-06T03:22:39.319-0300] GC(3761) PSYoungGen: 19904K->304K(20480K)
[2020-08-06T03:22:39.319-0300] GC(3761) ParOldGen: 108683K->108844K(131584K)
[2020-08-06T03:22:39.319-0300] GC(3761) Metaspace: 119401K->119401K(1163264K)
[2020-08-06T03:22:39.319-0300] GC(3761) Pause Young (Allocation Failure) 125M->106M(148M) 3.429ms
[2020-08-06T03:22:39.319-0300] GC(3761) User=0.00s Sys=0.00s Real=0.00s
[2020-08-06T03:22:49.937-0300] GC(3762) Pause Young (Allocation Failure)
[2020-08-06T03:22:49.940-0300] GC(3762) PSYoungGen: 19760K->416K(20480K)
[2020-08-06T03:22:49.940-0300] GC(3762) ParOldGen: 108844K->109053K(131584K)
[2020-08-06T03:22:49.940-0300] GC(3762) Metaspace: 119404K->119404K(1163264K)
[2020-08-06T03:22:49.940-0300] GC(3762) Pause Young (Allocation Failure) 125M->106M(148M) 2.705ms
[2020-08-06T03:22:49.940-0300] GC(3762) User=0.01s Sys=0.00s Real=0.00s
[2020-08-06T03:23:05.596-0300] GC(3763) Pause Young (Allocation Failure)
[2020-08-06T03:23:05.599-0300] GC(3763) PSYoungGen: 19872K->256K(20480K)
[2020-08-06T03:23:05.599-0300] GC(3763) ParOldGen: 109053K->109346K(131584K)
[2020-08-06T03:23:05.599-0300] GC(3763) Metaspace: 119404K->119404K(1163264K)
[2020-08-06T03:23:05.600-0300] GC(3763) Pause Young (Allocation Failure) 125M->107M(148M) 3.101ms
[2020-08-06T03:23:05.600-0300] GC(3763) User=0.00s Sys=0.00s Real=0.00s
[2020-08-06T03:23:16.545-0300] GC(3764) Pause Young (Allocation Failure)
[2020-08-06T03:23:16.547-0300] GC(3764) PSYoungGen: 19712K->304K(20480K)
[2020-08-06T03:23:16.547-0300] GC(3764) ParOldGen: 109346K->109527K(131584K)
[2020-08-06T03:23:16.547-0300] GC(3764) Metaspace: 119404K->119404K(1163264K)
[2020-08-06T03:23:16.547-0300] GC(3764) Pause Young (Allocation Failure) 126M->107M(148M) 2.673ms
[2020-08-06T03:23:16.548-0300] GC(3764) User=0.00s Sys=0.00s Real=0.00s
[2020-08-06T03:23:17.771-0300] GC(3765) Pause Young (Allocation Failure)
[2020-08-06T03:23:17.773-0300] GC(3765) PSYoungGen: 19760K->304K(20480K)
[2020-08-06T03:23:17.773-0300] GC(3765) ParOldGen: 109527K->109728K(131584K)
[2020-08-06T03:23:17.773-0300] GC(3765) Metaspace: 119404K->119404K(1163264K)
[2020-08-06T03:23:17.773-0300] GC(3765) Pause Young (Allocation Failure) 126M->107M(148M) 2.726ms
[2020-08-06T03:23:17.773-0300] GC(3765) User=0.01s Sys=0.00s Real=0.00s
[2020-08-06T03:23:19.148-0300] GC(3766) Pause Young (Allocation Failure)
[2020-08-06T03:23:19.152-0300] GC(3766) PSYoungGen: 19760K->369K(20480K)
[2020-08-06T03:23:19.152-0300] GC(3766) ParOldGen: 109728K->109941K(131584K)
[2020-08-06T03:23:19.152-0300] GC(3766) Metaspace: 119404K->119404K(1163264K)
[2020-08-06T03:23:19.152-0300] GC(3766) Pause Young (Allocation Failure) 126M->107M(148M) 3.412ms
[2020-08-06T03:23:19.152-0300] GC(3766) User=0.01s Sys=0.00s Real=0.00s
[2020-08-06T03:23:20.087-0300] GC(3767) Pause Young (Allocation Failure)
[2020-08-06T03:23:20.090-0300] GC(3767) PSYoungGen: 19825K->336K(20480K)
[2020-08-06T03:23:20.090-0300] GC(3767) ParOldGen: 109941K->110154K(131584K)
[2020-08-06T03:23:20.090-0300] GC(3767) Metaspace: 119404K->119404K(1163264K)
[2020-08-06T03:23:20.090-0300] GC(3767) Pause Young (Allocation Failure) 126M->107M(148M) 2.464ms
[2020-08-06T03:23:20.090-0300] GC(3767) User=0.00s Sys=0.00s Real=0.00s
[2020-08-06T03:23:40.332-0300] GC(3768) Pause Young (Allocation Failure)
[2020-08-06T03:23:40.334-0300] GC(3768) PSYoungGen: 19792K->672K(20480K)
[2020-08-06T03:23:40.335-0300] GC(3768) ParOldGen: 110154K->110258K(131584K)
[2020-08-06T03:23:40.335-0300] GC(3768) Metaspace: 119404K->119404K(1163264K)
[2020-08-06T03:23:40.335-0300] GC(3768) Pause Young (Allocation Failure) 126M->108M(148M) 2.918ms
[2020-08-06T03:23:40.335-0300] GC(3768) User=0.01s Sys=0.00s Real=0.01s
[2020-08-06T03:24:07.332-0300] GC(3769) Pause Young (Allocation Failure)
[2020-08-06T03:24:07.336-0300] GC(3769) PSYoungGen: 20128K->832K(20480K)
[2020-08-06T03:24:07.336-0300] GC(3769) ParOldGen: 110258K->110834K(131584K)
[2020-08-06T03:24:07.336-0300] GC(3769) Metaspace: 119404K->119404K(1163264K)
[2020-08-06T03:24:07.336-0300] GC(3769) Pause Young (Allocation Failure) 127M->109M(148M) 3.628ms
[2020-08-06T03:24:07.336-0300] GC(3769) User=0.01s Sys=0.00s Real=0.01s
[2020-08-06T03:24:23.332-0300] GC(3770) Pause Young (Allocation Failure)
[2020-08-06T03:24:23.334-0300] GC(3770) PSYoungGen: 20288K->560K(20480K)
[2020-08-06T03:24:23.334-0300] GC(3770) ParOldGen: 110834K->111466K(131584K)
[2020-08-06T03:24:23.334-0300] GC(3770) Metaspace: 119404K->119404K(1163264K)
[2020-08-06T03:24:23.334-0300] GC(3770) Pause Young (Allocation Failure) 128M->109M(148M) 2.603ms
[2020-08-06T03:24:23.334-0300] GC(3770) User=0.01s Sys=0.00s Real=0.01s
[2020-08-06T03:24:49.849-0300] GC(3771) Pause Young (Allocation Failure)
[2020-08-06T03:24:49.851-0300] GC(3771) PSYoungGen: 20016K->416K(20480K)
[2020-08-06T03:24:49.851-0300] GC(3771) ParOldGen: 111466K->111850K(131584K)
[2020-08-06T03:24:49.851-0300] GC(3771) Metaspace: 119404K->119404K(1163264K)
[2020-08-06T03:24:49.851-0300] GC(3771) Pause Young (Allocation Failure) 128M->109M(148M) 2.586ms
[2020-08-06T03:24:49.851-0300] GC(3771) User=0.01s Sys=0.00s Real=0.00s
[2020-08-06T03:25:17.360-0300] GC(3772) Pause Young (Allocation Failure)
[2020-08-06T03:25:17.364-0300] GC(3772) PSYoungGen: 19864K->560K(20480K)
[2020-08-06T03:25:17.364-0300] GC(3772) ParOldGen: 111850K->112139K(131584K)
[2020-08-06T03:25:17.364-0300] GC(3772) Metaspace: 119404K->119404K(1163264K)
[2020-08-06T03:25:17.364-0300] GC(3772) Pause Young (Allocation Failure) 128M->110M(148M) 4.268ms
[2020-08-06T03:25:17.364-0300] GC(3772) User=0.00s Sys=0.00s Real=0.01s
[2020-08-06T03:25:34.331-0300] GC(3773) Pause Young (Allocation Failure)
[2020-08-06T03:25:34.335-0300] GC(3773) PSYoungGen: 20016K->416K(20480K)
[2020-08-06T03:25:34.335-0300] GC(3773) ParOldGen: 112139K->112611K(131584K)
[2020-08-06T03:25:34.335-0300] GC(3773) Metaspace: 119404K->119404K(1163264K)
[2020-08-06T03:25:34.335-0300] GC(3773) Pause Young (Allocation Failure) 129M->110M(148M) 3.078ms
[2020-08-06T03:25:34.335-0300] GC(3773) User=0.01s Sys=0.00s Real=0.01s
[2020-08-06T03:26:00.329-0300] GC(3774) Pause Young (Allocation Failure)
[2020-08-06T03:26:00.332-0300] GC(3774) PSYoungGen: 19872K->608K(20480K)
[2020-08-06T03:26:00.332-0300] GC(3774) ParOldGen: 112611K->112859K(131584K)
[2020-08-06T03:26:00.332-0300] GC(3774) Metaspace: 119404K->119404K(1163264K)
[2020-08-06T03:26:00.332-0300] GC(3774) Pause Young (Allocation Failure) 129M->110M(148M) 2.346ms
[2020-08-06T03:26:00.332-0300] GC(3774) User=0.00s Sys=0.00s Real=0.00s
[2020-08-06T03:26:22.329-0300] GC(3775) Pause Young (Allocation Failure)
[2020-08-06T03:26:22.331-0300] GC(3775) PSYoungGen: 20064K->432K(20480K)
[2020-08-06T03:26:22.331-0300] GC(3775) ParOldGen: 112859K->113283K(131584K)
[2020-08-06T03:26:22.331-0300] GC(3775) Metaspace: 119404K->119404K(1163264K)
[2020-08-06T03:26:22.331-0300] GC(3775) Pause Young (Allocation Failure) 129M->111M(148M) 2.397ms
[2020-08-06T03:26:22.331-0300] GC(3775) User=0.00s Sys=0.00s Real=0.00s
[2020-08-06T03:26:37.127-0300] GC(3776) Pause Young (Allocation Failure)
[2020-08-06T03:26:37.130-0300] GC(3776) PSYoungGen: 19888K->464K(20480K)
[2020-08-06T03:26:37.130-0300] GC(3776) ParOldGen: 113283K->113527K(131584K)
[2020-08-06T03:26:37.130-0300] GC(3776) Metaspace: 119404K->119404K(1163264K)
[2020-08-06T03:26:37.130-0300] GC(3776) Pause Young (Allocation Failure) 130M->111M(148M) 2.754ms
[2020-08-06T03:26:37.130-0300] GC(3776) User=0.00s Sys=0.00s Real=0.00s
[2020-08-06T03:26:50.328-0300] GC(3777) Pause Young (Allocation Failure)
[2020-08-06T03:26:50.331-0300] GC(3777) PSYoungGen: 19920K->400K(20480K)
[2020-08-06T03:26:50.331-0300] GC(3777) ParOldGen: 113527K->113855K(131584K)
[2020-08-06T03:26:50.331-0300] GC(3777) Metaspace: 119404K->119404K(1163264K)
[2020-08-06T03:26:50.331-0300] GC(3777) Pause Young (Allocation Failure) 130M->111M(148M) 2.605ms
[2020-08-06T03:26:50.331-0300] GC(3777) User=0.00s Sys=0.00s Real=0.00s
[2020-08-06T03:27:04.330-0300] GC(3778) Pause Young (Allocation Failure)
[2020-08-06T03:27:04.332-0300] GC(3778) PSYoungGen: 19856K->401K(20480K)
[2020-08-06T03:27:04.332-0300] GC(3778) ParOldGen: 113855K->114037K(131584K)
[2020-08-06T03:27:04.332-0300] GC(3778) Metaspace: 119404K->119404K(1163264K)
[2020-08-06T03:27:04.332-0300] GC(3778) Pause Young (Allocation Failure) 130M->111M(148M) 2.342ms
[2020-08-06T03:27:04.332-0300] GC(3778) User=0.01s Sys=0.00s Real=0.00s
[2020-08-06T03:27:19.034-0300] GC(3779) Pause Young (Allocation Failure)
[2020-08-06T03:27:19.036-0300] GC(3779) PSYoungGen: 19857K->304K(20480K)
[2020-08-06T03:27:19.036-0300] GC(3779) ParOldGen: 114037K->114230K(131584K)
[2020-08-06T03:27:19.036-0300] GC(3779) Metaspace: 119404K->119404K(1163264K)
[2020-08-06T03:27:19.036-0300] GC(3779) Pause Young (Allocation Failure) 130M->111M(148M) 2.812ms
[2020-08-06T03:27:19.037-0300] GC(3779) User=0.01s Sys=0.00s Real=0.01s
[2020-08-06T03:27:29.848-0300] GC(3780) Pause Young (Allocation Failure)
[2020-08-06T03:27:29.851-0300] GC(3780) PSYoungGen: 19760K->512K(20480K)
[2020-08-06T03:27:29.851-0300] GC(3780) ParOldGen: 114230K->114370K(131584K)
[2020-08-06T03:27:29.851-0300] GC(3780) Metaspace: 119404K->119404K(1163264K)
[2020-08-06T03:27:29.851-0300] GC(3780) Pause Young (Allocation Failure) 130M->112M(148M) 2.736ms
[2020-08-06T03:27:29.851-0300] GC(3780) User=0.01s Sys=0.00s Real=0.00s
[2020-08-06T03:27:45.323-0300] GC(3781) Pause Young (Allocation Failure)
[2020-08-06T03:27:45.327-0300] GC(3781) PSYoungGen: 19968K->272K(20480K)
[2020-08-06T03:27:45.327-0300] GC(3781) ParOldGen: 114370K->114559K(131584K)
[2020-08-06T03:27:45.327-0300] GC(3781) Metaspace: 119404K->119404K(1163264K)
[2020-08-06T03:27:45.327-0300] GC(3781) Pause Young (Allocation Failure) 131M->112M(148M) 3.348ms
[2020-08-06T03:27:45.327-0300] GC(3781) User=0.00s Sys=0.00s Real=0.01s
[2020-08-06T03:27:59.846-0300] GC(3782) Pause Young (Allocation Failure)
[2020-08-06T03:27:59.849-0300] GC(3782) PSYoungGen: 19728K->288K(20480K)
[2020-08-06T03:27:59.849-0300] GC(3782) ParOldGen: 114559K->114748K(131584K)
[2020-08-06T03:27:59.849-0300] GC(3782) Metaspace: 119404K->119404K(1163264K)
[2020-08-06T03:27:59.849-0300] GC(3782) Pause Young (Allocation Failure) 131M->112M(148M) 3.058ms
[2020-08-06T03:27:59.849-0300] GC(3782) User=0.01s Sys=0.00s Real=0.00s
[2020-08-06T03:28:11.602-0300] GC(3783) Pause Young (Allocation Failure)
[2020-08-06T03:28:11.605-0300] GC(3783) PSYoungGen: 19744K->272K(20480K)
[2020-08-06T03:28:11.605-0300] GC(3783) ParOldGen: 114748K->114945K(131584K)
[2020-08-06T03:28:11.605-0300] GC(3783) Metaspace: 119404K->119404K(1163264K)
[2020-08-06T03:28:11.605-0300] GC(3783) Pause Young (Allocation Failure) 131M->112M(148M) 3.066ms
[2020-08-06T03:28:11.605-0300] GC(3783) User=0.01s Sys=0.01s Real=0.01s
[2020-08-06T03:28:22.293-0300] GC(3784) Pause Young (Allocation Failure)
[2020-08-06T03:28:22.296-0300] GC(3784) PSYoungGen: 19728K->352K(20480K)
[2020-08-06T03:28:22.296-0300] GC(3784) ParOldGen: 114945K->115106K(131584K)
[2020-08-06T03:28:22.296-0300] GC(3784) Metaspace: 119404K->119404K(1163264K)
[2020-08-06T03:28:22.296-0300] GC(3784) Pause Young (Allocation Failure) 131M->112M(148M) 2.926ms
[2020-08-06T03:28:22.296-0300] GC(3784) User=0.01s Sys=0.00s Real=0.01s
[2020-08-06T03:28:34.848-0300] GC(3785) Pause Young (Allocation Failure)
[2020-08-06T03:28:34.851-0300] GC(3785) PSYoungGen: 19808K->657K(20480K)
[2020-08-06T03:28:34.851-0300] GC(3785) ParOldGen: 115106K->115327K(131584K)
[2020-08-06T03:28:34.851-0300] GC(3785) Metaspace: 119404K->119404K(1163264K)
[2020-08-06T03:28:34.851-0300] GC(3785) Pause Young (Allocation Failure) 131M->113M(148M) 2.600ms
[2020-08-06T03:28:34.851-0300] GC(3785) User=0.01s Sys=0.00s Real=0.00s
[2020-08-06T03:28:48.549-0300] GC(3786) Pause Young (Allocation Failure)
[2020-08-06T03:28:48.552-0300] GC(3786) PSYoungGen: 20104K->608K(20480K)
[2020-08-06T03:28:48.552-0300] GC(3786) ParOldGen: 115327K->115844K(131584K)
[2020-08-06T03:28:48.552-0300] GC(3786) Metaspace: 119404K->119404K(1163264K)
[2020-08-06T03:28:48.552-0300] GC(3786) Pause Young (Allocation Failure) 132M->113M(148M) 2.754ms
[2020-08-06T03:28:48.552-0300] GC(3786) User=0.01s Sys=0.00s Real=0.00s
[2020-08-06T03:29:04.273-0300] GC(3787) Pause Young (Allocation Failure)
[2020-08-06T03:29:04.277-0300] GC(3787) PSYoungGen: 20064K->593K(20480K)
[2020-08-06T03:29:04.277-0300] GC(3787) ParOldGen: 115844K->116317K(131584K)
[2020-08-06T03:29:04.277-0300] GC(3787) Metaspace: 119404K->119404K(1163264K)
[2020-08-06T03:29:04.277-0300] GC(3787) Pause Young (Allocation Failure) 132M->114M(148M) 3.738ms
[2020-08-06T03:29:04.277-0300] GC(3787) User=0.00s Sys=0.00s Real=0.01s
[2020-08-06T03:29:14.849-0300] GC(3788) Pause Young (Allocation Failure)
[2020-08-06T03:29:14.852-0300] GC(3788) PSYoungGen: 20049K->625K(20480K)
[2020-08-06T03:29:14.852-0300] GC(3788) ParOldGen: 116317K->116810K(131584K)
[2020-08-06T03:29:14.852-0300] GC(3788) Metaspace: 119404K->119404K(1163264K)
[2020-08-06T03:29:14.852-0300] GC(3788) Pause Young (Allocation Failure) 133M->114M(148M) 2.927ms
[2020-08-06T03:29:14.852-0300] GC(3788) User=0.01s Sys=0.01s Real=0.00s
[2020-08-06T03:29:30.468-0300] GC(3789) Pause Young (Allocation Failure)
[2020-08-06T03:29:30.471-0300] GC(3789) PSYoungGen: 20081K->384K(20480K)
[2020-08-06T03:29:30.471-0300] GC(3789) ParOldGen: 116810K->117283K(131584K)
[2020-08-06T03:29:30.471-0300] GC(3789) Metaspace: 119404K->119404K(1163264K)
[2020-08-06T03:29:30.471-0300] GC(3789) Pause Young (Allocation Failure) 133M->114M(148M) 2.939ms
[2020-08-06T03:29:30.471-0300] GC(3789) User=0.00s Sys=0.00s Real=0.00s
[2020-08-06T03:29:43.740-0300] GC(3790) Pause Young (Allocation Failure)
[2020-08-06T03:29:43.744-0300] GC(3790) PSYoungGen: 19840K->416K(20480K)
[2020-08-06T03:29:43.744-0300] GC(3790) ParOldGen: 117283K->117596K(131584K)
[2020-08-06T03:29:43.744-0300] GC(3790) Metaspace: 119404K->119404K(1163264K)
[2020-08-06T03:29:43.744-0300] GC(3790) Pause Young (Allocation Failure) 133M->115M(148M) 3.477ms
[2020-08-06T03:29:43.744-0300] GC(3790) User=0.00s Sys=0.00s Real=0.00s
[2020-08-06T03:29:56.714-0300] GC(3791) Pause Young (Allocation Failure)
[2020-08-06T03:29:56.716-0300] GC(3791) PSYoungGen: 19872K->384K(20480K)
[2020-08-06T03:29:56.716-0300] GC(3791) ParOldGen: 117596K->117913K(131584K)
[2020-08-06T03:29:56.716-0300] GC(3791) Metaspace: 119404K->119404K(1163264K)
[2020-08-06T03:29:56.717-0300] GC(3791) Pause Young (Allocation Failure) 134M->115M(148M) 2.373ms
[2020-08-06T03:29:56.717-0300] GC(3791) User=0.01s Sys=0.00s Real=0.00s
[2020-08-06T03:30:07.585-0300] GC(3792) Pause Young (Allocation Failure)
[2020-08-06T03:30:07.588-0300] GC(3792) PSYoungGen: 19840K->433K(20480K)
[2020-08-06T03:30:07.588-0300] GC(3792) ParOldGen: 117913K->118182K(131584K)
[2020-08-06T03:30:07.588-0300] GC(3792) Metaspace: 119404K->119404K(1163264K)
[2020-08-06T03:30:07.588-0300] GC(3792) Pause Young (Allocation Failure) 134M->115M(148M) 3.008ms
[2020-08-06T03:30:07.588-0300] GC(3792) User=0.00s Sys=0.00s Real=0.00s
[2020-08-06T03:30:19.845-0300] GC(3793) Pause Young (Allocation Failure)
[2020-08-06T03:30:19.848-0300] GC(3793) PSYoungGen: 19889K->544K(20480K)
[2020-08-06T03:30:19.848-0300] GC(3793) ParOldGen: 118182K->118527K(131584K)
[2020-08-06T03:30:19.848-0300] GC(3793) Metaspace: 119404K->119404K(1163264K)
[2020-08-06T03:30:19.848-0300] GC(3793) Pause Young (Allocation Failure) 134M->116M(148M) 3.046ms
[2020-08-06T03:30:19.848-0300] GC(3793) User=0.01s Sys=0.00s Real=0.00s
[2020-08-06T03:30:33.749-0300] GC(3794) Pause Young (Allocation Failure)
[2020-08-06T03:30:33.751-0300] GC(3794) PSYoungGen: 20000K->400K(20480K)
[2020-08-06T03:30:33.751-0300] GC(3794) ParOldGen: 118527K->118972K(131584K)
[2020-08-06T03:30:33.751-0300] GC(3794) Metaspace: 119404K->119404K(1163264K)
[2020-08-06T03:30:33.751-0300] GC(3794) Pause Young (Allocation Failure) 135M->116M(148M) 2.578ms
[2020-08-06T03:30:33.751-0300] GC(3794) User=0.01s Sys=0.00s Real=0.00s
[2020-08-06T03:30:35.061-0300] GC(3795) Pause Young (Allocation Failure)
[2020-08-06T03:30:35.064-0300] GC(3795) PSYoungGen: 19856K->352K(20480K)
[2020-08-06T03:30:35.064-0300] GC(3795) ParOldGen: 118972K->119305K(131584K)
[2020-08-06T03:30:35.064-0300] GC(3795) Metaspace: 119404K->119404K(1163264K)
[2020-08-06T03:30:35.064-0300] GC(3795) Pause Young (Allocation Failure) 135M->116M(148M) 2.520ms
[2020-08-06T03:30:35.064-0300] GC(3795) User=0.00s Sys=0.00s Real=0.00s
[2020-08-06T03:30:36.500-0300] GC(3796) Pause Young (Allocation Failure)
[2020-08-06T03:30:36.503-0300] GC(3796) PSYoungGen: 19808K->321K(20480K)
[2020-08-06T03:30:36.503-0300] GC(3796) ParOldGen: 119305K->119510K(131584K)
[2020-08-06T03:30:36.503-0300] GC(3796) Metaspace: 119404K->119404K(1163264K)
[2020-08-06T03:30:36.503-0300] GC(3796) Pause Young (Allocation Failure) 135M->117M(148M) 2.801ms
[2020-08-06T03:30:36.503-0300] GC(3796) User=0.01s Sys=0.00s Real=0.00s
[2020-08-06T03:30:37.855-0300] GC(3797) Pause Young (Allocation Failure)
[2020-08-06T03:30:37.857-0300] GC(3797) PSYoungGen: 19777K->336K(20480K)
[2020-08-06T03:30:37.857-0300] GC(3797) ParOldGen: 119510K->119744K(131584K)
[2020-08-06T03:30:37.857-0300] GC(3797) Metaspace: 119404K->119404K(1163264K)
[2020-08-06T03:30:37.857-0300] GC(3797) Pause Young (Allocation Failure) 136M->117M(148M) 2.475ms
[2020-08-06T03:30:37.858-0300] GC(3797) User=0.01s Sys=0.00s Real=0.00s
[2020-08-06T03:30:39.269-0300] GC(3798) Pause Young (Allocation Failure)
[2020-08-06T03:30:39.272-0300] GC(3798) PSYoungGen: 19792K->385K(20480K)
[2020-08-06T03:30:39.272-0300] GC(3798) ParOldGen: 119744K->119989K(131584K)
[2020-08-06T03:30:39.272-0300] GC(3798) Metaspace: 119404K->119404K(1163264K)
[2020-08-06T03:30:39.272-0300] GC(3798) Pause Young (Allocation Failure) 136M->117M(148M) 2.552ms
[2020-08-06T03:30:39.272-0300] GC(3798) User=0.01s Sys=0.00s Real=0.00s
[2020-08-06T03:30:40.159-0300] GC(3799) Pause Young (Allocation Failure)
[2020-08-06T03:30:40.163-0300] GC(3799) PSYoungGen: 19841K->368K(20480K)
[2020-08-06T03:30:40.163-0300] GC(3799) ParOldGen: 119989K->120238K(131584K)
[2020-08-06T03:30:40.163-0300] GC(3799) Metaspace: 119404K->119404K(1163264K)
[2020-08-06T03:30:40.163-0300] GC(3799) Pause Young (Allocation Failure) 136M->117M(148M) 3.680ms
[2020-08-06T03:30:40.163-0300] GC(3799) User=0.01s Sys=0.00s Real=0.00s
[2020-08-06T03:30:59.854-0300] GC(3800) Pause Young (Allocation Failure)
[2020-08-06T03:30:59.857-0300] GC(3800) PSYoungGen: 19806K->491K(20480K)
[2020-08-06T03:30:59.857-0300] GC(3800) ParOldGen: 120238K->120378K(131584K)
[2020-08-06T03:30:59.857-0300] GC(3800) Metaspace: 119404K->119404K(1163264K)
[2020-08-06T03:30:59.857-0300] GC(3800) Pause Young (Allocation Failure) 136M->118M(148M) 2.824ms
[2020-08-06T03:30:59.857-0300] GC(3800) User=0.00s Sys=0.00s Real=0.00s
[2020-08-06T03:31:26.354-0300] GC(3801) Pause Young (Allocation Failure)
[2020-08-06T03:31:26.357-0300] GC(3801) PSYoungGen: 19947K->384K(20480K)
[2020-08-06T03:31:26.357-0300] GC(3801) ParOldGen: 120378K->120666K(131584K)
[2020-08-06T03:31:26.357-0300] GC(3801) Metaspace: 119404K->119404K(1163264K)
[2020-08-06T03:31:26.357-0300] GC(3801) Pause Young (Allocation Failure) 137M->118M(148M) 3.222ms
[2020-08-06T03:31:26.357-0300] GC(3801) User=0.01s Sys=0.00s Real=0.01s
[2020-08-06T03:31:43.354-0300] GC(3802) Pause Young (Allocation Failure)
[2020-08-06T03:31:43.357-0300] GC(3802) PSYoungGen: 19840K->320K(20480K)
[2020-08-06T03:31:43.357-0300] GC(3802) ParOldGen: 120666K->120930K(131584K)
[2020-08-06T03:31:43.357-0300] GC(3802) Metaspace: 119404K->119404K(1163264K)
[2020-08-06T03:31:43.357-0300] GC(3802) Pause Young (Allocation Failure) 137M->118M(148M) 3.304ms
[2020-08-06T03:31:43.357-0300] GC(3802) User=0.00s Sys=0.00s Real=0.00s
[2020-08-06T03:32:09.849-0300] GC(3803) Pause Young (Allocation Failure)
[2020-08-06T03:32:09.852-0300] GC(3803) PSYoungGen: 19776K->192K(20480K)
[2020-08-06T03:32:09.852-0300] GC(3803) ParOldGen: 120930K->121030K(131584K)
[2020-08-06T03:32:09.852-0300] GC(3803) Metaspace: 119404K->119404K(1163264K)
[2020-08-06T03:32:09.852-0300] GC(3803) Pause Young (Allocation Failure) 137M->118M(148M) 2.558ms
[2020-08-06T03:32:09.852-0300] GC(3803) User=0.00s Sys=0.00s Real=0.00s
[2020-08-06T03:32:34.847-0300] GC(3804) Pause Young (Allocation Failure)
[2020-08-06T03:32:34.849-0300] GC(3804) PSYoungGen: 19648K->320K(20480K)
[2020-08-06T03:32:34.849-0300] GC(3804) ParOldGen: 121030K->121086K(131584K)
[2020-08-06T03:32:34.849-0300] GC(3804) Metaspace: 119404K->119404K(1163264K)
[2020-08-06T03:32:34.849-0300] GC(3804) Pause Young (Allocation Failure) 137M->118M(148M) 2.527ms
[2020-08-06T03:32:34.849-0300] GC(3804) User=0.00s Sys=0.00s Real=0.00s
[2020-08-06T03:32:50.353-0300] GC(3805) Pause Young (Allocation Failure)
[2020-08-06T03:32:50.355-0300] GC(3805) PSYoungGen: 19776K->336K(20480K)
[2020-08-06T03:32:50.355-0300] GC(3805) ParOldGen: 121086K->121158K(131584K)
[2020-08-06T03:32:50.355-0300] GC(3805) Metaspace: 119404K->119404K(1163264K)
[2020-08-06T03:32:50.355-0300] GC(3805) Pause Young (Allocation Failure) 137M->118M(148M) 2.251ms
[2020-08-06T03:32:50.355-0300] GC(3805) User=0.01s Sys=0.00s Real=0.01s
[2020-08-06T03:33:03.454-0300] GC(3806) Pause Young (Allocation Failure)
[2020-08-06T03:33:03.458-0300] GC(3806) PSYoungGen: 19792K->305K(20480K)
[2020-08-06T03:33:03.458-0300] GC(3806) ParOldGen: 121158K->121339K(131584K)
[2020-08-06T03:33:03.458-0300] GC(3806) Metaspace: 119404K->119404K(1163264K)
[2020-08-06T03:33:03.458-0300] GC(3806) Pause Young (Allocation Failure) 137M->118M(148M) 3.806ms
[2020-08-06T03:33:03.458-0300] GC(3806) User=0.01s Sys=0.00s Real=0.01s
[2020-08-06T03:33:17.827-0300] GC(3807) Pause Young (Allocation Failure)
[2020-08-06T03:33:17.829-0300] GC(3807) PSYoungGen: 19761K->272K(20480K)
[2020-08-06T03:33:17.829-0300] GC(3807) ParOldGen: 121339K->121540K(131584K)
[2020-08-06T03:33:17.829-0300] GC(3807) Metaspace: 119404K->119404K(1163264K)
[2020-08-06T03:33:17.829-0300] GC(3807) Pause Young (Allocation Failure) 137M->118M(148M) 2.813ms
[2020-08-06T03:33:17.830-0300] GC(3807) User=0.01s Sys=0.00s Real=0.00s
[2020-08-06T03:33:30.351-0300] GC(3808) Pause Young (Allocation Failure)
[2020-08-06T03:33:30.354-0300] GC(3808) PSYoungGen: 19728K->592K(20480K)
[2020-08-06T03:33:30.354-0300] GC(3808) ParOldGen: 121540K->121693K(131584K)
[2020-08-06T03:33:30.354-0300] GC(3808) Metaspace: 119404K->119404K(1163264K)
[2020-08-06T03:33:30.354-0300] GC(3808) Pause Young (Allocation Failure) 137M->119M(148M) 3.118ms
[2020-08-06T03:33:30.354-0300] GC(3808) User=0.00s Sys=0.00s Real=0.01s
[2020-08-06T03:33:44.132-0300] GC(3809) Pause Young (Allocation Failure)
[2020-08-06T03:33:44.135-0300] GC(3809) PSYoungGen: 20048K->608K(20480K)
[2020-08-06T03:33:44.135-0300] GC(3809) ParOldGen: 121693K->122146K(131584K)
[2020-08-06T03:33:44.135-0300] GC(3809) Metaspace: 119404K->119404K(1163264K)
[2020-08-06T03:33:44.135-0300] GC(3809) Pause Young (Allocation Failure) 138M->119M(148M) 2.951ms
[2020-08-06T03:33:44.135-0300] GC(3809) User=0.00s Sys=0.00s Real=0.01s
[2020-08-06T03:33:58.533-0300] GC(3810) Pause Young (Allocation Failure)
[2020-08-06T03:33:58.537-0300] GC(3810) PSYoungGen: 20064K->1008K(19968K)
[2020-08-06T03:33:58.537-0300] GC(3810) ParOldGen: 122146K->122883K(131584K)
[2020-08-06T03:33:58.537-0300] GC(3810) Metaspace: 119404K->119404K(1163264K)
[2020-08-06T03:33:58.537-0300] GC(3810) Pause Young (Allocation Failure) 138M->120M(148M) 4.255ms
[2020-08-06T03:33:58.537-0300] GC(3810) User=0.01s Sys=0.00s Real=0.01s
[2020-08-06T03:34:10.342-0300] GC(3811) Pause Young (Allocation Failure)
[2020-08-06T03:34:10.345-0300] GC(3811) PSYoungGen: 19952K->560K(20480K)
[2020-08-06T03:34:10.345-0300] GC(3811) ParOldGen: 122883K->123856K(131584K)
[2020-08-06T03:34:10.345-0300] GC(3811) Metaspace: 119404K->119404K(1163264K)
[2020-08-06T03:34:10.345-0300] GC(3811) Pause Young (Allocation Failure) 139M->121M(148M) 3.223ms
[2020-08-06T03:34:10.345-0300] GC(3811) User=0.01s Sys=0.00s Real=0.01s
[2020-08-06T03:34:16.428-0300] GC(3812) Pause Young (Allocation Failure)
[2020-08-06T03:34:16.432-0300] GC(3812) PSYoungGen: 19504K->512K(20480K)
[2020-08-06T03:34:16.432-0300] GC(3812) ParOldGen: 123856K->124305K(131584K)
[2020-08-06T03:34:16.432-0300] GC(3812) Metaspace: 119405K->119405K(1163264K)
[2020-08-06T03:34:16.432-0300] GC(3812) Pause Young (Allocation Failure) 140M->121M(148M) 3.271ms
[2020-08-06T03:34:16.432-0300] GC(3812) User=0.00s Sys=0.00s Real=0.00s
[2020-08-06T03:34:17.469-0300] GC(3813) Pause Young (Allocation Failure)
[2020-08-06T03:34:17.472-0300] GC(3813) PSYoungGen: 19456K->368K(20480K)
[2020-08-06T03:34:17.472-0300] GC(3813) ParOldGen: 124305K->124730K(131584K)
[2020-08-06T03:34:17.472-0300] GC(3813) Metaspace: 119405K->119405K(1163264K)
[2020-08-06T03:34:17.472-0300] GC(3813) Pause Young (Allocation Failure) 140M->122M(148M) 2.874ms
[2020-08-06T03:34:17.472-0300] GC(3813) User=0.00s Sys=0.00s Real=0.00s
[2020-08-06T03:34:40.349-0300] GC(3814) Pause Young (Allocation Failure)
[2020-08-06T03:34:40.352-0300] GC(3814) PSYoungGen: 19310K->480K(19456K)
[2020-08-06T03:34:40.352-0300] GC(3814) ParOldGen: 124730K->124830K(131584K)
[2020-08-06T03:34:40.352-0300] GC(3814) Metaspace: 119405K->119405K(1163264K)
[2020-08-06T03:34:40.352-0300] GC(3814) Pause Young (Allocation Failure) 140M->122M(147M) 3.390ms
[2020-08-06T03:34:40.352-0300] GC(3814) User=0.01s Sys=0.00s Real=0.00s
[2020-08-06T03:35:07.348-0300] GC(3815) Pause Young (Allocation Failure)
[2020-08-06T03:35:07.351-0300] GC(3815) PSYoungGen: 19424K->544K(19968K)
[2020-08-06T03:35:07.351-0300] GC(3815) ParOldGen: 124830K->125078K(131584K)
[2020-08-06T03:35:07.351-0300] GC(3815) Metaspace: 119405K->119405K(1163264K)
[2020-08-06T03:35:07.351-0300] GC(3815) Pause Young (Allocation Failure) 140M->122M(148M) 2.674ms
[2020-08-06T03:35:07.351-0300] GC(3815) User=0.01s Sys=0.00s Real=0.00s
[2020-08-06T03:35:22.834-0300] GC(3816) Pause Young (Allocation Failure)
[2020-08-06T03:35:22.838-0300] GC(3816) PSYoungGen: 19488K->608K(19968K)
[2020-08-06T03:35:22.838-0300] GC(3816) ParOldGen: 125078K->125446K(131584K)
[2020-08-06T03:35:22.838-0300] GC(3816) Metaspace: 119405K->119405K(1163264K)
[2020-08-06T03:35:22.838-0300] GC(3816) Pause Young (Allocation Failure) 141M->123M(148M) 3.501ms
[2020-08-06T03:35:22.838-0300] GC(3816) User=0.00s Sys=0.00s Real=0.00s
[2020-08-06T03:35:38.348-0300] GC(3817) Pause Young (Allocation Failure)
[2020-08-06T03:35:38.352-0300] GC(3817) PSYoungGen: 19552K->608K(19968K)
[2020-08-06T03:35:38.352-0300] GC(3817) ParOldGen: 125446K->125955K(131584K)
[2020-08-06T03:35:38.352-0300] GC(3817) Metaspace: 119405K->119405K(1163264K)
[2020-08-06T03:35:38.352-0300] GC(3817) Pause Young (Allocation Failure) 141M->123M(148M) 3.172ms
[2020-08-06T03:35:38.352-0300] GC(3817) User=0.01s Sys=0.00s Real=0.00s
[2020-08-06T03:35:49.846-0300] GC(3818) Pause Young (Allocation Failure)
[2020-08-06T03:35:49.849-0300] GC(3818) PSYoungGen: 19552K->496K(19968K)
[2020-08-06T03:35:49.849-0300] GC(3818) ParOldGen: 125955K->126360K(131584K)
[2020-08-06T03:35:49.849-0300] GC(3818) Metaspace: 119405K->119405K(1163264K)
[2020-08-06T03:35:49.849-0300] GC(3818) Pause Young (Allocation Failure) 142M->123M(148M) 2.966ms
[2020-08-06T03:35:49.849-0300] GC(3818) User=0.01s Sys=0.00s Real=0.00s
[2020-08-06T03:36:04.786-0300] GC(3819) Pause Young (Allocation Failure)
[2020-08-06T03:36:04.789-0300] GC(3819) PSYoungGen: 19440K->544K(19968K)
[2020-08-06T03:36:04.789-0300] GC(3819) ParOldGen: 126360K->126721K(131584K)
[2020-08-06T03:36:04.789-0300] GC(3819) Metaspace: 119405K->119405K(1163264K)
[2020-08-06T03:36:04.789-0300] GC(3819) Pause Young (Allocation Failure) 142M->124M(148M) 3.104ms
[2020-08-06T03:36:04.789-0300] GC(3819) User=0.00s Sys=0.00s Real=0.00s
[2020-08-06T03:36:15.627-0300] GC(3820) Pause Young (Allocation Failure)
[2020-08-06T03:36:15.631-0300] GC(3820) PSYoungGen: 19488K->401K(19968K)
[2020-08-06T03:36:15.631-0300] GC(3820) ParOldGen: 126721K->127173K(131584K)
[2020-08-06T03:36:15.631-0300] GC(3820) Metaspace: 119405K->119405K(1163264K)
[2020-08-06T03:36:15.631-0300] GC(3820) Pause Young (Allocation Failure) 142M->124M(148M) 3.524ms
[2020-08-06T03:36:15.631-0300] GC(3820) User=0.01s Sys=0.00s Real=0.00s
[2020-08-06T03:36:31.010-0300] GC(3821) Pause Young (Allocation Failure)
[2020-08-06T03:36:31.013-0300] GC(3821) PSYoungGen: 19345K->352K(19968K)
[2020-08-06T03:36:31.013-0300] GC(3821) ParOldGen: 127173K->127463K(131584K)
[2020-08-06T03:36:31.013-0300] GC(3821) Metaspace: 119405K->119405K(1163264K)
[2020-08-06T03:36:31.013-0300] GC(3821) Pause Young (Allocation Failure) 143M->124M(148M) 2.879ms
[2020-08-06T03:36:31.013-0300] GC(3821) User=0.01s Sys=0.00s Real=0.00s
[2020-08-06T03:36:44.346-0300] GC(3822) Pause Young (Allocation Failure)
[2020-08-06T03:36:44.349-0300] GC(3822) PSYoungGen: 19296K->384K(19968K)
[2020-08-06T03:36:44.349-0300] GC(3822) ParOldGen: 127463K->127699K(131584K)
[2020-08-06T03:36:44.349-0300] GC(3822) Metaspace: 119405K->119405K(1163264K)
[2020-08-06T03:36:44.349-0300] GC(3822) Pause Young (Allocation Failure) 143M->125M(148M) 3.381ms
[2020-08-06T03:36:44.349-0300] GC(3822) User=0.01s Sys=0.00s Real=0.00s
[2020-08-06T03:36:52.494-0300] GC(3823) Pause Young (Allocation Failure)
[2020-08-06T03:36:52.498-0300] GC(3823) PSYoungGen: 19328K->273K(19968K)
[2020-08-06T03:36:52.498-0300] GC(3823) ParOldGen: 127699K->127892K(131584K)
[2020-08-06T03:36:52.498-0300] GC(3823) Metaspace: 119405K->119405K(1163264K)
[2020-08-06T03:36:52.498-0300] GC(3823) Pause Young (Allocation Failure) 143M->125M(148M) 3.865ms
[2020-08-06T03:36:52.498-0300] GC(3823) User=0.01s Sys=0.00s Real=0.00s
[2020-08-06T03:36:53.542-0300] GC(3824) Pause Young (Allocation Failure)
[2020-08-06T03:36:53.545-0300] GC(3824) PSYoungGen: 19216K->321K(19968K)
[2020-08-06T03:36:53.546-0300] GC(3824) ParOldGen: 127892K->128053K(131584K)
[2020-08-06T03:36:53.546-0300] GC(3824) Metaspace: 119405K->119405K(1163264K)
[2020-08-06T03:36:53.546-0300] GC(3824) Pause Young (Allocation Failure) 143M->125M(148M) 3.262ms
[2020-08-06T03:36:53.546-0300] GC(3824) User=0.01s Sys=0.00s Real=0.01s
[2020-08-06T03:37:14.653-0300] GC(3825) Pause Young (Allocation Failure)
[2020-08-06T03:37:14.657-0300] GC(3825) PSYoungGen: 19260K->160K(19968K)
[2020-08-06T03:37:14.657-0300] GC(3825) ParOldGen: 128053K->128162K(131584K)
[2020-08-06T03:37:14.657-0300] GC(3825) Metaspace: 119405K->119405K(1163264K)
[2020-08-06T03:37:14.657-0300] GC(3825) Pause Young (Allocation Failure) 143M->125M(148M) 3.321ms
[2020-08-06T03:37:14.657-0300] GC(3825) User=0.00s Sys=0.00s Real=0.01s
[2020-08-06T03:37:37.345-0300] GC(3826) Pause Young (Allocation Failure)
[2020-08-06T03:37:37.347-0300] GC(3826) PSYoungGen: 19104K->352K(19968K)
[2020-08-06T03:37:37.347-0300] GC(3826) ParOldGen: 128162K->128210K(131584K)
[2020-08-06T03:37:37.347-0300] GC(3826) Metaspace: 119405K->119405K(1163264K)
[2020-08-06T03:37:37.347-0300] GC(3826) Pause Young (Allocation Failure) 143M->125M(148M) 2.673ms
[2020-08-06T03:37:37.347-0300] GC(3826) User=0.00s Sys=0.00s Real=0.00s
[2020-08-06T03:37:58.345-0300] GC(3827) Pause Young (Allocation Failure)
[2020-08-06T03:37:58.348-0300] GC(3827) PSYoungGen: 19295K->336K(19968K)
[2020-08-06T03:37:58.348-0300] GC(3827) ParOldGen: 128210K->128242K(131584K)
[2020-08-06T03:37:58.348-0300] GC(3827) Metaspace: 119405K->119405K(1163264K)
[2020-08-06T03:37:58.348-0300] GC(3827) Pause Young (Allocation Failure) 144M->125M(148M) 3.321ms
[2020-08-06T03:37:58.348-0300] GC(3827) User=0.01s Sys=0.00s Real=0.00s
[2020-08-06T03:38:09.847-0300] GC(3828) Pause Young (Allocation Failure)
[2020-08-06T03:38:09.850-0300] GC(3828) PSYoungGen: 19280K->305K(19968K)
[2020-08-06T03:38:09.850-0300] GC(3828) ParOldGen: 128242K->128330K(131584K)
[2020-08-06T03:38:09.850-0300] GC(3828) Metaspace: 119405K->119405K(1163264K)
[2020-08-06T03:38:09.850-0300] GC(3828) Pause Young (Allocation Failure) 144M->125M(148M) 3.062ms
[2020-08-06T03:38:09.850-0300] GC(3828) User=0.01s Sys=0.00s Real=0.00s
[2020-08-06T03:38:24.847-0300] GC(3829) Pause Young (Allocation Failure)
[2020-08-06T03:38:24.850-0300] GC(3829) PSYoungGen: 19249K->416K(19968K)
[2020-08-06T03:38:24.850-0300] GC(3829) ParOldGen: 128330K->128535K(131584K)
[2020-08-06T03:38:24.850-0300] GC(3829) Metaspace: 119405K->119405K(1163264K)
[2020-08-06T03:38:24.850-0300] GC(3829) Pause Young (Allocation Failure) 144M->125M(148M) 3.033ms
[2020-08-06T03:38:24.850-0300] GC(3829) User=0.01s Sys=0.00s Real=0.00s
[2020-08-06T03:38:26.638-0300] GC(3830) Pause Young (Allocation Failure)
[2020-08-06T03:38:26.641-0300] GC(3830) PSYoungGen: 19360K->368K(19968K)
[2020-08-06T03:38:26.641-0300] GC(3830) ParOldGen: 128535K->128792K(131584K)
[2020-08-06T03:38:26.641-0300] GC(3830) Metaspace: 119405K->119405K(1163264K)
[2020-08-06T03:38:26.641-0300] GC(3830) Pause Young (Allocation Failure) 144M->126M(148M) 3.080ms
[2020-08-06T03:38:26.641-0300] GC(3830) User=0.01s Sys=0.00s Real=0.00s
[2020-08-06T03:38:27.882-0300] GC(3831) Pause Young (Allocation Failure)
[2020-08-06T03:38:27.885-0300] GC(3831) PSYoungGen: 19312K->288K(19968K)
[2020-08-06T03:38:27.885-0300] GC(3831) ParOldGen: 128792K->129057K(131584K)
[2020-08-06T03:38:27.885-0300] GC(3831) Metaspace: 119405K->119405K(1163264K)
[2020-08-06T03:38:27.885-0300] GC(3831) Pause Young (Allocation Failure) 144M->126M(148M) 2.584ms
[2020-08-06T03:38:27.885-0300] GC(3831) User=0.01s Sys=0.00s Real=0.01s
[2020-08-06T03:38:29.339-0300] GC(3832) Pause Young (Allocation Failure)
[2020-08-06T03:38:29.343-0300] GC(3832) PSYoungGen: 19231K->433K(19968K)
[2020-08-06T03:38:29.343-0300] GC(3832) ParOldGen: 129057K->129262K(131584K)
[2020-08-06T03:38:29.343-0300] GC(3832) Metaspace: 119405K->119405K(1163264K)
[2020-08-06T03:38:29.343-0300] GC(3832) Pause Young (Allocation Failure) 144M->126M(148M) 4.536ms
[2020-08-06T03:38:29.343-0300] GC(3832) User=0.01s Sys=0.00s Real=0.00s
[2020-08-06T03:38:30.591-0300] GC(3833) Pause Young (Allocation Failure)
[2020-08-06T03:38:30.595-0300] GC(3833) PSYoungGen: 19377K->416K(19968K)
[2020-08-06T03:38:30.595-0300] GC(3833) ParOldGen: 129262K->129575K(131584K)
[2020-08-06T03:38:30.595-0300] GC(3833) Metaspace: 119405K->119405K(1163264K)
[2020-08-06T03:38:30.595-0300] GC(3833) Pause Young (Allocation Failure) 145M->126M(148M) 3.906ms
[2020-08-06T03:38:30.595-0300] GC(3833) User=0.01s Sys=0.00s Real=0.01s
[2020-08-06T03:38:31.789-0300] GC(3834) Pause Young (Allocation Failure)
[2020-08-06T03:38:31.793-0300] GC(3834) PSYoungGen: 19360K->368K(19968K)
[2020-08-06T03:38:31.793-0300] GC(3834) ParOldGen: 129575K->129880K(131584K)
[2020-08-06T03:38:31.793-0300] GC(3834) Metaspace: 119405K->119405K(1163264K)
[2020-08-06T03:38:31.793-0300] GC(3834) Pause Young (Allocation Failure) 145M->127M(148M) 4.097ms
[2020-08-06T03:38:31.793-0300] GC(3834) User=0.01s Sys=0.00s Real=0.00s
[2020-08-06T03:38:44.856-0300] GC(3835) Pause Young (Allocation Failure)
[2020-08-06T03:38:44.861-0300] GC(3835) PSYoungGen: 19312K->512K(19968K)
[2020-08-06T03:38:44.861-0300] GC(3835) ParOldGen: 129880K->130000K(131584K)
[2020-08-06T03:38:44.861-0300] GC(3835) Metaspace: 119405K->119405K(1163264K)
[2020-08-06T03:38:44.861-0300] GC(3835) Pause Young (Allocation Failure) 145M->127M(148M) 5.020ms
[2020-08-06T03:38:44.861-0300] GC(3835) User=0.01s Sys=0.00s Real=0.00s
[2020-08-06T03:39:09.850-0300] GC(3836) Pause Young (Allocation Failure)
[2020-08-06T03:39:09.852-0300] GC(3836) PSYoungGen: 19456K->800K(19968K)
[2020-08-06T03:39:09.852-0300] GC(3836) ParOldGen: 130000K->130349K(131584K)
[2020-08-06T03:39:09.852-0300] GC(3836) Metaspace: 119405K->119405K(1163264K)
[2020-08-06T03:39:09.852-0300] GC(3836) Pause Young (Allocation Failure) 145M->128M(148M) 2.478ms
[2020-08-06T03:39:09.852-0300] GC(3836) User=0.01s Sys=0.00s Real=0.00s
[2020-08-06T03:39:32.242-0300] GC(3837) Pause Young (Allocation Failure)
[2020-08-06T03:39:32.245-0300] GC(3837) PSYoungGen: 19744K->464K(19968K)
[2020-08-06T03:39:32.245-0300] GC(3837) ParOldGen: 130349K->131013K(131584K)
[2020-08-06T03:39:32.245-0300] GC(3837) Metaspace: 119405K->119405K(1163264K)
[2020-08-06T03:39:32.245-0300] GC(3837) Pause Young (Allocation Failure) 146M->128M(148M) 3.234ms
[2020-08-06T03:39:32.245-0300] GC(3837) User=0.01s Sys=0.00s Real=0.01s
[2020-08-06T03:39:32.245-0300] GC(3838) Pause Full (Ergonomics)
[2020-08-06T03:39:32.245-0300] GC(3838) Marking Phase
[2020-08-06T03:39:32.322-0300] GC(3838) Marking Phase 77.097ms
[2020-08-06T03:39:32.323-0300] GC(3838) Summary Phase
[2020-08-06T03:39:32.323-0300] GC(3838) Summary Phase 0.015ms
[2020-08-06T03:39:32.323-0300] GC(3838) Adjust Roots
[2020-08-06T03:39:32.353-0300] GC(3838) Adjust Roots 30.115ms
[2020-08-06T03:39:32.353-0300] GC(3838) Compaction Phase
[2020-08-06T03:39:32.385-0300] GC(3838) Compaction Phase 31.971ms
[2020-08-06T03:39:32.385-0300] GC(3838) Post Compact
[2020-08-06T03:39:32.385-0300] GC(3838) Post Compact 0.649ms
[2020-08-06T03:39:32.386-0300] GC(3838) PSYoungGen: 464K->0K(19968K)
[2020-08-06T03:39:32.386-0300] GC(3838) ParOldGen: 131013K->103562K(130560K)
[2020-08-06T03:39:32.386-0300] GC(3838) Metaspace: 119405K->119405K(1163264K)
[2020-08-06T03:39:32.386-0300] GC(3838) Pause Full (Ergonomics) 128M->101M(147M) 140.317ms
[2020-08-06T03:39:32.386-0300] GC(3838) User=0.36s Sys=0.00s Real=0.14s
[2020-08-06T03:39:44.848-0300] GC(3839) Pause Young (Allocation Failure)
[2020-08-06T03:39:44.851-0300] GC(3839) PSYoungGen: 18944K->496K(19968K)
[2020-08-06T03:39:44.851-0300] GC(3839) ParOldGen: 103562K->103562K(130560K)
[2020-08-06T03:39:44.851-0300] GC(3839) Metaspace: 119405K->119405K(1163264K)
[2020-08-06T03:39:44.851-0300] GC(3839) Pause Young (Allocation Failure) 119M->101M(147M) 2.946ms
[2020-08-06T03:39:44.851-0300] GC(3839) User=0.00s Sys=0.00s Real=0.00s
[2020-08-06T03:39:58.686-0300] GC(3840) Pause Young (Allocation Failure)
[2020-08-06T03:39:58.689-0300] GC(3840) PSYoungGen: 19440K->416K(19968K)
[2020-08-06T03:39:58.689-0300] GC(3840) ParOldGen: 103562K->103931K(130560K)
[2020-08-06T03:39:58.689-0300] GC(3840) Metaspace: 119405K->119405K(1163264K)
[2020-08-06T03:39:58.689-0300] GC(3840) Pause Young (Allocation Failure) 120M->101M(147M) 2.684ms
[2020-08-06T03:39:58.689-0300] GC(3840) User=0.01s Sys=0.00s Real=0.00s
[2020-08-06T03:40:13.342-0300] GC(3841) Pause Young (Allocation Failure)
[2020-08-06T03:40:13.345-0300] GC(3841) PSYoungGen: 19360K->608K(19968K)
[2020-08-06T03:40:13.345-0300] GC(3841) ParOldGen: 103931K->104240K(130560K)
[2020-08-06T03:40:13.345-0300] GC(3841) Metaspace: 119405K->119405K(1163264K)
[2020-08-06T03:40:13.345-0300] GC(3841) Pause Young (Allocation Failure) 120M->102M(147M) 2.328ms
[2020-08-06T03:40:13.345-0300] GC(3841) User=0.01s Sys=0.00s Real=0.01s
[2020-08-06T03:40:24.849-0300] GC(3842) Pause Young (Allocation Failure)
[2020-08-06T03:40:24.852-0300] GC(3842) PSYoungGen: 19552K->416K(19968K)
[2020-08-06T03:40:24.852-0300] GC(3842) ParOldGen: 104240K->104693K(130560K)
[2020-08-06T03:40:24.852-0300] GC(3842) Metaspace: 119405K->119405K(1163264K)
[2020-08-06T03:40:24.852-0300] GC(3842) Pause Young (Allocation Failure) 120M->102M(147M) 2.502ms
[2020-08-06T03:40:24.852-0300] GC(3842) User=0.00s Sys=0.00s Real=0.00s
[2020-08-06T03:40:39.847-0300] GC(3843) Pause Young (Allocation Failure)
[2020-08-06T03:40:39.851-0300] GC(3843) PSYoungGen: 19360K->592K(19968K)
[2020-08-06T03:40:39.851-0300] GC(3843) ParOldGen: 104693K->104982K(130560K)
[2020-08-06T03:40:39.851-0300] GC(3843) Metaspace: 119405K->119405K(1163264K)
[2020-08-06T03:40:39.851-0300] GC(3843) Pause Young (Allocation Failure) 121M->103M(147M) 4.074ms
[2020-08-06T03:40:39.851-0300] GC(3843) User=0.00s Sys=0.00s Real=0.00s
[2020-08-06T03:40:51.110-0300] GC(3844) Pause Young (Allocation Failure)
[2020-08-06T03:40:51.113-0300] GC(3844) PSYoungGen: 19536K->481K(19968K)
[2020-08-06T03:40:51.113-0300] GC(3844) ParOldGen: 104982K->105411K(130560K)
[2020-08-06T03:40:51.113-0300] GC(3844) Metaspace: 119405K->119405K(1163264K)
[2020-08-06T03:40:51.113-0300] GC(3844) Pause Young (Allocation Failure) 121M->103M(147M) 2.944ms
[2020-08-06T03:40:51.113-0300] GC(3844) User=0.00s Sys=0.00s Real=0.00s
[2020-08-06T03:41:06.818-0300] GC(3845) Pause Young (Allocation Failure)
[2020-08-06T03:41:06.821-0300] GC(3845) PSYoungGen: 19425K->528K(19968K)
[2020-08-06T03:41:06.821-0300] GC(3845) ParOldGen: 105411K->105784K(130560K)
[2020-08-06T03:41:06.821-0300] GC(3845) Metaspace: 119405K->119405K(1163264K)
[2020-08-06T03:41:06.821-0300] GC(3845) Pause Young (Allocation Failure) 121M->103M(147M) 2.694ms
[2020-08-06T03:41:06.821-0300] GC(3845) User=0.01s Sys=0.00s Real=0.00s
[2020-08-06T03:41:18.425-0300] GC(3846) Pause Young (Allocation Failure)
[2020-08-06T03:41:18.428-0300] GC(3846) PSYoungGen: 19472K->384K(19968K)
[2020-08-06T03:41:18.428-0300] GC(3846) ParOldGen: 105784K->106181K(130560K)
[2020-08-06T03:41:18.428-0300] GC(3846) Metaspace: 119405K->119405K(1163264K)
[2020-08-06T03:41:18.428-0300] GC(3846) Pause Young (Allocation Failure) 122M->104M(147M) 2.894ms
[2020-08-06T03:41:18.428-0300] GC(3846) User=0.01s Sys=0.00s Real=0.00s
[2020-08-06T03:41:28.039-0300] GC(3847) Pause Young (Allocation Failure)
[2020-08-06T03:41:28.042-0300] GC(3847) PSYoungGen: 19328K->320K(19968K)
[2020-08-06T03:41:28.042-0300] GC(3847) ParOldGen: 106181K->106434K(130560K)
[2020-08-06T03:41:28.042-0300] GC(3847) Metaspace: 119405K->119405K(1163264K)
[2020-08-06T03:41:28.042-0300] GC(3847) Pause Young (Allocation Failure) 122M->104M(147M) 2.893ms
[2020-08-06T03:41:28.042-0300] GC(3847) User=0.01s Sys=0.00s Real=0.00s
[2020-08-06T03:41:40.341-0300] GC(3848) Pause Young (Allocation Failure)
[2020-08-06T03:41:40.345-0300] GC(3848) PSYoungGen: 19264K->416K(19968K)
[2020-08-06T03:41:40.345-0300] GC(3848) ParOldGen: 106434K->106683K(130560K)
[2020-08-06T03:41:40.345-0300] GC(3848) Metaspace: 119405K->119405K(1163264K)
[2020-08-06T03:41:40.345-0300] GC(3848) Pause Young (Allocation Failure) 122M->104M(147M) 4.226ms
[2020-08-06T03:41:40.345-0300] GC(3848) User=0.00s Sys=0.00s Real=0.01s
[2020-08-06T03:41:54.385-0300] GC(3849) Pause Young (Allocation Failure)
[2020-08-06T03:41:54.388-0300] GC(3849) PSYoungGen: 19360K->305K(19968K)
[2020-08-06T03:41:54.388-0300] GC(3849) ParOldGen: 106683K->106872K(130560K)
[2020-08-06T03:41:54.388-0300] GC(3849) Metaspace: 119405K->119405K(1163264K)
[2020-08-06T03:41:54.388-0300] GC(3849) Pause Young (Allocation Failure) 123M->104M(147M) 3.203ms
[2020-08-06T03:41:54.388-0300] GC(3849) User=0.01s Sys=0.00s Real=0.00s
[2020-08-06T03:42:07.789-0300] GC(3850) Pause Young (Allocation Failure)
[2020-08-06T03:42:07.792-0300] GC(3850) PSYoungGen: 19249K->400K(19968K)
[2020-08-06T03:42:07.792-0300] GC(3850) ParOldGen: 106872K->107065K(130560K)
[2020-08-06T03:42:07.792-0300] GC(3850) Metaspace: 119405K->119405K(1163264K)
[2020-08-06T03:42:07.792-0300] GC(3850) Pause Young (Allocation Failure) 123M->104M(147M) 2.585ms
[2020-08-06T03:42:07.792-0300] GC(3850) User=0.00s Sys=0.00s Real=0.00s
[2020-08-06T03:42:11.334-0300] GC(3851) Pause Young (Allocation Failure)
[2020-08-06T03:42:11.337-0300] GC(3851) PSYoungGen: 19344K->320K(19968K)
[2020-08-06T03:42:11.337-0300] GC(3851) ParOldGen: 107065K->107341K(130560K)
[2020-08-06T03:42:11.337-0300] GC(3851) Metaspace: 119405K->119405K(1163264K)
[2020-08-06T03:42:11.337-0300] GC(3851) Pause Young (Allocation Failure) 123M->105M(147M) 3.551ms
[2020-08-06T03:42:11.337-0300] GC(3851) User=0.01s Sys=0.00s Real=0.01s
[2020-08-06T03:42:12.556-0300] GC(3852) Pause Young (Allocation Failure)
[2020-08-06T03:42:12.558-0300] GC(3852) PSYoungGen: 19264K->305K(19968K)
[2020-08-06T03:42:12.558-0300] GC(3852) ParOldGen: 107341K->107546K(130560K)
[2020-08-06T03:42:12.558-0300] GC(3852) Metaspace: 119405K->119405K(1163264K)
[2020-08-06T03:42:12.558-0300] GC(3852) Pause Young (Allocation Failure) 123M->105M(147M) 2.557ms
[2020-08-06T03:42:12.559-0300] GC(3852) User=0.00s Sys=0.01s Real=0.00s
[2020-08-06T03:42:13.840-0300] GC(3853) Pause Young (Allocation Failure)
[2020-08-06T03:42:13.842-0300] GC(3853) PSYoungGen: 19248K->369K(19968K)
[2020-08-06T03:42:13.842-0300] GC(3853) ParOldGen: 107546K->107739K(130560K)
[2020-08-06T03:42:13.842-0300] GC(3853) Metaspace: 119405K->119405K(1163264K)
[2020-08-06T03:42:13.842-0300] GC(3853) Pause Young (Allocation Failure) 123M->105M(147M) 2.483ms
[2020-08-06T03:42:13.842-0300] GC(3853) User=0.01s Sys=0.00s Real=0.00s
[2020-08-06T03:42:15.015-0300] GC(3854) Pause Young (Allocation Failure)
[2020-08-06T03:42:15.018-0300] GC(3854) PSYoungGen: 19313K->273K(19968K)
[2020-08-06T03:42:15.019-0300] GC(3854) ParOldGen: 107739K->107980K(130560K)
[2020-08-06T03:42:15.019-0300] GC(3854) Metaspace: 119405K->119405K(1163264K)
[2020-08-06T03:42:15.019-0300] GC(3854) Pause Young (Allocation Failure) 124M->105M(147M) 3.227ms
[2020-08-06T03:42:15.019-0300] GC(3854) User=0.01s Sys=0.00s Real=0.00s
[2020-08-06T03:42:23.339-0300] GC(3855) Pause Young (Allocation Failure)
[2020-08-06T03:42:23.343-0300] GC(3855) PSYoungGen: 19217K->416K(19968K)
[2020-08-06T03:42:23.343-0300] GC(3855) ParOldGen: 107980K->108089K(130560K)
[2020-08-06T03:42:23.343-0300] GC(3855) Metaspace: 119413K->119413K(1163264K)
[2020-08-06T03:42:23.343-0300] GC(3855) Pause Young (Allocation Failure) 124M->105M(147M) 3.267ms
[2020-08-06T03:42:23.343-0300] GC(3855) User=0.01s Sys=0.00s Real=0.00s
[2020-08-06T03:42:49.846-0300] GC(3856) Pause Young (Allocation Failure)
[2020-08-06T03:42:49.849-0300] GC(3856) PSYoungGen: 19360K->160K(19968K)
[2020-08-06T03:42:49.849-0300] GC(3856) ParOldGen: 108089K->108165K(130560K)
[2020-08-06T03:42:49.849-0300] GC(3856) Metaspace: 119413K->119413K(1163264K)
[2020-08-06T03:42:49.849-0300] GC(3856) Pause Young (Allocation Failure) 124M->105M(147M) 2.930ms
[2020-08-06T03:42:49.849-0300] GC(3856) User=0.00s Sys=0.00s Real=0.00s
[2020-08-06T03:43:14.852-0300] GC(3857) Pause Young (Allocation Failure)
[2020-08-06T03:43:14.854-0300] GC(3857) PSYoungGen: 19098K->224K(19968K)
[2020-08-06T03:43:14.854-0300] GC(3857) ParOldGen: 108165K->108197K(130560K)
[2020-08-06T03:43:14.854-0300] GC(3857) Metaspace: 119413K->119413K(1163264K)
[2020-08-06T03:43:14.854-0300] GC(3857) Pause Young (Allocation Failure) 124M->105M(147M) 2.502ms
[2020-08-06T03:43:14.854-0300] GC(3857) User=0.00s Sys=0.00s Real=0.01s
[2020-08-06T03:43:29.849-0300] GC(3858) Pause Young (Allocation Failure)
[2020-08-06T03:43:29.851-0300] GC(3858) PSYoungGen: 19168K->384K(19968K)
[2020-08-06T03:43:29.851-0300] GC(3858) ParOldGen: 108197K->108237K(130560K)
[2020-08-06T03:43:29.851-0300] GC(3858) Metaspace: 119413K->119413K(1163264K)
[2020-08-06T03:43:29.851-0300] GC(3858) Pause Young (Allocation Failure) 124M->106M(147M) 2.836ms
[2020-08-06T03:43:29.851-0300] GC(3858) User=0.00s Sys=0.00s Real=0.00s
[2020-08-06T03:43:56.077-0300] GC(3859) Pause Young (Allocation Failure)
[2020-08-06T03:43:56.080-0300] GC(3859) PSYoungGen: 19328K->736K(19968K)
[2020-08-06T03:43:56.080-0300] GC(3859) ParOldGen: 108237K->108489K(130560K)
[2020-08-06T03:43:56.080-0300] GC(3859) Metaspace: 119413K->119413K(1163264K)
[2020-08-06T03:43:56.080-0300] GC(3859) Pause Young (Allocation Failure) 124M->106M(147M) 3.000ms
[2020-08-06T03:43:56.080-0300] GC(3859) User=0.01s Sys=0.00s Real=0.00s
[2020-08-06T03:44:16.843-0300] GC(3860) Pause Young (Allocation Failure)
[2020-08-06T03:44:16.846-0300] GC(3860) PSYoungGen: 19680K->624K(19968K)
[2020-08-06T03:44:16.846-0300] GC(3860) ParOldGen: 108489K->109153K(130560K)
[2020-08-06T03:44:16.846-0300] GC(3860) Metaspace: 119413K->119413K(1163264K)
[2020-08-06T03:44:16.846-0300] GC(3860) Pause Young (Allocation Failure) 125M->107M(147M) 2.935ms
[2020-08-06T03:44:16.846-0300] GC(3860) User=0.00s Sys=0.00s Real=0.01s
[2020-08-06T03:44:31.887-0300] GC(3861) Pause Young (Allocation Failure)
[2020-08-06T03:44:31.890-0300] GC(3861) PSYoungGen: 19568K->384K(19968K)
[2020-08-06T03:44:31.890-0300] GC(3861) ParOldGen: 109153K->109722K(130560K)
[2020-08-06T03:44:31.890-0300] GC(3861) Metaspace: 119413K->119413K(1163264K)
[2020-08-06T03:44:31.890-0300] GC(3861) Pause Young (Allocation Failure) 125M->107M(147M) 3.101ms
[2020-08-06T03:44:31.890-0300] GC(3861) User=0.00s Sys=0.00s Real=0.00s
[2020-08-06T03:44:44.846-0300] GC(3862) Pause Young (Allocation Failure)
[2020-08-06T03:44:44.850-0300] GC(3862) PSYoungGen: 19328K->432K(19968K)
[2020-08-06T03:44:44.850-0300] GC(3862) ParOldGen: 109722K->109994K(130560K)
[2020-08-06T03:44:44.850-0300] GC(3862) Metaspace: 119413K->119413K(1163264K)
[2020-08-06T03:44:44.850-0300] GC(3862) Pause Young (Allocation Failure) 126M->107M(147M) 3.551ms
[2020-08-06T03:44:44.850-0300] GC(3862) User=0.01s Sys=0.00s Real=0.00s
[2020-08-06T03:44:48.831-0300] GC(3863) Pause Young (Allocation Failure)
[2020-08-06T03:44:48.834-0300] GC(3863) PSYoungGen: 19376K->384K(19968K)
[2020-08-06T03:44:48.834-0300] GC(3863) ParOldGen: 109994K->110343K(130560K)
[2020-08-06T03:44:48.834-0300] GC(3863) Metaspace: 119413K->119413K(1163264K)
[2020-08-06T03:44:48.834-0300] GC(3863) Pause Young (Allocation Failure) 126M->108M(147M) 2.873ms
[2020-08-06T03:44:48.834-0300] GC(3863) User=0.00s Sys=0.00s Real=0.01s
[2020-08-06T03:44:50.044-0300] GC(3864) Pause Young (Allocation Failure)
[2020-08-06T03:44:50.046-0300] GC(3864) PSYoungGen: 19328K->368K(19968K)
[2020-08-06T03:44:50.046-0300] GC(3864) ParOldGen: 110343K->110621K(130560K)
[2020-08-06T03:44:50.046-0300] GC(3864) Metaspace: 119413K->119413K(1163264K)
[2020-08-06T03:44:50.046-0300] GC(3864) Pause Young (Allocation Failure) 126M->108M(147M) 2.676ms
[2020-08-06T03:44:50.046-0300] GC(3864) User=0.00s Sys=0.00s Real=0.01s
[2020-08-06T03:44:51.266-0300] GC(3865) Pause Young (Allocation Failure)
[2020-08-06T03:44:51.269-0300] GC(3865) PSYoungGen: 19312K->305K(19968K)
[2020-08-06T03:44:51.269-0300] GC(3865) ParOldGen: 110621K->110854K(130560K)
[2020-08-06T03:44:51.269-0300] GC(3865) Metaspace: 119413K->119413K(1163264K)
[2020-08-06T03:44:51.269-0300] GC(3865) Pause Young (Allocation Failure) 126M->108M(147M) 2.506ms
[2020-08-06T03:44:51.269-0300] GC(3865) User=0.00s Sys=0.00s Real=0.00s
[2020-08-06T03:44:52.526-0300] GC(3866) Pause Young (Allocation Failure)
[2020-08-06T03:44:52.529-0300] GC(3866) PSYoungGen: 19249K->336K(19968K)
[2020-08-06T03:44:52.529-0300] GC(3866) ParOldGen: 110854K->111067K(130560K)
[2020-08-06T03:44:52.529-0300] GC(3866) Metaspace: 119413K->119413K(1163264K)
[2020-08-06T03:44:52.529-0300] GC(3866) Pause Young (Allocation Failure) 127M->108M(147M) 2.511ms
[2020-08-06T03:44:52.529-0300] GC(3866) User=0.01s Sys=0.00s Real=0.00s
[2020-08-06T03:44:53.903-0300] GC(3867) Pause Young (Allocation Failure)
[2020-08-06T03:44:53.907-0300] GC(3867) PSYoungGen: 19280K->416K(19968K)
[2020-08-06T03:44:53.907-0300] GC(3867) ParOldGen: 111067K->111280K(130560K)
[2020-08-06T03:44:53.907-0300] GC(3867) Metaspace: 119413K->119413K(1163264K)
[2020-08-06T03:44:53.907-0300] GC(3867) Pause Young (Allocation Failure) 127M->109M(147M) 4.020ms
[2020-08-06T03:44:53.907-0300] GC(3867) User=0.01s Sys=0.00s Real=0.01s
[2020-08-06T03:45:05.336-0300] GC(3868) Pause Young (Allocation Failure)
[2020-08-06T03:45:05.340-0300] GC(3868) PSYoungGen: 19360K->352K(19968K)
[2020-08-06T03:45:05.340-0300] GC(3868) ParOldGen: 111280K->111388K(130560K)
[2020-08-06T03:45:05.340-0300] GC(3868) Metaspace: 119413K->119413K(1163264K)
[2020-08-06T03:45:05.340-0300] GC(3868) Pause Young (Allocation Failure) 127M->109M(147M) 3.650ms
[2020-08-06T03:45:05.340-0300] GC(3868) User=0.01s Sys=0.00s Real=0.00s
[2020-08-06T03:45:30.345-0300] GC(3869) Pause Young (Allocation Failure)
[2020-08-06T03:45:30.351-0300] GC(3869) PSYoungGen: 19296K->640K(19968K)
[2020-08-06T03:45:30.351-0300] GC(3869) ParOldGen: 111388K->111580K(130560K)
[2020-08-06T03:45:30.351-0300] GC(3869) Metaspace: 119413K->119413K(1163264K)
[2020-08-06T03:45:30.351-0300] GC(3869) Pause Young (Allocation Failure) 127M->109M(147M) 5.470ms
[2020-08-06T03:45:30.351-0300] GC(3869) User=0.01s Sys=0.00s Real=0.00s
[2020-08-06T03:45:54.354-0300] GC(3870) Pause Young (Allocation Failure)
[2020-08-06T03:45:54.359-0300] GC(3870) PSYoungGen: 19584K->448K(19968K)
[2020-08-06T03:45:54.359-0300] GC(3870) ParOldGen: 111580K->112044K(130560K)
[2020-08-06T03:45:54.359-0300] GC(3870) Metaspace: 119413K->119413K(1163264K)
[2020-08-06T03:45:54.359-0300] GC(3870) Pause Young (Allocation Failure) 128M->109M(147M) 5.065ms
[2020-08-06T03:45:54.360-0300] GC(3870) User=0.01s Sys=0.00s Real=0.00s
[2020-08-06T03:46:08.362-0300] GC(3871) Pause Young (Allocation Failure)
[2020-08-06T03:46:08.365-0300] GC(3871) PSYoungGen: 19392K->512K(19968K)
[2020-08-06T03:46:08.365-0300] GC(3871) ParOldGen: 112044K->112436K(130560K)
[2020-08-06T03:46:08.365-0300] GC(3871) Metaspace: 119413K->119413K(1163264K)
[2020-08-06T03:46:08.365-0300] GC(3871) Pause Young (Allocation Failure) 128M->110M(147M) 2.984ms
[2020-08-06T03:46:08.365-0300] GC(3871) User=0.01s Sys=0.00s Real=0.01s
[2020-08-06T03:46:20.646-0300] GC(3872) Pause Young (Allocation Failure)
[2020-08-06T03:46:20.649-0300] GC(3872) PSYoungGen: 19456K->352K(19968K)
[2020-08-06T03:46:20.649-0300] GC(3872) ParOldGen: 112436K->112786K(130560K)
[2020-08-06T03:46:20.649-0300] GC(3872) Metaspace: 119413K->119413K(1163264K)
[2020-08-06T03:46:20.649-0300] GC(3872) Pause Young (Allocation Failure) 128M->110M(147M) 3.058ms
[2020-08-06T03:46:20.649-0300] GC(3872) User=0.00s Sys=0.00s Real=0.00s
[2020-08-06T03:46:34.848-0300] GC(3873) Pause Young (Allocation Failure)
[2020-08-06T03:46:34.850-0300] GC(3873) PSYoungGen: 19296K->401K(19968K)
[2020-08-06T03:46:34.851-0300] GC(3873) ParOldGen: 112786K->113002K(130560K)
[2020-08-06T03:46:34.851-0300] GC(3873) Metaspace: 119413K->119413K(1163264K)
[2020-08-06T03:46:34.851-0300] GC(3873) Pause Young (Allocation Failure) 128M->110M(147M) 2.827ms
[2020-08-06T03:46:34.851-0300] GC(3873) User=0.01s Sys=0.00s Real=0.00s
[2020-08-06T03:46:46.929-0300] GC(3874) Pause Young (Allocation Failure)
[2020-08-06T03:46:46.931-0300] GC(3874) PSYoungGen: 19344K->336K(19968K)
[2020-08-06T03:46:46.931-0300] GC(3874) ParOldGen: 113002K->113291K(130560K)
[2020-08-06T03:46:46.931-0300] GC(3874) Metaspace: 119413K->119413K(1163264K)
[2020-08-06T03:46:46.931-0300] GC(3874) Pause Young (Allocation Failure) 129M->110M(147M) 2.782ms
[2020-08-06T03:46:46.931-0300] GC(3874) User=0.00s Sys=0.00s Real=0.00s
[2020-08-06T03:47:02.685-0300] GC(3875) Pause Young (Allocation Failure)
[2020-08-06T03:47:02.688-0300] GC(3875) PSYoungGen: 19280K->240K(19968K)
[2020-08-06T03:47:02.688-0300] GC(3875) ParOldGen: 113291K->113521K(130560K)
[2020-08-06T03:47:02.688-0300] GC(3875) Metaspace: 119413K->119413K(1163264K)
[2020-08-06T03:47:02.688-0300] GC(3875) Pause Young (Allocation Failure) 129M->111M(147M) 2.758ms
[2020-08-06T03:47:02.688-0300] GC(3875) User=0.01s Sys=0.00s Real=0.00s
[2020-08-06T03:47:14.846-0300] GC(3876) Pause Young (Allocation Failure)
[2020-08-06T03:47:14.848-0300] GC(3876) PSYoungGen: 19184K->320K(19968K)
[2020-08-06T03:47:14.848-0300] GC(3876) ParOldGen: 113521K->113689K(130560K)
[2020-08-06T03:47:14.848-0300] GC(3876) Metaspace: 119413K->119413K(1163264K)
[2020-08-06T03:47:14.848-0300] GC(3876) Pause Young (Allocation Failure) 129M->111M(147M) 2.445ms
[2020-08-06T03:47:14.848-0300] GC(3876) User=0.00s Sys=0.00s Real=0.00s
[2020-08-06T03:47:27.361-0300] GC(3877) Pause Young (Allocation Failure)
[2020-08-06T03:47:27.364-0300] GC(3877) PSYoungGen: 19264K->528K(19968K)
[2020-08-06T03:47:27.364-0300] GC(3877) ParOldGen: 113689K->113926K(130560K)
[2020-08-06T03:47:27.364-0300] GC(3877) Metaspace: 119413K->119413K(1163264K)
[2020-08-06T03:47:27.364-0300] GC(3877) Pause Young (Allocation Failure) 129M->111M(147M) 3.209ms
[2020-08-06T03:47:27.364-0300] GC(3877) User=0.00s Sys=0.00s Real=0.01s
[2020-08-06T03:47:39.845-0300] GC(3878) Pause Young (Allocation Failure)
[2020-08-06T03:47:39.848-0300] GC(3878) PSYoungGen: 19472K->352K(19968K)
[2020-08-06T03:47:39.848-0300] GC(3878) ParOldGen: 113926K->114115K(130560K)
[2020-08-06T03:47:39.848-0300] GC(3878) Metaspace: 119413K->119413K(1163264K)
[2020-08-06T03:47:39.848-0300] GC(3878) Pause Young (Allocation Failure) 130M->111M(147M) 2.956ms
[2020-08-06T03:47:39.848-0300] GC(3878) User=0.01s Sys=0.00s Real=0.00s
[2020-08-06T03:47:50.130-0300] GC(3879) Pause Young (Allocation Failure)
[2020-08-06T03:47:50.132-0300] GC(3879) PSYoungGen: 19296K->256K(19968K)
[2020-08-06T03:47:50.132-0300] GC(3879) ParOldGen: 114115K->114304K(130560K)
[2020-08-06T03:47:50.132-0300] GC(3879) Metaspace: 119413K->119413K(1163264K)
[2020-08-06T03:47:50.133-0300] GC(3879) Pause Young (Allocation Failure) 130M->111M(147M) 2.928ms
[2020-08-06T03:47:50.133-0300] GC(3879) User=0.00s Sys=0.00s Real=0.00s
[2020-08-06T03:48:00.980-0300] GC(3880) Pause Young (Allocation Failure)
[2020-08-06T03:48:00.983-0300] GC(3880) PSYoungGen: 19200K->288K(19968K)
[2020-08-06T03:48:00.983-0300] GC(3880) ParOldGen: 114304K->114437K(130560K)
[2020-08-06T03:48:00.983-0300] GC(3880) Metaspace: 119413K->119413K(1163264K)
[2020-08-06T03:48:00.983-0300] GC(3880) Pause Young (Allocation Failure) 130M->112M(147M) 3.125ms
[2020-08-06T03:48:00.983-0300] GC(3880) User=0.00s Sys=0.00s Real=0.00s
[2020-08-06T03:48:02.371-0300] GC(3881) Pause Young (Allocation Failure)
[2020-08-06T03:48:02.376-0300] GC(3881) PSYoungGen: 19232K->352K(19968K)
[2020-08-06T03:48:02.376-0300] GC(3881) ParOldGen: 114437K->114622K(130560K)
[2020-08-06T03:48:02.376-0300] GC(3881) Metaspace: 119413K->119413K(1163264K)
[2020-08-06T03:48:02.376-0300] GC(3881) Pause Young (Allocation Failure) 130M->112M(147M) 4.659ms
[2020-08-06T03:48:02.376-0300] GC(3881) User=0.01s Sys=0.00s Real=0.01s
[2020-08-06T03:48:03.630-0300] GC(3882) Pause Young (Allocation Failure)
[2020-08-06T03:48:03.633-0300] GC(3882) PSYoungGen: 19296K->288K(19968K)
[2020-08-06T03:48:03.633-0300] GC(3882) ParOldGen: 114622K->114827K(130560K)
[2020-08-06T03:48:03.633-0300] GC(3882) Metaspace: 119413K->119413K(1163264K)
[2020-08-06T03:48:03.633-0300] GC(3882) Pause Young (Allocation Failure) 130M->112M(147M) 3.100ms
[2020-08-06T03:48:03.633-0300] GC(3882) User=0.01s Sys=0.00s Real=0.00s
[2020-08-06T03:48:04.900-0300] GC(3883) Pause Young (Allocation Failure)
[2020-08-06T03:48:04.903-0300] GC(3883) PSYoungGen: 19232K->305K(19968K)
[2020-08-06T03:48:04.903-0300] GC(3883) ParOldGen: 114827K->115036K(130560K)
[2020-08-06T03:48:04.903-0300] GC(3883) Metaspace: 119413K->119413K(1163264K)
[2020-08-06T03:48:04.903-0300] GC(3883) Pause Young (Allocation Failure) 130M->112M(147M) 3.124ms
[2020-08-06T03:48:04.903-0300] GC(3883) User=0.01s Sys=0.00s Real=0.00s
[2020-08-06T03:48:06.365-0300] GC(3884) Pause Young (Allocation Failure)
[2020-08-06T03:48:06.368-0300] GC(3884) PSYoungGen: 19249K->369K(19968K)
[2020-08-06T03:48:06.368-0300] GC(3884) ParOldGen: 115036K->115241K(130560K)
[2020-08-06T03:48:06.368-0300] GC(3884) Metaspace: 119413K->119413K(1163264K)
[2020-08-06T03:48:06.368-0300] GC(3884) Pause Young (Allocation Failure) 131M->112M(147M) 2.879ms
[2020-08-06T03:48:06.368-0300] GC(3884) User=0.01s Sys=0.00s Real=0.00s
[2020-08-06T03:48:07.805-0300] GC(3885) Pause Young (Allocation Failure)
[2020-08-06T03:48:07.809-0300] GC(3885) PSYoungGen: 19313K->336K(19968K)
[2020-08-06T03:48:07.809-0300] GC(3885) ParOldGen: 115241K->115471K(130560K)
[2020-08-06T03:48:07.809-0300] GC(3885) Metaspace: 119413K->119413K(1163264K)
[2020-08-06T03:48:07.809-0300] GC(3885) Pause Young (Allocation Failure) 131M->113M(147M) 4.155ms
[2020-08-06T03:48:07.809-0300] GC(3885) User=0.00s Sys=0.01s Real=0.00s
[2020-08-06T03:48:08.894-0300] GC(3886) Pause Young (Allocation Failure)
[2020-08-06T03:48:08.897-0300] GC(3886) PSYoungGen: 19280K->336K(19968K)
[2020-08-06T03:48:08.897-0300] GC(3886) ParOldGen: 115471K->115688K(130560K)
[2020-08-06T03:48:08.897-0300] GC(3886) Metaspace: 119413K->119413K(1163264K)
[2020-08-06T03:48:08.897-0300] GC(3886) Pause Young (Allocation Failure) 131M->113M(147M) 3.296ms
[2020-08-06T03:48:08.897-0300] GC(3886) User=0.01s Sys=0.00s Real=0.01s
[2020-08-06T03:48:31.360-0300] GC(3887) Pause Young (Allocation Failure)
[2020-08-06T03:48:31.365-0300] GC(3887) PSYoungGen: 19280K->416K(19968K)
[2020-08-06T03:48:31.365-0300] GC(3887) ParOldGen: 115688K->115748K(130560K)
[2020-08-06T03:48:31.365-0300] GC(3887) Metaspace: 119413K->119413K(1163264K)
[2020-08-06T03:48:31.365-0300] GC(3887) Pause Young (Allocation Failure) 131M->113M(147M) 4.360ms
[2020-08-06T03:48:31.365-0300] GC(3887) User=0.00s Sys=0.00s Real=0.01s
[2020-08-06T03:48:57.360-0300] GC(3888) Pause Young (Allocation Failure)
[2020-08-06T03:48:57.362-0300] GC(3888) PSYoungGen: 19360K->800K(19968K)
[2020-08-06T03:48:57.362-0300] GC(3888) ParOldGen: 115748K->116044K(130560K)
[2020-08-06T03:48:57.362-0300] GC(3888) Metaspace: 119413K->119413K(1163264K)
[2020-08-06T03:48:57.363-0300] GC(3888) Pause Young (Allocation Failure) 131M->114M(147M) 2.689ms
[2020-08-06T03:48:57.363-0300] GC(3888) User=0.00s Sys=0.00s Real=0.00s
[2020-08-06T03:49:13.031-0300] GC(3889) Pause Young (Allocation Failure)
[2020-08-06T03:49:13.034-0300] GC(3889) PSYoungGen: 19744K->576K(19968K)
[2020-08-06T03:49:13.034-0300] GC(3889) ParOldGen: 116044K->116652K(130560K)
[2020-08-06T03:49:13.034-0300] GC(3889) Metaspace: 119413K->119413K(1163264K)
[2020-08-06T03:49:13.034-0300] GC(3889) Pause Young (Allocation Failure) 132M->114M(147M) 2.518ms
[2020-08-06T03:49:13.034-0300] GC(3889) User=0.01s Sys=0.01s Real=0.00s
[2020-08-06T03:49:39.358-0300] GC(3890) Pause Young (Allocation Failure)
[2020-08-06T03:49:39.363-0300] GC(3890) PSYoungGen: 19520K->448K(19968K)
[2020-08-06T03:49:39.363-0300] GC(3890) ParOldGen: 116652K->117124K(130560K)
[2020-08-06T03:49:39.363-0300] GC(3890) Metaspace: 119413K->119413K(1163264K)
[2020-08-06T03:49:39.363-0300] GC(3890) Pause Young (Allocation Failure) 132M->114M(147M) 4.160ms
[2020-08-06T03:49:39.363-0300] GC(3890) User=0.00s Sys=0.00s Real=0.00s
[2020-08-06T03:50:04.849-0300] GC(3891) Pause Young (Allocation Failure)
[2020-08-06T03:50:04.852-0300] GC(3891) PSYoungGen: 19392K->416K(19968K)
[2020-08-06T03:50:04.852-0300] GC(3891) ParOldGen: 117124K->117460K(130560K)
[2020-08-06T03:50:04.852-0300] GC(3891) Metaspace: 119413K->119413K(1163264K)
[2020-08-06T03:50:04.852-0300] GC(3891) Pause Young (Allocation Failure) 133M->115M(147M) 3.013ms
[2020-08-06T03:50:04.852-0300] GC(3891) User=0.00s Sys=0.00s Real=0.00s
[2020-08-06T03:50:19.847-0300] GC(3892) Pause Young (Allocation Failure)
[2020-08-06T03:50:19.850-0300] GC(3892) PSYoungGen: 19360K->544K(19968K)
[2020-08-06T03:50:19.850-0300] GC(3892) ParOldGen: 117460K->117764K(130560K)
[2020-08-06T03:50:19.850-0300] GC(3892) Metaspace: 119413K->119413K(1163264K)
[2020-08-06T03:50:19.850-0300] GC(3892) Pause Young (Allocation Failure) 133M->115M(147M) 2.591ms
[2020-08-06T03:50:19.850-0300] GC(3892) User=0.00s Sys=0.00s Real=0.00s
[2020-08-06T03:50:30.516-0300] GC(3893) Pause Young (Allocation Failure)
[2020-08-06T03:50:30.520-0300] GC(3893) PSYoungGen: 19488K->448K(19968K)
[2020-08-06T03:50:30.520-0300] GC(3893) ParOldGen: 117764K->118193K(130560K)
[2020-08-06T03:50:30.520-0300] GC(3893) Metaspace: 119413K->119413K(1163264K)
[2020-08-06T03:50:30.520-0300] GC(3893) Pause Young (Allocation Failure) 134M->115M(147M) 3.186ms
[2020-08-06T03:50:30.520-0300] GC(3893) User=0.00s Sys=0.00s Real=0.00s
[2020-08-06T03:50:46.127-0300] GC(3894) Pause Young (Allocation Failure)
[2020-08-06T03:50:46.129-0300] GC(3894) PSYoungGen: 19392K->448K(19968K)
[2020-08-06T03:50:46.129-0300] GC(3894) ParOldGen: 118193K->118514K(130560K)
[2020-08-06T03:50:46.129-0300] GC(3894) Metaspace: 119413K->119413K(1163264K)
[2020-08-06T03:50:46.129-0300] GC(3894) Pause Young (Allocation Failure) 134M->116M(147M) 2.775ms
[2020-08-06T03:50:46.129-0300] GC(3894) User=0.00s Sys=0.00s Real=0.00s
[2020-08-06T03:50:59.356-0300] GC(3895) Pause Young (Allocation Failure)
[2020-08-06T03:50:59.360-0300] GC(3895) PSYoungGen: 19392K->529K(19968K)
[2020-08-06T03:50:59.360-0300] GC(3895) ParOldGen: 118514K->118839K(130560K)
[2020-08-06T03:50:59.360-0300] GC(3895) Metaspace: 119413K->119413K(1163264K)
[2020-08-06T03:50:59.360-0300] GC(3895) Pause Young (Allocation Failure) 134M->116M(147M) 3.776ms
[2020-08-06T03:50:59.360-0300] GC(3895) User=0.01s Sys=0.00s Real=0.00s
[2020-08-06T03:51:12.350-0300] GC(3896) Pause Young (Allocation Failure)
[2020-08-06T03:51:12.353-0300] GC(3896) PSYoungGen: 19473K->400K(19968K)
[2020-08-06T03:51:12.353-0300] GC(3896) ParOldGen: 118839K->119252K(130560K)
[2020-08-06T03:51:12.353-0300] GC(3896) Metaspace: 119413K->119413K(1163264K)
[2020-08-06T03:51:12.353-0300] GC(3896) Pause Young (Allocation Failure) 135M->116M(147M) 2.732ms
[2020-08-06T03:51:12.353-0300] GC(3896) User=0.01s Sys=0.00s Real=0.00s
[2020-08-06T03:51:13.695-0300] GC(3897) Pause Young (Allocation Failure)
[2020-08-06T03:51:13.698-0300] GC(3897) PSYoungGen: 19344K->321K(19968K)
[2020-08-06T03:51:13.698-0300] GC(3897) ParOldGen: 119252K->119541K(130560K)
[2020-08-06T03:51:13.698-0300] GC(3897) Metaspace: 119413K->119413K(1163264K)
[2020-08-06T03:51:13.698-0300] GC(3897) Pause Young (Allocation Failure) 135M->117M(147M) 3.072ms
[2020-08-06T03:51:13.698-0300] GC(3897) User=0.00s Sys=0.00s Real=0.00s
[2020-08-06T03:51:14.984-0300] GC(3898) Pause Young (Allocation Failure)
[2020-08-06T03:51:14.987-0300] GC(3898) PSYoungGen: 19265K->369K(19968K)
[2020-08-06T03:51:14.987-0300] GC(3898) ParOldGen: 119541K->119762K(130560K)
[2020-08-06T03:51:14.987-0300] GC(3898) Metaspace: 119413K->119413K(1163264K)
[2020-08-06T03:51:14.987-0300] GC(3898) Pause Young (Allocation Failure) 135M->117M(147M) 3.076ms
[2020-08-06T03:51:14.987-0300] GC(3898) User=0.01s Sys=0.00s Real=0.00s
[2020-08-06T03:51:16.323-0300] GC(3899) Pause Young (Allocation Failure)
[2020-08-06T03:51:16.325-0300] GC(3899) PSYoungGen: 19313K->369K(19968K)
[2020-08-06T03:51:16.325-0300] GC(3899) ParOldGen: 119762K->119971K(130560K)
[2020-08-06T03:51:16.325-0300] GC(3899) Metaspace: 119413K->119413K(1163264K)
[2020-08-06T03:51:16.325-0300] GC(3899) Pause Young (Allocation Failure) 135M->117M(147M) 2.527ms
[2020-08-06T03:51:16.325-0300] GC(3899) User=0.01s Sys=0.00s Real=0.01s
[2020-08-06T03:51:29.845-0300] GC(3900) Pause Young (Allocation Failure)
[2020-08-06T03:51:29.848-0300] GC(3900) PSYoungGen: 19313K->288K(19968K)
[2020-08-06T03:51:29.848-0300] GC(3900) ParOldGen: 119971K->120115K(130560K)
[2020-08-06T03:51:29.848-0300] GC(3900) Metaspace: 119413K->119413K(1163264K)
[2020-08-06T03:51:29.848-0300] GC(3900) Pause Young (Allocation Failure) 136M->117M(147M) 2.897ms
[2020-08-06T03:51:29.848-0300] GC(3900) User=0.01s Sys=0.00s Real=0.00s
[2020-08-06T03:51:54.849-0300] GC(3901) Pause Young (Allocation Failure)
[2020-08-06T03:51:54.851-0300] GC(3901) PSYoungGen: 19232K->128K(19968K)
[2020-08-06T03:51:54.851-0300] GC(3901) ParOldGen: 120115K->120279K(130560K)
[2020-08-06T03:51:54.851-0300] GC(3901) Metaspace: 119413K->119413K(1163264K)
[2020-08-06T03:51:54.851-0300] GC(3901) Pause Young (Allocation Failure) 136M->117M(147M) 2.883ms
[2020-08-06T03:51:54.852-0300] GC(3901) User=0.01s Sys=0.00s Real=0.00s
[2020-08-06T03:52:16.874-0300] GC(3902) Pause Young (Allocation Failure)
[2020-08-06T03:52:16.876-0300] GC(3902) PSYoungGen: 19072K->208K(19968K)
[2020-08-06T03:52:16.876-0300] GC(3902) ParOldGen: 120279K->120335K(130560K)
[2020-08-06T03:52:16.876-0300] GC(3902) Metaspace: 119413K->119413K(1163264K)
[2020-08-06T03:52:16.876-0300] GC(3902) Pause Young (Allocation Failure) 136M->117M(147M) 2.326ms
[2020-08-06T03:52:16.876-0300] GC(3902) User=0.01s Sys=0.00s Real=0.01s
[2020-08-06T03:52:29.845-0300] GC(3903) Pause Young (Allocation Failure)
[2020-08-06T03:52:29.848-0300] GC(3903) PSYoungGen: 19151K->512K(19968K)
[2020-08-06T03:52:29.848-0300] GC(3903) ParOldGen: 120335K->120424K(130560K)
[2020-08-06T03:52:29.848-0300] GC(3903) Metaspace: 119413K->119413K(1163264K)
[2020-08-06T03:52:29.848-0300] GC(3903) Pause Young (Allocation Failure) 136M->118M(147M) 2.992ms
[2020-08-06T03:52:29.848-0300] GC(3903) User=0.00s Sys=0.00s Real=0.00s
[2020-08-06T03:52:43.098-0300] GC(3904) Pause Young (Allocation Failure)
[2020-08-06T03:52:43.102-0300] GC(3904) PSYoungGen: 19456K->240K(19968K)
[2020-08-06T03:52:43.102-0300] GC(3904) ParOldGen: 120424K->120617K(130560K)
[2020-08-06T03:52:43.102-0300] GC(3904) Metaspace: 119413K->119413K(1163264K)
[2020-08-06T03:52:43.102-0300] GC(3904) Pause Young (Allocation Failure) 136M->118M(147M) 3.466ms
[2020-08-06T03:52:43.102-0300] GC(3904) User=0.00s Sys=0.00s Real=0.00s
[2020-08-06T03:52:49.186-0300] GC(3905) Pause Young (Allocation Failure)
[2020-08-06T03:52:49.189-0300] GC(3905) PSYoungGen: 19184K->320K(19968K)
[2020-08-06T03:52:49.189-0300] GC(3905) ParOldGen: 120617K->120773K(130560K)
[2020-08-06T03:52:49.189-0300] GC(3905) Metaspace: 119413K->119413K(1163264K)
[2020-08-06T03:52:49.189-0300] GC(3905) Pause Young (Allocation Failure) 136M->118M(147M) 3.176ms
[2020-08-06T03:52:49.189-0300] GC(3905) User=0.00s Sys=0.00s Real=0.00s
[2020-08-06T03:52:50.412-0300] GC(3906) Pause Young (Allocation Failure)
[2020-08-06T03:52:50.414-0300] GC(3906) PSYoungGen: 19264K->320K(19968K)
[2020-08-06T03:52:50.414-0300] GC(3906) ParOldGen: 120773K->120978K(130560K)
[2020-08-06T03:52:50.414-0300] GC(3906) Metaspace: 119413K->119413K(1163264K)
[2020-08-06T03:52:50.414-0300] GC(3906) Pause Young (Allocation Failure) 136M->118M(147M) 2.879ms
[2020-08-06T03:52:50.415-0300] GC(3906) User=0.00s Sys=0.00s Real=0.01s
[2020-08-06T03:52:51.818-0300] GC(3907) Pause Young (Allocation Failure)
[2020-08-06T03:52:51.822-0300] GC(3907) PSYoungGen: 19263K->368K(19968K)
[2020-08-06T03:52:51.822-0300] GC(3907) ParOldGen: 120978K->121179K(130560K)
[2020-08-06T03:52:51.822-0300] GC(3907) Metaspace: 119413K->119413K(1163264K)
[2020-08-06T03:52:51.822-0300] GC(3907) Pause Young (Allocation Failure) 136M->118M(147M) 3.288ms
[2020-08-06T03:52:51.822-0300] GC(3907) User=0.01s Sys=0.00s Real=0.00s
[2020-08-06T03:52:53.244-0300] GC(3908) Pause Young (Allocation Failure)
[2020-08-06T03:52:53.247-0300] GC(3908) PSYoungGen: 19312K->416K(19968K)
[2020-08-06T03:52:53.247-0300] GC(3908) ParOldGen: 121179K->121401K(130560K)
[2020-08-06T03:52:53.247-0300] GC(3908) Metaspace: 119413K->119413K(1163264K)
[2020-08-06T03:52:53.247-0300] GC(3908) Pause Young (Allocation Failure) 137M->118M(147M) 2.843ms
[2020-08-06T03:52:53.247-0300] GC(3908) User=0.01s Sys=0.00s Real=0.00s
[2020-08-06T03:52:54.489-0300] GC(3909) Pause Young (Allocation Failure)
[2020-08-06T03:52:54.493-0300] GC(3909) PSYoungGen: 19360K->304K(19968K)
[2020-08-06T03:52:54.493-0300] GC(3909) ParOldGen: 121401K->121630K(130560K)
[2020-08-06T03:52:54.493-0300] GC(3909) Metaspace: 119413K->119413K(1163264K)
[2020-08-06T03:52:54.493-0300] GC(3909) Pause Young (Allocation Failure) 137M->119M(147M) 3.875ms
[2020-08-06T03:52:54.493-0300] GC(3909) User=0.01s Sys=0.00s Real=0.00s
[2020-08-06T03:53:02.354-0300] GC(3910) Pause Young (Allocation Failure)
[2020-08-06T03:53:02.357-0300] GC(3910) PSYoungGen: 19248K->256K(19968K)
[2020-08-06T03:53:02.358-0300] GC(3910) ParOldGen: 121630K->121694K(130560K)
[2020-08-06T03:53:02.358-0300] GC(3910) Metaspace: 119413K->119413K(1163264K)
[2020-08-06T03:53:02.358-0300] GC(3910) Pause Young (Allocation Failure) 137M->119M(147M) 3.501ms
[2020-08-06T03:53:02.358-0300] GC(3910) User=0.01s Sys=0.00s Real=0.00s
[2020-08-06T03:53:27.354-0300] GC(3911) Pause Young (Allocation Failure)
[2020-08-06T03:53:27.357-0300] GC(3911) PSYoungGen: 19200K->384K(19968K)
[2020-08-06T03:53:27.357-0300] GC(3911) ParOldGen: 121694K->121762K(130560K)
[2020-08-06T03:53:27.357-0300] GC(3911) Metaspace: 119413K->119413K(1163264K)
[2020-08-06T03:53:27.357-0300] GC(3911) Pause Young (Allocation Failure) 137M->119M(147M) 2.932ms
[2020-08-06T03:53:27.357-0300] GC(3911) User=0.01s Sys=0.00s Real=0.00s
[2020-08-06T03:53:50.354-0300] GC(3912) Pause Young (Allocation Failure)
[2020-08-06T03:53:50.358-0300] GC(3912) PSYoungGen: 19328K->768K(19968K)
[2020-08-06T03:53:50.358-0300] GC(3912) ParOldGen: 121762K->121922K(130560K)
[2020-08-06T03:53:50.358-0300] GC(3912) Metaspace: 119413K->119413K(1163264K)
[2020-08-06T03:53:50.358-0300] GC(3912) Pause Young (Allocation Failure) 137M->119M(147M) 3.881ms
[2020-08-06T03:53:50.358-0300] GC(3912) User=0.01s Sys=0.00s Real=0.01s
[2020-08-06T03:54:05.498-0300] GC(3913) Pause Young (Allocation Failure)
[2020-08-06T03:54:05.501-0300] GC(3913) PSYoungGen: 19712K->576K(19968K)
[2020-08-06T03:54:05.501-0300] GC(3913) ParOldGen: 121922K->122530K(130560K)
[2020-08-06T03:54:05.501-0300] GC(3913) Metaspace: 119413K->119413K(1163264K)
[2020-08-06T03:54:05.501-0300] GC(3913) Pause Young (Allocation Failure) 138M->120M(147M) 2.423ms
[2020-08-06T03:54:05.501-0300] GC(3913) User=0.01s Sys=0.00s Real=0.00s
[2020-08-06T03:54:17.351-0300] GC(3914) Pause Young (Allocation Failure)
[2020-08-06T03:54:17.355-0300] GC(3914) PSYoungGen: 19520K->689K(19968K)
[2020-08-06T03:54:17.355-0300] GC(3914) ParOldGen: 122530K->122991K(130560K)
[2020-08-06T03:54:17.355-0300] GC(3914) Metaspace: 119413K->119413K(1163264K)
[2020-08-06T03:54:17.355-0300] GC(3914) Pause Young (Allocation Failure) 138M->120M(147M) 3.125ms
[2020-08-06T03:54:17.355-0300] GC(3914) User=0.00s Sys=0.00s Real=0.01s
[2020-08-06T03:54:32.022-0300] GC(3915) Pause Young (Allocation Failure)
[2020-08-06T03:54:32.026-0300] GC(3915) PSYoungGen: 19633K->368K(19968K)
[2020-08-06T03:54:32.026-0300] GC(3915) ParOldGen: 122991K->123504K(130560K)
[2020-08-06T03:54:32.026-0300] GC(3915) Metaspace: 119413K->119413K(1163264K)
[2020-08-06T03:54:32.026-0300] GC(3915) Pause Young (Allocation Failure) 139M->120M(147M) 3.618ms
[2020-08-06T03:54:32.026-0300] GC(3915) User=0.01s Sys=0.00s Real=0.01s
[2020-08-06T03:54:44.846-0300] GC(3916) Pause Young (Allocation Failure)
[2020-08-06T03:54:44.849-0300] GC(3916) PSYoungGen: 19312K->480K(19968K)
[2020-08-06T03:54:44.849-0300] GC(3916) ParOldGen: 123504K->123741K(130560K)
[2020-08-06T03:54:44.849-0300] GC(3916) Metaspace: 119413K->119413K(1163264K)
[2020-08-06T03:54:44.849-0300] GC(3916) Pause Young (Allocation Failure) 139M->121M(147M) 2.848ms
[2020-08-06T03:54:44.849-0300] GC(3916) User=0.01s Sys=0.00s Real=0.00s
[2020-08-06T03:54:58.224-0300] GC(3917) Pause Young (Allocation Failure)
[2020-08-06T03:54:58.227-0300] GC(3917) PSYoungGen: 19424K->368K(19968K)
[2020-08-06T03:54:58.227-0300] GC(3917) ParOldGen: 123741K->124098K(130560K)
[2020-08-06T03:54:58.227-0300] GC(3917) Metaspace: 119413K->119413K(1163264K)
[2020-08-06T03:54:58.227-0300] GC(3917) Pause Young (Allocation Failure) 139M->121M(147M) 3.051ms
[2020-08-06T03:54:58.227-0300] GC(3917) User=0.00s Sys=0.00s Real=0.01s
[2020-08-06T03:55:10.966-0300] GC(3918) Pause Young (Allocation Failure)
[2020-08-06T03:55:10.969-0300] GC(3918) PSYoungGen: 19312K->561K(19968K)
[2020-08-06T03:55:10.969-0300] GC(3918) ParOldGen: 124098K->124327K(130560K)
[2020-08-06T03:55:10.969-0300] GC(3918) Metaspace: 119413K->119413K(1163264K)
[2020-08-06T03:55:10.969-0300] GC(3918) Pause Young (Allocation Failure) 140M->121M(147M) 2.880ms
[2020-08-06T03:55:10.969-0300] GC(3918) User=0.00s Sys=0.00s Real=0.00s
[2020-08-06T03:55:24.491-0300] GC(3919) Pause Young (Allocation Failure)
[2020-08-06T03:55:24.493-0300] GC(3919) PSYoungGen: 19505K->416K(19968K)
[2020-08-06T03:55:24.493-0300] GC(3919) ParOldGen: 124327K->124816K(130560K)
[2020-08-06T03:55:24.493-0300] GC(3919) Metaspace: 119413K->119413K(1163264K)
[2020-08-06T03:55:24.493-0300] GC(3919) Pause Young (Allocation Failure) 140M->122M(147M) 2.633ms
[2020-08-06T03:55:24.493-0300] GC(3919) User=0.00s Sys=0.00s Real=0.00s
[2020-08-06T03:55:30.607-0300] GC(3920) Pause Young (Allocation Failure)
[2020-08-06T03:55:30.609-0300] GC(3920) PSYoungGen: 19360K->416K(19968K)
[2020-08-06T03:55:30.609-0300] GC(3920) ParOldGen: 124816K->125101K(130560K)
[2020-08-06T03:55:30.609-0300] GC(3920) Metaspace: 119413K->119413K(1163264K)
[2020-08-06T03:55:30.609-0300] GC(3920) Pause Young (Allocation Failure) 140M->122M(147M) 2.630ms
[2020-08-06T03:55:30.609-0300] GC(3920) User=0.00s Sys=0.00s Real=0.00s
[2020-08-06T03:55:31.660-0300] GC(3921) Pause Young (Allocation Failure)
[2020-08-06T03:55:31.663-0300] GC(3921) PSYoungGen: 19360K->304K(19968K)
[2020-08-06T03:55:31.663-0300] GC(3921) ParOldGen: 125101K->125394K(130560K)
[2020-08-06T03:55:31.663-0300] GC(3921) Metaspace: 119413K->119413K(1163264K)
[2020-08-06T03:55:31.663-0300] GC(3921) Pause Young (Allocation Failure) 141M->122M(147M) 3.318ms
[2020-08-06T03:55:31.664-0300] GC(3921) User=0.01s Sys=0.00s Real=0.00s
[2020-08-06T03:55:55.352-0300] GC(3922) Pause Young (Allocation Failure)
[2020-08-06T03:55:55.355-0300] GC(3922) PSYoungGen: 19248K->576K(19968K)
[2020-08-06T03:55:55.355-0300] GC(3922) ParOldGen: 125394K->125462K(130560K)
[2020-08-06T03:55:55.355-0300] GC(3922) Metaspace: 119413K->119413K(1163264K)
[2020-08-06T03:55:55.355-0300] GC(3922) Pause Young (Allocation Failure) 141M->123M(147M) 3.144ms
[2020-08-06T03:55:55.355-0300] GC(3922) User=0.00s Sys=0.01s Real=0.01s
[2020-08-06T03:56:21.349-0300] GC(3923) Pause Young (Allocation Failure)
[2020-08-06T03:56:21.352-0300] GC(3923) PSYoungGen: 19520K->448K(19968K)
[2020-08-06T03:56:21.352-0300] GC(3923) ParOldGen: 125462K->125870K(130560K)
[2020-08-06T03:56:21.352-0300] GC(3923) Metaspace: 119413K->119413K(1163264K)
[2020-08-06T03:56:21.352-0300] GC(3923) Pause Young (Allocation Failure) 141M->123M(147M) 2.439ms
[2020-08-06T03:56:21.352-0300] GC(3923) User=0.00s Sys=0.00s Real=0.00s
[2020-08-06T03:56:37.303-0300] GC(3924) Pause Young (Allocation Failure)
[2020-08-06T03:56:37.307-0300] GC(3924) PSYoungGen: 19392K->192K(19968K)
[2020-08-06T03:56:37.308-0300] GC(3924) ParOldGen: 125870K->126134K(130560K)
[2020-08-06T03:56:37.308-0300] GC(3924) Metaspace: 119413K->119413K(1163264K)
[2020-08-06T03:56:37.308-0300] GC(3924) Pause Young (Allocation Failure) 141M->123M(147M) 4.827ms
[2020-08-06T03:56:37.308-0300] GC(3924) User=0.00s Sys=0.00s Real=0.01s
[2020-08-06T03:57:04.846-0300] GC(3925) Pause Young (Allocation Failure)
[2020-08-06T03:57:04.849-0300] GC(3925) PSYoungGen: 19136K->160K(19968K)
[2020-08-06T03:57:04.849-0300] GC(3925) ParOldGen: 126134K->126286K(130560K)
[2020-08-06T03:57:04.849-0300] GC(3925) Metaspace: 119413K->119413K(1163264K)
[2020-08-06T03:57:04.849-0300] GC(3925) Pause Young (Allocation Failure) 141M->123M(147M) 2.709ms
[2020-08-06T03:57:04.849-0300] GC(3925) User=0.00s Sys=0.00s Real=0.00s
[2020-08-06T03:57:28.295-0300] GC(3926) Pause Young (Allocation Failure)
[2020-08-06T03:57:28.299-0300] GC(3926) PSYoungGen: 19104K->336K(19968K)
[2020-08-06T03:57:28.299-0300] GC(3926) ParOldGen: 126286K->126318K(130560K)
[2020-08-06T03:57:28.299-0300] GC(3926) Metaspace: 119413K->119413K(1163264K)
[2020-08-06T03:57:28.299-0300] GC(3926) Pause Young (Allocation Failure) 141M->123M(147M) 3.687ms
[2020-08-06T03:57:28.299-0300] GC(3926) User=0.00s Sys=0.00s Real=0.00s
[2020-08-06T03:57:42.680-0300] GC(3927) Pause Young (Allocation Failure)
[2020-08-06T03:57:42.683-0300] GC(3927) PSYoungGen: 19280K->256K(19968K)
[2020-08-06T03:57:42.683-0300] GC(3927) ParOldGen: 126318K->126390K(130560K)
[2020-08-06T03:57:42.683-0300] GC(3927) Metaspace: 119413K->119413K(1163264K)
[2020-08-06T03:57:42.683-0300] GC(3927) Pause Young (Allocation Failure) 142M->123M(147M) 3.387ms
[2020-08-06T03:57:42.683-0300] GC(3927) User=0.00s Sys=0.00s Real=0.00s
[2020-08-06T03:57:54.847-0300] GC(3928) Pause Young (Allocation Failure)
[2020-08-06T03:57:54.850-0300] GC(3928) PSYoungGen: 19200K->337K(19968K)
[2020-08-06T03:57:54.850-0300] GC(3928) ParOldGen: 126390K->126531K(130560K)
[2020-08-06T03:57:54.850-0300] GC(3928) Metaspace: 119413K->119413K(1163264K)
[2020-08-06T03:57:54.850-0300] GC(3928) Pause Young (Allocation Failure) 142M->123M(147M) 2.773ms
[2020-08-06T03:57:54.850-0300] GC(3928) User=0.00s Sys=0.00s Real=0.00s
[2020-08-06T03:58:08.993-0300] GC(3929) Pause Young (Allocation Failure)
[2020-08-06T03:58:08.996-0300] GC(3929) PSYoungGen: 19281K->272K(19968K)
[2020-08-06T03:58:08.996-0300] GC(3929) ParOldGen: 126531K->126724K(130560K)
[2020-08-06T03:58:08.996-0300] GC(3929) Metaspace: 119413K->119413K(1163264K)
[2020-08-06T03:58:08.996-0300] GC(3929) Pause Young (Allocation Failure) 142M->124M(147M) 3.356ms
[2020-08-06T03:58:08.997-0300] GC(3929) User=0.00s Sys=0.00s Real=0.01s
[2020-08-06T03:58:21.436-0300] GC(3930) Pause Young (Allocation Failure)
[2020-08-06T03:58:21.440-0300] GC(3930) PSYoungGen: 19216K->320K(19968K)
[2020-08-06T03:58:21.440-0300] GC(3930) ParOldGen: 126724K->126901K(130560K)
[2020-08-06T03:58:21.440-0300] GC(3930) Metaspace: 119413K->119413K(1163264K)
[2020-08-06T03:58:21.440-0300] GC(3930) Pause Young (Allocation Failure) 142M->124M(147M) 4.143ms
[2020-08-06T03:58:21.441-0300] GC(3930) User=0.01s Sys=0.00s Real=0.00s
[2020-08-06T03:58:35.130-0300] GC(3931) Pause Young (Allocation Failure)
[2020-08-06T03:58:35.134-0300] GC(3931) PSYoungGen: 19264K->576K(19968K)
[2020-08-06T03:58:35.134-0300] GC(3931) ParOldGen: 126901K->127090K(130560K)
[2020-08-06T03:58:35.134-0300] GC(3931) Metaspace: 119413K->119413K(1163264K)
[2020-08-06T03:58:35.134-0300] GC(3931) Pause Young (Allocation Failure) 142M->124M(147M) 3.354ms
[2020-08-06T03:58:35.134-0300] GC(3931) User=0.00s Sys=0.00s Real=0.00s
[2020-08-06T03:58:36.452-0300] GC(3932) Pause Young (Allocation Failure)
[2020-08-06T03:58:36.455-0300] GC(3932) PSYoungGen: 19520K->352K(19968K)
[2020-08-06T03:58:36.455-0300] GC(3932) ParOldGen: 127090K->127586K(130560K)
[2020-08-06T03:58:36.455-0300] GC(3932) Metaspace: 119413K->119413K(1163264K)
[2020-08-06T03:58:36.455-0300] GC(3932) Pause Young (Allocation Failure) 143M->124M(147M) 3.049ms
[2020-08-06T03:58:36.455-0300] GC(3932) User=0.01s Sys=0.00s Real=0.01s
[2020-08-06T03:58:37.924-0300] GC(3933) Pause Young (Allocation Failure)
[2020-08-06T03:58:37.926-0300] GC(3933) PSYoungGen: 19296K->337K(19968K)
[2020-08-06T03:58:37.926-0300] GC(3933) ParOldGen: 127586K->127820K(130560K)
[2020-08-06T03:58:37.926-0300] GC(3933) Metaspace: 119413K->119413K(1163264K)
[2020-08-06T03:58:37.926-0300] GC(3933) Pause Young (Allocation Failure) 143M->125M(147M) 2.504ms
[2020-08-06T03:58:37.926-0300] GC(3933) User=0.01s Sys=0.00s Real=0.01s
[2020-08-06T03:58:39.116-0300] GC(3934) Pause Young (Allocation Failure)
[2020-08-06T03:58:39.119-0300] GC(3934) PSYoungGen: 19280K->512K(19968K)
[2020-08-06T03:58:39.119-0300] GC(3934) ParOldGen: 127820K->128049K(130560K)
[2020-08-06T03:58:39.119-0300] GC(3934) Metaspace: 119413K->119413K(1163264K)
[2020-08-06T03:58:39.119-0300] GC(3934) Pause Young (Allocation Failure) 143M->125M(147M) 3.331ms
[2020-08-06T03:58:39.119-0300] GC(3934) User=0.00s Sys=0.00s Real=0.00s
[2020-08-06T03:58:50.273-0300] GC(3935) Pause Young (Allocation Failure)
[2020-08-06T03:58:50.276-0300] GC(3935) PSYoungGen: 19456K->384K(19968K)
[2020-08-06T03:58:50.276-0300] GC(3935) ParOldGen: 128049K->128325K(130560K)
[2020-08-06T03:58:50.276-0300] GC(3935) Metaspace: 119413K->119413K(1163264K)
[2020-08-06T03:58:50.276-0300] GC(3935) Pause Young (Allocation Failure) 144M->125M(147M) 3.161ms
[2020-08-06T03:58:50.276-0300] GC(3935) User=0.00s Sys=0.00s Real=0.01s
[2020-08-06T03:59:15.347-0300] GC(3936) Pause Young (Allocation Failure)
[2020-08-06T03:59:15.350-0300] GC(3936) PSYoungGen: 19328K->864K(19968K)
[2020-08-06T03:59:15.350-0300] GC(3936) ParOldGen: 128325K->128605K(130560K)
[2020-08-06T03:59:15.350-0300] GC(3936) Metaspace: 119413K->119413K(1163264K)
[2020-08-06T03:59:15.350-0300] GC(3936) Pause Young (Allocation Failure) 144M->126M(147M) 2.589ms
[2020-08-06T03:59:15.350-0300] GC(3936) User=0.00s Sys=0.00s Real=0.00s
[2020-08-06T03:59:39.554-0300] GC(3937) Pause Young (Allocation Failure)
[2020-08-06T03:59:39.557-0300] GC(3937) PSYoungGen: 19808K->448K(19968K)
[2020-08-06T03:59:39.557-0300] GC(3937) ParOldGen: 128605K->129261K(130560K)
[2020-08-06T03:59:39.557-0300] GC(3937) Metaspace: 119413K->119413K(1163264K)
[2020-08-06T03:59:39.557-0300] GC(3937) Pause Young (Allocation Failure) 144M->126M(147M) 3.338ms
[2020-08-06T03:59:39.557-0300] GC(3937) User=0.01s Sys=0.00s Real=0.01s
[2020-08-06T03:59:50.161-0300] GC(3938) Pause Young (Allocation Failure)
[2020-08-06T03:59:50.164-0300] GC(3938) PSYoungGen: 19391K->432K(19968K)
[2020-08-06T03:59:50.164-0300] GC(3938) ParOldGen: 129261K->129581K(130560K)
[2020-08-06T03:59:50.164-0300] GC(3938) Metaspace: 119413K->119413K(1163264K)
[2020-08-06T03:59:50.164-0300] GC(3938) Pause Young (Allocation Failure) 145M->126M(147M) 2.739ms
[2020-08-06T03:59:50.164-0300] GC(3938) User=0.01s Sys=0.00s Real=0.00s
[2020-08-06T04:00:05.345-0300] GC(3939) Pause Young (Allocation Failure)
[2020-08-06T04:00:05.348-0300] GC(3939) PSYoungGen: 19376K->512K(19968K)
[2020-08-06T04:00:05.348-0300] GC(3939) ParOldGen: 129581K->129886K(130560K)
[2020-08-06T04:00:05.348-0300] GC(3939) Metaspace: 119413K->119413K(1163264K)
[2020-08-06T04:00:05.348-0300] GC(3939) Pause Young (Allocation Failure) 145M->127M(147M) 3.030ms
[2020-08-06T04:00:05.348-0300] GC(3939) User=0.00s Sys=0.00s Real=0.00s
[2020-08-06T04:00:11.946-0300] GC(3940) Pause Young (Allocation Failure)
[2020-08-06T04:00:11.949-0300] GC(3940) PSYoungGen: 19452K->512K(19968K)
[2020-08-06T04:00:11.949-0300] GC(3940) ParOldGen: 129886K->130179K(130560K)
[2020-08-06T04:00:11.949-0300] GC(3940) Metaspace: 119413K->119413K(1163264K)
[2020-08-06T04:00:11.949-0300] GC(3940) Pause Young (Allocation Failure) 145M->127M(147M) 3.292ms
[2020-08-06T04:00:11.949-0300] GC(3940) User=0.00s Sys=0.00s Real=0.00s
[2020-08-06T04:00:11.949-0300] GC(3941) Pause Full (Ergonomics)
[2020-08-06T04:00:11.949-0300] GC(3941) Marking Phase
[2020-08-06T04:00:12.026-0300] GC(3941) Marking Phase 76.867ms
[2020-08-06T04:00:12.026-0300] GC(3941) Summary Phase
[2020-08-06T04:00:12.026-0300] GC(3941) Summary Phase 0.014ms
[2020-08-06T04:00:12.026-0300] GC(3941) Adjust Roots
[2020-08-06T04:00:12.056-0300] GC(3941) Adjust Roots 29.920ms
[2020-08-06T04:00:12.056-0300] GC(3941) Compaction Phase
[2020-08-06T04:00:12.100-0300] GC(3941) Compaction Phase 43.827ms
[2020-08-06T04:00:12.100-0300] GC(3941) Post Compact
[2020-08-06T04:00:12.101-0300] GC(3941) Post Compact 0.646ms
[2020-08-06T04:00:12.101-0300] GC(3941) PSYoungGen: 512K->0K(19968K)
[2020-08-06T04:00:12.101-0300] GC(3941) ParOldGen: 130179K->103584K(130048K)
[2020-08-06T04:00:12.101-0300] GC(3941) Metaspace: 119413K->119413K(1163264K)
[2020-08-06T04:00:12.101-0300] GC(3941) Pause Full (Ergonomics) 127M->101M(146M) 151.596ms
[2020-08-06T04:00:12.101-0300] GC(3941) User=0.36s Sys=0.00s Real=0.15s
[2020-08-06T04:00:13.340-0300] GC(3942) Pause Young (Allocation Failure)
[2020-08-06T04:00:13.343-0300] GC(3942) PSYoungGen: 18944K->480K(19968K)
[2020-08-06T04:00:13.343-0300] GC(3942) ParOldGen: 103584K->103584K(130048K)
[2020-08-06T04:00:13.343-0300] GC(3942) Metaspace: 119413K->119413K(1163264K)
[2020-08-06T04:00:13.343-0300] GC(3942) Pause Young (Allocation Failure) 119M->101M(146M) 2.586ms
[2020-08-06T04:00:13.343-0300] GC(3942) User=0.01s Sys=0.00s Real=0.00s
[2020-08-06T04:00:14.569-0300] GC(3943) Pause Young (Allocation Failure)
[2020-08-06T04:00:14.572-0300] GC(3943) PSYoungGen: 19424K->337K(19968K)
[2020-08-06T04:00:14.572-0300] GC(3943) ParOldGen: 103584K->103917K(130048K)
[2020-08-06T04:00:14.572-0300] GC(3943) Metaspace: 119413K->119413K(1163264K)
[2020-08-06T04:00:14.572-0300] GC(3943) Pause Young (Allocation Failure) 120M->101M(146M) 2.428ms
[2020-08-06T04:00:14.572-0300] GC(3943) User=0.00s Sys=0.00s Real=0.00s
[2020-08-06T04:00:15.801-0300] GC(3944) Pause Young (Allocation Failure)
[2020-08-06T04:00:15.804-0300] GC(3944) PSYoungGen: 19281K->336K(19968K)
[2020-08-06T04:00:15.804-0300] GC(3944) ParOldGen: 103917K->104154K(130048K)
[2020-08-06T04:00:15.804-0300] GC(3944) Metaspace: 119413K->119413K(1163264K)
[2020-08-06T04:00:15.804-0300] GC(3944) Pause Young (Allocation Failure) 120M->102M(146M) 3.073ms
[2020-08-06T04:00:15.804-0300] GC(3944) User=0.01s Sys=0.00s Real=0.00s
[2020-08-06T04:00:17.276-0300] GC(3945) Pause Young (Allocation Failure)
[2020-08-06T04:00:17.278-0300] GC(3945) PSYoungGen: 19279K->401K(19968K)
[2020-08-06T04:00:17.278-0300] GC(3945) ParOldGen: 104154K->104399K(130048K)
[2020-08-06T04:00:17.278-0300] GC(3945) Metaspace: 119413K->119413K(1163264K)
[2020-08-06T04:00:17.278-0300] GC(3945) Pause Young (Allocation Failure) 120M->102M(146M) 2.423ms
[2020-08-06T04:00:17.278-0300] GC(3945) User=0.01s Sys=0.00s Real=0.00s
[2020-08-06T04:00:19.849-0300] GC(3946) Pause Young (Allocation Failure)
[2020-08-06T04:00:19.852-0300] GC(3946) PSYoungGen: 19322K->315K(19968K)
[2020-08-06T04:00:19.852-0300] GC(3946) ParOldGen: 104399K->104580K(130048K)
[2020-08-06T04:00:19.852-0300] GC(3946) Metaspace: 119414K->119414K(1163264K)
[2020-08-06T04:00:19.852-0300] GC(3946) Pause Young (Allocation Failure) 120M->102M(146M) 3.201ms
[2020-08-06T04:00:19.852-0300] GC(3946) User=0.00s Sys=0.00s Real=0.00s
[2020-08-06T04:00:45.363-0300] GC(3947) Pause Young (Allocation Failure)
[2020-08-06T04:00:45.366-0300] GC(3947) PSYoungGen: 19259K->576K(19968K)
[2020-08-06T04:00:45.366-0300] GC(3947) ParOldGen: 104580K->104664K(130048K)
[2020-08-06T04:00:45.366-0300] GC(3947) Metaspace: 119414K->119414K(1163264K)
[2020-08-06T04:00:45.366-0300] GC(3947) Pause Young (Allocation Failure) 120M->102M(146M) 3.371ms
[2020-08-06T04:00:45.366-0300] GC(3947) User=0.00s Sys=0.00s Real=0.01s
[2020-08-06T04:01:12.374-0300] GC(3948) Pause Young (Allocation Failure)
[2020-08-06T04:01:12.377-0300] GC(3948) PSYoungGen: 19520K->544K(19968K)
[2020-08-06T04:01:12.377-0300] GC(3948) ParOldGen: 104664K->105024K(130048K)
[2020-08-06T04:01:12.377-0300] GC(3948) Metaspace: 119414K->119414K(1163264K)
[2020-08-06T04:01:12.377-0300] GC(3948) Pause Young (Allocation Failure) 121M->103M(146M) 2.615ms
[2020-08-06T04:01:12.377-0300] GC(3948) User=0.00s Sys=0.00s Real=0.00s
[2020-08-06T04:01:27.375-0300] GC(3949) Pause Young (Allocation Failure)
[2020-08-06T04:01:27.377-0300] GC(3949) PSYoungGen: 19488K->384K(19968K)
[2020-08-06T04:01:27.377-0300] GC(3949) ParOldGen: 105024K->105416K(130048K)
[2020-08-06T04:01:27.377-0300] GC(3949) Metaspace: 119414K->119414K(1163264K)
[2020-08-06T04:01:27.377-0300] GC(3949) Pause Young (Allocation Failure) 121M->103M(146M) 2.474ms
[2020-08-06T04:01:27.377-0300] GC(3949) User=0.00s Sys=0.00s Real=0.00s
[2020-08-06T04:01:54.846-0300] GC(3950) Pause Young (Allocation Failure)
[2020-08-06T04:01:54.849-0300] GC(3950) PSYoungGen: 19328K->160K(19968K)
[2020-08-06T04:01:54.849-0300] GC(3950) ParOldGen: 105416K->105600K(130048K)
[2020-08-06T04:01:54.849-0300] GC(3950) Metaspace: 119414K->119414K(1163264K)
[2020-08-06T04:01:54.849-0300] GC(3950) Pause Young (Allocation Failure) 121M->103M(146M) 2.566ms
[2020-08-06T04:01:54.849-0300] GC(3950) User=0.01s Sys=0.00s Real=0.00s
[2020-08-06T04:02:18.552-0300] GC(3951) Pause Young (Allocation Failure)
[2020-08-06T04:02:18.554-0300] GC(3951) PSYoungGen: 19104K->192K(19968K)
[2020-08-06T04:02:18.554-0300] GC(3951) ParOldGen: 105600K->105616K(130048K)
[2020-08-06T04:02:18.554-0300] GC(3951) Metaspace: 119414K->119414K(1163264K)
[2020-08-06T04:02:18.554-0300] GC(3951) Pause Young (Allocation Failure) 121M->103M(146M) 2.415ms
[2020-08-06T04:02:18.554-0300] GC(3951) User=0.01s Sys=0.00s Real=0.01s
[2020-08-06T04:02:29.846-0300] GC(3952) Pause Young (Allocation Failure)
[2020-08-06T04:02:29.849-0300] GC(3952) PSYoungGen: 19136K->448K(19968K)
[2020-08-06T04:02:29.849-0300] GC(3952) ParOldGen: 105616K->105648K(130048K)
[2020-08-06T04:02:29.849-0300] GC(3952) Metaspace: 119414K->119414K(1163264K)
[2020-08-06T04:02:29.849-0300] GC(3952) Pause Young (Allocation Failure) 121M->103M(146M) 2.937ms
[2020-08-06T04:02:29.849-0300] GC(3952) User=0.01s Sys=0.00s Real=0.00s
[2020-08-06T04:02:44.787-0300] GC(3953) Pause Young (Allocation Failure)
[2020-08-06T04:02:44.790-0300] GC(3953) PSYoungGen: 19392K->288K(19968K)
[2020-08-06T04:02:44.790-0300] GC(3953) ParOldGen: 105648K->105841K(130048K)
[2020-08-06T04:02:44.790-0300] GC(3953) Metaspace: 119414K->119414K(1163264K)
[2020-08-06T04:02:44.790-0300] GC(3953) Pause Young (Allocation Failure) 122M->103M(146M) 2.599ms
[2020-08-06T04:02:44.790-0300] GC(3953) User=0.00s Sys=0.00s Real=0.00s
[2020-08-06T04:02:58.080-0300] GC(3954) Pause Young (Allocation Failure)
[2020-08-06T04:02:58.082-0300] GC(3954) PSYoungGen: 19232K->320K(19968K)
[2020-08-06T04:02:58.082-0300] GC(3954) ParOldGen: 105841K->106022K(130048K)
[2020-08-06T04:02:58.082-0300] GC(3954) Metaspace: 119414K->119414K(1163264K)
[2020-08-06T04:02:58.082-0300] GC(3954) Pause Young (Allocation Failure) 122M->103M(146M) 2.731ms
[2020-08-06T04:02:58.082-0300] GC(3954) User=0.01s Sys=0.00s Real=0.00s
[2020-08-06T04:03:11.079-0300] GC(3955) Pause Young (Allocation Failure)
[2020-08-06T04:03:11.082-0300] GC(3955) PSYoungGen: 19264K->272K(19968K)
[2020-08-06T04:03:11.082-0300] GC(3955) ParOldGen: 106022K->106207K(130048K)
[2020-08-06T04:03:11.082-0300] GC(3955) Metaspace: 119414K->119414K(1163264K)
[2020-08-06T04:03:11.082-0300] GC(3955) Pause Young (Allocation Failure) 122M->103M(146M) 2.580ms
[2020-08-06T04:03:11.082-0300] GC(3955) User=0.00s Sys=0.00s Real=0.00s
[2020-08-06T04:03:24.847-0300] GC(3956) Pause Young (Allocation Failure)
[2020-08-06T04:03:24.850-0300] GC(3956) PSYoungGen: 19216K->336K(19968K)
[2020-08-06T04:03:24.851-0300] GC(3956) ParOldGen: 106207K->106344K(130048K)
[2020-08-06T04:03:24.851-0300] GC(3956) Metaspace: 119414K->119414K(1163264K)
[2020-08-06T04:03:24.851-0300] GC(3956) Pause Young (Allocation Failure) 122M->104M(146M) 3.221ms
[2020-08-06T04:03:24.851-0300] GC(3956) User=0.00s Sys=0.00s Real=0.00s
[2020-08-06T04:03:37.372-0300] GC(3957) Pause Young (Allocation Failure)
[2020-08-06T04:03:37.375-0300] GC(3957) PSYoungGen: 19280K->720K(19968K)
[2020-08-06T04:03:37.375-0300] GC(3957) ParOldGen: 106344K->106613K(130048K)
[2020-08-06T04:03:37.375-0300] GC(3957) Metaspace: 119414K->119414K(1163264K)
[2020-08-06T04:03:37.375-0300] GC(3957) Pause Young (Allocation Failure) 122M->104M(146M) 3.042ms
[2020-08-06T04:03:37.375-0300] GC(3957) User=0.01s Sys=0.00s Real=0.01s
[2020-08-06T04:03:51.475-0300] GC(3958) Pause Young (Allocation Failure)
[2020-08-06T04:03:51.478-0300] GC(3958) PSYoungGen: 19664K->625K(19968K)
[2020-08-06T04:03:51.478-0300] GC(3958) ParOldGen: 106613K->107093K(130048K)
[2020-08-06T04:03:51.478-0300] GC(3958) Metaspace: 119414K->119414K(1163264K)
[2020-08-06T04:03:51.478-0300] GC(3958) Pause Young (Allocation Failure) 123M->105M(146M) 3.079ms
[2020-08-06T04:03:51.478-0300] GC(3958) User=0.00s Sys=0.00s Real=0.00s
[2020-08-06T04:04:03.783-0300] GC(3959) Pause Young (Allocation Failure)
[2020-08-06T04:04:03.785-0300] GC(3959) PSYoungGen: 19569K->608K(19968K)
[2020-08-06T04:04:03.785-0300] GC(3959) ParOldGen: 107093K->107627K(130048K)
[2020-08-06T04:04:03.785-0300] GC(3959) Metaspace: 119414K->119414K(1163264K)
[2020-08-06T04:04:03.785-0300] GC(3959) Pause Young (Allocation Failure) 123M->105M(146M) 2.689ms
[2020-08-06T04:04:03.785-0300] GC(3959) User=0.01s Sys=0.00s Real=0.01s
[2020-08-06T04:04:14.389-0300] GC(3960) Pause Young (Allocation Failure)
[2020-08-06T04:04:14.393-0300] GC(3960) PSYoungGen: 19552K->560K(19968K)
[2020-08-06T04:04:14.393-0300] GC(3960) ParOldGen: 107627K->108072K(130048K)
[2020-08-06T04:04:14.393-0300] GC(3960) Metaspace: 119414K->119414K(1163264K)
[2020-08-06T04:04:14.393-0300] GC(3960) Pause Young (Allocation Failure) 124M->106M(146M) 3.965ms
[2020-08-06T04:04:14.393-0300] GC(3960) User=0.00s Sys=0.00s Real=0.00s
[2020-08-06T04:04:24.959-0300] GC(3961) Pause Young (Allocation Failure)
[2020-08-06T04:04:24.962-0300] GC(3961) PSYoungGen: 19504K->496K(19968K)
[2020-08-06T04:04:24.962-0300] GC(3961) ParOldGen: 108072K->108505K(130048K)
[2020-08-06T04:04:24.962-0300] GC(3961) Metaspace: 119415K->119415K(1163264K)
[2020-08-06T04:04:24.962-0300] GC(3961) Pause Young (Allocation Failure) 124M->106M(146M) 3.384ms
[2020-08-06T04:04:24.962-0300] GC(3961) User=0.01s Sys=0.00s Real=0.00s
[2020-08-06T04:04:39.849-0300] GC(3962) Pause Young (Allocation Failure)
[2020-08-06T04:04:39.851-0300] GC(3962) PSYoungGen: 19440K->608K(19968K)
[2020-08-06T04:04:39.851-0300] GC(3962) ParOldGen: 108505K->108894K(130048K)
[2020-08-06T04:04:39.851-0300] GC(3962) Metaspace: 119447K->119447K(1163264K)
[2020-08-06T04:04:39.851-0300] GC(3962) Pause Young (Allocation Failure) 124M->106M(146M) 2.671ms
[2020-08-06T04:04:39.851-0300] GC(3962) User=0.00s Sys=0.00s Real=0.00s
[2020-08-06T04:04:51.370-0300] GC(3963) Pause Young (Allocation Failure)
[2020-08-06T04:04:51.373-0300] GC(3963) PSYoungGen: 19552K->528K(19968K)
[2020-08-06T04:04:51.373-0300] GC(3963) ParOldGen: 108894K->109334K(130048K)
[2020-08-06T04:04:51.373-0300] GC(3963) Metaspace: 119447K->119447K(1163264K)
[2020-08-06T04:04:51.373-0300] GC(3963) Pause Young (Allocation Failure) 125M->107M(146M) 2.624ms
[2020-08-06T04:04:51.373-0300] GC(3963) User=0.01s Sys=0.00s Real=0.00s
[2020-08-06T04:05:06.369-0300] GC(3964) Pause Young (Allocation Failure)
[2020-08-06T04:05:06.372-0300] GC(3964) PSYoungGen: 19472K->464K(19968K)
[2020-08-06T04:05:06.372-0300] GC(3964) ParOldGen: 109334K->109691K(130048K)
[2020-08-06T04:05:06.372-0300] GC(3964) Metaspace: 119447K->119447K(1163264K)
[2020-08-06T04:05:06.372-0300] GC(3964) Pause Young (Allocation Failure) 125M->107M(146M) 3.388ms
[2020-08-06T04:05:06.372-0300] GC(3964) User=0.01s Sys=0.00s Real=0.00s
[2020-08-06T04:05:17.612-0300] GC(3965) Pause Young (Allocation Failure)
[2020-08-06T04:05:17.615-0300] GC(3965) PSYoungGen: 19407K->608K(19968K)
[2020-08-06T04:05:17.615-0300] GC(3965) ParOldGen: 109691K->109972K(130048K)
[2020-08-06T04:05:17.615-0300] GC(3965) Metaspace: 119447K->119447K(1163264K)
[2020-08-06T04:05:17.615-0300] GC(3965) Pause Young (Allocation Failure) 126M->107M(146M) 2.749ms
[2020-08-06T04:05:17.615-0300] GC(3965) User=0.00s Sys=0.01s Real=0.01s
[2020-08-06T04:05:28.455-0300] GC(3966) Pause Young (Allocation Failure)
[2020-08-06T04:05:28.457-0300] GC(3966) PSYoungGen: 19552K->352K(19968K)
[2020-08-06T04:05:28.457-0300] GC(3966) ParOldGen: 109972K->110453K(130048K)
[2020-08-06T04:05:28.457-0300] GC(3966) Metaspace: 119447K->119447K(1163264K)
[2020-08-06T04:05:28.457-0300] GC(3966) Pause Young (Allocation Failure) 126M->108M(146M) 2.407ms
[2020-08-06T04:05:28.457-0300] GC(3966) User=0.00s Sys=0.00s Real=0.00s
[2020-08-06T04:05:29.715-0300] GC(3967) Pause Young (Allocation Failure)
[2020-08-06T04:05:29.717-0300] GC(3967) PSYoungGen: 19296K->320K(19968K)
[2020-08-06T04:05:29.717-0300] GC(3967) ParOldGen: 110453K->110702K(130048K)
[2020-08-06T04:05:29.717-0300] GC(3967) Metaspace: 119447K->119447K(1163264K)
[2020-08-06T04:05:29.717-0300] GC(3967) Pause Young (Allocation Failure) 126M->108M(146M) 2.404ms
[2020-08-06T04:05:29.717-0300] GC(3967) User=0.01s Sys=0.00s Real=0.00s
[2020-08-06T04:05:30.701-0300] GC(3968) Pause Young (Allocation Failure)
[2020-08-06T04:05:30.703-0300] GC(3968) PSYoungGen: 19264K->337K(19968K)
[2020-08-06T04:05:30.703-0300] GC(3968) ParOldGen: 110702K->110911K(130048K)
[2020-08-06T04:05:30.703-0300] GC(3968) Metaspace: 119447K->119447K(1163264K)
[2020-08-06T04:05:30.703-0300] GC(3968) Pause Young (Allocation Failure) 126M->108M(146M) 2.312ms
[2020-08-06T04:05:30.703-0300] GC(3968) User=0.01s Sys=0.00s Real=0.00s
[2020-08-06T04:05:49.847-0300] GC(3969) Pause Young (Allocation Failure)
[2020-08-06T04:05:49.850-0300] GC(3969) PSYoungGen: 19281K->512K(19968K)
[2020-08-06T04:05:49.850-0300] GC(3969) ParOldGen: 110911K->111047K(130048K)
[2020-08-06T04:05:49.850-0300] GC(3969) Metaspace: 119447K->119447K(1163264K)
[2020-08-06T04:05:49.850-0300] GC(3969) Pause Young (Allocation Failure) 127M->108M(146M) 2.502ms
[2020-08-06T04:05:49.850-0300] GC(3969) User=0.01s Sys=0.00s Real=0.00s
[2020-08-06T04:06:15.368-0300] GC(3970) Pause Young (Allocation Failure)
[2020-08-06T04:06:15.372-0300] GC(3970) PSYoungGen: 19456K->384K(19968K)
[2020-08-06T04:06:15.372-0300] GC(3970) ParOldGen: 111047K->111371K(130048K)
[2020-08-06T04:06:15.372-0300] GC(3970) Metaspace: 119447K->119447K(1163264K)
[2020-08-06T04:06:15.372-0300] GC(3970) Pause Young (Allocation Failure) 127M->109M(146M) 4.534ms
[2020-08-06T04:06:15.372-0300] GC(3970) User=0.01s Sys=0.00s Real=0.00s
[2020-08-06T04:06:35.547-0300] GC(3971) Pause Young (Allocation Failure)
[2020-08-06T04:06:35.550-0300] GC(3971) PSYoungGen: 19328K->320K(19968K)
[2020-08-06T04:06:35.550-0300] GC(3971) ParOldGen: 111371K->111659K(130048K)
[2020-08-06T04:06:35.550-0300] GC(3971) Metaspace: 119447K->119447K(1163264K)
[2020-08-06T04:06:35.550-0300] GC(3971) Pause Young (Allocation Failure) 127M->109M(146M) 3.130ms
[2020-08-06T04:06:35.550-0300] GC(3971) User=0.00s Sys=0.00s Real=0.00s
[2020-08-06T04:06:48.367-0300] GC(3972) Pause Young (Allocation Failure)
[2020-08-06T04:06:48.370-0300] GC(3972) PSYoungGen: 19264K->369K(19968K)
[2020-08-06T04:06:48.370-0300] GC(3972) ParOldGen: 111659K->111876K(130048K)
[2020-08-06T04:06:48.370-0300] GC(3972) Metaspace: 119447K->119447K(1163264K)
[2020-08-06T04:06:48.370-0300] GC(3972) Pause Young (Allocation Failure) 127M->109M(146M) 2.807ms
[2020-08-06T04:06:48.370-0300] GC(3972) User=0.01s Sys=0.00s Real=0.00s
[2020-08-06T04:07:02.602-0300] GC(3973) Pause Young (Allocation Failure)
[2020-08-06T04:07:02.605-0300] GC(3973) PSYoungGen: 19313K->320K(19968K)
[2020-08-06T04:07:02.605-0300] GC(3973) ParOldGen: 111876K->112061K(130048K)
[2020-08-06T04:07:02.605-0300] GC(3973) Metaspace: 119447K->119447K(1163264K)
[2020-08-06T04:07:02.605-0300] GC(3973) Pause Young (Allocation Failure) 128M->109M(146M) 3.563ms
[2020-08-06T04:07:02.605-0300] GC(3973) User=0.01s Sys=0.00s Real=0.01s
[2020-08-06T04:07:03.882-0300] GC(3974) Pause Young (Allocation Failure)
[2020-08-06T04:07:03.885-0300] GC(3974) PSYoungGen: 19264K->304K(19968K)
[2020-08-06T04:07:03.885-0300] GC(3974) ParOldGen: 112061K->112325K(130048K)
[2020-08-06T04:07:03.885-0300] GC(3974) Metaspace: 119447K->119447K(1163264K)
[2020-08-06T04:07:03.885-0300] GC(3974) Pause Young (Allocation Failure) 128M->109M(146M) 2.997ms
[2020-08-06T04:07:03.885-0300] GC(3974) User=0.01s Sys=0.00s Real=0.01s
[2020-08-06T04:07:05.133-0300] GC(3975) Pause Young (Allocation Failure)
[2020-08-06T04:07:05.136-0300] GC(3975) PSYoungGen: 19248K->352K(19968K)
[2020-08-06T04:07:05.136-0300] GC(3975) ParOldGen: 112325K->112526K(130048K)
[2020-08-06T04:07:05.136-0300] GC(3975) Metaspace: 119447K->119447K(1163264K)
[2020-08-06T04:07:05.136-0300] GC(3975) Pause Young (Allocation Failure) 128M->110M(146M) 2.615ms
[2020-08-06T04:07:05.136-0300] GC(3975) User=0.00s Sys=0.00s Real=0.01s
[2020-08-06T04:07:06.562-0300] GC(3976) Pause Young (Allocation Failure)
[2020-08-06T04:07:06.564-0300] GC(3976) PSYoungGen: 19296K->353K(19968K)
[2020-08-06T04:07:06.564-0300] GC(3976) ParOldGen: 112526K->112739K(130048K)
[2020-08-06T04:07:06.564-0300] GC(3976) Metaspace: 119447K->119447K(1163264K)
[2020-08-06T04:07:06.564-0300] GC(3976) Pause Young (Allocation Failure) 128M->110M(146M) 2.405ms
[2020-08-06T04:07:06.564-0300] GC(3976) User=0.01s Sys=0.00s Real=0.01s
[2020-08-06T04:07:07.914-0300] GC(3977) Pause Young (Allocation Failure)
[2020-08-06T04:07:07.917-0300] GC(3977) PSYoungGen: 19297K->337K(19968K)
[2020-08-06T04:07:07.917-0300] GC(3977) ParOldGen: 112739K->112977K(130048K)
[2020-08-06T04:07:07.917-0300] GC(3977) Metaspace: 119447K->119447K(1163264K)
[2020-08-06T04:07:07.917-0300] GC(3977) Pause Young (Allocation Failure) 128M->110M(146M) 2.754ms
[2020-08-06T04:07:07.917-0300] GC(3977) User=0.01s Sys=0.00s Real=0.00s
[2020-08-06T04:07:08.960-0300] GC(3978) Pause Young (Allocation Failure)
[2020-08-06T04:07:08.965-0300] GC(3978) PSYoungGen: 19281K->304K(19968K)
[2020-08-06T04:07:08.965-0300] GC(3978) ParOldGen: 112977K->113190K(130048K)
[2020-08-06T04:07:08.965-0300] GC(3978) Metaspace: 119447K->119447K(1163264K)
[2020-08-06T04:07:08.965-0300] GC(3978) Pause Young (Allocation Failure) 129M->110M(146M) 4.323ms
[2020-08-06T04:07:08.965-0300] GC(3978) User=0.01s Sys=0.00s Real=0.01s
[2020-08-06T04:07:23.366-0300] GC(3979) Pause Young (Allocation Failure)
[2020-08-06T04:07:23.369-0300] GC(3979) PSYoungGen: 19248K->384K(19968K)
[2020-08-06T04:07:23.369-0300] GC(3979) ParOldGen: 113190K->113254K(130048K)
[2020-08-06T04:07:23.369-0300] GC(3979) Metaspace: 119447K->119447K(1163264K)
[2020-08-06T04:07:23.369-0300] GC(3979) Pause Young (Allocation Failure) 129M->110M(146M) 3.221ms
[2020-08-06T04:07:23.369-0300] GC(3979) User=0.00s Sys=0.00s Real=0.00s
[2020-08-06T04:07:49.846-0300] GC(3980) Pause Young (Allocation Failure)
[2020-08-06T04:07:49.849-0300] GC(3980) PSYoungGen: 19328K->160K(19968K)
[2020-08-06T04:07:49.849-0300] GC(3980) ParOldGen: 113254K->113302K(130048K)
[2020-08-06T04:07:49.849-0300] GC(3980) Metaspace: 119447K->119447K(1163264K)
[2020-08-06T04:07:49.849-0300] GC(3980) Pause Young (Allocation Failure) 129M->110M(146M) 3.568ms
[2020-08-06T04:07:49.849-0300] GC(3980) User=0.01s Sys=0.00s Real=0.00s
[2020-08-06T04:08:09.682-0300] GC(3981) Pause Young (Allocation Failure)
[2020-08-06T04:08:09.685-0300] GC(3981) PSYoungGen: 19103K->176K(19968K)
[2020-08-06T04:08:09.685-0300] GC(3981) ParOldGen: 113302K->113366K(130048K)
[2020-08-06T04:08:09.685-0300] GC(3981) Metaspace: 119447K->119447K(1163264K)
[2020-08-06T04:08:09.685-0300] GC(3981) Pause Young (Allocation Failure) 129M->110M(146M) 2.966ms
[2020-08-06T04:08:09.685-0300] GC(3981) User=0.00s Sys=0.00s Real=0.01s
[2020-08-06T04:08:29.848-0300] GC(3982) Pause Young (Allocation Failure)
[2020-08-06T04:08:29.851-0300] GC(3982) PSYoungGen: 19120K->384K(19968K)
[2020-08-06T04:08:29.851-0300] GC(3982) ParOldGen: 113366K->113418K(130048K)
[2020-08-06T04:08:29.851-0300] GC(3982) Metaspace: 119447K->119447K(1163264K)
[2020-08-06T04:08:29.851-0300] GC(3982) Pause Young (Allocation Failure) 129M->111M(146M) 3.351ms
[2020-08-06T04:08:29.852-0300] GC(3982) User=0.01s Sys=0.00s Real=0.00s
[2020-08-06T04:08:55.364-0300] GC(3983) Pause Young (Allocation Failure)
[2020-08-06T04:08:55.367-0300] GC(3983) PSYoungGen: 19328K->864K(19968K)
[2020-08-06T04:08:55.367-0300] GC(3983) ParOldGen: 113418K->113678K(130048K)
[2020-08-06T04:08:55.367-0300] GC(3983) Metaspace: 119447K->119447K(1163264K)
[2020-08-06T04:08:55.367-0300] GC(3983) Pause Young (Allocation Failure) 129M->111M(146M) 2.703ms
[2020-08-06T04:08:55.367-0300] GC(3983) User=0.01s Sys=0.00s Real=0.00s
[2020-08-06T04:09:15.122-0300] GC(3984) Pause Young (Allocation Failure)
[2020-08-06T04:09:15.124-0300] GC(3984) PSYoungGen: 19808K->704K(19968K)
[2020-08-06T04:09:15.124-0300] GC(3984) ParOldGen: 113678K->114374K(130048K)
[2020-08-06T04:09:15.124-0300] GC(3984) Metaspace: 119447K->119447K(1163264K)
[2020-08-06T04:09:15.124-0300] GC(3984) Pause Young (Allocation Failure) 130M->112M(146M) 2.889ms
[2020-08-06T04:09:15.124-0300] GC(3984) User=0.00s Sys=0.00s Real=0.01s
[2020-08-06T04:09:26.569-0300] GC(3985) Pause Young (Allocation Failure)
[2020-08-06T04:09:26.573-0300] GC(3985) PSYoungGen: 19648K->432K(19968K)
[2020-08-06T04:09:26.573-0300] GC(3985) ParOldGen: 114374K->114926K(130048K)
[2020-08-06T04:09:26.573-0300] GC(3985) Metaspace: 119447K->119447K(1163264K)
[2020-08-06T04:09:26.573-0300] GC(3985) Pause Young (Allocation Failure) 130M->112M(146M) 3.172ms
[2020-08-06T04:09:26.573-0300] GC(3985) User=0.01s Sys=0.00s Real=0.00s
[2020-08-06T04:09:41.346-0300] GC(3986) Pause Young (Allocation Failure)
[2020-08-06T04:09:41.349-0300] GC(3986) PSYoungGen: 19376K->400K(19968K)
[2020-08-06T04:09:41.349-0300] GC(3986) ParOldGen: 114926K->115260K(130048K)
[2020-08-06T04:09:41.349-0300] GC(3986) Metaspace: 119447K->119447K(1163264K)
[2020-08-06T04:09:41.349-0300] GC(3986) Pause Young (Allocation Failure) 131M->112M(146M) 2.951ms
[2020-08-06T04:09:41.349-0300] GC(3986) User=0.00s Sys=0.00s Real=0.00s
[2020-08-06T04:09:42.657-0300] GC(3987) Pause Young (Allocation Failure)
[2020-08-06T04:09:42.659-0300] GC(3987) PSYoungGen: 19334K->352K(19968K)
[2020-08-06T04:09:42.659-0300] GC(3987) ParOldGen: 115260K->115540K(130048K)
[2020-08-06T04:09:42.659-0300] GC(3987) Metaspace: 119447K->119447K(1163264K)
[2020-08-06T04:09:42.659-0300] GC(3987) Pause Young (Allocation Failure) 131M->113M(146M) 2.845ms
[2020-08-06T04:09:42.659-0300] GC(3987) User=0.01s Sys=0.00s Real=0.00s
[2020-08-06T04:09:44.069-0300] GC(3988) Pause Young (Allocation Failure)
[2020-08-06T04:09:44.071-0300] GC(3988) PSYoungGen: 19296K->305K(19968K)
[2020-08-06T04:09:44.071-0300] GC(3988) ParOldGen: 115540K->115773K(130048K)
[2020-08-06T04:09:44.071-0300] GC(3988) Metaspace: 119447K->119447K(1163264K)
[2020-08-06T04:09:44.072-0300] GC(3988) Pause Young (Allocation Failure) 131M->113M(146M) 2.783ms
[2020-08-06T04:09:44.072-0300] GC(3988) User=0.00s Sys=0.00s Real=0.00s
[2020-08-06T04:09:45.363-0300] GC(3989) Pause Young (Allocation Failure)
[2020-08-06T04:09:45.365-0300] GC(3989) PSYoungGen: 19249K->401K(19968K)
[2020-08-06T04:09:45.365-0300] GC(3989) ParOldGen: 115773K->116003K(130048K)
[2020-08-06T04:09:45.365-0300] GC(3989) Metaspace: 119447K->119447K(1163264K)
[2020-08-06T04:09:45.365-0300] GC(3989) Pause Young (Allocation Failure) 131M->113M(146M) 2.501ms
[2020-08-06T04:09:45.365-0300] GC(3989) User=0.00s Sys=0.00s Real=0.01s
[2020-08-06T04:09:46.645-0300] GC(3990) Pause Young (Allocation Failure)
[2020-08-06T04:09:46.647-0300] GC(3990) PSYoungGen: 19345K->304K(19968K)
[2020-08-06T04:09:46.647-0300] GC(3990) ParOldGen: 116003K->116248K(130048K)
[2020-08-06T04:09:46.647-0300] GC(3990) Metaspace: 119447K->119447K(1163264K)
[2020-08-06T04:09:46.647-0300] GC(3990) Pause Young (Allocation Failure) 132M->113M(146M) 2.881ms
[2020-08-06T04:09:46.648-0300] GC(3990) User=0.01s Sys=0.00s Real=0.00s
[2020-08-06T04:09:47.683-0300] GC(3991) Pause Young (Allocation Failure)
[2020-08-06T04:09:47.686-0300] GC(3991) PSYoungGen: 19248K->320K(19968K)
[2020-08-06T04:09:47.686-0300] GC(3991) ParOldGen: 116248K->116457K(130048K)
[2020-08-06T04:09:47.686-0300] GC(3991) Metaspace: 119447K->119447K(1163264K)
[2020-08-06T04:09:47.686-0300] GC(3991) Pause Young (Allocation Failure) 132M->114M(146M) 2.601ms
[2020-08-06T04:09:47.686-0300] GC(3991) User=0.00s Sys=0.00s Real=0.01s
[2020-08-06T04:10:04.849-0300] GC(3992) Pause Young (Allocation Failure)
[2020-08-06T04:10:04.851-0300] GC(3992) PSYoungGen: 19264K->384K(19968K)
[2020-08-06T04:10:04.851-0300] GC(3992) ParOldGen: 116457K->116529K(130048K)
[2020-08-06T04:10:04.851-0300] GC(3992) Metaspace: 119447K->119447K(1163264K)
[2020-08-06T04:10:04.851-0300] GC(3992) Pause Young (Allocation Failure) 132M->114M(146M) 2.320ms
[2020-08-06T04:10:04.851-0300] GC(3992) User=0.00s Sys=0.00s Real=0.00s
[2020-08-06T04:10:29.848-0300] GC(3993) Pause Young (Allocation Failure)
[2020-08-06T04:10:29.851-0300] GC(3993) PSYoungGen: 19328K->576K(19968K)
[2020-08-06T04:10:29.851-0300] GC(3993) ParOldGen: 116529K->116777K(130048K)
[2020-08-06T04:10:29.851-0300] GC(3993) Metaspace: 119447K->119447K(1163264K)
[2020-08-06T04:10:29.851-0300] GC(3993) Pause Young (Allocation Failure) 132M->114M(146M) 2.495ms
[2020-08-06T04:10:29.851-0300] GC(3993) User=0.00s Sys=0.00s Real=0.00s
[2020-08-06T04:10:48.556-0300] GC(3994) Pause Young (Allocation Failure)
[2020-08-06T04:10:48.559-0300] GC(3994) PSYoungGen: 19520K->528K(19968K)
[2020-08-06T04:10:48.559-0300] GC(3994) ParOldGen: 116777K->117217K(130048K)
[2020-08-06T04:10:48.559-0300] GC(3994) Metaspace: 119447K->119447K(1163264K)
[2020-08-06T04:10:48.559-0300] GC(3994) Pause Young (Allocation Failure) 133M->114M(146M) 2.854ms
[2020-08-06T04:10:48.559-0300] GC(3994) User=0.00s Sys=0.00s Real=0.00s
[2020-08-06T04:11:11.476-0300] GC(3995) Pause Young (Allocation Failure)
[2020-08-06T04:11:11.479-0300] GC(3995) PSYoungGen: 19472K->416K(19968K)
[2020-08-06T04:11:11.479-0300] GC(3995) ParOldGen: 117217K->117585K(130048K)
[2020-08-06T04:11:11.479-0300] GC(3995) Metaspace: 119447K->119447K(1163264K)
[2020-08-06T04:11:11.479-0300] GC(3995) Pause Young (Allocation Failure) 133M->115M(146M) 2.776ms
[2020-08-06T04:11:11.479-0300] GC(3995) User=0.01s Sys=0.00s Real=0.00s
[2020-08-06T04:11:38.370-0300] GC(3996) Pause Young (Allocation Failure)
[2020-08-06T04:11:38.373-0300] GC(3996) PSYoungGen: 19360K->288K(19968K)
[2020-08-06T04:11:38.373-0300] GC(3996) ParOldGen: 117585K->117889K(130048K)
[2020-08-06T04:11:38.373-0300] GC(3996) Metaspace: 119447K->119447K(1163264K)
[2020-08-06T04:11:38.373-0300] GC(3996) Pause Young (Allocation Failure) 133M->115M(146M) 2.819ms
[2020-08-06T04:11:38.373-0300] GC(3996) User=0.01s Sys=0.00s Real=0.00s
[2020-08-06T04:11:54.846-0300] GC(3997) Pause Young (Allocation Failure)
[2020-08-06T04:11:54.849-0300] GC(3997) PSYoungGen: 19232K->256K(19968K)
[2020-08-06T04:11:54.849-0300] GC(3997) ParOldGen: 117889K->118057K(130048K)
[2020-08-06T04:11:54.849-0300] GC(3997) Metaspace: 119447K->119447K(1163264K)
[2020-08-06T04:11:54.849-0300] GC(3997) Pause Young (Allocation Failure) 133M->115M(146M) 3.029ms
[2020-08-06T04:11:54.849-0300] GC(3997) User=0.01s Sys=0.00s Real=0.00s
[2020-08-06T04:12:09.619-0300] GC(3998) Pause Young (Allocation Failure)
[2020-08-06T04:12:09.623-0300] GC(3998) PSYoungGen: 19200K->368K(19968K)
[2020-08-06T04:12:09.623-0300] GC(3998) ParOldGen: 118057K->118210K(130048K)
[2020-08-06T04:12:09.623-0300] GC(3998) Metaspace: 119447K->119447K(1163264K)
[2020-08-06T04:12:09.623-0300] GC(3998) Pause Young (Allocation Failure) 134M->115M(146M) 3.903ms
[2020-08-06T04:12:09.623-0300] GC(3998) User=0.01s Sys=0.00s Real=0.00s
[2020-08-06T04:12:20.253-0300] GC(3999) Pause Young (Allocation Failure)
[2020-08-06T04:12:20.256-0300] GC(3999) PSYoungGen: 19312K->352K(19968K)
[2020-08-06T04:12:20.256-0300] GC(3999) ParOldGen: 118210K->118494K(130048K)
[2020-08-06T04:12:20.256-0300] GC(3999) Metaspace: 119447K->119447K(1163264K)
[2020-08-06T04:12:20.256-0300] GC(3999) Pause Young (Allocation Failure) 134M->116M(146M) 2.586ms
[2020-08-06T04:12:20.256-0300] GC(3999) User=0.01s Sys=0.00s Real=0.01s
[2020-08-06T04:12:34.846-0300] GC(4000) Pause Young (Allocation Failure)
[2020-08-06T04:12:34.849-0300] GC(4000) PSYoungGen: 19296K->432K(19968K)
[2020-08-06T04:12:34.849-0300] GC(4000) ParOldGen: 118494K->118668K(130048K)
[2020-08-06T04:12:34.849-0300] GC(4000) Metaspace: 119447K->119447K(1163264K)
[2020-08-06T04:12:34.849-0300] GC(4000) Pause Young (Allocation Failure) 134M->116M(146M) 2.800ms
[2020-08-06T04:12:34.849-0300] GC(4000) User=0.00s Sys=0.00s Real=0.00s
[2020-08-06T04:12:46.445-0300] GC(4001) Pause Young (Allocation Failure)
[2020-08-06T04:12:46.447-0300] GC(4001) PSYoungGen: 19375K->320K(19968K)
[2020-08-06T04:12:46.447-0300] GC(4001) ParOldGen: 118668K->118840K(130048K)
[2020-08-06T04:12:46.447-0300] GC(4001) Metaspace: 119447K->119447K(1163264K)
[2020-08-06T04:12:46.447-0300] GC(4001) Pause Young (Allocation Failure) 134M->116M(146M) 2.593ms
[2020-08-06T04:12:46.447-0300] GC(4001) User=0.00s Sys=0.00s Real=0.00s
[2020-08-06T04:13:02.189-0300] GC(4002) Pause Young (Allocation Failure)
[2020-08-06T04:13:02.194-0300] GC(4002) PSYoungGen: 19264K->272K(19968K)
[2020-08-06T04:13:02.194-0300] GC(4002) ParOldGen: 118840K->119049K(130048K)
[2020-08-06T04:13:02.194-0300] GC(4002) Metaspace: 119447K->119447K(1163264K)
[2020-08-06T04:13:02.194-0300] GC(4002) Pause Young (Allocation Failure) 134M->116M(146M) 5.774ms
[2020-08-06T04:13:02.194-0300] GC(4002) User=0.00s Sys=0.00s Real=0.01s
[2020-08-06T04:13:14.845-0300] GC(4003) Pause Young (Allocation Failure)
[2020-08-06T04:13:14.849-0300] GC(4003) PSYoungGen: 19216K->304K(19968K)
[2020-08-06T04:13:14.849-0300] GC(4003) ParOldGen: 119049K->119210K(130048K)
[2020-08-06T04:13:14.849-0300] GC(4003) Metaspace: 119447K->119447K(1163264K)
[2020-08-06T04:13:14.849-0300] GC(4003) Pause Young (Allocation Failure) 135M->116M(146M) 3.215ms
[2020-08-06T04:13:14.849-0300] GC(4003) User=0.01s Sys=0.00s Real=0.00s
[2020-08-06T04:13:23.651-0300] GC(4004) Pause Young (Allocation Failure)
[2020-08-06T04:13:23.654-0300] GC(4004) PSYoungGen: 19239K->256K(19968K)
[2020-08-06T04:13:23.654-0300] GC(4004) ParOldGen: 119210K->119383K(130048K)
[2020-08-06T04:13:23.654-0300] GC(4004) Metaspace: 119447K->119447K(1163264K)
[2020-08-06T04:13:23.654-0300] GC(4004) Pause Young (Allocation Failure) 135M->116M(146M) 3.349ms
[2020-08-06T04:13:23.654-0300] GC(4004) User=0.00s Sys=0.00s Real=0.01s
[2020-08-06T04:13:24.661-0300] GC(4005) Pause Young (Allocation Failure)
[2020-08-06T04:13:24.663-0300] GC(4005) PSYoungGen: 19200K->352K(19968K)
[2020-08-06T04:13:24.663-0300] GC(4005) ParOldGen: 119383K->119568K(130048K)
[2020-08-06T04:13:24.663-0300] GC(4005) Metaspace: 119447K->119447K(1163264K)
[2020-08-06T04:13:24.663-0300] GC(4005) Pause Young (Allocation Failure) 135M->117M(146M) 2.359ms
[2020-08-06T04:13:24.663-0300] GC(4005) User=0.01s Sys=0.00s Real=0.00s
[2020-08-06T04:13:43.079-0300] GC(4006) Pause Young (Allocation Failure)
[2020-08-06T04:13:43.082-0300] GC(4006) PSYoungGen: 19296K->640K(19968K)
[2020-08-06T04:13:43.082-0300] GC(4006) ParOldGen: 119568K->119712K(130048K)
[2020-08-06T04:13:43.082-0300] GC(4006) Metaspace: 119447K->119447K(1163264K)
[2020-08-06T04:13:43.082-0300] GC(4006) Pause Young (Allocation Failure) 135M->117M(146M) 3.084ms
[2020-08-06T04:13:43.083-0300] GC(4006) User=0.01s Sys=0.00s Real=0.00s
[2020-08-06T04:14:09.357-0300] GC(4007) Pause Young (Allocation Failure)
[2020-08-06T04:14:09.360-0300] GC(4007) PSYoungGen: 19584K->832K(19968K)
[2020-08-06T04:14:09.360-0300] GC(4007) ParOldGen: 119712K->120252K(130048K)
[2020-08-06T04:14:09.360-0300] GC(4007) Metaspace: 119447K->119447K(1163264K)
[2020-08-06T04:14:09.360-0300] GC(4007) Pause Young (Allocation Failure) 136M->118M(146M) 2.536ms
[2020-08-06T04:14:09.360-0300] GC(4007) User=0.00s Sys=0.00s Real=0.00s
[2020-08-06T04:14:26.358-0300] GC(4008) Pause Young (Allocation Failure)
[2020-08-06T04:14:26.362-0300] GC(4008) PSYoungGen: 19776K->528K(19968K)
[2020-08-06T04:14:26.362-0300] GC(4008) ParOldGen: 120252K->120893K(130048K)
[2020-08-06T04:14:26.362-0300] GC(4008) Metaspace: 119447K->119447K(1163264K)
[2020-08-06T04:14:26.362-0300] GC(4008) Pause Young (Allocation Failure) 136M->118M(146M) 3.931ms
[2020-08-06T04:14:26.362-0300] GC(4008) User=0.00s Sys=0.00s Real=0.00s
[2020-08-06T04:14:40.860-0300] GC(4009) Pause Young (Allocation Failure)
[2020-08-06T04:14:40.864-0300] GC(4009) PSYoungGen: 19472K->352K(19968K)
[2020-08-06T04:14:40.864-0300] GC(4009) ParOldGen: 120893K->121241K(130048K)
[2020-08-06T04:14:40.864-0300] GC(4009) Metaspace: 119447K->119447K(1163264K)
[2020-08-06T04:14:40.864-0300] GC(4009) Pause Young (Allocation Failure) 137M->118M(146M) 3.788ms
[2020-08-06T04:14:40.864-0300] GC(4009) User=0.01s Sys=0.00s Real=0.00s
[2020-08-06T04:14:54.846-0300] GC(4010) Pause Young (Allocation Failure)
[2020-08-06T04:14:54.849-0300] GC(4010) PSYoungGen: 19296K->432K(19968K)
[2020-08-06T04:14:54.849-0300] GC(4010) ParOldGen: 121241K->121518K(130048K)
[2020-08-06T04:14:54.849-0300] GC(4010) Metaspace: 119447K->119447K(1163264K)
[2020-08-06T04:14:54.849-0300] GC(4010) Pause Young (Allocation Failure) 137M->119M(146M) 3.155ms
[2020-08-06T04:14:54.850-0300] GC(4010) User=0.01s Sys=0.00s Real=0.00s
[2020-08-06T04:14:57.865-0300] GC(4011) Pause Young (Allocation Failure)
[2020-08-06T04:14:57.868-0300] GC(4011) PSYoungGen: 19376K->320K(19968K)
[2020-08-06T04:14:57.868-0300] GC(4011) ParOldGen: 121518K->121871K(130048K)
[2020-08-06T04:14:57.868-0300] GC(4011) Metaspace: 119447K->119447K(1163264K)
[2020-08-06T04:14:57.868-0300] GC(4011) Pause Young (Allocation Failure) 137M->119M(146M) 3.519ms
[2020-08-06T04:14:57.868-0300] GC(4011) User=0.01s Sys=0.00s Real=0.00s
[2020-08-06T04:14:59.085-0300] GC(4012) Pause Young (Allocation Failure)
[2020-08-06T04:14:59.087-0300] GC(4012) PSYoungGen: 19264K->336K(19968K)
[2020-08-06T04:14:59.087-0300] GC(4012) ParOldGen: 121871K->122068K(130048K)
[2020-08-06T04:14:59.087-0300] GC(4012) Metaspace: 119447K->119447K(1163264K)
[2020-08-06T04:14:59.087-0300] GC(4012) Pause Young (Allocation Failure) 137M->119M(146M) 2.809ms
[2020-08-06T04:14:59.087-0300] GC(4012) User=0.01s Sys=0.00s Real=0.00s
[2020-08-06T04:15:00.300-0300] GC(4013) Pause Young (Allocation Failure)
[2020-08-06T04:15:00.303-0300] GC(4013) PSYoungGen: 19280K->288K(19968K)
[2020-08-06T04:15:00.303-0300] GC(4013) ParOldGen: 122068K->122277K(130048K)
[2020-08-06T04:15:00.303-0300] GC(4013) Metaspace: 119447K->119447K(1163264K)
[2020-08-06T04:15:00.303-0300] GC(4013) Pause Young (Allocation Failure) 138M->119M(146M) 3.589ms
[2020-08-06T04:15:00.304-0300] GC(4013) User=0.01s Sys=0.00s Real=0.00s
[2020-08-06T04:15:01.690-0300] GC(4014) Pause Young (Allocation Failure)
[2020-08-06T04:15:01.694-0300] GC(4014) PSYoungGen: 19232K->465K(19968K)
[2020-08-06T04:15:01.694-0300] GC(4014) ParOldGen: 122277K->122474K(130048K)
[2020-08-06T04:15:01.694-0300] GC(4014) Metaspace: 119447K->119447K(1163264K)
[2020-08-06T04:15:01.694-0300] GC(4014) Pause Young (Allocation Failure) 138M->120M(146M) 3.697ms
[2020-08-06T04:15:01.694-0300] GC(4014) User=0.01s Sys=0.00s Real=0.01s
[2020-08-06T04:15:03.022-0300] GC(4015) Pause Young (Allocation Failure)
[2020-08-06T04:15:03.024-0300] GC(4015) PSYoungGen: 19409K->369K(19968K)
[2020-08-06T04:15:03.024-0300] GC(4015) ParOldGen: 122474K->122747K(130048K)
[2020-08-06T04:15:03.024-0300] GC(4015) Metaspace: 119447K->119447K(1163264K)
[2020-08-06T04:15:03.024-0300] GC(4015) Pause Young (Allocation Failure) 138M->120M(146M) 2.662ms
[2020-08-06T04:15:03.024-0300] GC(4015) User=0.01s Sys=0.00s Real=0.01s
[2020-08-06T04:15:14.849-0300] GC(4016) Pause Young (Allocation Failure)
[2020-08-06T04:15:14.852-0300] GC(4016) PSYoungGen: 19296K->480K(19968K)
[2020-08-06T04:15:14.852-0300] GC(4016) ParOldGen: 122747K->122844K(130048K)
[2020-08-06T04:15:14.852-0300] GC(4016) Metaspace: 119447K->119447K(1163264K)
[2020-08-06T04:15:14.852-0300] GC(4016) Pause Young (Allocation Failure) 138M->120M(146M) 2.920ms
[2020-08-06T04:15:14.852-0300] GC(4016) User=0.01s Sys=0.00s Real=0.00s
[2020-08-06T04:15:39.849-0300] GC(4017) Pause Young (Allocation Failure)
[2020-08-06T04:15:39.852-0300] GC(4017) PSYoungGen: 19424K->512K(19968K)
[2020-08-06T04:15:39.852-0300] GC(4017) ParOldGen: 122844K->123156K(130048K)
[2020-08-06T04:15:39.852-0300] GC(4017) Metaspace: 119447K->119447K(1163264K)
[2020-08-06T04:15:39.852-0300] GC(4017) Pause Young (Allocation Failure) 138M->120M(146M) 3.026ms
[2020-08-06T04:15:39.852-0300] GC(4017) User=0.01s Sys=0.00s Real=0.00s
[2020-08-06T04:16:03.469-0300] GC(4018) Pause Young (Allocation Failure)
[2020-08-06T04:16:03.471-0300] GC(4018) PSYoungGen: 19456K->480K(19968K)
[2020-08-06T04:16:03.471-0300] GC(4018) ParOldGen: 123156K->123516K(130048K)
[2020-08-06T04:16:03.471-0300] GC(4018) Metaspace: 119447K->119447K(1163264K)
[2020-08-06T04:16:03.471-0300] GC(4018) Pause Young (Allocation Failure) 139M->121M(146M) 2.681ms
[2020-08-06T04:16:03.471-0300] GC(4018) User=0.01s Sys=0.00s Real=0.00s
[2020-08-06T04:16:21.384-0300] GC(4019) Pause Young (Allocation Failure)
[2020-08-06T04:16:21.388-0300] GC(4019) PSYoungGen: 19424K->288K(19968K)
[2020-08-06T04:16:21.388-0300] GC(4019) ParOldGen: 123516K->123876K(130048K)
[2020-08-06T04:16:21.388-0300] GC(4019) Metaspace: 119447K->119447K(1163264K)
[2020-08-06T04:16:21.388-0300] GC(4019) Pause Young (Allocation Failure) 139M->121M(146M) 3.403ms
[2020-08-06T04:16:21.388-0300] GC(4019) User=0.01s Sys=0.00s Real=0.00s
[2020-08-06T04:16:49.384-0300] GC(4020) Pause Young (Allocation Failure)
[2020-08-06T04:16:49.386-0300] GC(4020) PSYoungGen: 19232K->288K(19968K)
[2020-08-06T04:16:49.386-0300] GC(4020) ParOldGen: 123876K->124060K(130048K)
[2020-08-06T04:16:49.386-0300] GC(4020) Metaspace: 119447K->119447K(1163264K)
[2020-08-06T04:16:49.386-0300] GC(4020) Pause Young (Allocation Failure) 139M->121M(146M) 2.380ms
[2020-08-06T04:16:49.386-0300] GC(4020) User=0.00s Sys=0.00s Real=0.01s
[2020-08-06T04:17:04.846-0300] GC(4021) Pause Young (Allocation Failure)
[2020-08-06T04:17:04.849-0300] GC(4021) PSYoungGen: 19232K->208K(19968K)
[2020-08-06T04:17:04.849-0300] GC(4021) ParOldGen: 124060K->124196K(130048K)
[2020-08-06T04:17:04.849-0300] GC(4021) Metaspace: 119447K->119447K(1163264K)
[2020-08-06T04:17:04.849-0300] GC(4021) Pause Young (Allocation Failure) 139M->121M(146M) 2.764ms
[2020-08-06T04:17:04.849-0300] GC(4021) User=0.01s Sys=0.00s Real=0.00s
[2020-08-06T04:17:28.382-0300] GC(4022) Pause Young (Allocation Failure)
[2020-08-06T04:17:28.384-0300] GC(4022) PSYoungGen: 19152K->416K(19968K)
[2020-08-06T04:17:28.384-0300] GC(4022) ParOldGen: 124196K->124248K(130048K)
[2020-08-06T04:17:28.384-0300] GC(4022) Metaspace: 119447K->119447K(1163264K)
[2020-08-06T04:17:28.384-0300] GC(4022) Pause Young (Allocation Failure) 139M->121M(146M) 2.577ms
[2020-08-06T04:17:28.385-0300] GC(4022) User=0.01s Sys=0.00s Real=0.01s
[2020-08-06T04:17:54.847-0300] GC(4023) Pause Young (Allocation Failure)
[2020-08-06T04:17:54.850-0300] GC(4023) PSYoungGen: 19360K->224K(19968K)
[2020-08-06T04:17:54.850-0300] GC(4023) ParOldGen: 124248K->124320K(130048K)
[2020-08-06T04:17:54.850-0300] GC(4023) Metaspace: 119447K->119447K(1163264K)
[2020-08-06T04:17:54.850-0300] GC(4023) Pause Young (Allocation Failure) 140M->121M(146M) 2.874ms
[2020-08-06T04:17:54.850-0300] GC(4023) User=0.00s Sys=0.00s Real=0.00s
[2020-08-06T04:18:09.864-0300] GC(4024) Pause Young (Allocation Failure)
[2020-08-06T04:18:09.867-0300] GC(4024) PSYoungGen: 19168K->240K(19968K)
[2020-08-06T04:18:09.867-0300] GC(4024) ParOldGen: 124320K->124368K(130048K)
[2020-08-06T04:18:09.867-0300] GC(4024) Metaspace: 119447K->119447K(1163264K)
[2020-08-06T04:18:09.867-0300] GC(4024) Pause Young (Allocation Failure) 140M->121M(146M) 3.387ms
[2020-08-06T04:18:09.867-0300] GC(4024) User=0.01s Sys=0.00s Real=0.01s
[2020-08-06T04:18:25.380-0300] GC(4025) Pause Young (Allocation Failure)
[2020-08-06T04:18:25.383-0300] GC(4025) PSYoungGen: 19184K->320K(19968K)
[2020-08-06T04:18:25.383-0300] GC(4025) ParOldGen: 124368K->124525K(130048K)
[2020-08-06T04:18:25.383-0300] GC(4025) Metaspace: 119447K->119447K(1163264K)
[2020-08-06T04:18:25.383-0300] GC(4025) Pause Young (Allocation Failure) 140M->121M(146M) 2.906ms
[2020-08-06T04:18:25.383-0300] GC(4025) User=0.00s Sys=0.00s Real=0.00s
[2020-08-06T04:18:36.161-0300] GC(4026) Pause Young (Allocation Failure)
[2020-08-06T04:18:36.164-0300] GC(4026) PSYoungGen: 19264K->593K(19968K)
[2020-08-06T04:18:36.164-0300] GC(4026) ParOldGen: 124525K->124745K(130048K)
[2020-08-06T04:18:36.164-0300] GC(4026) Metaspace: 119447K->119447K(1163264K)
[2020-08-06T04:18:36.164-0300] GC(4026) Pause Young (Allocation Failure) 140M->122M(146M) 2.901ms
[2020-08-06T04:18:36.164-0300] GC(4026) User=0.00s Sys=0.00s Real=0.01s
[2020-08-06T04:18:37.537-0300] GC(4027) Pause Young (Allocation Failure)
[2020-08-06T04:18:37.540-0300] GC(4027) PSYoungGen: 19537K->336K(19968K)
[2020-08-06T04:18:37.540-0300] GC(4027) ParOldGen: 124745K->125255K(130048K)
[2020-08-06T04:18:37.540-0300] GC(4027) Metaspace: 119447K->119447K(1163264K)
[2020-08-06T04:18:37.540-0300] GC(4027) Pause Young (Allocation Failure) 140M->122M(146M) 3.260ms
[2020-08-06T04:18:37.540-0300] GC(4027) User=0.01s Sys=0.00s Real=0.00s
[2020-08-06T04:18:38.755-0300] GC(4028) Pause Young (Allocation Failure)
[2020-08-06T04:18:38.759-0300] GC(4028) PSYoungGen: 19280K->337K(19968K)
[2020-08-06T04:18:38.759-0300] GC(4028) ParOldGen: 125255K->125472K(130048K)
[2020-08-06T04:18:38.759-0300] GC(4028) Metaspace: 119447K->119447K(1163264K)
[2020-08-06T04:18:38.759-0300] GC(4028) Pause Young (Allocation Failure) 141M->122M(146M) 3.258ms
[2020-08-06T04:18:38.759-0300] GC(4028) User=0.01s Sys=0.00s Real=0.00s
[2020-08-06T04:18:39.970-0300] GC(4029) Pause Young (Allocation Failure)
[2020-08-06T04:18:39.974-0300] GC(4029) PSYoungGen: 19281K->352K(19968K)
[2020-08-06T04:18:39.974-0300] GC(4029) ParOldGen: 125472K->125705K(130048K)
[2020-08-06T04:18:39.974-0300] GC(4029) Metaspace: 119447K->119447K(1163264K)
[2020-08-06T04:18:39.974-0300] GC(4029) Pause Young (Allocation Failure) 141M->123M(146M) 3.377ms
[2020-08-06T04:18:39.974-0300] GC(4029) User=0.01s Sys=0.00s Real=0.00s
[2020-08-06T04:18:41.416-0300] GC(4030) Pause Young (Allocation Failure)
[2020-08-06T04:18:41.420-0300] GC(4030) PSYoungGen: 19296K->416K(19968K)
[2020-08-06T04:18:41.420-0300] GC(4030) ParOldGen: 125705K->125938K(130048K)
[2020-08-06T04:18:41.420-0300] GC(4030) Metaspace: 119447K->119447K(1163264K)
[2020-08-06T04:18:41.420-0300] GC(4030) Pause Young (Allocation Failure) 141M->123M(146M) 3.587ms
[2020-08-06T04:18:41.420-0300] GC(4030) User=0.01s Sys=0.00s Real=0.00s
[2020-08-06T04:18:42.381-0300] GC(4031) Pause Young (Allocation Failure)
[2020-08-06T04:18:42.386-0300] GC(4031) PSYoungGen: 19360K->592K(19968K)
[2020-08-06T04:18:42.386-0300] GC(4031) ParOldGen: 125938K->126235K(130048K)
[2020-08-06T04:18:42.386-0300] GC(4031) Metaspace: 119447K->119447K(1163264K)
[2020-08-06T04:18:42.386-0300] GC(4031) Pause Young (Allocation Failure) 141M->123M(146M) 4.500ms
[2020-08-06T04:18:42.386-0300] GC(4031) User=0.00s Sys=0.00s Real=0.01s
[2020-08-06T04:19:02.414-0300] GC(4032) Pause Young (Allocation Failure)
[2020-08-06T04:19:02.419-0300] GC(4032) PSYoungGen: 19536K->512K(19968K)
[2020-08-06T04:19:02.419-0300] GC(4032) ParOldGen: 126235K->126479K(130048K)
[2020-08-06T04:19:02.419-0300] GC(4032) Metaspace: 119447K->119447K(1163264K)
[2020-08-06T04:19:02.419-0300] GC(4032) Pause Young (Allocation Failure) 142M->124M(146M) 4.468ms
[2020-08-06T04:19:02.419-0300] GC(4032) User=0.01s Sys=0.00s Real=0.00s
[2020-08-06T04:19:27.380-0300] GC(4033) Pause Young (Allocation Failure)
[2020-08-06T04:19:27.383-0300] GC(4033) PSYoungGen: 19456K->672K(19968K)
[2020-08-06T04:19:27.383-0300] GC(4033) ParOldGen: 126479K->126943K(130048K)
[2020-08-06T04:19:27.383-0300] GC(4033) Metaspace: 119447K->119447K(1163264K)
[2020-08-06T04:19:27.383-0300] GC(4033) Pause Young (Allocation Failure) 142M->124M(146M) 2.835ms
[2020-08-06T04:19:27.383-0300] GC(4033) User=0.01s Sys=0.00s Real=0.00s
[2020-08-06T04:19:47.894-0300] GC(4034) Pause Young (Allocation Failure)
[2020-08-06T04:19:47.897-0300] GC(4034) PSYoungGen: 19616K->400K(19968K)
[2020-08-06T04:19:47.897-0300] GC(4034) ParOldGen: 126943K->127431K(130048K)
[2020-08-06T04:19:47.897-0300] GC(4034) Metaspace: 119447K->119447K(1163264K)
[2020-08-06T04:19:47.897-0300] GC(4034) Pause Young (Allocation Failure) 143M->124M(146M) 3.262ms
[2020-08-06T04:19:47.897-0300] GC(4034) User=0.01s Sys=0.00s Real=0.01s
[2020-08-06T04:19:59.846-0300] GC(4035) Pause Young (Allocation Failure)
[2020-08-06T04:19:59.849-0300] GC(4035) PSYoungGen: 19344K->416K(19968K)
[2020-08-06T04:19:59.849-0300] GC(4035) ParOldGen: 127431K->127719K(130048K)
[2020-08-06T04:19:59.849-0300] GC(4035) Metaspace: 119447K->119447K(1163264K)
[2020-08-06T04:19:59.849-0300] GC(4035) Pause Young (Allocation Failure) 143M->125M(146M) 2.589ms
[2020-08-06T04:19:59.849-0300] GC(4035) User=0.00s Sys=0.01s Real=0.00s
[2020-08-06T04:20:14.076-0300] GC(4036) Pause Young (Allocation Failure)
[2020-08-06T04:20:14.080-0300] GC(4036) PSYoungGen: 19360K->512K(19968K)
[2020-08-06T04:20:14.080-0300] GC(4036) ParOldGen: 127719K->128009K(130048K)
[2020-08-06T04:20:14.080-0300] GC(4036) Metaspace: 119447K->119447K(1163264K)
[2020-08-06T04:20:14.080-0300] GC(4036) Pause Young (Allocation Failure) 143M->125M(146M) 3.768ms
[2020-08-06T04:20:14.080-0300] GC(4036) User=0.01s Sys=0.00s Real=0.00s
[2020-08-06T04:20:25.208-0300] GC(4037) Pause Young (Allocation Failure)
[2020-08-06T04:20:25.210-0300] GC(4037) PSYoungGen: 19456K->433K(19968K)
[2020-08-06T04:20:25.210-0300] GC(4037) ParOldGen: 128009K->128461K(130048K)
[2020-08-06T04:20:25.210-0300] GC(4037) Metaspace: 119447K->119447K(1163264K)
[2020-08-06T04:20:25.210-0300] GC(4037) Pause Young (Allocation Failure) 144M->125M(146M) 2.492ms
[2020-08-06T04:20:25.210-0300] GC(4037) User=0.01s Sys=0.00s Real=0.00s
[2020-08-06T04:20:40.363-0300] GC(4038) Pause Young (Allocation Failure)
[2020-08-06T04:20:40.367-0300] GC(4038) PSYoungGen: 19377K->496K(19968K)
[2020-08-06T04:20:40.367-0300] GC(4038) ParOldGen: 128461K->128778K(130048K)
[2020-08-06T04:20:40.367-0300] GC(4038) Metaspace: 119447K->119447K(1163264K)
[2020-08-06T04:20:40.367-0300] GC(4038) Pause Young (Allocation Failure) 144M->126M(146M) 3.855ms
[2020-08-06T04:20:40.367-0300] GC(4038) User=0.01s Sys=0.00s Real=0.01s
[2020-08-06T04:20:53.457-0300] GC(4039) Pause Young (Allocation Failure)
[2020-08-06T04:20:53.461-0300] GC(4039) PSYoungGen: 19440K->480K(19968K)
[2020-08-06T04:20:53.461-0300] GC(4039) ParOldGen: 128778K->129139K(130048K)
[2020-08-06T04:20:53.461-0300] GC(4039) Metaspace: 119447K->119447K(1163264K)
[2020-08-06T04:20:53.461-0300] GC(4039) Pause Young (Allocation Failure) 144M->126M(146M) 3.167ms
[2020-08-06T04:20:53.461-0300] GC(4039) User=0.01s Sys=0.00s Real=0.00s
[2020-08-06T04:21:06.618-0300] GC(4040) Pause Young (Allocation Failure)
[2020-08-06T04:21:06.622-0300] GC(4040) PSYoungGen: 19424K->464K(19968K)
[2020-08-06T04:21:06.622-0300] GC(4040) ParOldGen: 129139K->129524K(130048K)
[2020-08-06T04:21:06.622-0300] GC(4040) Metaspace: 119447K->119447K(1163264K)
[2020-08-06T04:21:06.622-0300] GC(4040) Pause Young (Allocation Failure) 145M->126M(146M) 4.087ms
[2020-08-06T04:21:06.623-0300] GC(4040) User=0.01s Sys=0.00s Real=0.00s
[2020-08-06T04:21:06.623-0300] GC(4041) Pause Full (Ergonomics)
[2020-08-06T04:21:06.623-0300] GC(4041) Marking Phase
[2020-08-06T04:21:06.710-0300] GC(4041) Marking Phase 87.729ms
[2020-08-06T04:21:06.710-0300] GC(4041) Summary Phase
[2020-08-06T04:21:06.710-0300] GC(4041) Summary Phase 0.018ms
[2020-08-06T04:21:06.710-0300] GC(4041) Adjust Roots
[2020-08-06T04:21:06.740-0300] GC(4041) Adjust Roots 29.312ms
[2020-08-06T04:21:06.740-0300] GC(4041) Compaction Phase
[2020-08-06T04:21:06.772-0300] GC(4041) Compaction Phase 31.960ms
[2020-08-06T04:21:06.772-0300] GC(4041) Post Compact
[2020-08-06T04:21:06.772-0300] GC(4041) Post Compact 0.672ms
[2020-08-06T04:21:06.773-0300] GC(4041) PSYoungGen: 464K->0K(19968K)
[2020-08-06T04:21:06.773-0300] GC(4041) ParOldGen: 129524K->103566K(129536K)
[2020-08-06T04:21:06.773-0300] GC(4041) Metaspace: 119447K->119447K(1163264K)
[2020-08-06T04:21:06.773-0300] GC(4041) Pause Full (Ergonomics) 126M->101M(146M) 150.048ms
[2020-08-06T04:21:06.773-0300] GC(4041) User=0.38s Sys=0.00s Real=0.15s
[2020-08-06T04:21:19.847-0300] GC(4042) Pause Young (Allocation Failure)
[2020-08-06T04:21:19.850-0300] GC(4042) PSYoungGen: 18944K->448K(19968K)
[2020-08-06T04:21:19.850-0300] GC(4042) ParOldGen: 103566K->103566K(129536K)
[2020-08-06T04:21:19.850-0300] GC(4042) Metaspace: 119447K->119447K(1163264K)
[2020-08-06T04:21:19.850-0300] GC(4042) Pause Young (Allocation Failure) 119M->101M(146M) 2.934ms
[2020-08-06T04:21:19.850-0300] GC(4042) User=0.00s Sys=0.00s Real=0.00s
[2020-08-06T04:21:33.096-0300] GC(4043) Pause Young (Allocation Failure)
[2020-08-06T04:21:33.099-0300] GC(4043) PSYoungGen: 19392K->320K(19968K)
[2020-08-06T04:21:33.099-0300] GC(4043) ParOldGen: 103566K->103828K(129536K)
[2020-08-06T04:21:33.099-0300] GC(4043) Metaspace: 119447K->119447K(1163264K)
[2020-08-06T04:21:33.099-0300] GC(4043) Pause Young (Allocation Failure) 120M->101M(146M) 3.069ms
[2020-08-06T04:21:33.099-0300] GC(4043) User=0.00s Sys=0.00s Real=0.00s
[2020-08-06T04:21:43.785-0300] GC(4044) Pause Young (Allocation Failure)
[2020-08-06T04:21:43.788-0300] GC(4044) PSYoungGen: 19264K->320K(19968K)
[2020-08-06T04:21:43.788-0300] GC(4044) ParOldGen: 103828K->104072K(129536K)
[2020-08-06T04:21:43.788-0300] GC(4044) Metaspace: 119447K->119447K(1163264K)
[2020-08-06T04:21:43.788-0300] GC(4044) Pause Young (Allocation Failure) 120M->101M(146M) 3.004ms
[2020-08-06T04:21:43.788-0300] GC(4044) User=0.01s Sys=0.00s Real=0.00s
[2020-08-06T04:21:54.848-0300] GC(4045) Pause Young (Allocation Failure)
[2020-08-06T04:21:54.851-0300] GC(4045) PSYoungGen: 19264K->352K(19968K)
[2020-08-06T04:21:54.851-0300] GC(4045) ParOldGen: 104072K->104265K(129536K)
[2020-08-06T04:21:54.851-0300] GC(4045) Metaspace: 119447K->119447K(1163264K)
[2020-08-06T04:21:54.851-0300] GC(4045) Pause Young (Allocation Failure) 120M->102M(146M) 2.990ms
[2020-08-06T04:21:54.851-0300] GC(4045) User=0.00s Sys=0.00s Real=0.00s
[2020-08-06T04:22:10.005-0300] GC(4046) Pause Young (Allocation Failure)
[2020-08-06T04:22:10.008-0300] GC(4046) PSYoungGen: 19296K->272K(19968K)
[2020-08-06T04:22:10.008-0300] GC(4046) ParOldGen: 104265K->104462K(129536K)
[2020-08-06T04:22:10.008-0300] GC(4046) Metaspace: 119447K->119447K(1163264K)
[2020-08-06T04:22:10.008-0300] GC(4046) Pause Young (Allocation Failure) 120M->102M(146M) 2.287ms
[2020-08-06T04:22:10.008-0300] GC(4046) User=0.01s Sys=0.00s Real=0.00s
[2020-08-06T04:22:21.119-0300] GC(4047) Pause Young (Allocation Failure)
[2020-08-06T04:22:21.122-0300] GC(4047) PSYoungGen: 19205K->480K(19968K)
[2020-08-06T04:22:21.122-0300] GC(4047) ParOldGen: 104462K->104627K(129536K)
[2020-08-06T04:22:21.122-0300] GC(4047) Metaspace: 119447K->119447K(1163264K)
[2020-08-06T04:22:21.122-0300] GC(4047) Pause Young (Allocation Failure) 120M->102M(146M) 3.254ms
[2020-08-06T04:22:21.122-0300] GC(4047) User=0.01s Sys=0.00s Real=0.00s
[2020-08-06T04:22:35.375-0300] GC(4048) Pause Young (Allocation Failure)
[2020-08-06T04:22:35.378-0300] GC(4048) PSYoungGen: 19424K->368K(19968K)
[2020-08-06T04:22:35.378-0300] GC(4048) ParOldGen: 104627K->104864K(129536K)
[2020-08-06T04:22:35.378-0300] GC(4048) Metaspace: 119447K->119447K(1163264K)
[2020-08-06T04:22:35.378-0300] GC(4048) Pause Young (Allocation Failure) 121M->102M(146M) 2.936ms
[2020-08-06T04:22:35.378-0300] GC(4048) User=0.01s Sys=0.00s Real=0.00s
[2020-08-06T04:22:47.377-0300] GC(4049) Pause Young (Allocation Failure)
[2020-08-06T04:22:47.380-0300] GC(4049) PSYoungGen: 19312K->433K(19968K)
[2020-08-06T04:22:47.380-0300] GC(4049) ParOldGen: 104864K->105053K(129536K)
[2020-08-06T04:22:47.380-0300] GC(4049) Metaspace: 119447K->119447K(1163264K)
[2020-08-06T04:22:47.380-0300] GC(4049) Pause Young (Allocation Failure) 121M->103M(146M) 3.199ms
[2020-08-06T04:22:47.380-0300] GC(4049) User=0.01s Sys=0.00s Real=0.00s
[2020-08-06T04:23:02.582-0300] GC(4050) Pause Young (Allocation Failure)
[2020-08-06T04:23:02.585-0300] GC(4050) PSYoungGen: 19377K->240K(19968K)
[2020-08-06T04:23:02.585-0300] GC(4050) ParOldGen: 105053K->105250K(129536K)
[2020-08-06T04:23:02.585-0300] GC(4050) Metaspace: 119447K->119447K(1163264K)
[2020-08-06T04:23:02.585-0300] GC(4050) Pause Young (Allocation Failure) 121M->103M(146M) 2.993ms
[2020-08-06T04:23:02.585-0300] GC(4050) User=0.01s Sys=0.00s Real=0.01s
[2020-08-06T04:23:14.849-0300] GC(4051) Pause Young (Allocation Failure)
[2020-08-06T04:23:14.852-0300] GC(4051) PSYoungGen: 19184K->320K(19968K)
[2020-08-06T04:23:14.852-0300] GC(4051) ParOldGen: 105250K->105391K(129536K)
[2020-08-06T04:23:14.852-0300] GC(4051) Metaspace: 119447K->119447K(1163264K)
[2020-08-06T04:23:14.852-0300] GC(4051) Pause Young (Allocation Failure) 121M->103M(146M) 3.076ms
[2020-08-06T04:23:14.852-0300] GC(4051) User=0.00s Sys=0.00s Real=0.00s
[2020-08-06T04:23:23.823-0300] GC(4052) Pause Young (Allocation Failure)
[2020-08-06T04:23:23.826-0300] GC(4052) PSYoungGen: 19263K->288K(19968K)
[2020-08-06T04:23:23.826-0300] GC(4052) ParOldGen: 105391K->105576K(129536K)
[2020-08-06T04:23:23.826-0300] GC(4052) Metaspace: 119447K->119447K(1163264K)
[2020-08-06T04:23:23.826-0300] GC(4052) Pause Young (Allocation Failure) 121M->103M(146M) 2.748ms
[2020-08-06T04:23:23.826-0300] GC(4052) User=0.00s Sys=0.00s Real=0.01s
[2020-08-06T04:23:38.020-0300] GC(4053) Pause Young (Allocation Failure)
[2020-08-06T04:23:38.023-0300] GC(4053) PSYoungGen: 19232K->672K(19968K)
[2020-08-06T04:23:38.023-0300] GC(4053) ParOldGen: 105576K->105789K(129536K)
[2020-08-06T04:23:38.023-0300] GC(4053) Metaspace: 119447K->119447K(1163264K)
[2020-08-06T04:23:38.023-0300] GC(4053) Pause Young (Allocation Failure) 121M->103M(146M) 2.799ms
[2020-08-06T04:23:38.023-0300] GC(4053) User=0.01s Sys=0.00s Real=0.00s
[2020-08-06T04:23:49.930-0300] GC(4054) Pause Young (Allocation Failure)
[2020-08-06T04:23:49.934-0300] GC(4054) PSYoungGen: 19616K->560K(19968K)
[2020-08-06T04:23:49.934-0300] GC(4054) ParOldGen: 105789K->106314K(129536K)
[2020-08-06T04:23:49.934-0300] GC(4054) Metaspace: 119447K->119447K(1163264K)
[2020-08-06T04:23:49.934-0300] GC(4054) Pause Young (Allocation Failure) 122M->104M(146M) 3.442ms
[2020-08-06T04:23:49.934-0300] GC(4054) User=0.00s Sys=0.00s Real=0.00s
[2020-08-06T04:24:04.847-0300] GC(4055) Pause Young (Allocation Failure)
[2020-08-06T04:24:04.849-0300] GC(4055) PSYoungGen: 19504K->608K(19968K)
[2020-08-06T04:24:04.849-0300] GC(4055) ParOldGen: 106314K->106743K(129536K)
[2020-08-06T04:24:04.849-0300] GC(4055) Metaspace: 119447K->119447K(1163264K)
[2020-08-06T04:24:04.849-0300] GC(4055) Pause Young (Allocation Failure) 122M->104M(146M) 2.454ms
[2020-08-06T04:24:04.849-0300] GC(4055) User=0.00s Sys=0.00s Real=0.00s
[2020-08-06T04:24:16.250-0300] GC(4056) Pause Young (Allocation Failure)
[2020-08-06T04:24:16.252-0300] GC(4056) PSYoungGen: 19552K->592K(19968K)
[2020-08-06T04:24:16.252-0300] GC(4056) ParOldGen: 106743K->107252K(129536K)
[2020-08-06T04:24:16.252-0300] GC(4056) Metaspace: 119447K->119447K(1163264K)
[2020-08-06T04:24:16.253-0300] GC(4056) Pause Young (Allocation Failure) 123M->105M(146M) 2.901ms
[2020-08-06T04:24:16.253-0300] GC(4056) User=0.01s Sys=0.00s Real=0.00s
[2020-08-06T04:24:27.145-0300] GC(4057) Pause Young (Allocation Failure)
[2020-08-06T04:24:27.148-0300] GC(4057) PSYoungGen: 19536K->384K(19968K)
[2020-08-06T04:24:27.148-0300] GC(4057) ParOldGen: 107252K->107713K(129536K)
[2020-08-06T04:24:27.148-0300] GC(4057) Metaspace: 119447K->119447K(1163264K)
[2020-08-06T04:24:27.148-0300] GC(4057) Pause Young (Allocation Failure) 123M->105M(146M) 2.824ms
[2020-08-06T04:24:27.148-0300] GC(4057) User=0.01s Sys=0.00s Real=0.00s
[2020-08-06T04:24:28.374-0300] GC(4058) Pause Young (Allocation Failure)
[2020-08-06T04:24:28.377-0300] GC(4058) PSYoungGen: 19328K->401K(19968K)
[2020-08-06T04:24:28.377-0300] GC(4058) ParOldGen: 107713K->108010K(129536K)
[2020-08-06T04:24:28.377-0300] GC(4058) Metaspace: 119447K->119447K(1163264K)
[2020-08-06T04:24:28.377-0300] GC(4058) Pause Young (Allocation Failure) 124M->105M(146M) 3.138ms
[2020-08-06T04:24:28.377-0300] GC(4058) User=0.00s Sys=0.00s Real=0.00s
[2020-08-06T04:24:29.733-0300] GC(4059) Pause Young (Allocation Failure)
[2020-08-06T04:24:29.736-0300] GC(4059) PSYoungGen: 19344K->401K(19968K)
[2020-08-06T04:24:29.736-0300] GC(4059) ParOldGen: 108010K->108247K(129536K)
[2020-08-06T04:24:29.736-0300] GC(4059) Metaspace: 119447K->119447K(1163264K)
[2020-08-06T04:24:29.736-0300] GC(4059) Pause Young (Allocation Failure) 124M->106M(146M) 3.056ms
[2020-08-06T04:24:29.736-0300] GC(4059) User=0.01s Sys=0.00s Real=0.01s
[2020-08-06T04:24:30.621-0300] GC(4060) Pause Young (Allocation Failure)
[2020-08-06T04:24:30.625-0300] GC(4060) PSYoungGen: 19345K->288K(19968K)
[2020-08-06T04:24:30.625-0300] GC(4060) ParOldGen: 108247K->108456K(129536K)
[2020-08-06T04:24:30.625-0300] GC(4060) Metaspace: 119447K->119447K(1163264K)
[2020-08-06T04:24:30.625-0300] GC(4060) Pause Young (Allocation Failure) 124M->106M(146M) 3.379ms
[2020-08-06T04:24:30.625-0300] GC(4060) User=0.00s Sys=0.00s Real=0.01s
[2020-08-06T04:24:49.851-0300] GC(4061) Pause Young (Allocation Failure)
[2020-08-06T04:24:49.855-0300] GC(4061) PSYoungGen: 19232K->352K(19968K)
[2020-08-06T04:24:49.855-0300] GC(4061) ParOldGen: 108456K->108556K(129536K)
[2020-08-06T04:24:49.855-0300] GC(4061) Metaspace: 119447K->119447K(1163264K)
[2020-08-06T04:24:49.855-0300] GC(4061) Pause Young (Allocation Failure) 124M->106M(146M) 3.355ms
[2020-08-06T04:24:49.855-0300] GC(4061) User=0.00s Sys=0.00s Real=0.01s
[2020-08-06T04:25:15.373-0300] GC(4062) Pause Young (Allocation Failure)
[2020-08-06T04:25:15.376-0300] GC(4062) PSYoungGen: 19296K->656K(19968K)
[2020-08-06T04:25:15.376-0300] GC(4062) ParOldGen: 108556K->108808K(129536K)
[2020-08-06T04:25:15.376-0300] GC(4062) Metaspace: 119447K->119447K(1163264K)
[2020-08-06T04:25:15.376-0300] GC(4062) Pause Young (Allocation Failure) 124M->106M(146M) 2.660ms
[2020-08-06T04:25:15.376-0300] GC(4062) User=0.01s Sys=0.00s Real=0.01s
[2020-08-06T04:25:35.082-0300] GC(4063) Pause Young (Allocation Failure)
[2020-08-06T04:25:35.085-0300] GC(4063) PSYoungGen: 19600K->432K(19968K)
[2020-08-06T04:25:35.085-0300] GC(4063) ParOldGen: 108808K->109312K(129536K)
[2020-08-06T04:25:35.085-0300] GC(4063) Metaspace: 119447K->119447K(1163264K)
[2020-08-06T04:25:35.085-0300] GC(4063) Pause Young (Allocation Failure) 125M->107M(146M) 3.069ms
[2020-08-06T04:25:35.085-0300] GC(4063) User=0.01s Sys=0.00s Real=0.01s
[2020-08-06T04:25:47.372-0300] GC(4064) Pause Young (Allocation Failure)
[2020-08-06T04:25:47.374-0300] GC(4064) PSYoungGen: 19375K->465K(19968K)
[2020-08-06T04:25:47.374-0300] GC(4064) ParOldGen: 109312K->109637K(129536K)
[2020-08-06T04:25:47.374-0300] GC(4064) Metaspace: 119447K->119447K(1163264K)
[2020-08-06T04:25:47.374-0300] GC(4064) Pause Young (Allocation Failure) 125M->107M(146M) 2.504ms
[2020-08-06T04:25:47.374-0300] GC(4064) User=0.00s Sys=0.00s Real=0.01s
[2020-08-06T04:26:02.498-0300] GC(4065) Pause Young (Allocation Failure)
[2020-08-06T04:26:02.500-0300] GC(4065) PSYoungGen: 19409K->512K(19968K)
[2020-08-06T04:26:02.500-0300] GC(4065) ParOldGen: 109637K->109966K(129536K)
[2020-08-06T04:26:02.500-0300] GC(4065) Metaspace: 119447K->119447K(1163264K)
[2020-08-06T04:26:02.500-0300] GC(4065) Pause Young (Allocation Failure) 126M->107M(146M) 2.483ms
[2020-08-06T04:26:02.500-0300] GC(4065) User=0.01s Sys=0.00s Real=0.00s
[2020-08-06T04:26:14.847-0300] GC(4066) Pause Young (Allocation Failure)
[2020-08-06T04:26:14.851-0300] GC(4066) PSYoungGen: 19456K->416K(19968K)
[2020-08-06T04:26:14.851-0300] GC(4066) ParOldGen: 109966K->110375K(129536K)
[2020-08-06T04:26:14.851-0300] GC(4066) Metaspace: 119447K->119447K(1163264K)
[2020-08-06T04:26:14.851-0300] GC(4066) Pause Young (Allocation Failure) 126M->108M(146M) 3.515ms
[2020-08-06T04:26:14.851-0300] GC(4066) User=0.01s Sys=0.00s Real=0.00s
[2020-08-06T04:26:28.742-0300] GC(4067) Pause Young (Allocation Failure)
[2020-08-06T04:26:28.745-0300] GC(4067) PSYoungGen: 19360K->576K(19968K)
[2020-08-06T04:26:28.745-0300] GC(4067) ParOldGen: 110375K->110676K(129536K)
[2020-08-06T04:26:28.745-0300] GC(4067) Metaspace: 119447K->119447K(1163264K)
[2020-08-06T04:26:28.745-0300] GC(4067) Pause Young (Allocation Failure) 126M->108M(146M) 3.098ms
[2020-08-06T04:26:28.745-0300] GC(4067) User=0.00s Sys=0.00s Real=0.01s
[2020-08-06T04:26:34.846-0300] GC(4068) Pause Young (Allocation Failure)
[2020-08-06T04:26:34.849-0300] GC(4068) PSYoungGen: 19520K->337K(19968K)
[2020-08-06T04:26:34.849-0300] GC(4068) ParOldGen: 110676K->111116K(129536K)
[2020-08-06T04:26:34.850-0300] GC(4068) Metaspace: 119447K->119447K(1163264K)
[2020-08-06T04:26:34.850-0300] GC(4068) Pause Young (Allocation Failure) 127M->108M(146M) 3.613ms
[2020-08-06T04:26:34.850-0300] GC(4068) User=0.01s Sys=0.00s Real=0.00s
[2020-08-06T04:26:36.146-0300] GC(4069) Pause Young (Allocation Failure)
[2020-08-06T04:26:36.149-0300] GC(4069) PSYoungGen: 19281K->336K(19968K)
[2020-08-06T04:26:36.149-0300] GC(4069) ParOldGen: 111116K->111321K(129536K)
[2020-08-06T04:26:36.149-0300] GC(4069) Metaspace: 119447K->119447K(1163264K)
[2020-08-06T04:26:36.149-0300] GC(4069) Pause Young (Allocation Failure) 127M->109M(146M) 3.139ms
[2020-08-06T04:26:36.149-0300] GC(4069) User=0.00s Sys=0.00s Real=0.00s
[2020-08-06T04:26:37.406-0300] GC(4070) Pause Young (Allocation Failure)
[2020-08-06T04:26:37.410-0300] GC(4070) PSYoungGen: 19280K->272K(19968K)
[2020-08-06T04:26:37.410-0300] GC(4070) ParOldGen: 111321K->111550K(129536K)
[2020-08-06T04:26:37.410-0300] GC(4070) Metaspace: 119447K->119447K(1163264K)
[2020-08-06T04:26:37.410-0300] GC(4070) Pause Young (Allocation Failure) 127M->109M(146M) 3.247ms
[2020-08-06T04:26:37.410-0300] GC(4070) User=0.01s Sys=0.00s Real=0.00s
[2020-08-06T04:26:39.845-0300] GC(4071) Pause Young (Allocation Failure)
[2020-08-06T04:26:39.849-0300] GC(4071) PSYoungGen: 19216K->288K(19968K)
[2020-08-06T04:26:39.849-0300] GC(4071) ParOldGen: 111550K->111707K(129536K)
[2020-08-06T04:26:39.849-0300] GC(4071) Metaspace: 119447K->119447K(1163264K)
[2020-08-06T04:26:39.849-0300] GC(4071) Pause Young (Allocation Failure) 127M->109M(146M) 3.529ms
[2020-08-06T04:26:39.849-0300] GC(4071) User=0.00s Sys=0.00s Real=0.00s
[2020-08-06T04:27:04.847-0300] GC(4072) Pause Young (Allocation Failure)
[2020-08-06T04:27:04.849-0300] GC(4072) PSYoungGen: 19232K->192K(19968K)
[2020-08-06T04:27:04.849-0300] GC(4072) ParOldGen: 111707K->111783K(129536K)
[2020-08-06T04:27:04.849-0300] GC(4072) Metaspace: 119447K->119447K(1163264K)
[2020-08-06T04:27:04.849-0300] GC(4072) Pause Young (Allocation Failure) 127M->109M(146M) 2.242ms
[2020-08-06T04:27:04.849-0300] GC(4072) User=0.00s Sys=0.00s Real=0.00s
[2020-08-06T04:27:28.370-0300] GC(4073) Pause Young (Allocation Failure)
[2020-08-06T04:27:28.372-0300] GC(4073) PSYoungGen: 19136K->384K(19968K)
[2020-08-06T04:27:28.372-0300] GC(4073) ParOldGen: 111783K->111831K(129536K)
[2020-08-06T04:27:28.372-0300] GC(4073) Metaspace: 119447K->119447K(1163264K)
[2020-08-06T04:27:28.372-0300] GC(4073) Pause Young (Allocation Failure) 127M->109M(146M) 2.478ms
[2020-08-06T04:27:28.372-0300] GC(4073) User=0.00s Sys=0.00s Real=0.00s
[2020-08-06T04:27:44.371-0300] GC(4074) Pause Young (Allocation Failure)
[2020-08-06T04:27:44.374-0300] GC(4074) PSYoungGen: 19328K->400K(19968K)
[2020-08-06T04:27:44.374-0300] GC(4074) ParOldGen: 111831K->111895K(129536K)
[2020-08-06T04:27:44.374-0300] GC(4074) Metaspace: 119447K->119447K(1163264K)
[2020-08-06T04:27:44.374-0300] GC(4074) Pause Young (Allocation Failure) 128M->109M(146M) 3.568ms
[2020-08-06T04:27:44.374-0300] GC(4074) User=0.00s Sys=0.00s Real=0.01s
[2020-08-06T04:27:59.484-0300] GC(4075) Pause Young (Allocation Failure)
[2020-08-06T04:27:59.486-0300] GC(4075) PSYoungGen: 19344K->256K(19968K)
[2020-08-06T04:27:59.486-0300] GC(4075) ParOldGen: 111895K->112044K(129536K)
[2020-08-06T04:27:59.486-0300] GC(4075) Metaspace: 119447K->119447K(1163264K)
[2020-08-06T04:27:59.487-0300] GC(4075) Pause Young (Allocation Failure) 128M->109M(146M) 2.277ms
[2020-08-06T04:27:59.487-0300] GC(4075) User=0.00s Sys=0.00s Real=0.00s
[2020-08-06T04:28:10.286-0300] GC(4076) Pause Young (Allocation Failure)
[2020-08-06T04:28:10.289-0300] GC(4076) PSYoungGen: 19200K->305K(19968K)
[2020-08-06T04:28:10.289-0300] GC(4076) ParOldGen: 112044K->112201K(129536K)
[2020-08-06T04:28:10.289-0300] GC(4076) Metaspace: 119447K->119447K(1163264K)
[2020-08-06T04:28:10.289-0300] GC(4076) Pause Young (Allocation Failure) 128M->109M(146M) 2.637ms
[2020-08-06T04:28:10.289-0300] GC(4076) User=0.01s Sys=0.00s Real=0.00s
[2020-08-06T04:28:11.656-0300] GC(4077) Pause Young (Allocation Failure)
[2020-08-06T04:28:11.659-0300] GC(4077) PSYoungGen: 19249K->369K(19968K)
[2020-08-06T04:28:11.659-0300] GC(4077) ParOldGen: 112201K->112386K(129536K)
[2020-08-06T04:28:11.659-0300] GC(4077) Metaspace: 119447K->119447K(1163264K)
[2020-08-06T04:28:11.659-0300] GC(4077) Pause Young (Allocation Failure) 128M->110M(146M) 2.913ms
[2020-08-06T04:28:11.659-0300] GC(4077) User=0.00s Sys=0.00s Real=0.00s
[2020-08-06T04:28:12.899-0300] GC(4078) Pause Young (Allocation Failure)
[2020-08-06T04:28:12.903-0300] GC(4078) PSYoungGen: 19313K->336K(19968K)
[2020-08-06T04:28:12.903-0300] GC(4078) ParOldGen: 112386K->112595K(129536K)
[2020-08-06T04:28:12.903-0300] GC(4078) Metaspace: 119447K->119447K(1163264K)
[2020-08-06T04:28:12.903-0300] GC(4078) Pause Young (Allocation Failure) 128M->110M(146M) 4.287ms
[2020-08-06T04:28:12.903-0300] GC(4078) User=0.00s Sys=0.01s Real=0.00s
[2020-08-06T04:28:14.236-0300] GC(4079) Pause Young (Allocation Failure)
[2020-08-06T04:28:14.239-0300] GC(4079) PSYoungGen: 19280K->448K(19968K)
[2020-08-06T04:28:14.239-0300] GC(4079) ParOldGen: 112595K->112808K(129536K)
[2020-08-06T04:28:14.239-0300] GC(4079) Metaspace: 119447K->119447K(1163264K)
[2020-08-06T04:28:14.239-0300] GC(4079) Pause Young (Allocation Failure) 128M->110M(146M) 3.415ms
[2020-08-06T04:28:14.239-0300] GC(4079) User=0.00s Sys=0.00s Real=0.00s
[2020-08-06T04:28:15.589-0300] GC(4080) Pause Young (Allocation Failure)
[2020-08-06T04:28:15.592-0300] GC(4080) PSYoungGen: 19391K->321K(19968K)
[2020-08-06T04:28:15.592-0300] GC(4080) ParOldGen: 112808K->113033K(129536K)
[2020-08-06T04:28:15.592-0300] GC(4080) Metaspace: 119447K->119447K(1163264K)
[2020-08-06T04:28:15.592-0300] GC(4080) Pause Young (Allocation Failure) 129M->110M(146M) 3.112ms
[2020-08-06T04:28:15.592-0300] GC(4080) User=0.01s Sys=0.00s Real=0.00s
[2020-08-06T04:28:16.622-0300] GC(4081) Pause Young (Allocation Failure)
[2020-08-06T04:28:16.625-0300] GC(4081) PSYoungGen: 19264K->288K(19968K)
[2020-08-06T04:28:16.625-0300] GC(4081) ParOldGen: 113033K->113254K(129536K)
[2020-08-06T04:28:16.625-0300] GC(4081) Metaspace: 119447K->119447K(1163264K)
[2020-08-06T04:28:16.625-0300] GC(4081) Pause Young (Allocation Failure) 129M->110M(146M) 3.239ms
[2020-08-06T04:28:16.625-0300] GC(4081) User=0.01s Sys=0.00s Real=0.01s
[2020-08-06T04:28:37.368-0300] GC(4082) Pause Young (Allocation Failure)
[2020-08-06T04:28:37.371-0300] GC(4082) PSYoungGen: 19232K->544K(19968K)
[2020-08-06T04:28:37.371-0300] GC(4082) ParOldGen: 113254K->113346K(129536K)
[2020-08-06T04:28:37.371-0300] GC(4082) Metaspace: 119447K->119447K(1163264K)
[2020-08-06T04:28:37.371-0300] GC(4082) Pause Young (Allocation Failure) 129M->111M(146M) 3.219ms
[2020-08-06T04:28:37.371-0300] GC(4082) User=0.01s Sys=0.00s Real=0.00s
[2020-08-06T04:29:03.173-0300] GC(4083) Pause Young (Allocation Failure)
[2020-08-06T04:29:03.176-0300] GC(4083) PSYoungGen: 19488K->768K(19968K)
[2020-08-06T04:29:03.176-0300] GC(4083) ParOldGen: 113346K->113790K(129536K)
[2020-08-06T04:29:03.176-0300] GC(4083) Metaspace: 119447K->119447K(1163264K)
[2020-08-06T04:29:03.176-0300] GC(4083) Pause Young (Allocation Failure) 129M->111M(146M) 3.123ms
[2020-08-06T04:29:03.176-0300] GC(4083) User=0.01s Sys=0.00s Real=0.01s
[2020-08-06T04:29:22.078-0300] GC(4084) Pause Young (Allocation Failure)
[2020-08-06T04:29:22.081-0300] GC(4084) PSYoungGen: 19712K->656K(19968K)
[2020-08-06T04:29:22.081-0300] GC(4084) ParOldGen: 113790K->114423K(129536K)
[2020-08-06T04:29:22.081-0300] GC(4084) Metaspace: 119447K->119447K(1163264K)
[2020-08-06T04:29:22.081-0300] GC(4084) Pause Young (Allocation Failure) 130M->112M(146M) 2.818ms
[2020-08-06T04:29:22.081-0300] GC(4084) User=0.01s Sys=0.00s Real=0.00s
[2020-08-06T04:29:34.558-0300] GC(4085) Pause Young (Allocation Failure)
[2020-08-06T04:29:34.561-0300] GC(4085) PSYoungGen: 19600K->320K(19968K)
[2020-08-06T04:29:34.561-0300] GC(4085) ParOldGen: 114423K->114971K(129536K)
[2020-08-06T04:29:34.561-0300] GC(4085) Metaspace: 119447K->119447K(1163264K)
[2020-08-06T04:29:34.561-0300] GC(4085) Pause Young (Allocation Failure) 130M->112M(146M) 2.717ms
[2020-08-06T04:29:34.561-0300] GC(4085) User=0.01s Sys=0.00s Real=0.00s
[2020-08-06T04:29:48.288-0300] GC(4086) Pause Young (Allocation Failure)
[2020-08-06T04:29:48.291-0300] GC(4086) PSYoungGen: 19264K->400K(19968K)
[2020-08-06T04:29:48.291-0300] GC(4086) ParOldGen: 114971K->115200K(129536K)
[2020-08-06T04:29:48.291-0300] GC(4086) Metaspace: 119447K->119447K(1163264K)
[2020-08-06T04:29:48.291-0300] GC(4086) Pause Young (Allocation Failure) 131M->112M(146M) 2.831ms
[2020-08-06T04:29:48.291-0300] GC(4086) User=0.00s Sys=0.00s Real=0.00s
[2020-08-06T04:29:59.849-0300] GC(4087) Pause Young (Allocation Failure)
[2020-08-06T04:29:59.851-0300] GC(4087) PSYoungGen: 19344K->529K(19968K)
[2020-08-06T04:29:59.851-0300] GC(4087) ParOldGen: 115200K->115509K(129536K)
[2020-08-06T04:29:59.851-0300] GC(4087) Metaspace: 119447K->119447K(1163264K)
[2020-08-06T04:29:59.851-0300] GC(4087) Pause Young (Allocation Failure) 131M->113M(146M) 2.450ms
[2020-08-06T04:29:59.851-0300] GC(4087) User=0.00s Sys=0.00s Real=0.00s
[2020-08-06T04:30:14.557-0300] GC(4088) Pause Young (Allocation Failure)
[2020-08-06T04:30:14.560-0300] GC(4088) PSYoungGen: 19473K->544K(19968K)
[2020-08-06T04:30:14.560-0300] GC(4088) ParOldGen: 115509K->115914K(129536K)
[2020-08-06T04:30:14.560-0300] GC(4088) Metaspace: 119447K->119447K(1163264K)
[2020-08-06T04:30:14.560-0300] GC(4088) Pause Young (Allocation Failure) 131M->113M(146M) 2.731ms
[2020-08-06T04:30:14.560-0300] GC(4088) User=0.00s Sys=0.00s Real=0.00s
[2020-08-06T04:30:26.588-0300] GC(4089) Pause Young (Allocation Failure)
[2020-08-06T04:30:26.590-0300] GC(4089) PSYoungGen: 19488K->416K(19968K)
[2020-08-06T04:30:26.590-0300] GC(4089) ParOldGen: 115914K->116342K(129536K)
[2020-08-06T04:30:26.590-0300] GC(4089) Metaspace: 119447K->119447K(1163264K)
[2020-08-06T04:30:26.591-0300] GC(4089) Pause Young (Allocation Failure) 132M->114M(146M) 2.690ms
[2020-08-06T04:30:26.591-0300] GC(4089) User=0.00s Sys=0.00s Real=0.00s
[2020-08-06T04:30:40.822-0300] GC(4090) Pause Young (Allocation Failure)
[2020-08-06T04:30:40.825-0300] GC(4090) PSYoungGen: 19360K->496K(19968K)
[2020-08-06T04:30:40.825-0300] GC(4090) ParOldGen: 116342K->116659K(129536K)
[2020-08-06T04:30:40.825-0300] GC(4090) Metaspace: 119447K->119447K(1163264K)
[2020-08-06T04:30:40.825-0300] GC(4090) Pause Young (Allocation Failure) 132M->114M(146M) 3.700ms
[2020-08-06T04:30:40.825-0300] GC(4090) User=0.01s Sys=0.00s Real=0.01s
[2020-08-06T04:30:54.846-0300] GC(4091) Pause Young (Allocation Failure)
[2020-08-06T04:30:54.850-0300] GC(4091) PSYoungGen: 19440K->480K(19968K)
[2020-08-06T04:30:54.850-0300] GC(4091) ParOldGen: 116659K->117020K(129536K)
[2020-08-06T04:30:54.850-0300] GC(4091) Metaspace: 119447K->119447K(1163264K)
[2020-08-06T04:30:54.850-0300] GC(4091) Pause Young (Allocation Failure) 132M->114M(146M) 3.542ms
[2020-08-06T04:30:54.850-0300] GC(4091) User=0.01s Sys=0.00s Real=0.00s
[2020-08-06T04:31:07.142-0300] GC(4092) Pause Young (Allocation Failure)
[2020-08-06T04:31:07.146-0300] GC(4092) PSYoungGen: 19424K->448K(19968K)
[2020-08-06T04:31:07.146-0300] GC(4092) ParOldGen: 117020K->117409K(129536K)
[2020-08-06T04:31:07.146-0300] GC(4092) Metaspace: 119447K->119447K(1163264K)
[2020-08-06T04:31:07.146-0300] GC(4092) Pause Young (Allocation Failure) 133M->115M(146M) 3.574ms
[2020-08-06T04:31:07.146-0300] GC(4092) User=0.01s Sys=0.00s Real=0.01s
[2020-08-06T04:31:17.395-0300] GC(4093) Pause Young (Allocation Failure)
[2020-08-06T04:31:17.398-0300] GC(4093) PSYoungGen: 19392K->448K(19968K)
[2020-08-06T04:31:17.398-0300] GC(4093) ParOldGen: 117409K->117782K(129536K)
[2020-08-06T04:31:17.398-0300] GC(4093) Metaspace: 119447K->119447K(1163264K)
[2020-08-06T04:31:17.398-0300] GC(4093) Pause Young (Allocation Failure) 133M->115M(146M) 2.958ms
[2020-08-06T04:31:17.398-0300] GC(4093) User=0.01s Sys=0.00s Real=0.00s
[2020-08-06T04:31:28.485-0300] GC(4094) Pause Young (Allocation Failure)
[2020-08-06T04:31:28.489-0300] GC(4094) PSYoungGen: 19392K->433K(19968K)
[2020-08-06T04:31:28.489-0300] GC(4094) ParOldGen: 117782K->118047K(129536K)
[2020-08-06T04:31:28.489-0300] GC(4094) Metaspace: 119447K->119447K(1163264K)
[2020-08-06T04:31:28.489-0300] GC(4094) Pause Young (Allocation Failure) 133M->115M(146M) 3.166ms
[2020-08-06T04:31:28.489-0300] GC(4094) User=0.00s Sys=0.00s Real=0.00s
[2020-08-06T04:31:44.114-0300] GC(4095) Pause Young (Allocation Failure)
[2020-08-06T04:31:44.119-0300] GC(4095) PSYoungGen: 19377K->240K(19968K)
[2020-08-06T04:31:44.119-0300] GC(4095) ParOldGen: 118047K->118332K(129536K)
[2020-08-06T04:31:44.119-0300] GC(4095) Metaspace: 119447K->119447K(1163264K)
[2020-08-06T04:31:44.119-0300] GC(4095) Pause Young (Allocation Failure) 134M->115M(146M) 5.010ms
[2020-08-06T04:31:44.119-0300] GC(4095) User=0.01s Sys=0.00s Real=0.00s
[2020-08-06T04:31:54.849-0300] GC(4096) Pause Young (Allocation Failure)
[2020-08-06T04:31:54.852-0300] GC(4096) PSYoungGen: 19184K->337K(19968K)
[2020-08-06T04:31:54.852-0300] GC(4096) ParOldGen: 118332K->118497K(129536K)
[2020-08-06T04:31:54.852-0300] GC(4096) Metaspace: 119447K->119447K(1163264K)
[2020-08-06T04:31:54.852-0300] GC(4096) Pause Young (Allocation Failure) 134M->116M(146M) 2.659ms
[2020-08-06T04:31:54.852-0300] GC(4096) User=0.01s Sys=0.00s Real=0.00s
[2020-08-06T04:31:56.173-0300] GC(4097) Pause Young (Allocation Failure)
[2020-08-06T04:31:56.176-0300] GC(4097) PSYoungGen: 19280K->401K(19968K)
[2020-08-06T04:31:56.176-0300] GC(4097) ParOldGen: 118497K->118650K(129536K)
[2020-08-06T04:31:56.176-0300] GC(4097) Metaspace: 119447K->119447K(1163264K)
[2020-08-06T04:31:56.176-0300] GC(4097) Pause Young (Allocation Failure) 134M->116M(146M) 2.715ms
[2020-08-06T04:31:56.176-0300] GC(4097) User=0.00s Sys=0.00s Real=0.01s
[2020-08-06T04:31:57.485-0300] GC(4098) Pause Young (Allocation Failure)
[2020-08-06T04:31:57.487-0300] GC(4098) PSYoungGen: 19345K->288K(19968K)
[2020-08-06T04:31:57.487-0300] GC(4098) ParOldGen: 118650K->118875K(129536K)
[2020-08-06T04:31:57.487-0300] GC(4098) Metaspace: 119447K->119447K(1163264K)
[2020-08-06T04:31:57.487-0300] GC(4098) Pause Young (Allocation Failure) 134M->116M(146M) 2.533ms
[2020-08-06T04:31:57.487-0300] GC(4098) User=0.01s Sys=0.00s Real=0.00s
[2020-08-06T04:31:58.710-0300] GC(4099) Pause Young (Allocation Failure)
[2020-08-06T04:31:58.713-0300] GC(4099) PSYoungGen: 19232K->432K(19968K)
[2020-08-06T04:31:58.713-0300] GC(4099) ParOldGen: 118875K->119080K(129536K)
[2020-08-06T04:31:58.713-0300] GC(4099) Metaspace: 119447K->119447K(1163264K)
[2020-08-06T04:31:58.713-0300] GC(4099) Pause Young (Allocation Failure) 134M->116M(146M) 3.101ms
[2020-08-06T04:31:58.713-0300] GC(4099) User=0.01s Sys=0.00s Real=0.00s
[2020-08-06T04:31:59.753-0300] GC(4100) Pause Young (Allocation Failure)
[2020-08-06T04:31:59.756-0300] GC(4100) PSYoungGen: 19376K->320K(19968K)
[2020-08-06T04:31:59.756-0300] GC(4100) ParOldGen: 119080K->119405K(129536K)
[2020-08-06T04:31:59.756-0300] GC(4100) Metaspace: 119447K->119447K(1163264K)
[2020-08-06T04:31:59.756-0300] GC(4100) Pause Young (Allocation Failure) 135M->116M(146M) 3.294ms
[2020-08-06T04:31:59.756-0300] GC(4100) User=0.00s Sys=0.00s Real=0.01s
[2020-08-06T04:32:17.393-0300] GC(4101) Pause Young (Allocation Failure)
[2020-08-06T04:32:17.396-0300] GC(4101) PSYoungGen: 19264K->192K(19968K)
[2020-08-06T04:32:17.396-0300] GC(4101) ParOldGen: 119405K->119469K(129536K)
[2020-08-06T04:32:17.396-0300] GC(4101) Metaspace: 119447K->119447K(1163264K)
[2020-08-06T04:32:17.396-0300] GC(4101) Pause Young (Allocation Failure) 135M->116M(146M) 3.138ms
[2020-08-06T04:32:17.396-0300] GC(4101) User=0.00s Sys=0.00s Real=0.01s
[2020-08-06T04:32:39.849-0300] GC(4102) Pause Young (Allocation Failure)
[2020-08-06T04:32:39.852-0300] GC(4102) PSYoungGen: 19136K->320K(19968K)
[2020-08-06T04:32:39.852-0300] GC(4102) ParOldGen: 119469K->119525K(129536K)
[2020-08-06T04:32:39.852-0300] GC(4102) Metaspace: 119447K->119447K(1163264K)
[2020-08-06T04:32:39.852-0300] GC(4102) Pause Young (Allocation Failure) 135M->117M(146M) 3.241ms
[2020-08-06T04:32:39.852-0300] GC(4102) User=0.00s Sys=0.00s Real=0.00s
[2020-08-06T04:33:00.392-0300] GC(4103) Pause Young (Allocation Failure)
[2020-08-06T04:33:00.395-0300] GC(4103) PSYoungGen: 19264K->288K(19968K)
[2020-08-06T04:33:00.395-0300] GC(4103) ParOldGen: 119525K->119557K(129536K)
[2020-08-06T04:33:00.395-0300] GC(4103) Metaspace: 119447K->119447K(1163264K)
[2020-08-06T04:33:00.395-0300] GC(4103) Pause Young (Allocation Failure) 135M->117M(146M) 3.063ms
[2020-08-06T04:33:00.395-0300] GC(4103) User=0.00s Sys=0.00s Real=0.01s
[2020-08-06T04:33:16.096-0300] GC(4104) Pause Young (Allocation Failure)
[2020-08-06T04:33:16.099-0300] GC(4104) PSYoungGen: 19232K->256K(19968K)
[2020-08-06T04:33:16.099-0300] GC(4104) ParOldGen: 119557K->119693K(129536K)
[2020-08-06T04:33:16.099-0300] GC(4104) Metaspace: 119447K->119447K(1163264K)
[2020-08-06T04:33:16.099-0300] GC(4104) Pause Young (Allocation Failure) 135M->117M(146M) 3.140ms
[2020-08-06T04:33:16.099-0300] GC(4104) User=0.01s Sys=0.00s Real=0.00s
[2020-08-06T04:33:28.406-0300] GC(4105) Pause Young (Allocation Failure)
[2020-08-06T04:33:28.409-0300] GC(4105) PSYoungGen: 19200K->416K(19968K)
[2020-08-06T04:33:28.409-0300] GC(4105) ParOldGen: 119693K->119846K(129536K)
[2020-08-06T04:33:28.409-0300] GC(4105) Metaspace: 119447K->119447K(1163264K)
[2020-08-06T04:33:28.409-0300] GC(4105) Pause Young (Allocation Failure) 135M->117M(146M) 3.016ms
[2020-08-06T04:33:28.409-0300] GC(4105) User=0.01s Sys=0.00s Real=0.00s
[2020-08-06T04:33:32.946-0300] GC(4106) Pause Young (Allocation Failure)
[2020-08-06T04:33:32.949-0300] GC(4106) PSYoungGen: 19360K->464K(19968K)
[2020-08-06T04:33:32.950-0300] GC(4106) ParOldGen: 119846K->120163K(129536K)
[2020-08-06T04:33:32.950-0300] GC(4106) Metaspace: 119447K->119447K(1163264K)
[2020-08-06T04:33:32.950-0300] GC(4106) Pause Young (Allocation Failure) 135M->117M(146M) 3.467ms
[2020-08-06T04:33:32.950-0300] GC(4106) User=0.01s Sys=0.00s Real=0.00s
[2020-08-06T04:33:34.315-0300] GC(4107) Pause Young (Allocation Failure)
[2020-08-06T04:33:34.319-0300] GC(4107) PSYoungGen: 19405K->336K(19968K)
[2020-08-06T04:33:34.319-0300] GC(4107) ParOldGen: 120163K->120516K(129536K)
[2020-08-06T04:33:34.319-0300] GC(4107) Metaspace: 119447K->119447K(1163264K)
[2020-08-06T04:33:34.319-0300] GC(4107) Pause Young (Allocation Failure) 136M->118M(146M) 3.489ms
[2020-08-06T04:33:34.319-0300] GC(4107) User=0.00s Sys=0.00s Real=0.00s
[2020-08-06T04:33:35.529-0300] GC(4108) Pause Young (Allocation Failure)
[2020-08-06T04:33:35.533-0300] GC(4108) PSYoungGen: 19280K->336K(19968K)
[2020-08-06T04:33:35.533-0300] GC(4108) ParOldGen: 120516K->120726K(129536K)
[2020-08-06T04:33:35.533-0300] GC(4108) Metaspace: 119447K->119447K(1163264K)
[2020-08-06T04:33:35.533-0300] GC(4108) Pause Young (Allocation Failure) 136M->118M(146M) 3.344ms
[2020-08-06T04:33:35.533-0300] GC(4108) User=0.00s Sys=0.00s Real=0.00s
[2020-08-06T04:33:36.752-0300] GC(4109) Pause Young (Allocation Failure)
[2020-08-06T04:33:36.756-0300] GC(4109) PSYoungGen: 19280K->336K(19968K)
[2020-08-06T04:33:36.756-0300] GC(4109) ParOldGen: 120726K->120987K(129536K)
[2020-08-06T04:33:36.756-0300] GC(4109) Metaspace: 119447K->119447K(1163264K)
[2020-08-06T04:33:36.756-0300] GC(4109) Pause Young (Allocation Failure) 136M->118M(146M) 3.574ms
[2020-08-06T04:33:36.756-0300] GC(4109) User=0.00s Sys=0.00s Real=0.01s
[2020-08-06T04:33:38.084-0300] GC(4110) Pause Young (Allocation Failure)
[2020-08-06T04:33:38.086-0300] GC(4110) PSYoungGen: 19280K->369K(19968K)
[2020-08-06T04:33:38.087-0300] GC(4110) ParOldGen: 120987K->121216K(129536K)
[2020-08-06T04:33:38.087-0300] GC(4110) Metaspace: 119447K->119447K(1163264K)
[2020-08-06T04:33:38.087-0300] GC(4110) Pause Young (Allocation Failure) 136M->118M(146M) 2.834ms
[2020-08-06T04:33:38.087-0300] GC(4110) User=0.01s Sys=0.00s Real=0.01s
[2020-08-06T04:33:49.390-0300] GC(4111) Pause Young (Allocation Failure)
[2020-08-06T04:33:49.393-0300] GC(4111) PSYoungGen: 19313K->544K(19968K)
[2020-08-06T04:33:49.393-0300] GC(4111) ParOldGen: 121216K->121300K(129536K)
[2020-08-06T04:33:49.393-0300] GC(4111) Metaspace: 119447K->119447K(1163264K)
[2020-08-06T04:33:49.393-0300] GC(4111) Pause Young (Allocation Failure) 137M->118M(146M) 2.740ms
[2020-08-06T04:33:49.393-0300] GC(4111) User=0.01s Sys=0.00s Real=0.00s
[2020-08-06T04:34:14.392-0300] GC(4112) Pause Young (Allocation Failure)
[2020-08-06T04:34:14.395-0300] GC(4112) PSYoungGen: 19487K->832K(19968K)
[2020-08-06T04:34:14.395-0300] GC(4112) ParOldGen: 121300K->121644K(129536K)
[2020-08-06T04:34:14.395-0300] GC(4112) Metaspace: 119447K->119447K(1163264K)
[2020-08-06T04:34:14.395-0300] GC(4112) Pause Young (Allocation Failure) 137M->119M(146M) 2.798ms
[2020-08-06T04:34:14.395-0300] GC(4112) User=0.00s Sys=0.00s Real=0.01s
[2020-08-06T04:34:37.391-0300] GC(4113) Pause Young (Allocation Failure)
[2020-08-06T04:34:37.396-0300] GC(4113) PSYoungGen: 19776K->992K(19968K)
[2020-08-06T04:34:37.396-0300] GC(4113) ParOldGen: 121644K->122428K(129536K)
[2020-08-06T04:34:37.396-0300] GC(4113) Metaspace: 119449K->119449K(1163264K)
[2020-08-06T04:34:37.396-0300] GC(4113) Pause Young (Allocation Failure) 138M->120M(146M) 4.858ms
[2020-08-06T04:34:37.396-0300] GC(4113) User=0.00s Sys=0.00s Real=0.01s
[2020-08-06T04:34:49.169-0300] GC(4114) Pause Young (Allocation Failure)
[2020-08-06T04:34:49.173-0300] GC(4114) PSYoungGen: 19936K->496K(20480K)
[2020-08-06T04:34:49.173-0300] GC(4114) ParOldGen: 122428K->123356K(129536K)
[2020-08-06T04:34:49.173-0300] GC(4114) Metaspace: 119449K->119449K(1163264K)
[2020-08-06T04:34:49.173-0300] GC(4114) Pause Young (Allocation Failure) 139M->120M(146M) 4.681ms
[2020-08-06T04:34:49.173-0300] GC(4114) User=0.01s Sys=0.00s Real=0.00s
[2020-08-06T04:35:04.837-0300] GC(4115) Pause Young (Allocation Failure)
[2020-08-06T04:35:04.841-0300] GC(4115) PSYoungGen: 19440K->416K(20480K)
[2020-08-06T04:35:04.841-0300] GC(4115) ParOldGen: 123356K->123767K(129536K)
[2020-08-06T04:35:04.841-0300] GC(4115) Metaspace: 119449K->119449K(1163264K)
[2020-08-06T04:35:04.841-0300] GC(4115) Pause Young (Allocation Failure) 139M->121M(146M) 3.516ms
[2020-08-06T04:35:04.841-0300] GC(4115) User=0.00s Sys=0.00s Real=0.00s
[2020-08-06T04:35:15.426-0300] GC(4116) Pause Young (Allocation Failure)
[2020-08-06T04:35:15.430-0300] GC(4116) PSYoungGen: 19360K->496K(20480K)
[2020-08-06T04:35:15.430-0300] GC(4116) ParOldGen: 123767K->124088K(129536K)
[2020-08-06T04:35:15.430-0300] GC(4116) Metaspace: 119449K->119449K(1163264K)
[2020-08-06T04:35:15.430-0300] GC(4116) Pause Young (Allocation Failure) 139M->121M(146M) 3.939ms
[2020-08-06T04:35:15.430-0300] GC(4116) User=0.01s Sys=0.00s Real=0.00s
[2020-08-06T04:35:29.849-0300] GC(4117) Pause Young (Allocation Failure)
[2020-08-06T04:35:29.852-0300] GC(4117) PSYoungGen: 19440K->544K(19968K)
[2020-08-06T04:35:29.852-0300] GC(4117) ParOldGen: 124088K->124521K(129536K)
[2020-08-06T04:35:29.852-0300] GC(4117) Metaspace: 119453K->119453K(1163264K)
[2020-08-06T04:35:29.852-0300] GC(4117) Pause Young (Allocation Failure) 140M->122M(146M) 3.454ms
[2020-08-06T04:35:29.852-0300] GC(4117) User=0.00s Sys=0.00s Real=0.00s
[2020-08-06T04:35:41.622-0300] GC(4118) Pause Young (Allocation Failure)
[2020-08-06T04:35:41.626-0300] GC(4118) PSYoungGen: 19488K->544K(19968K)
[2020-08-06T04:35:41.626-0300] GC(4118) ParOldGen: 124521K->124938K(129536K)
[2020-08-06T04:35:41.626-0300] GC(4118) Metaspace: 119453K->119453K(1163264K)
[2020-08-06T04:35:41.626-0300] GC(4118) Pause Young (Allocation Failure) 140M->122M(146M) 3.501ms
[2020-08-06T04:35:41.626-0300] GC(4118) User=0.01s Sys=0.00s Real=0.01s
[2020-08-06T04:35:56.808-0300] GC(4119) Pause Young (Allocation Failure)
[2020-08-06T04:35:56.811-0300] GC(4119) PSYoungGen: 19488K->416K(19968K)
[2020-08-06T04:35:56.811-0300] GC(4119) ParOldGen: 124938K->125375K(129536K)
[2020-08-06T04:35:56.811-0300] GC(4119) Metaspace: 119453K->119453K(1163264K)
[2020-08-06T04:35:56.811-0300] GC(4119) Pause Young (Allocation Failure) 141M->122M(146M) 3.291ms
[2020-08-06T04:35:56.811-0300] GC(4119) User=0.00s Sys=0.00s Real=0.00s
[2020-08-06T04:36:08.389-0300] GC(4120) Pause Young (Allocation Failure)
[2020-08-06T04:36:08.391-0300] GC(4120) PSYoungGen: 19360K->625K(19968K)
[2020-08-06T04:36:08.391-0300] GC(4120) ParOldGen: 125375K->125724K(129536K)
[2020-08-06T04:36:08.391-0300] GC(4120) Metaspace: 119453K->119453K(1163264K)
[2020-08-06T04:36:08.391-0300] GC(4120) Pause Young (Allocation Failure) 141M->123M(146M) 2.819ms
[2020-08-06T04:36:08.391-0300] GC(4120) User=0.00s Sys=0.00s Real=0.00s
[2020-08-06T04:36:23.624-0300] GC(4121) Pause Young (Allocation Failure)
[2020-08-06T04:36:23.626-0300] GC(4121) PSYoungGen: 19569K->352K(19968K)
[2020-08-06T04:36:23.626-0300] GC(4121) ParOldGen: 125724K->126169K(129536K)
[2020-08-06T04:36:23.626-0300] GC(4121) Metaspace: 119453K->119453K(1163264K)
[2020-08-06T04:36:23.627-0300] GC(4121) Pause Young (Allocation Failure) 141M->123M(146M) 2.863ms
[2020-08-06T04:36:23.627-0300] GC(4121) User=0.01s Sys=0.00s Real=0.01s
[2020-08-06T04:36:29.849-0300] GC(4122) Pause Young (Allocation Failure)
[2020-08-06T04:36:29.852-0300] GC(4122) PSYoungGen: 19296K->384K(19968K)
[2020-08-06T04:36:29.852-0300] GC(4122) ParOldGen: 126169K->126418K(129536K)
[2020-08-06T04:36:29.852-0300] GC(4122) Metaspace: 119453K->119453K(1163264K)
[2020-08-06T04:36:29.852-0300] GC(4122) Pause Young (Allocation Failure) 142M->123M(146M) 2.764ms
[2020-08-06T04:36:29.852-0300] GC(4122) User=0.01s Sys=0.00s Real=0.00s
[2020-08-06T04:36:44.796-0300] GC(4123) Pause Young (Allocation Failure)
[2020-08-06T04:36:44.799-0300] GC(4123) PSYoungGen: 19328K->272K(19968K)
[2020-08-06T04:36:44.799-0300] GC(4123) ParOldGen: 126418K->126675K(129536K)
[2020-08-06T04:36:44.799-0300] GC(4123) Metaspace: 119453K->119453K(1163264K)
[2020-08-06T04:36:44.799-0300] GC(4123) Pause Young (Allocation Failure) 142M->123M(146M) 3.227ms
[2020-08-06T04:36:44.799-0300] GC(4123) User=0.01s Sys=0.00s Real=0.00s
[2020-08-06T04:36:58.387-0300] GC(4124) Pause Young (Allocation Failure)
[2020-08-06T04:36:58.391-0300] GC(4124) PSYoungGen: 19216K->384K(19968K)
[2020-08-06T04:36:58.391-0300] GC(4124) ParOldGen: 126675K->126823K(129536K)
[2020-08-06T04:36:58.391-0300] GC(4124) Metaspace: 119453K->119453K(1163264K)
[2020-08-06T04:36:58.391-0300] GC(4124) Pause Young (Allocation Failure) 142M->124M(146M) 3.551ms
[2020-08-06T04:36:58.391-0300] GC(4124) User=0.01s Sys=0.00s Real=0.00s
[2020-08-06T04:37:11.041-0300] GC(4125) Pause Young (Allocation Failure)
[2020-08-06T04:37:11.045-0300] GC(4125) PSYoungGen: 19328K->240K(19968K)
[2020-08-06T04:37:11.045-0300] GC(4125) ParOldGen: 126823K->127021K(129536K)
[2020-08-06T04:37:11.045-0300] GC(4125) Metaspace: 119453K->119453K(1163264K)
[2020-08-06T04:37:11.045-0300] GC(4125) Pause Young (Allocation Failure) 142M->124M(146M) 3.109ms
[2020-08-06T04:37:11.045-0300] GC(4125) User=0.00s Sys=0.00s Real=0.01s
[2020-08-06T04:37:17.120-0300] GC(4126) Pause Young (Allocation Failure)
[2020-08-06T04:37:17.123-0300] GC(4126) PSYoungGen: 19184K->352K(19968K)
[2020-08-06T04:37:17.123-0300] GC(4126) ParOldGen: 127021K->127161K(129536K)
[2020-08-06T04:37:17.123-0300] GC(4126) Metaspace: 119453K->119453K(1163264K)
[2020-08-06T04:37:17.123-0300] GC(4126) Pause Young (Allocation Failure) 142M->124M(146M) 3.024ms
[2020-08-06T04:37:17.123-0300] GC(4126) User=0.01s Sys=0.00s Real=0.00s
[2020-08-06T04:37:18.389-0300] GC(4127) Pause Young (Allocation Failure)
[2020-08-06T04:37:18.393-0300] GC(4127) PSYoungGen: 19296K->400K(19968K)
[2020-08-06T04:37:18.393-0300] GC(4127) ParOldGen: 127161K->127406K(129536K)
[2020-08-06T04:37:18.393-0300] GC(4127) Metaspace: 119453K->119453K(1163264K)
[2020-08-06T04:37:18.393-0300] GC(4127) Pause Young (Allocation Failure) 143M->124M(146M) 3.905ms
[2020-08-06T04:37:18.393-0300] GC(4127) User=0.00s Sys=0.00s Real=0.00s
[2020-08-06T04:37:19.703-0300] GC(4128) Pause Young (Allocation Failure)
[2020-08-06T04:37:19.707-0300] GC(4128) PSYoungGen: 19344K->384K(19968K)
[2020-08-06T04:37:19.707-0300] GC(4128) ParOldGen: 127406K->127655K(129536K)
[2020-08-06T04:37:19.707-0300] GC(4128) Metaspace: 119453K->119453K(1163264K)
[2020-08-06T04:37:19.707-0300] GC(4128) Pause Young (Allocation Failure) 143M->125M(146M) 3.655ms
[2020-08-06T04:37:19.707-0300] GC(4128) User=0.00s Sys=0.00s Real=0.01s
[2020-08-06T04:37:21.004-0300] GC(4129) Pause Young (Allocation Failure)
[2020-08-06T04:37:21.007-0300] GC(4129) PSYoungGen: 19328K->337K(19968K)
[2020-08-06T04:37:21.007-0300] GC(4129) ParOldGen: 127655K->127936K(129536K)
[2020-08-06T04:37:21.007-0300] GC(4129) Metaspace: 119453K->119453K(1163264K)
[2020-08-06T04:37:21.007-0300] GC(4129) Pause Young (Allocation Failure) 143M->125M(146M) 2.984ms
[2020-08-06T04:37:21.007-0300] GC(4129) User=0.00s Sys=0.00s Real=0.00s
[2020-08-06T04:37:23.387-0300] GC(4130) Pause Young (Allocation Failure)
[2020-08-06T04:37:23.390-0300] GC(4130) PSYoungGen: 19281K->512K(19968K)
[2020-08-06T04:37:23.390-0300] GC(4130) ParOldGen: 127936K->128113K(129536K)
[2020-08-06T04:37:23.390-0300] GC(4130) Metaspace: 119485K->119485K(1163264K)
[2020-08-06T04:37:23.390-0300] GC(4130) Pause Young (Allocation Failure) 143M->125M(146M) 3.281ms
[2020-08-06T04:37:23.390-0300] GC(4130) User=0.00s Sys=0.00s Real=0.00s
[2020-08-06T04:37:49.386-0300] GC(4131) Pause Young (Allocation Failure)
[2020-08-06T04:37:49.391-0300] GC(4131) PSYoungGen: 19456K->160K(19968K)
[2020-08-06T04:37:49.391-0300] GC(4131) ParOldGen: 128113K->128193K(129536K)
[2020-08-06T04:37:49.391-0300] GC(4131) Metaspace: 119485K->119485K(1163264K)
[2020-08-06T04:37:49.391-0300] GC(4131) Pause Young (Allocation Failure) 144M->125M(146M) 4.799ms
[2020-08-06T04:37:49.391-0300] GC(4131) User=0.00s Sys=0.00s Real=0.00s
[2020-08-06T04:38:14.848-0300] GC(4132) Pause Young (Allocation Failure)
[2020-08-06T04:38:14.851-0300] GC(4132) PSYoungGen: 19104K->224K(19968K)
[2020-08-06T04:38:14.851-0300] GC(4132) ParOldGen: 128193K->128225K(129536K)
[2020-08-06T04:38:14.851-0300] GC(4132) Metaspace: 119485K->119485K(1163264K)
[2020-08-06T04:38:14.851-0300] GC(4132) Pause Young (Allocation Failure) 143M->125M(146M) 3.242ms
[2020-08-06T04:38:14.851-0300] GC(4132) User=0.01s Sys=0.00s Real=0.00s
[2020-08-06T04:38:29.847-0300] GC(4133) Pause Young (Allocation Failure)
[2020-08-06T04:38:29.849-0300] GC(4133) PSYoungGen: 19168K->448K(19968K)
[2020-08-06T04:38:29.849-0300] GC(4133) ParOldGen: 128225K->128265K(129536K)
[2020-08-06T04:38:29.849-0300] GC(4133) Metaspace: 119485K->119485K(1163264K)
[2020-08-06T04:38:29.849-0300] GC(4133) Pause Young (Allocation Failure) 143M->125M(146M) 2.433ms
[2020-08-06T04:38:29.849-0300] GC(4133) User=0.00s Sys=0.00s Real=0.00s
[2020-08-06T04:38:42.764-0300] GC(4134) Pause Young (Allocation Failure)
[2020-08-06T04:38:42.768-0300] GC(4134) PSYoungGen: 19392K->640K(19968K)
[2020-08-06T04:38:42.768-0300] GC(4134) ParOldGen: 128265K->128578K(129536K)
[2020-08-06T04:38:42.768-0300] GC(4134) Metaspace: 119485K->119485K(1163264K)
[2020-08-06T04:38:42.768-0300] GC(4134) Pause Young (Allocation Failure) 144M->126M(146M) 3.391ms
[2020-08-06T04:38:42.768-0300] GC(4134) User=0.01s Sys=0.00s Real=0.00s
[2020-08-06T04:38:55.385-0300] GC(4135) Pause Young (Allocation Failure)
[2020-08-06T04:38:55.388-0300] GC(4135) PSYoungGen: 19584K->625K(19968K)
[2020-08-06T04:38:55.388-0300] GC(4135) ParOldGen: 128578K->129107K(129536K)
[2020-08-06T04:38:55.388-0300] GC(4135) Metaspace: 119485K->119485K(1163264K)
[2020-08-06T04:38:55.388-0300] GC(4135) Pause Young (Allocation Failure) 144M->126M(146M) 2.621ms
[2020-08-06T04:38:55.388-0300] GC(4135) User=0.01s Sys=0.00s Real=0.00s
[2020-08-06T04:38:55.388-0300] GC(4136) Pause Full (Ergonomics)
[2020-08-06T04:38:55.388-0300] GC(4136) Marking Phase
[2020-08-06T04:38:55.466-0300] GC(4136) Marking Phase 78.021ms
[2020-08-06T04:38:55.466-0300] GC(4136) Summary Phase
[2020-08-06T04:38:55.466-0300] GC(4136) Summary Phase 0.046ms
[2020-08-06T04:38:55.466-0300] GC(4136) Adjust Roots
[2020-08-06T04:38:55.496-0300] GC(4136) Adjust Roots 29.387ms
[2020-08-06T04:38:55.496-0300] GC(4136) Compaction Phase
[2020-08-06T04:38:55.532-0300] GC(4136) Compaction Phase 36.670ms
[2020-08-06T04:38:55.532-0300] GC(4136) Post Compact
[2020-08-06T04:38:55.533-0300] GC(4136) Post Compact 0.645ms
[2020-08-06T04:38:55.533-0300] GC(4136) PSYoungGen: 625K->0K(19968K)
[2020-08-06T04:38:55.533-0300] GC(4136) ParOldGen: 129107K->104373K(130048K)
[2020-08-06T04:38:55.533-0300] GC(4136) Metaspace: 119485K->119485K(1163264K)
[2020-08-06T04:38:55.533-0300] GC(4136) Pause Full (Ergonomics) 126M->101M(146M) 145.048ms
[2020-08-06T04:38:55.533-0300] GC(4136) User=0.39s Sys=0.00s Real=0.14s
[2020-08-06T04:39:09.116-0300] GC(4137) Pause Young (Allocation Failure)
[2020-08-06T04:39:09.119-0300] GC(4137) PSYoungGen: 18943K->576K(19968K)
[2020-08-06T04:39:09.119-0300] GC(4137) ParOldGen: 104373K->104373K(130048K)
[2020-08-06T04:39:09.119-0300] GC(4137) Metaspace: 119485K->119485K(1163264K)
[2020-08-06T04:39:09.119-0300] GC(4137) Pause Young (Allocation Failure) 120M->102M(146M) 2.864ms
[2020-08-06T04:39:09.119-0300] GC(4137) User=0.00s Sys=0.00s Real=0.00s
[2020-08-06T04:39:22.385-0300] GC(4138) Pause Young (Allocation Failure)
[2020-08-06T04:39:22.389-0300] GC(4138) PSYoungGen: 19520K->672K(19968K)
[2020-08-06T04:39:22.389-0300] GC(4138) ParOldGen: 104373K->104872K(130048K)
[2020-08-06T04:39:22.389-0300] GC(4138) Metaspace: 119485K->119485K(1163264K)
[2020-08-06T04:39:22.389-0300] GC(4138) Pause Young (Allocation Failure) 120M->103M(146M) 3.587ms
[2020-08-06T04:39:22.389-0300] GC(4138) User=0.00s Sys=0.00s Real=0.00s
[2020-08-06T04:39:25.937-0300] GC(4139) Pause Young (Allocation Failure)
[2020-08-06T04:39:25.940-0300] GC(4139) PSYoungGen: 19616K->352K(19968K)
[2020-08-06T04:39:25.940-0300] GC(4139) ParOldGen: 104872K->105353K(130048K)
[2020-08-06T04:39:25.940-0300] GC(4139) Metaspace: 119485K->119485K(1163264K)
[2020-08-06T04:39:25.940-0300] GC(4139) Pause Young (Allocation Failure) 121M->103M(146M) 2.671ms
[2020-08-06T04:39:25.940-0300] GC(4139) User=0.00s Sys=0.00s Real=0.00s
[2020-08-06T04:39:27.251-0300] GC(4140) Pause Young (Allocation Failure)
[2020-08-06T04:39:27.253-0300] GC(4140) PSYoungGen: 19296K->337K(19968K)
[2020-08-06T04:39:27.253-0300] GC(4140) ParOldGen: 105353K->105550K(130048K)
[2020-08-06T04:39:27.253-0300] GC(4140) Metaspace: 119485K->119485K(1163264K)
[2020-08-06T04:39:27.253-0300] GC(4140) Pause Young (Allocation Failure) 121M->103M(146M) 2.352ms
[2020-08-06T04:39:27.253-0300] GC(4140) User=0.01s Sys=0.00s Real=0.00s
[2020-08-06T04:39:28.472-0300] GC(4141) Pause Young (Allocation Failure)
[2020-08-06T04:39:28.476-0300] GC(4141) PSYoungGen: 19281K->368K(19968K)
[2020-08-06T04:39:28.476-0300] GC(4141) ParOldGen: 105550K->105775K(130048K)
[2020-08-06T04:39:28.476-0300] GC(4141) Metaspace: 119485K->119485K(1163264K)
[2020-08-06T04:39:28.476-0300] GC(4141) Pause Young (Allocation Failure) 121M->103M(146M) 4.451ms
[2020-08-06T04:39:28.476-0300] GC(4141) User=0.01s Sys=0.00s Real=0.01s
[2020-08-06T04:39:37.383-0300] GC(4142) Pause Young (Allocation Failure)
[2020-08-06T04:39:37.386-0300] GC(4142) PSYoungGen: 19312K->288K(19968K)
[2020-08-06T04:39:37.386-0300] GC(4142) ParOldGen: 105775K->105839K(130048K)
[2020-08-06T04:39:37.386-0300] GC(4142) Metaspace: 119485K->119485K(1163264K)
[2020-08-06T04:39:37.386-0300] GC(4142) Pause Young (Allocation Failure) 122M->103M(146M) 2.627ms
[2020-08-06T04:39:37.386-0300] GC(4142) User=0.00s Sys=0.01s Real=0.01s
[2020-08-06T04:40:03.592-0300] GC(4143) Pause Young (Allocation Failure)
[2020-08-06T04:40:03.595-0300] GC(4143) PSYoungGen: 19231K->448K(19968K)
[2020-08-06T04:40:03.595-0300] GC(4143) ParOldGen: 105839K->105927K(130048K)
[2020-08-06T04:40:03.595-0300] GC(4143) Metaspace: 119485K->119485K(1163264K)
[2020-08-06T04:40:03.595-0300] GC(4143) Pause Young (Allocation Failure) 122M->103M(146M) 3.410ms
[2020-08-06T04:40:03.595-0300] GC(4143) User=0.01s Sys=0.00s Real=0.01s
[2020-08-06T04:40:29.113-0300] GC(4144) Pause Young (Allocation Failure)
[2020-08-06T04:40:29.117-0300] GC(4144) PSYoungGen: 19392K->544K(19968K)
[2020-08-06T04:40:29.117-0300] GC(4144) ParOldGen: 105927K->106296K(130048K)
[2020-08-06T04:40:29.117-0300] GC(4144) Metaspace: 119485K->119485K(1163264K)
[2020-08-06T04:40:29.117-0300] GC(4144) Pause Young (Allocation Failure) 122M->104M(146M) 3.618ms
[2020-08-06T04:40:29.117-0300] GC(4144) User=0.00s Sys=0.00s Real=0.01s
[2020-08-06T04:40:44.628-0300] GC(4145) Pause Young (Allocation Failure)
[2020-08-06T04:40:44.631-0300] GC(4145) PSYoungGen: 19488K->384K(19968K)
[2020-08-06T04:40:44.631-0300] GC(4145) ParOldGen: 106296K->106776K(130048K)
[2020-08-06T04:40:44.631-0300] GC(4145) Metaspace: 119485K->119485K(1163264K)
[2020-08-06T04:40:44.631-0300] GC(4145) Pause Young (Allocation Failure) 122M->104M(146M) 2.694ms
[2020-08-06T04:40:44.631-0300] GC(4145) User=0.00s Sys=0.00s Real=0.00s
[2020-08-06T04:41:09.848-0300] GC(4146) Pause Young (Allocation Failure)
[2020-08-06T04:41:09.851-0300] GC(4146) PSYoungGen: 19328K->544K(19968K)
[2020-08-06T04:41:09.851-0300] GC(4146) ParOldGen: 106776K->107068K(130048K)
[2020-08-06T04:41:09.851-0300] GC(4146) Metaspace: 119485K->119485K(1163264K)
[2020-08-06T04:41:09.851-0300] GC(4146) Pause Young (Allocation Failure) 123M->105M(146M) 2.936ms
[2020-08-06T04:41:09.851-0300] GC(4146) User=0.01s Sys=0.00s Real=0.00s
[2020-08-06T04:41:29.849-0300] GC(4147) Pause Young (Allocation Failure)
[2020-08-06T04:41:29.851-0300] GC(4147) PSYoungGen: 19488K->368K(19968K)
[2020-08-06T04:41:29.851-0300] GC(4147) ParOldGen: 107068K->107476K(130048K)
[2020-08-06T04:41:29.851-0300] GC(4147) Metaspace: 119485K->119485K(1163264K)
[2020-08-06T04:41:29.851-0300] GC(4147) Pause Young (Allocation Failure) 123M->105M(146M) 2.468ms
[2020-08-06T04:41:29.851-0300] GC(4147) User=0.01s Sys=0.00s Real=0.00s
[2020-08-06T04:41:45.389-0300] GC(4148) Pause Young (Allocation Failure)
[2020-08-06T04:41:45.392-0300] GC(4148) PSYoungGen: 19312K->256K(19968K)
[2020-08-06T04:41:45.392-0300] GC(4148) ParOldGen: 107476K->107708K(130048K)
[2020-08-06T04:41:45.392-0300] GC(4148) Metaspace: 119485K->119485K(1163264K)
[2020-08-06T04:41:45.392-0300] GC(4148) Pause Young (Allocation Failure) 123M->105M(146M) 2.634ms
[2020-08-06T04:41:45.392-0300] GC(4148) User=0.01s Sys=0.01s Real=0.00s
[2020-08-06T04:41:59.599-0300] GC(4149) Pause Young (Allocation Failure)
[2020-08-06T04:41:59.602-0300] GC(4149) PSYoungGen: 19200K->320K(19968K)
[2020-08-06T04:41:59.602-0300] GC(4149) ParOldGen: 107708K->107865K(130048K)
[2020-08-06T04:41:59.602-0300] GC(4149) Metaspace: 119485K->119485K(1163264K)
[2020-08-06T04:41:59.602-0300] GC(4149) Pause Young (Allocation Failure) 123M->105M(146M) 2.828ms
[2020-08-06T04:41:59.602-0300] GC(4149) User=0.00s Sys=0.00s Real=0.00s
[2020-08-06T04:42:02.475-0300] GC(4150) Pause Young (Allocation Failure)
[2020-08-06T04:42:02.478-0300] GC(4150) PSYoungGen: 19264K->304K(19968K)
[2020-08-06T04:42:02.478-0300] GC(4150) ParOldGen: 107865K->108054K(130048K)
[2020-08-06T04:42:02.478-0300] GC(4150) Metaspace: 119485K->119485K(1163264K)
[2020-08-06T04:42:02.478-0300] GC(4150) Pause Young (Allocation Failure) 124M->105M(146M) 2.762ms
[2020-08-06T04:42:02.478-0300] GC(4150) User=0.00s Sys=0.00s Real=0.00s
[2020-08-06T04:42:03.702-0300] GC(4151) Pause Young (Allocation Failure)
[2020-08-06T04:42:03.705-0300] GC(4151) PSYoungGen: 19248K->272K(19968K)
[2020-08-06T04:42:03.705-0300] GC(4151) ParOldGen: 108054K->108275K(130048K)
[2020-08-06T04:42:03.705-0300] GC(4151) Metaspace: 119485K->119485K(1163264K)
[2020-08-06T04:42:03.705-0300] GC(4151) Pause Young (Allocation Failure) 124M->106M(146M) 2.732ms
[2020-08-06T04:42:03.705-0300] GC(4151) User=0.01s Sys=0.00s Real=0.01s
[2020-08-06T04:42:04.930-0300] GC(4152) Pause Young (Allocation Failure)
[2020-08-06T04:42:04.933-0300] GC(4152) PSYoungGen: 19216K->320K(19968K)
[2020-08-06T04:42:04.933-0300] GC(4152) ParOldGen: 108275K->108484K(130048K)
[2020-08-06T04:42:04.933-0300] GC(4152) Metaspace: 119485K->119485K(1163264K)
[2020-08-06T04:42:04.933-0300] GC(4152) Pause Young (Allocation Failure) 124M->106M(146M) 2.578ms
[2020-08-06T04:42:04.933-0300] GC(4152) User=0.00s Sys=0.00s Real=0.00s
[2020-08-06T04:42:06.218-0300] GC(4153) Pause Young (Allocation Failure)
[2020-08-06T04:42:06.222-0300] GC(4153) PSYoungGen: 19264K->497K(19968K)
[2020-08-06T04:42:06.222-0300] GC(4153) ParOldGen: 108484K->108693K(130048K)
[2020-08-06T04:42:06.222-0300] GC(4153) Metaspace: 119485K->119485K(1163264K)
[2020-08-06T04:42:06.222-0300] GC(4153) Pause Young (Allocation Failure) 124M->106M(146M) 3.462ms
[2020-08-06T04:42:06.222-0300] GC(4153) User=0.01s Sys=0.00s Real=0.00s
[2020-08-06T04:42:07.616-0300] GC(4154) Pause Young (Allocation Failure)
[2020-08-06T04:42:07.619-0300] GC(4154) PSYoungGen: 19441K->385K(19968K)
[2020-08-06T04:42:07.619-0300] GC(4154) ParOldGen: 108693K->109026K(130048K)
[2020-08-06T04:42:07.619-0300] GC(4154) Metaspace: 119485K->119485K(1163264K)
[2020-08-06T04:42:07.619-0300] GC(4154) Pause Young (Allocation Failure) 125M->106M(146M) 3.032ms
[2020-08-06T04:42:07.619-0300] GC(4154) User=0.00s Sys=0.00s Real=0.00s
[2020-08-06T04:42:19.846-0300] GC(4155) Pause Young (Allocation Failure)
[2020-08-06T04:42:19.849-0300] GC(4155) PSYoungGen: 19329K->224K(19968K)
[2020-08-06T04:42:19.849-0300] GC(4155) ParOldGen: 109026K->109150K(130048K)
[2020-08-06T04:42:19.849-0300] GC(4155) Metaspace: 119485K->119485K(1163264K)
[2020-08-06T04:42:19.849-0300] GC(4155) Pause Young (Allocation Failure) 125M->106M(146M) 2.723ms
[2020-08-06T04:42:19.849-0300] GC(4155) User=0.00s Sys=0.00s Real=0.00s
[2020-08-06T04:42:44.379-0300] GC(4156) Pause Young (Allocation Failure)
[2020-08-06T04:42:44.383-0300] GC(4156) PSYoungGen: 19168K->320K(19968K)
[2020-08-06T04:42:44.383-0300] GC(4156) ParOldGen: 109150K->109214K(130048K)
[2020-08-06T04:42:44.383-0300] GC(4156) Metaspace: 119485K->119485K(1163264K)
[2020-08-06T04:42:44.383-0300] GC(4156) Pause Young (Allocation Failure) 125M->106M(146M) 4.336ms
[2020-08-06T04:42:44.383-0300] GC(4156) User=0.01s Sys=0.00s Real=0.00s
[2020-08-06T04:43:08.063-0300] GC(4157) Pause Young (Allocation Failure)
[2020-08-06T04:43:08.065-0300] GC(4157) PSYoungGen: 19264K->128K(19968K)
[2020-08-06T04:43:08.065-0300] GC(4157) ParOldGen: 109214K->109246K(130048K)
[2020-08-06T04:43:08.065-0300] GC(4157) Metaspace: 119485K->119485K(1163264K)
[2020-08-06T04:43:08.065-0300] GC(4157) Pause Young (Allocation Failure) 125M->106M(146M) 2.818ms
[2020-08-06T04:43:08.065-0300] GC(4157) User=0.01s Sys=0.00s Real=0.01s
[2020-08-06T04:43:19.852-0300] GC(4158) Pause Young (Allocation Failure)
[2020-08-06T04:43:19.854-0300] GC(4158) PSYoungGen: 19071K->395K(19968K)
[2020-08-06T04:43:19.854-0300] GC(4158) ParOldGen: 109246K->109278K(130048K)
[2020-08-06T04:43:19.854-0300] GC(4158) Metaspace: 119485K->119485K(1163264K)
[2020-08-06T04:43:19.854-0300] GC(4158) Pause Young (Allocation Failure) 125M->107M(146M) 2.949ms
[2020-08-06T04:43:19.854-0300] GC(4158) User=0.00s Sys=0.00s Real=0.01s
[2020-08-06T04:43:34.337-0300] GC(4159) Pause Young (Allocation Failure)
[2020-08-06T04:43:34.339-0300] GC(4159) PSYoungGen: 19338K->528K(19968K)
[2020-08-06T04:43:34.339-0300] GC(4159) ParOldGen: 109278K->109467K(130048K)
[2020-08-06T04:43:34.339-0300] GC(4159) Metaspace: 119485K->119485K(1163264K)
[2020-08-06T04:43:34.339-0300] GC(4159) Pause Young (Allocation Failure) 125M->107M(146M) 2.617ms
[2020-08-06T04:43:34.339-0300] GC(4159) User=0.00s Sys=0.00s Real=0.00s
[2020-08-06T04:43:48.490-0300] GC(4160) Pause Young (Allocation Failure)
[2020-08-06T04:43:48.493-0300] GC(4160) PSYoungGen: 19472K->640K(19968K)
[2020-08-06T04:43:48.493-0300] GC(4160) ParOldGen: 109467K->109944K(130048K)
[2020-08-06T04:43:48.493-0300] GC(4160) Metaspace: 119485K->119485K(1163264K)
[2020-08-06T04:43:48.493-0300] GC(4160) Pause Young (Allocation Failure) 125M->107M(146M) 2.960ms
[2020-08-06T04:43:48.493-0300] GC(4160) User=0.01s Sys=0.01s Real=0.00s
[2020-08-06T04:44:00.545-0300] GC(4161) Pause Young (Allocation Failure)
[2020-08-06T04:44:00.549-0300] GC(4161) PSYoungGen: 19584K->528K(19968K)
[2020-08-06T04:44:00.549-0300] GC(4161) ParOldGen: 109944K->110449K(130048K)
[2020-08-06T04:44:00.549-0300] GC(4161) Metaspace: 119485K->119485K(1163264K)
[2020-08-06T04:44:00.549-0300] GC(4161) Pause Young (Allocation Failure) 126M->108M(146M) 3.696ms
[2020-08-06T04:44:00.549-0300] GC(4161) User=0.01s Sys=0.00s Real=0.00s
[2020-08-06T04:44:14.848-0300] GC(4162) Pause Young (Allocation Failure)
[2020-08-06T04:44:14.851-0300] GC(4162) PSYoungGen: 19472K->704K(19968K)
[2020-08-06T04:44:14.851-0300] GC(4162) ParOldGen: 110449K->110894K(130048K)
[2020-08-06T04:44:14.851-0300] GC(4162) Metaspace: 119485K->119485K(1163264K)
[2020-08-06T04:44:14.851-0300] GC(4162) Pause Young (Allocation Failure) 126M->108M(146M) 2.777ms
[2020-08-06T04:44:14.851-0300] GC(4162) User=0.01s Sys=0.00s Real=0.00s
[2020-08-06T04:44:26.785-0300] GC(4163) Pause Young (Allocation Failure)
[2020-08-06T04:44:26.787-0300] GC(4163) PSYoungGen: 19640K->432K(19968K)
[2020-08-06T04:44:26.787-0300] GC(4163) ParOldGen: 110894K->111451K(130048K)
[2020-08-06T04:44:26.787-0300] GC(4163) Metaspace: 119485K->119485K(1163264K)
[2020-08-06T04:44:26.787-0300] GC(4163) Pause Young (Allocation Failure) 127M->109M(146M) 2.923ms
[2020-08-06T04:44:26.787-0300] GC(4163) User=0.00s Sys=0.00s Real=0.00s
[2020-08-06T04:44:41.578-0300] GC(4164) Pause Young (Allocation Failure)
[2020-08-06T04:44:41.583-0300] GC(4164) PSYoungGen: 19376K->352K(19968K)
[2020-08-06T04:44:41.583-0300] GC(4164) ParOldGen: 111451K->111764K(130048K)
[2020-08-06T04:44:41.583-0300] GC(4164) Metaspace: 119485K->119485K(1163264K)
[2020-08-06T04:44:41.583-0300] GC(4164) Pause Young (Allocation Failure) 127M->109M(146M) 4.726ms
[2020-08-06T04:44:41.583-0300] GC(4164) User=0.01s Sys=0.00s Real=0.00s
[2020-08-06T04:44:53.739-0300] GC(4165) Pause Young (Allocation Failure)
[2020-08-06T04:44:53.742-0300] GC(4165) PSYoungGen: 19296K->448K(19968K)
[2020-08-06T04:44:53.742-0300] GC(4165) ParOldGen: 111764K->112069K(130048K)
[2020-08-06T04:44:53.742-0300] GC(4165) Metaspace: 119485K->119485K(1163264K)
[2020-08-06T04:44:53.742-0300] GC(4165) Pause Young (Allocation Failure) 127M->109M(146M) 2.800ms
[2020-08-06T04:44:53.742-0300] GC(4165) User=0.00s Sys=0.00s Real=0.00s
[2020-08-06T04:45:03.864-0300] GC(4166) Pause Young (Allocation Failure)
[2020-08-06T04:45:03.868-0300] GC(4166) PSYoungGen: 19392K->352K(19968K)
[2020-08-06T04:45:03.868-0300] GC(4166) ParOldGen: 112069K->112382K(130048K)
[2020-08-06T04:45:03.868-0300] GC(4166) Metaspace: 119485K->119485K(1163264K)
[2020-08-06T04:45:03.868-0300] GC(4166) Pause Young (Allocation Failure) 128M->110M(146M) 3.789ms
[2020-08-06T04:45:03.868-0300] GC(4166) User=0.01s Sys=0.00s Real=0.00s
[2020-08-06T04:45:15.659-0300] GC(4167) Pause Young (Allocation Failure)
[2020-08-06T04:45:15.663-0300] GC(4167) PSYoungGen: 19296K->576K(19968K)
[2020-08-06T04:45:15.663-0300] GC(4167) ParOldGen: 112382K->112659K(130048K)
[2020-08-06T04:45:15.663-0300] GC(4167) Metaspace: 119485K->119485K(1163264K)
[2020-08-06T04:45:15.663-0300] GC(4167) Pause Young (Allocation Failure) 128M->110M(146M) 3.446ms
[2020-08-06T04:45:15.663-0300] GC(4167) User=0.01s Sys=0.00s Real=0.00s
[2020-08-06T04:45:30.128-0300] GC(4168) Pause Young (Allocation Failure)
[2020-08-06T04:45:30.132-0300] GC(4168) PSYoungGen: 19520K->384K(19968K)
[2020-08-06T04:45:30.132-0300] GC(4168) ParOldGen: 112659K->113108K(130048K)
[2020-08-06T04:45:30.132-0300] GC(4168) Metaspace: 119485K->119485K(1163264K)
[2020-08-06T04:45:30.132-0300] GC(4168) Pause Young (Allocation Failure) 129M->110M(146M) 4.697ms
[2020-08-06T04:45:30.132-0300] GC(4168) User=0.00s Sys=0.00s Real=0.00s
[2020-08-06T04:45:43.394-0300] GC(4169) Pause Young (Allocation Failure)
[2020-08-06T04:45:43.398-0300] GC(4169) PSYoungGen: 19328K->576K(19968K)
[2020-08-06T04:45:43.398-0300] GC(4169) ParOldGen: 113108K->113369K(130048K)
[2020-08-06T04:45:43.398-0300] GC(4169) Metaspace: 119485K->119485K(1163264K)
[2020-08-06T04:45:43.398-0300] GC(4169) Pause Young (Allocation Failure) 129M->111M(146M) 4.010ms
[2020-08-06T04:45:43.398-0300] GC(4169) User=0.01s Sys=0.00s Real=0.00s
[2020-08-06T04:45:56.312-0300] GC(4170) Pause Young (Allocation Failure)
[2020-08-06T04:45:56.316-0300] GC(4170) PSYoungGen: 19520K->368K(19968K)
[2020-08-06T04:45:56.317-0300] GC(4170) ParOldGen: 113369K->113778K(130048K)
[2020-08-06T04:45:56.317-0300] GC(4170) Metaspace: 119485K->119485K(1163264K)
[2020-08-06T04:45:56.317-0300] GC(4170) Pause Young (Allocation Failure) 129M->111M(146M) 4.204ms
[2020-08-06T04:45:56.317-0300] GC(4170) User=0.00s Sys=0.00s Real=0.01s
[2020-08-06T04:46:09.849-0300] GC(4171) Pause Young (Allocation Failure)
[2020-08-06T04:46:09.852-0300] GC(4171) PSYoungGen: 19312K->480K(19968K)
[2020-08-06T04:46:09.852-0300] GC(4171) ParOldGen: 113778K->114071K(130048K)
[2020-08-06T04:46:09.852-0300] GC(4171) Metaspace: 119485K->119485K(1163264K)
[2020-08-06T04:46:09.852-0300] GC(4171) Pause Young (Allocation Failure) 129M->111M(146M) 3.020ms
[2020-08-06T04:46:09.852-0300] GC(4171) User=0.00s Sys=0.00s Real=0.00s
[2020-08-06T04:46:22.579-0300] GC(4172) Pause Young (Allocation Failure)
[2020-08-06T04:46:22.583-0300] GC(4172) PSYoungGen: 19424K->305K(19968K)
[2020-08-06T04:46:22.583-0300] GC(4172) ParOldGen: 114071K->114440K(130048K)
[2020-08-06T04:46:22.583-0300] GC(4172) Metaspace: 119485K->119485K(1163264K)
[2020-08-06T04:46:22.583-0300] GC(4172) Pause Young (Allocation Failure) 130M->112M(146M) 3.381ms
[2020-08-06T04:46:22.583-0300] GC(4172) User=0.00s Sys=0.00s Real=0.00s
[2020-08-06T04:46:37.405-0300] GC(4173) Pause Young (Allocation Failure)
[2020-08-06T04:46:37.408-0300] GC(4173) PSYoungGen: 19249K->400K(19968K)
[2020-08-06T04:46:37.408-0300] GC(4173) ParOldGen: 114440K->114645K(130048K)
[2020-08-06T04:46:37.408-0300] GC(4173) Metaspace: 119485K->119485K(1163264K)
[2020-08-06T04:46:37.408-0300] GC(4173) Pause Young (Allocation Failure) 130M->112M(146M) 3.117ms
[2020-08-06T04:46:37.408-0300] GC(4173) User=0.01s Sys=0.00s Real=0.00s
[2020-08-06T04:46:48.847-0300] GC(4174) Pause Young (Allocation Failure)
[2020-08-06T04:46:48.850-0300] GC(4174) PSYoungGen: 19344K->288K(19968K)
[2020-08-06T04:46:48.850-0300] GC(4174) ParOldGen: 114645K->114894K(130048K)
[2020-08-06T04:46:48.850-0300] GC(4174) Metaspace: 119485K->119485K(1163264K)
[2020-08-06T04:46:48.850-0300] GC(4174) Pause Young (Allocation Failure) 130M->112M(146M) 3.029ms
[2020-08-06T04:46:48.850-0300] GC(4174) User=0.01s Sys=0.00s Real=0.00s
[2020-08-06T04:46:59.498-0300] GC(4175) Pause Young (Allocation Failure)
[2020-08-06T04:46:59.502-0300] GC(4175) PSYoungGen: 19232K->304K(19968K)
[2020-08-06T04:46:59.502-0300] GC(4175) ParOldGen: 114894K->115083K(130048K)
[2020-08-06T04:46:59.502-0300] GC(4175) Metaspace: 119485K->119485K(1163264K)
[2020-08-06T04:46:59.502-0300] GC(4175) Pause Young (Allocation Failure) 130M->112M(146M) 3.575ms
[2020-08-06T04:46:59.502-0300] GC(4175) User=0.01s Sys=0.00s Real=0.00s
[2020-08-06T04:47:11.791-0300] GC(4176) Pause Young (Allocation Failure)
[2020-08-06T04:47:11.793-0300] GC(4176) PSYoungGen: 19248K->320K(19968K)
[2020-08-06T04:47:11.793-0300] GC(4176) ParOldGen: 115083K->115255K(130048K)
[2020-08-06T04:47:11.793-0300] GC(4176) Metaspace: 119485K->119485K(1163264K)
[2020-08-06T04:47:11.793-0300] GC(4176) Pause Young (Allocation Failure) 131M->112M(146M) 2.951ms
[2020-08-06T04:47:11.794-0300] GC(4176) User=0.01s Sys=0.00s Real=0.00s
[2020-08-06T04:47:24.848-0300] GC(4177) Pause Young (Allocation Failure)
[2020-08-06T04:47:24.851-0300] GC(4177) PSYoungGen: 19264K->480K(19968K)
[2020-08-06T04:47:24.851-0300] GC(4177) ParOldGen: 115255K->115453K(130048K)
[2020-08-06T04:47:24.851-0300] GC(4177) Metaspace: 119485K->119485K(1163264K)
[2020-08-06T04:47:24.851-0300] GC(4177) Pause Young (Allocation Failure) 131M->113M(146M) 2.613ms
[2020-08-06T04:47:24.851-0300] GC(4177) User=0.01s Sys=0.00s Real=0.00s
[2020-08-06T04:47:36.367-0300] GC(4178) Pause Young (Allocation Failure)
[2020-08-06T04:47:36.369-0300] GC(4178) PSYoungGen: 19423K->320K(19968K)
[2020-08-06T04:47:36.369-0300] GC(4178) ParOldGen: 115453K->115597K(130048K)
[2020-08-06T04:47:36.369-0300] GC(4178) Metaspace: 119485K->119485K(1163264K)
[2020-08-06T04:47:36.369-0300] GC(4178) Pause Young (Allocation Failure) 131M->113M(146M) 2.351ms
[2020-08-06T04:47:36.369-0300] GC(4178) User=0.00s Sys=0.00s Real=0.00s
[2020-08-06T04:47:52.007-0300] GC(4179) Pause Young (Allocation Failure)
[2020-08-06T04:47:52.009-0300] GC(4179) PSYoungGen: 19264K->240K(19968K)
[2020-08-06T04:47:52.009-0300] GC(4179) ParOldGen: 115597K->115774K(130048K)
[2020-08-06T04:47:52.009-0300] GC(4179) Metaspace: 119485K->119485K(1163264K)
[2020-08-06T04:47:52.009-0300] GC(4179) Pause Young (Allocation Failure) 131M->113M(146M) 2.491ms
[2020-08-06T04:47:52.009-0300] GC(4179) User=0.01s Sys=0.00s Real=0.00s
[2020-08-06T04:48:04.845-0300] GC(4180) Pause Young (Allocation Failure)
[2020-08-06T04:48:04.848-0300] GC(4180) PSYoungGen: 19184K->272K(19968K)
[2020-08-06T04:48:04.848-0300] GC(4180) ParOldGen: 115774K->115907K(130048K)
[2020-08-06T04:48:04.848-0300] GC(4180) Metaspace: 119485K->119485K(1163264K)
[2020-08-06T04:48:04.848-0300] GC(4180) Pause Young (Allocation Failure) 131M->113M(146M) 3.016ms
[2020-08-06T04:48:04.848-0300] GC(4180) User=0.00s Sys=0.00s Real=0.00s
[2020-08-06T04:48:18.243-0300] GC(4181) Pause Young (Allocation Failure)
[2020-08-06T04:48:18.246-0300] GC(4181) PSYoungGen: 19216K->240K(19968K)
[2020-08-06T04:48:18.246-0300] GC(4181) ParOldGen: 115907K->116092K(130048K)
[2020-08-06T04:48:18.246-0300] GC(4181) Metaspace: 119485K->119485K(1163264K)
[2020-08-06T04:48:18.247-0300] GC(4181) Pause Young (Allocation Failure) 131M->113M(146M) 3.334ms
[2020-08-06T04:48:18.247-0300] GC(4181) User=0.01s Sys=0.00s Real=0.01s
[2020-08-06T04:48:24.350-0300] GC(4182) Pause Young (Allocation Failure)
[2020-08-06T04:48:24.353-0300] GC(4182) PSYoungGen: 19184K->352K(19968K)
[2020-08-06T04:48:24.353-0300] GC(4182) ParOldGen: 116092K->116249K(130048K)
[2020-08-06T04:48:24.353-0300] GC(4182) Metaspace: 119485K->119485K(1163264K)
[2020-08-06T04:48:24.353-0300] GC(4182) Pause Young (Allocation Failure) 132M->113M(146M) 3.228ms
[2020-08-06T04:48:24.353-0300] GC(4182) User=0.01s Sys=0.00s Real=0.00s
[2020-08-06T04:48:25.380-0300] GC(4183) Pause Young (Allocation Failure)
[2020-08-06T04:48:25.383-0300] GC(4183) PSYoungGen: 19295K->369K(19968K)
[2020-08-06T04:48:25.383-0300] GC(4183) ParOldGen: 116249K->116486K(130048K)
[2020-08-06T04:48:25.383-0300] GC(4183) Metaspace: 119485K->119485K(1163264K)
[2020-08-06T04:48:25.383-0300] GC(4183) Pause Young (Allocation Failure) 132M->114M(146M) 3.083ms
[2020-08-06T04:48:25.384-0300] GC(4183) User=0.00s Sys=0.00s Real=0.00s
[2020-08-06T04:48:49.404-0300] GC(4184) Pause Young (Allocation Failure)
[2020-08-06T04:48:49.406-0300] GC(4184) PSYoungGen: 19313K->832K(19968K)
[2020-08-06T04:48:49.406-0300] GC(4184) ParOldGen: 116486K->116586K(130048K)
[2020-08-06T04:48:49.406-0300] GC(4184) Metaspace: 119485K->119485K(1163264K)
[2020-08-06T04:48:49.406-0300] GC(4184) Pause Young (Allocation Failure) 132M->114M(146M) 2.821ms
[2020-08-06T04:48:49.406-0300] GC(4184) User=0.01s Sys=0.00s Real=0.01s
[2020-08-06T04:49:14.845-0300] GC(4185) Pause Young (Allocation Failure)
[2020-08-06T04:49:14.848-0300] GC(4185) PSYoungGen: 19776K->768K(19968K)
[2020-08-06T04:49:14.848-0300] GC(4185) ParOldGen: 116586K->117258K(130048K)
[2020-08-06T04:49:14.848-0300] GC(4185) Metaspace: 119485K->119485K(1163264K)
[2020-08-06T04:49:14.848-0300] GC(4185) Pause Young (Allocation Failure) 133M->115M(146M) 2.532ms
[2020-08-06T04:49:14.848-0300] GC(4185) User=0.00s Sys=0.00s Real=0.00s
[2020-08-06T04:49:27.402-0300] GC(4186) Pause Young (Allocation Failure)
[2020-08-06T04:49:27.405-0300] GC(4186) PSYoungGen: 19712K->576K(19968K)
[2020-08-06T04:49:27.405-0300] GC(4186) ParOldGen: 117258K->117922K(130048K)
[2020-08-06T04:49:27.405-0300] GC(4186) Metaspace: 119485K->119485K(1163264K)
[2020-08-06T04:49:27.405-0300] GC(4186) Pause Young (Allocation Failure) 133M->115M(146M) 3.093ms
[2020-08-06T04:49:27.405-0300] GC(4186) User=0.01s Sys=0.00s Real=0.01s
[2020-08-06T04:49:54.460-0300] GC(4187) Pause Young (Allocation Failure)
[2020-08-06T04:49:54.463-0300] GC(4187) PSYoungGen: 19520K->416K(19968K)
[2020-08-06T04:49:54.463-0300] GC(4187) ParOldGen: 117922K->118246K(130048K)
[2020-08-06T04:49:54.463-0300] GC(4187) Metaspace: 119485K->119485K(1163264K)
[2020-08-06T04:49:54.463-0300] GC(4187) Pause Young (Allocation Failure) 134M->115M(146M) 3.365ms
[2020-08-06T04:49:54.463-0300] GC(4187) User=0.00s Sys=0.00s Real=0.00s
[2020-08-06T04:50:19.846-0300] GC(4188) Pause Young (Allocation Failure)
[2020-08-06T04:50:19.848-0300] GC(4188) PSYoungGen: 19360K->576K(19968K)
[2020-08-06T04:50:19.848-0300] GC(4188) ParOldGen: 118246K->118558K(130048K)
[2020-08-06T04:50:19.848-0300] GC(4188) Metaspace: 119485K->119485K(1163264K)
[2020-08-06T04:50:19.848-0300] GC(4188) Pause Young (Allocation Failure) 134M->116M(146M) 2.311ms
[2020-08-06T04:50:19.848-0300] GC(4188) User=0.01s Sys=0.00s Real=0.00s
[2020-08-06T04:50:34.847-0300] GC(4189) Pause Young (Allocation Failure)
[2020-08-06T04:50:34.850-0300] GC(4189) PSYoungGen: 19520K->480K(19968K)
[2020-08-06T04:50:34.850-0300] GC(4189) ParOldGen: 118558K->119022K(130048K)
[2020-08-06T04:50:34.850-0300] GC(4189) Metaspace: 119485K->119485K(1163264K)
[2020-08-06T04:50:34.850-0300] GC(4189) Pause Young (Allocation Failure) 134M->116M(146M) 2.728ms
[2020-08-06T04:50:34.850-0300] GC(4189) User=0.01s Sys=0.00s Real=0.00s
[2020-08-06T04:50:46.904-0300] GC(4190) Pause Young (Allocation Failure)
[2020-08-06T04:50:46.906-0300] GC(4190) PSYoungGen: 19423K->448K(19968K)
[2020-08-06T04:50:46.907-0300] GC(4190) ParOldGen: 119022K->119335K(130048K)
[2020-08-06T04:50:46.907-0300] GC(4190) Metaspace: 119485K->119485K(1163264K)
[2020-08-06T04:50:46.907-0300] GC(4190) Pause Young (Allocation Failure) 135M->116M(146M) 2.919ms
[2020-08-06T04:50:46.907-0300] GC(4190) User=0.00s Sys=0.00s Real=0.01s
[2020-08-06T04:51:01.399-0300] GC(4191) Pause Young (Allocation Failure)
[2020-08-06T04:51:01.403-0300] GC(4191) PSYoungGen: 19392K->528K(19968K)
[2020-08-06T04:51:01.403-0300] GC(4191) ParOldGen: 119335K->119672K(130048K)
[2020-08-06T04:51:01.403-0300] GC(4191) Metaspace: 119485K->119485K(1163264K)
[2020-08-06T04:51:01.403-0300] GC(4191) Pause Young (Allocation Failure) 135M->117M(146M) 3.540ms
[2020-08-06T04:51:01.403-0300] GC(4191) User=0.00s Sys=0.00s Real=0.00s
[2020-08-06T04:51:13.399-0300] GC(4192) Pause Young (Allocation Failure)
[2020-08-06T04:51:13.404-0300] GC(4192) PSYoungGen: 19472K->497K(19968K)
[2020-08-06T04:51:13.404-0300] GC(4192) ParOldGen: 119672K->120065K(130048K)
[2020-08-06T04:51:13.404-0300] GC(4192) Metaspace: 119485K->119485K(1163264K)
[2020-08-06T04:51:13.404-0300] GC(4192) Pause Young (Allocation Failure) 135M->117M(146M) 4.727ms
[2020-08-06T04:51:13.404-0300] GC(4192) User=0.00s Sys=0.00s Real=0.00s
[2020-08-06T04:51:28.847-0300] GC(4193) Pause Young (Allocation Failure)
[2020-08-06T04:51:28.850-0300] GC(4193) PSYoungGen: 19441K->368K(19968K)
[2020-08-06T04:51:28.850-0300] GC(4193) ParOldGen: 120065K->120406K(130048K)
[2020-08-06T04:51:28.850-0300] GC(4193) Metaspace: 119485K->119485K(1163264K)
[2020-08-06T04:51:28.850-0300] GC(4193) Pause Young (Allocation Failure) 136M->117M(146M) 3.101ms
[2020-08-06T04:51:28.850-0300] GC(4193) User=0.00s Sys=0.00s Real=0.00s
[2020-08-06T04:51:30.115-0300] GC(4194) Pause Young (Allocation Failure)
[2020-08-06T04:51:30.118-0300] GC(4194) PSYoungGen: 19307K->384K(19968K)
[2020-08-06T04:51:30.118-0300] GC(4194) ParOldGen: 120406K->120686K(130048K)
[2020-08-06T04:51:30.118-0300] GC(4194) Metaspace: 119485K->119485K(1163264K)
[2020-08-06T04:51:30.118-0300] GC(4194) Pause Young (Allocation Failure) 136M->118M(146M) 3.209ms
[2020-08-06T04:51:30.118-0300] GC(4194) User=0.00s Sys=0.00s Real=0.00s
[2020-08-06T04:51:31.342-0300] GC(4195) Pause Young (Allocation Failure)
[2020-08-06T04:51:31.345-0300] GC(4195) PSYoungGen: 19328K->336K(19968K)
[2020-08-06T04:51:31.345-0300] GC(4195) ParOldGen: 120686K->120892K(130048K)
[2020-08-06T04:51:31.345-0300] GC(4195) Metaspace: 119485K->119485K(1163264K)
[2020-08-06T04:51:31.345-0300] GC(4195) Pause Young (Allocation Failure) 136M->118M(146M) 2.950ms
[2020-08-06T04:51:31.345-0300] GC(4195) User=0.00s Sys=0.00s Real=0.01s
[2020-08-06T04:51:32.611-0300] GC(4196) Pause Young (Allocation Failure)
[2020-08-06T04:51:32.615-0300] GC(4196) PSYoungGen: 19280K->336K(19968K)
[2020-08-06T04:51:32.615-0300] GC(4196) ParOldGen: 120892K->121085K(130048K)
[2020-08-06T04:51:32.615-0300] GC(4196) Metaspace: 119485K->119485K(1163264K)
[2020-08-06T04:51:32.615-0300] GC(4196) Pause Young (Allocation Failure) 136M->118M(146M) 3.679ms
[2020-08-06T04:51:32.615-0300] GC(4196) User=0.00s Sys=0.00s Real=0.01s
[2020-08-06T04:51:43.899-0300] GC(4197) Pause Young (Allocation Failure)
[2020-08-06T04:51:43.902-0300] GC(4197) PSYoungGen: 19280K->192K(19968K)
[2020-08-06T04:51:43.902-0300] GC(4197) ParOldGen: 121085K->121145K(130048K)
[2020-08-06T04:51:43.902-0300] GC(4197) Metaspace: 119485K->119485K(1163264K)
[2020-08-06T04:51:43.902-0300] GC(4197) Pause Young (Allocation Failure) 137M->118M(146M) 3.446ms
[2020-08-06T04:51:43.902-0300] GC(4197) User=0.00s Sys=0.01s Real=0.00s
[2020-08-06T04:52:09.847-0300] GC(4198) Pause Young (Allocation Failure)
[2020-08-06T04:52:09.850-0300] GC(4198) PSYoungGen: 19136K->160K(19968K)
[2020-08-06T04:52:09.850-0300] GC(4198) ParOldGen: 121145K->121221K(130048K)
[2020-08-06T04:52:09.850-0300] GC(4198) Metaspace: 119485K->119485K(1163264K)
[2020-08-06T04:52:09.850-0300] GC(4198) Pause Young (Allocation Failure) 136M->118M(146M) 3.636ms
[2020-08-06T04:52:09.851-0300] GC(4198) User=0.00s Sys=0.00s Real=0.00s
[2020-08-06T04:52:32.430-0300] GC(4199) Pause Young (Allocation Failure)
[2020-08-06T04:52:32.433-0300] GC(4199) PSYoungGen: 19104K->336K(19968K)
[2020-08-06T04:52:32.433-0300] GC(4199) ParOldGen: 121221K->121277K(130048K)
[2020-08-06T04:52:32.433-0300] GC(4199) Metaspace: 119485K->119485K(1163264K)
[2020-08-06T04:52:32.433-0300] GC(4199) Pause Young (Allocation Failure) 137M->118M(146M) 3.083ms
[2020-08-06T04:52:32.433-0300] GC(4199) User=0.00s Sys=0.00s Real=0.00s
[2020-08-06T04:52:44.237-0300] GC(4200) Pause Young (Allocation Failure)
[2020-08-06T04:52:44.242-0300] GC(4200) PSYoungGen: 19280K->240K(19968K)
[2020-08-06T04:52:44.242-0300] GC(4200) ParOldGen: 121277K->121357K(130048K)
[2020-08-06T04:52:44.242-0300] GC(4200) Metaspace: 119485K->119485K(1163264K)
[2020-08-06T04:52:44.242-0300] GC(4200) Pause Young (Allocation Failure) 137M->118M(146M) 4.763ms
[2020-08-06T04:52:44.242-0300] GC(4200) User=0.01s Sys=0.00s Real=0.00s
[2020-08-06T04:52:59.435-0300] GC(4201) Pause Young (Allocation Failure)
[2020-08-06T04:52:59.438-0300] GC(4201) PSYoungGen: 19184K->256K(19968K)
[2020-08-06T04:52:59.438-0300] GC(4201) ParOldGen: 121357K->121562K(130048K)
[2020-08-06T04:52:59.438-0300] GC(4201) Metaspace: 119485K->119485K(1163264K)
[2020-08-06T04:52:59.438-0300] GC(4201) Pause Young (Allocation Failure) 137M->118M(146M) 2.422ms
[2020-08-06T04:52:59.438-0300] GC(4201) User=0.00s Sys=0.00s Real=0.00s
[2020-08-06T04:53:10.164-0300] GC(4202) Pause Young (Allocation Failure)
[2020-08-06T04:53:10.167-0300] GC(4202) PSYoungGen: 19200K->433K(19968K)
[2020-08-06T04:53:10.167-0300] GC(4202) ParOldGen: 121562K->121723K(130048K)
[2020-08-06T04:53:10.167-0300] GC(4202) Metaspace: 119485K->119485K(1163264K)
[2020-08-06T04:53:10.167-0300] GC(4202) Pause Young (Allocation Failure) 137M->119M(146M) 3.026ms
[2020-08-06T04:53:10.167-0300] GC(4202) User=0.00s Sys=0.00s Real=0.01s
[2020-08-06T04:53:24.852-0300] GC(4203) Pause Young (Allocation Failure)
[2020-08-06T04:53:24.855-0300] GC(4203) PSYoungGen: 19377K->407K(19968K)
[2020-08-06T04:53:24.855-0300] GC(4203) ParOldGen: 121723K->122011K(130048K)
[2020-08-06T04:53:24.855-0300] GC(4203) Metaspace: 119485K->119485K(1163264K)
[2020-08-06T04:53:24.855-0300] GC(4203) Pause Young (Allocation Failure) 137M->119M(146M) 2.648ms
[2020-08-06T04:53:24.855-0300] GC(4203) User=0.01s Sys=0.00s Real=0.01s
[2020-08-06T04:53:36.465-0300] GC(4204) Pause Young (Allocation Failure)
[2020-08-06T04:53:36.469-0300] GC(4204) PSYoungGen: 19351K->561K(19968K)
[2020-08-06T04:53:36.469-0300] GC(4204) ParOldGen: 122011K->122244K(130048K)
[2020-08-06T04:53:36.469-0300] GC(4204) Metaspace: 119485K->119485K(1163264K)
[2020-08-06T04:53:36.469-0300] GC(4204) Pause Young (Allocation Failure) 138M->119M(146M) 3.780ms
[2020-08-06T04:53:36.469-0300] GC(4204) User=0.01s Sys=0.00s Real=0.00s
[2020-08-06T04:53:52.066-0300] GC(4205) Pause Young (Allocation Failure)
[2020-08-06T04:53:52.070-0300] GC(4205) PSYoungGen: 19505K->608K(19968K)
[2020-08-06T04:53:52.070-0300] GC(4205) ParOldGen: 122244K->122729K(130048K)
[2020-08-06T04:53:52.070-0300] GC(4205) Metaspace: 119485K->119485K(1163264K)
[2020-08-06T04:53:52.070-0300] GC(4205) Pause Young (Allocation Failure) 138M->120M(146M) 3.492ms
[2020-08-06T04:53:52.070-0300] GC(4205) User=0.01s Sys=0.00s Real=0.00s
[2020-08-06T04:54:04.394-0300] GC(4206) Pause Young (Allocation Failure)
[2020-08-06T04:54:04.397-0300] GC(4206) PSYoungGen: 19552K->657K(19968K)
[2020-08-06T04:54:04.397-0300] GC(4206) ParOldGen: 122729K->123222K(130048K)
[2020-08-06T04:54:04.397-0300] GC(4206) Metaspace: 119485K->119485K(1163264K)
[2020-08-06T04:54:04.397-0300] GC(4206) Pause Young (Allocation Failure) 138M->120M(146M) 2.900ms
[2020-08-06T04:54:04.397-0300] GC(4206) User=0.01s Sys=0.00s Real=0.00s
[2020-08-06T04:54:18.323-0300] GC(4207) Pause Young (Allocation Failure)
[2020-08-06T04:54:18.326-0300] GC(4207) PSYoungGen: 19601K->544K(19968K)
[2020-08-06T04:54:18.326-0300] GC(4207) ParOldGen: 123222K->123695K(130048K)
[2020-08-06T04:54:18.326-0300] GC(4207) Metaspace: 119485K->119485K(1163264K)
[2020-08-06T04:54:18.326-0300] GC(4207) Pause Young (Allocation Failure) 139M->121M(146M) 3.215ms
[2020-08-06T04:54:18.326-0300] GC(4207) User=0.00s Sys=0.00s Real=0.01s
[2020-08-06T04:54:24.853-0300] GC(4208) Pause Young (Allocation Failure)
[2020-08-06T04:54:24.856-0300] GC(4208) PSYoungGen: 19488K->503K(19968K)
[2020-08-06T04:54:24.856-0300] GC(4208) ParOldGen: 123695K->124152K(130048K)
[2020-08-06T04:54:24.856-0300] GC(4208) Metaspace: 119485K->119485K(1163264K)
[2020-08-06T04:54:24.856-0300] GC(4208) Pause Young (Allocation Failure) 139M->121M(146M) 3.111ms
[2020-08-06T04:54:24.856-0300] GC(4208) User=0.01s Sys=0.00s Real=0.01s
[2020-08-06T04:54:39.540-0300] GC(4209) Pause Young (Allocation Failure)
[2020-08-06T04:54:39.543-0300] GC(4209) PSYoungGen: 19447K->400K(19968K)
[2020-08-06T04:54:39.543-0300] GC(4209) ParOldGen: 124152K->124433K(130048K)
[2020-08-06T04:54:39.543-0300] GC(4209) Metaspace: 119485K->119485K(1163264K)
[2020-08-06T04:54:39.543-0300] GC(4209) Pause Young (Allocation Failure) 140M->121M(146M) 2.821ms
[2020-08-06T04:54:39.543-0300] GC(4209) User=0.01s Sys=0.00s Real=0.00s
[2020-08-06T04:54:53.394-0300] GC(4210) Pause Young (Allocation Failure)
[2020-08-06T04:54:53.397-0300] GC(4210) PSYoungGen: 19344K->512K(19968K)
[2020-08-06T04:54:53.397-0300] GC(4210) ParOldGen: 124433K->124710K(130048K)
[2020-08-06T04:54:53.397-0300] GC(4210) Metaspace: 119485K->119485K(1163264K)
[2020-08-06T04:54:53.397-0300] GC(4210) Pause Young (Allocation Failure) 140M->122M(146M) 3.564ms
[2020-08-06T04:54:53.397-0300] GC(4210) User=0.01s Sys=0.00s Real=0.01s
[2020-08-06T04:55:05.832-0300] GC(4211) Pause Young (Allocation Failure)
[2020-08-06T04:55:05.837-0300] GC(4211) PSYoungGen: 19456K->368K(19968K)
[2020-08-06T04:55:05.837-0300] GC(4211) ParOldGen: 124710K->125023K(130048K)
[2020-08-06T04:55:05.837-0300] GC(4211) Metaspace: 119485K->119485K(1163264K)
[2020-08-06T04:55:05.837-0300] GC(4211) Pause Young (Allocation Failure) 140M->122M(146M) 4.574ms
[2020-08-06T04:55:05.837-0300] GC(4211) User=0.01s Sys=0.00s Real=0.01s
[2020-08-06T04:55:11.917-0300] GC(4212) Pause Young (Allocation Failure)
[2020-08-06T04:55:11.920-0300] GC(4212) PSYoungGen: 19312K->480K(19968K)
[2020-08-06T04:55:11.920-0300] GC(4212) ParOldGen: 125023K->125292K(130048K)
[2020-08-06T04:55:11.920-0300] GC(4212) Metaspace: 119485K->119485K(1163264K)
[2020-08-06T04:55:11.920-0300] GC(4212) Pause Young (Allocation Failure) 140M->122M(146M) 2.960ms
[2020-08-06T04:55:11.920-0300] GC(4212) User=0.00s Sys=0.00s Real=0.00s
[2020-08-06T04:55:13.253-0300] GC(4213) Pause Young (Allocation Failure)
[2020-08-06T04:55:13.257-0300] GC(4213) PSYoungGen: 19423K->432K(19968K)
